nohup: ignoring input
16:35:18 | INFO    | holoqpi | training v2_pretrain on off_axis (device=cuda)
16:35:18 | INFO    | holoqpi.data.dataset | train split: 560 samples | modality=off_axis | crop=512 | augment=True
16:35:18 | INFO    | holoqpi.data.dataset | val split: 127 samples | modality=off_axis | crop=None | augment=False
16:35:19 | INFO    | holoqpi.models.encoders | encoder=mobilenet_v2 in_channels=1 pretrained=True stages=[16, 24, 32, 96, 1280]
16:35:19 | INFO    | holoqpi.models.holonet | HoloQPINet built: 9.60M parameters, 9.60M trainable (100.0%)
16:35:21 | INFO    | holoqpi.engine.trainer | trainable 9.60M / 9.60M parameters (100.0%)
16:35:21 | INFO    | holoqpi.engine.trainer | active physics terms: none
16:35:28 | INFO    | holoqpi.engine.trainer |   epoch 1 step 0/140 loss=1.7251
16:35:31 | INFO    | holoqpi.engine.trainer |   epoch 1 step 20/140 loss=1.4519
16:35:35 | INFO    | holoqpi.engine.trainer |   epoch 1 step 40/140 loss=1.2829
16:35:40 | INFO    | holoqpi.engine.trainer |   epoch 1 step 60/140 loss=1.1940
16:35:44 | INFO    | holoqpi.engine.trainer |   epoch 1 step 80/140 loss=1.0748
16:35:49 | INFO    | holoqpi.engine.trainer |   epoch 1 step 100/140 loss=1.0395
16:35:53 | INFO    | holoqpi.engine.trainer |   epoch 1 step 120/140 loss=0.9033
16:36:48 | INFO    | holoqpi.engine.trainer |   new best composite=0.6327
16:36:48 | INFO    | holoqpi.engine.trainer | epoch 1/60 (87s = 36s train + 51s val) | train_loss=1.1696  val_phase_mae=0.2808  val_dice=0.6569  val_cls_acc=nan  val_mass_mape=0.3465
16:36:48 | INFO    | holoqpi.engine.trainer |   at this rate the full 60-epoch schedule takes about 87 min
16:36:49 | INFO    | holoqpi.engine.trainer |   epoch 2 step 0/140 loss=0.8948
16:36:54 | INFO    | holoqpi.engine.trainer |   epoch 2 step 20/140 loss=0.8465
16:36:58 | INFO    | holoqpi.engine.trainer |   epoch 2 step 40/140 loss=0.7864
16:37:03 | INFO    | holoqpi.engine.trainer |   epoch 2 step 60/140 loss=0.7219
16:37:07 | INFO    | holoqpi.engine.trainer |   epoch 2 step 80/140 loss=0.7401
16:37:12 | INFO    | holoqpi.engine.trainer |   epoch 2 step 100/140 loss=0.6055
16:37:16 | INFO    | holoqpi.engine.trainer |   epoch 2 step 120/140 loss=0.7307
16:38:09 | INFO    | holoqpi.engine.trainer |   new best composite=0.7330
16:38:09 | INFO    | holoqpi.engine.trainer | epoch 2/60 (80s = 32s train + 48s val) | train_loss=0.7430  val_phase_mae=0.2043  val_dice=0.7477  val_cls_acc=nan  val_mass_mape=0.2576
16:38:10 | INFO    | holoqpi.engine.trainer |   epoch 3 step 0/140 loss=0.6415
16:38:14 | INFO    | holoqpi.engine.trainer |   epoch 3 step 20/140 loss=0.5699
16:38:19 | INFO    | holoqpi.engine.trainer |   epoch 3 step 40/140 loss=0.5508
16:38:23 | INFO    | holoqpi.engine.trainer |   epoch 3 step 60/140 loss=0.4905
16:38:28 | INFO    | holoqpi.engine.trainer |   epoch 3 step 80/140 loss=0.5303
16:38:32 | INFO    | holoqpi.engine.trainer |   epoch 3 step 100/140 loss=0.5490
16:38:36 | INFO    | holoqpi.engine.trainer |   epoch 3 step 120/140 loss=0.5187
16:39:26 | INFO    | holoqpi.engine.trainer | epoch 3/60 (78s = 31s train + 47s val) | train_loss=0.5670  val_phase_mae=0.2074  val_dice=0.7384  val_cls_acc=nan  val_mass_mape=0.3504
16:39:27 | INFO    | holoqpi.engine.trainer |   epoch 4 step 0/140 loss=0.5588
16:39:31 | INFO    | holoqpi.engine.trainer |   epoch 4 step 20/140 loss=0.4731
16:39:36 | INFO    | holoqpi.engine.trainer |   epoch 4 step 40/140 loss=0.4650
16:39:40 | INFO    | holoqpi.engine.trainer |   epoch 4 step 60/140 loss=0.5547
16:39:44 | INFO    | holoqpi.engine.trainer |   epoch 4 step 80/140 loss=0.5235
16:39:49 | INFO    | holoqpi.engine.trainer |   epoch 4 step 100/140 loss=0.4900
16:39:53 | INFO    | holoqpi.engine.trainer |   epoch 4 step 120/140 loss=0.6902
16:40:45 | INFO    | holoqpi.engine.trainer |   new best composite=0.7639
16:40:45 | INFO    | holoqpi.engine.trainer | epoch 4/60 (78s = 31s train + 47s val) | train_loss=0.5028  val_phase_mae=0.1886  val_dice=0.7813  val_cls_acc=nan  val_mass_mape=0.2483
16:40:46 | INFO    | holoqpi.engine.trainer |   epoch 5 step 0/140 loss=0.4638
16:40:50 | INFO    | holoqpi.engine.trainer |   epoch 5 step 20/140 loss=0.4353
16:40:54 | INFO    | holoqpi.engine.trainer |   epoch 5 step 40/140 loss=0.5788
16:40:58 | INFO    | holoqpi.engine.trainer |   epoch 5 step 60/140 loss=0.4862
16:41:03 | INFO    | holoqpi.engine.trainer |   epoch 5 step 80/140 loss=0.4149
16:41:07 | INFO    | holoqpi.engine.trainer |   epoch 5 step 100/140 loss=0.5535
16:41:12 | INFO    | holoqpi.engine.trainer |   epoch 5 step 120/140 loss=0.4098
16:42:03 | INFO    | holoqpi.engine.trainer |   new best composite=0.7805
16:42:03 | INFO    | holoqpi.engine.trainer | epoch 5/60 (78s = 31s train + 47s val) | train_loss=0.4690  val_phase_mae=0.1811  val_dice=0.7895  val_cls_acc=nan  val_mass_mape=0.2181
16:42:04 | INFO    | holoqpi.engine.trainer |   epoch 6 step 0/140 loss=0.3867
16:42:08 | INFO    | holoqpi.engine.trainer |   epoch 6 step 20/140 loss=0.5335
16:42:12 | INFO    | holoqpi.engine.trainer |   epoch 6 step 40/140 loss=0.4529
16:42:16 | INFO    | holoqpi.engine.trainer |   epoch 6 step 60/140 loss=0.3363
16:42:21 | INFO    | holoqpi.engine.trainer |   epoch 6 step 80/140 loss=0.4759
16:42:25 | INFO    | holoqpi.engine.trainer |   epoch 6 step 100/140 loss=0.3554
16:42:29 | INFO    | holoqpi.engine.trainer |   epoch 6 step 120/140 loss=0.6623
16:43:20 | INFO    | holoqpi.engine.trainer |   new best composite=0.7859
16:43:20 | INFO    | holoqpi.engine.trainer | epoch 6/60 (77s = 31s train + 47s val) | train_loss=0.4473  val_phase_mae=0.1830  val_dice=0.7988  val_cls_acc=nan  val_mass_mape=0.2172
16:43:21 | INFO    | holoqpi.engine.trainer |   epoch 7 step 0/140 loss=0.5162
16:43:25 | INFO    | holoqpi.engine.trainer |   epoch 7 step 20/140 loss=0.4047
16:43:30 | INFO    | holoqpi.engine.trainer |   epoch 7 step 40/140 loss=0.3821
16:43:34 | INFO    | holoqpi.engine.trainer |   epoch 7 step 60/140 loss=0.3876
16:43:38 | INFO    | holoqpi.engine.trainer |   epoch 7 step 80/140 loss=0.4849
16:43:43 | INFO    | holoqpi.engine.trainer |   epoch 7 step 100/140 loss=0.4861
16:43:47 | INFO    | holoqpi.engine.trainer |   epoch 7 step 120/140 loss=0.4532
16:44:38 | INFO    | holoqpi.engine.trainer | epoch 7/60 (78s = 31s train + 47s val) | train_loss=0.4267  val_phase_mae=0.1813  val_dice=0.8023  val_cls_acc=nan  val_mass_mape=0.2462
16:44:39 | INFO    | holoqpi.engine.trainer |   epoch 8 step 0/140 loss=0.4716
16:44:43 | INFO    | holoqpi.engine.trainer |   epoch 8 step 20/140 loss=0.3902
16:44:47 | INFO    | holoqpi.engine.trainer |   epoch 8 step 40/140 loss=0.4741
16:44:52 | INFO    | holoqpi.engine.trainer |   epoch 8 step 60/140 loss=0.5206
16:44:56 | INFO    | holoqpi.engine.trainer |   epoch 8 step 80/140 loss=0.4772
16:45:00 | INFO    | holoqpi.engine.trainer |   epoch 8 step 100/140 loss=0.4016
16:45:05 | INFO    | holoqpi.engine.trainer |   epoch 8 step 120/140 loss=0.4281
16:45:56 | INFO    | holoqpi.engine.trainer | epoch 8/60 (78s = 31s train + 47s val) | train_loss=0.4198  val_phase_mae=0.1838  val_dice=0.7982  val_cls_acc=nan  val_mass_mape=0.2647
16:45:57 | INFO    | holoqpi.engine.trainer |   epoch 9 step 0/140 loss=0.3797
16:46:01 | INFO    | holoqpi.engine.trainer |   epoch 9 step 20/140 loss=0.4264
16:46:05 | INFO    | holoqpi.engine.trainer |   epoch 9 step 40/140 loss=0.3615
16:46:10 | INFO    | holoqpi.engine.trainer |   epoch 9 step 60/140 loss=0.4106
16:46:14 | INFO    | holoqpi.engine.trainer |   epoch 9 step 80/140 loss=0.4273
16:46:18 | INFO    | holoqpi.engine.trainer |   epoch 9 step 100/140 loss=0.3803
16:46:23 | INFO    | holoqpi.engine.trainer |   epoch 9 step 120/140 loss=0.4033
16:47:14 | INFO    | holoqpi.engine.trainer | epoch 9/60 (78s = 31s train + 47s val) | train_loss=0.4164  val_phase_mae=0.1805  val_dice=0.8045  val_cls_acc=nan  val_mass_mape=0.2492
16:47:15 | INFO    | holoqpi.engine.trainer |   epoch 10 step 0/140 loss=0.3735
16:47:19 | INFO    | holoqpi.engine.trainer |   epoch 10 step 20/140 loss=0.4344
16:47:23 | INFO    | holoqpi.engine.trainer |   epoch 10 step 40/140 loss=0.3659
16:47:28 | INFO    | holoqpi.engine.trainer |   epoch 10 step 60/140 loss=0.3936
16:47:32 | INFO    | holoqpi.engine.trainer |   epoch 10 step 80/140 loss=0.3539
16:47:36 | INFO    | holoqpi.engine.trainer |   epoch 10 step 100/140 loss=0.5951
16:47:41 | INFO    | holoqpi.engine.trainer |   epoch 10 step 120/140 loss=0.3627
16:48:32 | INFO    | holoqpi.engine.trainer |   new best composite=0.8012
16:48:32 | INFO    | holoqpi.engine.trainer | epoch 10/60 (78s = 31s train + 47s val) | train_loss=0.4047  val_phase_mae=0.1761  val_dice=0.8135  val_cls_acc=nan  val_mass_mape=0.1995
16:48:33 | INFO    | holoqpi.engine.trainer |   epoch 11 step 0/140 loss=0.3201
16:48:37 | INFO    | holoqpi.engine.trainer |   epoch 11 step 20/140 loss=0.3586
16:48:41 | INFO    | holoqpi.engine.trainer |   epoch 11 step 40/140 loss=0.4211
16:48:46 | INFO    | holoqpi.engine.trainer |   epoch 11 step 60/140 loss=0.4425
16:48:50 | INFO    | holoqpi.engine.trainer |   epoch 11 step 80/140 loss=0.4035
16:48:55 | INFO    | holoqpi.engine.trainer |   epoch 11 step 100/140 loss=0.3691
16:48:59 | INFO    | holoqpi.engine.trainer |   epoch 11 step 120/140 loss=0.5222
16:49:50 | INFO    | holoqpi.engine.trainer | epoch 11/60 (78s = 31s train + 47s val) | train_loss=0.3925  val_phase_mae=0.1784  val_dice=0.8013  val_cls_acc=nan  val_mass_mape=0.2004
16:49:51 | INFO    | holoqpi.engine.trainer |   epoch 12 step 0/140 loss=0.3540
16:49:55 | INFO    | holoqpi.engine.trainer |   epoch 12 step 20/140 loss=0.3619
16:49:59 | INFO    | holoqpi.engine.trainer |   epoch 12 step 40/140 loss=0.3700
16:50:03 | INFO    | holoqpi.engine.trainer |   epoch 12 step 60/140 loss=0.3766
16:50:08 | INFO    | holoqpi.engine.trainer |   epoch 12 step 80/140 loss=0.4062
16:50:12 | INFO    | holoqpi.engine.trainer |   epoch 12 step 100/140 loss=0.3996
16:50:16 | INFO    | holoqpi.engine.trainer |   epoch 12 step 120/140 loss=0.3955
16:51:07 | INFO    | holoqpi.engine.trainer | epoch 12/60 (77s = 30s train + 47s val) | train_loss=0.3836  val_phase_mae=0.1786  val_dice=0.8124  val_cls_acc=nan  val_mass_mape=0.2717
16:51:08 | INFO    | holoqpi.engine.trainer |   epoch 13 step 0/140 loss=0.3756
16:51:12 | INFO    | holoqpi.engine.trainer |   epoch 13 step 20/140 loss=0.3475
16:51:16 | INFO    | holoqpi.engine.trainer |   epoch 13 step 40/140 loss=0.4104
16:51:20 | INFO    | holoqpi.engine.trainer |   epoch 13 step 60/140 loss=0.3836
16:51:25 | INFO    | holoqpi.engine.trainer |   epoch 13 step 80/140 loss=0.4028
16:51:29 | INFO    | holoqpi.engine.trainer |   epoch 13 step 100/140 loss=0.5174
16:51:34 | INFO    | holoqpi.engine.trainer |   epoch 13 step 120/140 loss=0.3012
16:52:25 | INFO    | holoqpi.engine.trainer | epoch 13/60 (78s = 31s train + 47s val) | train_loss=0.3880  val_phase_mae=0.1754  val_dice=0.8154  val_cls_acc=nan  val_mass_mape=0.2160
16:52:26 | INFO    | holoqpi.engine.trainer |   epoch 14 step 0/140 loss=0.3452
16:52:30 | INFO    | holoqpi.engine.trainer |   epoch 14 step 20/140 loss=0.4747
16:52:34 | INFO    | holoqpi.engine.trainer |   epoch 14 step 40/140 loss=0.3626
16:52:38 | INFO    | holoqpi.engine.trainer |   epoch 14 step 60/140 loss=0.5540
16:52:43 | INFO    | holoqpi.engine.trainer |   epoch 14 step 80/140 loss=0.4287
16:52:47 | INFO    | holoqpi.engine.trainer |   epoch 14 step 100/140 loss=0.3705
16:52:52 | INFO    | holoqpi.engine.trainer |   epoch 14 step 120/140 loss=0.4191
16:53:42 | INFO    | holoqpi.engine.trainer | epoch 14/60 (78s = 31s train + 47s val) | train_loss=0.3878  val_phase_mae=0.1717  val_dice=0.8157  val_cls_acc=nan  val_mass_mape=0.2187
16:53:43 | INFO    | holoqpi.engine.trainer |   epoch 15 step 0/140 loss=0.4453
16:53:48 | INFO    | holoqpi.engine.trainer |   epoch 15 step 20/140 loss=0.3303
16:53:52 | INFO    | holoqpi.engine.trainer |   epoch 15 step 40/140 loss=0.3718
16:53:56 | INFO    | holoqpi.engine.trainer |   epoch 15 step 60/140 loss=0.3007
16:54:00 | INFO    | holoqpi.engine.trainer |   epoch 15 step 80/140 loss=0.4441
16:54:05 | INFO    | holoqpi.engine.trainer |   epoch 15 step 100/140 loss=0.3885
16:54:09 | INFO    | holoqpi.engine.trainer |   epoch 15 step 120/140 loss=0.4339
16:55:00 | INFO    | holoqpi.engine.trainer |   new best composite=0.8039
16:55:00 | INFO    | holoqpi.engine.trainer | epoch 15/60 (77s = 31s train + 46s val) | train_loss=0.3807  val_phase_mae=0.1760  val_dice=0.8119  val_cls_acc=nan  val_mass_mape=0.1876
16:55:01 | INFO    | holoqpi.engine.trainer |   epoch 16 step 0/140 loss=0.3891
16:55:05 | INFO    | holoqpi.engine.trainer |   epoch 16 step 20/140 loss=0.3293
16:55:09 | INFO    | holoqpi.engine.trainer |   epoch 16 step 40/140 loss=0.3004
16:55:13 | INFO    | holoqpi.engine.trainer |   epoch 16 step 60/140 loss=0.3654
16:55:17 | INFO    | holoqpi.engine.trainer |   epoch 16 step 80/140 loss=0.3873
16:55:22 | INFO    | holoqpi.engine.trainer |   epoch 16 step 100/140 loss=0.4019
16:55:26 | INFO    | holoqpi.engine.trainer |   epoch 16 step 120/140 loss=0.5622
16:56:17 | INFO    | holoqpi.engine.trainer | epoch 16/60 (78s = 31s train + 47s val) | train_loss=0.3650  val_phase_mae=0.1778  val_dice=0.8164  val_cls_acc=nan  val_mass_mape=0.2125
16:56:18 | INFO    | holoqpi.engine.trainer |   epoch 17 step 0/140 loss=0.4766
16:56:22 | INFO    | holoqpi.engine.trainer |   epoch 17 step 20/140 loss=0.3679
16:56:27 | INFO    | holoqpi.engine.trainer |   epoch 17 step 40/140 loss=0.3087
16:56:31 | INFO    | holoqpi.engine.trainer |   epoch 17 step 60/140 loss=0.3180
16:56:35 | INFO    | holoqpi.engine.trainer |   epoch 17 step 80/140 loss=0.3307
16:56:39 | INFO    | holoqpi.engine.trainer |   epoch 17 step 100/140 loss=0.3553
16:56:44 | INFO    | holoqpi.engine.trainer |   epoch 17 step 120/140 loss=0.2970
16:57:37 | INFO    | holoqpi.engine.trainer | epoch 17/60 (79s = 31s train + 49s val) | train_loss=0.3686  val_phase_mae=0.1721  val_dice=0.8156  val_cls_acc=nan  val_mass_mape=0.2094
16:57:38 | INFO    | holoqpi.engine.trainer |   epoch 18 step 0/140 loss=0.3335
16:57:42 | INFO    | holoqpi.engine.trainer |   epoch 18 step 20/140 loss=0.3947
16:57:46 | INFO    | holoqpi.engine.trainer |   epoch 18 step 40/140 loss=0.3149
16:57:50 | INFO    | holoqpi.engine.trainer |   epoch 18 step 60/140 loss=0.3851
16:57:54 | INFO    | holoqpi.engine.trainer |   epoch 18 step 80/140 loss=0.3840
16:57:58 | INFO    | holoqpi.engine.trainer |   epoch 18 step 100/140 loss=0.3378
16:58:03 | INFO    | holoqpi.engine.trainer |   epoch 18 step 120/140 loss=0.4835
16:58:56 | INFO    | holoqpi.engine.trainer |   new best composite=0.8093
16:58:56 | INFO    | holoqpi.engine.trainer | epoch 18/60 (79s = 30s train + 49s val) | train_loss=0.3681  val_phase_mae=0.1723  val_dice=0.8191  val_cls_acc=nan  val_mass_mape=0.1837
16:58:57 | INFO    | holoqpi.engine.trainer |   epoch 19 step 0/140 loss=0.3449
16:59:01 | INFO    | holoqpi.engine.trainer |   epoch 19 step 20/140 loss=0.3287
16:59:05 | INFO    | holoqpi.engine.trainer |   epoch 19 step 40/140 loss=0.4104
16:59:09 | INFO    | holoqpi.engine.trainer |   epoch 19 step 60/140 loss=0.3086
16:59:14 | INFO    | holoqpi.engine.trainer |   epoch 19 step 80/140 loss=0.2882
16:59:18 | INFO    | holoqpi.engine.trainer |   epoch 19 step 100/140 loss=0.4688
16:59:22 | INFO    | holoqpi.engine.trainer |   epoch 19 step 120/140 loss=0.3191
17:00:14 | INFO    | holoqpi.engine.trainer | epoch 19/60 (78s = 30s train + 48s val) | train_loss=0.3659  val_phase_mae=0.1755  val_dice=0.8193  val_cls_acc=nan  val_mass_mape=0.2214
17:00:15 | INFO    | holoqpi.engine.trainer |   epoch 20 step 0/140 loss=0.4024
17:00:19 | INFO    | holoqpi.engine.trainer |   epoch 20 step 20/140 loss=0.3286
17:00:23 | INFO    | holoqpi.engine.trainer |   epoch 20 step 40/140 loss=0.3283
17:00:28 | INFO    | holoqpi.engine.trainer |   epoch 20 step 60/140 loss=0.3179
17:00:32 | INFO    | holoqpi.engine.trainer |   epoch 20 step 80/140 loss=0.3286
17:00:36 | INFO    | holoqpi.engine.trainer |   epoch 20 step 100/140 loss=0.3278
17:00:40 | INFO    | holoqpi.engine.trainer |   epoch 20 step 120/140 loss=0.3220
17:01:32 | INFO    | holoqpi.engine.trainer | epoch 20/60 (78s = 30s train + 47s val) | train_loss=0.3590  val_phase_mae=0.1734  val_dice=0.8179  val_cls_acc=nan  val_mass_mape=0.2180
17:01:33 | INFO    | holoqpi.engine.trainer |   epoch 21 step 0/140 loss=0.3586
17:01:37 | INFO    | holoqpi.engine.trainer |   epoch 21 step 20/140 loss=0.4051
17:01:41 | INFO    | holoqpi.engine.trainer |   epoch 21 step 40/140 loss=0.3175
17:01:45 | INFO    | holoqpi.engine.trainer |   epoch 21 step 60/140 loss=0.3509
17:01:50 | INFO    | holoqpi.engine.trainer |   epoch 21 step 80/140 loss=0.2840
17:01:54 | INFO    | holoqpi.engine.trainer |   epoch 21 step 100/140 loss=0.2902
17:01:58 | INFO    | holoqpi.engine.trainer |   epoch 21 step 120/140 loss=0.3509
17:02:49 | INFO    | holoqpi.engine.trainer | epoch 21/60 (77s = 30s train + 47s val) | train_loss=0.3555  val_phase_mae=0.1676  val_dice=0.8093  val_cls_acc=nan  val_mass_mape=0.2200
17:02:50 | INFO    | holoqpi.engine.trainer |   epoch 22 step 0/140 loss=0.3710
17:02:54 | INFO    | holoqpi.engine.trainer |   epoch 22 step 20/140 loss=0.4075
17:02:58 | INFO    | holoqpi.engine.trainer |   epoch 22 step 40/140 loss=0.3254
17:03:02 | INFO    | holoqpi.engine.trainer |   epoch 22 step 60/140 loss=0.2780
17:03:07 | INFO    | holoqpi.engine.trainer |   epoch 22 step 80/140 loss=0.3285
17:03:11 | INFO    | holoqpi.engine.trainer |   epoch 22 step 100/140 loss=0.3359
17:03:15 | INFO    | holoqpi.engine.trainer |   epoch 22 step 120/140 loss=0.3408
17:04:06 | INFO    | holoqpi.engine.trainer | epoch 22/60 (77s = 30s train + 47s val) | train_loss=0.3541  val_phase_mae=0.1752  val_dice=0.8216  val_cls_acc=nan  val_mass_mape=0.2063
17:04:07 | INFO    | holoqpi.engine.trainer |   epoch 23 step 0/140 loss=0.3000
17:04:11 | INFO    | holoqpi.engine.trainer |   epoch 23 step 20/140 loss=0.3402
17:04:15 | INFO    | holoqpi.engine.trainer |   epoch 23 step 40/140 loss=0.3861
17:04:19 | INFO    | holoqpi.engine.trainer |   epoch 23 step 60/140 loss=0.4626
17:04:24 | INFO    | holoqpi.engine.trainer |   epoch 23 step 80/140 loss=0.3856
17:04:28 | INFO    | holoqpi.engine.trainer |   epoch 23 step 100/140 loss=0.3443
17:04:32 | INFO    | holoqpi.engine.trainer |   epoch 23 step 120/140 loss=0.3612
17:05:23 | INFO    | holoqpi.engine.trainer | epoch 23/60 (77s = 30s train + 47s val) | train_loss=0.3520  val_phase_mae=0.1678  val_dice=0.8185  val_cls_acc=nan  val_mass_mape=0.1980
17:05:24 | INFO    | holoqpi.engine.trainer |   epoch 24 step 0/140 loss=0.3431
17:05:29 | INFO    | holoqpi.engine.trainer |   epoch 24 step 20/140 loss=0.3310
17:05:33 | INFO    | holoqpi.engine.trainer |   epoch 24 step 40/140 loss=0.3995
17:05:37 | INFO    | holoqpi.engine.trainer |   epoch 24 step 60/140 loss=0.3792
17:05:41 | INFO    | holoqpi.engine.trainer |   epoch 24 step 80/140 loss=0.3188
17:05:45 | INFO    | holoqpi.engine.trainer |   epoch 24 step 100/140 loss=0.2926
17:05:49 | INFO    | holoqpi.engine.trainer |   epoch 24 step 120/140 loss=0.3117
17:06:41 | INFO    | holoqpi.engine.trainer | epoch 24/60 (77s = 30s train + 47s val) | train_loss=0.3553  val_phase_mae=0.1729  val_dice=0.8217  val_cls_acc=nan  val_mass_mape=0.1978
17:06:42 | INFO    | holoqpi.engine.trainer |   epoch 25 step 0/140 loss=0.3065
17:06:46 | INFO    | holoqpi.engine.trainer |   epoch 25 step 20/140 loss=0.4183
17:06:50 | INFO    | holoqpi.engine.trainer |   epoch 25 step 40/140 loss=0.2923
17:06:54 | INFO    | holoqpi.engine.trainer |   epoch 25 step 60/140 loss=0.3389
17:06:58 | INFO    | holoqpi.engine.trainer |   epoch 25 step 80/140 loss=0.3981
17:07:03 | INFO    | holoqpi.engine.trainer |   epoch 25 step 100/140 loss=0.3146
17:07:07 | INFO    | holoqpi.engine.trainer |   epoch 25 step 120/140 loss=0.4057
17:07:57 | INFO    | holoqpi.engine.trainer |   new best composite=0.8103
17:07:57 | INFO    | holoqpi.engine.trainer | epoch 25/60 (76s = 30s train + 46s val) | train_loss=0.3512  val_phase_mae=0.1663  val_dice=0.8209  val_cls_acc=nan  val_mass_mape=0.1868
17:07:58 | INFO    | holoqpi.engine.trainer |   epoch 26 step 0/140 loss=0.3128
17:08:02 | INFO    | holoqpi.engine.trainer |   epoch 26 step 20/140 loss=0.3659
17:08:06 | INFO    | holoqpi.engine.trainer |   epoch 26 step 40/140 loss=0.3770
17:08:11 | INFO    | holoqpi.engine.trainer |   epoch 26 step 60/140 loss=0.3480
17:08:15 | INFO    | holoqpi.engine.trainer |   epoch 26 step 80/140 loss=0.4442
17:08:19 | INFO    | holoqpi.engine.trainer |   epoch 26 step 100/140 loss=0.3553
17:08:24 | INFO    | holoqpi.engine.trainer |   epoch 26 step 120/140 loss=0.2887
17:09:14 | INFO    | holoqpi.engine.trainer | epoch 26/60 (77s = 31s train + 47s val) | train_loss=0.3499  val_phase_mae=0.1724  val_dice=0.8237  val_cls_acc=nan  val_mass_mape=0.2314
17:09:15 | INFO    | holoqpi.engine.trainer |   epoch 27 step 0/140 loss=0.2925
17:09:20 | INFO    | holoqpi.engine.trainer |   epoch 27 step 20/140 loss=0.4673
17:09:24 | INFO    | holoqpi.engine.trainer |   epoch 27 step 40/140 loss=0.3510
17:09:28 | INFO    | holoqpi.engine.trainer |   epoch 27 step 60/140 loss=0.3537
17:09:32 | INFO    | holoqpi.engine.trainer |   epoch 27 step 80/140 loss=0.3668
17:09:37 | INFO    | holoqpi.engine.trainer |   epoch 27 step 100/140 loss=0.3137
17:09:41 | INFO    | holoqpi.engine.trainer |   epoch 27 step 120/140 loss=0.5738
17:10:32 | INFO    | holoqpi.engine.trainer | epoch 27/60 (77s = 31s train + 46s val) | train_loss=0.3499  val_phase_mae=0.1801  val_dice=0.8153  val_cls_acc=nan  val_mass_mape=0.2650
17:10:33 | INFO    | holoqpi.engine.trainer |   epoch 28 step 0/140 loss=0.4209
17:10:37 | INFO    | holoqpi.engine.trainer |   epoch 28 step 20/140 loss=0.4030
17:10:41 | INFO    | holoqpi.engine.trainer |   epoch 28 step 40/140 loss=0.3110
17:10:45 | INFO    | holoqpi.engine.trainer |   epoch 28 step 60/140 loss=0.2544
17:10:49 | INFO    | holoqpi.engine.trainer |   epoch 28 step 80/140 loss=0.3021
17:10:54 | INFO    | holoqpi.engine.trainer |   epoch 28 step 100/140 loss=0.3365
17:10:58 | INFO    | holoqpi.engine.trainer |   epoch 28 step 120/140 loss=0.3259
17:11:49 | INFO    | holoqpi.engine.trainer | epoch 28/60 (77s = 31s train + 46s val) | train_loss=0.3443  val_phase_mae=0.1728  val_dice=0.8228  val_cls_acc=nan  val_mass_mape=0.2136
17:11:50 | INFO    | holoqpi.engine.trainer |   epoch 29 step 0/140 loss=0.3248
17:11:54 | INFO    | holoqpi.engine.trainer |   epoch 29 step 20/140 loss=0.3398
17:11:58 | INFO    | holoqpi.engine.trainer |   epoch 29 step 40/140 loss=0.3531
17:12:02 | INFO    | holoqpi.engine.trainer |   epoch 29 step 60/140 loss=0.3686
17:12:06 | INFO    | holoqpi.engine.trainer |   epoch 29 step 80/140 loss=0.4356
17:12:11 | INFO    | holoqpi.engine.trainer |   epoch 29 step 100/140 loss=0.3776
17:12:15 | INFO    | holoqpi.engine.trainer |   epoch 29 step 120/140 loss=0.2941
17:13:06 | INFO    | holoqpi.engine.trainer | epoch 29/60 (78s = 31s train + 47s val) | train_loss=0.3396  val_phase_mae=0.1710  val_dice=0.8193  val_cls_acc=nan  val_mass_mape=0.1968
17:13:07 | INFO    | holoqpi.engine.trainer |   epoch 30 step 0/140 loss=0.3398
17:13:11 | INFO    | holoqpi.engine.trainer |   epoch 30 step 20/140 loss=0.2927
17:13:16 | INFO    | holoqpi.engine.trainer |   epoch 30 step 40/140 loss=0.2903
17:13:20 | INFO    | holoqpi.engine.trainer |   epoch 30 step 60/140 loss=0.2863
17:13:24 | INFO    | holoqpi.engine.trainer |   epoch 30 step 80/140 loss=0.3360
17:13:29 | INFO    | holoqpi.engine.trainer |   epoch 30 step 100/140 loss=0.3096
17:13:33 | INFO    | holoqpi.engine.trainer |   epoch 30 step 120/140 loss=0.2975
17:14:24 | INFO    | holoqpi.engine.trainer | epoch 30/60 (77s = 31s train + 47s val) | train_loss=0.3338  val_phase_mae=0.1738  val_dice=0.8218  val_cls_acc=nan  val_mass_mape=0.2668
17:14:25 | INFO    | holoqpi.engine.trainer |   epoch 31 step 0/140 loss=0.4634
17:14:29 | INFO    | holoqpi.engine.trainer |   epoch 31 step 20/140 loss=0.2950
17:14:33 | INFO    | holoqpi.engine.trainer |   epoch 31 step 40/140 loss=0.3550
17:14:37 | INFO    | holoqpi.engine.trainer |   epoch 31 step 60/140 loss=0.3589
17:14:41 | INFO    | holoqpi.engine.trainer |   epoch 31 step 80/140 loss=0.2496
17:14:46 | INFO    | holoqpi.engine.trainer |   epoch 31 step 100/140 loss=0.2874
17:14:50 | INFO    | holoqpi.engine.trainer |   epoch 31 step 120/140 loss=0.3307
17:15:41 | INFO    | holoqpi.engine.trainer |   new best composite=0.8141
17:15:41 | INFO    | holoqpi.engine.trainer | epoch 31/60 (77s = 31s train + 47s val) | train_loss=0.3407  val_phase_mae=0.1627  val_dice=0.8244  val_cls_acc=nan  val_mass_mape=0.1807
17:15:42 | INFO    | holoqpi.engine.trainer |   epoch 32 step 0/140 loss=0.3322
17:15:46 | INFO    | holoqpi.engine.trainer |   epoch 32 step 20/140 loss=0.3437
17:15:50 | INFO    | holoqpi.engine.trainer |   epoch 32 step 40/140 loss=0.3090
17:15:55 | INFO    | holoqpi.engine.trainer |   epoch 32 step 60/140 loss=0.3272
17:15:59 | INFO    | holoqpi.engine.trainer |   epoch 32 step 80/140 loss=0.2872
17:16:03 | INFO    | holoqpi.engine.trainer |   epoch 32 step 100/140 loss=0.3164
17:16:08 | INFO    | holoqpi.engine.trainer |   epoch 32 step 120/140 loss=0.3397
17:16:59 | INFO    | holoqpi.engine.trainer | epoch 32/60 (78s = 30s train + 47s val) | train_loss=0.3348  val_phase_mae=0.1732  val_dice=0.8249  val_cls_acc=nan  val_mass_mape=0.2484
17:17:00 | INFO    | holoqpi.engine.trainer |   epoch 33 step 0/140 loss=0.3696
17:17:04 | INFO    | holoqpi.engine.trainer |   epoch 33 step 20/140 loss=0.3136
17:17:08 | INFO    | holoqpi.engine.trainer |   epoch 33 step 40/140 loss=0.3938
17:17:12 | INFO    | holoqpi.engine.trainer |   epoch 33 step 60/140 loss=0.3242
17:17:17 | INFO    | holoqpi.engine.trainer |   epoch 33 step 80/140 loss=0.4210
17:17:21 | INFO    | holoqpi.engine.trainer |   epoch 33 step 100/140 loss=0.3988
17:17:25 | INFO    | holoqpi.engine.trainer |   epoch 33 step 120/140 loss=0.3533
17:18:16 | INFO    | holoqpi.engine.trainer | epoch 33/60 (77s = 30s train + 47s val) | train_loss=0.3302  val_phase_mae=0.1710  val_dice=0.8208  val_cls_acc=nan  val_mass_mape=0.2563
17:18:17 | INFO    | holoqpi.engine.trainer |   epoch 34 step 0/140 loss=0.2885
17:18:21 | INFO    | holoqpi.engine.trainer |   epoch 34 step 20/140 loss=0.2731
17:18:25 | INFO    | holoqpi.engine.trainer |   epoch 34 step 40/140 loss=0.3914
17:18:30 | INFO    | holoqpi.engine.trainer |   epoch 34 step 60/140 loss=0.4087
17:18:34 | INFO    | holoqpi.engine.trainer |   epoch 34 step 80/140 loss=0.3262
17:18:38 | INFO    | holoqpi.engine.trainer |   epoch 34 step 100/140 loss=0.3265
17:18:42 | INFO    | holoqpi.engine.trainer |   epoch 34 step 120/140 loss=0.3164
17:19:33 | INFO    | holoqpi.engine.trainer | epoch 34/60 (77s = 30s train + 46s val) | train_loss=0.3345  val_phase_mae=0.1604  val_dice=0.8202  val_cls_acc=nan  val_mass_mape=0.1839
17:19:34 | INFO    | holoqpi.engine.trainer |   epoch 35 step 0/140 loss=0.2667
17:19:38 | INFO    | holoqpi.engine.trainer |   epoch 35 step 20/140 loss=0.2940
17:19:42 | INFO    | holoqpi.engine.trainer |   epoch 35 step 40/140 loss=0.3123
17:19:46 | INFO    | holoqpi.engine.trainer |   epoch 35 step 60/140 loss=0.3488
17:19:51 | INFO    | holoqpi.engine.trainer |   epoch 35 step 80/140 loss=0.3052
17:19:55 | INFO    | holoqpi.engine.trainer |   epoch 35 step 100/140 loss=0.3030
17:19:59 | INFO    | holoqpi.engine.trainer |   epoch 35 step 120/140 loss=0.2875
17:20:51 | INFO    | holoqpi.engine.trainer | epoch 35/60 (78s = 30s train + 47s val) | train_loss=0.3347  val_phase_mae=0.1626  val_dice=0.8264  val_cls_acc=nan  val_mass_mape=0.1907
17:20:51 | INFO    | holoqpi.engine.trainer |   epoch 36 step 0/140 loss=0.2695
17:20:56 | INFO    | holoqpi.engine.trainer |   epoch 36 step 20/140 loss=0.3719
17:21:00 | INFO    | holoqpi.engine.trainer |   epoch 36 step 40/140 loss=0.2831
17:21:04 | INFO    | holoqpi.engine.trainer |   epoch 36 step 60/140 loss=0.2921
17:21:08 | INFO    | holoqpi.engine.trainer |   epoch 36 step 80/140 loss=0.3432
17:21:13 | INFO    | holoqpi.engine.trainer |   epoch 36 step 100/140 loss=0.3309
17:21:17 | INFO    | holoqpi.engine.trainer |   epoch 36 step 120/140 loss=0.2746
17:22:08 | INFO    | holoqpi.engine.trainer | epoch 36/60 (77s = 30s train + 47s val) | train_loss=0.3293  val_phase_mae=0.1618  val_dice=0.8242  val_cls_acc=nan  val_mass_mape=0.1885
17:22:09 | INFO    | holoqpi.engine.trainer |   epoch 37 step 0/140 loss=0.2721
17:22:13 | INFO    | holoqpi.engine.trainer |   epoch 37 step 20/140 loss=0.3060
17:22:17 | INFO    | holoqpi.engine.trainer |   epoch 37 step 40/140 loss=0.2697
17:22:21 | INFO    | holoqpi.engine.trainer |   epoch 37 step 60/140 loss=0.2807
17:22:26 | INFO    | holoqpi.engine.trainer |   epoch 37 step 80/140 loss=0.2971
17:22:30 | INFO    | holoqpi.engine.trainer |   epoch 37 step 100/140 loss=0.3681
17:22:34 | INFO    | holoqpi.engine.trainer |   epoch 37 step 120/140 loss=0.3056
17:23:25 | INFO    | holoqpi.engine.trainer | epoch 37/60 (77s = 30s train + 47s val) | train_loss=0.3263  val_phase_mae=0.1637  val_dice=0.8265  val_cls_acc=nan  val_mass_mape=0.1967
17:23:26 | INFO    | holoqpi.engine.trainer |   epoch 38 step 0/140 loss=0.3591
17:23:30 | INFO    | holoqpi.engine.trainer |   epoch 38 step 20/140 loss=0.3335
17:23:34 | INFO    | holoqpi.engine.trainer |   epoch 38 step 40/140 loss=0.2741
17:23:39 | INFO    | holoqpi.engine.trainer |   epoch 38 step 60/140 loss=0.3084
17:23:43 | INFO    | holoqpi.engine.trainer |   epoch 38 step 80/140 loss=0.3156
17:23:47 | INFO    | holoqpi.engine.trainer |   epoch 38 step 100/140 loss=0.3318
17:23:52 | INFO    | holoqpi.engine.trainer |   epoch 38 step 120/140 loss=0.3114
17:24:43 | INFO    | holoqpi.engine.trainer | epoch 38/60 (77s = 30s train + 47s val) | train_loss=0.3286  val_phase_mae=0.1654  val_dice=0.8233  val_cls_acc=nan  val_mass_mape=0.2047
17:24:44 | INFO    | holoqpi.engine.trainer |   epoch 39 step 0/140 loss=0.2823
17:24:48 | INFO    | holoqpi.engine.trainer |   epoch 39 step 20/140 loss=0.3037
17:24:52 | INFO    | holoqpi.engine.trainer |   epoch 39 step 40/140 loss=0.3309
17:24:56 | INFO    | holoqpi.engine.trainer |   epoch 39 step 60/140 loss=0.2583
17:25:00 | INFO    | holoqpi.engine.trainer |   epoch 39 step 80/140 loss=0.3660
17:25:05 | INFO    | holoqpi.engine.trainer |   epoch 39 step 100/140 loss=0.3422
17:25:09 | INFO    | holoqpi.engine.trainer |   epoch 39 step 120/140 loss=0.2911
17:26:00 | INFO    | holoqpi.engine.trainer | epoch 39/60 (77s = 30s train + 47s val) | train_loss=0.3247  val_phase_mae=0.1640  val_dice=0.8266  val_cls_acc=nan  val_mass_mape=0.1915
17:26:01 | INFO    | holoqpi.engine.trainer |   epoch 40 step 0/140 loss=0.2644
17:26:05 | INFO    | holoqpi.engine.trainer |   epoch 40 step 20/140 loss=0.2828
17:26:09 | INFO    | holoqpi.engine.trainer |   epoch 40 step 40/140 loss=0.2838
17:26:13 | INFO    | holoqpi.engine.trainer |   epoch 40 step 60/140 loss=0.3346
17:26:18 | INFO    | holoqpi.engine.trainer |   epoch 40 step 80/140 loss=0.2867
17:26:22 | INFO    | holoqpi.engine.trainer |   epoch 40 step 100/140 loss=0.3366
17:26:26 | INFO    | holoqpi.engine.trainer |   epoch 40 step 120/140 loss=0.3193
17:27:17 | INFO    | holoqpi.engine.trainer | epoch 40/60 (77s = 30s train + 46s val) | train_loss=0.3178  val_phase_mae=0.1661  val_dice=0.8276  val_cls_acc=nan  val_mass_mape=0.1975
17:27:18 | INFO    | holoqpi.engine.trainer |   epoch 41 step 0/140 loss=0.3574
17:27:22 | INFO    | holoqpi.engine.trainer |   epoch 41 step 20/140 loss=0.3417
17:27:26 | INFO    | holoqpi.engine.trainer |   epoch 41 step 40/140 loss=0.2986
17:27:30 | INFO    | holoqpi.engine.trainer |   epoch 41 step 60/140 loss=0.2817
17:27:35 | INFO    | holoqpi.engine.trainer |   epoch 41 step 80/140 loss=0.3312
17:27:39 | INFO    | holoqpi.engine.trainer |   epoch 41 step 100/140 loss=0.3862
17:27:43 | INFO    | holoqpi.engine.trainer |   epoch 41 step 120/140 loss=0.3409
17:28:34 | INFO    | holoqpi.engine.trainer |   new best composite=0.8143
17:28:34 | INFO    | holoqpi.engine.trainer | epoch 41/60 (77s = 31s train + 47s val) | train_loss=0.3193  val_phase_mae=0.1634  val_dice=0.8268  val_cls_acc=nan  val_mass_mape=0.1872
17:28:35 | INFO    | holoqpi.engine.trainer |   epoch 42 step 0/140 loss=0.2849
17:28:39 | INFO    | holoqpi.engine.trainer |   epoch 42 step 20/140 loss=0.3085
17:28:43 | INFO    | holoqpi.engine.trainer |   epoch 42 step 40/140 loss=0.2835
17:28:47 | INFO    | holoqpi.engine.trainer |   epoch 42 step 60/140 loss=0.2991
17:28:52 | INFO    | holoqpi.engine.trainer |   epoch 42 step 80/140 loss=0.3326
17:28:56 | INFO    | holoqpi.engine.trainer |   epoch 42 step 100/140 loss=0.3434
17:29:00 | INFO    | holoqpi.engine.trainer |   epoch 42 step 120/140 loss=0.3241
17:29:52 | INFO    | holoqpi.engine.trainer |   new best composite=0.8157
17:29:52 | INFO    | holoqpi.engine.trainer | epoch 42/60 (77s = 30s train + 47s val) | train_loss=0.3242  val_phase_mae=0.1635  val_dice=0.8280  val_cls_acc=nan  val_mass_mape=0.1852
17:29:53 | INFO    | holoqpi.engine.trainer |   epoch 43 step 0/140 loss=0.2804
17:29:57 | INFO    | holoqpi.engine.trainer |   epoch 43 step 20/140 loss=0.2966
17:30:01 | INFO    | holoqpi.engine.trainer |   epoch 43 step 40/140 loss=0.3321
17:30:05 | INFO    | holoqpi.engine.trainer |   epoch 43 step 60/140 loss=0.3264
17:30:09 | INFO    | holoqpi.engine.trainer |   epoch 43 step 80/140 loss=0.3181
17:30:14 | INFO    | holoqpi.engine.trainer |   epoch 43 step 100/140 loss=0.2746
17:30:18 | INFO    | holoqpi.engine.trainer |   epoch 43 step 120/140 loss=0.3385
17:31:09 | INFO    | holoqpi.engine.trainer | epoch 43/60 (77s = 30s train + 47s val) | train_loss=0.3210  val_phase_mae=0.1654  val_dice=0.8268  val_cls_acc=nan  val_mass_mape=0.1933
17:31:10 | INFO    | holoqpi.engine.trainer |   epoch 44 step 0/140 loss=0.2907
17:31:14 | INFO    | holoqpi.engine.trainer |   epoch 44 step 20/140 loss=0.2961
17:31:18 | INFO    | holoqpi.engine.trainer |   epoch 44 step 40/140 loss=0.2920
17:31:22 | INFO    | holoqpi.engine.trainer |   epoch 44 step 60/140 loss=0.3285
17:31:27 | INFO    | holoqpi.engine.trainer |   epoch 44 step 80/140 loss=0.2615
17:31:31 | INFO    | holoqpi.engine.trainer |   epoch 44 step 100/140 loss=0.3606
17:31:35 | INFO    | holoqpi.engine.trainer |   epoch 44 step 120/140 loss=0.2973
17:32:27 | INFO    | holoqpi.engine.trainer | epoch 44/60 (78s = 30s train + 47s val) | train_loss=0.3126  val_phase_mae=0.1638  val_dice=0.8280  val_cls_acc=nan  val_mass_mape=0.1995
17:32:28 | INFO    | holoqpi.engine.trainer |   epoch 45 step 0/140 loss=0.3218
17:32:32 | INFO    | holoqpi.engine.trainer |   epoch 45 step 20/140 loss=0.3139
17:32:36 | INFO    | holoqpi.engine.trainer |   epoch 45 step 40/140 loss=0.4151
17:32:40 | INFO    | holoqpi.engine.trainer |   epoch 45 step 60/140 loss=0.3588
17:32:45 | INFO    | holoqpi.engine.trainer |   epoch 45 step 80/140 loss=0.3115
17:32:49 | INFO    | holoqpi.engine.trainer |   epoch 45 step 100/140 loss=0.2548
17:32:53 | INFO    | holoqpi.engine.trainer |   epoch 45 step 120/140 loss=0.2951
17:33:45 | INFO    | holoqpi.engine.trainer |   new best composite=0.8157
17:33:45 | INFO    | holoqpi.engine.trainer | epoch 45/60 (77s = 30s train + 47s val) | train_loss=0.3108  val_phase_mae=0.1593  val_dice=0.8270  val_cls_acc=nan  val_mass_mape=0.1846
17:33:46 | INFO    | holoqpi.engine.trainer |   epoch 46 step 0/140 loss=0.2796
17:33:50 | INFO    | holoqpi.engine.trainer |   epoch 46 step 20/140 loss=0.3123
17:33:54 | INFO    | holoqpi.engine.trainer |   epoch 46 step 40/140 loss=0.2770
17:33:58 | INFO    | holoqpi.engine.trainer |   epoch 46 step 60/140 loss=0.3026
17:34:02 | INFO    | holoqpi.engine.trainer |   epoch 46 step 80/140 loss=0.3215
17:34:06 | INFO    | holoqpi.engine.trainer |   epoch 46 step 100/140 loss=0.3127
17:34:11 | INFO    | holoqpi.engine.trainer |   epoch 46 step 120/140 loss=0.3957
17:35:02 | INFO    | holoqpi.engine.trainer |   new best composite=0.8165
17:35:02 | INFO    | holoqpi.engine.trainer | epoch 46/60 (78s = 30s train + 47s val) | train_loss=0.3163  val_phase_mae=0.1660  val_dice=0.8290  val_cls_acc=nan  val_mass_mape=0.1833
17:35:03 | INFO    | holoqpi.engine.trainer |   epoch 47 step 0/140 loss=0.3084
17:35:07 | INFO    | holoqpi.engine.trainer |   epoch 47 step 20/140 loss=0.2991
17:35:11 | INFO    | holoqpi.engine.trainer |   epoch 47 step 40/140 loss=0.2894
17:35:16 | INFO    | holoqpi.engine.trainer |   epoch 47 step 60/140 loss=0.2733
17:35:20 | INFO    | holoqpi.engine.trainer |   epoch 47 step 80/140 loss=0.2994
17:35:25 | INFO    | holoqpi.engine.trainer |   epoch 47 step 100/140 loss=0.2901
17:35:29 | INFO    | holoqpi.engine.trainer |   epoch 47 step 120/140 loss=0.3244
17:36:20 | INFO    | holoqpi.engine.trainer | epoch 47/60 (78s = 30s train + 48s val) | train_loss=0.3115  val_phase_mae=0.1623  val_dice=0.8294  val_cls_acc=nan  val_mass_mape=0.1972
17:36:21 | INFO    | holoqpi.engine.trainer |   epoch 48 step 0/140 loss=0.3180
17:36:26 | INFO    | holoqpi.engine.trainer |   epoch 48 step 20/140 loss=0.4381
17:36:30 | INFO    | holoqpi.engine.trainer |   epoch 48 step 40/140 loss=0.3397
17:36:34 | INFO    | holoqpi.engine.trainer |   epoch 48 step 60/140 loss=0.3615
17:36:38 | INFO    | holoqpi.engine.trainer |   epoch 48 step 80/140 loss=0.2841
17:36:42 | INFO    | holoqpi.engine.trainer |   epoch 48 step 100/140 loss=0.3418
17:36:47 | INFO    | holoqpi.engine.trainer |   epoch 48 step 120/140 loss=0.2984
17:37:37 | INFO    | holoqpi.engine.trainer | epoch 48/60 (77s = 31s train + 46s val) | train_loss=0.3124  val_phase_mae=0.1625  val_dice=0.8253  val_cls_acc=nan  val_mass_mape=0.2118
17:37:38 | INFO    | holoqpi.engine.trainer |   epoch 49 step 0/140 loss=0.3914
17:37:42 | INFO    | holoqpi.engine.trainer |   epoch 49 step 20/140 loss=0.3049
17:37:46 | INFO    | holoqpi.engine.trainer |   epoch 49 step 40/140 loss=0.3415
17:37:50 | INFO    | holoqpi.engine.trainer |   epoch 49 step 60/140 loss=0.3030
17:37:55 | INFO    | holoqpi.engine.trainer |   epoch 49 step 80/140 loss=0.3633
17:37:59 | INFO    | holoqpi.engine.trainer |   epoch 49 step 100/140 loss=0.3049
17:38:03 | INFO    | holoqpi.engine.trainer |   epoch 49 step 120/140 loss=0.3108
17:38:55 | INFO    | holoqpi.engine.trainer | epoch 49/60 (78s = 30s train + 47s val) | train_loss=0.3110  val_phase_mae=0.1710  val_dice=0.8272  val_cls_acc=nan  val_mass_mape=0.1887
17:38:56 | INFO    | holoqpi.engine.trainer |   epoch 50 step 0/140 loss=0.3363
17:39:00 | INFO    | holoqpi.engine.trainer |   epoch 50 step 20/140 loss=0.3074
17:39:04 | INFO    | holoqpi.engine.trainer |   epoch 50 step 40/140 loss=0.3461
17:39:08 | INFO    | holoqpi.engine.trainer |   epoch 50 step 60/140 loss=0.2993
17:39:12 | INFO    | holoqpi.engine.trainer |   epoch 50 step 80/140 loss=0.3987
17:39:16 | INFO    | holoqpi.engine.trainer |   epoch 50 step 100/140 loss=0.3096
17:39:21 | INFO    | holoqpi.engine.trainer |   epoch 50 step 120/140 loss=0.3270
17:40:12 | INFO    | holoqpi.engine.trainer | epoch 50/60 (78s = 30s train + 48s val) | train_loss=0.3068  val_phase_mae=0.1763  val_dice=0.8236  val_cls_acc=nan  val_mass_mape=0.1925
17:40:13 | INFO    | holoqpi.engine.trainer |   epoch 51 step 0/140 loss=0.2754
17:40:17 | INFO    | holoqpi.engine.trainer |   epoch 51 step 20/140 loss=0.2822
17:40:22 | INFO    | holoqpi.engine.trainer |   epoch 51 step 40/140 loss=0.2733
17:40:26 | INFO    | holoqpi.engine.trainer |   epoch 51 step 60/140 loss=0.2928
17:40:30 | INFO    | holoqpi.engine.trainer |   epoch 51 step 80/140 loss=0.4531
17:40:34 | INFO    | holoqpi.engine.trainer |   epoch 51 step 100/140 loss=0.2923
17:40:39 | INFO    | holoqpi.engine.trainer |   epoch 51 step 120/140 loss=0.2477
17:41:30 | INFO    | holoqpi.engine.trainer | epoch 51/60 (78s = 30s train + 47s val) | train_loss=0.3102  val_phase_mae=0.1619  val_dice=0.8279  val_cls_acc=nan  val_mass_mape=0.2000
17:41:31 | INFO    | holoqpi.engine.trainer |   epoch 52 step 0/140 loss=0.2433
17:41:35 | INFO    | holoqpi.engine.trainer |   epoch 52 step 20/140 loss=0.2518
17:41:39 | INFO    | holoqpi.engine.trainer |   epoch 52 step 40/140 loss=0.2874
17:41:43 | INFO    | holoqpi.engine.trainer |   epoch 52 step 60/140 loss=0.3198
17:41:47 | INFO    | holoqpi.engine.trainer |   epoch 52 step 80/140 loss=0.2941
17:41:52 | INFO    | holoqpi.engine.trainer |   epoch 52 step 100/140 loss=0.3688
17:41:56 | INFO    | holoqpi.engine.trainer |   epoch 52 step 120/140 loss=0.3079
17:42:48 | INFO    | holoqpi.engine.trainer | epoch 52/60 (78s = 30s train + 48s val) | train_loss=0.3128  val_phase_mae=0.1652  val_dice=0.8279  val_cls_acc=nan  val_mass_mape=0.2087
17:42:49 | INFO    | holoqpi.engine.trainer |   epoch 53 step 0/140 loss=0.3069
17:42:53 | INFO    | holoqpi.engine.trainer |   epoch 53 step 20/140 loss=0.2706
17:42:57 | INFO    | holoqpi.engine.trainer |   epoch 53 step 40/140 loss=0.3294
17:43:01 | INFO    | holoqpi.engine.trainer |   epoch 53 step 60/140 loss=0.2572
17:43:05 | INFO    | holoqpi.engine.trainer |   epoch 53 step 80/140 loss=0.2908
17:43:09 | INFO    | holoqpi.engine.trainer |   epoch 53 step 100/140 loss=0.3242
17:43:14 | INFO    | holoqpi.engine.trainer |   epoch 53 step 120/140 loss=0.3141
17:44:05 | INFO    | holoqpi.engine.trainer | epoch 53/60 (77s = 30s train + 47s val) | train_loss=0.3123  val_phase_mae=0.1676  val_dice=0.8271  val_cls_acc=nan  val_mass_mape=0.1980
17:44:06 | INFO    | holoqpi.engine.trainer |   epoch 54 step 0/140 loss=0.2892
17:44:10 | INFO    | holoqpi.engine.trainer |   epoch 54 step 20/140 loss=0.3321
17:44:14 | INFO    | holoqpi.engine.trainer |   epoch 54 step 40/140 loss=0.2805
17:44:18 | INFO    | holoqpi.engine.trainer |   epoch 54 step 60/140 loss=0.3170
17:44:22 | INFO    | holoqpi.engine.trainer |   epoch 54 step 80/140 loss=0.3409
17:44:26 | INFO    | holoqpi.engine.trainer |   epoch 54 step 100/140 loss=0.2826
17:44:31 | INFO    | holoqpi.engine.trainer |   epoch 54 step 120/140 loss=0.3261
17:45:22 | INFO    | holoqpi.engine.trainer | epoch 54/60 (77s = 30s train + 47s val) | train_loss=0.3101  val_phase_mae=0.1659  val_dice=0.8270  val_cls_acc=nan  val_mass_mape=0.1977
17:45:23 | INFO    | holoqpi.engine.trainer |   epoch 55 step 0/140 loss=0.2750
17:45:28 | INFO    | holoqpi.engine.trainer |   epoch 55 step 20/140 loss=0.3705
17:45:32 | INFO    | holoqpi.engine.trainer |   epoch 55 step 40/140 loss=0.3552
17:45:36 | INFO    | holoqpi.engine.trainer |   epoch 55 step 60/140 loss=0.2609
17:45:40 | INFO    | holoqpi.engine.trainer |   epoch 55 step 80/140 loss=0.3051
17:45:44 | INFO    | holoqpi.engine.trainer |   epoch 55 step 100/140 loss=0.2566
17:45:48 | INFO    | holoqpi.engine.trainer |   epoch 55 step 120/140 loss=0.2829
17:46:40 | INFO    | holoqpi.engine.trainer | epoch 55/60 (78s = 30s train + 47s val) | train_loss=0.3096  val_phase_mae=0.1634  val_dice=0.8287  val_cls_acc=nan  val_mass_mape=0.1942
17:46:41 | INFO    | holoqpi.engine.trainer |   epoch 56 step 0/140 loss=0.2831
17:46:45 | INFO    | holoqpi.engine.trainer |   epoch 56 step 20/140 loss=0.2483
17:46:49 | INFO    | holoqpi.engine.trainer |   epoch 56 step 40/140 loss=0.3044
17:46:53 | INFO    | holoqpi.engine.trainer |   epoch 56 step 60/140 loss=0.3726
17:46:58 | INFO    | holoqpi.engine.trainer |   epoch 56 step 80/140 loss=0.2568
17:47:02 | INFO    | holoqpi.engine.trainer |   epoch 56 step 100/140 loss=0.2581
17:47:06 | INFO    | holoqpi.engine.trainer |   epoch 56 step 120/140 loss=0.2793
17:47:58 | INFO    | holoqpi.engine.trainer | epoch 56/60 (78s = 31s train + 48s val) | train_loss=0.3071  val_phase_mae=0.1674  val_dice=0.8268  val_cls_acc=nan  val_mass_mape=0.1944
17:47:59 | INFO    | holoqpi.engine.trainer |   epoch 57 step 0/140 loss=0.3076
17:48:03 | INFO    | holoqpi.engine.trainer |   epoch 57 step 20/140 loss=0.2754
17:48:07 | INFO    | holoqpi.engine.trainer |   epoch 57 step 40/140 loss=0.3311
17:48:12 | INFO    | holoqpi.engine.trainer |   epoch 57 step 60/140 loss=0.2705
17:48:16 | INFO    | holoqpi.engine.trainer |   epoch 57 step 80/140 loss=0.2752
17:48:20 | INFO    | holoqpi.engine.trainer |   epoch 57 step 100/140 loss=0.2759
17:48:25 | INFO    | holoqpi.engine.trainer |   epoch 57 step 120/140 loss=0.3235
17:49:16 | INFO    | holoqpi.engine.trainer | epoch 57/60 (78s = 31s train + 47s val) | train_loss=0.3084  val_phase_mae=0.1726  val_dice=0.8249  val_cls_acc=nan  val_mass_mape=0.1893
17:49:17 | INFO    | holoqpi.engine.trainer |   epoch 58 step 0/140 loss=0.3942
17:49:21 | INFO    | holoqpi.engine.trainer |   epoch 58 step 20/140 loss=0.2694
17:49:25 | INFO    | holoqpi.engine.trainer |   epoch 58 step 40/140 loss=0.2772
17:49:30 | INFO    | holoqpi.engine.trainer |   epoch 58 step 60/140 loss=0.2829
17:49:34 | INFO    | holoqpi.engine.trainer |   epoch 58 step 80/140 loss=0.2913
17:49:38 | INFO    | holoqpi.engine.trainer |   epoch 58 step 100/140 loss=0.3006
17:49:43 | INFO    | holoqpi.engine.trainer |   epoch 58 step 120/140 loss=0.2665
17:50:34 | INFO    | holoqpi.engine.trainer | epoch 58/60 (78s = 31s train + 47s val) | train_loss=0.3106  val_phase_mae=0.1758  val_dice=0.8215  val_cls_acc=nan  val_mass_mape=0.1931
17:50:35 | INFO    | holoqpi.engine.trainer |   epoch 59 step 0/140 loss=0.2469
17:50:39 | INFO    | holoqpi.engine.trainer |   epoch 59 step 20/140 loss=0.2433
17:50:43 | INFO    | holoqpi.engine.trainer |   epoch 59 step 40/140 loss=0.4178
17:50:47 | INFO    | holoqpi.engine.trainer |   epoch 59 step 60/140 loss=0.3698
17:50:51 | INFO    | holoqpi.engine.trainer |   epoch 59 step 80/140 loss=0.2980
17:50:56 | INFO    | holoqpi.engine.trainer |   epoch 59 step 100/140 loss=0.2576
17:51:00 | INFO    | holoqpi.engine.trainer |   epoch 59 step 120/140 loss=0.3042
17:51:51 | INFO    | holoqpi.engine.trainer | epoch 59/60 (78s = 31s train + 47s val) | train_loss=0.3120  val_phase_mae=0.1659  val_dice=0.8287  val_cls_acc=nan  val_mass_mape=0.2069
17:51:52 | INFO    | holoqpi.engine.trainer |   epoch 60 step 0/140 loss=0.3292
17:51:56 | INFO    | holoqpi.engine.trainer |   epoch 60 step 20/140 loss=0.3088
17:52:00 | INFO    | holoqpi.engine.trainer |   epoch 60 step 40/140 loss=0.2927
17:52:05 | INFO    | holoqpi.engine.trainer |   epoch 60 step 60/140 loss=0.2636
17:52:09 | INFO    | holoqpi.engine.trainer |   epoch 60 step 80/140 loss=0.2863
17:52:14 | INFO    | holoqpi.engine.trainer |   epoch 60 step 100/140 loss=0.2638
17:52:18 | INFO    | holoqpi.engine.trainer |   epoch 60 step 120/140 loss=0.4203
17:53:09 | INFO    | holoqpi.engine.trainer | epoch 60/60 (78s = 31s train + 47s val) | train_loss=0.3029  val_phase_mae=0.1680  val_dice=0.8273  val_cls_acc=nan  val_mass_mape=0.1910
17:53:09 | INFO    | holoqpi.engine.trainer | training finished; best epoch 46 (composite=0.8165)
