=== date ===
Sat Sep  5 02:40:55 KST 2026

=== python ===
Python 3.11.13
/home/usama/anaconda3/envs/qpi_extended/bin/python

=== torch / GPU ===
torch          : 2.6.0+cu124
cuda available : True
device 0 name  : NVIDIA RTX A5000
onnxruntime    : NOT IMPORTABLE: No module named 'onnxruntime'
matplotlib     : 3.11.1
skimage        : 0.26.0
scipy          : 1.17.1

=== nvidia-smi ===
Sat Sep  5 02:40:58 2026       
+---------------------------------------------------------------------------------------+
| NVIDIA-SMI 530.30.02              Driver Version: 530.30.02    CUDA Version: 12.1     |
|-----------------------------------------+----------------------+----------------------+
| GPU  Name                  Persistence-M| Bus-Id        Disp.A | Volatile Uncorr. ECC |
| Fan  Temp  Perf            Pwr:Usage/Cap|         Memory-Usage | GPU-Util  Compute M. |
|                                         |                      |               MIG M. |
|=========================================+======================+======================|
|   0  NVIDIA RTX A5000                On | 00000000:1D:00.0 Off |                  Off |
| 30%   29C    P8               16W / 230W|      1MiB / 24564MiB |      0%      Default |
|                                         |                      |                  N/A |
+-----------------------------------------+----------------------+----------------------+
|   1  NVIDIA RTX A5000                On | 00000000:1F:00.0 Off |                  Off |
| 30%   31C    P8               16W / 230W|      1MiB / 24564MiB |      0%      Default |
|                                         |                      |                  N/A |
+-----------------------------------------+----------------------+----------------------+
|   2  NVIDIA RTX A5000                On | 00000000:20:00.0 Off |                  Off |
| 30%   30C    P8               23W / 230W|      1MiB / 24564MiB |      0%      Default |
|                                         |                      |                  N/A |
+-----------------------------------------+----------------------+----------------------+

=== installed packages ===
Package                  Version
------------------------ ----------------
coloredlogs              15.0.1
contourpy                1.3.3
cycler                   0.12.1
filelock                 3.32.5
flatbuffers              25.12.19
fonttools                4.64.0
fsspec                   2026.7.0
humanfriendly            10.0
ImageIO                  2.37.4
Jinja2                   3.1.6
kiwisolver               1.5.1
lazy-loader              0.5
MarkupSafe               3.0.3
matplotlib               3.11.1
ml_dtypes                0.6.0
mpmath                   1.3.0
networkx                 3.6.1
numpy                    2.4.6
nvidia-cublas-cu12       12.4.5.8
nvidia-cuda-cupti-cu12   12.4.127
nvidia-cuda-nvrtc-cu12   12.4.127
nvidia-cuda-runtime-cu12 12.4.127
nvidia-cudnn-cu12        9.1.0.70
nvidia-cufft-cu12        11.2.1.3
nvidia-curand-cu12       10.3.5.147
nvidia-cusolver-cu12     11.6.1.9
nvidia-cusparse-cu12     12.3.1.170
nvidia-cusparselt-cu12   0.6.2
nvidia-nccl-cu12         2.21.5
nvidia-nvjitlink-cu12    12.4.127
nvidia-nvtx-cu12         12.4.127
onnx                     1.22.0
packaging                26.3
pillow                   12.3.0
pip                      26.2.1
protobuf                 7.36.1
pyparsing                3.3.2
python-dateutil          2.9.0.post0
PyYAML                   6.0.3
scikit-image             0.26.0
scipy                    1.17.1
setuptools               83.0.0
six                      1.17.0
sympy                    1.13.1
thop                     0.1.1-2209072238
tifffile                 2026.3.3
torch                    2.6.0
torchvision              0.21.0
triton                   3.2.0
typing_extensions        4.16.0
wheel                    0.47.0
