02:57:45 | INFO    | holoqpi.engine.compare | ======================================================================
02:57:45 | INFO    | holoqpi.engine.compare | modality=off_axis  device=cuda  run_dir=runs/base_off_axis
02:57:45 | INFO    | holoqpi.engine.compare | ======================================================================
02:57:45 | INFO    | holoqpi.data.dataset | train split: 560 samples | modality=off_axis | crop=512 | augment=True
02:57:45 | INFO    | holoqpi.data.dataset | val split: 127 samples | modality=off_axis | crop=None | augment=False
02:57:45 | INFO    | holoqpi.data.dataset | test split: 113 samples | modality=off_axis | crop=None | augment=False
02:57:46 | INFO    | holoqpi.models.encoders | encoder=mobilenet_v2 in_channels=1 pretrained=True stages=[16, 24, 32, 96, 1280]
02:57:46 | INFO    | holoqpi.models.holonet | HoloQPINet built: 9.76M parameters, 9.76M trainable (100.0%)
02:57:47 | INFO    | holoqpi.engine.trainer | trainable 9.76M / 9.76M parameters (100.0%)
02:57:47 | INFO    | holoqpi.engine.trainer | active physics terms: ['phase_mask_contrast', 'boundary_gradient_alignment', 'phase_volume', 'dry_mass_consistency', 'projected_area_consistency']
02:57:53 | INFO    | holoqpi.engine.trainer |   epoch 1 step 0/140 loss=2.5160
02:57:55 | INFO    | holoqpi.engine.trainer |   epoch 1 step 20/140 loss=2.3185
02:57:56 | INFO    | holoqpi.engine.trainer |   epoch 1 step 40/140 loss=1.9333
02:57:58 | INFO    | holoqpi.engine.trainer |   epoch 1 step 60/140 loss=1.6461
02:58:00 | INFO    | holoqpi.engine.trainer |   epoch 1 step 80/140 loss=1.5601
02:58:02 | INFO    | holoqpi.engine.trainer |   epoch 1 step 100/140 loss=1.4760
02:58:04 | INFO    | holoqpi.engine.trainer |   epoch 1 step 120/140 loss=1.3503
02:58:57 | INFO    | holoqpi.engine.trainer |   new best composite=0.6150
02:58:57 | INFO    | holoqpi.engine.trainer | epoch 1/60 (69s = 19s train + 51s val) | train_loss=1.7865  val_phase_mae=0.2596  val_dice=0.6423  val_cls_acc=0.2598  val_mass_mape=0.3674
02:58:57 | INFO    | holoqpi.engine.trainer |   at this rate the full 60-epoch schedule takes about 69 min
02:58:58 | INFO    | holoqpi.engine.trainer |   epoch 2 step 0/140 loss=1.3650
02:59:00 | INFO    | holoqpi.engine.trainer |   epoch 2 step 20/140 loss=1.2754
02:59:02 | INFO    | holoqpi.engine.trainer |   epoch 2 step 40/140 loss=1.2956
02:59:05 | INFO    | holoqpi.engine.trainer |   epoch 2 step 60/140 loss=1.1585
02:59:07 | INFO    | holoqpi.engine.trainer |   epoch 2 step 80/140 loss=1.0778
02:59:09 | INFO    | holoqpi.engine.trainer |   epoch 2 step 100/140 loss=1.0924
02:59:11 | INFO    | holoqpi.engine.trainer |   epoch 2 step 120/140 loss=1.1328
03:00:01 | INFO    | holoqpi.engine.trainer |   new best composite=0.7262
03:00:01 | INFO    | holoqpi.engine.trainer | epoch 2/60 (64s = 16s train + 48s val) | train_loss=1.1724  val_phase_mae=0.2104  val_dice=0.7341  val_cls_acc=0.2441  val_mass_mape=0.2653
03:00:02 | INFO    | holoqpi.engine.trainer |   epoch 3 step 0/140 loss=1.0051
03:00:04 | INFO    | holoqpi.engine.trainer |   epoch 3 step 20/140 loss=0.8552
03:00:06 | INFO    | holoqpi.engine.trainer |   epoch 3 step 40/140 loss=0.9755
03:00:08 | INFO    | holoqpi.engine.trainer |   epoch 3 step 60/140 loss=1.0423
03:00:10 | INFO    | holoqpi.engine.trainer |   epoch 3 step 80/140 loss=0.9518
03:00:12 | INFO    | holoqpi.engine.trainer |   epoch 3 step 100/140 loss=0.9675
03:00:14 | INFO    | holoqpi.engine.trainer |   epoch 3 step 120/140 loss=0.8815
03:01:03 | INFO    | holoqpi.engine.trainer |   new best composite=0.7445
03:01:03 | INFO    | holoqpi.engine.trainer | epoch 3/60 (62s = 14s train + 48s val) | train_loss=0.9428  val_phase_mae=0.2010  val_dice=0.7566  val_cls_acc=0.3386  val_mass_mape=0.2496
03:01:04 | INFO    | holoqpi.engine.trainer |   epoch 4 step 0/140 loss=0.9680
03:01:06 | INFO    | holoqpi.engine.trainer |   epoch 4 step 20/140 loss=0.8447
03:01:08 | INFO    | holoqpi.engine.trainer |   epoch 4 step 40/140 loss=1.0238
03:01:10 | INFO    | holoqpi.engine.trainer |   epoch 4 step 60/140 loss=0.9219
03:01:12 | INFO    | holoqpi.engine.trainer |   epoch 4 step 80/140 loss=0.8944
03:01:14 | INFO    | holoqpi.engine.trainer |   epoch 4 step 100/140 loss=0.8723
03:01:16 | INFO    | holoqpi.engine.trainer |   epoch 4 step 120/140 loss=0.7899
03:02:06 | INFO    | holoqpi.engine.trainer |   new best composite=0.7674
03:02:06 | INFO    | holoqpi.engine.trainer | epoch 4/60 (63s = 14s train + 48s val) | train_loss=0.8829  val_phase_mae=0.1894  val_dice=0.7792  val_cls_acc=0.3622  val_mass_mape=0.2293
03:02:07 | INFO    | holoqpi.engine.trainer |   epoch 5 step 0/140 loss=0.8649
03:02:09 | INFO    | holoqpi.engine.trainer |   epoch 5 step 20/140 loss=0.8841
03:02:11 | INFO    | holoqpi.engine.trainer |   epoch 5 step 40/140 loss=0.8314
03:02:13 | INFO    | holoqpi.engine.trainer |   epoch 5 step 60/140 loss=0.7643
03:02:14 | INFO    | holoqpi.engine.trainer |   epoch 5 step 80/140 loss=0.8711
03:02:16 | INFO    | holoqpi.engine.trainer |   epoch 5 step 100/140 loss=0.8873
03:02:18 | INFO    | holoqpi.engine.trainer |   epoch 5 step 120/140 loss=0.7378
03:03:08 | INFO    | holoqpi.engine.trainer | epoch 5/60 (62s = 14s train + 48s val) | train_loss=0.8311  val_phase_mae=0.1906  val_dice=0.7825  val_cls_acc=0.3150  val_mass_mape=0.2507
03:03:08 | INFO    | holoqpi.engine.trainer |   epoch 6 step 0/140 loss=0.7828
03:03:10 | INFO    | holoqpi.engine.trainer |   epoch 6 step 20/140 loss=0.8866
03:03:12 | INFO    | holoqpi.engine.trainer |   epoch 6 step 40/140 loss=0.8088
03:03:14 | INFO    | holoqpi.engine.trainer |   epoch 6 step 60/140 loss=0.6534
03:03:16 | INFO    | holoqpi.engine.trainer |   epoch 6 step 80/140 loss=0.6810
03:03:18 | INFO    | holoqpi.engine.trainer |   epoch 6 step 100/140 loss=0.9284
03:03:20 | INFO    | holoqpi.engine.trainer |   epoch 6 step 120/140 loss=0.7422
03:04:09 | INFO    | holoqpi.engine.trainer | epoch 6/60 (62s = 14s train + 48s val) | train_loss=0.7966  val_phase_mae=0.1866  val_dice=0.7915  val_cls_acc=0.2992  val_mass_mape=0.3052
03:04:10 | INFO    | holoqpi.engine.trainer |   epoch 7 step 0/140 loss=0.7850
03:04:12 | INFO    | holoqpi.engine.trainer |   epoch 7 step 20/140 loss=0.7290
03:04:14 | INFO    | holoqpi.engine.trainer |   epoch 7 step 40/140 loss=0.7544
03:04:16 | INFO    | holoqpi.engine.trainer |   epoch 7 step 60/140 loss=0.6938
03:04:18 | INFO    | holoqpi.engine.trainer |   epoch 7 step 80/140 loss=0.8151
03:04:20 | INFO    | holoqpi.engine.trainer |   epoch 7 step 100/140 loss=0.8103
03:04:22 | INFO    | holoqpi.engine.trainer |   epoch 7 step 120/140 loss=0.8927
03:05:12 | INFO    | holoqpi.engine.trainer |   new best composite=0.7711
03:05:12 | INFO    | holoqpi.engine.trainer | epoch 7/60 (62s = 14s train + 48s val) | train_loss=0.7737  val_phase_mae=0.1831  val_dice=0.7928  val_cls_acc=0.3858  val_mass_mape=0.2558
03:05:12 | INFO    | holoqpi.engine.trainer |   epoch 8 step 0/140 loss=0.7553
03:05:14 | INFO    | holoqpi.engine.trainer |   epoch 8 step 20/140 loss=0.7238
03:05:16 | INFO    | holoqpi.engine.trainer |   epoch 8 step 40/140 loss=0.8850
03:05:18 | INFO    | holoqpi.engine.trainer |   epoch 8 step 60/140 loss=0.6818
03:05:20 | INFO    | holoqpi.engine.trainer |   epoch 8 step 80/140 loss=0.7357
03:05:22 | INFO    | holoqpi.engine.trainer |   epoch 8 step 100/140 loss=0.8041
03:05:24 | INFO    | holoqpi.engine.trainer |   epoch 8 step 120/140 loss=0.8020
03:06:13 | INFO    | holoqpi.engine.trainer |   new best composite=0.7791
03:06:13 | INFO    | holoqpi.engine.trainer | epoch 8/60 (61s = 14s train + 47s val) | train_loss=0.7597  val_phase_mae=0.1935  val_dice=0.7933  val_cls_acc=0.3228  val_mass_mape=0.2146
03:06:14 | INFO    | holoqpi.engine.trainer |   epoch 9 step 0/140 loss=0.7968
03:06:16 | INFO    | holoqpi.engine.trainer |   epoch 9 step 20/140 loss=0.5925
03:06:18 | INFO    | holoqpi.engine.trainer |   epoch 9 step 40/140 loss=0.6639
03:06:20 | INFO    | holoqpi.engine.trainer |   epoch 9 step 60/140 loss=0.8281
03:06:22 | INFO    | holoqpi.engine.trainer |   epoch 9 step 80/140 loss=0.8386
03:06:24 | INFO    | holoqpi.engine.trainer |   epoch 9 step 100/140 loss=0.7650
03:06:26 | INFO    | holoqpi.engine.trainer |   epoch 9 step 120/140 loss=0.8526
03:07:15 | INFO    | holoqpi.engine.trainer | epoch 9/60 (62s = 14s train + 48s val) | train_loss=0.7456  val_phase_mae=0.1769  val_dice=0.8039  val_cls_acc=0.4961  val_mass_mape=0.2599
03:07:16 | INFO    | holoqpi.engine.trainer |   epoch 10 step 0/140 loss=0.7620
03:07:18 | INFO    | holoqpi.engine.trainer |   epoch 10 step 20/140 loss=0.7395
03:07:20 | INFO    | holoqpi.engine.trainer |   epoch 10 step 40/140 loss=0.8299
03:07:21 | INFO    | holoqpi.engine.trainer |   epoch 10 step 60/140 loss=0.8029
03:07:23 | INFO    | holoqpi.engine.trainer |   epoch 10 step 80/140 loss=0.8821
03:07:25 | INFO    | holoqpi.engine.trainer |   epoch 10 step 100/140 loss=0.7644
03:07:27 | INFO    | holoqpi.engine.trainer |   epoch 10 step 120/140 loss=0.7875
03:08:17 | INFO    | holoqpi.engine.trainer |   new best composite=0.7814
03:08:17 | INFO    | holoqpi.engine.trainer | epoch 10/60 (61s = 14s train + 47s val) | train_loss=0.7400  val_phase_mae=0.1813  val_dice=0.8055  val_cls_acc=0.4567  val_mass_mape=0.2509
03:08:17 | INFO    | holoqpi.engine.trainer |   epoch 11 step 0/140 loss=0.7213
03:08:19 | INFO    | holoqpi.engine.trainer |   epoch 11 step 20/140 loss=0.7702
03:08:21 | INFO    | holoqpi.engine.trainer |   epoch 11 step 40/140 loss=1.0966
03:08:23 | INFO    | holoqpi.engine.trainer |   epoch 11 step 60/140 loss=0.6910
03:08:25 | INFO    | holoqpi.engine.trainer |   epoch 11 step 80/140 loss=0.6527
03:08:27 | INFO    | holoqpi.engine.trainer |   epoch 11 step 100/140 loss=0.6758
03:08:29 | INFO    | holoqpi.engine.trainer |   epoch 11 step 120/140 loss=0.7426
03:09:19 | INFO    | holoqpi.engine.trainer |   new best composite=0.7863
03:09:19 | INFO    | holoqpi.engine.trainer | epoch 11/60 (62s = 14s train + 48s val) | train_loss=0.7300  val_phase_mae=0.1791  val_dice=0.8049  val_cls_acc=0.2756  val_mass_mape=0.2260
03:09:19 | INFO    | holoqpi.engine.trainer |   epoch 12 step 0/140 loss=0.7935
03:09:21 | INFO    | holoqpi.engine.trainer |   epoch 12 step 20/140 loss=0.8573
03:09:23 | INFO    | holoqpi.engine.trainer |   epoch 12 step 40/140 loss=0.6876
03:09:25 | INFO    | holoqpi.engine.trainer |   epoch 12 step 60/140 loss=0.8033
03:09:27 | INFO    | holoqpi.engine.trainer |   epoch 12 step 80/140 loss=0.6535
03:09:29 | INFO    | holoqpi.engine.trainer |   epoch 12 step 100/140 loss=0.6176
03:09:31 | INFO    | holoqpi.engine.trainer |   epoch 12 step 120/140 loss=0.5962
03:10:21 | INFO    | holoqpi.engine.trainer |   new best composite=0.7967
03:10:21 | INFO    | holoqpi.engine.trainer | epoch 12/60 (62s = 14s train + 48s val) | train_loss=0.7158  val_phase_mae=0.1726  val_dice=0.8122  val_cls_acc=0.3150  val_mass_mape=0.2082
03:10:22 | INFO    | holoqpi.engine.trainer |   epoch 13 step 0/140 loss=0.6467
03:10:24 | INFO    | holoqpi.engine.trainer |   epoch 13 step 20/140 loss=0.8018
03:10:25 | INFO    | holoqpi.engine.trainer |   epoch 13 step 40/140 loss=0.7820
03:10:28 | INFO    | holoqpi.engine.trainer |   epoch 13 step 60/140 loss=0.7467
03:10:29 | INFO    | holoqpi.engine.trainer |   epoch 13 step 80/140 loss=0.6636
03:10:32 | INFO    | holoqpi.engine.trainer |   epoch 13 step 100/140 loss=0.6688
03:10:33 | INFO    | holoqpi.engine.trainer |   epoch 13 step 120/140 loss=0.6847
03:11:23 | INFO    | holoqpi.engine.trainer | epoch 13/60 (61s = 14s train + 47s val) | train_loss=0.7175  val_phase_mae=0.1804  val_dice=0.8054  val_cls_acc=0.5512  val_mass_mape=0.3025
03:11:23 | INFO    | holoqpi.engine.trainer |   epoch 14 step 0/140 loss=0.7139
03:11:25 | INFO    | holoqpi.engine.trainer |   epoch 14 step 20/140 loss=0.6287
03:11:27 | INFO    | holoqpi.engine.trainer |   epoch 14 step 40/140 loss=0.5922
03:11:29 | INFO    | holoqpi.engine.trainer |   epoch 14 step 60/140 loss=0.6318
03:11:31 | INFO    | holoqpi.engine.trainer |   epoch 14 step 80/140 loss=0.8535
03:11:33 | INFO    | holoqpi.engine.trainer |   epoch 14 step 100/140 loss=0.6176
03:11:35 | INFO    | holoqpi.engine.trainer |   epoch 14 step 120/140 loss=0.5523
03:12:24 | INFO    | holoqpi.engine.trainer | epoch 14/60 (62s = 14s train + 48s val) | train_loss=0.6967  val_phase_mae=0.1741  val_dice=0.8048  val_cls_acc=0.4646  val_mass_mape=0.2140
03:12:25 | INFO    | holoqpi.engine.trainer |   epoch 15 step 0/140 loss=0.7240
03:12:27 | INFO    | holoqpi.engine.trainer |   epoch 15 step 20/140 loss=0.6306
03:12:29 | INFO    | holoqpi.engine.trainer |   epoch 15 step 40/140 loss=0.6927
03:12:31 | INFO    | holoqpi.engine.trainer |   epoch 15 step 60/140 loss=0.6773
03:12:33 | INFO    | holoqpi.engine.trainer |   epoch 15 step 80/140 loss=0.7354
03:12:35 | INFO    | holoqpi.engine.trainer |   epoch 15 step 100/140 loss=0.6129
03:12:36 | INFO    | holoqpi.engine.trainer |   epoch 15 step 120/140 loss=0.7554
03:13:26 | INFO    | holoqpi.engine.trainer | epoch 15/60 (62s = 14s train + 48s val) | train_loss=0.6927  val_phase_mae=0.1806  val_dice=0.8091  val_cls_acc=0.6220  val_mass_mape=0.2227
03:13:27 | INFO    | holoqpi.engine.trainer |   epoch 16 step 0/140 loss=0.5587
03:13:29 | INFO    | holoqpi.engine.trainer |   epoch 16 step 20/140 loss=0.6899
03:13:31 | INFO    | holoqpi.engine.trainer |   epoch 16 step 40/140 loss=0.7455
03:13:33 | INFO    | holoqpi.engine.trainer |   epoch 16 step 60/140 loss=0.7736
03:13:35 | INFO    | holoqpi.engine.trainer |   epoch 16 step 80/140 loss=0.7239
03:13:37 | INFO    | holoqpi.engine.trainer |   epoch 16 step 100/140 loss=0.6490
03:13:38 | INFO    | holoqpi.engine.trainer |   epoch 16 step 120/140 loss=0.6411
03:14:28 | INFO    | holoqpi.engine.trainer | epoch 16/60 (62s = 14s train + 48s val) | train_loss=0.6841  val_phase_mae=0.1816  val_dice=0.8051  val_cls_acc=0.4094  val_mass_mape=0.2283
03:14:29 | INFO    | holoqpi.engine.trainer |   epoch 17 step 0/140 loss=0.9600
03:14:30 | INFO    | holoqpi.engine.trainer |   epoch 17 step 20/140 loss=0.8603
03:14:32 | INFO    | holoqpi.engine.trainer |   epoch 17 step 40/140 loss=0.6318
03:14:34 | INFO    | holoqpi.engine.trainer |   epoch 17 step 60/140 loss=0.6813
03:14:36 | INFO    | holoqpi.engine.trainer |   epoch 17 step 80/140 loss=0.7219
03:14:38 | INFO    | holoqpi.engine.trainer |   epoch 17 step 100/140 loss=0.5845
03:14:40 | INFO    | holoqpi.engine.trainer |   epoch 17 step 120/140 loss=0.5033
03:15:30 | INFO    | holoqpi.engine.trainer | epoch 17/60 (62s = 14s train + 48s val) | train_loss=0.6686  val_phase_mae=0.1723  val_dice=0.8140  val_cls_acc=0.4094  val_mass_mape=0.2160
03:15:31 | INFO    | holoqpi.engine.trainer |   epoch 18 step 0/140 loss=0.6437
03:15:33 | INFO    | holoqpi.engine.trainer |   epoch 18 step 20/140 loss=0.5406
03:15:35 | INFO    | holoqpi.engine.trainer |   epoch 18 step 40/140 loss=0.6702
03:15:37 | INFO    | holoqpi.engine.trainer |   epoch 18 step 60/140 loss=0.8112
03:15:39 | INFO    | holoqpi.engine.trainer |   epoch 18 step 80/140 loss=0.7483
03:15:41 | INFO    | holoqpi.engine.trainer |   epoch 18 step 100/140 loss=0.5525
03:15:43 | INFO    | holoqpi.engine.trainer |   epoch 18 step 120/140 loss=0.6316
03:16:32 | INFO    | holoqpi.engine.trainer | epoch 18/60 (62s = 14s train + 48s val) | train_loss=0.6626  val_phase_mae=0.1762  val_dice=0.8084  val_cls_acc=0.4488  val_mass_mape=0.2328
03:16:33 | INFO    | holoqpi.engine.trainer |   epoch 19 step 0/140 loss=0.5880
03:16:35 | INFO    | holoqpi.engine.trainer |   epoch 19 step 20/140 loss=0.5769
03:16:37 | INFO    | holoqpi.engine.trainer |   epoch 19 step 40/140 loss=0.6885
03:16:38 | INFO    | holoqpi.engine.trainer |   epoch 19 step 60/140 loss=0.7717
03:16:40 | INFO    | holoqpi.engine.trainer |   epoch 19 step 80/140 loss=0.7749
03:16:42 | INFO    | holoqpi.engine.trainer |   epoch 19 step 100/140 loss=0.6337
03:16:44 | INFO    | holoqpi.engine.trainer |   epoch 19 step 120/140 loss=0.7266
03:17:34 | INFO    | holoqpi.engine.trainer | epoch 19/60 (62s = 14s train + 48s val) | train_loss=0.6766  val_phase_mae=0.1747  val_dice=0.8047  val_cls_acc=0.4882  val_mass_mape=0.2223
03:17:34 | INFO    | holoqpi.engine.trainer |   epoch 20 step 0/140 loss=0.6647
03:17:36 | INFO    | holoqpi.engine.trainer |   epoch 20 step 20/140 loss=0.8216
03:17:38 | INFO    | holoqpi.engine.trainer |   epoch 20 step 40/140 loss=0.6555
03:17:40 | INFO    | holoqpi.engine.trainer |   epoch 20 step 60/140 loss=0.8854
03:17:42 | INFO    | holoqpi.engine.trainer |   epoch 20 step 80/140 loss=0.5511
03:17:44 | INFO    | holoqpi.engine.trainer |   epoch 20 step 100/140 loss=0.6726
03:17:46 | INFO    | holoqpi.engine.trainer |   epoch 20 step 120/140 loss=0.7414
03:18:35 | INFO    | holoqpi.engine.trainer | epoch 20/60 (62s = 14s train + 48s val) | train_loss=0.6499  val_phase_mae=0.1731  val_dice=0.8044  val_cls_acc=0.5906  val_mass_mape=0.2038
03:18:36 | INFO    | holoqpi.engine.trainer |   epoch 21 step 0/140 loss=0.6887
03:18:38 | INFO    | holoqpi.engine.trainer |   epoch 21 step 20/140 loss=0.6670
03:18:40 | INFO    | holoqpi.engine.trainer |   epoch 21 step 40/140 loss=1.0880
03:18:42 | INFO    | holoqpi.engine.trainer |   epoch 21 step 60/140 loss=0.6403
03:18:44 | INFO    | holoqpi.engine.trainer |   epoch 21 step 80/140 loss=0.7134
03:18:46 | INFO    | holoqpi.engine.trainer |   epoch 21 step 100/140 loss=0.5677
03:18:48 | INFO    | holoqpi.engine.trainer |   epoch 21 step 120/140 loss=0.6401
03:19:38 | INFO    | holoqpi.engine.trainer | epoch 21/60 (63s = 14s train + 48s val) | train_loss=0.6468  val_phase_mae=0.1737  val_dice=0.8151  val_cls_acc=0.6142  val_mass_mape=0.2452
03:19:39 | INFO    | holoqpi.engine.trainer |   epoch 22 step 0/140 loss=0.5986
03:19:41 | INFO    | holoqpi.engine.trainer |   epoch 22 step 20/140 loss=0.7966
03:19:42 | INFO    | holoqpi.engine.trainer |   epoch 22 step 40/140 loss=0.6732
03:19:45 | INFO    | holoqpi.engine.trainer |   epoch 22 step 60/140 loss=0.7130
03:19:47 | INFO    | holoqpi.engine.trainer |   epoch 22 step 80/140 loss=0.5714
03:19:48 | INFO    | holoqpi.engine.trainer |   epoch 22 step 100/140 loss=0.6331
03:19:50 | INFO    | holoqpi.engine.trainer |   epoch 22 step 120/140 loss=0.5835
03:20:40 | INFO    | holoqpi.engine.trainer | epoch 22/60 (62s = 14s train + 48s val) | train_loss=0.6523  val_phase_mae=0.1778  val_dice=0.8126  val_cls_acc=0.4016  val_mass_mape=0.2276
03:20:40 | INFO    | holoqpi.engine.trainer |   epoch 23 step 0/140 loss=0.5960
03:20:42 | INFO    | holoqpi.engine.trainer |   epoch 23 step 20/140 loss=0.5648
03:20:44 | INFO    | holoqpi.engine.trainer |   epoch 23 step 40/140 loss=0.6687
03:20:46 | INFO    | holoqpi.engine.trainer |   epoch 23 step 60/140 loss=0.6396
03:20:48 | INFO    | holoqpi.engine.trainer |   epoch 23 step 80/140 loss=0.6155
03:20:50 | INFO    | holoqpi.engine.trainer |   epoch 23 step 100/140 loss=0.7161
03:20:52 | INFO    | holoqpi.engine.trainer |   epoch 23 step 120/140 loss=0.6798
03:21:42 | INFO    | holoqpi.engine.trainer |   new best composite=0.8019
03:21:42 | INFO    | holoqpi.engine.trainer | epoch 23/60 (62s = 14s train + 48s val) | train_loss=0.6337  val_phase_mae=0.1688  val_dice=0.8166  val_cls_acc=0.5354  val_mass_mape=0.2038
03:21:42 | INFO    | holoqpi.engine.trainer |   epoch 24 step 0/140 loss=0.5846
03:21:44 | INFO    | holoqpi.engine.trainer |   epoch 24 step 20/140 loss=0.6497
03:21:46 | INFO    | holoqpi.engine.trainer |   epoch 24 step 40/140 loss=0.5685
03:21:48 | INFO    | holoqpi.engine.trainer |   epoch 24 step 60/140 loss=0.6611
03:21:50 | INFO    | holoqpi.engine.trainer |   epoch 24 step 80/140 loss=0.5476
03:21:52 | INFO    | holoqpi.engine.trainer |   epoch 24 step 100/140 loss=1.0336
03:21:54 | INFO    | holoqpi.engine.trainer |   epoch 24 step 120/140 loss=0.9311
03:22:43 | INFO    | holoqpi.engine.trainer | epoch 24/60 (62s = 14s train + 48s val) | train_loss=0.6414  val_phase_mae=0.1704  val_dice=0.8077  val_cls_acc=0.4567  val_mass_mape=0.2086
03:22:44 | INFO    | holoqpi.engine.trainer |   epoch 25 step 0/140 loss=0.7297
03:22:46 | INFO    | holoqpi.engine.trainer |   epoch 25 step 20/140 loss=0.6626
03:22:48 | INFO    | holoqpi.engine.trainer |   epoch 25 step 40/140 loss=0.5512
03:22:50 | INFO    | holoqpi.engine.trainer |   epoch 25 step 60/140 loss=0.5713
03:22:52 | INFO    | holoqpi.engine.trainer |   epoch 25 step 80/140 loss=0.6687
03:22:54 | INFO    | holoqpi.engine.trainer |   epoch 25 step 100/140 loss=0.7142
03:22:56 | INFO    | holoqpi.engine.trainer |   epoch 25 step 120/140 loss=0.6431
03:23:45 | INFO    | holoqpi.engine.trainer | epoch 25/60 (62s = 14s train + 48s val) | train_loss=0.6335  val_phase_mae=0.1725  val_dice=0.8161  val_cls_acc=0.4567  val_mass_mape=0.2160
03:23:46 | INFO    | holoqpi.engine.trainer |   epoch 26 step 0/140 loss=0.6035
03:23:48 | INFO    | holoqpi.engine.trainer |   epoch 26 step 20/140 loss=0.7453
03:23:50 | INFO    | holoqpi.engine.trainer |   epoch 26 step 40/140 loss=0.6084
03:23:52 | INFO    | holoqpi.engine.trainer |   epoch 26 step 60/140 loss=0.8557
03:23:54 | INFO    | holoqpi.engine.trainer |   epoch 26 step 80/140 loss=0.4662
03:23:56 | INFO    | holoqpi.engine.trainer |   epoch 26 step 100/140 loss=0.6595
03:23:58 | INFO    | holoqpi.engine.trainer |   epoch 26 step 120/140 loss=0.4866
03:24:47 | INFO    | holoqpi.engine.trainer | epoch 26/60 (62s = 14s train + 48s val) | train_loss=0.6190  val_phase_mae=0.1681  val_dice=0.8171  val_cls_acc=0.5433  val_mass_mape=0.2100
03:24:48 | INFO    | holoqpi.engine.trainer |   epoch 27 step 0/140 loss=0.7991
03:24:50 | INFO    | holoqpi.engine.trainer |   epoch 27 step 20/140 loss=0.5423
03:24:51 | INFO    | holoqpi.engine.trainer |   epoch 27 step 40/140 loss=0.8754
03:24:53 | INFO    | holoqpi.engine.trainer |   epoch 27 step 60/140 loss=0.6269
03:24:56 | INFO    | holoqpi.engine.trainer |   epoch 27 step 80/140 loss=0.6387
03:24:57 | INFO    | holoqpi.engine.trainer |   epoch 27 step 100/140 loss=0.7068
03:24:59 | INFO    | holoqpi.engine.trainer |   epoch 27 step 120/140 loss=0.5621
03:25:49 | INFO    | holoqpi.engine.trainer | epoch 27/60 (62s = 14s train + 48s val) | train_loss=0.6243  val_phase_mae=0.1733  val_dice=0.8074  val_cls_acc=0.6378  val_mass_mape=0.2204
03:25:49 | INFO    | holoqpi.engine.trainer |   epoch 28 step 0/140 loss=0.5562
03:25:51 | INFO    | holoqpi.engine.trainer |   epoch 28 step 20/140 loss=0.5130
03:25:53 | INFO    | holoqpi.engine.trainer |   epoch 28 step 40/140 loss=0.6372
03:25:55 | INFO    | holoqpi.engine.trainer |   epoch 28 step 60/140 loss=0.6475
03:25:57 | INFO    | holoqpi.engine.trainer |   epoch 28 step 80/140 loss=0.5813
03:25:59 | INFO    | holoqpi.engine.trainer |   epoch 28 step 100/140 loss=0.8588
03:26:01 | INFO    | holoqpi.engine.trainer |   epoch 28 step 120/140 loss=0.5328
03:26:50 | INFO    | holoqpi.engine.trainer | epoch 28/60 (62s = 14s train + 48s val) | train_loss=0.6087  val_phase_mae=0.1688  val_dice=0.8126  val_cls_acc=0.6299  val_mass_mape=0.2049
03:26:51 | INFO    | holoqpi.engine.trainer |   epoch 29 step 0/140 loss=0.6283
03:26:53 | INFO    | holoqpi.engine.trainer |   epoch 29 step 20/140 loss=0.4679
03:26:55 | INFO    | holoqpi.engine.trainer |   epoch 29 step 40/140 loss=0.4795
03:26:57 | INFO    | holoqpi.engine.trainer |   epoch 29 step 60/140 loss=0.6183
03:26:59 | INFO    | holoqpi.engine.trainer |   epoch 29 step 80/140 loss=0.5383
03:27:01 | INFO    | holoqpi.engine.trainer |   epoch 29 step 100/140 loss=0.5424
03:27:03 | INFO    | holoqpi.engine.trainer |   epoch 29 step 120/140 loss=0.6420
03:27:52 | INFO    | holoqpi.engine.trainer | epoch 29/60 (62s = 14s train + 48s val) | train_loss=0.6006  val_phase_mae=0.1741  val_dice=0.8189  val_cls_acc=0.5984  val_mass_mape=0.2216
03:27:53 | INFO    | holoqpi.engine.trainer |   epoch 30 step 0/140 loss=0.6164
03:27:55 | INFO    | holoqpi.engine.trainer |   epoch 30 step 20/140 loss=0.6068
03:27:56 | INFO    | holoqpi.engine.trainer |   epoch 30 step 40/140 loss=0.7764
03:27:58 | INFO    | holoqpi.engine.trainer |   epoch 30 step 60/140 loss=0.9352
03:28:00 | INFO    | holoqpi.engine.trainer |   epoch 30 step 80/140 loss=0.6173
03:28:02 | INFO    | holoqpi.engine.trainer |   epoch 30 step 100/140 loss=0.6897
03:28:04 | INFO    | holoqpi.engine.trainer |   epoch 30 step 120/140 loss=0.5409
03:28:54 | INFO    | holoqpi.engine.trainer | epoch 30/60 (61s = 14s train + 48s val) | train_loss=0.6118  val_phase_mae=0.1730  val_dice=0.8214  val_cls_acc=0.6063  val_mass_mape=0.2178
03:28:54 | INFO    | holoqpi.engine.trainer |   epoch 31 step 0/140 loss=0.6492
03:28:56 | INFO    | holoqpi.engine.trainer |   epoch 31 step 20/140 loss=0.5978
03:28:58 | INFO    | holoqpi.engine.trainer |   epoch 31 step 40/140 loss=0.7840
03:29:00 | INFO    | holoqpi.engine.trainer |   epoch 31 step 60/140 loss=0.5498
03:29:02 | INFO    | holoqpi.engine.trainer |   epoch 31 step 80/140 loss=0.7391
03:29:04 | INFO    | holoqpi.engine.trainer |   epoch 31 step 100/140 loss=0.7074
03:29:06 | INFO    | holoqpi.engine.trainer |   epoch 31 step 120/140 loss=0.5562
03:29:56 | INFO    | holoqpi.engine.trainer |   new best composite=0.8035
03:29:56 | INFO    | holoqpi.engine.trainer | epoch 31/60 (62s = 14s train + 48s val) | train_loss=0.6107  val_phase_mae=0.1670  val_dice=0.8171  val_cls_acc=0.5669  val_mass_mape=0.2047
03:29:56 | INFO    | holoqpi.engine.trainer |   epoch 32 step 0/140 loss=0.5370
03:29:58 | INFO    | holoqpi.engine.trainer |   epoch 32 step 20/140 loss=0.5823
03:30:00 | INFO    | holoqpi.engine.trainer |   epoch 32 step 40/140 loss=0.7747
03:30:02 | INFO    | holoqpi.engine.trainer |   epoch 32 step 60/140 loss=0.7406
03:30:04 | INFO    | holoqpi.engine.trainer |   epoch 32 step 80/140 loss=0.5110
03:30:06 | INFO    | holoqpi.engine.trainer |   epoch 32 step 100/140 loss=0.5132
03:30:08 | INFO    | holoqpi.engine.trainer |   epoch 32 step 120/140 loss=0.6432
03:30:57 | INFO    | holoqpi.engine.trainer | epoch 32/60 (61s = 14s train + 47s val) | train_loss=0.5940  val_phase_mae=0.1718  val_dice=0.8203  val_cls_acc=0.6063  val_mass_mape=0.2198
03:30:57 | INFO    | holoqpi.engine.trainer |   epoch 33 step 0/140 loss=0.5118
03:30:59 | INFO    | holoqpi.engine.trainer |   epoch 33 step 20/140 loss=0.4882
03:31:01 | INFO    | holoqpi.engine.trainer |   epoch 33 step 40/140 loss=0.6316
03:31:03 | INFO    | holoqpi.engine.trainer |   epoch 33 step 60/140 loss=0.6376
03:31:05 | INFO    | holoqpi.engine.trainer |   epoch 33 step 80/140 loss=0.6944
03:31:07 | INFO    | holoqpi.engine.trainer |   epoch 33 step 100/140 loss=0.5359
03:31:09 | INFO    | holoqpi.engine.trainer |   epoch 33 step 120/140 loss=0.5388
03:31:58 | INFO    | holoqpi.engine.trainer | epoch 33/60 (61s = 14s train + 47s val) | train_loss=0.5859  val_phase_mae=0.1688  val_dice=0.8185  val_cls_acc=0.5984  val_mass_mape=0.2090
03:31:59 | INFO    | holoqpi.engine.trainer |   epoch 34 step 0/140 loss=0.5452
03:32:01 | INFO    | holoqpi.engine.trainer |   epoch 34 step 20/140 loss=0.5834
03:32:03 | INFO    | holoqpi.engine.trainer |   epoch 34 step 40/140 loss=0.4689
03:32:05 | INFO    | holoqpi.engine.trainer |   epoch 34 step 60/140 loss=0.5077
03:32:07 | INFO    | holoqpi.engine.trainer |   epoch 34 step 80/140 loss=0.6811
03:32:08 | INFO    | holoqpi.engine.trainer |   epoch 34 step 100/140 loss=0.4885
03:32:10 | INFO    | holoqpi.engine.trainer |   epoch 34 step 120/140 loss=0.6265
03:32:59 | INFO    | holoqpi.engine.trainer |   new best composite=0.8046
03:32:59 | INFO    | holoqpi.engine.trainer | epoch 34/60 (61s = 14s train + 47s val) | train_loss=0.5742  val_phase_mae=0.1676  val_dice=0.8190  val_cls_acc=0.5984  val_mass_mape=0.1997
03:33:00 | INFO    | holoqpi.engine.trainer |   epoch 35 step 0/140 loss=0.4424
03:33:02 | INFO    | holoqpi.engine.trainer |   epoch 35 step 20/140 loss=0.5508
03:33:04 | INFO    | holoqpi.engine.trainer |   epoch 35 step 40/140 loss=0.9733
03:33:06 | INFO    | holoqpi.engine.trainer |   epoch 35 step 60/140 loss=0.8582
03:33:08 | INFO    | holoqpi.engine.trainer |   epoch 35 step 80/140 loss=0.5907
03:33:10 | INFO    | holoqpi.engine.trainer |   epoch 35 step 100/140 loss=0.5252
03:33:12 | INFO    | holoqpi.engine.trainer |   epoch 35 step 120/140 loss=0.6410
03:34:01 | INFO    | holoqpi.engine.trainer |   new best composite=0.8078
03:34:01 | INFO    | holoqpi.engine.trainer | epoch 35/60 (61s = 14s train + 47s val) | train_loss=0.5789  val_phase_mae=0.1674  val_dice=0.8213  val_cls_acc=0.5276  val_mass_mape=0.1943
03:34:01 | INFO    | holoqpi.engine.trainer |   epoch 36 step 0/140 loss=0.5529
03:34:03 | INFO    | holoqpi.engine.trainer |   epoch 36 step 20/140 loss=0.7609
03:34:05 | INFO    | holoqpi.engine.trainer |   epoch 36 step 40/140 loss=0.4826
03:34:07 | INFO    | holoqpi.engine.trainer |   epoch 36 step 60/140 loss=0.5915
03:34:09 | INFO    | holoqpi.engine.trainer |   epoch 36 step 80/140 loss=0.3934
03:34:11 | INFO    | holoqpi.engine.trainer |   epoch 36 step 100/140 loss=0.4407
03:34:13 | INFO    | holoqpi.engine.trainer |   epoch 36 step 120/140 loss=0.7474
03:35:02 | INFO    | holoqpi.engine.trainer | epoch 36/60 (61s = 14s train + 47s val) | train_loss=0.5785  val_phase_mae=0.1698  val_dice=0.8207  val_cls_acc=0.5433  val_mass_mape=0.2029
03:35:02 | INFO    | holoqpi.engine.trainer |   epoch 37 step 0/140 loss=0.5701
03:35:04 | INFO    | holoqpi.engine.trainer |   epoch 37 step 20/140 loss=0.6144
03:35:06 | INFO    | holoqpi.engine.trainer |   epoch 37 step 40/140 loss=0.5075
03:35:08 | INFO    | holoqpi.engine.trainer |   epoch 37 step 60/140 loss=0.6623
03:35:10 | INFO    | holoqpi.engine.trainer |   epoch 37 step 80/140 loss=0.6707
03:35:12 | INFO    | holoqpi.engine.trainer |   epoch 37 step 100/140 loss=0.5302
03:35:14 | INFO    | holoqpi.engine.trainer |   epoch 37 step 120/140 loss=0.5715
03:36:03 | INFO    | holoqpi.engine.trainer |   new best composite=0.8081
03:36:03 | INFO    | holoqpi.engine.trainer | epoch 37/60 (61s = 14s train + 47s val) | train_loss=0.5728  val_phase_mae=0.1677  val_dice=0.8198  val_cls_acc=0.6378  val_mass_mape=0.1888
03:36:04 | INFO    | holoqpi.engine.trainer |   epoch 38 step 0/140 loss=0.5663
03:36:06 | INFO    | holoqpi.engine.trainer |   epoch 38 step 20/140 loss=0.6141
03:36:08 | INFO    | holoqpi.engine.trainer |   epoch 38 step 40/140 loss=0.5377
03:36:09 | INFO    | holoqpi.engine.trainer |   epoch 38 step 60/140 loss=0.4781
03:36:11 | INFO    | holoqpi.engine.trainer |   epoch 38 step 80/140 loss=0.4729
03:36:13 | INFO    | holoqpi.engine.trainer |   epoch 38 step 100/140 loss=0.7254
03:36:15 | INFO    | holoqpi.engine.trainer |   epoch 38 step 120/140 loss=0.5290
03:37:05 | INFO    | holoqpi.engine.trainer | epoch 38/60 (61s = 14s train + 47s val) | train_loss=0.5700  val_phase_mae=0.1713  val_dice=0.8171  val_cls_acc=0.6693  val_mass_mape=0.2071
03:37:05 | INFO    | holoqpi.engine.trainer |   epoch 39 step 0/140 loss=0.6139
03:37:07 | INFO    | holoqpi.engine.trainer |   epoch 39 step 20/140 loss=0.5078
03:37:09 | INFO    | holoqpi.engine.trainer |   epoch 39 step 40/140 loss=0.5167
03:37:11 | INFO    | holoqpi.engine.trainer |   epoch 39 step 60/140 loss=0.5827
03:37:13 | INFO    | holoqpi.engine.trainer |   epoch 39 step 80/140 loss=0.5032
03:37:15 | INFO    | holoqpi.engine.trainer |   epoch 39 step 100/140 loss=0.7343
03:37:17 | INFO    | holoqpi.engine.trainer |   epoch 39 step 120/140 loss=0.5437
03:38:06 | INFO    | holoqpi.engine.trainer | epoch 39/60 (61s = 14s train + 47s val) | train_loss=0.5653  val_phase_mae=0.1673  val_dice=0.8181  val_cls_acc=0.6929  val_mass_mape=0.2025
03:38:06 | INFO    | holoqpi.engine.trainer |   epoch 40 step 0/140 loss=0.6499
03:38:08 | INFO    | holoqpi.engine.trainer |   epoch 40 step 20/140 loss=0.4528
03:38:10 | INFO    | holoqpi.engine.trainer |   epoch 40 step 40/140 loss=0.4743
03:38:12 | INFO    | holoqpi.engine.trainer |   epoch 40 step 60/140 loss=0.5308
03:38:14 | INFO    | holoqpi.engine.trainer |   epoch 40 step 80/140 loss=0.4826
03:38:16 | INFO    | holoqpi.engine.trainer |   epoch 40 step 100/140 loss=0.6399
03:38:18 | INFO    | holoqpi.engine.trainer |   epoch 40 step 120/140 loss=0.4894
03:39:07 | INFO    | holoqpi.engine.trainer | epoch 40/60 (61s = 14s train + 47s val) | train_loss=0.5546  val_phase_mae=0.1646  val_dice=0.8220  val_cls_acc=0.5984  val_mass_mape=0.1965
03:39:07 | INFO    | holoqpi.engine.trainer |   epoch 41 step 0/140 loss=0.5753
03:39:09 | INFO    | holoqpi.engine.trainer |   epoch 41 step 20/140 loss=0.4072
03:39:11 | INFO    | holoqpi.engine.trainer |   epoch 41 step 40/140 loss=0.5323
03:39:13 | INFO    | holoqpi.engine.trainer |   epoch 41 step 60/140 loss=0.6729
03:39:15 | INFO    | holoqpi.engine.trainer |   epoch 41 step 80/140 loss=0.5008
03:39:17 | INFO    | holoqpi.engine.trainer |   epoch 41 step 100/140 loss=0.5136
03:39:19 | INFO    | holoqpi.engine.trainer |   epoch 41 step 120/140 loss=0.4793
03:40:08 | INFO    | holoqpi.engine.trainer |   new best composite=0.8097
03:40:08 | INFO    | holoqpi.engine.trainer | epoch 41/60 (61s = 14s train + 47s val) | train_loss=0.5561  val_phase_mae=0.1643  val_dice=0.8227  val_cls_acc=0.6535  val_mass_mape=0.1913
03:40:09 | INFO    | holoqpi.engine.trainer |   epoch 42 step 0/140 loss=0.5593
03:40:11 | INFO    | holoqpi.engine.trainer |   epoch 42 step 20/140 loss=0.5735
03:40:13 | INFO    | holoqpi.engine.trainer |   epoch 42 step 40/140 loss=0.6071
03:40:15 | INFO    | holoqpi.engine.trainer |   epoch 42 step 60/140 loss=0.6208
03:40:17 | INFO    | holoqpi.engine.trainer |   epoch 42 step 80/140 loss=0.5704
03:40:19 | INFO    | holoqpi.engine.trainer |   epoch 42 step 100/140 loss=0.5973
03:40:21 | INFO    | holoqpi.engine.trainer |   epoch 42 step 120/140 loss=0.5715
03:41:10 | INFO    | holoqpi.engine.trainer | epoch 42/60 (62s = 14s train + 47s val) | train_loss=0.5435  val_phase_mae=0.1657  val_dice=0.8227  val_cls_acc=0.6693  val_mass_mape=0.1973
03:41:10 | INFO    | holoqpi.engine.trainer |   epoch 43 step 0/140 loss=0.5971
03:41:12 | INFO    | holoqpi.engine.trainer |   epoch 43 step 20/140 loss=0.6466
03:41:14 | INFO    | holoqpi.engine.trainer |   epoch 43 step 40/140 loss=0.5654
03:41:16 | INFO    | holoqpi.engine.trainer |   epoch 43 step 60/140 loss=0.5033
03:41:18 | INFO    | holoqpi.engine.trainer |   epoch 43 step 80/140 loss=0.5966
03:41:20 | INFO    | holoqpi.engine.trainer |   epoch 43 step 100/140 loss=0.5207
03:41:22 | INFO    | holoqpi.engine.trainer |   epoch 43 step 120/140 loss=0.4366
03:42:11 | INFO    | holoqpi.engine.trainer | epoch 43/60 (61s = 14s train + 47s val) | train_loss=0.5466  val_phase_mae=0.1670  val_dice=0.8202  val_cls_acc=0.7087  val_mass_mape=0.2016
03:42:11 | INFO    | holoqpi.engine.trainer |   epoch 44 step 0/140 loss=0.4665
03:42:13 | INFO    | holoqpi.engine.trainer |   epoch 44 step 20/140 loss=0.4332
03:42:15 | INFO    | holoqpi.engine.trainer |   epoch 44 step 40/140 loss=0.6402
03:42:17 | INFO    | holoqpi.engine.trainer |   epoch 44 step 60/140 loss=0.4461
03:42:19 | INFO    | holoqpi.engine.trainer |   epoch 44 step 80/140 loss=0.4705
03:42:21 | INFO    | holoqpi.engine.trainer |   epoch 44 step 100/140 loss=0.5773
03:42:23 | INFO    | holoqpi.engine.trainer |   epoch 44 step 120/140 loss=0.5417
03:43:12 | INFO    | holoqpi.engine.trainer | epoch 44/60 (61s = 14s train + 47s val) | train_loss=0.5370  val_phase_mae=0.1657  val_dice=0.8217  val_cls_acc=0.7795  val_mass_mape=0.2051
03:43:12 | INFO    | holoqpi.engine.trainer |   epoch 45 step 0/140 loss=0.4803
03:43:14 | INFO    | holoqpi.engine.trainer |   epoch 45 step 20/140 loss=0.3908
03:43:16 | INFO    | holoqpi.engine.trainer |   epoch 45 step 40/140 loss=0.7057
03:43:18 | INFO    | holoqpi.engine.trainer |   epoch 45 step 60/140 loss=0.4935
03:43:20 | INFO    | holoqpi.engine.trainer |   epoch 45 step 80/140 loss=0.6106
03:43:22 | INFO    | holoqpi.engine.trainer |   epoch 45 step 100/140 loss=0.6234
03:43:24 | INFO    | holoqpi.engine.trainer |   epoch 45 step 120/140 loss=0.5646
03:44:14 | INFO    | holoqpi.engine.trainer | epoch 45/60 (62s = 14s train + 48s val) | train_loss=0.5374  val_phase_mae=0.1656  val_dice=0.8195  val_cls_acc=0.6299  val_mass_mape=0.2102
03:44:14 | INFO    | holoqpi.engine.trainer |   epoch 46 step 0/140 loss=0.4458
03:44:16 | INFO    | holoqpi.engine.trainer |   epoch 46 step 20/140 loss=0.4253
03:44:18 | INFO    | holoqpi.engine.trainer |   epoch 46 step 40/140 loss=0.6165
03:44:20 | INFO    | holoqpi.engine.trainer |   epoch 46 step 60/140 loss=0.4428
03:44:22 | INFO    | holoqpi.engine.trainer |   epoch 46 step 80/140 loss=0.4682
03:44:24 | INFO    | holoqpi.engine.trainer |   epoch 46 step 100/140 loss=0.4298
03:44:26 | INFO    | holoqpi.engine.trainer |   epoch 46 step 120/140 loss=0.6018
03:45:15 | INFO    | holoqpi.engine.trainer | epoch 46/60 (61s = 14s train + 47s val) | train_loss=0.5252  val_phase_mae=0.1679  val_dice=0.8222  val_cls_acc=0.7008  val_mass_mape=0.1921
03:45:15 | INFO    | holoqpi.engine.trainer |   epoch 47 step 0/140 loss=0.4337
03:45:17 | INFO    | holoqpi.engine.trainer |   epoch 47 step 20/140 loss=0.6028
03:45:19 | INFO    | holoqpi.engine.trainer |   epoch 47 step 40/140 loss=0.5152
03:45:21 | INFO    | holoqpi.engine.trainer |   epoch 47 step 60/140 loss=0.5629
03:45:23 | INFO    | holoqpi.engine.trainer |   epoch 47 step 80/140 loss=0.5401
03:45:25 | INFO    | holoqpi.engine.trainer |   epoch 47 step 100/140 loss=0.4928
03:45:27 | INFO    | holoqpi.engine.trainer |   epoch 47 step 120/140 loss=0.4208
03:46:16 | INFO    | holoqpi.engine.trainer | epoch 47/60 (61s = 14s train + 47s val) | train_loss=0.5315  val_phase_mae=0.1678  val_dice=0.8225  val_cls_acc=0.6850  val_mass_mape=0.2012
03:46:16 | INFO    | holoqpi.engine.trainer |   epoch 48 step 0/140 loss=0.4083
03:46:18 | INFO    | holoqpi.engine.trainer |   epoch 48 step 20/140 loss=0.5301
03:46:20 | INFO    | holoqpi.engine.trainer |   epoch 48 step 40/140 loss=0.5916
03:46:22 | INFO    | holoqpi.engine.trainer |   epoch 48 step 60/140 loss=0.5680
03:46:24 | INFO    | holoqpi.engine.trainer |   epoch 48 step 80/140 loss=0.5418
03:46:26 | INFO    | holoqpi.engine.trainer |   epoch 48 step 100/140 loss=0.5942
03:46:28 | INFO    | holoqpi.engine.trainer |   epoch 48 step 120/140 loss=0.5495
03:47:17 | INFO    | holoqpi.engine.trainer | epoch 48/60 (61s = 14s train + 47s val) | train_loss=0.5216  val_phase_mae=0.1655  val_dice=0.8232  val_cls_acc=0.6535  val_mass_mape=0.1919
03:47:17 | INFO    | holoqpi.engine.trainer |   epoch 49 step 0/140 loss=0.4318
03:47:19 | INFO    | holoqpi.engine.trainer |   epoch 49 step 20/140 loss=0.5752
03:47:21 | INFO    | holoqpi.engine.trainer |   epoch 49 step 40/140 loss=0.5196
03:47:23 | INFO    | holoqpi.engine.trainer |   epoch 49 step 60/140 loss=0.4730
03:47:25 | INFO    | holoqpi.engine.trainer |   epoch 49 step 80/140 loss=0.4631
03:47:27 | INFO    | holoqpi.engine.trainer |   epoch 49 step 100/140 loss=0.5573
03:47:29 | INFO    | holoqpi.engine.trainer |   epoch 49 step 120/140 loss=0.4837
03:48:18 | INFO    | holoqpi.engine.trainer | epoch 49/60 (61s = 14s train + 47s val) | train_loss=0.5229  val_phase_mae=0.1657  val_dice=0.8236  val_cls_acc=0.6693  val_mass_mape=0.1981
03:48:18 | INFO    | holoqpi.engine.trainer |   epoch 50 step 0/140 loss=0.4379
03:48:20 | INFO    | holoqpi.engine.trainer |   epoch 50 step 20/140 loss=0.4427
03:48:22 | INFO    | holoqpi.engine.trainer |   epoch 50 step 40/140 loss=0.7115
03:48:24 | INFO    | holoqpi.engine.trainer |   epoch 50 step 60/140 loss=0.3669
03:48:26 | INFO    | holoqpi.engine.trainer |   epoch 50 step 80/140 loss=0.4505
03:48:28 | INFO    | holoqpi.engine.trainer |   epoch 50 step 100/140 loss=0.4964
03:48:30 | INFO    | holoqpi.engine.trainer |   epoch 50 step 120/140 loss=0.4837
03:49:19 | INFO    | holoqpi.engine.trainer | epoch 50/60 (61s = 14s train + 47s val) | train_loss=0.5289  val_phase_mae=0.1659  val_dice=0.8237  val_cls_acc=0.6378  val_mass_mape=0.1974
03:49:19 | INFO    | holoqpi.engine.trainer |   epoch 51 step 0/140 loss=0.4644
03:49:21 | INFO    | holoqpi.engine.trainer |   epoch 51 step 20/140 loss=0.7673
03:49:23 | INFO    | holoqpi.engine.trainer |   epoch 51 step 40/140 loss=0.4703
03:49:25 | INFO    | holoqpi.engine.trainer |   epoch 51 step 60/140 loss=0.4903
03:49:27 | INFO    | holoqpi.engine.trainer |   epoch 51 step 80/140 loss=0.4683
03:49:29 | INFO    | holoqpi.engine.trainer |   epoch 51 step 100/140 loss=0.6027
03:49:31 | INFO    | holoqpi.engine.trainer |   epoch 51 step 120/140 loss=0.4596
03:50:20 | INFO    | holoqpi.engine.trainer | epoch 51/60 (61s = 14s train + 47s val) | train_loss=0.5123  val_phase_mae=0.1652  val_dice=0.8233  val_cls_acc=0.6772  val_mass_mape=0.2011
03:50:21 | INFO    | holoqpi.engine.trainer |   epoch 52 step 0/140 loss=0.8332
03:50:22 | INFO    | holoqpi.engine.trainer |   epoch 52 step 20/140 loss=0.4329
03:50:24 | INFO    | holoqpi.engine.trainer |   epoch 52 step 40/140 loss=0.5121
03:50:26 | INFO    | holoqpi.engine.trainer |   epoch 52 step 60/140 loss=0.5675
03:50:28 | INFO    | holoqpi.engine.trainer |   epoch 52 step 80/140 loss=0.5255
03:50:30 | INFO    | holoqpi.engine.trainer |   epoch 52 step 100/140 loss=0.4868
03:50:32 | INFO    | holoqpi.engine.trainer |   epoch 52 step 120/140 loss=0.5001
03:51:22 | INFO    | holoqpi.engine.trainer |   new best composite=0.8098
03:51:22 | INFO    | holoqpi.engine.trainer | epoch 52/60 (61s = 14s train + 47s val) | train_loss=0.5301  val_phase_mae=0.1654  val_dice=0.8239  val_cls_acc=0.6220  val_mass_mape=0.1964
03:51:22 | INFO    | holoqpi.engine.trainer |   epoch 53 step 0/140 loss=0.5841
03:51:24 | INFO    | holoqpi.engine.trainer |   epoch 53 step 20/140 loss=0.5587
03:51:26 | INFO    | holoqpi.engine.trainer |   epoch 53 step 40/140 loss=0.4636
03:51:28 | INFO    | holoqpi.engine.trainer |   epoch 53 step 60/140 loss=0.4551
03:51:30 | INFO    | holoqpi.engine.trainer |   epoch 53 step 80/140 loss=0.5335
03:51:32 | INFO    | holoqpi.engine.trainer |   epoch 53 step 100/140 loss=0.5095
03:51:34 | INFO    | holoqpi.engine.trainer |   epoch 53 step 120/140 loss=0.4167
03:52:23 | INFO    | holoqpi.engine.trainer | epoch 53/60 (61s = 14s train + 47s val) | train_loss=0.5093  val_phase_mae=0.1652  val_dice=0.8237  val_cls_acc=0.6535  val_mass_mape=0.1969
03:52:23 | INFO    | holoqpi.engine.trainer |   epoch 54 step 0/140 loss=0.5407
03:52:25 | INFO    | holoqpi.engine.trainer |   epoch 54 step 20/140 loss=0.5793
03:52:27 | INFO    | holoqpi.engine.trainer |   epoch 54 step 40/140 loss=0.4564
03:52:29 | INFO    | holoqpi.engine.trainer |   epoch 54 step 60/140 loss=0.5535
03:52:31 | INFO    | holoqpi.engine.trainer |   epoch 54 step 80/140 loss=0.4607
03:52:33 | INFO    | holoqpi.engine.trainer |   epoch 54 step 100/140 loss=0.4432
03:52:35 | INFO    | holoqpi.engine.trainer |   epoch 54 step 120/140 loss=0.4941
03:53:24 | INFO    | holoqpi.engine.trainer | epoch 54/60 (61s = 14s train + 47s val) | train_loss=0.5165  val_phase_mae=0.1664  val_dice=0.8233  val_cls_acc=0.6535  val_mass_mape=0.1965
03:53:24 | INFO    | holoqpi.engine.trainer |   epoch 55 step 0/140 loss=0.4039
03:53:26 | INFO    | holoqpi.engine.trainer |   epoch 55 step 20/140 loss=0.5533
03:53:28 | INFO    | holoqpi.engine.trainer |   epoch 55 step 40/140 loss=0.5712
03:53:30 | INFO    | holoqpi.engine.trainer |   epoch 55 step 60/140 loss=0.4959
03:53:32 | INFO    | holoqpi.engine.trainer |   epoch 55 step 80/140 loss=0.3670
03:53:34 | INFO    | holoqpi.engine.trainer |   epoch 55 step 100/140 loss=0.3859
03:53:36 | INFO    | holoqpi.engine.trainer |   epoch 55 step 120/140 loss=0.4472
03:54:25 | INFO    | holoqpi.engine.trainer | epoch 55/60 (61s = 14s train + 47s val) | train_loss=0.5092  val_phase_mae=0.1644  val_dice=0.8241  val_cls_acc=0.6142  val_mass_mape=0.1948
03:54:26 | INFO    | holoqpi.engine.trainer |   epoch 56 step 0/140 loss=0.4536
03:54:27 | INFO    | holoqpi.engine.trainer |   epoch 56 step 20/140 loss=0.5707
03:54:30 | INFO    | holoqpi.engine.trainer |   epoch 56 step 40/140 loss=0.4616
03:54:31 | INFO    | holoqpi.engine.trainer |   epoch 56 step 60/140 loss=0.4166
03:54:33 | INFO    | holoqpi.engine.trainer |   epoch 56 step 80/140 loss=0.4237
03:54:35 | INFO    | holoqpi.engine.trainer |   epoch 56 step 100/140 loss=0.4989
03:54:37 | INFO    | holoqpi.engine.trainer |   epoch 56 step 120/140 loss=0.4220
03:55:27 | INFO    | holoqpi.engine.trainer |   new best composite=0.8103
03:55:27 | INFO    | holoqpi.engine.trainer | epoch 56/60 (61s = 14s train + 47s val) | train_loss=0.5056  val_phase_mae=0.1664  val_dice=0.8241  val_cls_acc=0.6929  val_mass_mape=0.1948
03:55:27 | INFO    | holoqpi.engine.trainer |   epoch 57 step 0/140 loss=0.4895
03:55:29 | INFO    | holoqpi.engine.trainer |   epoch 57 step 20/140 loss=0.4602
03:55:31 | INFO    | holoqpi.engine.trainer |   epoch 57 step 40/140 loss=0.3449
03:55:33 | INFO    | holoqpi.engine.trainer |   epoch 57 step 60/140 loss=0.5073
03:55:35 | INFO    | holoqpi.engine.trainer |   epoch 57 step 80/140 loss=0.5329
03:55:37 | INFO    | holoqpi.engine.trainer |   epoch 57 step 100/140 loss=0.5041
03:55:39 | INFO    | holoqpi.engine.trainer |   epoch 57 step 120/140 loss=0.4841
03:56:28 | INFO    | holoqpi.engine.trainer | epoch 57/60 (61s = 14s train + 47s val) | train_loss=0.5036  val_phase_mae=0.1655  val_dice=0.8239  val_cls_acc=0.6614  val_mass_mape=0.1922
03:56:28 | INFO    | holoqpi.engine.trainer |   epoch 58 step 0/140 loss=0.5976
03:56:30 | INFO    | holoqpi.engine.trainer |   epoch 58 step 20/140 loss=0.4872
03:56:32 | INFO    | holoqpi.engine.trainer |   epoch 58 step 40/140 loss=0.6041
03:56:34 | INFO    | holoqpi.engine.trainer |   epoch 58 step 60/140 loss=0.5871
03:56:36 | INFO    | holoqpi.engine.trainer |   epoch 58 step 80/140 loss=0.5799
03:56:38 | INFO    | holoqpi.engine.trainer |   epoch 58 step 100/140 loss=0.4743
03:56:40 | INFO    | holoqpi.engine.trainer |   epoch 58 step 120/140 loss=0.5022
03:57:29 | INFO    | holoqpi.engine.trainer | epoch 58/60 (61s = 14s train + 47s val) | train_loss=0.5192  val_phase_mae=0.1644  val_dice=0.8242  val_cls_acc=0.7008  val_mass_mape=0.1934
03:57:30 | INFO    | holoqpi.engine.trainer |   epoch 59 step 0/140 loss=0.4172
03:57:32 | INFO    | holoqpi.engine.trainer |   epoch 59 step 20/140 loss=0.4530
03:57:34 | INFO    | holoqpi.engine.trainer |   epoch 59 step 40/140 loss=0.4602
03:57:35 | INFO    | holoqpi.engine.trainer |   epoch 59 step 60/140 loss=0.5857
03:57:37 | INFO    | holoqpi.engine.trainer |   epoch 59 step 80/140 loss=0.4891
03:57:39 | INFO    | holoqpi.engine.trainer |   epoch 59 step 100/140 loss=0.3852
03:57:41 | INFO    | holoqpi.engine.trainer |   epoch 59 step 120/140 loss=0.4462
03:58:30 | INFO    | holoqpi.engine.trainer | epoch 59/60 (61s = 14s train + 47s val) | train_loss=0.4997  val_phase_mae=0.1659  val_dice=0.8241  val_cls_acc=0.7008  val_mass_mape=0.1941
03:58:31 | INFO    | holoqpi.engine.trainer |   epoch 60 step 0/140 loss=0.4137
03:58:33 | INFO    | holoqpi.engine.trainer |   epoch 60 step 20/140 loss=0.4499
03:58:35 | INFO    | holoqpi.engine.trainer |   epoch 60 step 40/140 loss=0.8145
03:58:37 | INFO    | holoqpi.engine.trainer |   epoch 60 step 60/140 loss=0.5374
03:58:39 | INFO    | holoqpi.engine.trainer |   epoch 60 step 80/140 loss=0.5242
03:58:41 | INFO    | holoqpi.engine.trainer |   epoch 60 step 100/140 loss=0.4960
03:58:43 | INFO    | holoqpi.engine.trainer |   epoch 60 step 120/140 loss=0.5429
03:59:32 | INFO    | holoqpi.engine.trainer | epoch 60/60 (61s = 14s train + 47s val) | train_loss=0.5084  val_phase_mae=0.1654  val_dice=0.8243  val_cls_acc=0.6614  val_mass_mape=0.1932
03:59:32 | INFO    | holoqpi.engine.trainer | training finished; best epoch 56 (composite=0.8103)
03:59:32 | INFO    | holoqpi.engine.trainer | checkpoint best_model.pt: 446/446 tensors matched
04:00:15 | INFO    | holoqpi.engine.compare | modality=off_axis test metrics written to runs/base_off_axis
04:00:15 | INFO    | holoqpi.engine.compare | ======================================================================
04:00:15 | INFO    | holoqpi.engine.compare | modality=gabor  device=cuda  run_dir=runs/base_gabor
04:00:15 | INFO    | holoqpi.engine.compare | ======================================================================
04:00:15 | INFO    | holoqpi.data.dataset | train split: 560 samples | modality=gabor | crop=512 | augment=True
04:00:15 | INFO    | holoqpi.data.dataset | val split: 127 samples | modality=gabor | crop=None | augment=False
04:00:15 | INFO    | holoqpi.data.dataset | test split: 113 samples | modality=gabor | crop=None | augment=False
04:00:15 | INFO    | holoqpi.models.encoders | encoder=mobilenet_v2 in_channels=1 pretrained=True stages=[16, 24, 32, 96, 1280]
04:00:15 | INFO    | holoqpi.models.holonet | HoloQPINet built: 9.76M parameters, 9.76M trainable (100.0%)
04:00:15 | INFO    | holoqpi.engine.trainer | trainable 9.76M / 9.76M parameters (100.0%)
04:00:15 | INFO    | holoqpi.engine.trainer | active physics terms: ['phase_mask_contrast', 'boundary_gradient_alignment', 'phase_volume', 'dry_mass_consistency', 'projected_area_consistency']
04:00:16 | INFO    | holoqpi.engine.trainer |   epoch 1 step 0/140 loss=2.5198
04:00:18 | INFO    | holoqpi.engine.trainer |   epoch 1 step 20/140 loss=2.2508
04:00:20 | INFO    | holoqpi.engine.trainer |   epoch 1 step 40/140 loss=1.6421
04:00:22 | INFO    | holoqpi.engine.trainer |   epoch 1 step 60/140 loss=1.5112
04:00:23 | INFO    | holoqpi.engine.trainer |   epoch 1 step 80/140 loss=1.3923
04:00:25 | INFO    | holoqpi.engine.trainer |   epoch 1 step 100/140 loss=1.2135
04:00:27 | INFO    | holoqpi.engine.trainer |   epoch 1 step 120/140 loss=1.3162
04:01:16 | INFO    | holoqpi.engine.trainer |   new best composite=0.6741
04:01:16 | INFO    | holoqpi.engine.trainer | epoch 1/60 (60s = 13s train + 47s val) | train_loss=1.6460  val_phase_mae=0.2274  val_dice=0.6905  val_cls_acc=0.4961  val_mass_mape=0.3079
04:01:16 | INFO    | holoqpi.engine.trainer |   at this rate the full 60-epoch schedule takes about 60 min
04:01:16 | INFO    | holoqpi.engine.trainer |   epoch 2 step 0/140 loss=1.2376
04:01:18 | INFO    | holoqpi.engine.trainer |   epoch 2 step 20/140 loss=1.2939
04:01:20 | INFO    | holoqpi.engine.trainer |   epoch 2 step 40/140 loss=1.0626
04:01:22 | INFO    | holoqpi.engine.trainer |   epoch 2 step 60/140 loss=1.0298
04:01:23 | INFO    | holoqpi.engine.trainer |   epoch 2 step 80/140 loss=1.3990
04:01:25 | INFO    | holoqpi.engine.trainer |   epoch 2 step 100/140 loss=0.8734
04:01:27 | INFO    | holoqpi.engine.trainer |   epoch 2 step 120/140 loss=1.2031
04:02:15 | INFO    | holoqpi.engine.trainer |   new best composite=0.6928
04:02:15 | INFO    | holoqpi.engine.trainer | epoch 2/60 (59s = 12s train + 46s val) | train_loss=1.1630  val_phase_mae=0.2236  val_dice=0.7043  val_cls_acc=0.3701  val_mass_mape=0.2898
04:02:15 | INFO    | holoqpi.engine.trainer |   epoch 3 step 0/140 loss=0.9983
04:02:17 | INFO    | holoqpi.engine.trainer |   epoch 3 step 20/140 loss=0.8787
04:02:19 | INFO    | holoqpi.engine.trainer |   epoch 3 step 40/140 loss=1.2262
04:02:20 | INFO    | holoqpi.engine.trainer |   epoch 3 step 60/140 loss=0.9438
04:02:22 | INFO    | holoqpi.engine.trainer |   epoch 3 step 80/140 loss=0.8418
04:02:24 | INFO    | holoqpi.engine.trainer |   epoch 3 step 100/140 loss=1.2581
04:02:26 | INFO    | holoqpi.engine.trainer |   epoch 3 step 120/140 loss=1.1784
04:03:13 | INFO    | holoqpi.engine.trainer |   new best composite=0.7272
04:03:13 | INFO    | holoqpi.engine.trainer | epoch 3/60 (58s = 13s train + 45s val) | train_loss=1.0064  val_phase_mae=0.2003  val_dice=0.7364  val_cls_acc=0.4646  val_mass_mape=0.2627
04:03:13 | INFO    | holoqpi.engine.trainer |   epoch 4 step 0/140 loss=0.9567
04:03:15 | INFO    | holoqpi.engine.trainer |   epoch 4 step 20/140 loss=1.0576
04:03:17 | INFO    | holoqpi.engine.trainer |   epoch 4 step 40/140 loss=1.0080
04:03:18 | INFO    | holoqpi.engine.trainer |   epoch 4 step 60/140 loss=1.3778
04:03:20 | INFO    | holoqpi.engine.trainer |   epoch 4 step 80/140 loss=0.9680
04:03:22 | INFO    | holoqpi.engine.trainer |   epoch 4 step 100/140 loss=0.9308
04:03:24 | INFO    | holoqpi.engine.trainer |   epoch 4 step 120/140 loss=0.8237
04:04:11 | INFO    | holoqpi.engine.trainer | epoch 4/60 (58s = 12s train + 46s val) | train_loss=0.9886  val_phase_mae=0.2006  val_dice=0.7425  val_cls_acc=0.5906  val_mass_mape=0.3175
04:04:12 | INFO    | holoqpi.engine.trainer |   epoch 5 step 0/140 loss=0.8362
04:04:13 | INFO    | holoqpi.engine.trainer |   epoch 5 step 20/140 loss=0.8141
04:04:15 | INFO    | holoqpi.engine.trainer |   epoch 5 step 40/140 loss=0.8665
04:04:17 | INFO    | holoqpi.engine.trainer |   epoch 5 step 60/140 loss=1.1263
04:04:19 | INFO    | holoqpi.engine.trainer |   epoch 5 step 80/140 loss=1.0181
04:04:20 | INFO    | holoqpi.engine.trainer |   epoch 5 step 100/140 loss=0.8970
04:04:22 | INFO    | holoqpi.engine.trainer |   epoch 5 step 120/140 loss=1.1528
04:05:09 | INFO    | holoqpi.engine.trainer |   new best composite=0.7330
04:05:09 | INFO    | holoqpi.engine.trainer | epoch 5/60 (58s = 12s train + 45s val) | train_loss=0.9544  val_phase_mae=0.1961  val_dice=0.7524  val_cls_acc=0.5354  val_mass_mape=0.2819
04:05:10 | INFO    | holoqpi.engine.trainer |   epoch 6 step 0/140 loss=1.2168
04:05:12 | INFO    | holoqpi.engine.trainer |   epoch 6 step 20/140 loss=1.1537
04:05:13 | INFO    | holoqpi.engine.trainer |   epoch 6 step 40/140 loss=0.9406
04:05:15 | INFO    | holoqpi.engine.trainer |   epoch 6 step 60/140 loss=0.7140
04:05:17 | INFO    | holoqpi.engine.trainer |   epoch 6 step 80/140 loss=0.7438
04:05:18 | INFO    | holoqpi.engine.trainer |   epoch 6 step 100/140 loss=0.7401
04:05:20 | INFO    | holoqpi.engine.trainer |   epoch 6 step 120/140 loss=0.7982
04:06:07 | INFO    | holoqpi.engine.trainer | epoch 6/60 (58s = 12s train + 45s val) | train_loss=0.9307  val_phase_mae=0.1996  val_dice=0.7487  val_cls_acc=0.6063  val_mass_mape=0.3105
04:06:07 | INFO    | holoqpi.engine.trainer |   epoch 7 step 0/140 loss=0.7707
04:06:09 | INFO    | holoqpi.engine.trainer |   epoch 7 step 20/140 loss=1.1201
04:06:11 | INFO    | holoqpi.engine.trainer |   epoch 7 step 40/140 loss=1.0671
04:06:13 | INFO    | holoqpi.engine.trainer |   epoch 7 step 60/140 loss=0.8690
04:06:14 | INFO    | holoqpi.engine.trainer |   epoch 7 step 80/140 loss=0.7854
04:06:16 | INFO    | holoqpi.engine.trainer |   epoch 7 step 100/140 loss=1.0366
04:06:18 | INFO    | holoqpi.engine.trainer |   epoch 7 step 120/140 loss=0.9766
04:07:05 | INFO    | holoqpi.engine.trainer | epoch 7/60 (58s = 12s train + 46s val) | train_loss=0.9088  val_phase_mae=0.2284  val_dice=0.7368  val_cls_acc=0.5591  val_mass_mape=0.6269
04:07:05 | INFO    | holoqpi.engine.trainer |   epoch 8 step 0/140 loss=0.8366
04:07:07 | INFO    | holoqpi.engine.trainer |   epoch 8 step 20/140 loss=1.0114
04:07:09 | INFO    | holoqpi.engine.trainer |   epoch 8 step 40/140 loss=0.8797
04:07:11 | INFO    | holoqpi.engine.trainer |   epoch 8 step 60/140 loss=0.7503
04:07:12 | INFO    | holoqpi.engine.trainer |   epoch 8 step 80/140 loss=1.0810
04:07:14 | INFO    | holoqpi.engine.trainer |   epoch 8 step 100/140 loss=0.8721
04:07:16 | INFO    | holoqpi.engine.trainer |   epoch 8 step 120/140 loss=0.8522
04:08:02 | INFO    | holoqpi.engine.trainer | epoch 8/60 (58s = 12s train + 45s val) | train_loss=0.8995  val_phase_mae=0.2045  val_dice=0.7299  val_cls_acc=0.6299  val_mass_mape=0.2665
04:08:03 | INFO    | holoqpi.engine.trainer |   epoch 9 step 0/140 loss=0.8504
04:08:05 | INFO    | holoqpi.engine.trainer |   epoch 9 step 20/140 loss=0.6465
04:08:06 | INFO    | holoqpi.engine.trainer |   epoch 9 step 40/140 loss=1.1052
04:08:08 | INFO    | holoqpi.engine.trainer |   epoch 9 step 60/140 loss=0.9428
04:08:10 | INFO    | holoqpi.engine.trainer |   epoch 9 step 80/140 loss=0.9000
04:08:11 | INFO    | holoqpi.engine.trainer |   epoch 9 step 100/140 loss=0.7692
04:08:13 | INFO    | holoqpi.engine.trainer |   epoch 9 step 120/140 loss=0.8467
04:09:01 | INFO    | holoqpi.engine.trainer |   new best composite=0.7425
04:09:01 | INFO    | holoqpi.engine.trainer | epoch 9/60 (58s = 12s train + 46s val) | train_loss=0.8985  val_phase_mae=0.1911  val_dice=0.7510  val_cls_acc=0.6220  val_mass_mape=0.2484
04:09:01 | INFO    | holoqpi.engine.trainer |   epoch 10 step 0/140 loss=0.8743
04:09:03 | INFO    | holoqpi.engine.trainer |   epoch 10 step 20/140 loss=0.7275
04:09:05 | INFO    | holoqpi.engine.trainer |   epoch 10 step 40/140 loss=1.0369
04:09:06 | INFO    | holoqpi.engine.trainer |   epoch 10 step 60/140 loss=0.9431
04:09:08 | INFO    | holoqpi.engine.trainer |   epoch 10 step 80/140 loss=1.0560
04:09:10 | INFO    | holoqpi.engine.trainer |   epoch 10 step 100/140 loss=1.1004
04:09:12 | INFO    | holoqpi.engine.trainer |   epoch 10 step 120/140 loss=0.8764
04:09:58 | INFO    | holoqpi.engine.trainer |   new best composite=0.7491
04:09:58 | INFO    | holoqpi.engine.trainer | epoch 10/60 (57s = 13s train + 45s val) | train_loss=0.9005  val_phase_mae=0.1874  val_dice=0.7593  val_cls_acc=0.4646  val_mass_mape=0.2463
04:09:59 | INFO    | holoqpi.engine.trainer |   epoch 11 step 0/140 loss=0.8501
04:10:01 | INFO    | holoqpi.engine.trainer |   epoch 11 step 20/140 loss=0.8781
04:10:02 | INFO    | holoqpi.engine.trainer |   epoch 11 step 40/140 loss=1.1347
04:10:04 | INFO    | holoqpi.engine.trainer |   epoch 11 step 60/140 loss=0.7311
04:10:06 | INFO    | holoqpi.engine.trainer |   epoch 11 step 80/140 loss=0.6933
04:10:08 | INFO    | holoqpi.engine.trainer |   epoch 11 step 100/140 loss=0.7401
04:10:09 | INFO    | holoqpi.engine.trainer |   epoch 11 step 120/140 loss=0.8317
04:10:56 | INFO    | holoqpi.engine.trainer | epoch 11/60 (57s = 13s train + 45s val) | train_loss=0.8831  val_phase_mae=0.2042  val_dice=0.7383  val_cls_acc=0.6535  val_mass_mape=0.2798
04:10:56 | INFO    | holoqpi.engine.trainer |   epoch 12 step 0/140 loss=0.7182
04:10:58 | INFO    | holoqpi.engine.trainer |   epoch 12 step 20/140 loss=1.2392
04:11:00 | INFO    | holoqpi.engine.trainer |   epoch 12 step 40/140 loss=0.7682
04:11:01 | INFO    | holoqpi.engine.trainer |   epoch 12 step 60/140 loss=1.6139
04:11:03 | INFO    | holoqpi.engine.trainer |   epoch 12 step 80/140 loss=1.0425
04:11:05 | INFO    | holoqpi.engine.trainer |   epoch 12 step 100/140 loss=0.7281
04:11:07 | INFO    | holoqpi.engine.trainer |   epoch 12 step 120/140 loss=0.7013
04:11:53 | INFO    | holoqpi.engine.trainer | epoch 12/60 (57s = 13s train + 45s val) | train_loss=0.8693  val_phase_mae=0.1997  val_dice=0.7397  val_cls_acc=0.5984  val_mass_mape=0.2679
04:11:53 | INFO    | holoqpi.engine.trainer |   epoch 13 step 0/140 loss=0.9121
04:11:55 | INFO    | holoqpi.engine.trainer |   epoch 13 step 20/140 loss=0.8898
04:11:57 | INFO    | holoqpi.engine.trainer |   epoch 13 step 40/140 loss=1.1897
04:11:58 | INFO    | holoqpi.engine.trainer |   epoch 13 step 60/140 loss=0.8670
04:12:00 | INFO    | holoqpi.engine.trainer |   epoch 13 step 80/140 loss=1.1430
04:12:02 | INFO    | holoqpi.engine.trainer |   epoch 13 step 100/140 loss=0.8611
04:12:04 | INFO    | holoqpi.engine.trainer |   epoch 13 step 120/140 loss=0.7633
04:12:50 | INFO    | holoqpi.engine.trainer | epoch 13/60 (57s = 12s train + 45s val) | train_loss=0.8765  val_phase_mae=0.1920  val_dice=0.7535  val_cls_acc=0.5276  val_mass_mape=0.2396
04:12:50 | INFO    | holoqpi.engine.trainer |   epoch 14 step 0/140 loss=0.9138
04:12:52 | INFO    | holoqpi.engine.trainer |   epoch 14 step 20/140 loss=1.0290
04:12:54 | INFO    | holoqpi.engine.trainer |   epoch 14 step 40/140 loss=1.0014
04:12:56 | INFO    | holoqpi.engine.trainer |   epoch 14 step 60/140 loss=0.6850
04:12:57 | INFO    | holoqpi.engine.trainer |   epoch 14 step 80/140 loss=1.0110
04:12:59 | INFO    | holoqpi.engine.trainer |   epoch 14 step 100/140 loss=0.6973
04:13:01 | INFO    | holoqpi.engine.trainer |   epoch 14 step 120/140 loss=0.7682
04:13:47 | INFO    | holoqpi.engine.trainer | epoch 14/60 (57s = 12s train + 45s val) | train_loss=0.8617  val_phase_mae=0.1904  val_dice=0.7557  val_cls_acc=0.5039  val_mass_mape=0.2453
04:13:48 | INFO    | holoqpi.engine.trainer |   epoch 15 step 0/140 loss=0.7766
04:13:49 | INFO    | holoqpi.engine.trainer |   epoch 15 step 20/140 loss=0.6628
04:13:51 | INFO    | holoqpi.engine.trainer |   epoch 15 step 40/140 loss=0.6021
04:13:53 | INFO    | holoqpi.engine.trainer |   epoch 15 step 60/140 loss=1.0484
04:13:54 | INFO    | holoqpi.engine.trainer |   epoch 15 step 80/140 loss=1.1329
04:13:56 | INFO    | holoqpi.engine.trainer |   epoch 15 step 100/140 loss=0.6804
04:13:58 | INFO    | holoqpi.engine.trainer |   epoch 15 step 120/140 loss=0.7507
04:14:44 | INFO    | holoqpi.engine.trainer | epoch 15/60 (57s = 12s train + 45s val) | train_loss=0.8453  val_phase_mae=0.1933  val_dice=0.7465  val_cls_acc=0.5827  val_mass_mape=0.2536
04:14:45 | INFO    | holoqpi.engine.trainer |   epoch 16 step 0/140 loss=0.9423
04:14:47 | INFO    | holoqpi.engine.trainer |   epoch 16 step 20/140 loss=1.0432
04:14:48 | INFO    | holoqpi.engine.trainer |   epoch 16 step 40/140 loss=0.7886
04:14:50 | INFO    | holoqpi.engine.trainer |   epoch 16 step 60/140 loss=0.8109
04:14:52 | INFO    | holoqpi.engine.trainer |   epoch 16 step 80/140 loss=0.7749
04:14:53 | INFO    | holoqpi.engine.trainer |   epoch 16 step 100/140 loss=1.0853
04:14:55 | INFO    | holoqpi.engine.trainer |   epoch 16 step 120/140 loss=0.8493
04:15:41 | INFO    | holoqpi.engine.trainer | epoch 16/60 (57s = 12s train + 45s val) | train_loss=0.8481  val_phase_mae=0.1922  val_dice=0.7528  val_cls_acc=0.5906  val_mass_mape=0.2549
04:15:42 | INFO    | holoqpi.engine.trainer |   epoch 17 step 0/140 loss=1.0680
04:15:44 | INFO    | holoqpi.engine.trainer |   epoch 17 step 20/140 loss=1.2558
04:15:45 | INFO    | holoqpi.engine.trainer |   epoch 17 step 40/140 loss=1.3053
04:15:47 | INFO    | holoqpi.engine.trainer |   epoch 17 step 60/140 loss=0.6890
04:15:49 | INFO    | holoqpi.engine.trainer |   epoch 17 step 80/140 loss=0.6934
04:15:51 | INFO    | holoqpi.engine.trainer |   epoch 17 step 100/140 loss=1.1193
04:15:52 | INFO    | holoqpi.engine.trainer |   epoch 17 step 120/140 loss=0.6671
04:16:39 | INFO    | holoqpi.engine.trainer | epoch 17/60 (58s = 13s train + 45s val) | train_loss=0.8336  val_phase_mae=0.1901  val_dice=0.7496  val_cls_acc=0.6614  val_mass_mape=0.2396
04:16:40 | INFO    | holoqpi.engine.trainer |   epoch 18 step 0/140 loss=0.6535
04:16:41 | INFO    | holoqpi.engine.trainer |   epoch 18 step 20/140 loss=0.7964
04:16:43 | INFO    | holoqpi.engine.trainer |   epoch 18 step 40/140 loss=0.6448
04:16:45 | INFO    | holoqpi.engine.trainer |   epoch 18 step 60/140 loss=0.8408
04:16:47 | INFO    | holoqpi.engine.trainer |   epoch 18 step 80/140 loss=1.1666
04:16:48 | INFO    | holoqpi.engine.trainer |   epoch 18 step 100/140 loss=0.7858
04:16:50 | INFO    | holoqpi.engine.trainer |   epoch 18 step 120/140 loss=1.0108
04:17:37 | INFO    | holoqpi.engine.trainer | epoch 18/60 (57s = 12s train + 45s val) | train_loss=0.8249  val_phase_mae=0.1945  val_dice=0.7431  val_cls_acc=0.6535  val_mass_mape=0.2400
04:17:37 | INFO    | holoqpi.engine.trainer |   epoch 19 step 0/140 loss=0.6537
04:17:39 | INFO    | holoqpi.engine.trainer |   epoch 19 step 20/140 loss=0.6452
04:17:41 | INFO    | holoqpi.engine.trainer |   epoch 19 step 40/140 loss=0.6490
04:17:42 | INFO    | holoqpi.engine.trainer |   epoch 19 step 60/140 loss=0.7461
04:17:44 | INFO    | holoqpi.engine.trainer |   epoch 19 step 80/140 loss=0.8392
04:17:46 | INFO    | holoqpi.engine.trainer |   epoch 19 step 100/140 loss=0.6786
04:17:47 | INFO    | holoqpi.engine.trainer |   epoch 19 step 120/140 loss=0.9618
04:18:34 | INFO    | holoqpi.engine.trainer |   new best composite=0.7533
04:18:34 | INFO    | holoqpi.engine.trainer | epoch 19/60 (57s = 12s train + 45s val) | train_loss=0.8302  val_phase_mae=0.1865  val_dice=0.7638  val_cls_acc=0.6063  val_mass_mape=0.2424
04:18:34 | INFO    | holoqpi.engine.trainer |   epoch 20 step 0/140 loss=0.8895
04:18:36 | INFO    | holoqpi.engine.trainer |   epoch 20 step 20/140 loss=0.9112
04:18:38 | INFO    | holoqpi.engine.trainer |   epoch 20 step 40/140 loss=0.8130
04:18:40 | INFO    | holoqpi.engine.trainer |   epoch 20 step 60/140 loss=0.9685
04:18:41 | INFO    | holoqpi.engine.trainer |   epoch 20 step 80/140 loss=0.5772
04:18:43 | INFO    | holoqpi.engine.trainer |   epoch 20 step 100/140 loss=0.9730
04:18:45 | INFO    | holoqpi.engine.trainer |   epoch 20 step 120/140 loss=0.8124
04:19:31 | INFO    | holoqpi.engine.trainer | epoch 20/60 (57s = 12s train + 45s val) | train_loss=0.8211  val_phase_mae=0.1855  val_dice=0.7639  val_cls_acc=0.7402  val_mass_mape=0.2549
04:19:32 | INFO    | holoqpi.engine.trainer |   epoch 21 step 0/140 loss=0.7859
04:19:33 | INFO    | holoqpi.engine.trainer |   epoch 21 step 20/140 loss=1.0079
04:19:35 | INFO    | holoqpi.engine.trainer |   epoch 21 step 40/140 loss=0.9208
04:19:37 | INFO    | holoqpi.engine.trainer |   epoch 21 step 60/140 loss=0.7240
04:19:38 | INFO    | holoqpi.engine.trainer |   epoch 21 step 80/140 loss=0.7462
04:19:40 | INFO    | holoqpi.engine.trainer |   epoch 21 step 100/140 loss=0.6258
04:19:42 | INFO    | holoqpi.engine.trainer |   epoch 21 step 120/140 loss=0.6673
04:20:28 | INFO    | holoqpi.engine.trainer | epoch 21/60 (57s = 12s train + 45s val) | train_loss=0.8164  val_phase_mae=0.1890  val_dice=0.7535  val_cls_acc=0.6535  val_mass_mape=0.2367
04:20:29 | INFO    | holoqpi.engine.trainer |   epoch 22 step 0/140 loss=0.6759
04:20:31 | INFO    | holoqpi.engine.trainer |   epoch 22 step 20/140 loss=0.7569
04:20:32 | INFO    | holoqpi.engine.trainer |   epoch 22 step 40/140 loss=0.7082
04:20:34 | INFO    | holoqpi.engine.trainer |   epoch 22 step 60/140 loss=0.7163
04:20:36 | INFO    | holoqpi.engine.trainer |   epoch 22 step 80/140 loss=0.6662
04:20:38 | INFO    | holoqpi.engine.trainer |   epoch 22 step 100/140 loss=0.7391
04:20:40 | INFO    | holoqpi.engine.trainer |   epoch 22 step 120/140 loss=1.3089
04:21:26 | INFO    | holoqpi.engine.trainer |   new best composite=0.7561
04:21:26 | INFO    | holoqpi.engine.trainer | epoch 22/60 (57s = 13s train + 45s val) | train_loss=0.8082  val_phase_mae=0.1862  val_dice=0.7663  val_cls_acc=0.6614  val_mass_mape=0.2386
04:21:27 | INFO    | holoqpi.engine.trainer |   epoch 23 step 0/140 loss=0.9702
04:21:28 | INFO    | holoqpi.engine.trainer |   epoch 23 step 20/140 loss=0.7378
04:21:30 | INFO    | holoqpi.engine.trainer |   epoch 23 step 40/140 loss=0.7718
04:21:32 | INFO    | holoqpi.engine.trainer |   epoch 23 step 60/140 loss=1.0943
04:21:33 | INFO    | holoqpi.engine.trainer |   epoch 23 step 80/140 loss=1.2533
04:21:35 | INFO    | holoqpi.engine.trainer |   epoch 23 step 100/140 loss=0.6800
04:21:37 | INFO    | holoqpi.engine.trainer |   epoch 23 step 120/140 loss=1.0566
04:22:23 | INFO    | holoqpi.engine.trainer | epoch 23/60 (57s = 12s train + 45s val) | train_loss=0.8053  val_phase_mae=0.1925  val_dice=0.7575  val_cls_acc=0.7165  val_mass_mape=0.2943
04:22:24 | INFO    | holoqpi.engine.trainer |   epoch 24 step 0/140 loss=0.7333
04:22:25 | INFO    | holoqpi.engine.trainer |   epoch 24 step 20/140 loss=0.5807
04:22:27 | INFO    | holoqpi.engine.trainer |   epoch 24 step 40/140 loss=0.7335
04:22:29 | INFO    | holoqpi.engine.trainer |   epoch 24 step 60/140 loss=0.8333
04:22:30 | INFO    | holoqpi.engine.trainer |   epoch 24 step 80/140 loss=0.7368
04:22:32 | INFO    | holoqpi.engine.trainer |   epoch 24 step 100/140 loss=1.0270
04:22:34 | INFO    | holoqpi.engine.trainer |   epoch 24 step 120/140 loss=0.8608
04:23:20 | INFO    | holoqpi.engine.trainer | epoch 24/60 (57s = 12s train + 45s val) | train_loss=0.8098  val_phase_mae=0.1883  val_dice=0.7531  val_cls_acc=0.6693  val_mass_mape=0.2353
04:23:21 | INFO    | holoqpi.engine.trainer |   epoch 25 step 0/140 loss=0.7446
04:23:22 | INFO    | holoqpi.engine.trainer |   epoch 25 step 20/140 loss=0.7372
04:23:24 | INFO    | holoqpi.engine.trainer |   epoch 25 step 40/140 loss=0.6657
04:23:26 | INFO    | holoqpi.engine.trainer |   epoch 25 step 60/140 loss=0.6627
04:23:28 | INFO    | holoqpi.engine.trainer |   epoch 25 step 80/140 loss=0.9035
04:23:29 | INFO    | holoqpi.engine.trainer |   epoch 25 step 100/140 loss=0.8000
04:23:31 | INFO    | holoqpi.engine.trainer |   epoch 25 step 120/140 loss=1.6552
04:24:18 | INFO    | holoqpi.engine.trainer | epoch 25/60 (57s = 12s train + 45s val) | train_loss=0.8011  val_phase_mae=0.1922  val_dice=0.7480  val_cls_acc=0.6457  val_mass_mape=0.2387
04:24:18 | INFO    | holoqpi.engine.trainer |   epoch 26 step 0/140 loss=0.8241
04:24:20 | INFO    | holoqpi.engine.trainer |   epoch 26 step 20/140 loss=0.6575
04:24:22 | INFO    | holoqpi.engine.trainer |   epoch 26 step 40/140 loss=0.6475
04:24:23 | INFO    | holoqpi.engine.trainer |   epoch 26 step 60/140 loss=0.7562
04:24:25 | INFO    | holoqpi.engine.trainer |   epoch 26 step 80/140 loss=0.9021
04:24:27 | INFO    | holoqpi.engine.trainer |   epoch 26 step 100/140 loss=0.7672
04:24:28 | INFO    | holoqpi.engine.trainer |   epoch 26 step 120/140 loss=0.6835
04:25:15 | INFO    | holoqpi.engine.trainer | epoch 26/60 (58s = 12s train + 45s val) | train_loss=0.7910  val_phase_mae=0.1826  val_dice=0.7671  val_cls_acc=0.7008  val_mass_mape=0.2481
04:25:16 | INFO    | holoqpi.engine.trainer |   epoch 27 step 0/140 loss=0.6556
04:25:17 | INFO    | holoqpi.engine.trainer |   epoch 27 step 20/140 loss=0.6278
04:25:19 | INFO    | holoqpi.engine.trainer |   epoch 27 step 40/140 loss=0.9132
04:25:21 | INFO    | holoqpi.engine.trainer |   epoch 27 step 60/140 loss=0.9160
04:25:23 | INFO    | holoqpi.engine.trainer |   epoch 27 step 80/140 loss=0.6263
04:25:24 | INFO    | holoqpi.engine.trainer |   epoch 27 step 100/140 loss=0.9033
04:25:26 | INFO    | holoqpi.engine.trainer |   epoch 27 step 120/140 loss=0.5761
04:26:12 | INFO    | holoqpi.engine.trainer | epoch 27/60 (57s = 12s train + 45s val) | train_loss=0.7741  val_phase_mae=0.1885  val_dice=0.7567  val_cls_acc=0.7244  val_mass_mape=0.2742
04:26:13 | INFO    | holoqpi.engine.trainer |   epoch 28 step 0/140 loss=0.6776
04:26:15 | INFO    | holoqpi.engine.trainer |   epoch 28 step 20/140 loss=0.7008
04:26:16 | INFO    | holoqpi.engine.trainer |   epoch 28 step 40/140 loss=0.6845
04:26:18 | INFO    | holoqpi.engine.trainer |   epoch 28 step 60/140 loss=0.7299
04:26:20 | INFO    | holoqpi.engine.trainer |   epoch 28 step 80/140 loss=0.6938
04:26:21 | INFO    | holoqpi.engine.trainer |   epoch 28 step 100/140 loss=0.8088
04:26:23 | INFO    | holoqpi.engine.trainer |   epoch 28 step 120/140 loss=0.5848
04:27:09 | INFO    | holoqpi.engine.trainer | epoch 28/60 (57s = 12s train + 45s val) | train_loss=0.7759  val_phase_mae=0.1857  val_dice=0.7626  val_cls_acc=0.6772  val_mass_mape=0.2438
04:27:10 | INFO    | holoqpi.engine.trainer |   epoch 29 step 0/140 loss=0.6887
04:27:12 | INFO    | holoqpi.engine.trainer |   epoch 29 step 20/140 loss=0.9575
04:27:13 | INFO    | holoqpi.engine.trainer |   epoch 29 step 40/140 loss=0.8621
04:27:15 | INFO    | holoqpi.engine.trainer |   epoch 29 step 60/140 loss=0.6521
04:27:17 | INFO    | holoqpi.engine.trainer |   epoch 29 step 80/140 loss=1.2031
04:27:19 | INFO    | holoqpi.engine.trainer |   epoch 29 step 100/140 loss=0.6658
04:27:20 | INFO    | holoqpi.engine.trainer |   epoch 29 step 120/140 loss=0.6659
04:28:07 | INFO    | holoqpi.engine.trainer |   new best composite=0.7567
04:28:07 | INFO    | holoqpi.engine.trainer | epoch 29/60 (57s = 12s train + 45s val) | train_loss=0.7586  val_phase_mae=0.1856  val_dice=0.7615  val_cls_acc=0.6535  val_mass_mape=0.2297
04:28:07 | INFO    | holoqpi.engine.trainer |   epoch 30 step 0/140 loss=0.5548
04:28:09 | INFO    | holoqpi.engine.trainer |   epoch 30 step 20/140 loss=0.7571
04:28:11 | INFO    | holoqpi.engine.trainer |   epoch 30 step 40/140 loss=2.0643
04:28:12 | INFO    | holoqpi.engine.trainer |   epoch 30 step 60/140 loss=0.7214
04:28:14 | INFO    | holoqpi.engine.trainer |   epoch 30 step 80/140 loss=0.6722
04:28:16 | INFO    | holoqpi.engine.trainer |   epoch 30 step 100/140 loss=0.8314
04:28:18 | INFO    | holoqpi.engine.trainer |   epoch 30 step 120/140 loss=0.9490
04:29:04 | INFO    | holoqpi.engine.trainer | epoch 30/60 (57s = 12s train + 45s val) | train_loss=0.7676  val_phase_mae=0.1853  val_dice=0.7638  val_cls_acc=0.6850  val_mass_mape=0.2714
04:29:04 | INFO    | holoqpi.engine.trainer |   epoch 31 step 0/140 loss=0.8490
04:29:06 | INFO    | holoqpi.engine.trainer |   epoch 31 step 20/140 loss=0.6901
04:29:08 | INFO    | holoqpi.engine.trainer |   epoch 31 step 40/140 loss=0.8200
04:29:10 | INFO    | holoqpi.engine.trainer |   epoch 31 step 60/140 loss=0.5874
04:29:11 | INFO    | holoqpi.engine.trainer |   epoch 31 step 80/140 loss=0.6255
04:29:13 | INFO    | holoqpi.engine.trainer |   epoch 31 step 100/140 loss=0.8557
04:29:15 | INFO    | holoqpi.engine.trainer |   epoch 31 step 120/140 loss=0.6684
04:30:01 | INFO    | holoqpi.engine.trainer | epoch 31/60 (57s = 12s train + 44s val) | train_loss=0.7683  val_phase_mae=0.1906  val_dice=0.7510  val_cls_acc=0.7244  val_mass_mape=0.2484
04:30:01 | INFO    | holoqpi.engine.trainer |   epoch 32 step 0/140 loss=0.5749
04:30:03 | INFO    | holoqpi.engine.trainer |   epoch 32 step 20/140 loss=1.3963
04:30:04 | INFO    | holoqpi.engine.trainer |   epoch 32 step 40/140 loss=0.7424
04:30:06 | INFO    | holoqpi.engine.trainer |   epoch 32 step 60/140 loss=0.7244
04:30:08 | INFO    | holoqpi.engine.trainer |   epoch 32 step 80/140 loss=0.6253
04:30:10 | INFO    | holoqpi.engine.trainer |   epoch 32 step 100/140 loss=0.9965
04:30:11 | INFO    | holoqpi.engine.trainer |   epoch 32 step 120/140 loss=1.3938
04:30:58 | INFO    | holoqpi.engine.trainer |   new best composite=0.7587
04:30:58 | INFO    | holoqpi.engine.trainer | epoch 32/60 (57s = 12s train + 45s val) | train_loss=0.7644  val_phase_mae=0.1837  val_dice=0.7658  val_cls_acc=0.7638  val_mass_mape=0.2321
04:30:58 | INFO    | holoqpi.engine.trainer |   epoch 33 step 0/140 loss=0.6103
04:31:00 | INFO    | holoqpi.engine.trainer |   epoch 33 step 20/140 loss=0.5847
04:31:02 | INFO    | holoqpi.engine.trainer |   epoch 33 step 40/140 loss=0.7520
04:31:04 | INFO    | holoqpi.engine.trainer |   epoch 33 step 60/140 loss=0.6860
04:31:05 | INFO    | holoqpi.engine.trainer |   epoch 33 step 80/140 loss=0.7189
04:31:07 | INFO    | holoqpi.engine.trainer |   epoch 33 step 100/140 loss=0.6995
04:31:09 | INFO    | holoqpi.engine.trainer |   epoch 33 step 120/140 loss=0.5240
04:31:55 | INFO    | holoqpi.engine.trainer | epoch 33/60 (57s = 12s train + 45s val) | train_loss=0.7540  val_phase_mae=0.1830  val_dice=0.7692  val_cls_acc=0.7402  val_mass_mape=0.2520
04:31:56 | INFO    | holoqpi.engine.trainer |   epoch 34 step 0/140 loss=1.0960
04:31:57 | INFO    | holoqpi.engine.trainer |   epoch 34 step 20/140 loss=0.6791
04:31:59 | INFO    | holoqpi.engine.trainer |   epoch 34 step 40/140 loss=0.5299
04:32:01 | INFO    | holoqpi.engine.trainer |   epoch 34 step 60/140 loss=0.6254
04:32:02 | INFO    | holoqpi.engine.trainer |   epoch 34 step 80/140 loss=0.6787
04:32:04 | INFO    | holoqpi.engine.trainer |   epoch 34 step 100/140 loss=0.9058
04:32:06 | INFO    | holoqpi.engine.trainer |   epoch 34 step 120/140 loss=0.6518
04:32:52 | INFO    | holoqpi.engine.trainer | epoch 34/60 (57s = 12s train + 45s val) | train_loss=0.7408  val_phase_mae=0.1883  val_dice=0.7618  val_cls_acc=0.7874  val_mass_mape=0.2745
04:32:53 | INFO    | holoqpi.engine.trainer |   epoch 35 step 0/140 loss=0.5538
04:32:54 | INFO    | holoqpi.engine.trainer |   epoch 35 step 20/140 loss=0.6501
04:32:56 | INFO    | holoqpi.engine.trainer |   epoch 35 step 40/140 loss=1.2471
04:32:58 | INFO    | holoqpi.engine.trainer |   epoch 35 step 60/140 loss=0.9005
04:32:59 | INFO    | holoqpi.engine.trainer |   epoch 35 step 80/140 loss=0.8139
04:33:01 | INFO    | holoqpi.engine.trainer |   epoch 35 step 100/140 loss=0.7084
04:33:03 | INFO    | holoqpi.engine.trainer |   epoch 35 step 120/140 loss=0.6327
04:33:49 | INFO    | holoqpi.engine.trainer | epoch 35/60 (57s = 12s train + 45s val) | train_loss=0.7398  val_phase_mae=0.1829  val_dice=0.7657  val_cls_acc=0.7480  val_mass_mape=0.2422
04:33:50 | INFO    | holoqpi.engine.trainer |   epoch 36 step 0/140 loss=0.5968
04:33:52 | INFO    | holoqpi.engine.trainer |   epoch 36 step 20/140 loss=0.8505
04:33:53 | INFO    | holoqpi.engine.trainer |   epoch 36 step 40/140 loss=0.5133
04:33:55 | INFO    | holoqpi.engine.trainer |   epoch 36 step 60/140 loss=0.6365
04:33:57 | INFO    | holoqpi.engine.trainer |   epoch 36 step 80/140 loss=1.2167
04:33:58 | INFO    | holoqpi.engine.trainer |   epoch 36 step 100/140 loss=1.2635
04:34:00 | INFO    | holoqpi.engine.trainer |   epoch 36 step 120/140 loss=0.8214
04:34:47 | INFO    | holoqpi.engine.trainer | epoch 36/60 (57s = 12s train + 45s val) | train_loss=0.7444  val_phase_mae=0.1844  val_dice=0.7615  val_cls_acc=0.7402  val_mass_mape=0.2356
04:34:47 | INFO    | holoqpi.engine.trainer |   epoch 37 step 0/140 loss=1.1164
04:34:49 | INFO    | holoqpi.engine.trainer |   epoch 37 step 20/140 loss=0.6742
04:34:51 | INFO    | holoqpi.engine.trainer |   epoch 37 step 40/140 loss=0.5877
04:34:52 | INFO    | holoqpi.engine.trainer |   epoch 37 step 60/140 loss=0.7640
04:34:54 | INFO    | holoqpi.engine.trainer |   epoch 37 step 80/140 loss=0.6973
04:34:56 | INFO    | holoqpi.engine.trainer |   epoch 37 step 100/140 loss=0.5746
04:34:58 | INFO    | holoqpi.engine.trainer |   epoch 37 step 120/140 loss=0.5662
04:35:44 | INFO    | holoqpi.engine.trainer | epoch 37/60 (57s = 13s train + 45s val) | train_loss=0.7342  val_phase_mae=0.1850  val_dice=0.7606  val_cls_acc=0.6929  val_mass_mape=0.2346
04:35:44 | INFO    | holoqpi.engine.trainer |   epoch 38 step 0/140 loss=0.7096
04:35:46 | INFO    | holoqpi.engine.trainer |   epoch 38 step 20/140 loss=0.7165
04:35:48 | INFO    | holoqpi.engine.trainer |   epoch 38 step 40/140 loss=0.6346
04:35:49 | INFO    | holoqpi.engine.trainer |   epoch 38 step 60/140 loss=0.6606
04:35:51 | INFO    | holoqpi.engine.trainer |   epoch 38 step 80/140 loss=0.6513
04:35:53 | INFO    | holoqpi.engine.trainer |   epoch 38 step 100/140 loss=0.7311
04:35:55 | INFO    | holoqpi.engine.trainer |   epoch 38 step 120/140 loss=0.6370
04:36:41 | INFO    | holoqpi.engine.trainer | epoch 38/60 (58s = 12s train + 45s val) | train_loss=0.7351  val_phase_mae=0.1858  val_dice=0.7577  val_cls_acc=0.7480  val_mass_mape=0.2251
04:36:42 | INFO    | holoqpi.engine.trainer |   epoch 39 step 0/140 loss=0.6796
04:36:44 | INFO    | holoqpi.engine.trainer |   epoch 39 step 20/140 loss=0.5399
04:36:45 | INFO    | holoqpi.engine.trainer |   epoch 39 step 40/140 loss=0.8671
04:36:47 | INFO    | holoqpi.engine.trainer |   epoch 39 step 60/140 loss=0.7346
04:36:49 | INFO    | holoqpi.engine.trainer |   epoch 39 step 80/140 loss=0.5379
04:36:51 | INFO    | holoqpi.engine.trainer |   epoch 39 step 100/140 loss=0.5828
04:36:52 | INFO    | holoqpi.engine.trainer |   epoch 39 step 120/140 loss=0.7824
04:37:39 | INFO    | holoqpi.engine.trainer | epoch 39/60 (58s = 12s train + 46s val) | train_loss=0.7324  val_phase_mae=0.1877  val_dice=0.7610  val_cls_acc=0.7795  val_mass_mape=0.2609
04:37:40 | INFO    | holoqpi.engine.trainer |   epoch 40 step 0/140 loss=1.0273
04:37:42 | INFO    | holoqpi.engine.trainer |   epoch 40 step 20/140 loss=0.6856
04:37:43 | INFO    | holoqpi.engine.trainer |   epoch 40 step 40/140 loss=1.4358
04:37:45 | INFO    | holoqpi.engine.trainer |   epoch 40 step 60/140 loss=0.6199
04:37:47 | INFO    | holoqpi.engine.trainer |   epoch 40 step 80/140 loss=0.9394
04:37:49 | INFO    | holoqpi.engine.trainer |   epoch 40 step 100/140 loss=0.8578
04:37:50 | INFO    | holoqpi.engine.trainer |   epoch 40 step 120/140 loss=0.5333
04:38:37 | INFO    | holoqpi.engine.trainer | epoch 40/60 (58s = 13s train + 45s val) | train_loss=0.7194  val_phase_mae=0.1860  val_dice=0.7602  val_cls_acc=0.7717  val_mass_mape=0.2491
04:38:38 | INFO    | holoqpi.engine.trainer |   epoch 41 step 0/140 loss=0.7232
04:38:40 | INFO    | holoqpi.engine.trainer |   epoch 41 step 20/140 loss=0.5120
04:38:41 | INFO    | holoqpi.engine.trainer |   epoch 41 step 40/140 loss=0.5779
04:38:43 | INFO    | holoqpi.engine.trainer |   epoch 41 step 60/140 loss=0.7346
04:38:45 | INFO    | holoqpi.engine.trainer |   epoch 41 step 80/140 loss=0.8700
04:38:46 | INFO    | holoqpi.engine.trainer |   epoch 41 step 100/140 loss=0.8682
04:38:48 | INFO    | holoqpi.engine.trainer |   epoch 41 step 120/140 loss=0.5673
04:39:35 | INFO    | holoqpi.engine.trainer | epoch 41/60 (57s = 12s train + 45s val) | train_loss=0.7223  val_phase_mae=0.1869  val_dice=0.7602  val_cls_acc=0.7323  val_mass_mape=0.2643
04:39:35 | INFO    | holoqpi.engine.trainer |   epoch 42 step 0/140 loss=0.5671
04:39:37 | INFO    | holoqpi.engine.trainer |   epoch 42 step 20/140 loss=0.5657
04:39:38 | INFO    | holoqpi.engine.trainer |   epoch 42 step 40/140 loss=0.5602
04:39:40 | INFO    | holoqpi.engine.trainer |   epoch 42 step 60/140 loss=0.9106
04:39:42 | INFO    | holoqpi.engine.trainer |   epoch 42 step 80/140 loss=1.5638
04:39:44 | INFO    | holoqpi.engine.trainer |   epoch 42 step 100/140 loss=0.9963
04:39:45 | INFO    | holoqpi.engine.trainer |   epoch 42 step 120/140 loss=0.6224
04:40:32 | INFO    | holoqpi.engine.trainer |   new best composite=0.7587
04:40:32 | INFO    | holoqpi.engine.trainer | epoch 42/60 (57s = 12s train + 45s val) | train_loss=0.7053  val_phase_mae=0.1832  val_dice=0.7647  val_cls_acc=0.7953  val_mass_mape=0.2295
04:40:33 | INFO    | holoqpi.engine.trainer |   epoch 43 step 0/140 loss=0.5242
04:40:35 | INFO    | holoqpi.engine.trainer |   epoch 43 step 20/140 loss=0.5891
04:40:36 | INFO    | holoqpi.engine.trainer |   epoch 43 step 40/140 loss=1.5757
04:40:38 | INFO    | holoqpi.engine.trainer |   epoch 43 step 60/140 loss=0.7167
04:40:40 | INFO    | holoqpi.engine.trainer |   epoch 43 step 80/140 loss=0.7527
04:40:42 | INFO    | holoqpi.engine.trainer |   epoch 43 step 100/140 loss=0.5106
04:40:43 | INFO    | holoqpi.engine.trainer |   epoch 43 step 120/140 loss=0.9661
04:41:30 | INFO    | holoqpi.engine.trainer | epoch 43/60 (57s = 13s train + 45s val) | train_loss=0.7192  val_phase_mae=0.1832  val_dice=0.7627  val_cls_acc=0.7480  val_mass_mape=0.2320
04:41:30 | INFO    | holoqpi.engine.trainer |   epoch 44 step 0/140 loss=0.5385
04:41:32 | INFO    | holoqpi.engine.trainer |   epoch 44 step 20/140 loss=0.5406
04:41:34 | INFO    | holoqpi.engine.trainer |   epoch 44 step 40/140 loss=0.6626
04:41:35 | INFO    | holoqpi.engine.trainer |   epoch 44 step 60/140 loss=0.4802
04:41:37 | INFO    | holoqpi.engine.trainer |   epoch 44 step 80/140 loss=0.8945
04:41:39 | INFO    | holoqpi.engine.trainer |   epoch 44 step 100/140 loss=0.7692
04:41:41 | INFO    | holoqpi.engine.trainer |   epoch 44 step 120/140 loss=0.5846
04:42:27 | INFO    | holoqpi.engine.trainer |   new best composite=0.7591
04:42:27 | INFO    | holoqpi.engine.trainer | epoch 44/60 (57s = 12s train + 45s val) | train_loss=0.7048  val_phase_mae=0.1819  val_dice=0.7657  val_cls_acc=0.7953  val_mass_mape=0.2314
04:42:28 | INFO    | holoqpi.engine.trainer |   epoch 45 step 0/140 loss=0.6951
04:42:30 | INFO    | holoqpi.engine.trainer |   epoch 45 step 20/140 loss=0.4804
04:42:31 | INFO    | holoqpi.engine.trainer |   epoch 45 step 40/140 loss=0.7823
04:42:33 | INFO    | holoqpi.engine.trainer |   epoch 45 step 60/140 loss=0.6919
04:42:35 | INFO    | holoqpi.engine.trainer |   epoch 45 step 80/140 loss=0.8766
04:42:37 | INFO    | holoqpi.engine.trainer |   epoch 45 step 100/140 loss=0.7001
04:42:38 | INFO    | holoqpi.engine.trainer |   epoch 45 step 120/140 loss=0.8175
04:43:25 | INFO    | holoqpi.engine.trainer | epoch 45/60 (58s = 12s train + 45s val) | train_loss=0.7067  val_phase_mae=0.1821  val_dice=0.7677  val_cls_acc=0.7638  val_mass_mape=0.2414
04:43:25 | INFO    | holoqpi.engine.trainer |   epoch 46 step 0/140 loss=0.5475
04:43:27 | INFO    | holoqpi.engine.trainer |   epoch 46 step 20/140 loss=0.9324
04:43:29 | INFO    | holoqpi.engine.trainer |   epoch 46 step 40/140 loss=0.5613
04:43:30 | INFO    | holoqpi.engine.trainer |   epoch 46 step 60/140 loss=0.6925
04:43:32 | INFO    | holoqpi.engine.trainer |   epoch 46 step 80/140 loss=0.5618
04:43:34 | INFO    | holoqpi.engine.trainer |   epoch 46 step 100/140 loss=1.3687
04:43:36 | INFO    | holoqpi.engine.trainer |   epoch 46 step 120/140 loss=0.5123
04:44:22 | INFO    | holoqpi.engine.trainer | epoch 46/60 (58s = 12s train + 45s val) | train_loss=0.6854  val_phase_mae=0.1829  val_dice=0.7658  val_cls_acc=0.7795  val_mass_mape=0.2409
04:44:23 | INFO    | holoqpi.engine.trainer |   epoch 47 step 0/140 loss=0.6405
04:44:25 | INFO    | holoqpi.engine.trainer |   epoch 47 step 20/140 loss=0.6779
04:44:26 | INFO    | holoqpi.engine.trainer |   epoch 47 step 40/140 loss=0.4624
04:44:28 | INFO    | holoqpi.engine.trainer |   epoch 47 step 60/140 loss=0.5532
04:44:30 | INFO    | holoqpi.engine.trainer |   epoch 47 step 80/140 loss=0.8038
04:44:32 | INFO    | holoqpi.engine.trainer |   epoch 47 step 100/140 loss=0.5861
04:44:33 | INFO    | holoqpi.engine.trainer |   epoch 47 step 120/140 loss=0.8509
04:45:20 | INFO    | holoqpi.engine.trainer |   new best composite=0.7592
04:45:20 | INFO    | holoqpi.engine.trainer | epoch 47/60 (58s = 12s train + 45s val) | train_loss=0.6948  val_phase_mae=0.1825  val_dice=0.7666  val_cls_acc=0.7402  val_mass_mape=0.2285
04:45:21 | INFO    | holoqpi.engine.trainer |   epoch 48 step 0/140 loss=0.5250
04:45:23 | INFO    | holoqpi.engine.trainer |   epoch 48 step 20/140 loss=0.7882
04:45:24 | INFO    | holoqpi.engine.trainer |   epoch 48 step 40/140 loss=0.7040
04:45:26 | INFO    | holoqpi.engine.trainer |   epoch 48 step 60/140 loss=0.6280
04:45:28 | INFO    | holoqpi.engine.trainer |   epoch 48 step 80/140 loss=0.6156
04:45:29 | INFO    | holoqpi.engine.trainer |   epoch 48 step 100/140 loss=0.6293
04:45:31 | INFO    | holoqpi.engine.trainer |   epoch 48 step 120/140 loss=0.5762
04:46:18 | INFO    | holoqpi.engine.trainer |   new best composite=0.7592
04:46:18 | INFO    | holoqpi.engine.trainer | epoch 48/60 (57s = 12s train + 45s val) | train_loss=0.6858  val_phase_mae=0.1818  val_dice=0.7638  val_cls_acc=0.7402  val_mass_mape=0.2245
04:46:18 | INFO    | holoqpi.engine.trainer |   epoch 49 step 0/140 loss=0.6813
04:46:20 | INFO    | holoqpi.engine.trainer |   epoch 49 step 20/140 loss=0.5544
04:46:22 | INFO    | holoqpi.engine.trainer |   epoch 49 step 40/140 loss=0.5409
04:46:23 | INFO    | holoqpi.engine.trainer |   epoch 49 step 60/140 loss=0.8029
04:46:25 | INFO    | holoqpi.engine.trainer |   epoch 49 step 80/140 loss=0.5279
04:46:27 | INFO    | holoqpi.engine.trainer |   epoch 49 step 100/140 loss=0.7193
04:46:28 | INFO    | holoqpi.engine.trainer |   epoch 49 step 120/140 loss=0.9237
04:47:15 | INFO    | holoqpi.engine.trainer |   new best composite=0.7600
04:47:15 | INFO    | holoqpi.engine.trainer | epoch 49/60 (57s = 12s train + 45s val) | train_loss=0.6888  val_phase_mae=0.1822  val_dice=0.7650  val_cls_acc=0.8110  val_mass_mape=0.2240
04:47:16 | INFO    | holoqpi.engine.trainer |   epoch 50 step 0/140 loss=0.8474
04:47:17 | INFO    | holoqpi.engine.trainer |   epoch 50 step 20/140 loss=0.7396
04:47:19 | INFO    | holoqpi.engine.trainer |   epoch 50 step 40/140 loss=0.6357
04:47:21 | INFO    | holoqpi.engine.trainer |   epoch 50 step 60/140 loss=0.6532
04:47:23 | INFO    | holoqpi.engine.trainer |   epoch 50 step 80/140 loss=0.4975
04:47:24 | INFO    | holoqpi.engine.trainer |   epoch 50 step 100/140 loss=0.9997
04:47:26 | INFO    | holoqpi.engine.trainer |   epoch 50 step 120/140 loss=0.5928
04:48:12 | INFO    | holoqpi.engine.trainer |   new best composite=0.7601
04:48:12 | INFO    | holoqpi.engine.trainer | epoch 50/60 (57s = 12s train + 45s val) | train_loss=0.6945  val_phase_mae=0.1806  val_dice=0.7678  val_cls_acc=0.7953  val_mass_mape=0.2312
04:48:13 | INFO    | holoqpi.engine.trainer |   epoch 51 step 0/140 loss=0.5771
04:48:15 | INFO    | holoqpi.engine.trainer |   epoch 51 step 20/140 loss=0.5608
04:48:16 | INFO    | holoqpi.engine.trainer |   epoch 51 step 40/140 loss=0.5178
04:48:18 | INFO    | holoqpi.engine.trainer |   epoch 51 step 60/140 loss=0.5200
04:48:20 | INFO    | holoqpi.engine.trainer |   epoch 51 step 80/140 loss=0.5533
04:48:21 | INFO    | holoqpi.engine.trainer |   epoch 51 step 100/140 loss=0.5250
04:48:23 | INFO    | holoqpi.engine.trainer |   epoch 51 step 120/140 loss=0.5177
04:49:09 | INFO    | holoqpi.engine.trainer |   new best composite=0.7604
04:49:09 | INFO    | holoqpi.engine.trainer | epoch 51/60 (57s = 12s train + 44s val) | train_loss=0.6765  val_phase_mae=0.1807  val_dice=0.7655  val_cls_acc=0.8189  val_mass_mape=0.2242
04:49:10 | INFO    | holoqpi.engine.trainer |   epoch 52 step 0/140 loss=0.7542
04:49:12 | INFO    | holoqpi.engine.trainer |   epoch 52 step 20/140 loss=0.5877
04:49:13 | INFO    | holoqpi.engine.trainer |   epoch 52 step 40/140 loss=0.6787
04:49:15 | INFO    | holoqpi.engine.trainer |   epoch 52 step 60/140 loss=0.8995
04:49:17 | INFO    | holoqpi.engine.trainer |   epoch 52 step 80/140 loss=0.5360
04:49:19 | INFO    | holoqpi.engine.trainer |   epoch 52 step 100/140 loss=0.5613
04:49:20 | INFO    | holoqpi.engine.trainer |   epoch 52 step 120/140 loss=0.4091
04:50:07 | INFO    | holoqpi.engine.trainer |   new best composite=0.7604
04:50:07 | INFO    | holoqpi.engine.trainer | epoch 52/60 (57s = 12s train + 45s val) | train_loss=0.6821  val_phase_mae=0.1803  val_dice=0.7699  val_cls_acc=0.8189  val_mass_mape=0.2334
04:50:08 | INFO    | holoqpi.engine.trainer |   epoch 53 step 0/140 loss=0.7497
04:50:10 | INFO    | holoqpi.engine.trainer |   epoch 53 step 20/140 loss=0.9100
04:50:11 | INFO    | holoqpi.engine.trainer |   epoch 53 step 40/140 loss=0.8131
04:50:13 | INFO    | holoqpi.engine.trainer |   epoch 53 step 60/140 loss=0.4453
04:50:15 | INFO    | holoqpi.engine.trainer |   epoch 53 step 80/140 loss=0.5591
04:50:16 | INFO    | holoqpi.engine.trainer |   epoch 53 step 100/140 loss=0.6434
04:50:18 | INFO    | holoqpi.engine.trainer |   epoch 53 step 120/140 loss=0.5829
04:51:05 | INFO    | holoqpi.engine.trainer |   new best composite=0.7615
04:51:05 | INFO    | holoqpi.engine.trainer | epoch 53/60 (58s = 12s train + 45s val) | train_loss=0.6741  val_phase_mae=0.1813  val_dice=0.7697  val_cls_acc=0.8031  val_mass_mape=0.2300
04:51:06 | INFO    | holoqpi.engine.trainer |   epoch 54 step 0/140 loss=0.5295
04:51:07 | INFO    | holoqpi.engine.trainer |   epoch 54 step 20/140 loss=1.0715
04:51:09 | INFO    | holoqpi.engine.trainer |   epoch 54 step 40/140 loss=0.8615
04:51:11 | INFO    | holoqpi.engine.trainer |   epoch 54 step 60/140 loss=0.9645
04:51:13 | INFO    | holoqpi.engine.trainer |   epoch 54 step 80/140 loss=0.4824
04:51:14 | INFO    | holoqpi.engine.trainer |   epoch 54 step 100/140 loss=0.8151
04:51:16 | INFO    | holoqpi.engine.trainer |   epoch 54 step 120/140 loss=0.4514
04:52:03 | INFO    | holoqpi.engine.trainer | epoch 54/60 (57s = 12s train + 45s val) | train_loss=0.6881  val_phase_mae=0.1810  val_dice=0.7681  val_cls_acc=0.8189  val_mass_mape=0.2275
04:52:03 | INFO    | holoqpi.engine.trainer |   epoch 55 step 0/140 loss=0.6212
04:52:05 | INFO    | holoqpi.engine.trainer |   epoch 55 step 20/140 loss=0.5999
04:52:06 | INFO    | holoqpi.engine.trainer |   epoch 55 step 40/140 loss=0.5853
04:52:08 | INFO    | holoqpi.engine.trainer |   epoch 55 step 60/140 loss=0.5823
04:52:10 | INFO    | holoqpi.engine.trainer |   epoch 55 step 80/140 loss=0.4632
04:52:12 | INFO    | holoqpi.engine.trainer |   epoch 55 step 100/140 loss=0.5794
04:52:13 | INFO    | holoqpi.engine.trainer |   epoch 55 step 120/140 loss=0.8202
04:53:00 | INFO    | holoqpi.engine.trainer | epoch 55/60 (57s = 12s train + 45s val) | train_loss=0.6738  val_phase_mae=0.1813  val_dice=0.7691  val_cls_acc=0.7638  val_mass_mape=0.2336
04:53:00 | INFO    | holoqpi.engine.trainer |   epoch 56 step 0/140 loss=0.5764
04:53:02 | INFO    | holoqpi.engine.trainer |   epoch 56 step 20/140 loss=0.7041
04:53:04 | INFO    | holoqpi.engine.trainer |   epoch 56 step 40/140 loss=0.5537
04:53:05 | INFO    | holoqpi.engine.trainer |   epoch 56 step 60/140 loss=0.5120
04:53:07 | INFO    | holoqpi.engine.trainer |   epoch 56 step 80/140 loss=0.9890
04:53:09 | INFO    | holoqpi.engine.trainer |   epoch 56 step 100/140 loss=0.6046
04:53:10 | INFO    | holoqpi.engine.trainer |   epoch 56 step 120/140 loss=0.8843
04:53:57 | INFO    | holoqpi.engine.trainer |   new best composite=0.7616
04:53:57 | INFO    | holoqpi.engine.trainer | epoch 56/60 (57s = 12s train + 45s val) | train_loss=0.6677  val_phase_mae=0.1803  val_dice=0.7683  val_cls_acc=0.8189  val_mass_mape=0.2274
04:53:57 | INFO    | holoqpi.engine.trainer |   epoch 57 step 0/140 loss=0.5641
04:53:59 | INFO    | holoqpi.engine.trainer |   epoch 57 step 20/140 loss=0.7971
04:54:01 | INFO    | holoqpi.engine.trainer |   epoch 57 step 40/140 loss=0.7348
04:54:03 | INFO    | holoqpi.engine.trainer |   epoch 57 step 60/140 loss=0.5710
04:54:04 | INFO    | holoqpi.engine.trainer |   epoch 57 step 80/140 loss=0.5707
04:54:06 | INFO    | holoqpi.engine.trainer |   epoch 57 step 100/140 loss=0.5931
04:54:08 | INFO    | holoqpi.engine.trainer |   epoch 57 step 120/140 loss=0.5513
04:54:54 | INFO    | holoqpi.engine.trainer | epoch 57/60 (57s = 13s train + 45s val) | train_loss=0.6628  val_phase_mae=0.1805  val_dice=0.7682  val_cls_acc=0.7717  val_mass_mape=0.2312
04:54:55 | INFO    | holoqpi.engine.trainer |   epoch 58 step 0/140 loss=0.7593
04:54:56 | INFO    | holoqpi.engine.trainer |   epoch 58 step 20/140 loss=0.7171
04:54:58 | INFO    | holoqpi.engine.trainer |   epoch 58 step 40/140 loss=0.7068
04:55:00 | INFO    | holoqpi.engine.trainer |   epoch 58 step 60/140 loss=0.6392
04:55:01 | INFO    | holoqpi.engine.trainer |   epoch 58 step 80/140 loss=0.8971
04:55:03 | INFO    | holoqpi.engine.trainer |   epoch 58 step 100/140 loss=0.5316
04:55:05 | INFO    | holoqpi.engine.trainer |   epoch 58 step 120/140 loss=0.7334
04:55:51 | INFO    | holoqpi.engine.trainer | epoch 58/60 (57s = 12s train + 45s val) | train_loss=0.6762  val_phase_mae=0.1807  val_dice=0.7679  val_cls_acc=0.8189  val_mass_mape=0.2298
04:55:52 | INFO    | holoqpi.engine.trainer |   epoch 59 step 0/140 loss=0.5554
04:55:53 | INFO    | holoqpi.engine.trainer |   epoch 59 step 20/140 loss=0.6949
04:55:55 | INFO    | holoqpi.engine.trainer |   epoch 59 step 40/140 loss=0.5178
04:55:57 | INFO    | holoqpi.engine.trainer |   epoch 59 step 60/140 loss=0.6212
04:55:59 | INFO    | holoqpi.engine.trainer |   epoch 59 step 80/140 loss=0.5502
04:56:00 | INFO    | holoqpi.engine.trainer |   epoch 59 step 100/140 loss=0.4706
04:56:02 | INFO    | holoqpi.engine.trainer |   epoch 59 step 120/140 loss=0.5510
04:56:49 | INFO    | holoqpi.engine.trainer |   new best composite=0.7620
04:56:49 | INFO    | holoqpi.engine.trainer | epoch 59/60 (57s = 12s train + 45s val) | train_loss=0.6583  val_phase_mae=0.1803  val_dice=0.7693  val_cls_acc=0.7795  val_mass_mape=0.2250
04:56:49 | INFO    | holoqpi.engine.trainer |   epoch 60 step 0/140 loss=0.5006
04:56:51 | INFO    | holoqpi.engine.trainer |   epoch 60 step 20/140 loss=1.1512
04:56:53 | INFO    | holoqpi.engine.trainer |   epoch 60 step 40/140 loss=1.6094
04:56:55 | INFO    | holoqpi.engine.trainer |   epoch 60 step 60/140 loss=0.5857
04:56:56 | INFO    | holoqpi.engine.trainer |   epoch 60 step 80/140 loss=0.5705
04:56:58 | INFO    | holoqpi.engine.trainer |   epoch 60 step 100/140 loss=0.6936
04:57:00 | INFO    | holoqpi.engine.trainer |   epoch 60 step 120/140 loss=0.6537
04:57:46 | INFO    | holoqpi.engine.trainer | epoch 60/60 (57s = 12s train + 45s val) | train_loss=0.6630  val_phase_mae=0.1811  val_dice=0.7684  val_cls_acc=0.7953  val_mass_mape=0.2350
04:57:46 | INFO    | holoqpi.engine.trainer | training finished; best epoch 59 (composite=0.7620)
04:57:46 | INFO    | holoqpi.engine.trainer | checkpoint best_model.pt: 446/446 tensors matched
04:58:27 | INFO    | holoqpi.engine.compare | modality=gabor test metrics written to runs/base_gabor
04:58:28 | INFO    | holoqpi.engine.compare | comparison table written to runs/base_modality_comparison.csv
