04:58:32 | INFO    | holoqpi.engine.compare | ======================================================================
04:58:32 | INFO    | holoqpi.engine.compare | modality=off_axis  device=cuda  run_dir=runs/no_physics_off_axis
04:58:32 | INFO    | holoqpi.engine.compare | ======================================================================
04:58:32 | INFO    | holoqpi.data.dataset | train split: 560 samples | modality=off_axis | crop=512 | augment=True
04:58:32 | INFO    | holoqpi.data.dataset | val split: 127 samples | modality=off_axis | crop=None | augment=False
04:58:32 | INFO    | holoqpi.data.dataset | test split: 113 samples | modality=off_axis | crop=None | augment=False
04:58:33 | INFO    | holoqpi.models.encoders | encoder=mobilenet_v2 in_channels=1 pretrained=True stages=[16, 24, 32, 96, 1280]
04:58:33 | INFO    | holoqpi.models.holonet | HoloQPINet built: 9.76M parameters, 9.76M trainable (100.0%)
04:58:35 | INFO    | holoqpi.engine.trainer | trainable 9.76M / 9.76M parameters (100.0%)
04:58:35 | INFO    | holoqpi.engine.trainer | active physics terms: none
04:58:40 | INFO    | holoqpi.engine.trainer |   epoch 1 step 0/140 loss=2.0715
04:58:42 | INFO    | holoqpi.engine.trainer |   epoch 1 step 20/140 loss=1.8769
04:58:44 | INFO    | holoqpi.engine.trainer |   epoch 1 step 40/140 loss=1.6198
04:58:46 | INFO    | holoqpi.engine.trainer |   epoch 1 step 60/140 loss=1.4286
04:58:47 | INFO    | holoqpi.engine.trainer |   epoch 1 step 80/140 loss=1.3874
04:58:49 | INFO    | holoqpi.engine.trainer |   epoch 1 step 100/140 loss=1.3538
04:58:51 | INFO    | holoqpi.engine.trainer |   epoch 1 step 120/140 loss=1.2261
04:59:46 | INFO    | holoqpi.engine.trainer |   new best composite=0.5931
04:59:46 | INFO    | holoqpi.engine.trainer | epoch 1/60 (72s = 18s train + 53s val) | train_loss=1.5168  val_phase_mae=0.2733  val_dice=0.6323  val_cls_acc=0.2756  val_mass_mape=0.4089
04:59:46 | INFO    | holoqpi.engine.trainer |   at this rate the full 60-epoch schedule takes about 72 min
04:59:47 | INFO    | holoqpi.engine.trainer |   epoch 2 step 0/140 loss=1.2067
04:59:49 | INFO    | holoqpi.engine.trainer |   epoch 2 step 20/140 loss=1.1407
04:59:51 | INFO    | holoqpi.engine.trainer |   epoch 2 step 40/140 loss=1.1441
04:59:53 | INFO    | holoqpi.engine.trainer |   epoch 2 step 60/140 loss=1.0097
04:59:55 | INFO    | holoqpi.engine.trainer |   epoch 2 step 80/140 loss=1.0127
04:59:57 | INFO    | holoqpi.engine.trainer |   epoch 2 step 100/140 loss=0.9991
04:59:59 | INFO    | holoqpi.engine.trainer |   epoch 2 step 120/140 loss=1.0943
05:00:50 | INFO    | holoqpi.engine.trainer |   new best composite=0.6746
05:00:50 | INFO    | holoqpi.engine.trainer | epoch 2/60 (63s = 14s train + 49s val) | train_loss=1.0677  val_phase_mae=0.2309  val_dice=0.7291  val_cls_acc=0.2520  val_mass_mape=0.4465
05:00:50 | INFO    | holoqpi.engine.trainer |   epoch 3 step 0/140 loss=0.9475
05:00:52 | INFO    | holoqpi.engine.trainer |   epoch 3 step 20/140 loss=0.7945
05:00:54 | INFO    | holoqpi.engine.trainer |   epoch 3 step 40/140 loss=0.8984
05:00:56 | INFO    | holoqpi.engine.trainer |   epoch 3 step 60/140 loss=0.9334
05:00:58 | INFO    | holoqpi.engine.trainer |   epoch 3 step 80/140 loss=0.9266
05:00:59 | INFO    | holoqpi.engine.trainer |   epoch 3 step 100/140 loss=0.9278
05:01:01 | INFO    | holoqpi.engine.trainer |   epoch 3 step 120/140 loss=0.7934
05:01:53 | INFO    | holoqpi.engine.trainer |   new best composite=0.7366
05:01:53 | INFO    | holoqpi.engine.trainer | epoch 3/60 (63s = 14s train + 50s val) | train_loss=0.8798  val_phase_mae=0.2029  val_dice=0.7727  val_cls_acc=0.3937  val_mass_mape=0.3291
05:01:54 | INFO    | holoqpi.engine.trainer |   epoch 4 step 0/140 loss=0.8489
05:01:56 | INFO    | holoqpi.engine.trainer |   epoch 4 step 20/140 loss=0.7723
05:01:58 | INFO    | holoqpi.engine.trainer |   epoch 4 step 40/140 loss=1.0067
05:02:00 | INFO    | holoqpi.engine.trainer |   epoch 4 step 60/140 loss=0.8431
05:02:02 | INFO    | holoqpi.engine.trainer |   epoch 4 step 80/140 loss=0.8099
05:02:04 | INFO    | holoqpi.engine.trainer |   epoch 4 step 100/140 loss=0.7916
05:02:05 | INFO    | holoqpi.engine.trainer |   epoch 4 step 120/140 loss=0.7400
05:02:56 | INFO    | holoqpi.engine.trainer |   new best composite=0.7657
05:02:56 | INFO    | holoqpi.engine.trainer | epoch 4/60 (62s = 14s train + 48s val) | train_loss=0.8295  val_phase_mae=0.1880  val_dice=0.7773  val_cls_acc=0.3150  val_mass_mape=0.2298
05:02:56 | INFO    | holoqpi.engine.trainer |   epoch 5 step 0/140 loss=0.8356
05:02:58 | INFO    | holoqpi.engine.trainer |   epoch 5 step 20/140 loss=0.7889
05:03:00 | INFO    | holoqpi.engine.trainer |   epoch 5 step 40/140 loss=0.8497
05:03:02 | INFO    | holoqpi.engine.trainer |   epoch 5 step 60/140 loss=0.7165
05:03:04 | INFO    | holoqpi.engine.trainer |   epoch 5 step 80/140 loss=0.8589
05:03:06 | INFO    | holoqpi.engine.trainer |   epoch 5 step 100/140 loss=0.7972
05:03:08 | INFO    | holoqpi.engine.trainer |   epoch 5 step 120/140 loss=0.6649
05:03:59 | INFO    | holoqpi.engine.trainer | epoch 5/60 (63s = 14s train + 49s val) | train_loss=0.7830  val_phase_mae=0.1912  val_dice=0.7702  val_cls_acc=0.2677  val_mass_mape=0.2959
05:04:00 | INFO    | holoqpi.engine.trainer |   epoch 6 step 0/140 loss=0.7605
05:04:02 | INFO    | holoqpi.engine.trainer |   epoch 6 step 20/140 loss=0.8312
05:04:04 | INFO    | holoqpi.engine.trainer |   epoch 6 step 40/140 loss=0.7280
05:04:05 | INFO    | holoqpi.engine.trainer |   epoch 6 step 60/140 loss=0.6170
05:04:07 | INFO    | holoqpi.engine.trainer |   epoch 6 step 80/140 loss=0.6443
05:04:10 | INFO    | holoqpi.engine.trainer |   epoch 6 step 100/140 loss=0.8193
05:04:11 | INFO    | holoqpi.engine.trainer |   epoch 6 step 120/140 loss=0.7084
05:05:04 | INFO    | holoqpi.engine.trainer | epoch 6/60 (65s = 14s train + 51s val) | train_loss=0.7529  val_phase_mae=0.1988  val_dice=0.7865  val_cls_acc=0.2756  val_mass_mape=0.4042
05:05:04 | INFO    | holoqpi.engine.trainer |   epoch 7 step 0/140 loss=0.6920
05:05:06 | INFO    | holoqpi.engine.trainer |   epoch 7 step 20/140 loss=0.6910
05:05:08 | INFO    | holoqpi.engine.trainer |   epoch 7 step 40/140 loss=0.7118
05:05:10 | INFO    | holoqpi.engine.trainer |   epoch 7 step 60/140 loss=0.6807
05:05:12 | INFO    | holoqpi.engine.trainer |   epoch 7 step 80/140 loss=0.7506
05:05:14 | INFO    | holoqpi.engine.trainer |   epoch 7 step 100/140 loss=0.7299
05:05:16 | INFO    | holoqpi.engine.trainer |   epoch 7 step 120/140 loss=0.8626
05:06:07 | INFO    | holoqpi.engine.trainer |   new best composite=0.7763
05:06:07 | INFO    | holoqpi.engine.trainer | epoch 7/60 (63s = 14s train + 49s val) | train_loss=0.7318  val_phase_mae=0.1864  val_dice=0.7957  val_cls_acc=0.3858  val_mass_mape=0.2382
05:06:08 | INFO    | holoqpi.engine.trainer |   epoch 8 step 0/140 loss=0.7049
05:06:10 | INFO    | holoqpi.engine.trainer |   epoch 8 step 20/140 loss=0.6745
05:06:12 | INFO    | holoqpi.engine.trainer |   epoch 8 step 40/140 loss=0.8159
05:06:14 | INFO    | holoqpi.engine.trainer |   epoch 8 step 60/140 loss=0.6620
05:06:16 | INFO    | holoqpi.engine.trainer |   epoch 8 step 80/140 loss=0.7129
05:06:18 | INFO    | holoqpi.engine.trainer |   epoch 8 step 100/140 loss=0.7367
05:06:20 | INFO    | holoqpi.engine.trainer |   epoch 8 step 120/140 loss=0.7959
05:07:10 | INFO    | holoqpi.engine.trainer |   new best composite=0.7843
05:07:10 | INFO    | holoqpi.engine.trainer | epoch 8/60 (63s = 14s train + 49s val) | train_loss=0.7151  val_phase_mae=0.1894  val_dice=0.7973  val_cls_acc=0.3228  val_mass_mape=0.2111
05:07:11 | INFO    | holoqpi.engine.trainer |   epoch 9 step 0/140 loss=0.7296
05:07:13 | INFO    | holoqpi.engine.trainer |   epoch 9 step 20/140 loss=0.5676
05:07:15 | INFO    | holoqpi.engine.trainer |   epoch 9 step 40/140 loss=0.6419
05:07:17 | INFO    | holoqpi.engine.trainer |   epoch 9 step 60/140 loss=0.7980
05:07:18 | INFO    | holoqpi.engine.trainer |   epoch 9 step 80/140 loss=0.8037
05:07:20 | INFO    | holoqpi.engine.trainer |   epoch 9 step 100/140 loss=0.7471
05:07:22 | INFO    | holoqpi.engine.trainer |   epoch 9 step 120/140 loss=0.7592
05:08:13 | INFO    | holoqpi.engine.trainer | epoch 9/60 (63s = 14s train + 49s val) | train_loss=0.7080  val_phase_mae=0.1776  val_dice=0.8042  val_cls_acc=0.4173  val_mass_mape=0.2401
05:08:14 | INFO    | holoqpi.engine.trainer |   epoch 10 step 0/140 loss=0.7205
05:08:16 | INFO    | holoqpi.engine.trainer |   epoch 10 step 20/140 loss=0.7035
05:08:17 | INFO    | holoqpi.engine.trainer |   epoch 10 step 40/140 loss=0.8007
05:08:19 | INFO    | holoqpi.engine.trainer |   epoch 10 step 60/140 loss=0.7262
05:08:21 | INFO    | holoqpi.engine.trainer |   epoch 10 step 80/140 loss=0.8505
05:08:24 | INFO    | holoqpi.engine.trainer |   epoch 10 step 100/140 loss=0.7210
05:08:26 | INFO    | holoqpi.engine.trainer |   epoch 10 step 120/140 loss=0.7412
05:09:16 | INFO    | holoqpi.engine.trainer |   new best composite=0.7914
05:09:16 | INFO    | holoqpi.engine.trainer | epoch 10/60 (63s = 14s train + 48s val) | train_loss=0.7023  val_phase_mae=0.1814  val_dice=0.8012  val_cls_acc=0.4803  val_mass_mape=0.2045
05:09:16 | INFO    | holoqpi.engine.trainer |   epoch 11 step 0/140 loss=0.6612
05:09:18 | INFO    | holoqpi.engine.trainer |   epoch 11 step 20/140 loss=0.7393
05:09:20 | INFO    | holoqpi.engine.trainer |   epoch 11 step 40/140 loss=0.8939
05:09:22 | INFO    | holoqpi.engine.trainer |   epoch 11 step 60/140 loss=0.6212
05:09:24 | INFO    | holoqpi.engine.trainer |   epoch 11 step 80/140 loss=0.6247
05:09:26 | INFO    | holoqpi.engine.trainer |   epoch 11 step 100/140 loss=0.6574
05:09:28 | INFO    | holoqpi.engine.trainer |   epoch 11 step 120/140 loss=0.6718
05:10:20 | INFO    | holoqpi.engine.trainer | epoch 11/60 (64s = 14s train + 50s val) | train_loss=0.6894  val_phase_mae=0.1828  val_dice=0.8061  val_cls_acc=0.3150  val_mass_mape=0.2367
05:10:20 | INFO    | holoqpi.engine.trainer |   epoch 12 step 0/140 loss=0.6883
05:10:22 | INFO    | holoqpi.engine.trainer |   epoch 12 step 20/140 loss=0.7907
05:10:24 | INFO    | holoqpi.engine.trainer |   epoch 12 step 40/140 loss=0.6660
05:10:26 | INFO    | holoqpi.engine.trainer |   epoch 12 step 60/140 loss=0.7276
05:10:28 | INFO    | holoqpi.engine.trainer |   epoch 12 step 80/140 loss=0.6309
05:10:30 | INFO    | holoqpi.engine.trainer |   epoch 12 step 100/140 loss=0.5795
05:10:32 | INFO    | holoqpi.engine.trainer |   epoch 12 step 120/140 loss=0.5617
05:11:23 | INFO    | holoqpi.engine.trainer |   new best composite=0.7919
05:11:23 | INFO    | holoqpi.engine.trainer | epoch 12/60 (63s = 14s train + 49s val) | train_loss=0.6840  val_phase_mae=0.1738  val_dice=0.8088  val_cls_acc=0.2913  val_mass_mape=0.2243
05:11:24 | INFO    | holoqpi.engine.trainer |   epoch 13 step 0/140 loss=0.6069
05:11:26 | INFO    | holoqpi.engine.trainer |   epoch 13 step 20/140 loss=0.8147
05:11:28 | INFO    | holoqpi.engine.trainer |   epoch 13 step 40/140 loss=0.7759
05:11:29 | INFO    | holoqpi.engine.trainer |   epoch 13 step 60/140 loss=0.7273
05:11:31 | INFO    | holoqpi.engine.trainer |   epoch 13 step 80/140 loss=0.6563
05:11:33 | INFO    | holoqpi.engine.trainer |   epoch 13 step 100/140 loss=0.6112
05:11:35 | INFO    | holoqpi.engine.trainer |   epoch 13 step 120/140 loss=0.6739
05:12:26 | INFO    | holoqpi.engine.trainer |   new best composite=0.7946
05:12:26 | INFO    | holoqpi.engine.trainer | epoch 13/60 (62s = 14s train + 48s val) | train_loss=0.6810  val_phase_mae=0.1794  val_dice=0.8092  val_cls_acc=0.5669  val_mass_mape=0.2153
05:12:26 | INFO    | holoqpi.engine.trainer |   epoch 14 step 0/140 loss=0.6807
05:12:28 | INFO    | holoqpi.engine.trainer |   epoch 14 step 20/140 loss=0.6022
05:12:30 | INFO    | holoqpi.engine.trainer |   epoch 14 step 40/140 loss=0.5698
05:12:32 | INFO    | holoqpi.engine.trainer |   epoch 14 step 60/140 loss=0.6272
05:12:34 | INFO    | holoqpi.engine.trainer |   epoch 14 step 80/140 loss=0.7999
05:12:36 | INFO    | holoqpi.engine.trainer |   epoch 14 step 100/140 loss=0.5832
05:12:38 | INFO    | holoqpi.engine.trainer |   epoch 14 step 120/140 loss=0.5601
05:13:28 | INFO    | holoqpi.engine.trainer | epoch 14/60 (62s = 14s train + 48s val) | train_loss=0.6660  val_phase_mae=0.1795  val_dice=0.8014  val_cls_acc=0.4567  val_mass_mape=0.2180
05:13:28 | INFO    | holoqpi.engine.trainer |   epoch 15 step 0/140 loss=0.7152
05:13:30 | INFO    | holoqpi.engine.trainer |   epoch 15 step 20/140 loss=0.6114
05:13:32 | INFO    | holoqpi.engine.trainer |   epoch 15 step 40/140 loss=0.6351
05:13:34 | INFO    | holoqpi.engine.trainer |   epoch 15 step 60/140 loss=0.6416
05:13:36 | INFO    | holoqpi.engine.trainer |   epoch 15 step 80/140 loss=0.6562
05:13:38 | INFO    | holoqpi.engine.trainer |   epoch 15 step 100/140 loss=0.5573
05:13:40 | INFO    | holoqpi.engine.trainer |   epoch 15 step 120/140 loss=0.7152
05:14:31 | INFO    | holoqpi.engine.trainer |   new best composite=0.8003
05:14:31 | INFO    | holoqpi.engine.trainer | epoch 15/60 (63s = 14s train + 49s val) | train_loss=0.6611  val_phase_mae=0.1785  val_dice=0.8101  val_cls_acc=0.5433  val_mass_mape=0.1998
05:14:31 | INFO    | holoqpi.engine.trainer |   epoch 16 step 0/140 loss=0.5761
05:14:33 | INFO    | holoqpi.engine.trainer |   epoch 16 step 20/140 loss=0.6520
05:14:35 | INFO    | holoqpi.engine.trainer |   epoch 16 step 40/140 loss=0.6877
05:14:37 | INFO    | holoqpi.engine.trainer |   epoch 16 step 60/140 loss=0.7160
05:14:39 | INFO    | holoqpi.engine.trainer |   epoch 16 step 80/140 loss=0.6586
05:14:41 | INFO    | holoqpi.engine.trainer |   epoch 16 step 100/140 loss=0.5909
05:14:43 | INFO    | holoqpi.engine.trainer |   epoch 16 step 120/140 loss=0.6351
05:15:33 | INFO    | holoqpi.engine.trainer | epoch 16/60 (63s = 14s train + 48s val) | train_loss=0.6532  val_phase_mae=0.1804  val_dice=0.8081  val_cls_acc=0.3858  val_mass_mape=0.2205
05:15:34 | INFO    | holoqpi.engine.trainer |   epoch 17 step 0/140 loss=0.9039
05:15:36 | INFO    | holoqpi.engine.trainer |   epoch 17 step 20/140 loss=0.8186
05:15:37 | INFO    | holoqpi.engine.trainer |   epoch 17 step 40/140 loss=0.5986
05:15:39 | INFO    | holoqpi.engine.trainer |   epoch 17 step 60/140 loss=0.6425
05:15:41 | INFO    | holoqpi.engine.trainer |   epoch 17 step 80/140 loss=0.6538
05:15:43 | INFO    | holoqpi.engine.trainer |   epoch 17 step 100/140 loss=0.6152
05:15:45 | INFO    | holoqpi.engine.trainer |   epoch 17 step 120/140 loss=0.4905
05:16:36 | INFO    | holoqpi.engine.trainer |   new best composite=0.8020
05:16:36 | INFO    | holoqpi.engine.trainer | epoch 17/60 (62s = 14s train + 49s val) | train_loss=0.6357  val_phase_mae=0.1767  val_dice=0.8124  val_cls_acc=0.2992  val_mass_mape=0.1976
05:16:36 | INFO    | holoqpi.engine.trainer |   epoch 18 step 0/140 loss=0.5924
05:16:38 | INFO    | holoqpi.engine.trainer |   epoch 18 step 20/140 loss=0.5317
05:16:40 | INFO    | holoqpi.engine.trainer |   epoch 18 step 40/140 loss=0.6829
05:16:42 | INFO    | holoqpi.engine.trainer |   epoch 18 step 60/140 loss=0.7200
05:16:44 | INFO    | holoqpi.engine.trainer |   epoch 18 step 80/140 loss=0.6913
05:16:46 | INFO    | holoqpi.engine.trainer |   epoch 18 step 100/140 loss=0.5189
05:16:48 | INFO    | holoqpi.engine.trainer |   epoch 18 step 120/140 loss=0.5935
05:17:39 | INFO    | holoqpi.engine.trainer | epoch 18/60 (63s = 14s train + 49s val) | train_loss=0.6352  val_phase_mae=0.1777  val_dice=0.8093  val_cls_acc=0.4646  val_mass_mape=0.2125
05:17:40 | INFO    | holoqpi.engine.trainer |   epoch 19 step 0/140 loss=0.5380
05:17:42 | INFO    | holoqpi.engine.trainer |   epoch 19 step 20/140 loss=0.5566
05:17:44 | INFO    | holoqpi.engine.trainer |   epoch 19 step 40/140 loss=0.6804
05:17:45 | INFO    | holoqpi.engine.trainer |   epoch 19 step 60/140 loss=0.7253
05:17:47 | INFO    | holoqpi.engine.trainer |   epoch 19 step 80/140 loss=0.7519
05:17:49 | INFO    | holoqpi.engine.trainer |   epoch 19 step 100/140 loss=0.6281
05:17:51 | INFO    | holoqpi.engine.trainer |   epoch 19 step 120/140 loss=0.6694
05:18:41 | INFO    | holoqpi.engine.trainer | epoch 19/60 (62s = 14s train + 48s val) | train_loss=0.6492  val_phase_mae=0.1771  val_dice=0.8081  val_cls_acc=0.4646  val_mass_mape=0.2354
05:18:42 | INFO    | holoqpi.engine.trainer |   epoch 20 step 0/140 loss=0.6350
05:18:43 | INFO    | holoqpi.engine.trainer |   epoch 20 step 20/140 loss=0.8010
05:18:45 | INFO    | holoqpi.engine.trainer |   epoch 20 step 40/140 loss=0.6174
05:18:47 | INFO    | holoqpi.engine.trainer |   epoch 20 step 60/140 loss=0.7339
05:18:49 | INFO    | holoqpi.engine.trainer |   epoch 20 step 80/140 loss=0.5219
05:18:51 | INFO    | holoqpi.engine.trainer |   epoch 20 step 100/140 loss=0.6096
05:18:53 | INFO    | holoqpi.engine.trainer |   epoch 20 step 120/140 loss=0.7112
05:19:43 | INFO    | holoqpi.engine.trainer | epoch 20/60 (62s = 14s train + 48s val) | train_loss=0.6196  val_phase_mae=0.1755  val_dice=0.8048  val_cls_acc=0.5984  val_mass_mape=0.2008
05:19:43 | INFO    | holoqpi.engine.trainer |   epoch 21 step 0/140 loss=0.6428
05:19:45 | INFO    | holoqpi.engine.trainer |   epoch 21 step 20/140 loss=0.5938
05:19:47 | INFO    | holoqpi.engine.trainer |   epoch 21 step 40/140 loss=1.1361
05:19:49 | INFO    | holoqpi.engine.trainer |   epoch 21 step 60/140 loss=0.5815
05:19:51 | INFO    | holoqpi.engine.trainer |   epoch 21 step 80/140 loss=0.6945
05:19:53 | INFO    | holoqpi.engine.trainer |   epoch 21 step 100/140 loss=0.5652
05:19:55 | INFO    | holoqpi.engine.trainer |   epoch 21 step 120/140 loss=0.5875
05:20:45 | INFO    | holoqpi.engine.trainer |   new best composite=0.8022
05:20:45 | INFO    | holoqpi.engine.trainer | epoch 21/60 (62s = 14s train + 48s val) | train_loss=0.6209  val_phase_mae=0.1680  val_dice=0.8160  val_cls_acc=0.5669  val_mass_mape=0.2058
05:20:46 | INFO    | holoqpi.engine.trainer |   epoch 22 step 0/140 loss=0.5497
05:20:48 | INFO    | holoqpi.engine.trainer |   epoch 22 step 20/140 loss=0.6999
05:20:50 | INFO    | holoqpi.engine.trainer |   epoch 22 step 40/140 loss=0.6500
05:20:52 | INFO    | holoqpi.engine.trainer |   epoch 22 step 60/140 loss=0.6993
05:20:53 | INFO    | holoqpi.engine.trainer |   epoch 22 step 80/140 loss=0.5157
05:20:55 | INFO    | holoqpi.engine.trainer |   epoch 22 step 100/140 loss=0.6259
05:20:57 | INFO    | holoqpi.engine.trainer |   epoch 22 step 120/140 loss=0.5803
05:21:47 | INFO    | holoqpi.engine.trainer | epoch 22/60 (62s = 14s train + 48s val) | train_loss=0.6258  val_phase_mae=0.1777  val_dice=0.8102  val_cls_acc=0.4331  val_mass_mape=0.2268
05:21:47 | INFO    | holoqpi.engine.trainer |   epoch 23 step 0/140 loss=0.4742
05:21:49 | INFO    | holoqpi.engine.trainer |   epoch 23 step 20/140 loss=0.5809
05:21:51 | INFO    | holoqpi.engine.trainer |   epoch 23 step 40/140 loss=0.6347
05:21:53 | INFO    | holoqpi.engine.trainer |   epoch 23 step 60/140 loss=0.5845
05:21:55 | INFO    | holoqpi.engine.trainer |   epoch 23 step 80/140 loss=0.5840
05:21:57 | INFO    | holoqpi.engine.trainer |   epoch 23 step 100/140 loss=0.7523
05:21:59 | INFO    | holoqpi.engine.trainer |   epoch 23 step 120/140 loss=0.6460
05:22:51 | INFO    | holoqpi.engine.trainer |   new best composite=0.8043
05:22:51 | INFO    | holoqpi.engine.trainer | epoch 23/60 (64s = 14s train + 50s val) | train_loss=0.6099  val_phase_mae=0.1703  val_dice=0.8182  val_cls_acc=0.5748  val_mass_mape=0.2047
05:22:52 | INFO    | holoqpi.engine.trainer |   epoch 24 step 0/140 loss=0.5372
05:22:54 | INFO    | holoqpi.engine.trainer |   epoch 24 step 20/140 loss=0.6529
05:22:56 | INFO    | holoqpi.engine.trainer |   epoch 24 step 40/140 loss=0.5603
05:22:57 | INFO    | holoqpi.engine.trainer |   epoch 24 step 60/140 loss=0.6316
05:23:00 | INFO    | holoqpi.engine.trainer |   epoch 24 step 80/140 loss=0.5182
05:23:01 | INFO    | holoqpi.engine.trainer |   epoch 24 step 100/140 loss=0.9689
05:23:03 | INFO    | holoqpi.engine.trainer |   epoch 24 step 120/140 loss=0.8968
05:23:54 | INFO    | holoqpi.engine.trainer | epoch 24/60 (62s = 14s train + 48s val) | train_loss=0.6150  val_phase_mae=0.1697  val_dice=0.8126  val_cls_acc=0.5748  val_mass_mape=0.2029
05:23:54 | INFO    | holoqpi.engine.trainer |   epoch 25 step 0/140 loss=0.6965
05:23:56 | INFO    | holoqpi.engine.trainer |   epoch 25 step 20/140 loss=0.6493
05:23:58 | INFO    | holoqpi.engine.trainer |   epoch 25 step 40/140 loss=0.5595
05:24:00 | INFO    | holoqpi.engine.trainer |   epoch 25 step 60/140 loss=0.5226
05:24:02 | INFO    | holoqpi.engine.trainer |   epoch 25 step 80/140 loss=0.6468
05:24:04 | INFO    | holoqpi.engine.trainer |   epoch 25 step 100/140 loss=0.6823
05:24:06 | INFO    | holoqpi.engine.trainer |   epoch 25 step 120/140 loss=0.6020
05:24:56 | INFO    | holoqpi.engine.trainer | epoch 25/60 (62s = 14s train + 49s val) | train_loss=0.6114  val_phase_mae=0.1751  val_dice=0.8170  val_cls_acc=0.5276  val_mass_mape=0.2444
05:24:57 | INFO    | holoqpi.engine.trainer |   epoch 26 step 0/140 loss=0.5693
05:24:59 | INFO    | holoqpi.engine.trainer |   epoch 26 step 20/140 loss=0.7278
05:25:00 | INFO    | holoqpi.engine.trainer |   epoch 26 step 40/140 loss=0.6332
05:25:02 | INFO    | holoqpi.engine.trainer |   epoch 26 step 60/140 loss=0.8575
05:25:04 | INFO    | holoqpi.engine.trainer |   epoch 26 step 80/140 loss=0.4617
05:25:06 | INFO    | holoqpi.engine.trainer |   epoch 26 step 100/140 loss=0.6139
05:25:08 | INFO    | holoqpi.engine.trainer |   epoch 26 step 120/140 loss=0.4886
05:25:58 | INFO    | holoqpi.engine.trainer | epoch 26/60 (62s = 14s train + 48s val) | train_loss=0.5966  val_phase_mae=0.1682  val_dice=0.8188  val_cls_acc=0.5591  val_mass_mape=0.2154
05:25:58 | INFO    | holoqpi.engine.trainer |   epoch 27 step 0/140 loss=0.7594
05:26:00 | INFO    | holoqpi.engine.trainer |   epoch 27 step 20/140 loss=0.5703
05:26:02 | INFO    | holoqpi.engine.trainer |   epoch 27 step 40/140 loss=0.8297
05:26:04 | INFO    | holoqpi.engine.trainer |   epoch 27 step 60/140 loss=0.6112
05:26:06 | INFO    | holoqpi.engine.trainer |   epoch 27 step 80/140 loss=0.6289
05:26:08 | INFO    | holoqpi.engine.trainer |   epoch 27 step 100/140 loss=0.6908
05:26:10 | INFO    | holoqpi.engine.trainer |   epoch 27 step 120/140 loss=0.5014
05:27:00 | INFO    | holoqpi.engine.trainer | epoch 27/60 (62s = 14s train + 48s val) | train_loss=0.5993  val_phase_mae=0.1694  val_dice=0.8156  val_cls_acc=0.6299  val_mass_mape=0.2213
05:27:01 | INFO    | holoqpi.engine.trainer |   epoch 28 step 0/140 loss=0.5267
05:27:02 | INFO    | holoqpi.engine.trainer |   epoch 28 step 20/140 loss=0.4629
05:27:04 | INFO    | holoqpi.engine.trainer |   epoch 28 step 40/140 loss=0.6077
05:27:07 | INFO    | holoqpi.engine.trainer |   epoch 28 step 60/140 loss=0.6168
05:27:09 | INFO    | holoqpi.engine.trainer |   epoch 28 step 80/140 loss=0.5461
05:27:10 | INFO    | holoqpi.engine.trainer |   epoch 28 step 100/140 loss=0.8189
05:27:12 | INFO    | holoqpi.engine.trainer |   epoch 28 step 120/140 loss=0.5132
05:28:02 | INFO    | holoqpi.engine.trainer | epoch 28/60 (62s = 14s train + 48s val) | train_loss=0.5868  val_phase_mae=0.1717  val_dice=0.8176  val_cls_acc=0.6378  val_mass_mape=0.2074
05:28:03 | INFO    | holoqpi.engine.trainer |   epoch 29 step 0/140 loss=0.6113
05:28:05 | INFO    | holoqpi.engine.trainer |   epoch 29 step 20/140 loss=0.4666
05:28:07 | INFO    | holoqpi.engine.trainer |   epoch 29 step 40/140 loss=0.4462
05:28:09 | INFO    | holoqpi.engine.trainer |   epoch 29 step 60/140 loss=0.5511
05:28:11 | INFO    | holoqpi.engine.trainer |   epoch 29 step 80/140 loss=0.5647
05:28:13 | INFO    | holoqpi.engine.trainer |   epoch 29 step 100/140 loss=0.5013
05:28:15 | INFO    | holoqpi.engine.trainer |   epoch 29 step 120/140 loss=0.6072
05:29:07 | INFO    | holoqpi.engine.trainer |   new best composite=0.8048
05:29:07 | INFO    | holoqpi.engine.trainer | epoch 29/60 (64s = 14s train + 50s val) | train_loss=0.5772  val_phase_mae=0.1702  val_dice=0.8181  val_cls_acc=0.5591  val_mass_mape=0.2026
05:29:07 | INFO    | holoqpi.engine.trainer |   epoch 30 step 0/140 loss=0.6268
05:29:09 | INFO    | holoqpi.engine.trainer |   epoch 30 step 20/140 loss=0.5436
05:29:11 | INFO    | holoqpi.engine.trainer |   epoch 30 step 40/140 loss=0.7693
05:29:13 | INFO    | holoqpi.engine.trainer |   epoch 30 step 60/140 loss=0.8127
05:29:15 | INFO    | holoqpi.engine.trainer |   epoch 30 step 80/140 loss=0.5952
05:29:17 | INFO    | holoqpi.engine.trainer |   epoch 30 step 100/140 loss=0.7057
05:29:19 | INFO    | holoqpi.engine.trainer |   epoch 30 step 120/140 loss=0.4927
05:30:10 | INFO    | holoqpi.engine.trainer |   new best composite=0.8070
05:30:10 | INFO    | holoqpi.engine.trainer | epoch 30/60 (63s = 14s train + 49s val) | train_loss=0.5867  val_phase_mae=0.1711  val_dice=0.8200  val_cls_acc=0.5748  val_mass_mape=0.1967
05:30:10 | INFO    | holoqpi.engine.trainer |   epoch 31 step 0/140 loss=0.6572
05:30:12 | INFO    | holoqpi.engine.trainer |   epoch 31 step 20/140 loss=0.5920
05:30:14 | INFO    | holoqpi.engine.trainer |   epoch 31 step 40/140 loss=0.7553
05:30:16 | INFO    | holoqpi.engine.trainer |   epoch 31 step 60/140 loss=0.4797
05:30:18 | INFO    | holoqpi.engine.trainer |   epoch 31 step 80/140 loss=0.7093
05:30:20 | INFO    | holoqpi.engine.trainer |   epoch 31 step 100/140 loss=0.6932
05:30:22 | INFO    | holoqpi.engine.trainer |   epoch 31 step 120/140 loss=0.5438
05:31:13 | INFO    | holoqpi.engine.trainer |   new best composite=0.8079
05:31:13 | INFO    | holoqpi.engine.trainer | epoch 31/60 (63s = 14s train + 49s val) | train_loss=0.5868  val_phase_mae=0.1701  val_dice=0.8182  val_cls_acc=0.5669  val_mass_mape=0.1926
05:31:13 | INFO    | holoqpi.engine.trainer |   epoch 32 step 0/140 loss=0.5101
05:31:15 | INFO    | holoqpi.engine.trainer |   epoch 32 step 20/140 loss=0.6101
05:31:17 | INFO    | holoqpi.engine.trainer |   epoch 32 step 40/140 loss=0.7294
05:31:19 | INFO    | holoqpi.engine.trainer |   epoch 32 step 60/140 loss=0.7429
05:31:21 | INFO    | holoqpi.engine.trainer |   epoch 32 step 80/140 loss=0.4737
05:31:23 | INFO    | holoqpi.engine.trainer |   epoch 32 step 100/140 loss=0.4856
05:31:25 | INFO    | holoqpi.engine.trainer |   epoch 32 step 120/140 loss=0.6257
05:32:16 | INFO    | holoqpi.engine.trainer |   new best composite=0.8089
05:32:16 | INFO    | holoqpi.engine.trainer | epoch 32/60 (63s = 14s train + 49s val) | train_loss=0.5719  val_phase_mae=0.1695  val_dice=0.8223  val_cls_acc=0.6535  val_mass_mape=0.1947
05:32:17 | INFO    | holoqpi.engine.trainer |   epoch 33 step 0/140 loss=0.5019
05:32:19 | INFO    | holoqpi.engine.trainer |   epoch 33 step 20/140 loss=0.4550
05:32:21 | INFO    | holoqpi.engine.trainer |   epoch 33 step 40/140 loss=0.6089
05:32:23 | INFO    | holoqpi.engine.trainer |   epoch 33 step 60/140 loss=0.6343
05:32:25 | INFO    | holoqpi.engine.trainer |   epoch 33 step 80/140 loss=0.6457
05:32:27 | INFO    | holoqpi.engine.trainer |   epoch 33 step 100/140 loss=0.5267
05:32:29 | INFO    | holoqpi.engine.trainer |   epoch 33 step 120/140 loss=0.4932
05:33:21 | INFO    | holoqpi.engine.trainer | epoch 33/60 (64s = 14s train + 50s val) | train_loss=0.5632  val_phase_mae=0.1678  val_dice=0.8197  val_cls_acc=0.6299  val_mass_mape=0.2191
05:33:21 | INFO    | holoqpi.engine.trainer |   epoch 34 step 0/140 loss=0.5351
05:33:23 | INFO    | holoqpi.engine.trainer |   epoch 34 step 20/140 loss=0.5831
05:33:25 | INFO    | holoqpi.engine.trainer |   epoch 34 step 40/140 loss=0.4761
05:33:27 | INFO    | holoqpi.engine.trainer |   epoch 34 step 60/140 loss=0.4723
05:33:29 | INFO    | holoqpi.engine.trainer |   epoch 34 step 80/140 loss=0.6232
05:33:31 | INFO    | holoqpi.engine.trainer |   epoch 34 step 100/140 loss=0.4778
05:33:33 | INFO    | holoqpi.engine.trainer |   epoch 34 step 120/140 loss=0.5653
05:34:24 | INFO    | holoqpi.engine.trainer | epoch 34/60 (63s = 14s train + 49s val) | train_loss=0.5517  val_phase_mae=0.1689  val_dice=0.8195  val_cls_acc=0.7087  val_mass_mape=0.1911
05:34:25 | INFO    | holoqpi.engine.trainer |   epoch 35 step 0/140 loss=0.4228
05:34:26 | INFO    | holoqpi.engine.trainer |   epoch 35 step 20/140 loss=0.5464
05:34:28 | INFO    | holoqpi.engine.trainer |   epoch 35 step 40/140 loss=0.8999
05:34:30 | INFO    | holoqpi.engine.trainer |   epoch 35 step 60/140 loss=0.8365
05:34:32 | INFO    | holoqpi.engine.trainer |   epoch 35 step 80/140 loss=0.5661
05:34:34 | INFO    | holoqpi.engine.trainer |   epoch 35 step 100/140 loss=0.5042
05:34:36 | INFO    | holoqpi.engine.trainer |   epoch 35 step 120/140 loss=0.6496
05:35:27 | INFO    | holoqpi.engine.trainer | epoch 35/60 (63s = 14s train + 49s val) | train_loss=0.5551  val_phase_mae=0.1722  val_dice=0.8226  val_cls_acc=0.5354  val_mass_mape=0.1975
05:35:27 | INFO    | holoqpi.engine.trainer |   epoch 36 step 0/140 loss=0.4692
05:35:29 | INFO    | holoqpi.engine.trainer |   epoch 36 step 20/140 loss=0.7671
05:35:31 | INFO    | holoqpi.engine.trainer |   epoch 36 step 40/140 loss=0.4898
05:35:33 | INFO    | holoqpi.engine.trainer |   epoch 36 step 60/140 loss=0.5678
05:35:35 | INFO    | holoqpi.engine.trainer |   epoch 36 step 80/140 loss=0.3929
05:35:37 | INFO    | holoqpi.engine.trainer |   epoch 36 step 100/140 loss=0.4202
05:35:38 | INFO    | holoqpi.engine.trainer |   epoch 36 step 120/140 loss=0.6881
05:36:29 | INFO    | holoqpi.engine.trainer |   new best composite=0.8090
05:36:29 | INFO    | holoqpi.engine.trainer | epoch 36/60 (62s = 13s train + 49s val) | train_loss=0.5553  val_phase_mae=0.1693  val_dice=0.8204  val_cls_acc=0.6457  val_mass_mape=0.1907
05:36:30 | INFO    | holoqpi.engine.trainer |   epoch 37 step 0/140 loss=0.5239
05:36:31 | INFO    | holoqpi.engine.trainer |   epoch 37 step 20/140 loss=0.5827
05:36:33 | INFO    | holoqpi.engine.trainer |   epoch 37 step 40/140 loss=0.4765
05:36:35 | INFO    | holoqpi.engine.trainer |   epoch 37 step 60/140 loss=0.6400
05:36:37 | INFO    | holoqpi.engine.trainer |   epoch 37 step 80/140 loss=0.6287
05:36:39 | INFO    | holoqpi.engine.trainer |   epoch 37 step 100/140 loss=0.5082
05:36:40 | INFO    | holoqpi.engine.trainer |   epoch 37 step 120/140 loss=0.4822
05:37:30 | INFO    | holoqpi.engine.trainer | epoch 37/60 (61s = 13s train + 48s val) | train_loss=0.5492  val_phase_mae=0.1682  val_dice=0.8177  val_cls_acc=0.6850  val_mass_mape=0.1894
05:37:31 | INFO    | holoqpi.engine.trainer |   epoch 38 step 0/140 loss=0.5732
05:37:33 | INFO    | holoqpi.engine.trainer |   epoch 38 step 20/140 loss=0.6402
05:37:35 | INFO    | holoqpi.engine.trainer |   epoch 38 step 40/140 loss=0.5235
05:37:36 | INFO    | holoqpi.engine.trainer |   epoch 38 step 60/140 loss=0.4903
05:37:38 | INFO    | holoqpi.engine.trainer |   epoch 38 step 80/140 loss=0.4601
05:37:40 | INFO    | holoqpi.engine.trainer |   epoch 38 step 100/140 loss=0.6595
05:37:42 | INFO    | holoqpi.engine.trainer |   epoch 38 step 120/140 loss=0.4874
05:38:32 | INFO    | holoqpi.engine.trainer | epoch 38/60 (62s = 13s train + 49s val) | train_loss=0.5507  val_phase_mae=0.1743  val_dice=0.8206  val_cls_acc=0.6929  val_mass_mape=0.2006
05:38:33 | INFO    | holoqpi.engine.trainer |   epoch 39 step 0/140 loss=0.6077
05:38:35 | INFO    | holoqpi.engine.trainer |   epoch 39 step 20/140 loss=0.5101
05:38:36 | INFO    | holoqpi.engine.trainer |   epoch 39 step 40/140 loss=0.5021
05:38:38 | INFO    | holoqpi.engine.trainer |   epoch 39 step 60/140 loss=0.5848
05:38:40 | INFO    | holoqpi.engine.trainer |   epoch 39 step 80/140 loss=0.4429
05:38:42 | INFO    | holoqpi.engine.trainer |   epoch 39 step 100/140 loss=0.7040
05:38:44 | INFO    | holoqpi.engine.trainer |   epoch 39 step 120/140 loss=0.5208
05:39:34 | INFO    | holoqpi.engine.trainer | epoch 39/60 (62s = 13s train + 49s val) | train_loss=0.5424  val_phase_mae=0.1689  val_dice=0.8195  val_cls_acc=0.7480  val_mass_mape=0.1966
05:39:35 | INFO    | holoqpi.engine.trainer |   epoch 40 step 0/140 loss=0.6089
05:39:37 | INFO    | holoqpi.engine.trainer |   epoch 40 step 20/140 loss=0.4799
05:39:38 | INFO    | holoqpi.engine.trainer |   epoch 40 step 40/140 loss=0.4484
05:39:40 | INFO    | holoqpi.engine.trainer |   epoch 40 step 60/140 loss=0.5303
05:39:42 | INFO    | holoqpi.engine.trainer |   epoch 40 step 80/140 loss=0.4615
05:39:44 | INFO    | holoqpi.engine.trainer |   epoch 40 step 100/140 loss=0.6060
05:39:46 | INFO    | holoqpi.engine.trainer |   epoch 40 step 120/140 loss=0.4599
05:40:36 | INFO    | holoqpi.engine.trainer | epoch 40/60 (61s = 13s train + 49s val) | train_loss=0.5323  val_phase_mae=0.1665  val_dice=0.8204  val_cls_acc=0.5591  val_mass_mape=0.2012
05:40:36 | INFO    | holoqpi.engine.trainer |   epoch 41 step 0/140 loss=0.5235
05:40:38 | INFO    | holoqpi.engine.trainer |   epoch 41 step 20/140 loss=0.3973
05:40:40 | INFO    | holoqpi.engine.trainer |   epoch 41 step 40/140 loss=0.4739
05:40:42 | INFO    | holoqpi.engine.trainer |   epoch 41 step 60/140 loss=0.6470
05:40:43 | INFO    | holoqpi.engine.trainer |   epoch 41 step 80/140 loss=0.4394
05:40:45 | INFO    | holoqpi.engine.trainer |   epoch 41 step 100/140 loss=0.3908
05:40:47 | INFO    | holoqpi.engine.trainer |   epoch 41 step 120/140 loss=0.4340
05:41:37 | INFO    | holoqpi.engine.trainer |   new best composite=0.8101
05:41:37 | INFO    | holoqpi.engine.trainer | epoch 41/60 (61s = 13s train + 48s val) | train_loss=0.5277  val_phase_mae=0.1693  val_dice=0.8219  val_cls_acc=0.7323  val_mass_mape=0.1919
05:41:37 | INFO    | holoqpi.engine.trainer |   epoch 42 step 0/140 loss=0.5197
05:41:39 | INFO    | holoqpi.engine.trainer |   epoch 42 step 20/140 loss=0.5536
05:41:41 | INFO    | holoqpi.engine.trainer |   epoch 42 step 40/140 loss=0.5117
05:41:43 | INFO    | holoqpi.engine.trainer |   epoch 42 step 60/140 loss=0.5971
05:41:44 | INFO    | holoqpi.engine.trainer |   epoch 42 step 80/140 loss=0.5485
05:41:46 | INFO    | holoqpi.engine.trainer |   epoch 42 step 100/140 loss=0.5634
05:41:48 | INFO    | holoqpi.engine.trainer |   epoch 42 step 120/140 loss=0.6183
05:42:38 | INFO    | holoqpi.engine.trainer | epoch 42/60 (61s = 13s train + 48s val) | train_loss=0.5210  val_phase_mae=0.1653  val_dice=0.8227  val_cls_acc=0.7008  val_mass_mape=0.1972
05:42:39 | INFO    | holoqpi.engine.trainer |   epoch 43 step 0/140 loss=0.5629
05:42:40 | INFO    | holoqpi.engine.trainer |   epoch 43 step 20/140 loss=0.5732
05:42:42 | INFO    | holoqpi.engine.trainer |   epoch 43 step 40/140 loss=0.5186
05:42:44 | INFO    | holoqpi.engine.trainer |   epoch 43 step 60/140 loss=0.4565
05:42:46 | INFO    | holoqpi.engine.trainer |   epoch 43 step 80/140 loss=0.5452
05:42:48 | INFO    | holoqpi.engine.trainer |   epoch 43 step 100/140 loss=0.5262
05:42:49 | INFO    | holoqpi.engine.trainer |   epoch 43 step 120/140 loss=0.3989
05:43:40 | INFO    | holoqpi.engine.trainer |   new best composite=0.8108
05:43:40 | INFO    | holoqpi.engine.trainer | epoch 43/60 (61s = 13s train + 49s val) | train_loss=0.5236  val_phase_mae=0.1698  val_dice=0.8233  val_cls_acc=0.7559  val_mass_mape=0.1935
05:43:40 | INFO    | holoqpi.engine.trainer |   epoch 44 step 0/140 loss=0.4573
05:43:42 | INFO    | holoqpi.engine.trainer |   epoch 44 step 20/140 loss=0.4365
05:43:44 | INFO    | holoqpi.engine.trainer |   epoch 44 step 40/140 loss=0.6349
05:43:46 | INFO    | holoqpi.engine.trainer |   epoch 44 step 60/140 loss=0.3984
05:43:48 | INFO    | holoqpi.engine.trainer |   epoch 44 step 80/140 loss=0.5071
05:43:49 | INFO    | holoqpi.engine.trainer |   epoch 44 step 100/140 loss=0.5453
05:43:51 | INFO    | holoqpi.engine.trainer |   epoch 44 step 120/140 loss=0.5502
05:44:41 | INFO    | holoqpi.engine.trainer | epoch 44/60 (62s = 13s train + 48s val) | train_loss=0.5136  val_phase_mae=0.1701  val_dice=0.8232  val_cls_acc=0.8031  val_mass_mape=0.1941
05:44:42 | INFO    | holoqpi.engine.trainer |   epoch 45 step 0/140 loss=0.4688
05:44:44 | INFO    | holoqpi.engine.trainer |   epoch 45 step 20/140 loss=0.4280
05:44:46 | INFO    | holoqpi.engine.trainer |   epoch 45 step 40/140 loss=0.6587
05:44:47 | INFO    | holoqpi.engine.trainer |   epoch 45 step 60/140 loss=0.4624
05:44:49 | INFO    | holoqpi.engine.trainer |   epoch 45 step 80/140 loss=0.5978
05:44:51 | INFO    | holoqpi.engine.trainer |   epoch 45 step 100/140 loss=0.5587
05:44:53 | INFO    | holoqpi.engine.trainer |   epoch 45 step 120/140 loss=0.5467
05:45:43 | INFO    | holoqpi.engine.trainer | epoch 45/60 (62s = 13s train + 49s val) | train_loss=0.5165  val_phase_mae=0.1697  val_dice=0.8209  val_cls_acc=0.6457  val_mass_mape=0.1963
05:45:44 | INFO    | holoqpi.engine.trainer |   epoch 46 step 0/140 loss=0.4665
05:45:45 | INFO    | holoqpi.engine.trainer |   epoch 46 step 20/140 loss=0.3780
05:45:47 | INFO    | holoqpi.engine.trainer |   epoch 46 step 40/140 loss=0.5479
05:45:49 | INFO    | holoqpi.engine.trainer |   epoch 46 step 60/140 loss=0.3910
05:45:51 | INFO    | holoqpi.engine.trainer |   epoch 46 step 80/140 loss=0.4643
05:45:53 | INFO    | holoqpi.engine.trainer |   epoch 46 step 100/140 loss=0.4581
05:45:54 | INFO    | holoqpi.engine.trainer |   epoch 46 step 120/140 loss=0.6086
05:46:44 | INFO    | holoqpi.engine.trainer | epoch 46/60 (61s = 13s train + 48s val) | train_loss=0.5028  val_phase_mae=0.1716  val_dice=0.8219  val_cls_acc=0.7638  val_mass_mape=0.1960
05:46:45 | INFO    | holoqpi.engine.trainer |   epoch 47 step 0/140 loss=0.4082
05:46:46 | INFO    | holoqpi.engine.trainer |   epoch 47 step 20/140 loss=0.4968
05:46:48 | INFO    | holoqpi.engine.trainer |   epoch 47 step 40/140 loss=0.5026
05:46:50 | INFO    | holoqpi.engine.trainer |   epoch 47 step 60/140 loss=0.4989
05:46:52 | INFO    | holoqpi.engine.trainer |   epoch 47 step 80/140 loss=0.5778
05:46:54 | INFO    | holoqpi.engine.trainer |   epoch 47 step 100/140 loss=0.4822
05:46:55 | INFO    | holoqpi.engine.trainer |   epoch 47 step 120/140 loss=0.3962
05:47:45 | INFO    | holoqpi.engine.trainer | epoch 47/60 (61s = 13s train + 48s val) | train_loss=0.5064  val_phase_mae=0.1705  val_dice=0.8230  val_cls_acc=0.7008  val_mass_mape=0.1970
05:47:45 | INFO    | holoqpi.engine.trainer |   epoch 48 step 0/140 loss=0.4033
05:47:47 | INFO    | holoqpi.engine.trainer |   epoch 48 step 20/140 loss=0.4887
05:47:49 | INFO    | holoqpi.engine.trainer |   epoch 48 step 40/140 loss=0.5373
05:47:51 | INFO    | holoqpi.engine.trainer |   epoch 48 step 60/140 loss=0.5143
05:47:53 | INFO    | holoqpi.engine.trainer |   epoch 48 step 80/140 loss=0.5149
05:47:54 | INFO    | holoqpi.engine.trainer |   epoch 48 step 100/140 loss=0.5460
05:47:56 | INFO    | holoqpi.engine.trainer |   epoch 48 step 120/140 loss=0.5281
05:48:46 | INFO    | holoqpi.engine.trainer | epoch 48/60 (61s = 13s train + 48s val) | train_loss=0.4968  val_phase_mae=0.1690  val_dice=0.8233  val_cls_acc=0.6929  val_mass_mape=0.2012
05:48:46 | INFO    | holoqpi.engine.trainer |   epoch 49 step 0/140 loss=0.3833
05:48:48 | INFO    | holoqpi.engine.trainer |   epoch 49 step 20/140 loss=0.5028
05:48:50 | INFO    | holoqpi.engine.trainer |   epoch 49 step 40/140 loss=0.4878
05:48:52 | INFO    | holoqpi.engine.trainer |   epoch 49 step 60/140 loss=0.3896
05:48:53 | INFO    | holoqpi.engine.trainer |   epoch 49 step 80/140 loss=0.4509
05:48:55 | INFO    | holoqpi.engine.trainer |   epoch 49 step 100/140 loss=0.5089
05:48:57 | INFO    | holoqpi.engine.trainer |   epoch 49 step 120/140 loss=0.4750
05:49:48 | INFO    | holoqpi.engine.trainer |   new best composite=0.8109
05:49:48 | INFO    | holoqpi.engine.trainer | epoch 49/60 (61s = 13s train + 49s val) | train_loss=0.5046  val_phase_mae=0.1688  val_dice=0.8233  val_cls_acc=0.7244  val_mass_mape=0.1944
05:49:48 | INFO    | holoqpi.engine.trainer |   epoch 50 step 0/140 loss=0.4174
05:49:50 | INFO    | holoqpi.engine.trainer |   epoch 50 step 20/140 loss=0.4338
05:49:52 | INFO    | holoqpi.engine.trainer |   epoch 50 step 40/140 loss=0.6841
05:49:53 | INFO    | holoqpi.engine.trainer |   epoch 50 step 60/140 loss=0.3291
05:49:55 | INFO    | holoqpi.engine.trainer |   epoch 50 step 80/140 loss=0.4252
05:49:57 | INFO    | holoqpi.engine.trainer |   epoch 50 step 100/140 loss=0.4556
05:49:59 | INFO    | holoqpi.engine.trainer |   epoch 50 step 120/140 loss=0.4836
05:50:48 | INFO    | holoqpi.engine.trainer |   new best composite=0.8115
05:50:48 | INFO    | holoqpi.engine.trainer | epoch 50/60 (61s = 13s train + 48s val) | train_loss=0.5067  val_phase_mae=0.1673  val_dice=0.8230  val_cls_acc=0.7008  val_mass_mape=0.1904
05:50:49 | INFO    | holoqpi.engine.trainer |   epoch 51 step 0/140 loss=0.4471
05:50:51 | INFO    | holoqpi.engine.trainer |   epoch 51 step 20/140 loss=0.7281
05:50:53 | INFO    | holoqpi.engine.trainer |   epoch 51 step 40/140 loss=0.4150
05:50:54 | INFO    | holoqpi.engine.trainer |   epoch 51 step 60/140 loss=0.4691
05:50:56 | INFO    | holoqpi.engine.trainer |   epoch 51 step 80/140 loss=0.4549
05:50:58 | INFO    | holoqpi.engine.trainer |   epoch 51 step 100/140 loss=0.5465
05:51:00 | INFO    | holoqpi.engine.trainer |   epoch 51 step 120/140 loss=0.4495
05:51:52 | INFO    | holoqpi.engine.trainer | epoch 51/60 (63s = 13s train + 50s val) | train_loss=0.4876  val_phase_mae=0.1685  val_dice=0.8219  val_cls_acc=0.7402  val_mass_mape=0.1971
05:51:52 | INFO    | holoqpi.engine.trainer |   epoch 52 step 0/140 loss=0.8481
05:51:54 | INFO    | holoqpi.engine.trainer |   epoch 52 step 20/140 loss=0.4770
05:51:56 | INFO    | holoqpi.engine.trainer |   epoch 52 step 40/140 loss=0.4568
05:51:57 | INFO    | holoqpi.engine.trainer |   epoch 52 step 60/140 loss=0.5118
05:51:59 | INFO    | holoqpi.engine.trainer |   epoch 52 step 80/140 loss=0.4692
05:52:01 | INFO    | holoqpi.engine.trainer |   epoch 52 step 100/140 loss=0.4974
05:52:03 | INFO    | holoqpi.engine.trainer |   epoch 52 step 120/140 loss=0.4927
05:52:54 | INFO    | holoqpi.engine.trainer | epoch 52/60 (63s = 13s train + 50s val) | train_loss=0.5064  val_phase_mae=0.1695  val_dice=0.8229  val_cls_acc=0.6220  val_mass_mape=0.1938
05:52:55 | INFO    | holoqpi.engine.trainer |   epoch 53 step 0/140 loss=0.5692
05:52:57 | INFO    | holoqpi.engine.trainer |   epoch 53 step 20/140 loss=0.5165
05:52:58 | INFO    | holoqpi.engine.trainer |   epoch 53 step 40/140 loss=0.5292
05:53:00 | INFO    | holoqpi.engine.trainer |   epoch 53 step 60/140 loss=0.3737
05:53:02 | INFO    | holoqpi.engine.trainer |   epoch 53 step 80/140 loss=0.5291
05:53:04 | INFO    | holoqpi.engine.trainer |   epoch 53 step 100/140 loss=0.4591
05:53:06 | INFO    | holoqpi.engine.trainer |   epoch 53 step 120/140 loss=0.4359
05:53:55 | INFO    | holoqpi.engine.trainer | epoch 53/60 (61s = 13s train + 48s val) | train_loss=0.4879  val_phase_mae=0.1692  val_dice=0.8236  val_cls_acc=0.6772  val_mass_mape=0.1910
05:53:55 | INFO    | holoqpi.engine.trainer |   epoch 54 step 0/140 loss=0.4820
05:53:57 | INFO    | holoqpi.engine.trainer |   epoch 54 step 20/140 loss=0.5930
05:53:59 | INFO    | holoqpi.engine.trainer |   epoch 54 step 40/140 loss=0.4077
05:54:01 | INFO    | holoqpi.engine.trainer |   epoch 54 step 60/140 loss=0.4919
05:54:03 | INFO    | holoqpi.engine.trainer |   epoch 54 step 80/140 loss=0.4338
05:54:04 | INFO    | holoqpi.engine.trainer |   epoch 54 step 100/140 loss=0.4332
05:54:06 | INFO    | holoqpi.engine.trainer |   epoch 54 step 120/140 loss=0.4678
05:54:56 | INFO    | holoqpi.engine.trainer |   new best composite=0.8115
05:54:56 | INFO    | holoqpi.engine.trainer | epoch 54/60 (61s = 13s train + 48s val) | train_loss=0.4929  val_phase_mae=0.1697  val_dice=0.8241  val_cls_acc=0.6378  val_mass_mape=0.1898
05:54:57 | INFO    | holoqpi.engine.trainer |   epoch 55 step 0/140 loss=0.3981
05:54:59 | INFO    | holoqpi.engine.trainer |   epoch 55 step 20/140 loss=0.5226
05:55:00 | INFO    | holoqpi.engine.trainer |   epoch 55 step 40/140 loss=0.5703
05:55:02 | INFO    | holoqpi.engine.trainer |   epoch 55 step 60/140 loss=0.4838
05:55:04 | INFO    | holoqpi.engine.trainer |   epoch 55 step 80/140 loss=0.3532
05:55:06 | INFO    | holoqpi.engine.trainer |   epoch 55 step 100/140 loss=0.3736
05:55:08 | INFO    | holoqpi.engine.trainer |   epoch 55 step 120/140 loss=0.4098
05:55:58 | INFO    | holoqpi.engine.trainer |   new best composite=0.8118
05:55:58 | INFO    | holoqpi.engine.trainer | epoch 55/60 (61s = 13s train + 48s val) | train_loss=0.4879  val_phase_mae=0.1678  val_dice=0.8234  val_cls_acc=0.5354  val_mass_mape=0.1897
05:55:58 | INFO    | holoqpi.engine.trainer |   epoch 56 step 0/140 loss=0.4434
05:56:00 | INFO    | holoqpi.engine.trainer |   epoch 56 step 20/140 loss=0.5998
05:56:02 | INFO    | holoqpi.engine.trainer |   epoch 56 step 40/140 loss=0.4386
05:56:03 | INFO    | holoqpi.engine.trainer |   epoch 56 step 60/140 loss=0.4733
05:56:05 | INFO    | holoqpi.engine.trainer |   epoch 56 step 80/140 loss=0.4052
05:56:07 | INFO    | holoqpi.engine.trainer |   epoch 56 step 100/140 loss=0.5193
05:56:09 | INFO    | holoqpi.engine.trainer |   epoch 56 step 120/140 loss=0.3902
05:56:59 | INFO    | holoqpi.engine.trainer | epoch 56/60 (61s = 13s train + 48s val) | train_loss=0.4810  val_phase_mae=0.1694  val_dice=0.8232  val_cls_acc=0.7087  val_mass_mape=0.1919
05:56:59 | INFO    | holoqpi.engine.trainer |   epoch 57 step 0/140 loss=0.4955
05:57:01 | INFO    | holoqpi.engine.trainer |   epoch 57 step 20/140 loss=0.4194
05:57:03 | INFO    | holoqpi.engine.trainer |   epoch 57 step 40/140 loss=0.3287
05:57:05 | INFO    | holoqpi.engine.trainer |   epoch 57 step 60/140 loss=0.5481
05:57:06 | INFO    | holoqpi.engine.trainer |   epoch 57 step 80/140 loss=0.5188
05:57:08 | INFO    | holoqpi.engine.trainer |   epoch 57 step 100/140 loss=0.4611
05:57:10 | INFO    | holoqpi.engine.trainer |   epoch 57 step 120/140 loss=0.4741
05:58:00 | INFO    | holoqpi.engine.trainer | epoch 57/60 (61s = 13s train + 48s val) | train_loss=0.4820  val_phase_mae=0.1694  val_dice=0.8235  val_cls_acc=0.7008  val_mass_mape=0.1915
05:58:00 | INFO    | holoqpi.engine.trainer |   epoch 58 step 0/140 loss=0.5589
05:58:02 | INFO    | holoqpi.engine.trainer |   epoch 58 step 20/140 loss=0.4823
05:58:04 | INFO    | holoqpi.engine.trainer |   epoch 58 step 40/140 loss=0.6007
05:58:06 | INFO    | holoqpi.engine.trainer |   epoch 58 step 60/140 loss=0.5573
05:58:07 | INFO    | holoqpi.engine.trainer |   epoch 58 step 80/140 loss=0.6358
05:58:09 | INFO    | holoqpi.engine.trainer |   epoch 58 step 100/140 loss=0.5198
05:58:11 | INFO    | holoqpi.engine.trainer |   epoch 58 step 120/140 loss=0.4087
05:59:01 | INFO    | holoqpi.engine.trainer | epoch 58/60 (61s = 13s train + 48s val) | train_loss=0.4985  val_phase_mae=0.1686  val_dice=0.8240  val_cls_acc=0.7323  val_mass_mape=0.1934
05:59:01 | INFO    | holoqpi.engine.trainer |   epoch 59 step 0/140 loss=0.4153
05:59:03 | INFO    | holoqpi.engine.trainer |   epoch 59 step 20/140 loss=0.4278
05:59:05 | INFO    | holoqpi.engine.trainer |   epoch 59 step 40/140 loss=0.4563
05:59:07 | INFO    | holoqpi.engine.trainer |   epoch 59 step 60/140 loss=0.5566
05:59:08 | INFO    | holoqpi.engine.trainer |   epoch 59 step 80/140 loss=0.4920
05:59:10 | INFO    | holoqpi.engine.trainer |   epoch 59 step 100/140 loss=0.3679
05:59:12 | INFO    | holoqpi.engine.trainer |   epoch 59 step 120/140 loss=0.4197
06:00:02 | INFO    | holoqpi.engine.trainer | epoch 59/60 (61s = 13s train + 49s val) | train_loss=0.4793  val_phase_mae=0.1687  val_dice=0.8236  val_cls_acc=0.7008  val_mass_mape=0.1926
06:00:03 | INFO    | holoqpi.engine.trainer |   epoch 60 step 0/140 loss=0.3822
06:00:05 | INFO    | holoqpi.engine.trainer |   epoch 60 step 20/140 loss=0.4156
06:00:06 | INFO    | holoqpi.engine.trainer |   epoch 60 step 40/140 loss=0.7245
06:00:08 | INFO    | holoqpi.engine.trainer |   epoch 60 step 60/140 loss=0.4945
06:00:10 | INFO    | holoqpi.engine.trainer |   epoch 60 step 80/140 loss=0.4730
06:00:12 | INFO    | holoqpi.engine.trainer |   epoch 60 step 100/140 loss=0.4571
06:00:14 | INFO    | holoqpi.engine.trainer |   epoch 60 step 120/140 loss=0.5370
06:01:04 | INFO    | holoqpi.engine.trainer |   new best composite=0.8124
06:01:04 | INFO    | holoqpi.engine.trainer | epoch 60/60 (62s = 13s train + 49s val) | train_loss=0.4845  val_phase_mae=0.1684  val_dice=0.8239  val_cls_acc=0.6535  val_mass_mape=0.1897
06:01:05 | INFO    | holoqpi.engine.trainer | training finished; best epoch 60 (composite=0.8124)
06:01:05 | INFO    | holoqpi.engine.trainer | checkpoint best_model.pt: 446/446 tensors matched
06:01:48 | INFO    | holoqpi.engine.compare | modality=off_axis test metrics written to runs/no_physics_off_axis
06:01:49 | INFO    | holoqpi.engine.compare | ======================================================================
06:01:49 | INFO    | holoqpi.engine.compare | modality=gabor  device=cuda  run_dir=runs/no_physics_gabor
06:01:49 | INFO    | holoqpi.engine.compare | ======================================================================
06:01:49 | INFO    | holoqpi.data.dataset | train split: 560 samples | modality=gabor | crop=512 | augment=True
06:01:49 | INFO    | holoqpi.data.dataset | val split: 127 samples | modality=gabor | crop=None | augment=False
06:01:49 | INFO    | holoqpi.data.dataset | test split: 113 samples | modality=gabor | crop=None | augment=False
06:01:49 | INFO    | holoqpi.models.encoders | encoder=mobilenet_v2 in_channels=1 pretrained=True stages=[16, 24, 32, 96, 1280]
06:01:49 | INFO    | holoqpi.models.holonet | HoloQPINet built: 9.76M parameters, 9.76M trainable (100.0%)
06:01:49 | INFO    | holoqpi.engine.trainer | trainable 9.76M / 9.76M parameters (100.0%)
06:01:49 | INFO    | holoqpi.engine.trainer | active physics terms: none
06:01:50 | INFO    | holoqpi.engine.trainer |   epoch 1 step 0/140 loss=2.0809
06:01:52 | INFO    | holoqpi.engine.trainer |   epoch 1 step 20/140 loss=1.8718
06:01:53 | INFO    | holoqpi.engine.trainer |   epoch 1 step 40/140 loss=1.4242
06:01:55 | INFO    | holoqpi.engine.trainer |   epoch 1 step 60/140 loss=1.3211
06:01:57 | INFO    | holoqpi.engine.trainer |   epoch 1 step 80/140 loss=1.2667
06:01:59 | INFO    | holoqpi.engine.trainer |   epoch 1 step 100/140 loss=1.1255
06:02:01 | INFO    | holoqpi.engine.trainer |   epoch 1 step 120/140 loss=1.2011
06:02:51 | INFO    | holoqpi.engine.trainer |   new best composite=0.6707
06:02:51 | INFO    | holoqpi.engine.trainer | epoch 1/60 (62s = 13s train + 48s val) | train_loss=1.4168  val_phase_mae=0.2254  val_dice=0.6870  val_cls_acc=0.3937  val_mass_mape=0.3137
06:02:51 | INFO    | holoqpi.engine.trainer |   at this rate the full 60-epoch schedule takes about 62 min
06:02:51 | INFO    | holoqpi.engine.trainer |   epoch 2 step 0/140 loss=1.0958
06:02:53 | INFO    | holoqpi.engine.trainer |   epoch 2 step 20/140 loss=1.1762
06:02:55 | INFO    | holoqpi.engine.trainer |   epoch 2 step 40/140 loss=0.9911
06:02:56 | INFO    | holoqpi.engine.trainer |   epoch 2 step 60/140 loss=0.9125
06:02:58 | INFO    | holoqpi.engine.trainer |   epoch 2 step 80/140 loss=1.2454
06:03:00 | INFO    | holoqpi.engine.trainer |   epoch 2 step 100/140 loss=0.8648
06:03:02 | INFO    | holoqpi.engine.trainer |   epoch 2 step 120/140 loss=1.1316
06:03:51 | INFO    | holoqpi.engine.trainer |   new best composite=0.6920
06:03:51 | INFO    | holoqpi.engine.trainer | epoch 2/60 (60s = 13s train + 47s val) | train_loss=1.0734  val_phase_mae=0.2198  val_dice=0.6978  val_cls_acc=0.4646  val_mass_mape=0.2942
06:03:51 | INFO    | holoqpi.engine.trainer |   epoch 3 step 0/140 loss=0.9151
06:03:53 | INFO    | holoqpi.engine.trainer |   epoch 3 step 20/140 loss=0.8242
06:03:55 | INFO    | holoqpi.engine.trainer |   epoch 3 step 40/140 loss=1.1617
06:03:57 | INFO    | holoqpi.engine.trainer |   epoch 3 step 60/140 loss=0.9056
06:03:58 | INFO    | holoqpi.engine.trainer |   epoch 3 step 80/140 loss=0.7969
06:04:00 | INFO    | holoqpi.engine.trainer |   epoch 3 step 100/140 loss=1.1951
06:04:02 | INFO    | holoqpi.engine.trainer |   epoch 3 step 120/140 loss=1.0748
06:04:51 | INFO    | holoqpi.engine.trainer |   new best composite=0.7267
06:04:51 | INFO    | holoqpi.engine.trainer | epoch 3/60 (59s = 13s train + 47s val) | train_loss=0.9423  val_phase_mae=0.1976  val_dice=0.7366  val_cls_acc=0.5039  val_mass_mape=0.2740
06:04:51 | INFO    | holoqpi.engine.trainer |   epoch 4 step 0/140 loss=0.8590
06:04:53 | INFO    | holoqpi.engine.trainer |   epoch 4 step 20/140 loss=1.0644
06:04:55 | INFO    | holoqpi.engine.trainer |   epoch 4 step 40/140 loss=0.9540
06:04:56 | INFO    | holoqpi.engine.trainer |   epoch 4 step 60/140 loss=1.3139
06:04:58 | INFO    | holoqpi.engine.trainer |   epoch 4 step 80/140 loss=0.8920
06:05:00 | INFO    | holoqpi.engine.trainer |   epoch 4 step 100/140 loss=0.9354
06:05:02 | INFO    | holoqpi.engine.trainer |   epoch 4 step 120/140 loss=0.7855
06:05:50 | INFO    | holoqpi.engine.trainer | epoch 4/60 (59s = 13s train + 47s val) | train_loss=0.9270  val_phase_mae=0.1970  val_dice=0.7399  val_cls_acc=0.6142  val_mass_mape=0.2953
06:05:50 | INFO    | holoqpi.engine.trainer |   epoch 5 step 0/140 loss=0.7854
06:05:52 | INFO    | holoqpi.engine.trainer |   epoch 5 step 20/140 loss=0.7305
06:05:54 | INFO    | holoqpi.engine.trainer |   epoch 5 step 40/140 loss=0.8509
06:05:55 | INFO    | holoqpi.engine.trainer |   epoch 5 step 60/140 loss=1.0899
06:05:57 | INFO    | holoqpi.engine.trainer |   epoch 5 step 80/140 loss=0.9551
06:05:59 | INFO    | holoqpi.engine.trainer |   epoch 5 step 100/140 loss=0.8135
06:06:01 | INFO    | holoqpi.engine.trainer |   epoch 5 step 120/140 loss=0.9493
06:06:48 | INFO    | holoqpi.engine.trainer |   new best composite=0.7376
06:06:48 | INFO    | holoqpi.engine.trainer | epoch 5/60 (58s = 12s train + 46s val) | train_loss=0.9020  val_phase_mae=0.1940  val_dice=0.7540  val_cls_acc=0.5039  val_mass_mape=0.2730
06:06:49 | INFO    | holoqpi.engine.trainer |   epoch 6 step 0/140 loss=1.1686
06:06:51 | INFO    | holoqpi.engine.trainer |   epoch 6 step 20/140 loss=0.9525
06:06:52 | INFO    | holoqpi.engine.trainer |   epoch 6 step 40/140 loss=0.8202
06:06:54 | INFO    | holoqpi.engine.trainer |   epoch 6 step 60/140 loss=0.6262
06:06:56 | INFO    | holoqpi.engine.trainer |   epoch 6 step 80/140 loss=0.7242
06:06:58 | INFO    | holoqpi.engine.trainer |   epoch 6 step 100/140 loss=0.7053
06:06:59 | INFO    | holoqpi.engine.trainer |   epoch 6 step 120/140 loss=0.7795
06:07:47 | INFO    | holoqpi.engine.trainer | epoch 6/60 (59s = 13s train + 46s val) | train_loss=0.8799  val_phase_mae=0.1948  val_dice=0.7481  val_cls_acc=0.6535  val_mass_mape=0.2676
06:07:48 | INFO    | holoqpi.engine.trainer |   epoch 7 step 0/140 loss=0.6926
06:07:49 | INFO    | holoqpi.engine.trainer |   epoch 7 step 20/140 loss=0.8810
06:07:51 | INFO    | holoqpi.engine.trainer |   epoch 7 step 40/140 loss=1.0271
06:07:53 | INFO    | holoqpi.engine.trainer |   epoch 7 step 60/140 loss=0.8996
06:07:55 | INFO    | holoqpi.engine.trainer |   epoch 7 step 80/140 loss=0.7447
06:07:56 | INFO    | holoqpi.engine.trainer |   epoch 7 step 100/140 loss=0.9686
06:07:58 | INFO    | holoqpi.engine.trainer |   epoch 7 step 120/140 loss=0.9392
06:08:45 | INFO    | holoqpi.engine.trainer | epoch 7/60 (59s = 13s train + 46s val) | train_loss=0.8617  val_phase_mae=0.2084  val_dice=0.7296  val_cls_acc=0.6063  val_mass_mape=0.3961
06:08:46 | INFO    | holoqpi.engine.trainer |   epoch 8 step 0/140 loss=0.8035
06:08:48 | INFO    | holoqpi.engine.trainer |   epoch 8 step 20/140 loss=0.9849
06:08:49 | INFO    | holoqpi.engine.trainer |   epoch 8 step 40/140 loss=0.8295
06:08:51 | INFO    | holoqpi.engine.trainer |   epoch 8 step 60/140 loss=0.6721
06:08:53 | INFO    | holoqpi.engine.trainer |   epoch 8 step 80/140 loss=1.0851
06:08:55 | INFO    | holoqpi.engine.trainer |   epoch 8 step 100/140 loss=0.8690
06:08:57 | INFO    | holoqpi.engine.trainer |   epoch 8 step 120/140 loss=0.8063
06:09:44 | INFO    | holoqpi.engine.trainer | epoch 8/60 (58s = 13s train + 46s val) | train_loss=0.8565  val_phase_mae=0.2025  val_dice=0.7372  val_cls_acc=0.6614  val_mass_mape=0.2462
06:09:44 | INFO    | holoqpi.engine.trainer |   epoch 9 step 0/140 loss=0.7993
06:09:46 | INFO    | holoqpi.engine.trainer |   epoch 9 step 20/140 loss=0.6466
06:09:48 | INFO    | holoqpi.engine.trainer |   epoch 9 step 40/140 loss=1.0255
06:09:49 | INFO    | holoqpi.engine.trainer |   epoch 9 step 60/140 loss=0.9273
06:09:51 | INFO    | holoqpi.engine.trainer |   epoch 9 step 80/140 loss=0.7951
06:09:53 | INFO    | holoqpi.engine.trainer |   epoch 9 step 100/140 loss=0.7204
06:09:55 | INFO    | holoqpi.engine.trainer |   epoch 9 step 120/140 loss=0.8036
06:10:42 | INFO    | holoqpi.engine.trainer |   new best composite=0.7416
06:10:42 | INFO    | holoqpi.engine.trainer | epoch 9/60 (58s = 13s train + 46s val) | train_loss=0.8490  val_phase_mae=0.1896  val_dice=0.7485  val_cls_acc=0.6142  val_mass_mape=0.2436
06:10:43 | INFO    | holoqpi.engine.trainer |   epoch 10 step 0/140 loss=0.8535
06:10:45 | INFO    | holoqpi.engine.trainer |   epoch 10 step 20/140 loss=0.6939
06:10:47 | INFO    | holoqpi.engine.trainer |   epoch 10 step 40/140 loss=1.0433
06:10:48 | INFO    | holoqpi.engine.trainer |   epoch 10 step 60/140 loss=0.8720
06:10:50 | INFO    | holoqpi.engine.trainer |   epoch 10 step 80/140 loss=1.0285
06:10:52 | INFO    | holoqpi.engine.trainer |   epoch 10 step 100/140 loss=1.0027
06:10:54 | INFO    | holoqpi.engine.trainer |   epoch 10 step 120/140 loss=0.8276
06:11:41 | INFO    | holoqpi.engine.trainer |   new best composite=0.7495
06:11:41 | INFO    | holoqpi.engine.trainer | epoch 10/60 (58s = 13s train + 45s val) | train_loss=0.8579  val_phase_mae=0.1871  val_dice=0.7582  val_cls_acc=0.5039  val_mass_mape=0.2469
06:11:42 | INFO    | holoqpi.engine.trainer |   epoch 11 step 0/140 loss=0.7876
06:11:43 | INFO    | holoqpi.engine.trainer |   epoch 11 step 20/140 loss=0.8167
06:11:45 | INFO    | holoqpi.engine.trainer |   epoch 11 step 40/140 loss=0.9707
06:11:47 | INFO    | holoqpi.engine.trainer |   epoch 11 step 60/140 loss=0.6839
06:11:49 | INFO    | holoqpi.engine.trainer |   epoch 11 step 80/140 loss=0.7180
06:11:51 | INFO    | holoqpi.engine.trainer |   epoch 11 step 100/140 loss=0.6923
06:11:52 | INFO    | holoqpi.engine.trainer |   epoch 11 step 120/140 loss=0.7470
06:12:39 | INFO    | holoqpi.engine.trainer | epoch 11/60 (58s = 13s train + 45s val) | train_loss=0.8393  val_phase_mae=0.1965  val_dice=0.7503  val_cls_acc=0.6457  val_mass_mape=0.2813
06:12:40 | INFO    | holoqpi.engine.trainer |   epoch 12 step 0/140 loss=0.6775
06:12:42 | INFO    | holoqpi.engine.trainer |   epoch 12 step 20/140 loss=1.2042
06:12:43 | INFO    | holoqpi.engine.trainer |   epoch 12 step 40/140 loss=0.7366
06:12:45 | INFO    | holoqpi.engine.trainer |   epoch 12 step 60/140 loss=1.5048
06:12:47 | INFO    | holoqpi.engine.trainer |   epoch 12 step 80/140 loss=1.0255
06:12:49 | INFO    | holoqpi.engine.trainer |   epoch 12 step 100/140 loss=0.6480
06:12:50 | INFO    | holoqpi.engine.trainer |   epoch 12 step 120/140 loss=0.6578
06:13:38 | INFO    | holoqpi.engine.trainer | epoch 12/60 (59s = 12s train + 46s val) | train_loss=0.8237  val_phase_mae=0.1989  val_dice=0.7401  val_cls_acc=0.6378  val_mass_mape=0.2863
06:13:39 | INFO    | holoqpi.engine.trainer |   epoch 13 step 0/140 loss=0.8416
06:13:40 | INFO    | holoqpi.engine.trainer |   epoch 13 step 20/140 loss=0.8698
06:13:42 | INFO    | holoqpi.engine.trainer |   epoch 13 step 40/140 loss=1.1303
06:13:44 | INFO    | holoqpi.engine.trainer |   epoch 13 step 60/140 loss=0.8473
06:13:46 | INFO    | holoqpi.engine.trainer |   epoch 13 step 80/140 loss=1.1063
06:13:47 | INFO    | holoqpi.engine.trainer |   epoch 13 step 100/140 loss=0.8254
06:13:49 | INFO    | holoqpi.engine.trainer |   epoch 13 step 120/140 loss=0.7672
06:14:36 | INFO    | holoqpi.engine.trainer | epoch 13/60 (58s = 12s train + 45s val) | train_loss=0.8396  val_phase_mae=0.1902  val_dice=0.7584  val_cls_acc=0.5039  val_mass_mape=0.2787
06:14:36 | INFO    | holoqpi.engine.trainer |   epoch 14 step 0/140 loss=0.9168
06:14:38 | INFO    | holoqpi.engine.trainer |   epoch 14 step 20/140 loss=0.9641
06:14:40 | INFO    | holoqpi.engine.trainer |   epoch 14 step 40/140 loss=0.8665
06:14:41 | INFO    | holoqpi.engine.trainer |   epoch 14 step 60/140 loss=0.6996
06:14:43 | INFO    | holoqpi.engine.trainer |   epoch 14 step 80/140 loss=0.9933
06:14:45 | INFO    | holoqpi.engine.trainer |   epoch 14 step 100/140 loss=0.6926
06:14:47 | INFO    | holoqpi.engine.trainer |   epoch 14 step 120/140 loss=0.7380
06:15:34 | INFO    | holoqpi.engine.trainer | epoch 14/60 (58s = 13s train + 46s val) | train_loss=0.8229  val_phase_mae=0.1909  val_dice=0.7571  val_cls_acc=0.6142  val_mass_mape=0.2568
06:15:35 | INFO    | holoqpi.engine.trainer |   epoch 15 step 0/140 loss=0.7543
06:15:36 | INFO    | holoqpi.engine.trainer |   epoch 15 step 20/140 loss=0.6529
06:15:38 | INFO    | holoqpi.engine.trainer |   epoch 15 step 40/140 loss=0.5818
06:15:40 | INFO    | holoqpi.engine.trainer |   epoch 15 step 60/140 loss=1.0108
06:15:42 | INFO    | holoqpi.engine.trainer |   epoch 15 step 80/140 loss=1.0346
06:15:44 | INFO    | holoqpi.engine.trainer |   epoch 15 step 100/140 loss=0.7011
06:15:46 | INFO    | holoqpi.engine.trainer |   epoch 15 step 120/140 loss=0.7610
06:16:33 | INFO    | holoqpi.engine.trainer | epoch 15/60 (59s = 13s train + 46s val) | train_loss=0.8116  val_phase_mae=0.1897  val_dice=0.7511  val_cls_acc=0.5984  val_mass_mape=0.2614
06:16:34 | INFO    | holoqpi.engine.trainer |   epoch 16 step 0/140 loss=0.9208
06:16:36 | INFO    | holoqpi.engine.trainer |   epoch 16 step 20/140 loss=0.9762
06:16:37 | INFO    | holoqpi.engine.trainer |   epoch 16 step 40/140 loss=0.6482
06:16:39 | INFO    | holoqpi.engine.trainer |   epoch 16 step 60/140 loss=0.7430
06:16:41 | INFO    | holoqpi.engine.trainer |   epoch 16 step 80/140 loss=0.7493
06:16:43 | INFO    | holoqpi.engine.trainer |   epoch 16 step 100/140 loss=1.0321
06:16:45 | INFO    | holoqpi.engine.trainer |   epoch 16 step 120/140 loss=0.8308
06:17:32 | INFO    | holoqpi.engine.trainer | epoch 16/60 (59s = 13s train + 46s val) | train_loss=0.8095  val_phase_mae=0.1902  val_dice=0.7564  val_cls_acc=0.6457  val_mass_mape=0.2502
06:17:33 | INFO    | holoqpi.engine.trainer |   epoch 17 step 0/140 loss=1.0430
06:17:35 | INFO    | holoqpi.engine.trainer |   epoch 17 step 20/140 loss=1.2116
06:17:36 | INFO    | holoqpi.engine.trainer |   epoch 17 step 40/140 loss=1.2257
06:17:38 | INFO    | holoqpi.engine.trainer |   epoch 17 step 60/140 loss=0.6778
06:17:40 | INFO    | holoqpi.engine.trainer |   epoch 17 step 80/140 loss=0.6474
06:17:42 | INFO    | holoqpi.engine.trainer |   epoch 17 step 100/140 loss=1.0742
06:17:43 | INFO    | holoqpi.engine.trainer |   epoch 17 step 120/140 loss=0.6743
06:18:31 | INFO    | holoqpi.engine.trainer | epoch 17/60 (59s = 13s train + 46s val) | train_loss=0.7990  val_phase_mae=0.1901  val_dice=0.7507  val_cls_acc=0.6535  val_mass_mape=0.2561
06:18:32 | INFO    | holoqpi.engine.trainer |   epoch 18 step 0/140 loss=0.6072
06:18:33 | INFO    | holoqpi.engine.trainer |   epoch 18 step 20/140 loss=0.7434
06:18:35 | INFO    | holoqpi.engine.trainer |   epoch 18 step 40/140 loss=0.6202
06:18:37 | INFO    | holoqpi.engine.trainer |   epoch 18 step 60/140 loss=0.7670
06:18:39 | INFO    | holoqpi.engine.trainer |   epoch 18 step 80/140 loss=1.1045
06:18:40 | INFO    | holoqpi.engine.trainer |   epoch 18 step 100/140 loss=0.6944
06:18:42 | INFO    | holoqpi.engine.trainer |   epoch 18 step 120/140 loss=0.9544
06:19:29 | INFO    | holoqpi.engine.trainer | epoch 18/60 (58s = 12s train + 45s val) | train_loss=0.7919  val_phase_mae=0.1906  val_dice=0.7464  val_cls_acc=0.6614  val_mass_mape=0.2455
06:19:30 | INFO    | holoqpi.engine.trainer |   epoch 19 step 0/140 loss=0.6022
06:19:31 | INFO    | holoqpi.engine.trainer |   epoch 19 step 20/140 loss=0.6394
06:19:33 | INFO    | holoqpi.engine.trainer |   epoch 19 step 40/140 loss=0.6613
06:19:35 | INFO    | holoqpi.engine.trainer |   epoch 19 step 60/140 loss=0.7773
06:19:37 | INFO    | holoqpi.engine.trainer |   epoch 19 step 80/140 loss=0.8450
06:19:38 | INFO    | holoqpi.engine.trainer |   epoch 19 step 100/140 loss=0.6767
06:19:40 | INFO    | holoqpi.engine.trainer |   epoch 19 step 120/140 loss=0.9699
06:20:27 | INFO    | holoqpi.engine.trainer | epoch 19/60 (58s = 12s train + 45s val) | train_loss=0.7976  val_phase_mae=0.1884  val_dice=0.7650  val_cls_acc=0.5984  val_mass_mape=0.2676
06:20:27 | INFO    | holoqpi.engine.trainer |   epoch 20 step 0/140 loss=0.8271
06:20:29 | INFO    | holoqpi.engine.trainer |   epoch 20 step 20/140 loss=0.9623
06:20:31 | INFO    | holoqpi.engine.trainer |   epoch 20 step 40/140 loss=0.7813
06:20:32 | INFO    | holoqpi.engine.trainer |   epoch 20 step 60/140 loss=0.7851
06:20:34 | INFO    | holoqpi.engine.trainer |   epoch 20 step 80/140 loss=0.5364
06:20:35 | INFO    | holoqpi.engine.trainer |   epoch 20 step 100/140 loss=0.9971
06:20:37 | INFO    | holoqpi.engine.trainer |   epoch 20 step 120/140 loss=0.7170
06:21:24 | INFO    | holoqpi.engine.trainer | epoch 20/60 (57s = 12s train + 46s val) | train_loss=0.7843  val_phase_mae=0.1862  val_dice=0.7626  val_cls_acc=0.6929  val_mass_mape=0.2588
06:21:24 | INFO    | holoqpi.engine.trainer |   epoch 21 step 0/140 loss=0.7615
06:21:26 | INFO    | holoqpi.engine.trainer |   epoch 21 step 20/140 loss=0.8332
06:21:28 | INFO    | holoqpi.engine.trainer |   epoch 21 step 40/140 loss=0.8984
06:21:29 | INFO    | holoqpi.engine.trainer |   epoch 21 step 60/140 loss=0.6767
06:21:31 | INFO    | holoqpi.engine.trainer |   epoch 21 step 80/140 loss=0.7627
06:21:33 | INFO    | holoqpi.engine.trainer |   epoch 21 step 100/140 loss=0.6624
06:21:34 | INFO    | holoqpi.engine.trainer |   epoch 21 step 120/140 loss=0.6297
06:22:22 | INFO    | holoqpi.engine.trainer | epoch 21/60 (58s = 12s train + 46s val) | train_loss=0.7825  val_phase_mae=0.1872  val_dice=0.7579  val_cls_acc=0.6220  val_mass_mape=0.2488
06:22:22 | INFO    | holoqpi.engine.trainer |   epoch 22 step 0/140 loss=0.6741
06:22:24 | INFO    | holoqpi.engine.trainer |   epoch 22 step 20/140 loss=0.6836
06:22:26 | INFO    | holoqpi.engine.trainer |   epoch 22 step 40/140 loss=0.6643
06:22:27 | INFO    | holoqpi.engine.trainer |   epoch 22 step 60/140 loss=0.7067
06:22:29 | INFO    | holoqpi.engine.trainer |   epoch 22 step 80/140 loss=0.6537
06:22:30 | INFO    | holoqpi.engine.trainer |   epoch 22 step 100/140 loss=0.7235
06:22:32 | INFO    | holoqpi.engine.trainer |   epoch 22 step 120/140 loss=1.2946
06:23:19 | INFO    | holoqpi.engine.trainer |   new best composite=0.7584
06:23:19 | INFO    | holoqpi.engine.trainer | epoch 22/60 (57s = 11s train + 46s val) | train_loss=0.7748  val_phase_mae=0.1826  val_dice=0.7683  val_cls_acc=0.6220  val_mass_mape=0.2399
06:23:20 | INFO    | holoqpi.engine.trainer |   epoch 23 step 0/140 loss=0.9271
06:23:21 | INFO    | holoqpi.engine.trainer |   epoch 23 step 20/140 loss=0.7204
06:23:23 | INFO    | holoqpi.engine.trainer |   epoch 23 step 40/140 loss=0.7526
06:23:24 | INFO    | holoqpi.engine.trainer |   epoch 23 step 60/140 loss=1.0214
06:23:26 | INFO    | holoqpi.engine.trainer |   epoch 23 step 80/140 loss=1.1517
06:23:28 | INFO    | holoqpi.engine.trainer |   epoch 23 step 100/140 loss=0.6977
06:23:29 | INFO    | holoqpi.engine.trainer |   epoch 23 step 120/140 loss=1.0691
06:24:17 | INFO    | holoqpi.engine.trainer | epoch 23/60 (57s = 12s train + 46s val) | train_loss=0.7710  val_phase_mae=0.1900  val_dice=0.7598  val_cls_acc=0.7008  val_mass_mape=0.2751
06:24:17 | INFO    | holoqpi.engine.trainer |   epoch 24 step 0/140 loss=0.7091
06:24:19 | INFO    | holoqpi.engine.trainer |   epoch 24 step 20/140 loss=0.5933
06:24:20 | INFO    | holoqpi.engine.trainer |   epoch 24 step 40/140 loss=0.6653
06:24:22 | INFO    | holoqpi.engine.trainer |   epoch 24 step 60/140 loss=0.7882
06:24:23 | INFO    | holoqpi.engine.trainer |   epoch 24 step 80/140 loss=0.7321
06:24:25 | INFO    | holoqpi.engine.trainer |   epoch 24 step 100/140 loss=0.9273
06:24:27 | INFO    | holoqpi.engine.trainer |   epoch 24 step 120/140 loss=0.8698
06:25:14 | INFO    | holoqpi.engine.trainer | epoch 24/60 (57s = 12s train + 46s val) | train_loss=0.7738  val_phase_mae=0.1857  val_dice=0.7569  val_cls_acc=0.6614  val_mass_mape=0.2401
06:25:14 | INFO    | holoqpi.engine.trainer |   epoch 25 step 0/140 loss=0.7442
06:25:16 | INFO    | holoqpi.engine.trainer |   epoch 25 step 20/140 loss=0.6716
06:25:17 | INFO    | holoqpi.engine.trainer |   epoch 25 step 40/140 loss=0.6271
06:25:19 | INFO    | holoqpi.engine.trainer |   epoch 25 step 60/140 loss=0.6537
06:25:21 | INFO    | holoqpi.engine.trainer |   epoch 25 step 80/140 loss=0.8395
06:25:22 | INFO    | holoqpi.engine.trainer |   epoch 25 step 100/140 loss=0.8298
06:25:24 | INFO    | holoqpi.engine.trainer |   epoch 25 step 120/140 loss=1.5605
06:26:11 | INFO    | holoqpi.engine.trainer | epoch 25/60 (57s = 12s train + 46s val) | train_loss=0.7725  val_phase_mae=0.1924  val_dice=0.7526  val_cls_acc=0.6457  val_mass_mape=0.2588
06:26:11 | INFO    | holoqpi.engine.trainer |   epoch 26 step 0/140 loss=0.7354
06:26:13 | INFO    | holoqpi.engine.trainer |   epoch 26 step 20/140 loss=0.6106
06:26:15 | INFO    | holoqpi.engine.trainer |   epoch 26 step 40/140 loss=0.7188
06:26:16 | INFO    | holoqpi.engine.trainer |   epoch 26 step 60/140 loss=0.7210
06:26:18 | INFO    | holoqpi.engine.trainer |   epoch 26 step 80/140 loss=0.8601
06:26:19 | INFO    | holoqpi.engine.trainer |   epoch 26 step 100/140 loss=0.7144
06:26:21 | INFO    | holoqpi.engine.trainer |   epoch 26 step 120/140 loss=0.5867
06:27:08 | INFO    | holoqpi.engine.trainer | epoch 26/60 (57s = 12s train + 45s val) | train_loss=0.7590  val_phase_mae=0.1811  val_dice=0.7703  val_cls_acc=0.6693  val_mass_mape=0.2423
06:27:08 | INFO    | holoqpi.engine.trainer |   epoch 27 step 0/140 loss=0.6496
06:27:10 | INFO    | holoqpi.engine.trainer |   epoch 27 step 20/140 loss=0.6384
06:27:12 | INFO    | holoqpi.engine.trainer |   epoch 27 step 40/140 loss=0.9048
06:27:13 | INFO    | holoqpi.engine.trainer |   epoch 27 step 60/140 loss=0.8984
06:27:15 | INFO    | holoqpi.engine.trainer |   epoch 27 step 80/140 loss=0.6506
06:27:17 | INFO    | holoqpi.engine.trainer |   epoch 27 step 100/140 loss=0.8624
06:27:18 | INFO    | holoqpi.engine.trainer |   epoch 27 step 120/140 loss=0.5517
06:28:05 | INFO    | holoqpi.engine.trainer | epoch 27/60 (57s = 12s train + 45s val) | train_loss=0.7481  val_phase_mae=0.1878  val_dice=0.7579  val_cls_acc=0.7008  val_mass_mape=0.2693
06:28:06 | INFO    | holoqpi.engine.trainer |   epoch 28 step 0/140 loss=0.6553
06:28:07 | INFO    | holoqpi.engine.trainer |   epoch 28 step 20/140 loss=0.7032
06:28:09 | INFO    | holoqpi.engine.trainer |   epoch 28 step 40/140 loss=0.6882
06:28:10 | INFO    | holoqpi.engine.trainer |   epoch 28 step 60/140 loss=0.6624
06:28:12 | INFO    | holoqpi.engine.trainer |   epoch 28 step 80/140 loss=0.6585
06:28:14 | INFO    | holoqpi.engine.trainer |   epoch 28 step 100/140 loss=0.7522
06:28:15 | INFO    | holoqpi.engine.trainer |   epoch 28 step 120/140 loss=0.5575
06:29:02 | INFO    | holoqpi.engine.trainer | epoch 28/60 (57s = 12s train + 46s val) | train_loss=0.7464  val_phase_mae=0.1859  val_dice=0.7623  val_cls_acc=0.7165  val_mass_mape=0.2500
06:29:03 | INFO    | holoqpi.engine.trainer |   epoch 29 step 0/140 loss=0.6664
06:29:04 | INFO    | holoqpi.engine.trainer |   epoch 29 step 20/140 loss=0.9199
06:29:06 | INFO    | holoqpi.engine.trainer |   epoch 29 step 40/140 loss=0.8159
06:29:08 | INFO    | holoqpi.engine.trainer |   epoch 29 step 60/140 loss=0.6218
06:29:09 | INFO    | holoqpi.engine.trainer |   epoch 29 step 80/140 loss=1.1580
06:29:11 | INFO    | holoqpi.engine.trainer |   epoch 29 step 100/140 loss=0.6703
06:29:13 | INFO    | holoqpi.engine.trainer |   epoch 29 step 120/140 loss=0.6676
06:30:00 | INFO    | holoqpi.engine.trainer | epoch 29/60 (57s = 12s train + 46s val) | train_loss=0.7295  val_phase_mae=0.1839  val_dice=0.7650  val_cls_acc=0.7165  val_mass_mape=0.2352
06:30:00 | INFO    | holoqpi.engine.trainer |   epoch 30 step 0/140 loss=0.5432
06:30:02 | INFO    | holoqpi.engine.trainer |   epoch 30 step 20/140 loss=0.7027
06:30:03 | INFO    | holoqpi.engine.trainer |   epoch 30 step 40/140 loss=2.0906
06:30:05 | INFO    | holoqpi.engine.trainer |   epoch 30 step 60/140 loss=0.5793
06:30:07 | INFO    | holoqpi.engine.trainer |   epoch 30 step 80/140 loss=0.6583
06:30:08 | INFO    | holoqpi.engine.trainer |   epoch 30 step 100/140 loss=0.7579
06:30:10 | INFO    | holoqpi.engine.trainer |   epoch 30 step 120/140 loss=0.9461
06:30:57 | INFO    | holoqpi.engine.trainer | epoch 30/60 (58s = 12s train + 46s val) | train_loss=0.7382  val_phase_mae=0.1849  val_dice=0.7653  val_cls_acc=0.6772  val_mass_mape=0.2640
06:30:58 | INFO    | holoqpi.engine.trainer |   epoch 31 step 0/140 loss=0.7960
06:30:59 | INFO    | holoqpi.engine.trainer |   epoch 31 step 20/140 loss=0.6342
06:31:01 | INFO    | holoqpi.engine.trainer |   epoch 31 step 40/140 loss=0.8069
06:31:02 | INFO    | holoqpi.engine.trainer |   epoch 31 step 60/140 loss=0.5698
06:31:04 | INFO    | holoqpi.engine.trainer |   epoch 31 step 80/140 loss=0.6521
06:31:06 | INFO    | holoqpi.engine.trainer |   epoch 31 step 100/140 loss=0.8924
06:31:07 | INFO    | holoqpi.engine.trainer |   epoch 31 step 120/140 loss=0.5913
06:31:54 | INFO    | holoqpi.engine.trainer | epoch 31/60 (57s = 12s train + 46s val) | train_loss=0.7385  val_phase_mae=0.1879  val_dice=0.7556  val_cls_acc=0.7165  val_mass_mape=0.2506
06:31:55 | INFO    | holoqpi.engine.trainer |   epoch 32 step 0/140 loss=0.5242
06:31:56 | INFO    | holoqpi.engine.trainer |   epoch 32 step 20/140 loss=1.0429
06:31:58 | INFO    | holoqpi.engine.trainer |   epoch 32 step 40/140 loss=0.6948
06:32:00 | INFO    | holoqpi.engine.trainer |   epoch 32 step 60/140 loss=0.6821
06:32:01 | INFO    | holoqpi.engine.trainer |   epoch 32 step 80/140 loss=0.6117
06:32:03 | INFO    | holoqpi.engine.trainer |   epoch 32 step 100/140 loss=0.9774
06:32:05 | INFO    | holoqpi.engine.trainer |   epoch 32 step 120/140 loss=1.3583
06:32:53 | INFO    | holoqpi.engine.trainer |   new best composite=0.7594
06:32:53 | INFO    | holoqpi.engine.trainer | epoch 32/60 (58s = 12s train + 46s val) | train_loss=0.7328  val_phase_mae=0.1824  val_dice=0.7667  val_cls_acc=0.7244  val_mass_mape=0.2327
06:32:53 | INFO    | holoqpi.engine.trainer |   epoch 33 step 0/140 loss=0.5857
06:32:55 | INFO    | holoqpi.engine.trainer |   epoch 33 step 20/140 loss=0.5685
06:32:56 | INFO    | holoqpi.engine.trainer |   epoch 33 step 40/140 loss=0.7430
06:32:58 | INFO    | holoqpi.engine.trainer |   epoch 33 step 60/140 loss=0.6683
06:33:00 | INFO    | holoqpi.engine.trainer |   epoch 33 step 80/140 loss=0.6840
06:33:01 | INFO    | holoqpi.engine.trainer |   epoch 33 step 100/140 loss=0.6919
06:33:03 | INFO    | holoqpi.engine.trainer |   epoch 33 step 120/140 loss=0.4965
06:33:50 | INFO    | holoqpi.engine.trainer | epoch 33/60 (57s = 12s train + 46s val) | train_loss=0.7273  val_phase_mae=0.1818  val_dice=0.7684  val_cls_acc=0.7165  val_mass_mape=0.2530
06:33:51 | INFO    | holoqpi.engine.trainer |   epoch 34 step 0/140 loss=1.0042
06:33:52 | INFO    | holoqpi.engine.trainer |   epoch 34 step 20/140 loss=0.6841
06:33:54 | INFO    | holoqpi.engine.trainer |   epoch 34 step 40/140 loss=0.5433
06:33:55 | INFO    | holoqpi.engine.trainer |   epoch 34 step 60/140 loss=0.5998
06:33:57 | INFO    | holoqpi.engine.trainer |   epoch 34 step 80/140 loss=0.6516
06:33:59 | INFO    | holoqpi.engine.trainer |   epoch 34 step 100/140 loss=0.8888
06:34:00 | INFO    | holoqpi.engine.trainer |   epoch 34 step 120/140 loss=0.5591
06:34:48 | INFO    | holoqpi.engine.trainer | epoch 34/60 (58s = 12s train + 46s val) | train_loss=0.7109  val_phase_mae=0.1862  val_dice=0.7625  val_cls_acc=0.7402  val_mass_mape=0.2656
06:34:48 | INFO    | holoqpi.engine.trainer |   epoch 35 step 0/140 loss=0.5305
06:34:50 | INFO    | holoqpi.engine.trainer |   epoch 35 step 20/140 loss=0.6348
06:34:51 | INFO    | holoqpi.engine.trainer |   epoch 35 step 40/140 loss=1.2158
06:34:53 | INFO    | holoqpi.engine.trainer |   epoch 35 step 60/140 loss=0.8496
06:34:54 | INFO    | holoqpi.engine.trainer |   epoch 35 step 80/140 loss=0.7352
06:34:56 | INFO    | holoqpi.engine.trainer |   epoch 35 step 100/140 loss=0.6988
06:34:58 | INFO    | holoqpi.engine.trainer |   epoch 35 step 120/140 loss=0.6828
06:35:45 | INFO    | holoqpi.engine.trainer | epoch 35/60 (57s = 12s train + 46s val) | train_loss=0.7104  val_phase_mae=0.1820  val_dice=0.7654  val_cls_acc=0.6929  val_mass_mape=0.2315
06:35:45 | INFO    | holoqpi.engine.trainer |   epoch 36 step 0/140 loss=0.5946
06:35:47 | INFO    | holoqpi.engine.trainer |   epoch 36 step 20/140 loss=0.7997
06:35:48 | INFO    | holoqpi.engine.trainer |   epoch 36 step 40/140 loss=0.5230
06:35:50 | INFO    | holoqpi.engine.trainer |   epoch 36 step 60/140 loss=0.6170
06:35:51 | INFO    | holoqpi.engine.trainer |   epoch 36 step 80/140 loss=1.1919
06:35:53 | INFO    | holoqpi.engine.trainer |   epoch 36 step 100/140 loss=1.1746
06:35:55 | INFO    | holoqpi.engine.trainer |   epoch 36 step 120/140 loss=0.7662
06:36:42 | INFO    | holoqpi.engine.trainer | epoch 36/60 (57s = 11s train + 45s val) | train_loss=0.7156  val_phase_mae=0.1836  val_dice=0.7641  val_cls_acc=0.7008  val_mass_mape=0.2411
06:36:42 | INFO    | holoqpi.engine.trainer |   epoch 37 step 0/140 loss=1.0141
06:36:44 | INFO    | holoqpi.engine.trainer |   epoch 37 step 20/140 loss=0.6426
06:36:45 | INFO    | holoqpi.engine.trainer |   epoch 37 step 40/140 loss=0.5648
06:36:47 | INFO    | holoqpi.engine.trainer |   epoch 37 step 60/140 loss=0.7455
06:36:48 | INFO    | holoqpi.engine.trainer |   epoch 37 step 80/140 loss=0.6633
06:36:50 | INFO    | holoqpi.engine.trainer |   epoch 37 step 100/140 loss=0.5801
06:36:52 | INFO    | holoqpi.engine.trainer |   epoch 37 step 120/140 loss=0.5422
06:37:38 | INFO    | holoqpi.engine.trainer | epoch 37/60 (57s = 11s train + 45s val) | train_loss=0.7050  val_phase_mae=0.1837  val_dice=0.7601  val_cls_acc=0.6693  val_mass_mape=0.2331
06:37:39 | INFO    | holoqpi.engine.trainer |   epoch 38 step 0/140 loss=0.6881
06:37:40 | INFO    | holoqpi.engine.trainer |   epoch 38 step 20/140 loss=0.6788
06:37:42 | INFO    | holoqpi.engine.trainer |   epoch 38 step 40/140 loss=0.6194
06:37:44 | INFO    | holoqpi.engine.trainer |   epoch 38 step 60/140 loss=0.6339
06:37:45 | INFO    | holoqpi.engine.trainer |   epoch 38 step 80/140 loss=0.6038
06:37:47 | INFO    | holoqpi.engine.trainer |   epoch 38 step 100/140 loss=0.6878
06:37:49 | INFO    | holoqpi.engine.trainer |   epoch 38 step 120/140 loss=0.6267
06:38:35 | INFO    | holoqpi.engine.trainer | epoch 38/60 (57s = 12s train + 45s val) | train_loss=0.7050  val_phase_mae=0.1852  val_dice=0.7591  val_cls_acc=0.7480  val_mass_mape=0.2299
06:38:36 | INFO    | holoqpi.engine.trainer |   epoch 39 step 0/140 loss=0.6537
06:38:38 | INFO    | holoqpi.engine.trainer |   epoch 39 step 20/140 loss=0.4898
06:38:39 | INFO    | holoqpi.engine.trainer |   epoch 39 step 40/140 loss=0.7364
06:38:41 | INFO    | holoqpi.engine.trainer |   epoch 39 step 60/140 loss=0.6540
06:38:42 | INFO    | holoqpi.engine.trainer |   epoch 39 step 80/140 loss=0.5026
06:38:44 | INFO    | holoqpi.engine.trainer |   epoch 39 step 100/140 loss=0.5430
06:38:45 | INFO    | holoqpi.engine.trainer |   epoch 39 step 120/140 loss=0.7525
06:39:33 | INFO    | holoqpi.engine.trainer | epoch 39/60 (57s = 11s train + 46s val) | train_loss=0.6981  val_phase_mae=0.1850  val_dice=0.7612  val_cls_acc=0.8031  val_mass_mape=0.2451
06:39:33 | INFO    | holoqpi.engine.trainer |   epoch 40 step 0/140 loss=1.0044
06:39:35 | INFO    | holoqpi.engine.trainer |   epoch 40 step 20/140 loss=0.5847
06:39:36 | INFO    | holoqpi.engine.trainer |   epoch 40 step 40/140 loss=1.3114
06:39:38 | INFO    | holoqpi.engine.trainer |   epoch 40 step 60/140 loss=0.5995
06:39:39 | INFO    | holoqpi.engine.trainer |   epoch 40 step 80/140 loss=0.9237
06:39:41 | INFO    | holoqpi.engine.trainer |   epoch 40 step 100/140 loss=0.8038
06:39:43 | INFO    | holoqpi.engine.trainer |   epoch 40 step 120/140 loss=0.5098
06:40:30 | INFO    | holoqpi.engine.trainer | epoch 40/60 (58s = 12s train + 46s val) | train_loss=0.6960  val_phase_mae=0.1841  val_dice=0.7636  val_cls_acc=0.7717  val_mass_mape=0.2453
06:40:31 | INFO    | holoqpi.engine.trainer |   epoch 41 step 0/140 loss=0.6871
06:40:32 | INFO    | holoqpi.engine.trainer |   epoch 41 step 20/140 loss=0.5057
06:40:34 | INFO    | holoqpi.engine.trainer |   epoch 41 step 40/140 loss=0.5629
06:40:35 | INFO    | holoqpi.engine.trainer |   epoch 41 step 60/140 loss=0.7400
06:40:37 | INFO    | holoqpi.engine.trainer |   epoch 41 step 80/140 loss=0.7950
06:40:38 | INFO    | holoqpi.engine.trainer |   epoch 41 step 100/140 loss=0.7739
06:40:40 | INFO    | holoqpi.engine.trainer |   epoch 41 step 120/140 loss=0.5704
06:41:27 | INFO    | holoqpi.engine.trainer | epoch 41/60 (57s = 12s train + 46s val) | train_loss=0.6939  val_phase_mae=0.1843  val_dice=0.7634  val_cls_acc=0.7008  val_mass_mape=0.2489
06:41:28 | INFO    | holoqpi.engine.trainer |   epoch 42 step 0/140 loss=0.5661
06:41:29 | INFO    | holoqpi.engine.trainer |   epoch 42 step 20/140 loss=0.5201
06:41:31 | INFO    | holoqpi.engine.trainer |   epoch 42 step 40/140 loss=0.5058
06:41:33 | INFO    | holoqpi.engine.trainer |   epoch 42 step 60/140 loss=0.9479
06:41:34 | INFO    | holoqpi.engine.trainer |   epoch 42 step 80/140 loss=1.5281
06:41:36 | INFO    | holoqpi.engine.trainer |   epoch 42 step 100/140 loss=0.8779
06:41:38 | INFO    | holoqpi.engine.trainer |   epoch 42 step 120/140 loss=0.6074
06:42:25 | INFO    | holoqpi.engine.trainer | epoch 42/60 (57s = 12s train + 46s val) | train_loss=0.6731  val_phase_mae=0.1824  val_dice=0.7689  val_cls_acc=0.8189  val_mass_mape=0.2390
06:42:25 | INFO    | holoqpi.engine.trainer |   epoch 43 step 0/140 loss=0.5050
06:42:27 | INFO    | holoqpi.engine.trainer |   epoch 43 step 20/140 loss=0.5838
06:42:28 | INFO    | holoqpi.engine.trainer |   epoch 43 step 40/140 loss=1.4232
06:42:30 | INFO    | holoqpi.engine.trainer |   epoch 43 step 60/140 loss=0.6288
06:42:32 | INFO    | holoqpi.engine.trainer |   epoch 43 step 80/140 loss=0.7000
06:42:33 | INFO    | holoqpi.engine.trainer |   epoch 43 step 100/140 loss=0.4947
06:42:35 | INFO    | holoqpi.engine.trainer |   epoch 43 step 120/140 loss=0.9269
06:43:22 | INFO    | holoqpi.engine.trainer | epoch 43/60 (57s = 12s train + 45s val) | train_loss=0.6908  val_phase_mae=0.1821  val_dice=0.7653  val_cls_acc=0.7559  val_mass_mape=0.2331
06:43:22 | INFO    | holoqpi.engine.trainer |   epoch 44 step 0/140 loss=0.5499
06:43:24 | INFO    | holoqpi.engine.trainer |   epoch 44 step 20/140 loss=0.5096
06:43:26 | INFO    | holoqpi.engine.trainer |   epoch 44 step 40/140 loss=0.6742
06:43:27 | INFO    | holoqpi.engine.trainer |   epoch 44 step 60/140 loss=0.4560
06:43:29 | INFO    | holoqpi.engine.trainer |   epoch 44 step 80/140 loss=0.8312
06:43:30 | INFO    | holoqpi.engine.trainer |   epoch 44 step 100/140 loss=0.7829
06:43:32 | INFO    | holoqpi.engine.trainer |   epoch 44 step 120/140 loss=0.5140
06:44:20 | INFO    | holoqpi.engine.trainer |   new best composite=0.7617
06:44:20 | INFO    | holoqpi.engine.trainer | epoch 44/60 (58s = 12s train + 46s val) | train_loss=0.6764  val_phase_mae=0.1809  val_dice=0.7685  val_cls_acc=0.7717  val_mass_mape=0.2277
06:44:21 | INFO    | holoqpi.engine.trainer |   epoch 45 step 0/140 loss=0.7219
06:44:22 | INFO    | holoqpi.engine.trainer |   epoch 45 step 20/140 loss=0.4576
06:44:24 | INFO    | holoqpi.engine.trainer |   epoch 45 step 40/140 loss=0.7783
06:44:25 | INFO    | holoqpi.engine.trainer |   epoch 45 step 60/140 loss=0.6538
06:44:27 | INFO    | holoqpi.engine.trainer |   epoch 45 step 80/140 loss=0.9433
06:44:29 | INFO    | holoqpi.engine.trainer |   epoch 45 step 100/140 loss=0.7073
06:44:30 | INFO    | holoqpi.engine.trainer |   epoch 45 step 120/140 loss=0.8597
06:45:18 | INFO    | holoqpi.engine.trainer | epoch 45/60 (58s = 12s train + 46s val) | train_loss=0.6811  val_phase_mae=0.1810  val_dice=0.7687  val_cls_acc=0.7559  val_mass_mape=0.2326
06:45:18 | INFO    | holoqpi.engine.trainer |   epoch 46 step 0/140 loss=0.5141
06:45:20 | INFO    | holoqpi.engine.trainer |   epoch 46 step 20/140 loss=0.8671
06:45:21 | INFO    | holoqpi.engine.trainer |   epoch 46 step 40/140 loss=0.5734
06:45:23 | INFO    | holoqpi.engine.trainer |   epoch 46 step 60/140 loss=0.5451
06:45:25 | INFO    | holoqpi.engine.trainer |   epoch 46 step 80/140 loss=0.5374
06:45:26 | INFO    | holoqpi.engine.trainer |   epoch 46 step 100/140 loss=1.2933
06:45:28 | INFO    | holoqpi.engine.trainer |   epoch 46 step 120/140 loss=0.5478
06:46:15 | INFO    | holoqpi.engine.trainer | epoch 46/60 (57s = 12s train + 45s val) | train_loss=0.6608  val_phase_mae=0.1811  val_dice=0.7671  val_cls_acc=0.7717  val_mass_mape=0.2285
06:46:16 | INFO    | holoqpi.engine.trainer |   epoch 47 step 0/140 loss=0.5812
06:46:17 | INFO    | holoqpi.engine.trainer |   epoch 47 step 20/140 loss=0.6592
06:46:19 | INFO    | holoqpi.engine.trainer |   epoch 47 step 40/140 loss=0.4766
06:46:20 | INFO    | holoqpi.engine.trainer |   epoch 47 step 60/140 loss=0.5333
06:46:22 | INFO    | holoqpi.engine.trainer |   epoch 47 step 80/140 loss=0.7100
06:46:24 | INFO    | holoqpi.engine.trainer |   epoch 47 step 100/140 loss=0.5578
06:46:25 | INFO    | holoqpi.engine.trainer |   epoch 47 step 120/140 loss=0.8442
06:47:13 | INFO    | holoqpi.engine.trainer | epoch 47/60 (57s = 12s train + 46s val) | train_loss=0.6681  val_phase_mae=0.1813  val_dice=0.7680  val_cls_acc=0.7323  val_mass_mape=0.2342
06:47:13 | INFO    | holoqpi.engine.trainer |   epoch 48 step 0/140 loss=0.5017
06:47:15 | INFO    | holoqpi.engine.trainer |   epoch 48 step 20/140 loss=0.7640
06:47:16 | INFO    | holoqpi.engine.trainer |   epoch 48 step 40/140 loss=0.6104
06:47:18 | INFO    | holoqpi.engine.trainer |   epoch 48 step 60/140 loss=0.6612
06:47:19 | INFO    | holoqpi.engine.trainer |   epoch 48 step 80/140 loss=0.5376
06:47:21 | INFO    | holoqpi.engine.trainer |   epoch 48 step 100/140 loss=0.6636
06:47:23 | INFO    | holoqpi.engine.trainer |   epoch 48 step 120/140 loss=0.5444
06:48:10 | INFO    | holoqpi.engine.trainer | epoch 48/60 (57s = 12s train + 45s val) | train_loss=0.6533  val_phase_mae=0.1807  val_dice=0.7669  val_cls_acc=0.7559  val_mass_mape=0.2280
06:48:10 | INFO    | holoqpi.engine.trainer |   epoch 49 step 0/140 loss=0.6060
06:48:12 | INFO    | holoqpi.engine.trainer |   epoch 49 step 20/140 loss=0.5328
06:48:13 | INFO    | holoqpi.engine.trainer |   epoch 49 step 40/140 loss=0.5166
06:48:15 | INFO    | holoqpi.engine.trainer |   epoch 49 step 60/140 loss=0.7721
06:48:16 | INFO    | holoqpi.engine.trainer |   epoch 49 step 80/140 loss=0.4981
06:48:18 | INFO    | holoqpi.engine.trainer |   epoch 49 step 100/140 loss=0.7093
06:48:20 | INFO    | holoqpi.engine.trainer |   epoch 49 step 120/140 loss=0.8005
06:49:07 | INFO    | holoqpi.engine.trainer | epoch 49/60 (58s = 12s train + 46s val) | train_loss=0.6589  val_phase_mae=0.1816  val_dice=0.7663  val_cls_acc=0.7717  val_mass_mape=0.2307
06:49:08 | INFO    | holoqpi.engine.trainer |   epoch 50 step 0/140 loss=0.7818
06:49:09 | INFO    | holoqpi.engine.trainer |   epoch 50 step 20/140 loss=0.6814
06:49:11 | INFO    | holoqpi.engine.trainer |   epoch 50 step 40/140 loss=0.6571
06:49:12 | INFO    | holoqpi.engine.trainer |   epoch 50 step 60/140 loss=0.6180
06:49:14 | INFO    | holoqpi.engine.trainer |   epoch 50 step 80/140 loss=0.4997
06:49:16 | INFO    | holoqpi.engine.trainer |   epoch 50 step 100/140 loss=0.9084
06:49:17 | INFO    | holoqpi.engine.trainer |   epoch 50 step 120/140 loss=0.5877
06:50:05 | INFO    | holoqpi.engine.trainer | epoch 50/60 (58s = 12s train + 46s val) | train_loss=0.6657  val_phase_mae=0.1799  val_dice=0.7703  val_cls_acc=0.7480  val_mass_mape=0.2363
06:50:05 | INFO    | holoqpi.engine.trainer |   epoch 51 step 0/140 loss=0.5562
06:50:07 | INFO    | holoqpi.engine.trainer |   epoch 51 step 20/140 loss=0.5383
06:50:08 | INFO    | holoqpi.engine.trainer |   epoch 51 step 40/140 loss=0.5455
06:50:10 | INFO    | holoqpi.engine.trainer |   epoch 51 step 60/140 loss=0.5268
06:50:12 | INFO    | holoqpi.engine.trainer |   epoch 51 step 80/140 loss=0.5810
06:50:13 | INFO    | holoqpi.engine.trainer |   epoch 51 step 100/140 loss=0.5070
06:50:15 | INFO    | holoqpi.engine.trainer |   epoch 51 step 120/140 loss=0.4881
06:51:02 | INFO    | holoqpi.engine.trainer | epoch 51/60 (57s = 12s train + 45s val) | train_loss=0.6462  val_phase_mae=0.1802  val_dice=0.7689  val_cls_acc=0.7638  val_mass_mape=0.2313
06:51:02 | INFO    | holoqpi.engine.trainer |   epoch 52 step 0/140 loss=0.8363
06:51:04 | INFO    | holoqpi.engine.trainer |   epoch 52 step 20/140 loss=0.5136
06:51:05 | INFO    | holoqpi.engine.trainer |   epoch 52 step 40/140 loss=0.6506
06:51:07 | INFO    | holoqpi.engine.trainer |   epoch 52 step 60/140 loss=0.8344
06:51:09 | INFO    | holoqpi.engine.trainer |   epoch 52 step 80/140 loss=0.4757
06:51:10 | INFO    | holoqpi.engine.trainer |   epoch 52 step 100/140 loss=0.5507
06:51:12 | INFO    | holoqpi.engine.trainer |   epoch 52 step 120/140 loss=0.4029
06:51:59 | INFO    | holoqpi.engine.trainer | epoch 52/60 (57s = 12s train + 45s val) | train_loss=0.6540  val_phase_mae=0.1795  val_dice=0.7706  val_cls_acc=0.8425  val_mass_mape=0.2349
06:51:59 | INFO    | holoqpi.engine.trainer |   epoch 53 step 0/140 loss=0.7359
06:52:01 | INFO    | holoqpi.engine.trainer |   epoch 53 step 20/140 loss=0.8690
06:52:02 | INFO    | holoqpi.engine.trainer |   epoch 53 step 40/140 loss=0.7871
06:52:04 | INFO    | holoqpi.engine.trainer |   epoch 53 step 60/140 loss=0.4321
06:52:06 | INFO    | holoqpi.engine.trainer |   epoch 53 step 80/140 loss=0.5145
06:52:07 | INFO    | holoqpi.engine.trainer |   epoch 53 step 100/140 loss=0.6052
06:52:09 | INFO    | holoqpi.engine.trainer |   epoch 53 step 120/140 loss=0.5294
06:52:57 | INFO    | holoqpi.engine.trainer | epoch 53/60 (58s = 12s train + 46s val) | train_loss=0.6453  val_phase_mae=0.1805  val_dice=0.7704  val_cls_acc=0.7795  val_mass_mape=0.2327
06:52:57 | INFO    | holoqpi.engine.trainer |   epoch 54 step 0/140 loss=0.4905
06:52:59 | INFO    | holoqpi.engine.trainer |   epoch 54 step 20/140 loss=0.9914
06:53:00 | INFO    | holoqpi.engine.trainer |   epoch 54 step 40/140 loss=0.8183
06:53:02 | INFO    | holoqpi.engine.trainer |   epoch 54 step 60/140 loss=0.9016
06:53:04 | INFO    | holoqpi.engine.trainer |   epoch 54 step 80/140 loss=0.4646
06:53:05 | INFO    | holoqpi.engine.trainer |   epoch 54 step 100/140 loss=0.7584
06:53:07 | INFO    | holoqpi.engine.trainer |   epoch 54 step 120/140 loss=0.4379
06:53:54 | INFO    | holoqpi.engine.trainer | epoch 54/60 (57s = 11s train + 46s val) | train_loss=0.6586  val_phase_mae=0.1803  val_dice=0.7690  val_cls_acc=0.7953  val_mass_mape=0.2348
06:53:54 | INFO    | holoqpi.engine.trainer |   epoch 55 step 0/140 loss=0.5679
06:53:56 | INFO    | holoqpi.engine.trainer |   epoch 55 step 20/140 loss=0.5945
06:53:57 | INFO    | holoqpi.engine.trainer |   epoch 55 step 40/140 loss=0.6092
06:53:59 | INFO    | holoqpi.engine.trainer |   epoch 55 step 60/140 loss=0.5508
06:54:01 | INFO    | holoqpi.engine.trainer |   epoch 55 step 80/140 loss=0.4529
06:54:02 | INFO    | holoqpi.engine.trainer |   epoch 55 step 100/140 loss=0.4904
06:54:04 | INFO    | holoqpi.engine.trainer |   epoch 55 step 120/140 loss=0.7658
06:54:51 | INFO    | holoqpi.engine.trainer |   new best composite=0.7620
06:54:51 | INFO    | holoqpi.engine.trainer | epoch 55/60 (57s = 11s train + 46s val) | train_loss=0.6456  val_phase_mae=0.1800  val_dice=0.7702  val_cls_acc=0.7795  val_mass_mape=0.2313
06:54:52 | INFO    | holoqpi.engine.trainer |   epoch 56 step 0/140 loss=0.5398
06:54:53 | INFO    | holoqpi.engine.trainer |   epoch 56 step 20/140 loss=0.6807
06:54:55 | INFO    | holoqpi.engine.trainer |   epoch 56 step 40/140 loss=0.5230
06:54:56 | INFO    | holoqpi.engine.trainer |   epoch 56 step 60/140 loss=0.5084
06:54:58 | INFO    | holoqpi.engine.trainer |   epoch 56 step 80/140 loss=0.9497
06:55:00 | INFO    | holoqpi.engine.trainer |   epoch 56 step 100/140 loss=0.5902
06:55:01 | INFO    | holoqpi.engine.trainer |   epoch 56 step 120/140 loss=0.8571
06:55:48 | INFO    | holoqpi.engine.trainer | epoch 56/60 (57s = 12s train + 45s val) | train_loss=0.6378  val_phase_mae=0.1800  val_dice=0.7695  val_cls_acc=0.8031  val_mass_mape=0.2297
06:55:49 | INFO    | holoqpi.engine.trainer |   epoch 57 step 0/140 loss=0.5469
06:55:50 | INFO    | holoqpi.engine.trainer |   epoch 57 step 20/140 loss=0.7413
06:55:52 | INFO    | holoqpi.engine.trainer |   epoch 57 step 40/140 loss=0.7280
06:55:54 | INFO    | holoqpi.engine.trainer |   epoch 57 step 60/140 loss=0.5918
06:55:55 | INFO    | holoqpi.engine.trainer |   epoch 57 step 80/140 loss=0.5391
06:55:57 | INFO    | holoqpi.engine.trainer |   epoch 57 step 100/140 loss=0.6092
06:55:59 | INFO    | holoqpi.engine.trainer |   epoch 57 step 120/140 loss=0.5369
06:56:46 | INFO    | holoqpi.engine.trainer |   new best composite=0.7625
06:56:46 | INFO    | holoqpi.engine.trainer | epoch 57/60 (57s = 12s train + 46s val) | train_loss=0.6366  val_phase_mae=0.1799  val_dice=0.7695  val_cls_acc=0.7717  val_mass_mape=0.2267
06:56:46 | INFO    | holoqpi.engine.trainer |   epoch 58 step 0/140 loss=0.6895
06:56:48 | INFO    | holoqpi.engine.trainer |   epoch 58 step 20/140 loss=0.5786
06:56:50 | INFO    | holoqpi.engine.trainer |   epoch 58 step 40/140 loss=0.6546
06:56:51 | INFO    | holoqpi.engine.trainer |   epoch 58 step 60/140 loss=0.6113
06:56:53 | INFO    | holoqpi.engine.trainer |   epoch 58 step 80/140 loss=0.8104
06:56:55 | INFO    | holoqpi.engine.trainer |   epoch 58 step 100/140 loss=0.5274
06:56:56 | INFO    | holoqpi.engine.trainer |   epoch 58 step 120/140 loss=0.7066
06:57:43 | INFO    | holoqpi.engine.trainer | epoch 58/60 (57s = 12s train + 45s val) | train_loss=0.6468  val_phase_mae=0.1803  val_dice=0.7690  val_cls_acc=0.8110  val_mass_mape=0.2297
06:57:43 | INFO    | holoqpi.engine.trainer |   epoch 59 step 0/140 loss=0.5329
06:57:45 | INFO    | holoqpi.engine.trainer |   epoch 59 step 20/140 loss=0.5955
06:57:47 | INFO    | holoqpi.engine.trainer |   epoch 59 step 40/140 loss=0.5161
06:57:48 | INFO    | holoqpi.engine.trainer |   epoch 59 step 60/140 loss=0.5849
06:57:50 | INFO    | holoqpi.engine.trainer |   epoch 59 step 80/140 loss=0.5444
06:57:51 | INFO    | holoqpi.engine.trainer |   epoch 59 step 100/140 loss=0.4501
06:57:53 | INFO    | holoqpi.engine.trainer |   epoch 59 step 120/140 loss=0.5327
06:58:40 | INFO    | holoqpi.engine.trainer |   new best composite=0.7627
06:58:40 | INFO    | holoqpi.engine.trainer | epoch 59/60 (57s = 12s train + 45s val) | train_loss=0.6252  val_phase_mae=0.1797  val_dice=0.7704  val_cls_acc=0.7717  val_mass_mape=0.2275
06:58:41 | INFO    | holoqpi.engine.trainer |   epoch 60 step 0/140 loss=0.4607
06:58:42 | INFO    | holoqpi.engine.trainer |   epoch 60 step 20/140 loss=1.1808
06:58:44 | INFO    | holoqpi.engine.trainer |   epoch 60 step 40/140 loss=1.5759
06:58:45 | INFO    | holoqpi.engine.trainer |   epoch 60 step 60/140 loss=0.5628
06:58:47 | INFO    | holoqpi.engine.trainer |   epoch 60 step 80/140 loss=0.5183
06:58:49 | INFO    | holoqpi.engine.trainer |   epoch 60 step 100/140 loss=0.7058
06:58:50 | INFO    | holoqpi.engine.trainer |   epoch 60 step 120/140 loss=0.5894
06:59:38 | INFO    | holoqpi.engine.trainer | epoch 60/60 (57s = 12s train + 46s val) | train_loss=0.6334  val_phase_mae=0.1797  val_dice=0.7702  val_cls_acc=0.7638  val_mass_mape=0.2313
06:59:38 | INFO    | holoqpi.engine.trainer | training finished; best epoch 59 (composite=0.7627)
06:59:38 | INFO    | holoqpi.engine.trainer | checkpoint best_model.pt: 446/446 tensors matched
07:00:20 | INFO    | holoqpi.engine.compare | modality=gabor test metrics written to runs/no_physics_gabor
07:00:20 | INFO    | holoqpi.engine.compare | comparison table written to runs/no_physics_modality_comparison.csv
