07:00:24 | INFO    | holoqpi.engine.compare | ======================================================================
07:00:24 | INFO    | holoqpi.engine.compare | modality=off_axis  device=cuda  run_dir=runs/physics_coupling_only_off_axis
07:00:24 | INFO    | holoqpi.engine.compare | ======================================================================
07:00:24 | INFO    | holoqpi.data.dataset | train split: 560 samples | modality=off_axis | crop=512 | augment=True
07:00:24 | INFO    | holoqpi.data.dataset | val split: 127 samples | modality=off_axis | crop=None | augment=False
07:00:24 | INFO    | holoqpi.data.dataset | test split: 113 samples | modality=off_axis | crop=None | augment=False
07:00:26 | INFO    | holoqpi.models.encoders | encoder=mobilenet_v2 in_channels=1 pretrained=True stages=[16, 24, 32, 96, 1280]
07:00:26 | INFO    | holoqpi.models.holonet | HoloQPINet built: 9.76M parameters, 9.76M trainable (100.0%)
07:00:27 | INFO    | holoqpi.engine.trainer | trainable 9.76M / 9.76M parameters (100.0%)
07:00:27 | INFO    | holoqpi.engine.trainer | active physics terms: ['phase_mask_contrast', 'boundary_gradient_alignment', 'phase_volume', 'dry_mass_consistency', 'projected_area_consistency']
07:00:33 | INFO    | holoqpi.engine.trainer |   epoch 1 step 0/140 loss=2.5160
07:00:34 | INFO    | holoqpi.engine.trainer |   epoch 1 step 20/140 loss=2.3154
07:00:36 | INFO    | holoqpi.engine.trainer |   epoch 1 step 40/140 loss=1.9275
07:00:38 | INFO    | holoqpi.engine.trainer |   epoch 1 step 60/140 loss=1.6545
07:00:40 | INFO    | holoqpi.engine.trainer |   epoch 1 step 80/140 loss=1.5403
07:00:42 | INFO    | holoqpi.engine.trainer |   epoch 1 step 100/140 loss=1.4979
07:00:43 | INFO    | holoqpi.engine.trainer |   epoch 1 step 120/140 loss=1.3690
07:01:38 | INFO    | holoqpi.engine.trainer |   new best composite=0.5854
07:01:38 | INFO    | holoqpi.engine.trainer | epoch 1/60 (71s = 18s train + 53s val) | train_loss=1.7874  val_phase_mae=0.2738  val_dice=0.5871  val_cls_acc=0.2677  val_mass_mape=0.2944
07:01:38 | INFO    | holoqpi.engine.trainer |   at this rate the full 60-epoch schedule takes about 71 min
07:01:39 | INFO    | holoqpi.engine.trainer |   epoch 2 step 0/140 loss=1.3875
07:01:41 | INFO    | holoqpi.engine.trainer |   epoch 2 step 20/140 loss=1.2955
07:01:43 | INFO    | holoqpi.engine.trainer |   epoch 2 step 40/140 loss=1.3367
07:01:45 | INFO    | holoqpi.engine.trainer |   epoch 2 step 60/140 loss=1.2032
07:01:48 | INFO    | holoqpi.engine.trainer |   epoch 2 step 80/140 loss=1.1208
07:01:50 | INFO    | holoqpi.engine.trainer |   epoch 2 step 100/140 loss=1.0755
07:01:52 | INFO    | holoqpi.engine.trainer |   epoch 2 step 120/140 loss=1.1642
07:02:43 | INFO    | holoqpi.engine.trainer |   new best composite=0.7266
07:02:43 | INFO    | holoqpi.engine.trainer | epoch 2/60 (65s = 16s train + 49s val) | train_loss=1.1751  val_phase_mae=0.2126  val_dice=0.7371  val_cls_acc=0.2441  val_mass_mape=0.2523
07:02:44 | INFO    | holoqpi.engine.trainer |   epoch 3 step 0/140 loss=1.0245
07:02:46 | INFO    | holoqpi.engine.trainer |   epoch 3 step 20/140 loss=0.8638
07:02:48 | INFO    | holoqpi.engine.trainer |   epoch 3 step 40/140 loss=0.9764
07:02:50 | INFO    | holoqpi.engine.trainer |   epoch 3 step 60/140 loss=1.0770
07:02:52 | INFO    | holoqpi.engine.trainer |   epoch 3 step 80/140 loss=0.9766
07:02:54 | INFO    | holoqpi.engine.trainer |   epoch 3 step 100/140 loss=0.9744
07:02:56 | INFO    | holoqpi.engine.trainer |   epoch 3 step 120/140 loss=0.8748
07:03:48 | INFO    | holoqpi.engine.trainer |   new best composite=0.7376
07:03:48 | INFO    | holoqpi.engine.trainer | epoch 3/60 (64s = 15s train + 49s val) | train_loss=0.9459  val_phase_mae=0.2026  val_dice=0.7543  val_cls_acc=0.2835  val_mass_mape=0.2540
07:03:48 | INFO    | holoqpi.engine.trainer |   epoch 4 step 0/140 loss=0.9225
07:03:50 | INFO    | holoqpi.engine.trainer |   epoch 4 step 20/140 loss=0.8433
07:03:52 | INFO    | holoqpi.engine.trainer |   epoch 4 step 40/140 loss=1.0506
07:03:55 | INFO    | holoqpi.engine.trainer |   epoch 4 step 60/140 loss=0.9201
07:03:57 | INFO    | holoqpi.engine.trainer |   epoch 4 step 80/140 loss=0.8553
07:03:59 | INFO    | holoqpi.engine.trainer |   epoch 4 step 100/140 loss=0.8693
07:04:01 | INFO    | holoqpi.engine.trainer |   epoch 4 step 120/140 loss=0.7976
07:04:52 | INFO    | holoqpi.engine.trainer |   new best composite=0.7537
07:04:52 | INFO    | holoqpi.engine.trainer | epoch 4/60 (64s = 15s train + 49s val) | train_loss=0.8902  val_phase_mae=0.1906  val_dice=0.7809  val_cls_acc=0.2992  val_mass_mape=0.2820
07:04:53 | INFO    | holoqpi.engine.trainer |   epoch 5 step 0/140 loss=0.9078
07:04:55 | INFO    | holoqpi.engine.trainer |   epoch 5 step 20/140 loss=0.8766
07:04:57 | INFO    | holoqpi.engine.trainer |   epoch 5 step 40/140 loss=0.8321
07:04:59 | INFO    | holoqpi.engine.trainer |   epoch 5 step 60/140 loss=0.7997
07:05:01 | INFO    | holoqpi.engine.trainer |   epoch 5 step 80/140 loss=0.8803
07:05:03 | INFO    | holoqpi.engine.trainer |   epoch 5 step 100/140 loss=0.9029
07:05:05 | INFO    | holoqpi.engine.trainer |   epoch 5 step 120/140 loss=0.7375
07:05:58 | INFO    | holoqpi.engine.trainer |   new best composite=0.7568
07:05:58 | INFO    | holoqpi.engine.trainer | epoch 5/60 (66s = 15s train + 51s val) | train_loss=0.8373  val_phase_mae=0.1930  val_dice=0.7806  val_cls_acc=0.2756  val_mass_mape=0.2581
07:05:59 | INFO    | holoqpi.engine.trainer |   epoch 6 step 0/140 loss=0.7856
07:06:01 | INFO    | holoqpi.engine.trainer |   epoch 6 step 20/140 loss=0.8906
07:06:03 | INFO    | holoqpi.engine.trainer |   epoch 6 step 40/140 loss=0.8045
07:06:05 | INFO    | holoqpi.engine.trainer |   epoch 6 step 60/140 loss=0.6834
07:06:07 | INFO    | holoqpi.engine.trainer |   epoch 6 step 80/140 loss=0.6844
07:06:09 | INFO    | holoqpi.engine.trainer |   epoch 6 step 100/140 loss=0.9081
07:06:11 | INFO    | holoqpi.engine.trainer |   epoch 6 step 120/140 loss=0.7259
07:07:02 | INFO    | holoqpi.engine.trainer |   new best composite=0.7586
07:07:02 | INFO    | holoqpi.engine.trainer | epoch 6/60 (63s = 14s train + 49s val) | train_loss=0.8002  val_phase_mae=0.1863  val_dice=0.7904  val_cls_acc=0.2441  val_mass_mape=0.2913
07:07:02 | INFO    | holoqpi.engine.trainer |   epoch 7 step 0/140 loss=0.7755
07:07:04 | INFO    | holoqpi.engine.trainer |   epoch 7 step 20/140 loss=0.7471
07:07:06 | INFO    | holoqpi.engine.trainer |   epoch 7 step 40/140 loss=0.7680
07:07:08 | INFO    | holoqpi.engine.trainer |   epoch 7 step 60/140 loss=0.7017
07:07:10 | INFO    | holoqpi.engine.trainer |   epoch 7 step 80/140 loss=0.8018
07:07:12 | INFO    | holoqpi.engine.trainer |   epoch 7 step 100/140 loss=0.7876
07:07:14 | INFO    | holoqpi.engine.trainer |   epoch 7 step 120/140 loss=0.9040
07:08:05 | INFO    | holoqpi.engine.trainer |   new best composite=0.7731
07:08:05 | INFO    | holoqpi.engine.trainer | epoch 7/60 (63s = 14s train + 48s val) | train_loss=0.7792  val_phase_mae=0.1818  val_dice=0.7891  val_cls_acc=0.4567  val_mass_mape=0.2341
07:08:05 | INFO    | holoqpi.engine.trainer |   epoch 8 step 0/140 loss=0.7559
07:08:07 | INFO    | holoqpi.engine.trainer |   epoch 8 step 20/140 loss=0.7011
07:08:09 | INFO    | holoqpi.engine.trainer |   epoch 8 step 40/140 loss=0.8915
07:08:11 | INFO    | holoqpi.engine.trainer |   epoch 8 step 60/140 loss=0.6678
07:08:13 | INFO    | holoqpi.engine.trainer |   epoch 8 step 80/140 loss=0.7130
07:08:15 | INFO    | holoqpi.engine.trainer |   epoch 8 step 100/140 loss=0.8148
07:08:17 | INFO    | holoqpi.engine.trainer |   epoch 8 step 120/140 loss=0.8188
07:09:08 | INFO    | holoqpi.engine.trainer |   new best composite=0.7847
07:09:08 | INFO    | holoqpi.engine.trainer | epoch 8/60 (63s = 14s train + 49s val) | train_loss=0.7579  val_phase_mae=0.1869  val_dice=0.7982  val_cls_acc=0.3622  val_mass_mape=0.2128
07:09:08 | INFO    | holoqpi.engine.trainer |   epoch 9 step 0/140 loss=0.7810
07:09:10 | INFO    | holoqpi.engine.trainer |   epoch 9 step 20/140 loss=0.6052
07:09:12 | INFO    | holoqpi.engine.trainer |   epoch 9 step 40/140 loss=0.6734
07:09:14 | INFO    | holoqpi.engine.trainer |   epoch 9 step 60/140 loss=0.8444
07:09:16 | INFO    | holoqpi.engine.trainer |   epoch 9 step 80/140 loss=0.8632
07:09:18 | INFO    | holoqpi.engine.trainer |   epoch 9 step 100/140 loss=0.7815
07:09:20 | INFO    | holoqpi.engine.trainer |   epoch 9 step 120/140 loss=0.8038
07:10:11 | INFO    | holoqpi.engine.trainer | epoch 9/60 (63s = 14s train + 49s val) | train_loss=0.7513  val_phase_mae=0.1764  val_dice=0.7972  val_cls_acc=0.4567  val_mass_mape=0.2396
07:10:11 | INFO    | holoqpi.engine.trainer |   epoch 10 step 0/140 loss=0.7410
07:10:13 | INFO    | holoqpi.engine.trainer |   epoch 10 step 20/140 loss=0.7625
07:10:15 | INFO    | holoqpi.engine.trainer |   epoch 10 step 40/140 loss=0.8479
07:10:17 | INFO    | holoqpi.engine.trainer |   epoch 10 step 60/140 loss=0.8112
07:10:19 | INFO    | holoqpi.engine.trainer |   epoch 10 step 80/140 loss=0.8799
07:10:21 | INFO    | holoqpi.engine.trainer |   epoch 10 step 100/140 loss=0.7682
07:10:23 | INFO    | holoqpi.engine.trainer |   epoch 10 step 120/140 loss=0.7926
07:11:13 | INFO    | holoqpi.engine.trainer |   new best composite=0.7865
07:11:13 | INFO    | holoqpi.engine.trainer | epoch 10/60 (62s = 14s train + 48s val) | train_loss=0.7442  val_phase_mae=0.1784  val_dice=0.7974  val_cls_acc=0.3937  val_mass_mape=0.2140
07:11:14 | INFO    | holoqpi.engine.trainer |   epoch 11 step 0/140 loss=0.7288
07:11:16 | INFO    | holoqpi.engine.trainer |   epoch 11 step 20/140 loss=0.7928
07:11:18 | INFO    | holoqpi.engine.trainer |   epoch 11 step 40/140 loss=1.0307
07:11:19 | INFO    | holoqpi.engine.trainer |   epoch 11 step 60/140 loss=0.7078
07:11:21 | INFO    | holoqpi.engine.trainer |   epoch 11 step 80/140 loss=0.6756
07:11:23 | INFO    | holoqpi.engine.trainer |   epoch 11 step 100/140 loss=0.6861
07:11:26 | INFO    | holoqpi.engine.trainer |   epoch 11 step 120/140 loss=0.7494
07:12:16 | INFO    | holoqpi.engine.trainer | epoch 11/60 (63s = 14s train + 49s val) | train_loss=0.7316  val_phase_mae=0.1817  val_dice=0.8046  val_cls_acc=0.2677  val_mass_mape=0.2379
07:12:17 | INFO    | holoqpi.engine.trainer |   epoch 12 step 0/140 loss=0.7262
07:12:19 | INFO    | holoqpi.engine.trainer |   epoch 12 step 20/140 loss=0.8804
07:12:21 | INFO    | holoqpi.engine.trainer |   epoch 12 step 40/140 loss=0.6971
07:12:22 | INFO    | holoqpi.engine.trainer |   epoch 12 step 60/140 loss=0.7567
07:12:24 | INFO    | holoqpi.engine.trainer |   epoch 12 step 80/140 loss=0.6577
07:12:26 | INFO    | holoqpi.engine.trainer |   epoch 12 step 100/140 loss=0.6257
07:12:28 | INFO    | holoqpi.engine.trainer |   epoch 12 step 120/140 loss=0.5880
07:13:21 | INFO    | holoqpi.engine.trainer |   new best composite=0.7959
07:13:21 | INFO    | holoqpi.engine.trainer | epoch 12/60 (64s = 14s train + 50s val) | train_loss=0.7184  val_phase_mae=0.1735  val_dice=0.8102  val_cls_acc=0.2835  val_mass_mape=0.2054
07:13:21 | INFO    | holoqpi.engine.trainer |   epoch 13 step 0/140 loss=0.6312
07:13:23 | INFO    | holoqpi.engine.trainer |   epoch 13 step 20/140 loss=0.8253
07:13:25 | INFO    | holoqpi.engine.trainer |   epoch 13 step 40/140 loss=0.8043
07:13:27 | INFO    | holoqpi.engine.trainer |   epoch 13 step 60/140 loss=0.7580
07:13:29 | INFO    | holoqpi.engine.trainer |   epoch 13 step 80/140 loss=0.6842
07:13:31 | INFO    | holoqpi.engine.trainer |   epoch 13 step 100/140 loss=0.6797
07:13:33 | INFO    | holoqpi.engine.trainer |   epoch 13 step 120/140 loss=0.6893
07:14:25 | INFO    | holoqpi.engine.trainer | epoch 13/60 (64s = 14s train + 50s val) | train_loss=0.7191  val_phase_mae=0.1781  val_dice=0.8009  val_cls_acc=0.4882  val_mass_mape=0.2555
07:14:25 | INFO    | holoqpi.engine.trainer |   epoch 14 step 0/140 loss=0.7110
07:14:27 | INFO    | holoqpi.engine.trainer |   epoch 14 step 20/140 loss=0.6422
07:14:29 | INFO    | holoqpi.engine.trainer |   epoch 14 step 40/140 loss=0.6137
07:14:31 | INFO    | holoqpi.engine.trainer |   epoch 14 step 60/140 loss=0.6203
07:14:33 | INFO    | holoqpi.engine.trainer |   epoch 14 step 80/140 loss=0.8649
07:14:35 | INFO    | holoqpi.engine.trainer |   epoch 14 step 100/140 loss=0.6383
07:14:37 | INFO    | holoqpi.engine.trainer |   epoch 14 step 120/140 loss=0.5706
07:15:27 | INFO    | holoqpi.engine.trainer | epoch 14/60 (62s = 14s train + 49s val) | train_loss=0.6964  val_phase_mae=0.1765  val_dice=0.8036  val_cls_acc=0.4173  val_mass_mape=0.2122
07:15:28 | INFO    | holoqpi.engine.trainer |   epoch 15 step 0/140 loss=0.7295
07:15:30 | INFO    | holoqpi.engine.trainer |   epoch 15 step 20/140 loss=0.6320
07:15:31 | INFO    | holoqpi.engine.trainer |   epoch 15 step 40/140 loss=0.6840
07:15:33 | INFO    | holoqpi.engine.trainer |   epoch 15 step 60/140 loss=0.6712
07:15:35 | INFO    | holoqpi.engine.trainer |   epoch 15 step 80/140 loss=0.7492
07:15:37 | INFO    | holoqpi.engine.trainer |   epoch 15 step 100/140 loss=0.6016
07:15:39 | INFO    | holoqpi.engine.trainer |   epoch 15 step 120/140 loss=0.7710
07:16:30 | INFO    | holoqpi.engine.trainer | epoch 15/60 (63s = 14s train + 48s val) | train_loss=0.6964  val_phase_mae=0.1791  val_dice=0.8093  val_cls_acc=0.5512  val_mass_mape=0.2281
07:16:30 | INFO    | holoqpi.engine.trainer |   epoch 16 step 0/140 loss=0.6234
07:16:32 | INFO    | holoqpi.engine.trainer |   epoch 16 step 20/140 loss=0.6964
07:16:34 | INFO    | holoqpi.engine.trainer |   epoch 16 step 40/140 loss=0.7193
07:16:36 | INFO    | holoqpi.engine.trainer |   epoch 16 step 60/140 loss=0.6800
07:16:38 | INFO    | holoqpi.engine.trainer |   epoch 16 step 80/140 loss=0.7000
07:16:40 | INFO    | holoqpi.engine.trainer |   epoch 16 step 100/140 loss=0.6000
07:16:42 | INFO    | holoqpi.engine.trainer |   epoch 16 step 120/140 loss=0.6579
07:17:33 | INFO    | holoqpi.engine.trainer |   new best composite=0.7972
07:17:33 | INFO    | holoqpi.engine.trainer | epoch 16/60 (63s = 14s train + 49s val) | train_loss=0.6839  val_phase_mae=0.1761  val_dice=0.8086  val_cls_acc=0.4567  val_mass_mape=0.2008
07:17:33 | INFO    | holoqpi.engine.trainer |   epoch 17 step 0/140 loss=0.9512
07:17:35 | INFO    | holoqpi.engine.trainer |   epoch 17 step 20/140 loss=0.8801
07:17:37 | INFO    | holoqpi.engine.trainer |   epoch 17 step 40/140 loss=0.6369
07:17:39 | INFO    | holoqpi.engine.trainer |   epoch 17 step 60/140 loss=0.6785
07:17:41 | INFO    | holoqpi.engine.trainer |   epoch 17 step 80/140 loss=0.7218
07:17:43 | INFO    | holoqpi.engine.trainer |   epoch 17 step 100/140 loss=0.5921
07:17:45 | INFO    | holoqpi.engine.trainer |   epoch 17 step 120/140 loss=0.5062
07:18:35 | INFO    | holoqpi.engine.trainer |   new best composite=0.8003
07:18:35 | INFO    | holoqpi.engine.trainer | epoch 17/60 (63s = 14s train + 49s val) | train_loss=0.6684  val_phase_mae=0.1730  val_dice=0.8139  val_cls_acc=0.4646  val_mass_mape=0.2013
07:18:36 | INFO    | holoqpi.engine.trainer |   epoch 18 step 0/140 loss=0.6013
07:18:38 | INFO    | holoqpi.engine.trainer |   epoch 18 step 20/140 loss=0.5547
07:18:40 | INFO    | holoqpi.engine.trainer |   epoch 18 step 40/140 loss=0.6871
07:18:42 | INFO    | holoqpi.engine.trainer |   epoch 18 step 60/140 loss=0.7412
07:18:44 | INFO    | holoqpi.engine.trainer |   epoch 18 step 80/140 loss=0.7422
07:18:46 | INFO    | holoqpi.engine.trainer |   epoch 18 step 100/140 loss=0.5429
07:18:48 | INFO    | holoqpi.engine.trainer |   epoch 18 step 120/140 loss=0.5944
07:19:38 | INFO    | holoqpi.engine.trainer | epoch 18/60 (62s = 14s train + 48s val) | train_loss=0.6640  val_phase_mae=0.1740  val_dice=0.8107  val_cls_acc=0.4646  val_mass_mape=0.2248
07:19:38 | INFO    | holoqpi.engine.trainer |   epoch 19 step 0/140 loss=0.5867
07:19:40 | INFO    | holoqpi.engine.trainer |   epoch 19 step 20/140 loss=0.5814
07:19:42 | INFO    | holoqpi.engine.trainer |   epoch 19 step 40/140 loss=0.7120
07:19:44 | INFO    | holoqpi.engine.trainer |   epoch 19 step 60/140 loss=0.8367
07:19:46 | INFO    | holoqpi.engine.trainer |   epoch 19 step 80/140 loss=0.7875
07:19:48 | INFO    | holoqpi.engine.trainer |   epoch 19 step 100/140 loss=0.6474
07:19:50 | INFO    | holoqpi.engine.trainer |   epoch 19 step 120/140 loss=0.7225
07:20:39 | INFO    | holoqpi.engine.trainer | epoch 19/60 (62s = 14s train + 48s val) | train_loss=0.6767  val_phase_mae=0.1731  val_dice=0.8065  val_cls_acc=0.4803  val_mass_mape=0.2205
07:20:40 | INFO    | holoqpi.engine.trainer |   epoch 20 step 0/140 loss=0.6550
07:20:42 | INFO    | holoqpi.engine.trainer |   epoch 20 step 20/140 loss=0.8341
07:20:44 | INFO    | holoqpi.engine.trainer |   epoch 20 step 40/140 loss=0.6578
07:20:46 | INFO    | holoqpi.engine.trainer |   epoch 20 step 60/140 loss=0.8591
07:20:47 | INFO    | holoqpi.engine.trainer |   epoch 20 step 80/140 loss=0.5498
07:20:49 | INFO    | holoqpi.engine.trainer |   epoch 20 step 100/140 loss=0.6227
07:20:51 | INFO    | holoqpi.engine.trainer |   epoch 20 step 120/140 loss=0.7386
07:21:41 | INFO    | holoqpi.engine.trainer | epoch 20/60 (62s = 14s train + 48s val) | train_loss=0.6458  val_phase_mae=0.1732  val_dice=0.8073  val_cls_acc=0.6063  val_mass_mape=0.2138
07:21:42 | INFO    | holoqpi.engine.trainer |   epoch 21 step 0/140 loss=0.7035
07:21:44 | INFO    | holoqpi.engine.trainer |   epoch 21 step 20/140 loss=0.6564
07:21:46 | INFO    | holoqpi.engine.trainer |   epoch 21 step 40/140 loss=1.1335
07:21:48 | INFO    | holoqpi.engine.trainer |   epoch 21 step 60/140 loss=0.6530
07:21:50 | INFO    | holoqpi.engine.trainer |   epoch 21 step 80/140 loss=0.7252
07:21:52 | INFO    | holoqpi.engine.trainer |   epoch 21 step 100/140 loss=0.6034
07:21:54 | INFO    | holoqpi.engine.trainer |   epoch 21 step 120/140 loss=0.6572
07:22:44 | INFO    | holoqpi.engine.trainer | epoch 21/60 (63s = 14s train + 49s val) | train_loss=0.6483  val_phase_mae=0.1694  val_dice=0.8129  val_cls_acc=0.5984  val_mass_mape=0.2143
07:22:45 | INFO    | holoqpi.engine.trainer |   epoch 22 step 0/140 loss=0.5678
07:22:46 | INFO    | holoqpi.engine.trainer |   epoch 22 step 20/140 loss=0.7797
07:22:48 | INFO    | holoqpi.engine.trainer |   epoch 22 step 40/140 loss=0.6760
07:22:50 | INFO    | holoqpi.engine.trainer |   epoch 22 step 60/140 loss=0.7276
07:22:52 | INFO    | holoqpi.engine.trainer |   epoch 22 step 80/140 loss=0.5484
07:22:54 | INFO    | holoqpi.engine.trainer |   epoch 22 step 100/140 loss=0.6564
07:22:56 | INFO    | holoqpi.engine.trainer |   epoch 22 step 120/140 loss=0.5676
07:23:46 | INFO    | holoqpi.engine.trainer | epoch 22/60 (62s = 14s train + 48s val) | train_loss=0.6503  val_phase_mae=0.1774  val_dice=0.8125  val_cls_acc=0.3465  val_mass_mape=0.2195
07:23:47 | INFO    | holoqpi.engine.trainer |   epoch 23 step 0/140 loss=0.5502
07:23:49 | INFO    | holoqpi.engine.trainer |   epoch 23 step 20/140 loss=0.5771
07:23:50 | INFO    | holoqpi.engine.trainer |   epoch 23 step 40/140 loss=0.6744
07:23:52 | INFO    | holoqpi.engine.trainer |   epoch 23 step 60/140 loss=0.6432
07:23:54 | INFO    | holoqpi.engine.trainer |   epoch 23 step 80/140 loss=0.6280
07:23:56 | INFO    | holoqpi.engine.trainer |   epoch 23 step 100/140 loss=0.7636
07:23:58 | INFO    | holoqpi.engine.trainer |   epoch 23 step 120/140 loss=0.6789
07:24:48 | INFO    | holoqpi.engine.trainer | epoch 23/60 (62s = 14s train + 48s val) | train_loss=0.6363  val_phase_mae=0.1720  val_dice=0.8151  val_cls_acc=0.5906  val_mass_mape=0.2048
07:24:49 | INFO    | holoqpi.engine.trainer |   epoch 24 step 0/140 loss=0.5889
07:24:51 | INFO    | holoqpi.engine.trainer |   epoch 24 step 20/140 loss=0.6703
07:24:52 | INFO    | holoqpi.engine.trainer |   epoch 24 step 40/140 loss=0.5766
07:24:55 | INFO    | holoqpi.engine.trainer |   epoch 24 step 60/140 loss=0.6324
07:24:56 | INFO    | holoqpi.engine.trainer |   epoch 24 step 80/140 loss=0.5747
07:24:58 | INFO    | holoqpi.engine.trainer |   epoch 24 step 100/140 loss=0.9801
07:25:00 | INFO    | holoqpi.engine.trainer |   epoch 24 step 120/140 loss=0.8823
07:25:50 | INFO    | holoqpi.engine.trainer | epoch 24/60 (62s = 14s train + 48s val) | train_loss=0.6417  val_phase_mae=0.1725  val_dice=0.8129  val_cls_acc=0.5512  val_mass_mape=0.2071
07:25:51 | INFO    | holoqpi.engine.trainer |   epoch 25 step 0/140 loss=0.7068
07:25:52 | INFO    | holoqpi.engine.trainer |   epoch 25 step 20/140 loss=0.6662
07:25:54 | INFO    | holoqpi.engine.trainer |   epoch 25 step 40/140 loss=0.5667
07:25:56 | INFO    | holoqpi.engine.trainer |   epoch 25 step 60/140 loss=0.5536
07:25:58 | INFO    | holoqpi.engine.trainer |   epoch 25 step 80/140 loss=0.6697
07:26:00 | INFO    | holoqpi.engine.trainer |   epoch 25 step 100/140 loss=0.7098
07:26:02 | INFO    | holoqpi.engine.trainer |   epoch 25 step 120/140 loss=0.6392
07:26:53 | INFO    | holoqpi.engine.trainer | epoch 25/60 (62s = 14s train + 48s val) | train_loss=0.6353  val_phase_mae=0.1743  val_dice=0.8145  val_cls_acc=0.4252  val_mass_mape=0.2100
07:26:53 | INFO    | holoqpi.engine.trainer |   epoch 26 step 0/140 loss=0.5882
07:26:55 | INFO    | holoqpi.engine.trainer |   epoch 26 step 20/140 loss=0.7439
07:26:57 | INFO    | holoqpi.engine.trainer |   epoch 26 step 40/140 loss=0.6159
07:26:59 | INFO    | holoqpi.engine.trainer |   epoch 26 step 60/140 loss=0.9047
07:27:01 | INFO    | holoqpi.engine.trainer |   epoch 26 step 80/140 loss=0.4846
07:27:03 | INFO    | holoqpi.engine.trainer |   epoch 26 step 100/140 loss=0.6282
07:27:05 | INFO    | holoqpi.engine.trainer |   epoch 26 step 120/140 loss=0.4791
07:27:55 | INFO    | holoqpi.engine.trainer | epoch 26/60 (62s = 14s train + 48s val) | train_loss=0.6234  val_phase_mae=0.1723  val_dice=0.8178  val_cls_acc=0.4882  val_mass_mape=0.2229
07:27:55 | INFO    | holoqpi.engine.trainer |   epoch 27 step 0/140 loss=0.8264
07:27:57 | INFO    | holoqpi.engine.trainer |   epoch 27 step 20/140 loss=0.5939
07:27:59 | INFO    | holoqpi.engine.trainer |   epoch 27 step 40/140 loss=0.8321
07:28:01 | INFO    | holoqpi.engine.trainer |   epoch 27 step 60/140 loss=0.5887
07:28:03 | INFO    | holoqpi.engine.trainer |   epoch 27 step 80/140 loss=0.6651
07:28:05 | INFO    | holoqpi.engine.trainer |   epoch 27 step 100/140 loss=0.6987
07:28:07 | INFO    | holoqpi.engine.trainer |   epoch 27 step 120/140 loss=0.5249
07:28:56 | INFO    | holoqpi.engine.trainer | epoch 27/60 (62s = 14s train + 48s val) | train_loss=0.6285  val_phase_mae=0.1763  val_dice=0.8140  val_cls_acc=0.6220  val_mass_mape=0.2329
07:28:57 | INFO    | holoqpi.engine.trainer |   epoch 28 step 0/140 loss=0.5248
07:28:59 | INFO    | holoqpi.engine.trainer |   epoch 28 step 20/140 loss=0.4903
07:29:01 | INFO    | holoqpi.engine.trainer |   epoch 28 step 40/140 loss=0.6074
07:29:03 | INFO    | holoqpi.engine.trainer |   epoch 28 step 60/140 loss=0.6380
07:29:05 | INFO    | holoqpi.engine.trainer |   epoch 28 step 80/140 loss=0.5711
07:29:07 | INFO    | holoqpi.engine.trainer |   epoch 28 step 100/140 loss=0.8648
07:29:09 | INFO    | holoqpi.engine.trainer |   epoch 28 step 120/140 loss=0.5581
07:29:58 | INFO    | holoqpi.engine.trainer | epoch 28/60 (62s = 14s train + 48s val) | train_loss=0.6119  val_phase_mae=0.1748  val_dice=0.8136  val_cls_acc=0.5669  val_mass_mape=0.2067
07:29:59 | INFO    | holoqpi.engine.trainer |   epoch 29 step 0/140 loss=0.6369
07:30:00 | INFO    | holoqpi.engine.trainer |   epoch 29 step 20/140 loss=0.4631
07:30:03 | INFO    | holoqpi.engine.trainer |   epoch 29 step 40/140 loss=0.5006
07:30:05 | INFO    | holoqpi.engine.trainer |   epoch 29 step 60/140 loss=0.5149
07:30:06 | INFO    | holoqpi.engine.trainer |   epoch 29 step 80/140 loss=0.5710
07:30:08 | INFO    | holoqpi.engine.trainer |   epoch 29 step 100/140 loss=0.5132
07:30:10 | INFO    | holoqpi.engine.trainer |   epoch 29 step 120/140 loss=0.6202
07:31:01 | INFO    | holoqpi.engine.trainer |   new best composite=0.8014
07:31:01 | INFO    | holoqpi.engine.trainer | epoch 29/60 (62s = 14s train + 48s val) | train_loss=0.6016  val_phase_mae=0.1736  val_dice=0.8192  val_cls_acc=0.5591  val_mass_mape=0.2155
07:31:01 | INFO    | holoqpi.engine.trainer |   epoch 30 step 0/140 loss=0.5974
07:31:03 | INFO    | holoqpi.engine.trainer |   epoch 30 step 20/140 loss=0.5598
07:31:05 | INFO    | holoqpi.engine.trainer |   epoch 30 step 40/140 loss=0.8189
07:31:07 | INFO    | holoqpi.engine.trainer |   epoch 30 step 60/140 loss=0.8844
07:31:09 | INFO    | holoqpi.engine.trainer |   epoch 30 step 80/140 loss=0.5945
07:31:11 | INFO    | holoqpi.engine.trainer |   epoch 30 step 100/140 loss=0.7222
07:31:13 | INFO    | holoqpi.engine.trainer |   epoch 30 step 120/140 loss=0.5173
07:32:03 | INFO    | holoqpi.engine.trainer | epoch 30/60 (62s = 14s train + 48s val) | train_loss=0.6132  val_phase_mae=0.1751  val_dice=0.8209  val_cls_acc=0.5827  val_mass_mape=0.2211
07:32:03 | INFO    | holoqpi.engine.trainer |   epoch 31 step 0/140 loss=0.6633
07:32:05 | INFO    | holoqpi.engine.trainer |   epoch 31 step 20/140 loss=0.6516
07:32:07 | INFO    | holoqpi.engine.trainer |   epoch 31 step 40/140 loss=0.7857
07:32:09 | INFO    | holoqpi.engine.trainer |   epoch 31 step 60/140 loss=0.5465
07:32:11 | INFO    | holoqpi.engine.trainer |   epoch 31 step 80/140 loss=0.7302
07:32:13 | INFO    | holoqpi.engine.trainer |   epoch 31 step 100/140 loss=0.7464
07:32:15 | INFO    | holoqpi.engine.trainer |   epoch 31 step 120/140 loss=0.5318
07:33:05 | INFO    | holoqpi.engine.trainer |   new best composite=0.8051
07:33:05 | INFO    | holoqpi.engine.trainer | epoch 31/60 (62s = 14s train + 48s val) | train_loss=0.6125  val_phase_mae=0.1720  val_dice=0.8174  val_cls_acc=0.5276  val_mass_mape=0.2004
07:33:05 | INFO    | holoqpi.engine.trainer |   epoch 32 step 0/140 loss=0.5429
07:33:07 | INFO    | holoqpi.engine.trainer |   epoch 32 step 20/140 loss=0.6098
07:33:09 | INFO    | holoqpi.engine.trainer |   epoch 32 step 40/140 loss=0.7762
07:33:11 | INFO    | holoqpi.engine.trainer |   epoch 32 step 60/140 loss=0.7488
07:33:13 | INFO    | holoqpi.engine.trainer |   epoch 32 step 80/140 loss=0.4980
07:33:15 | INFO    | holoqpi.engine.trainer |   epoch 32 step 100/140 loss=0.5203
07:33:17 | INFO    | holoqpi.engine.trainer |   epoch 32 step 120/140 loss=0.6387
07:34:07 | INFO    | holoqpi.engine.trainer | epoch 32/60 (62s = 14s train + 48s val) | train_loss=0.5925  val_phase_mae=0.1779  val_dice=0.8189  val_cls_acc=0.5984  val_mass_mape=0.2328
07:34:08 | INFO    | holoqpi.engine.trainer |   epoch 33 step 0/140 loss=0.5218
07:34:09 | INFO    | holoqpi.engine.trainer |   epoch 33 step 20/140 loss=0.4859
07:34:11 | INFO    | holoqpi.engine.trainer |   epoch 33 step 40/140 loss=0.5966
07:34:13 | INFO    | holoqpi.engine.trainer |   epoch 33 step 60/140 loss=0.6612
07:34:15 | INFO    | holoqpi.engine.trainer |   epoch 33 step 80/140 loss=0.6882
07:34:17 | INFO    | holoqpi.engine.trainer |   epoch 33 step 100/140 loss=0.5786
07:34:19 | INFO    | holoqpi.engine.trainer |   epoch 33 step 120/140 loss=0.5445
07:35:09 | INFO    | holoqpi.engine.trainer | epoch 33/60 (62s = 14s train + 48s val) | train_loss=0.5849  val_phase_mae=0.1709  val_dice=0.8202  val_cls_acc=0.6220  val_mass_mape=0.2103
07:35:10 | INFO    | holoqpi.engine.trainer |   epoch 34 step 0/140 loss=0.5557
07:35:12 | INFO    | holoqpi.engine.trainer |   epoch 34 step 20/140 loss=0.5926
07:35:14 | INFO    | holoqpi.engine.trainer |   epoch 34 step 40/140 loss=0.5109
07:35:16 | INFO    | holoqpi.engine.trainer |   epoch 34 step 60/140 loss=0.4939
07:35:18 | INFO    | holoqpi.engine.trainer |   epoch 34 step 80/140 loss=0.7128
07:35:20 | INFO    | holoqpi.engine.trainer |   epoch 34 step 100/140 loss=0.5034
07:35:22 | INFO    | holoqpi.engine.trainer |   epoch 34 step 120/140 loss=0.5839
07:36:14 | INFO    | holoqpi.engine.trainer |   new best composite=0.8056
07:36:14 | INFO    | holoqpi.engine.trainer | epoch 34/60 (64s = 14s train + 50s val) | train_loss=0.5769  val_phase_mae=0.1712  val_dice=0.8187  val_cls_acc=0.5669  val_mass_mape=0.1956
07:36:14 | INFO    | holoqpi.engine.trainer |   epoch 35 step 0/140 loss=0.4536
07:36:16 | INFO    | holoqpi.engine.trainer |   epoch 35 step 20/140 loss=0.5494
07:36:18 | INFO    | holoqpi.engine.trainer |   epoch 35 step 40/140 loss=0.9488
07:36:20 | INFO    | holoqpi.engine.trainer |   epoch 35 step 60/140 loss=0.8494
07:36:22 | INFO    | holoqpi.engine.trainer |   epoch 35 step 80/140 loss=0.6187
07:36:24 | INFO    | holoqpi.engine.trainer |   epoch 35 step 100/140 loss=0.5462
07:36:26 | INFO    | holoqpi.engine.trainer |   epoch 35 step 120/140 loss=0.6974
07:37:16 | INFO    | holoqpi.engine.trainer |   new best composite=0.8079
07:37:16 | INFO    | holoqpi.engine.trainer | epoch 35/60 (62s = 14s train + 48s val) | train_loss=0.5805  val_phase_mae=0.1709  val_dice=0.8207  val_cls_acc=0.5748  val_mass_mape=0.1936
07:37:16 | INFO    | holoqpi.engine.trainer |   epoch 36 step 0/140 loss=0.5288
07:37:18 | INFO    | holoqpi.engine.trainer |   epoch 36 step 20/140 loss=0.7649
07:37:20 | INFO    | holoqpi.engine.trainer |   epoch 36 step 40/140 loss=0.4972
07:37:22 | INFO    | holoqpi.engine.trainer |   epoch 36 step 60/140 loss=0.5921
07:37:24 | INFO    | holoqpi.engine.trainer |   epoch 36 step 80/140 loss=0.4019
07:37:26 | INFO    | holoqpi.engine.trainer |   epoch 36 step 100/140 loss=0.4678
07:37:28 | INFO    | holoqpi.engine.trainer |   epoch 36 step 120/140 loss=0.7391
07:38:18 | INFO    | holoqpi.engine.trainer | epoch 36/60 (62s = 14s train + 48s val) | train_loss=0.5798  val_phase_mae=0.1717  val_dice=0.8190  val_cls_acc=0.5591  val_mass_mape=0.1955
07:38:18 | INFO    | holoqpi.engine.trainer |   epoch 37 step 0/140 loss=0.5817
07:38:20 | INFO    | holoqpi.engine.trainer |   epoch 37 step 20/140 loss=0.6026
07:38:22 | INFO    | holoqpi.engine.trainer |   epoch 37 step 40/140 loss=0.5285
07:38:24 | INFO    | holoqpi.engine.trainer |   epoch 37 step 60/140 loss=0.6610
07:38:26 | INFO    | holoqpi.engine.trainer |   epoch 37 step 80/140 loss=0.6689
07:38:28 | INFO    | holoqpi.engine.trainer |   epoch 37 step 100/140 loss=0.5564
07:38:30 | INFO    | holoqpi.engine.trainer |   epoch 37 step 120/140 loss=0.5743
07:39:20 | INFO    | holoqpi.engine.trainer | epoch 37/60 (62s = 14s train + 48s val) | train_loss=0.5743  val_phase_mae=0.1692  val_dice=0.8162  val_cls_acc=0.6772  val_mass_mape=0.1930
07:39:20 | INFO    | holoqpi.engine.trainer |   epoch 38 step 0/140 loss=0.5765
07:39:22 | INFO    | holoqpi.engine.trainer |   epoch 38 step 20/140 loss=0.6212
07:39:24 | INFO    | holoqpi.engine.trainer |   epoch 38 step 40/140 loss=0.5256
07:39:26 | INFO    | holoqpi.engine.trainer |   epoch 38 step 60/140 loss=0.5103
07:39:28 | INFO    | holoqpi.engine.trainer |   epoch 38 step 80/140 loss=0.4901
07:39:30 | INFO    | holoqpi.engine.trainer |   epoch 38 step 100/140 loss=0.6698
07:39:32 | INFO    | holoqpi.engine.trainer |   epoch 38 step 120/140 loss=0.5050
07:40:22 | INFO    | holoqpi.engine.trainer | epoch 38/60 (62s = 14s train + 48s val) | train_loss=0.5749  val_phase_mae=0.1693  val_dice=0.8193  val_cls_acc=0.6693  val_mass_mape=0.1982
07:40:22 | INFO    | holoqpi.engine.trainer |   epoch 39 step 0/140 loss=0.6005
07:40:24 | INFO    | holoqpi.engine.trainer |   epoch 39 step 20/140 loss=0.5123
07:40:26 | INFO    | holoqpi.engine.trainer |   epoch 39 step 40/140 loss=0.4777
07:40:28 | INFO    | holoqpi.engine.trainer |   epoch 39 step 60/140 loss=0.5564
07:40:30 | INFO    | holoqpi.engine.trainer |   epoch 39 step 80/140 loss=0.4677
07:40:32 | INFO    | holoqpi.engine.trainer |   epoch 39 step 100/140 loss=0.6906
07:40:34 | INFO    | holoqpi.engine.trainer |   epoch 39 step 120/140 loss=0.5376
07:41:24 | INFO    | holoqpi.engine.trainer | epoch 39/60 (62s = 14s train + 48s val) | train_loss=0.5632  val_phase_mae=0.1678  val_dice=0.8211  val_cls_acc=0.6850  val_mass_mape=0.1986
07:41:25 | INFO    | holoqpi.engine.trainer |   epoch 40 step 0/140 loss=0.6534
07:41:27 | INFO    | holoqpi.engine.trainer |   epoch 40 step 20/140 loss=0.4302
07:41:29 | INFO    | holoqpi.engine.trainer |   epoch 40 step 40/140 loss=0.4456
07:41:31 | INFO    | holoqpi.engine.trainer |   epoch 40 step 60/140 loss=0.5288
07:41:33 | INFO    | holoqpi.engine.trainer |   epoch 40 step 80/140 loss=0.4894
07:41:35 | INFO    | holoqpi.engine.trainer |   epoch 40 step 100/140 loss=0.6138
07:41:36 | INFO    | holoqpi.engine.trainer |   epoch 40 step 120/140 loss=0.4736
07:42:27 | INFO    | holoqpi.engine.trainer | epoch 40/60 (62s = 14s train + 48s val) | train_loss=0.5530  val_phase_mae=0.1666  val_dice=0.8210  val_cls_acc=0.6929  val_mass_mape=0.1974
07:42:27 | INFO    | holoqpi.engine.trainer |   epoch 41 step 0/140 loss=0.5983
07:42:29 | INFO    | holoqpi.engine.trainer |   epoch 41 step 20/140 loss=0.4775
07:42:31 | INFO    | holoqpi.engine.trainer |   epoch 41 step 40/140 loss=0.5326
07:42:33 | INFO    | holoqpi.engine.trainer |   epoch 41 step 60/140 loss=0.6458
07:42:35 | INFO    | holoqpi.engine.trainer |   epoch 41 step 80/140 loss=0.4679
07:42:37 | INFO    | holoqpi.engine.trainer |   epoch 41 step 100/140 loss=0.4956
07:42:39 | INFO    | holoqpi.engine.trainer |   epoch 41 step 120/140 loss=0.4917
07:43:31 | INFO    | holoqpi.engine.trainer |   new best composite=0.8096
07:43:31 | INFO    | holoqpi.engine.trainer | epoch 41/60 (64s = 14s train + 50s val) | train_loss=0.5562  val_phase_mae=0.1678  val_dice=0.8228  val_cls_acc=0.7165  val_mass_mape=0.1939
07:43:31 | INFO    | holoqpi.engine.trainer |   epoch 42 step 0/140 loss=0.4719
07:43:33 | INFO    | holoqpi.engine.trainer |   epoch 42 step 20/140 loss=0.6271
07:43:35 | INFO    | holoqpi.engine.trainer |   epoch 42 step 40/140 loss=0.5659
07:43:37 | INFO    | holoqpi.engine.trainer |   epoch 42 step 60/140 loss=0.6095
07:43:39 | INFO    | holoqpi.engine.trainer |   epoch 42 step 80/140 loss=0.5461
07:43:41 | INFO    | holoqpi.engine.trainer |   epoch 42 step 100/140 loss=0.5814
07:43:43 | INFO    | holoqpi.engine.trainer |   epoch 42 step 120/140 loss=0.5963
07:44:33 | INFO    | holoqpi.engine.trainer | epoch 42/60 (62s = 14s train + 48s val) | train_loss=0.5411  val_phase_mae=0.1658  val_dice=0.8225  val_cls_acc=0.6299  val_mass_mape=0.1949
07:44:33 | INFO    | holoqpi.engine.trainer |   epoch 43 step 0/140 loss=0.5881
07:44:35 | INFO    | holoqpi.engine.trainer |   epoch 43 step 20/140 loss=0.6313
07:44:37 | INFO    | holoqpi.engine.trainer |   epoch 43 step 40/140 loss=0.5511
07:44:39 | INFO    | holoqpi.engine.trainer |   epoch 43 step 60/140 loss=0.5301
07:44:41 | INFO    | holoqpi.engine.trainer |   epoch 43 step 80/140 loss=0.6003
07:44:43 | INFO    | holoqpi.engine.trainer |   epoch 43 step 100/140 loss=0.5398
07:44:45 | INFO    | holoqpi.engine.trainer |   epoch 43 step 120/140 loss=0.4548
07:45:36 | INFO    | holoqpi.engine.trainer |   new best composite=0.8108
07:45:36 | INFO    | holoqpi.engine.trainer | epoch 43/60 (63s = 14s train + 49s val) | train_loss=0.5453  val_phase_mae=0.1677  val_dice=0.8226  val_cls_acc=0.7008  val_mass_mape=0.1873
07:45:36 | INFO    | holoqpi.engine.trainer |   epoch 44 step 0/140 loss=0.5305
07:45:38 | INFO    | holoqpi.engine.trainer |   epoch 44 step 20/140 loss=0.4656
07:45:40 | INFO    | holoqpi.engine.trainer |   epoch 44 step 40/140 loss=0.6451
07:45:42 | INFO    | holoqpi.engine.trainer |   epoch 44 step 60/140 loss=0.4500
07:45:44 | INFO    | holoqpi.engine.trainer |   epoch 44 step 80/140 loss=0.4822
07:45:46 | INFO    | holoqpi.engine.trainer |   epoch 44 step 100/140 loss=0.6054
07:45:48 | INFO    | holoqpi.engine.trainer |   epoch 44 step 120/140 loss=0.5882
07:46:38 | INFO    | holoqpi.engine.trainer | epoch 44/60 (62s = 14s train + 49s val) | train_loss=0.5382  val_phase_mae=0.1677  val_dice=0.8232  val_cls_acc=0.7795  val_mass_mape=0.1947
07:46:39 | INFO    | holoqpi.engine.trainer |   epoch 45 step 0/140 loss=0.4799
07:46:40 | INFO    | holoqpi.engine.trainer |   epoch 45 step 20/140 loss=0.3939
07:46:42 | INFO    | holoqpi.engine.trainer |   epoch 45 step 40/140 loss=0.7348
07:46:44 | INFO    | holoqpi.engine.trainer |   epoch 45 step 60/140 loss=0.4679
07:46:46 | INFO    | holoqpi.engine.trainer |   epoch 45 step 80/140 loss=0.6040
07:46:48 | INFO    | holoqpi.engine.trainer |   epoch 45 step 100/140 loss=0.6003
07:46:50 | INFO    | holoqpi.engine.trainer |   epoch 45 step 120/140 loss=0.5310
07:47:40 | INFO    | holoqpi.engine.trainer | epoch 45/60 (62s = 14s train + 48s val) | train_loss=0.5432  val_phase_mae=0.1675  val_dice=0.8213  val_cls_acc=0.6535  val_mass_mape=0.1977
07:47:41 | INFO    | holoqpi.engine.trainer |   epoch 46 step 0/140 loss=0.4806
07:47:43 | INFO    | holoqpi.engine.trainer |   epoch 46 step 20/140 loss=0.4137
07:47:45 | INFO    | holoqpi.engine.trainer |   epoch 46 step 40/140 loss=0.6004
07:47:46 | INFO    | holoqpi.engine.trainer |   epoch 46 step 60/140 loss=0.4133
07:47:48 | INFO    | holoqpi.engine.trainer |   epoch 46 step 80/140 loss=0.5095
07:47:50 | INFO    | holoqpi.engine.trainer |   epoch 46 step 100/140 loss=0.4733
07:47:52 | INFO    | holoqpi.engine.trainer |   epoch 46 step 120/140 loss=0.7073
07:48:42 | INFO    | holoqpi.engine.trainer | epoch 46/60 (62s = 14s train + 48s val) | train_loss=0.5253  val_phase_mae=0.1697  val_dice=0.8221  val_cls_acc=0.7165  val_mass_mape=0.1987
07:48:43 | INFO    | holoqpi.engine.trainer |   epoch 47 step 0/140 loss=0.4572
07:48:44 | INFO    | holoqpi.engine.trainer |   epoch 47 step 20/140 loss=0.5448
07:48:46 | INFO    | holoqpi.engine.trainer |   epoch 47 step 40/140 loss=0.5604
07:48:48 | INFO    | holoqpi.engine.trainer |   epoch 47 step 60/140 loss=0.5731
07:48:50 | INFO    | holoqpi.engine.trainer |   epoch 47 step 80/140 loss=0.5968
07:48:52 | INFO    | holoqpi.engine.trainer |   epoch 47 step 100/140 loss=0.5145
07:48:54 | INFO    | holoqpi.engine.trainer |   epoch 47 step 120/140 loss=0.4022
07:49:44 | INFO    | holoqpi.engine.trainer | epoch 47/60 (62s = 14s train + 48s val) | train_loss=0.5321  val_phase_mae=0.1693  val_dice=0.8235  val_cls_acc=0.6220  val_mass_mape=0.1982
07:49:45 | INFO    | holoqpi.engine.trainer |   epoch 48 step 0/140 loss=0.4058
07:49:47 | INFO    | holoqpi.engine.trainer |   epoch 48 step 20/140 loss=0.5434
07:49:49 | INFO    | holoqpi.engine.trainer |   epoch 48 step 40/140 loss=0.5570
07:49:51 | INFO    | holoqpi.engine.trainer |   epoch 48 step 60/140 loss=0.5471
07:49:53 | INFO    | holoqpi.engine.trainer |   epoch 48 step 80/140 loss=0.5448
07:49:55 | INFO    | holoqpi.engine.trainer |   epoch 48 step 100/140 loss=0.5759
07:49:57 | INFO    | holoqpi.engine.trainer |   epoch 48 step 120/140 loss=0.5336
07:50:48 | INFO    | holoqpi.engine.trainer | epoch 48/60 (64s = 14s train + 50s val) | train_loss=0.5257  val_phase_mae=0.1660  val_dice=0.8232  val_cls_acc=0.5748  val_mass_mape=0.1939
07:50:49 | INFO    | holoqpi.engine.trainer |   epoch 49 step 0/140 loss=0.4480
07:50:51 | INFO    | holoqpi.engine.trainer |   epoch 49 step 20/140 loss=0.5558
07:50:53 | INFO    | holoqpi.engine.trainer |   epoch 49 step 40/140 loss=0.4911
07:50:55 | INFO    | holoqpi.engine.trainer |   epoch 49 step 60/140 loss=0.4032
07:50:57 | INFO    | holoqpi.engine.trainer |   epoch 49 step 80/140 loss=0.4793
07:50:59 | INFO    | holoqpi.engine.trainer |   epoch 49 step 100/140 loss=0.5286
07:51:01 | INFO    | holoqpi.engine.trainer |   epoch 49 step 120/140 loss=0.5001
07:51:52 | INFO    | holoqpi.engine.trainer | epoch 49/60 (64s = 14s train + 50s val) | train_loss=0.5272  val_phase_mae=0.1685  val_dice=0.8236  val_cls_acc=0.6457  val_mass_mape=0.1987
07:51:53 | INFO    | holoqpi.engine.trainer |   epoch 50 step 0/140 loss=0.4489
07:51:55 | INFO    | holoqpi.engine.trainer |   epoch 50 step 20/140 loss=0.4274
07:51:57 | INFO    | holoqpi.engine.trainer |   epoch 50 step 40/140 loss=0.7330
07:51:59 | INFO    | holoqpi.engine.trainer |   epoch 50 step 60/140 loss=0.3596
07:52:01 | INFO    | holoqpi.engine.trainer |   epoch 50 step 80/140 loss=0.4327
07:52:03 | INFO    | holoqpi.engine.trainer |   epoch 50 step 100/140 loss=0.4926
07:52:05 | INFO    | holoqpi.engine.trainer |   epoch 50 step 120/140 loss=0.4908
07:52:55 | INFO    | holoqpi.engine.trainer | epoch 50/60 (63s = 14s train + 49s val) | train_loss=0.5274  val_phase_mae=0.1670  val_dice=0.8232  val_cls_acc=0.6142  val_mass_mape=0.2005
07:52:55 | INFO    | holoqpi.engine.trainer |   epoch 51 step 0/140 loss=0.4823
07:52:57 | INFO    | holoqpi.engine.trainer |   epoch 51 step 20/140 loss=0.7583
07:52:59 | INFO    | holoqpi.engine.trainer |   epoch 51 step 40/140 loss=0.4912
07:53:01 | INFO    | holoqpi.engine.trainer |   epoch 51 step 60/140 loss=0.5145
07:53:03 | INFO    | holoqpi.engine.trainer |   epoch 51 step 80/140 loss=0.4927
07:53:05 | INFO    | holoqpi.engine.trainer |   epoch 51 step 100/140 loss=0.6212
07:53:07 | INFO    | holoqpi.engine.trainer |   epoch 51 step 120/140 loss=0.4807
07:53:59 | INFO    | holoqpi.engine.trainer | epoch 51/60 (64s = 14s train + 50s val) | train_loss=0.5129  val_phase_mae=0.1666  val_dice=0.8228  val_cls_acc=0.6457  val_mass_mape=0.1927
07:53:59 | INFO    | holoqpi.engine.trainer |   epoch 52 step 0/140 loss=0.8282
07:54:01 | INFO    | holoqpi.engine.trainer |   epoch 52 step 20/140 loss=0.4269
07:54:03 | INFO    | holoqpi.engine.trainer |   epoch 52 step 40/140 loss=0.5912
07:54:05 | INFO    | holoqpi.engine.trainer |   epoch 52 step 60/140 loss=0.5999
07:54:07 | INFO    | holoqpi.engine.trainer |   epoch 52 step 80/140 loss=0.4922
07:54:09 | INFO    | holoqpi.engine.trainer |   epoch 52 step 100/140 loss=0.4864
07:54:11 | INFO    | holoqpi.engine.trainer |   epoch 52 step 120/140 loss=0.4706
07:55:01 | INFO    | holoqpi.engine.trainer | epoch 52/60 (63s = 14s train + 49s val) | train_loss=0.5285  val_phase_mae=0.1688  val_dice=0.8234  val_cls_acc=0.6063  val_mass_mape=0.1938
07:55:02 | INFO    | holoqpi.engine.trainer |   epoch 53 step 0/140 loss=0.5713
07:55:04 | INFO    | holoqpi.engine.trainer |   epoch 53 step 20/140 loss=0.5389
07:55:06 | INFO    | holoqpi.engine.trainer |   epoch 53 step 40/140 loss=0.4959
07:55:08 | INFO    | holoqpi.engine.trainer |   epoch 53 step 60/140 loss=0.4407
07:55:10 | INFO    | holoqpi.engine.trainer |   epoch 53 step 80/140 loss=0.5205
07:55:12 | INFO    | holoqpi.engine.trainer |   epoch 53 step 100/140 loss=0.5542
07:55:14 | INFO    | holoqpi.engine.trainer |   epoch 53 step 120/140 loss=0.4224
07:56:06 | INFO    | holoqpi.engine.trainer | epoch 53/60 (65s = 14s train + 50s val) | train_loss=0.5096  val_phase_mae=0.1673  val_dice=0.8235  val_cls_acc=0.6457  val_mass_mape=0.1907
07:56:06 | INFO    | holoqpi.engine.trainer |   epoch 54 step 0/140 loss=0.5274
07:56:08 | INFO    | holoqpi.engine.trainer |   epoch 54 step 20/140 loss=0.5855
07:56:10 | INFO    | holoqpi.engine.trainer |   epoch 54 step 40/140 loss=0.4997
07:56:12 | INFO    | holoqpi.engine.trainer |   epoch 54 step 60/140 loss=0.5137
07:56:14 | INFO    | holoqpi.engine.trainer |   epoch 54 step 80/140 loss=0.4779
07:56:16 | INFO    | holoqpi.engine.trainer |   epoch 54 step 100/140 loss=0.4378
07:56:18 | INFO    | holoqpi.engine.trainer |   epoch 54 step 120/140 loss=0.4785
07:57:10 | INFO    | holoqpi.engine.trainer | epoch 54/60 (64s = 14s train + 50s val) | train_loss=0.5166  val_phase_mae=0.1675  val_dice=0.8238  val_cls_acc=0.5827  val_mass_mape=0.1881
07:57:11 | INFO    | holoqpi.engine.trainer |   epoch 55 step 0/140 loss=0.4313
07:57:13 | INFO    | holoqpi.engine.trainer |   epoch 55 step 20/140 loss=0.5583
07:57:15 | INFO    | holoqpi.engine.trainer |   epoch 55 step 40/140 loss=0.5644
07:57:17 | INFO    | holoqpi.engine.trainer |   epoch 55 step 60/140 loss=0.4911
07:57:19 | INFO    | holoqpi.engine.trainer |   epoch 55 step 80/140 loss=0.3752
07:57:20 | INFO    | holoqpi.engine.trainer |   epoch 55 step 100/140 loss=0.3685
07:57:22 | INFO    | holoqpi.engine.trainer |   epoch 55 step 120/140 loss=0.4496
07:58:12 | INFO    | holoqpi.engine.trainer | epoch 55/60 (62s = 14s train + 48s val) | train_loss=0.5102  val_phase_mae=0.1672  val_dice=0.8235  val_cls_acc=0.6063  val_mass_mape=0.1949
07:58:13 | INFO    | holoqpi.engine.trainer |   epoch 56 step 0/140 loss=0.4824
07:58:15 | INFO    | holoqpi.engine.trainer |   epoch 56 step 20/140 loss=0.6279
07:58:17 | INFO    | holoqpi.engine.trainer |   epoch 56 step 40/140 loss=0.4772
07:58:19 | INFO    | holoqpi.engine.trainer |   epoch 56 step 60/140 loss=0.4683
07:58:20 | INFO    | holoqpi.engine.trainer |   epoch 56 step 80/140 loss=0.4169
07:58:22 | INFO    | holoqpi.engine.trainer |   epoch 56 step 100/140 loss=0.5002
07:58:24 | INFO    | holoqpi.engine.trainer |   epoch 56 step 120/140 loss=0.4002
07:59:14 | INFO    | holoqpi.engine.trainer | epoch 56/60 (62s = 14s train + 48s val) | train_loss=0.5074  val_phase_mae=0.1689  val_dice=0.8239  val_cls_acc=0.6220  val_mass_mape=0.2002
07:59:15 | INFO    | holoqpi.engine.trainer |   epoch 57 step 0/140 loss=0.4956
07:59:16 | INFO    | holoqpi.engine.trainer |   epoch 57 step 20/140 loss=0.4510
07:59:18 | INFO    | holoqpi.engine.trainer |   epoch 57 step 40/140 loss=0.3550
07:59:20 | INFO    | holoqpi.engine.trainer |   epoch 57 step 60/140 loss=0.5185
07:59:22 | INFO    | holoqpi.engine.trainer |   epoch 57 step 80/140 loss=0.5095
07:59:24 | INFO    | holoqpi.engine.trainer |   epoch 57 step 100/140 loss=0.4790
07:59:26 | INFO    | holoqpi.engine.trainer |   epoch 57 step 120/140 loss=0.4894
08:00:18 | INFO    | holoqpi.engine.trainer | epoch 57/60 (64s = 14s train + 50s val) | train_loss=0.5050  val_phase_mae=0.1687  val_dice=0.8235  val_cls_acc=0.6457  val_mass_mape=0.1891
08:00:19 | INFO    | holoqpi.engine.trainer |   epoch 58 step 0/140 loss=0.5967
08:00:21 | INFO    | holoqpi.engine.trainer |   epoch 58 step 20/140 loss=0.5032
08:00:23 | INFO    | holoqpi.engine.trainer |   epoch 58 step 40/140 loss=0.5848
08:00:25 | INFO    | holoqpi.engine.trainer |   epoch 58 step 60/140 loss=0.5978
08:00:27 | INFO    | holoqpi.engine.trainer |   epoch 58 step 80/140 loss=0.5975
08:00:29 | INFO    | holoqpi.engine.trainer |   epoch 58 step 100/140 loss=0.4553
08:00:31 | INFO    | holoqpi.engine.trainer |   epoch 58 step 120/140 loss=0.4458
08:01:21 | INFO    | holoqpi.engine.trainer | epoch 58/60 (63s = 14s train + 49s val) | train_loss=0.5171  val_phase_mae=0.1682  val_dice=0.8237  val_cls_acc=0.6929  val_mass_mape=0.1922
08:01:22 | INFO    | holoqpi.engine.trainer |   epoch 59 step 0/140 loss=0.4199
08:01:23 | INFO    | holoqpi.engine.trainer |   epoch 59 step 20/140 loss=0.5319
08:01:25 | INFO    | holoqpi.engine.trainer |   epoch 59 step 40/140 loss=0.4934
08:01:27 | INFO    | holoqpi.engine.trainer |   epoch 59 step 60/140 loss=0.6582
08:01:29 | INFO    | holoqpi.engine.trainer |   epoch 59 step 80/140 loss=0.5194
08:01:31 | INFO    | holoqpi.engine.trainer |   epoch 59 step 100/140 loss=0.3903
08:01:33 | INFO    | holoqpi.engine.trainer |   epoch 59 step 120/140 loss=0.4346
08:02:25 | INFO    | holoqpi.engine.trainer | epoch 59/60 (64s = 14s train + 50s val) | train_loss=0.5038  val_phase_mae=0.1689  val_dice=0.8237  val_cls_acc=0.6850  val_mass_mape=0.1967
08:02:26 | INFO    | holoqpi.engine.trainer |   epoch 60 step 0/140 loss=0.4011
08:02:28 | INFO    | holoqpi.engine.trainer |   epoch 60 step 20/140 loss=0.4346
08:02:30 | INFO    | holoqpi.engine.trainer |   epoch 60 step 40/140 loss=0.7552
08:02:32 | INFO    | holoqpi.engine.trainer |   epoch 60 step 60/140 loss=0.4875
08:02:34 | INFO    | holoqpi.engine.trainer |   epoch 60 step 80/140 loss=0.5384
08:02:36 | INFO    | holoqpi.engine.trainer |   epoch 60 step 100/140 loss=0.4365
08:02:37 | INFO    | holoqpi.engine.trainer |   epoch 60 step 120/140 loss=0.5698
08:03:28 | INFO    | holoqpi.engine.trainer | epoch 60/60 (62s = 14s train + 48s val) | train_loss=0.5066  val_phase_mae=0.1686  val_dice=0.8236  val_cls_acc=0.5984  val_mass_mape=0.1940
08:03:28 | INFO    | holoqpi.engine.trainer | training finished; best epoch 43 (composite=0.8108)
08:03:28 | INFO    | holoqpi.engine.trainer | checkpoint best_model.pt: 446/446 tensors matched
08:04:12 | INFO    | holoqpi.engine.compare | modality=off_axis test metrics written to runs/physics_coupling_only_off_axis
08:04:13 | INFO    | holoqpi.engine.compare | ======================================================================
08:04:13 | INFO    | holoqpi.engine.compare | modality=gabor  device=cuda  run_dir=runs/physics_coupling_only_gabor
08:04:13 | INFO    | holoqpi.engine.compare | ======================================================================
08:04:13 | INFO    | holoqpi.data.dataset | train split: 560 samples | modality=gabor | crop=512 | augment=True
08:04:13 | INFO    | holoqpi.data.dataset | val split: 127 samples | modality=gabor | crop=None | augment=False
08:04:13 | INFO    | holoqpi.data.dataset | test split: 113 samples | modality=gabor | crop=None | augment=False
08:04:13 | INFO    | holoqpi.models.encoders | encoder=mobilenet_v2 in_channels=1 pretrained=True stages=[16, 24, 32, 96, 1280]
08:04:13 | INFO    | holoqpi.models.holonet | HoloQPINet built: 9.76M parameters, 9.76M trainable (100.0%)
08:04:13 | INFO    | holoqpi.engine.trainer | trainable 9.76M / 9.76M parameters (100.0%)
08:04:13 | INFO    | holoqpi.engine.trainer | active physics terms: ['phase_mask_contrast', 'boundary_gradient_alignment', 'phase_volume', 'dry_mass_consistency', 'projected_area_consistency']
08:04:14 | INFO    | holoqpi.engine.trainer |   epoch 1 step 0/140 loss=2.5198
08:04:16 | INFO    | holoqpi.engine.trainer |   epoch 1 step 20/140 loss=2.2469
08:04:18 | INFO    | holoqpi.engine.trainer |   epoch 1 step 40/140 loss=1.6463
08:04:19 | INFO    | holoqpi.engine.trainer |   epoch 1 step 60/140 loss=1.5168
08:04:21 | INFO    | holoqpi.engine.trainer |   epoch 1 step 80/140 loss=1.3902
08:04:23 | INFO    | holoqpi.engine.trainer |   epoch 1 step 100/140 loss=1.1948
08:04:25 | INFO    | holoqpi.engine.trainer |   epoch 1 step 120/140 loss=1.2985
08:05:15 | INFO    | holoqpi.engine.trainer |   new best composite=0.6724
08:05:15 | INFO    | holoqpi.engine.trainer | epoch 1/60 (61s = 13s train + 48s val) | train_loss=1.6445  val_phase_mae=0.2278  val_dice=0.6877  val_cls_acc=0.4567  val_mass_mape=0.3097
08:05:15 | INFO    | holoqpi.engine.trainer |   at this rate the full 60-epoch schedule takes about 61 min
08:05:15 | INFO    | holoqpi.engine.trainer |   epoch 2 step 0/140 loss=1.2256
08:05:17 | INFO    | holoqpi.engine.trainer |   epoch 2 step 20/140 loss=1.2855
08:05:19 | INFO    | holoqpi.engine.trainer |   epoch 2 step 40/140 loss=1.0806
08:05:21 | INFO    | holoqpi.engine.trainer |   epoch 2 step 60/140 loss=1.0348
08:05:22 | INFO    | holoqpi.engine.trainer |   epoch 2 step 80/140 loss=1.4156
08:05:24 | INFO    | holoqpi.engine.trainer |   epoch 2 step 100/140 loss=0.8799
08:05:26 | INFO    | holoqpi.engine.trainer |   epoch 2 step 120/140 loss=1.2203
08:06:15 | INFO    | holoqpi.engine.trainer |   new best composite=0.6919
08:06:15 | INFO    | holoqpi.engine.trainer | epoch 2/60 (60s = 13s train + 48s val) | train_loss=1.1646  val_phase_mae=0.2228  val_dice=0.6994  val_cls_acc=0.4803  val_mass_mape=0.2845
08:06:16 | INFO    | holoqpi.engine.trainer |   epoch 3 step 0/140 loss=1.0021
08:06:18 | INFO    | holoqpi.engine.trainer |   epoch 3 step 20/140 loss=0.8879
08:06:19 | INFO    | holoqpi.engine.trainer |   epoch 3 step 40/140 loss=1.2435
08:06:21 | INFO    | holoqpi.engine.trainer |   epoch 3 step 60/140 loss=0.9668
08:06:23 | INFO    | holoqpi.engine.trainer |   epoch 3 step 80/140 loss=0.8527
08:06:25 | INFO    | holoqpi.engine.trainer |   epoch 3 step 100/140 loss=1.2277
08:06:26 | INFO    | holoqpi.engine.trainer |   epoch 3 step 120/140 loss=1.1546
08:07:15 | INFO    | holoqpi.engine.trainer |   new best composite=0.7077
08:07:15 | INFO    | holoqpi.engine.trainer | epoch 3/60 (59s = 13s train + 47s val) | train_loss=1.0064  val_phase_mae=0.2059  val_dice=0.7424  val_cls_acc=0.4803  val_mass_mape=0.3537
08:07:16 | INFO    | holoqpi.engine.trainer |   epoch 4 step 0/140 loss=0.9155
08:07:17 | INFO    | holoqpi.engine.trainer |   epoch 4 step 20/140 loss=1.0565
08:07:19 | INFO    | holoqpi.engine.trainer |   epoch 4 step 40/140 loss=1.0120
08:07:21 | INFO    | holoqpi.engine.trainer |   epoch 4 step 60/140 loss=1.4016
08:07:23 | INFO    | holoqpi.engine.trainer |   epoch 4 step 80/140 loss=0.9964
08:07:24 | INFO    | holoqpi.engine.trainer |   epoch 4 step 100/140 loss=0.9313
08:07:26 | INFO    | holoqpi.engine.trainer |   epoch 4 step 120/140 loss=0.7622
08:08:14 | INFO    | holoqpi.engine.trainer |   new best composite=0.7206
08:08:14 | INFO    | holoqpi.engine.trainer | epoch 4/60 (59s = 13s train + 46s val) | train_loss=0.9864  val_phase_mae=0.2007  val_dice=0.7448  val_cls_acc=0.5748  val_mass_mape=0.3030
08:08:15 | INFO    | holoqpi.engine.trainer |   epoch 5 step 0/140 loss=0.8323
08:08:17 | INFO    | holoqpi.engine.trainer |   epoch 5 step 20/140 loss=0.7730
08:08:18 | INFO    | holoqpi.engine.trainer |   epoch 5 step 40/140 loss=0.8378
08:08:20 | INFO    | holoqpi.engine.trainer |   epoch 5 step 60/140 loss=1.1260
08:08:22 | INFO    | holoqpi.engine.trainer |   epoch 5 step 80/140 loss=1.0415
08:08:24 | INFO    | holoqpi.engine.trainer |   epoch 5 step 100/140 loss=0.8715
08:08:26 | INFO    | holoqpi.engine.trainer |   epoch 5 step 120/140 loss=1.1350
08:09:14 | INFO    | holoqpi.engine.trainer |   new best composite=0.7360
08:09:14 | INFO    | holoqpi.engine.trainer | epoch 5/60 (59s = 13s train + 46s val) | train_loss=0.9518  val_phase_mae=0.1963  val_dice=0.7515  val_cls_acc=0.5433  val_mass_mape=0.2691
08:09:14 | INFO    | holoqpi.engine.trainer |   epoch 6 step 0/140 loss=1.1909
08:09:16 | INFO    | holoqpi.engine.trainer |   epoch 6 step 20/140 loss=1.1548
08:09:18 | INFO    | holoqpi.engine.trainer |   epoch 6 step 40/140 loss=0.9573
08:09:20 | INFO    | holoqpi.engine.trainer |   epoch 6 step 60/140 loss=0.7001
08:09:21 | INFO    | holoqpi.engine.trainer |   epoch 6 step 80/140 loss=0.7544
08:09:23 | INFO    | holoqpi.engine.trainer |   epoch 6 step 100/140 loss=0.7409
08:09:25 | INFO    | holoqpi.engine.trainer |   epoch 6 step 120/140 loss=0.7806
08:10:13 | INFO    | holoqpi.engine.trainer | epoch 6/60 (60s = 13s train + 47s val) | train_loss=0.9332  val_phase_mae=0.1987  val_dice=0.7452  val_cls_acc=0.5984  val_mass_mape=0.2833
08:10:14 | INFO    | holoqpi.engine.trainer |   epoch 7 step 0/140 loss=0.7702
08:10:16 | INFO    | holoqpi.engine.trainer |   epoch 7 step 20/140 loss=1.1250
08:10:17 | INFO    | holoqpi.engine.trainer |   epoch 7 step 40/140 loss=1.0787
08:10:19 | INFO    | holoqpi.engine.trainer |   epoch 7 step 60/140 loss=0.8628
08:10:21 | INFO    | holoqpi.engine.trainer |   epoch 7 step 80/140 loss=0.7973
08:10:23 | INFO    | holoqpi.engine.trainer |   epoch 7 step 100/140 loss=1.0315
08:10:24 | INFO    | holoqpi.engine.trainer |   epoch 7 step 120/140 loss=0.9433
08:11:12 | INFO    | holoqpi.engine.trainer | epoch 7/60 (59s = 13s train + 46s val) | train_loss=0.9067  val_phase_mae=0.2281  val_dice=0.7378  val_cls_acc=0.5433  val_mass_mape=0.6210
08:11:13 | INFO    | holoqpi.engine.trainer |   epoch 8 step 0/140 loss=0.8390
08:11:14 | INFO    | holoqpi.engine.trainer |   epoch 8 step 20/140 loss=0.9966
08:11:16 | INFO    | holoqpi.engine.trainer |   epoch 8 step 40/140 loss=0.8950
08:11:18 | INFO    | holoqpi.engine.trainer |   epoch 8 step 60/140 loss=0.7536
08:11:20 | INFO    | holoqpi.engine.trainer |   epoch 8 step 80/140 loss=1.1186
08:11:22 | INFO    | holoqpi.engine.trainer |   epoch 8 step 100/140 loss=0.8830
08:11:23 | INFO    | holoqpi.engine.trainer |   epoch 8 step 120/140 loss=0.8774
08:12:11 | INFO    | holoqpi.engine.trainer | epoch 8/60 (58s = 13s train + 46s val) | train_loss=0.8992  val_phase_mae=0.2043  val_dice=0.7368  val_cls_acc=0.6142  val_mass_mape=0.2670
08:12:11 | INFO    | holoqpi.engine.trainer |   epoch 9 step 0/140 loss=0.8299
08:12:13 | INFO    | holoqpi.engine.trainer |   epoch 9 step 20/140 loss=0.6590
08:12:15 | INFO    | holoqpi.engine.trainer |   epoch 9 step 40/140 loss=1.1105
08:12:16 | INFO    | holoqpi.engine.trainer |   epoch 9 step 60/140 loss=0.9184
08:12:18 | INFO    | holoqpi.engine.trainer |   epoch 9 step 80/140 loss=0.8521
08:12:20 | INFO    | holoqpi.engine.trainer |   epoch 9 step 100/140 loss=0.7684
08:12:22 | INFO    | holoqpi.engine.trainer |   epoch 9 step 120/140 loss=0.8150
08:13:09 | INFO    | holoqpi.engine.trainer |   new best composite=0.7435
08:13:09 | INFO    | holoqpi.engine.trainer | epoch 9/60 (58s = 13s train + 46s val) | train_loss=0.8929  val_phase_mae=0.1896  val_dice=0.7528  val_cls_acc=0.6063  val_mass_mape=0.2459
08:13:10 | INFO    | holoqpi.engine.trainer |   epoch 10 step 0/140 loss=0.8625
08:13:11 | INFO    | holoqpi.engine.trainer |   epoch 10 step 20/140 loss=0.7237
08:13:13 | INFO    | holoqpi.engine.trainer |   epoch 10 step 40/140 loss=0.9913
08:13:15 | INFO    | holoqpi.engine.trainer |   epoch 10 step 60/140 loss=0.9490
08:13:17 | INFO    | holoqpi.engine.trainer |   epoch 10 step 80/140 loss=1.0591
08:13:19 | INFO    | holoqpi.engine.trainer |   epoch 10 step 100/140 loss=1.1070
08:13:20 | INFO    | holoqpi.engine.trainer |   epoch 10 step 120/140 loss=0.8743
08:14:08 | INFO    | holoqpi.engine.trainer |   new best composite=0.7472
08:14:08 | INFO    | holoqpi.engine.trainer | epoch 10/60 (58s = 13s train + 45s val) | train_loss=0.8969  val_phase_mae=0.1872  val_dice=0.7591  val_cls_acc=0.4882  val_mass_mape=0.2511
08:14:08 | INFO    | holoqpi.engine.trainer |   epoch 11 step 0/140 loss=0.8416
08:14:10 | INFO    | holoqpi.engine.trainer |   epoch 11 step 20/140 loss=0.8768
08:14:12 | INFO    | holoqpi.engine.trainer |   epoch 11 step 40/140 loss=1.0987
08:14:13 | INFO    | holoqpi.engine.trainer |   epoch 11 step 60/140 loss=0.7145
08:14:15 | INFO    | holoqpi.engine.trainer |   epoch 11 step 80/140 loss=0.7087
08:14:17 | INFO    | holoqpi.engine.trainer |   epoch 11 step 100/140 loss=0.7613
08:14:19 | INFO    | holoqpi.engine.trainer |   epoch 11 step 120/140 loss=0.7700
08:15:06 | INFO    | holoqpi.engine.trainer | epoch 11/60 (58s = 13s train + 45s val) | train_loss=0.8823  val_phase_mae=0.2020  val_dice=0.7421  val_cls_acc=0.6693  val_mass_mape=0.2947
08:15:06 | INFO    | holoqpi.engine.trainer |   epoch 12 step 0/140 loss=0.7413
08:15:08 | INFO    | holoqpi.engine.trainer |   epoch 12 step 20/140 loss=1.3135
08:15:10 | INFO    | holoqpi.engine.trainer |   epoch 12 step 40/140 loss=0.7786
08:15:12 | INFO    | holoqpi.engine.trainer |   epoch 12 step 60/140 loss=1.6430
08:15:13 | INFO    | holoqpi.engine.trainer |   epoch 12 step 80/140 loss=1.0303
08:15:15 | INFO    | holoqpi.engine.trainer |   epoch 12 step 100/140 loss=0.7073
08:15:17 | INFO    | holoqpi.engine.trainer |   epoch 12 step 120/140 loss=0.6946
08:16:04 | INFO    | holoqpi.engine.trainer | epoch 12/60 (59s = 13s train + 46s val) | train_loss=0.8663  val_phase_mae=0.2009  val_dice=0.7367  val_cls_acc=0.5906  val_mass_mape=0.2750
08:16:05 | INFO    | holoqpi.engine.trainer |   epoch 13 step 0/140 loss=0.9033
08:16:06 | INFO    | holoqpi.engine.trainer |   epoch 13 step 20/140 loss=0.8839
08:16:08 | INFO    | holoqpi.engine.trainer |   epoch 13 step 40/140 loss=1.1684
08:16:10 | INFO    | holoqpi.engine.trainer |   epoch 13 step 60/140 loss=0.8525
08:16:12 | INFO    | holoqpi.engine.trainer |   epoch 13 step 80/140 loss=1.1370
08:16:13 | INFO    | holoqpi.engine.trainer |   epoch 13 step 100/140 loss=0.8448
08:16:15 | INFO    | holoqpi.engine.trainer |   epoch 13 step 120/140 loss=0.7666
08:17:02 | INFO    | holoqpi.engine.trainer | epoch 13/60 (58s = 12s train + 45s val) | train_loss=0.8768  val_phase_mae=0.1911  val_dice=0.7540  val_cls_acc=0.5197  val_mass_mape=0.2446
08:17:03 | INFO    | holoqpi.engine.trainer |   epoch 14 step 0/140 loss=0.8957
08:17:04 | INFO    | holoqpi.engine.trainer |   epoch 14 step 20/140 loss=1.0205
08:17:06 | INFO    | holoqpi.engine.trainer |   epoch 14 step 40/140 loss=1.0345
08:17:08 | INFO    | holoqpi.engine.trainer |   epoch 14 step 60/140 loss=0.7048
08:17:10 | INFO    | holoqpi.engine.trainer |   epoch 14 step 80/140 loss=1.0326
08:17:11 | INFO    | holoqpi.engine.trainer |   epoch 14 step 100/140 loss=0.7002
08:17:13 | INFO    | holoqpi.engine.trainer |   epoch 14 step 120/140 loss=0.8035
08:18:01 | INFO    | holoqpi.engine.trainer |   new best composite=0.7502
08:18:01 | INFO    | holoqpi.engine.trainer | epoch 14/60 (58s = 13s train + 46s val) | train_loss=0.8628  val_phase_mae=0.1890  val_dice=0.7571  val_cls_acc=0.5276  val_mass_mape=0.2382
08:18:01 | INFO    | holoqpi.engine.trainer |   epoch 15 step 0/140 loss=0.7507
08:18:03 | INFO    | holoqpi.engine.trainer |   epoch 15 step 20/140 loss=0.6442
08:18:05 | INFO    | holoqpi.engine.trainer |   epoch 15 step 40/140 loss=0.6391
08:18:07 | INFO    | holoqpi.engine.trainer |   epoch 15 step 60/140 loss=1.0301
08:18:08 | INFO    | holoqpi.engine.trainer |   epoch 15 step 80/140 loss=1.1753
08:18:10 | INFO    | holoqpi.engine.trainer |   epoch 15 step 100/140 loss=0.6958
08:18:12 | INFO    | holoqpi.engine.trainer |   epoch 15 step 120/140 loss=0.7603
08:18:59 | INFO    | holoqpi.engine.trainer | epoch 15/60 (58s = 13s train + 45s val) | train_loss=0.8498  val_phase_mae=0.1919  val_dice=0.7446  val_cls_acc=0.5827  val_mass_mape=0.2493
08:18:59 | INFO    | holoqpi.engine.trainer |   epoch 16 step 0/140 loss=0.9296
08:19:01 | INFO    | holoqpi.engine.trainer |   epoch 16 step 20/140 loss=1.0154
08:19:03 | INFO    | holoqpi.engine.trainer |   epoch 16 step 40/140 loss=0.7908
08:19:04 | INFO    | holoqpi.engine.trainer |   epoch 16 step 60/140 loss=0.7728
08:19:06 | INFO    | holoqpi.engine.trainer |   epoch 16 step 80/140 loss=0.8010
08:19:08 | INFO    | holoqpi.engine.trainer |   epoch 16 step 100/140 loss=1.0994
08:19:10 | INFO    | holoqpi.engine.trainer |   epoch 16 step 120/140 loss=0.8589
08:19:57 | INFO    | holoqpi.engine.trainer | epoch 16/60 (59s = 13s train + 46s val) | train_loss=0.8488  val_phase_mae=0.1893  val_dice=0.7574  val_cls_acc=0.5984  val_mass_mape=0.2469
08:19:58 | INFO    | holoqpi.engine.trainer |   epoch 17 step 0/140 loss=1.0612
08:20:00 | INFO    | holoqpi.engine.trainer |   epoch 17 step 20/140 loss=1.3071
08:20:02 | INFO    | holoqpi.engine.trainer |   epoch 17 step 40/140 loss=1.2955
08:20:03 | INFO    | holoqpi.engine.trainer |   epoch 17 step 60/140 loss=0.6959
08:20:05 | INFO    | holoqpi.engine.trainer |   epoch 17 step 80/140 loss=0.6948
08:20:07 | INFO    | holoqpi.engine.trainer |   epoch 17 step 100/140 loss=1.1184
08:20:08 | INFO    | holoqpi.engine.trainer |   epoch 17 step 120/140 loss=0.6746
08:20:56 | INFO    | holoqpi.engine.trainer | epoch 17/60 (58s = 13s train + 46s val) | train_loss=0.8363  val_phase_mae=0.1905  val_dice=0.7495  val_cls_acc=0.6378  val_mass_mape=0.2371
08:20:56 | INFO    | holoqpi.engine.trainer |   epoch 18 step 0/140 loss=0.6477
08:20:58 | INFO    | holoqpi.engine.trainer |   epoch 18 step 20/140 loss=0.7767
08:21:00 | INFO    | holoqpi.engine.trainer |   epoch 18 step 40/140 loss=0.6507
08:21:02 | INFO    | holoqpi.engine.trainer |   epoch 18 step 60/140 loss=0.8001
08:21:04 | INFO    | holoqpi.engine.trainer |   epoch 18 step 80/140 loss=1.1245
08:21:05 | INFO    | holoqpi.engine.trainer |   epoch 18 step 100/140 loss=0.7834
08:21:07 | INFO    | holoqpi.engine.trainer |   epoch 18 step 120/140 loss=1.0203
08:21:54 | INFO    | holoqpi.engine.trainer | epoch 18/60 (58s = 13s train + 45s val) | train_loss=0.8239  val_phase_mae=0.1933  val_dice=0.7472  val_cls_acc=0.6850  val_mass_mape=0.2366
08:21:55 | INFO    | holoqpi.engine.trainer |   epoch 19 step 0/140 loss=0.6652
08:21:56 | INFO    | holoqpi.engine.trainer |   epoch 19 step 20/140 loss=0.6718
08:21:58 | INFO    | holoqpi.engine.trainer |   epoch 19 step 40/140 loss=0.6666
08:22:00 | INFO    | holoqpi.engine.trainer |   epoch 19 step 60/140 loss=0.7720
08:22:02 | INFO    | holoqpi.engine.trainer |   epoch 19 step 80/140 loss=0.8700
08:22:03 | INFO    | holoqpi.engine.trainer |   epoch 19 step 100/140 loss=0.6767
08:22:05 | INFO    | holoqpi.engine.trainer |   epoch 19 step 120/140 loss=0.9701
08:22:53 | INFO    | holoqpi.engine.trainer |   new best composite=0.7555
08:22:53 | INFO    | holoqpi.engine.trainer | epoch 19/60 (58s = 13s train + 46s val) | train_loss=0.8330  val_phase_mae=0.1851  val_dice=0.7651  val_cls_acc=0.6299  val_mass_mape=0.2386
08:22:53 | INFO    | holoqpi.engine.trainer |   epoch 20 step 0/140 loss=0.8831
08:22:55 | INFO    | holoqpi.engine.trainer |   epoch 20 step 20/140 loss=0.8359
08:22:57 | INFO    | holoqpi.engine.trainer |   epoch 20 step 40/140 loss=0.7877
08:22:58 | INFO    | holoqpi.engine.trainer |   epoch 20 step 60/140 loss=0.8653
08:23:00 | INFO    | holoqpi.engine.trainer |   epoch 20 step 80/140 loss=0.5852
08:23:02 | INFO    | holoqpi.engine.trainer |   epoch 20 step 100/140 loss=1.0263
08:23:04 | INFO    | holoqpi.engine.trainer |   epoch 20 step 120/140 loss=0.7461
08:23:51 | INFO    | holoqpi.engine.trainer | epoch 20/60 (58s = 12s train + 46s val) | train_loss=0.8195  val_phase_mae=0.1866  val_dice=0.7632  val_cls_acc=0.6929  val_mass_mape=0.2657
08:23:52 | INFO    | holoqpi.engine.trainer |   epoch 21 step 0/140 loss=0.7777
08:23:53 | INFO    | holoqpi.engine.trainer |   epoch 21 step 20/140 loss=0.9921
08:23:55 | INFO    | holoqpi.engine.trainer |   epoch 21 step 40/140 loss=0.9226
08:23:57 | INFO    | holoqpi.engine.trainer |   epoch 21 step 60/140 loss=0.7111
08:23:59 | INFO    | holoqpi.engine.trainer |   epoch 21 step 80/140 loss=0.7456
08:24:00 | INFO    | holoqpi.engine.trainer |   epoch 21 step 100/140 loss=0.6315
08:24:02 | INFO    | holoqpi.engine.trainer |   epoch 21 step 120/140 loss=0.6592
08:24:49 | INFO    | holoqpi.engine.trainer | epoch 21/60 (58s = 13s train + 45s val) | train_loss=0.8122  val_phase_mae=0.1879  val_dice=0.7540  val_cls_acc=0.6220  val_mass_mape=0.2325
08:24:50 | INFO    | holoqpi.engine.trainer |   epoch 22 step 0/140 loss=0.6710
08:24:52 | INFO    | holoqpi.engine.trainer |   epoch 22 step 20/140 loss=0.6996
08:24:53 | INFO    | holoqpi.engine.trainer |   epoch 22 step 40/140 loss=0.6796
08:24:55 | INFO    | holoqpi.engine.trainer |   epoch 22 step 60/140 loss=0.6677
08:24:57 | INFO    | holoqpi.engine.trainer |   epoch 22 step 80/140 loss=0.6646
08:24:59 | INFO    | holoqpi.engine.trainer |   epoch 22 step 100/140 loss=0.7482
08:25:00 | INFO    | holoqpi.engine.trainer |   epoch 22 step 120/140 loss=1.3510
08:25:48 | INFO    | holoqpi.engine.trainer |   new best composite=0.7564
08:25:48 | INFO    | holoqpi.engine.trainer | epoch 22/60 (58s = 13s train + 45s val) | train_loss=0.8112  val_phase_mae=0.1855  val_dice=0.7659  val_cls_acc=0.6063  val_mass_mape=0.2372
08:25:48 | INFO    | holoqpi.engine.trainer |   epoch 23 step 0/140 loss=0.9341
08:25:50 | INFO    | holoqpi.engine.trainer |   epoch 23 step 20/140 loss=0.6985
08:25:52 | INFO    | holoqpi.engine.trainer |   epoch 23 step 40/140 loss=0.7383
08:25:53 | INFO    | holoqpi.engine.trainer |   epoch 23 step 60/140 loss=1.0648
08:25:55 | INFO    | holoqpi.engine.trainer |   epoch 23 step 80/140 loss=1.2356
08:25:57 | INFO    | holoqpi.engine.trainer |   epoch 23 step 100/140 loss=0.6877
08:25:59 | INFO    | holoqpi.engine.trainer |   epoch 23 step 120/140 loss=1.0763
08:26:46 | INFO    | holoqpi.engine.trainer | epoch 23/60 (58s = 13s train + 45s val) | train_loss=0.8038  val_phase_mae=0.1932  val_dice=0.7557  val_cls_acc=0.6772  val_mass_mape=0.2939
08:26:46 | INFO    | holoqpi.engine.trainer |   epoch 24 step 0/140 loss=0.7259
08:26:48 | INFO    | holoqpi.engine.trainer |   epoch 24 step 20/140 loss=0.5979
08:26:50 | INFO    | holoqpi.engine.trainer |   epoch 24 step 40/140 loss=0.7346
08:26:51 | INFO    | holoqpi.engine.trainer |   epoch 24 step 60/140 loss=0.8218
08:26:53 | INFO    | holoqpi.engine.trainer |   epoch 24 step 80/140 loss=0.7569
08:26:55 | INFO    | holoqpi.engine.trainer |   epoch 24 step 100/140 loss=0.9643
08:26:57 | INFO    | holoqpi.engine.trainer |   epoch 24 step 120/140 loss=0.9109
08:27:44 | INFO    | holoqpi.engine.trainer | epoch 24/60 (58s = 13s train + 46s val) | train_loss=0.8063  val_phase_mae=0.1886  val_dice=0.7517  val_cls_acc=0.6850  val_mass_mape=0.2342
08:27:45 | INFO    | holoqpi.engine.trainer |   epoch 25 step 0/140 loss=0.7389
08:27:46 | INFO    | holoqpi.engine.trainer |   epoch 25 step 20/140 loss=0.7128
08:27:48 | INFO    | holoqpi.engine.trainer |   epoch 25 step 40/140 loss=0.6433
08:27:50 | INFO    | holoqpi.engine.trainer |   epoch 25 step 60/140 loss=0.6633
08:27:52 | INFO    | holoqpi.engine.trainer |   epoch 25 step 80/140 loss=0.8601
08:27:53 | INFO    | holoqpi.engine.trainer |   epoch 25 step 100/140 loss=0.8628
08:27:55 | INFO    | holoqpi.engine.trainer |   epoch 25 step 120/140 loss=1.6711
08:28:43 | INFO    | holoqpi.engine.trainer | epoch 25/60 (59s = 13s train + 46s val) | train_loss=0.8009  val_phase_mae=0.1916  val_dice=0.7501  val_cls_acc=0.6614  val_mass_mape=0.2388
08:28:44 | INFO    | holoqpi.engine.trainer |   epoch 26 step 0/140 loss=0.8226
08:28:45 | INFO    | holoqpi.engine.trainer |   epoch 26 step 20/140 loss=0.6008
08:28:47 | INFO    | holoqpi.engine.trainer |   epoch 26 step 40/140 loss=0.6766
08:28:49 | INFO    | holoqpi.engine.trainer |   epoch 26 step 60/140 loss=0.7610
08:28:51 | INFO    | holoqpi.engine.trainer |   epoch 26 step 80/140 loss=0.9482
08:28:52 | INFO    | holoqpi.engine.trainer |   epoch 26 step 100/140 loss=0.7101
08:28:54 | INFO    | holoqpi.engine.trainer |   epoch 26 step 120/140 loss=0.6254
08:29:42 | INFO    | holoqpi.engine.trainer | epoch 26/60 (59s = 13s train + 46s val) | train_loss=0.7929  val_phase_mae=0.1826  val_dice=0.7673  val_cls_acc=0.6850  val_mass_mape=0.2494
08:29:42 | INFO    | holoqpi.engine.trainer |   epoch 27 step 0/140 loss=0.6154
08:29:44 | INFO    | holoqpi.engine.trainer |   epoch 27 step 20/140 loss=0.6669
08:29:46 | INFO    | holoqpi.engine.trainer |   epoch 27 step 40/140 loss=0.9318
08:29:47 | INFO    | holoqpi.engine.trainer |   epoch 27 step 60/140 loss=0.8845
08:29:49 | INFO    | holoqpi.engine.trainer |   epoch 27 step 80/140 loss=0.6958
08:29:51 | INFO    | holoqpi.engine.trainer |   epoch 27 step 100/140 loss=0.8581
08:29:53 | INFO    | holoqpi.engine.trainer |   epoch 27 step 120/140 loss=0.5693
08:30:40 | INFO    | holoqpi.engine.trainer | epoch 27/60 (59s = 13s train + 46s val) | train_loss=0.7761  val_phase_mae=0.1899  val_dice=0.7581  val_cls_acc=0.7244  val_mass_mape=0.2931
08:30:41 | INFO    | holoqpi.engine.trainer |   epoch 28 step 0/140 loss=0.6884
08:30:43 | INFO    | holoqpi.engine.trainer |   epoch 28 step 20/140 loss=0.7154
08:30:44 | INFO    | holoqpi.engine.trainer |   epoch 28 step 40/140 loss=0.6929
08:30:46 | INFO    | holoqpi.engine.trainer |   epoch 28 step 60/140 loss=0.7117
08:30:48 | INFO    | holoqpi.engine.trainer |   epoch 28 step 80/140 loss=0.6919
08:30:50 | INFO    | holoqpi.engine.trainer |   epoch 28 step 100/140 loss=0.7510
08:30:51 | INFO    | holoqpi.engine.trainer |   epoch 28 step 120/140 loss=0.5497
08:31:38 | INFO    | holoqpi.engine.trainer | epoch 28/60 (58s = 13s train + 46s val) | train_loss=0.7762  val_phase_mae=0.1845  val_dice=0.7606  val_cls_acc=0.6929  val_mass_mape=0.2299
08:31:39 | INFO    | holoqpi.engine.trainer |   epoch 29 step 0/140 loss=0.6852
08:31:41 | INFO    | holoqpi.engine.trainer |   epoch 29 step 20/140 loss=0.9663
08:31:42 | INFO    | holoqpi.engine.trainer |   epoch 29 step 40/140 loss=0.8742
08:31:44 | INFO    | holoqpi.engine.trainer |   epoch 29 step 60/140 loss=0.6199
08:31:46 | INFO    | holoqpi.engine.trainer |   epoch 29 step 80/140 loss=1.1150
08:31:48 | INFO    | holoqpi.engine.trainer |   epoch 29 step 100/140 loss=0.6656
08:31:49 | INFO    | holoqpi.engine.trainer |   epoch 29 step 120/140 loss=0.7018
08:32:37 | INFO    | holoqpi.engine.trainer | epoch 29/60 (58s = 13s train + 46s val) | train_loss=0.7563  val_phase_mae=0.1846  val_dice=0.7649  val_cls_acc=0.6535  val_mass_mape=0.2379
08:32:37 | INFO    | holoqpi.engine.trainer |   epoch 30 step 0/140 loss=0.5915
08:32:39 | INFO    | holoqpi.engine.trainer |   epoch 30 step 20/140 loss=0.7670
08:32:41 | INFO    | holoqpi.engine.trainer |   epoch 30 step 40/140 loss=2.0476
08:32:42 | INFO    | holoqpi.engine.trainer |   epoch 30 step 60/140 loss=0.6631
08:32:44 | INFO    | holoqpi.engine.trainer |   epoch 30 step 80/140 loss=0.6674
08:32:46 | INFO    | holoqpi.engine.trainer |   epoch 30 step 100/140 loss=0.8030
08:32:47 | INFO    | holoqpi.engine.trainer |   epoch 30 step 120/140 loss=0.9729
08:33:35 | INFO    | holoqpi.engine.trainer | epoch 30/60 (58s = 12s train + 46s val) | train_loss=0.7693  val_phase_mae=0.1859  val_dice=0.7611  val_cls_acc=0.6929  val_mass_mape=0.2478
08:33:35 | INFO    | holoqpi.engine.trainer |   epoch 31 step 0/140 loss=0.8317
08:33:37 | INFO    | holoqpi.engine.trainer |   epoch 31 step 20/140 loss=0.6712
08:33:39 | INFO    | holoqpi.engine.trainer |   epoch 31 step 40/140 loss=0.7968
08:33:41 | INFO    | holoqpi.engine.trainer |   epoch 31 step 60/140 loss=0.6635
08:33:42 | INFO    | holoqpi.engine.trainer |   epoch 31 step 80/140 loss=0.6491
08:33:44 | INFO    | holoqpi.engine.trainer |   epoch 31 step 100/140 loss=0.8714
08:33:46 | INFO    | holoqpi.engine.trainer |   epoch 31 step 120/140 loss=0.6319
08:34:33 | INFO    | holoqpi.engine.trainer | epoch 31/60 (58s = 12s train + 45s val) | train_loss=0.7704  val_phase_mae=0.1898  val_dice=0.7500  val_cls_acc=0.7165  val_mass_mape=0.2405
08:34:33 | INFO    | holoqpi.engine.trainer |   epoch 32 step 0/140 loss=0.5764
08:34:35 | INFO    | holoqpi.engine.trainer |   epoch 32 step 20/140 loss=1.4092
08:34:37 | INFO    | holoqpi.engine.trainer |   epoch 32 step 40/140 loss=0.7070
08:34:38 | INFO    | holoqpi.engine.trainer |   epoch 32 step 60/140 loss=0.6952
08:34:40 | INFO    | holoqpi.engine.trainer |   epoch 32 step 80/140 loss=0.6496
08:34:42 | INFO    | holoqpi.engine.trainer |   epoch 32 step 100/140 loss=1.0380
08:34:44 | INFO    | holoqpi.engine.trainer |   epoch 32 step 120/140 loss=1.4211
08:35:31 | INFO    | holoqpi.engine.trainer |   new best composite=0.7578
08:35:31 | INFO    | holoqpi.engine.trainer | epoch 32/60 (58s = 12s train + 46s val) | train_loss=0.7623  val_phase_mae=0.1828  val_dice=0.7670  val_cls_acc=0.6929  val_mass_mape=0.2359
08:35:32 | INFO    | holoqpi.engine.trainer |   epoch 33 step 0/140 loss=0.5852
08:35:33 | INFO    | holoqpi.engine.trainer |   epoch 33 step 20/140 loss=0.6241
08:35:35 | INFO    | holoqpi.engine.trainer |   epoch 33 step 40/140 loss=0.7740
08:35:37 | INFO    | holoqpi.engine.trainer |   epoch 33 step 60/140 loss=0.6712
08:35:39 | INFO    | holoqpi.engine.trainer |   epoch 33 step 80/140 loss=0.6958
08:35:40 | INFO    | holoqpi.engine.trainer |   epoch 33 step 100/140 loss=0.7037
08:35:42 | INFO    | holoqpi.engine.trainer |   epoch 33 step 120/140 loss=0.5227
08:36:29 | INFO    | holoqpi.engine.trainer | epoch 33/60 (58s = 13s train + 46s val) | train_loss=0.7561  val_phase_mae=0.1816  val_dice=0.7697  val_cls_acc=0.7559  val_mass_mape=0.2482
08:36:30 | INFO    | holoqpi.engine.trainer |   epoch 34 step 0/140 loss=1.0769
08:36:32 | INFO    | holoqpi.engine.trainer |   epoch 34 step 20/140 loss=0.6467
08:36:33 | INFO    | holoqpi.engine.trainer |   epoch 34 step 40/140 loss=0.5381
08:36:35 | INFO    | holoqpi.engine.trainer |   epoch 34 step 60/140 loss=0.6211
08:36:37 | INFO    | holoqpi.engine.trainer |   epoch 34 step 80/140 loss=0.6945
08:36:39 | INFO    | holoqpi.engine.trainer |   epoch 34 step 100/140 loss=0.9036
08:36:41 | INFO    | holoqpi.engine.trainer |   epoch 34 step 120/140 loss=0.5851
08:37:28 | INFO    | holoqpi.engine.trainer | epoch 34/60 (58s = 13s train + 46s val) | train_loss=0.7432  val_phase_mae=0.1877  val_dice=0.7620  val_cls_acc=0.7480  val_mass_mape=0.2889
08:37:28 | INFO    | holoqpi.engine.trainer |   epoch 35 step 0/140 loss=0.5405
08:37:30 | INFO    | holoqpi.engine.trainer |   epoch 35 step 20/140 loss=0.6582
08:37:32 | INFO    | holoqpi.engine.trainer |   epoch 35 step 40/140 loss=1.2503
08:37:33 | INFO    | holoqpi.engine.trainer |   epoch 35 step 60/140 loss=0.9182
08:37:35 | INFO    | holoqpi.engine.trainer |   epoch 35 step 80/140 loss=0.8067
08:37:37 | INFO    | holoqpi.engine.trainer |   epoch 35 step 100/140 loss=0.7140
08:37:39 | INFO    | holoqpi.engine.trainer |   epoch 35 step 120/140 loss=0.6260
08:38:25 | INFO    | holoqpi.engine.trainer | epoch 35/60 (58s = 13s train + 45s val) | train_loss=0.7390  val_phase_mae=0.1828  val_dice=0.7632  val_cls_acc=0.7795  val_mass_mape=0.2312
08:38:26 | INFO    | holoqpi.engine.trainer |   epoch 36 step 0/140 loss=0.6190
08:38:28 | INFO    | holoqpi.engine.trainer |   epoch 36 step 20/140 loss=0.8330
08:38:29 | INFO    | holoqpi.engine.trainer |   epoch 36 step 40/140 loss=0.5055
08:38:31 | INFO    | holoqpi.engine.trainer |   epoch 36 step 60/140 loss=0.6367
08:38:33 | INFO    | holoqpi.engine.trainer |   epoch 36 step 80/140 loss=1.2052
08:38:35 | INFO    | holoqpi.engine.trainer |   epoch 36 step 100/140 loss=1.2373
08:38:36 | INFO    | holoqpi.engine.trainer |   epoch 36 step 120/140 loss=0.7658
08:39:23 | INFO    | holoqpi.engine.trainer | epoch 36/60 (58s = 13s train + 45s val) | train_loss=0.7427  val_phase_mae=0.1845  val_dice=0.7628  val_cls_acc=0.6299  val_mass_mape=0.2381
08:39:24 | INFO    | holoqpi.engine.trainer |   epoch 37 step 0/140 loss=1.0832
08:39:26 | INFO    | holoqpi.engine.trainer |   epoch 37 step 20/140 loss=0.6572
08:39:27 | INFO    | holoqpi.engine.trainer |   epoch 37 step 40/140 loss=0.5444
08:39:29 | INFO    | holoqpi.engine.trainer |   epoch 37 step 60/140 loss=0.7405
08:39:31 | INFO    | holoqpi.engine.trainer |   epoch 37 step 80/140 loss=0.6515
08:39:33 | INFO    | holoqpi.engine.trainer |   epoch 37 step 100/140 loss=0.5723
08:39:34 | INFO    | holoqpi.engine.trainer |   epoch 37 step 120/140 loss=0.5468
08:40:22 | INFO    | holoqpi.engine.trainer | epoch 37/60 (58s = 13s train + 46s val) | train_loss=0.7359  val_phase_mae=0.1840  val_dice=0.7621  val_cls_acc=0.7244  val_mass_mape=0.2337
08:40:22 | INFO    | holoqpi.engine.trainer |   epoch 38 step 0/140 loss=0.7175
08:40:24 | INFO    | holoqpi.engine.trainer |   epoch 38 step 20/140 loss=0.7223
08:40:26 | INFO    | holoqpi.engine.trainer |   epoch 38 step 40/140 loss=0.6549
08:40:28 | INFO    | holoqpi.engine.trainer |   epoch 38 step 60/140 loss=0.6182
08:40:29 | INFO    | holoqpi.engine.trainer |   epoch 38 step 80/140 loss=0.6210
08:40:31 | INFO    | holoqpi.engine.trainer |   epoch 38 step 100/140 loss=0.7342
08:40:33 | INFO    | holoqpi.engine.trainer |   epoch 38 step 120/140 loss=0.5923
08:41:20 | INFO    | holoqpi.engine.trainer | epoch 38/60 (58s = 12s train + 45s val) | train_loss=0.7359  val_phase_mae=0.1849  val_dice=0.7589  val_cls_acc=0.7165  val_mass_mape=0.2242
08:41:20 | INFO    | holoqpi.engine.trainer |   epoch 39 step 0/140 loss=0.6827
08:41:22 | INFO    | holoqpi.engine.trainer |   epoch 39 step 20/140 loss=0.5546
08:41:24 | INFO    | holoqpi.engine.trainer |   epoch 39 step 40/140 loss=0.7525
08:41:26 | INFO    | holoqpi.engine.trainer |   epoch 39 step 60/140 loss=0.7226
08:41:27 | INFO    | holoqpi.engine.trainer |   epoch 39 step 80/140 loss=0.5047
08:41:29 | INFO    | holoqpi.engine.trainer |   epoch 39 step 100/140 loss=0.6137
08:41:31 | INFO    | holoqpi.engine.trainer |   epoch 39 step 120/140 loss=0.7405
08:42:18 | INFO    | holoqpi.engine.trainer | epoch 39/60 (58s = 13s train + 45s val) | train_loss=0.7306  val_phase_mae=0.1859  val_dice=0.7635  val_cls_acc=0.7244  val_mass_mape=0.2599
08:42:18 | INFO    | holoqpi.engine.trainer |   epoch 40 step 0/140 loss=1.0323
08:42:20 | INFO    | holoqpi.engine.trainer |   epoch 40 step 20/140 loss=0.6561
08:42:22 | INFO    | holoqpi.engine.trainer |   epoch 40 step 40/140 loss=1.4297
08:42:24 | INFO    | holoqpi.engine.trainer |   epoch 40 step 60/140 loss=0.5850
08:42:25 | INFO    | holoqpi.engine.trainer |   epoch 40 step 80/140 loss=0.9432
08:42:27 | INFO    | holoqpi.engine.trainer |   epoch 40 step 100/140 loss=0.8638
08:42:29 | INFO    | holoqpi.engine.trainer |   epoch 40 step 120/140 loss=0.5392
08:43:16 | INFO    | holoqpi.engine.trainer | epoch 40/60 (58s = 13s train + 45s val) | train_loss=0.7217  val_phase_mae=0.1848  val_dice=0.7633  val_cls_acc=0.7953  val_mass_mape=0.2510
08:43:16 | INFO    | holoqpi.engine.trainer |   epoch 41 step 0/140 loss=0.6976
08:43:18 | INFO    | holoqpi.engine.trainer |   epoch 41 step 20/140 loss=0.5000
08:43:20 | INFO    | holoqpi.engine.trainer |   epoch 41 step 40/140 loss=0.5955
08:43:22 | INFO    | holoqpi.engine.trainer |   epoch 41 step 60/140 loss=0.7349
08:43:23 | INFO    | holoqpi.engine.trainer |   epoch 41 step 80/140 loss=0.8980
08:43:25 | INFO    | holoqpi.engine.trainer |   epoch 41 step 100/140 loss=0.8674
08:43:27 | INFO    | holoqpi.engine.trainer |   epoch 41 step 120/140 loss=0.6123
08:44:14 | INFO    | holoqpi.engine.trainer | epoch 41/60 (58s = 13s train + 45s val) | train_loss=0.7236  val_phase_mae=0.1872  val_dice=0.7613  val_cls_acc=0.7402  val_mass_mape=0.2714
08:44:14 | INFO    | holoqpi.engine.trainer |   epoch 42 step 0/140 loss=0.6079
08:44:16 | INFO    | holoqpi.engine.trainer |   epoch 42 step 20/140 loss=0.5551
08:44:18 | INFO    | holoqpi.engine.trainer |   epoch 42 step 40/140 loss=0.5894
08:44:20 | INFO    | holoqpi.engine.trainer |   epoch 42 step 60/140 loss=0.9129
08:44:21 | INFO    | holoqpi.engine.trainer |   epoch 42 step 80/140 loss=1.5795
08:44:23 | INFO    | holoqpi.engine.trainer |   epoch 42 step 100/140 loss=0.9739
08:44:25 | INFO    | holoqpi.engine.trainer |   epoch 42 step 120/140 loss=0.6465
08:45:12 | INFO    | holoqpi.engine.trainer |   new best composite=0.7607
08:45:12 | INFO    | holoqpi.engine.trainer | epoch 42/60 (58s = 13s train + 45s val) | train_loss=0.7079  val_phase_mae=0.1820  val_dice=0.7671  val_cls_acc=0.7795  val_mass_mape=0.2255
08:45:13 | INFO    | holoqpi.engine.trainer |   epoch 43 step 0/140 loss=0.5188
08:45:14 | INFO    | holoqpi.engine.trainer |   epoch 43 step 20/140 loss=0.6555
08:45:16 | INFO    | holoqpi.engine.trainer |   epoch 43 step 40/140 loss=1.6038
08:45:18 | INFO    | holoqpi.engine.trainer |   epoch 43 step 60/140 loss=0.7271
08:45:20 | INFO    | holoqpi.engine.trainer |   epoch 43 step 80/140 loss=0.7646
08:45:22 | INFO    | holoqpi.engine.trainer |   epoch 43 step 100/140 loss=0.5187
08:45:23 | INFO    | holoqpi.engine.trainer |   epoch 43 step 120/140 loss=1.0144
08:46:10 | INFO    | holoqpi.engine.trainer | epoch 43/60 (58s = 13s train + 45s val) | train_loss=0.7215  val_phase_mae=0.1826  val_dice=0.7631  val_cls_acc=0.7559  val_mass_mape=0.2315
08:46:11 | INFO    | holoqpi.engine.trainer |   epoch 44 step 0/140 loss=0.5538
08:46:13 | INFO    | holoqpi.engine.trainer |   epoch 44 step 20/140 loss=0.5658
08:46:14 | INFO    | holoqpi.engine.trainer |   epoch 44 step 40/140 loss=0.6922
08:46:16 | INFO    | holoqpi.engine.trainer |   epoch 44 step 60/140 loss=0.4969
08:46:18 | INFO    | holoqpi.engine.trainer |   epoch 44 step 80/140 loss=0.9069
08:46:20 | INFO    | holoqpi.engine.trainer |   epoch 44 step 100/140 loss=0.7734
08:46:21 | INFO    | holoqpi.engine.trainer |   epoch 44 step 120/140 loss=0.5559
08:47:08 | INFO    | holoqpi.engine.trainer | epoch 44/60 (58s = 13s train + 46s val) | train_loss=0.7062  val_phase_mae=0.1816  val_dice=0.7666  val_cls_acc=0.7795  val_mass_mape=0.2300
08:47:09 | INFO    | holoqpi.engine.trainer |   epoch 45 step 0/140 loss=0.7028
08:47:11 | INFO    | holoqpi.engine.trainer |   epoch 45 step 20/140 loss=0.4709
08:47:13 | INFO    | holoqpi.engine.trainer |   epoch 45 step 40/140 loss=0.7391
08:47:14 | INFO    | holoqpi.engine.trainer |   epoch 45 step 60/140 loss=0.6740
08:47:16 | INFO    | holoqpi.engine.trainer |   epoch 45 step 80/140 loss=0.9508
08:47:18 | INFO    | holoqpi.engine.trainer |   epoch 45 step 100/140 loss=0.7485
08:47:20 | INFO    | holoqpi.engine.trainer |   epoch 45 step 120/140 loss=0.8427
08:48:06 | INFO    | holoqpi.engine.trainer | epoch 45/60 (58s = 13s train + 45s val) | train_loss=0.7098  val_phase_mae=0.1811  val_dice=0.7681  val_cls_acc=0.7717  val_mass_mape=0.2321
08:48:07 | INFO    | holoqpi.engine.trainer |   epoch 46 step 0/140 loss=0.5264
08:48:09 | INFO    | holoqpi.engine.trainer |   epoch 46 step 20/140 loss=0.9122
08:48:10 | INFO    | holoqpi.engine.trainer |   epoch 46 step 40/140 loss=0.5680
08:48:12 | INFO    | holoqpi.engine.trainer |   epoch 46 step 60/140 loss=0.6178
08:48:14 | INFO    | holoqpi.engine.trainer |   epoch 46 step 80/140 loss=0.5665
08:48:16 | INFO    | holoqpi.engine.trainer |   epoch 46 step 100/140 loss=1.3727
08:48:17 | INFO    | holoqpi.engine.trainer |   epoch 46 step 120/140 loss=0.4999
08:49:04 | INFO    | holoqpi.engine.trainer | epoch 46/60 (58s = 13s train + 45s val) | train_loss=0.6867  val_phase_mae=0.1821  val_dice=0.7658  val_cls_acc=0.7953  val_mass_mape=0.2292
08:49:05 | INFO    | holoqpi.engine.trainer |   epoch 47 step 0/140 loss=0.6232
08:49:07 | INFO    | holoqpi.engine.trainer |   epoch 47 step 20/140 loss=0.6439
08:49:08 | INFO    | holoqpi.engine.trainer |   epoch 47 step 40/140 loss=0.4837
08:49:10 | INFO    | holoqpi.engine.trainer |   epoch 47 step 60/140 loss=0.5668
08:49:12 | INFO    | holoqpi.engine.trainer |   epoch 47 step 80/140 loss=0.8030
08:49:13 | INFO    | holoqpi.engine.trainer |   epoch 47 step 100/140 loss=0.5887
08:49:15 | INFO    | holoqpi.engine.trainer |   epoch 47 step 120/140 loss=0.8588
08:50:02 | INFO    | holoqpi.engine.trainer | epoch 47/60 (58s = 12s train + 45s val) | train_loss=0.6933  val_phase_mae=0.1818  val_dice=0.7666  val_cls_acc=0.7717  val_mass_mape=0.2305
08:50:03 | INFO    | holoqpi.engine.trainer |   epoch 48 step 0/140 loss=0.5212
08:50:05 | INFO    | holoqpi.engine.trainer |   epoch 48 step 20/140 loss=0.8040
08:50:06 | INFO    | holoqpi.engine.trainer |   epoch 48 step 40/140 loss=0.6436
08:50:08 | INFO    | holoqpi.engine.trainer |   epoch 48 step 60/140 loss=0.6080
08:50:10 | INFO    | holoqpi.engine.trainer |   epoch 48 step 80/140 loss=0.6120
08:50:11 | INFO    | holoqpi.engine.trainer |   epoch 48 step 100/140 loss=0.6123
08:50:13 | INFO    | holoqpi.engine.trainer |   epoch 48 step 120/140 loss=0.5914
08:51:00 | INFO    | holoqpi.engine.trainer | epoch 48/60 (58s = 13s train + 45s val) | train_loss=0.6842  val_phase_mae=0.1812  val_dice=0.7653  val_cls_acc=0.7480  val_mass_mape=0.2285
08:51:01 | INFO    | holoqpi.engine.trainer |   epoch 49 step 0/140 loss=0.6625
08:51:02 | INFO    | holoqpi.engine.trainer |   epoch 49 step 20/140 loss=0.5621
08:51:04 | INFO    | holoqpi.engine.trainer |   epoch 49 step 40/140 loss=0.5428
08:51:06 | INFO    | holoqpi.engine.trainer |   epoch 49 step 60/140 loss=0.8071
08:51:08 | INFO    | holoqpi.engine.trainer |   epoch 49 step 80/140 loss=0.5189
08:51:10 | INFO    | holoqpi.engine.trainer |   epoch 49 step 100/140 loss=0.7092
08:51:11 | INFO    | holoqpi.engine.trainer |   epoch 49 step 120/140 loss=0.9514
08:51:58 | INFO    | holoqpi.engine.trainer | epoch 49/60 (58s = 13s train + 45s val) | train_loss=0.6882  val_phase_mae=0.1818  val_dice=0.7649  val_cls_acc=0.7953  val_mass_mape=0.2247
08:51:59 | INFO    | holoqpi.engine.trainer |   epoch 50 step 0/140 loss=0.8636
08:52:01 | INFO    | holoqpi.engine.trainer |   epoch 50 step 20/140 loss=0.7175
08:52:02 | INFO    | holoqpi.engine.trainer |   epoch 50 step 40/140 loss=0.5964
08:52:04 | INFO    | holoqpi.engine.trainer |   epoch 50 step 60/140 loss=0.6480
08:52:06 | INFO    | holoqpi.engine.trainer |   epoch 50 step 80/140 loss=0.5243
08:52:08 | INFO    | holoqpi.engine.trainer |   epoch 50 step 100/140 loss=1.0248
08:52:10 | INFO    | holoqpi.engine.trainer |   epoch 50 step 120/140 loss=0.6107
08:52:56 | INFO    | holoqpi.engine.trainer | epoch 50/60 (58s = 13s train + 45s val) | train_loss=0.6949  val_phase_mae=0.1802  val_dice=0.7694  val_cls_acc=0.7717  val_mass_mape=0.2362
08:52:57 | INFO    | holoqpi.engine.trainer |   epoch 51 step 0/140 loss=0.6205
08:52:59 | INFO    | holoqpi.engine.trainer |   epoch 51 step 20/140 loss=0.5673
08:53:00 | INFO    | holoqpi.engine.trainer |   epoch 51 step 40/140 loss=0.5859
08:53:02 | INFO    | holoqpi.engine.trainer |   epoch 51 step 60/140 loss=0.5353
08:53:04 | INFO    | holoqpi.engine.trainer |   epoch 51 step 80/140 loss=0.5780
08:53:06 | INFO    | holoqpi.engine.trainer |   epoch 51 step 100/140 loss=0.5524
08:53:08 | INFO    | holoqpi.engine.trainer |   epoch 51 step 120/140 loss=0.5084
08:53:55 | INFO    | holoqpi.engine.trainer |   new best composite=0.7614
08:53:55 | INFO    | holoqpi.engine.trainer | epoch 51/60 (58s = 13s train + 45s val) | train_loss=0.6765  val_phase_mae=0.1805  val_dice=0.7672  val_cls_acc=0.7795  val_mass_mape=0.2263
08:53:55 | INFO    | holoqpi.engine.trainer |   epoch 52 step 0/140 loss=0.6919
08:53:57 | INFO    | holoqpi.engine.trainer |   epoch 52 step 20/140 loss=0.5906
08:53:58 | INFO    | holoqpi.engine.trainer |   epoch 52 step 40/140 loss=0.6910
08:54:00 | INFO    | holoqpi.engine.trainer |   epoch 52 step 60/140 loss=0.9082
08:54:02 | INFO    | holoqpi.engine.trainer |   epoch 52 step 80/140 loss=0.4945
08:54:04 | INFO    | holoqpi.engine.trainer |   epoch 52 step 100/140 loss=0.5739
08:54:05 | INFO    | holoqpi.engine.trainer |   epoch 52 step 120/140 loss=0.4134
08:54:53 | INFO    | holoqpi.engine.trainer |   new best composite=0.7620
08:54:53 | INFO    | holoqpi.engine.trainer | epoch 52/60 (58s = 13s train + 46s val) | train_loss=0.6803  val_phase_mae=0.1797  val_dice=0.7707  val_cls_acc=0.8425  val_mass_mape=0.2301
08:54:54 | INFO    | holoqpi.engine.trainer |   epoch 53 step 0/140 loss=0.7510
08:54:55 | INFO    | holoqpi.engine.trainer |   epoch 53 step 20/140 loss=0.9046
08:54:57 | INFO    | holoqpi.engine.trainer |   epoch 53 step 40/140 loss=0.8263
08:54:59 | INFO    | holoqpi.engine.trainer |   epoch 53 step 60/140 loss=0.4567
08:55:01 | INFO    | holoqpi.engine.trainer |   epoch 53 step 80/140 loss=0.5436
08:55:02 | INFO    | holoqpi.engine.trainer |   epoch 53 step 100/140 loss=0.6564
08:55:04 | INFO    | holoqpi.engine.trainer |   epoch 53 step 120/140 loss=0.6044
08:55:51 | INFO    | holoqpi.engine.trainer | epoch 53/60 (58s = 13s train + 45s val) | train_loss=0.6756  val_phase_mae=0.1807  val_dice=0.7705  val_cls_acc=0.8031  val_mass_mape=0.2348
08:55:52 | INFO    | holoqpi.engine.trainer |   epoch 54 step 0/140 loss=0.5872
08:55:53 | INFO    | holoqpi.engine.trainer |   epoch 54 step 20/140 loss=1.0610
08:55:55 | INFO    | holoqpi.engine.trainer |   epoch 54 step 40/140 loss=0.8819
08:55:57 | INFO    | holoqpi.engine.trainer |   epoch 54 step 60/140 loss=0.9430
08:55:59 | INFO    | holoqpi.engine.trainer |   epoch 54 step 80/140 loss=0.4746
08:56:00 | INFO    | holoqpi.engine.trainer |   epoch 54 step 100/140 loss=0.8963
08:56:02 | INFO    | holoqpi.engine.trainer |   epoch 54 step 120/140 loss=0.4910
08:56:49 | INFO    | holoqpi.engine.trainer | epoch 54/60 (58s = 13s train + 46s val) | train_loss=0.6904  val_phase_mae=0.1809  val_dice=0.7690  val_cls_acc=0.7874  val_mass_mape=0.2317
08:56:50 | INFO    | holoqpi.engine.trainer |   epoch 55 step 0/140 loss=0.5895
08:56:52 | INFO    | holoqpi.engine.trainer |   epoch 55 step 20/140 loss=0.6044
08:56:53 | INFO    | holoqpi.engine.trainer |   epoch 55 step 40/140 loss=0.6040
08:56:55 | INFO    | holoqpi.engine.trainer |   epoch 55 step 60/140 loss=0.5802
08:56:57 | INFO    | holoqpi.engine.trainer |   epoch 55 step 80/140 loss=0.4666
08:56:59 | INFO    | holoqpi.engine.trainer |   epoch 55 step 100/140 loss=0.5054
08:57:00 | INFO    | holoqpi.engine.trainer |   epoch 55 step 120/140 loss=0.8396
08:57:47 | INFO    | holoqpi.engine.trainer | epoch 55/60 (58s = 12s train + 46s val) | train_loss=0.6748  val_phase_mae=0.1806  val_dice=0.7698  val_cls_acc=0.7638  val_mass_mape=0.2336
08:57:48 | INFO    | holoqpi.engine.trainer |   epoch 56 step 0/140 loss=0.5815
08:57:50 | INFO    | holoqpi.engine.trainer |   epoch 56 step 20/140 loss=0.7025
08:57:51 | INFO    | holoqpi.engine.trainer |   epoch 56 step 40/140 loss=0.5650
08:57:53 | INFO    | holoqpi.engine.trainer |   epoch 56 step 60/140 loss=0.5062
08:57:55 | INFO    | holoqpi.engine.trainer |   epoch 56 step 80/140 loss=0.9978
08:57:57 | INFO    | holoqpi.engine.trainer |   epoch 56 step 100/140 loss=0.6469
08:57:58 | INFO    | holoqpi.engine.trainer |   epoch 56 step 120/140 loss=0.9119
08:58:46 | INFO    | holoqpi.engine.trainer |   new best composite=0.7627
08:58:46 | INFO    | holoqpi.engine.trainer | epoch 56/60 (58s = 13s train + 46s val) | train_loss=0.6730  val_phase_mae=0.1798  val_dice=0.7694  val_cls_acc=0.8031  val_mass_mape=0.2260
08:58:47 | INFO    | holoqpi.engine.trainer |   epoch 57 step 0/140 loss=0.5503
08:58:48 | INFO    | holoqpi.engine.trainer |   epoch 57 step 20/140 loss=0.7911
08:58:50 | INFO    | holoqpi.engine.trainer |   epoch 57 step 40/140 loss=0.7568
08:58:52 | INFO    | holoqpi.engine.trainer |   epoch 57 step 60/140 loss=0.6073
08:58:54 | INFO    | holoqpi.engine.trainer |   epoch 57 step 80/140 loss=0.5649
08:58:56 | INFO    | holoqpi.engine.trainer |   epoch 57 step 100/140 loss=0.5626
08:58:57 | INFO    | holoqpi.engine.trainer |   epoch 57 step 120/140 loss=0.5385
08:59:45 | INFO    | holoqpi.engine.trainer | epoch 57/60 (59s = 13s train + 46s val) | train_loss=0.6636  val_phase_mae=0.1799  val_dice=0.7691  val_cls_acc=0.7795  val_mass_mape=0.2263
08:59:46 | INFO    | holoqpi.engine.trainer |   epoch 58 step 0/140 loss=0.7633
08:59:47 | INFO    | holoqpi.engine.trainer |   epoch 58 step 20/140 loss=0.6722
08:59:49 | INFO    | holoqpi.engine.trainer |   epoch 58 step 40/140 loss=0.6525
08:59:51 | INFO    | holoqpi.engine.trainer |   epoch 58 step 60/140 loss=0.6328
08:59:53 | INFO    | holoqpi.engine.trainer |   epoch 58 step 80/140 loss=0.8856
08:59:54 | INFO    | holoqpi.engine.trainer |   epoch 58 step 100/140 loss=0.5416
08:59:56 | INFO    | holoqpi.engine.trainer |   epoch 58 step 120/140 loss=0.7437
09:00:44 | INFO    | holoqpi.engine.trainer | epoch 58/60 (59s = 12s train + 46s val) | train_loss=0.6767  val_phase_mae=0.1803  val_dice=0.7690  val_cls_acc=0.8189  val_mass_mape=0.2312
09:00:44 | INFO    | holoqpi.engine.trainer |   epoch 59 step 0/140 loss=0.5621
09:00:46 | INFO    | holoqpi.engine.trainer |   epoch 59 step 20/140 loss=0.6873
09:00:48 | INFO    | holoqpi.engine.trainer |   epoch 59 step 40/140 loss=0.5165
09:00:49 | INFO    | holoqpi.engine.trainer |   epoch 59 step 60/140 loss=0.6088
09:00:51 | INFO    | holoqpi.engine.trainer |   epoch 59 step 80/140 loss=0.5390
09:00:53 | INFO    | holoqpi.engine.trainer |   epoch 59 step 100/140 loss=0.4692
09:00:54 | INFO    | holoqpi.engine.trainer |   epoch 59 step 120/140 loss=0.5169
09:01:42 | INFO    | holoqpi.engine.trainer |   new best composite=0.7632
09:01:42 | INFO    | holoqpi.engine.trainer | epoch 59/60 (58s = 12s train + 46s val) | train_loss=0.6611  val_phase_mae=0.1800  val_dice=0.7700  val_cls_acc=0.7638  val_mass_mape=0.2259
09:01:43 | INFO    | holoqpi.engine.trainer |   epoch 60 step 0/140 loss=0.4849
09:01:44 | INFO    | holoqpi.engine.trainer |   epoch 60 step 20/140 loss=1.1610
09:01:46 | INFO    | holoqpi.engine.trainer |   epoch 60 step 40/140 loss=1.6569
09:01:48 | INFO    | holoqpi.engine.trainer |   epoch 60 step 60/140 loss=0.5995
09:01:50 | INFO    | holoqpi.engine.trainer |   epoch 60 step 80/140 loss=0.5374
09:01:51 | INFO    | holoqpi.engine.trainer |   epoch 60 step 100/140 loss=0.6900
09:01:53 | INFO    | holoqpi.engine.trainer |   epoch 60 step 120/140 loss=0.5967
09:02:41 | INFO    | holoqpi.engine.trainer | epoch 60/60 (59s = 13s train + 46s val) | train_loss=0.6656  val_phase_mae=0.1806  val_dice=0.7694  val_cls_acc=0.7874  val_mass_mape=0.2353
09:02:41 | INFO    | holoqpi.engine.trainer | training finished; best epoch 59 (composite=0.7632)
09:02:41 | INFO    | holoqpi.engine.trainer | checkpoint best_model.pt: 446/446 tensors matched
09:03:22 | INFO    | holoqpi.engine.compare | modality=gabor test metrics written to runs/physics_coupling_only_gabor
09:03:23 | INFO    | holoqpi.engine.compare | comparison table written to runs/physics_coupling_only_modality_comparison.csv
