09:03:27 | INFO    | holoqpi.engine.compare | ======================================================================
09:03:27 | INFO    | holoqpi.engine.compare | modality=off_axis  device=cuda  run_dir=runs/no_measurement_off_axis
09:03:27 | INFO    | holoqpi.engine.compare | ======================================================================
09:03:27 | INFO    | holoqpi.data.dataset | train split: 560 samples | modality=off_axis | crop=512 | augment=True
09:03:27 | INFO    | holoqpi.data.dataset | val split: 127 samples | modality=off_axis | crop=None | augment=False
09:03:27 | INFO    | holoqpi.data.dataset | test split: 113 samples | modality=off_axis | crop=None | augment=False
09:03:28 | INFO    | holoqpi.models.encoders | encoder=mobilenet_v2 in_channels=1 pretrained=True stages=[16, 24, 32, 96, 1280]
09:03:28 | INFO    | holoqpi.models.holonet | HoloQPINet built: 9.76M parameters, 9.76M trainable (100.0%)
09:03:29 | INFO    | holoqpi.engine.trainer | trainable 9.76M / 9.76M parameters (100.0%)
09:03:29 | INFO    | holoqpi.engine.trainer | active physics terms: ['phase_mask_contrast', 'boundary_gradient_alignment', 'phase_volume']
09:03:35 | INFO    | holoqpi.engine.trainer |   epoch 1 step 0/140 loss=2.2810
09:03:36 | INFO    | holoqpi.engine.trainer |   epoch 1 step 20/140 loss=2.0898
09:03:38 | INFO    | holoqpi.engine.trainer |   epoch 1 step 40/140 loss=1.7909
09:03:40 | INFO    | holoqpi.engine.trainer |   epoch 1 step 60/140 loss=1.5030
09:03:42 | INFO    | holoqpi.engine.trainer |   epoch 1 step 80/140 loss=1.4858
09:03:44 | INFO    | holoqpi.engine.trainer |   epoch 1 step 100/140 loss=1.4100
09:03:46 | INFO    | holoqpi.engine.trainer |   epoch 1 step 120/140 loss=1.2994
09:04:39 | INFO    | holoqpi.engine.trainer |   new best composite=0.6258
09:04:39 | INFO    | holoqpi.engine.trainer | epoch 1/60 (70s = 18s train + 52s val) | train_loss=1.6297  val_phase_mae=0.2653  val_dice=0.6388  val_cls_acc=0.2835  val_mass_mape=0.3104
09:04:39 | INFO    | holoqpi.engine.trainer |   at this rate the full 60-epoch schedule takes about 70 min
09:04:40 | INFO    | holoqpi.engine.trainer |   epoch 2 step 0/140 loss=1.2322
09:04:42 | INFO    | holoqpi.engine.trainer |   epoch 2 step 20/140 loss=1.1854
09:04:44 | INFO    | holoqpi.engine.trainer |   epoch 2 step 40/140 loss=1.2636
09:04:45 | INFO    | holoqpi.engine.trainer |   epoch 2 step 60/140 loss=1.0355
09:04:47 | INFO    | holoqpi.engine.trainer |   epoch 2 step 80/140 loss=1.0592
09:04:49 | INFO    | holoqpi.engine.trainer |   epoch 2 step 100/140 loss=1.0104
09:04:51 | INFO    | holoqpi.engine.trainer |   epoch 2 step 120/140 loss=1.1510
09:05:42 | INFO    | holoqpi.engine.trainer |   new best composite=0.7233
09:05:42 | INFO    | holoqpi.engine.trainer | epoch 2/60 (62s = 13s train + 49s val) | train_loss=1.1146  val_phase_mae=0.2111  val_dice=0.7355  val_cls_acc=0.2520  val_mass_mape=0.2637
09:05:42 | INFO    | holoqpi.engine.trainer |   epoch 3 step 0/140 loss=0.9982
09:05:44 | INFO    | holoqpi.engine.trainer |   epoch 3 step 20/140 loss=0.8324
09:05:46 | INFO    | holoqpi.engine.trainer |   epoch 3 step 40/140 loss=0.9423
09:05:48 | INFO    | holoqpi.engine.trainer |   epoch 3 step 60/140 loss=0.9597
09:05:49 | INFO    | holoqpi.engine.trainer |   epoch 3 step 80/140 loss=0.9148
09:05:51 | INFO    | holoqpi.engine.trainer |   epoch 3 step 100/140 loss=0.9502
09:05:53 | INFO    | holoqpi.engine.trainer |   epoch 3 step 120/140 loss=0.8406
09:06:44 | INFO    | holoqpi.engine.trainer |   new best composite=0.7429
09:06:44 | INFO    | holoqpi.engine.trainer | epoch 3/60 (62s = 13s train + 49s val) | train_loss=0.9128  val_phase_mae=0.2000  val_dice=0.7652  val_cls_acc=0.3780  val_mass_mape=0.2743
09:06:44 | INFO    | holoqpi.engine.trainer |   epoch 4 step 0/140 loss=0.8661
09:06:46 | INFO    | holoqpi.engine.trainer |   epoch 4 step 20/140 loss=0.7984
09:06:48 | INFO    | holoqpi.engine.trainer |   epoch 4 step 40/140 loss=1.0186
09:06:50 | INFO    | holoqpi.engine.trainer |   epoch 4 step 60/140 loss=0.8949
09:06:52 | INFO    | holoqpi.engine.trainer |   epoch 4 step 80/140 loss=0.8676
09:06:53 | INFO    | holoqpi.engine.trainer |   epoch 4 step 100/140 loss=0.8489
09:06:55 | INFO    | holoqpi.engine.trainer |   epoch 4 step 120/140 loss=0.7871
09:07:45 | INFO    | holoqpi.engine.trainer |   new best composite=0.7668
09:07:45 | INFO    | holoqpi.engine.trainer | epoch 4/60 (61s = 13s train + 48s val) | train_loss=0.8632  val_phase_mae=0.1873  val_dice=0.7816  val_cls_acc=0.3622  val_mass_mape=0.2367
09:07:45 | INFO    | holoqpi.engine.trainer |   epoch 5 step 0/140 loss=0.8856
09:07:47 | INFO    | holoqpi.engine.trainer |   epoch 5 step 20/140 loss=0.8156
09:07:49 | INFO    | holoqpi.engine.trainer |   epoch 5 step 40/140 loss=0.8187
09:07:51 | INFO    | holoqpi.engine.trainer |   epoch 5 step 60/140 loss=0.7798
09:07:53 | INFO    | holoqpi.engine.trainer |   epoch 5 step 80/140 loss=0.8640
09:07:54 | INFO    | holoqpi.engine.trainer |   epoch 5 step 100/140 loss=0.8359
09:07:56 | INFO    | holoqpi.engine.trainer |   epoch 5 step 120/140 loss=0.7262
09:08:48 | INFO    | holoqpi.engine.trainer | epoch 5/60 (62s = 13s train + 50s val) | train_loss=0.8113  val_phase_mae=0.1892  val_dice=0.7774  val_cls_acc=0.2992  val_mass_mape=0.2303
09:08:48 | INFO    | holoqpi.engine.trainer |   epoch 6 step 0/140 loss=0.7845
09:08:50 | INFO    | holoqpi.engine.trainer |   epoch 6 step 20/140 loss=0.8650
09:08:52 | INFO    | holoqpi.engine.trainer |   epoch 6 step 40/140 loss=0.7730
09:08:53 | INFO    | holoqpi.engine.trainer |   epoch 6 step 60/140 loss=0.6286
09:08:55 | INFO    | holoqpi.engine.trainer |   epoch 6 step 80/140 loss=0.6552
09:08:57 | INFO    | holoqpi.engine.trainer |   epoch 6 step 100/140 loss=0.8553
09:08:59 | INFO    | holoqpi.engine.trainer |   epoch 6 step 120/140 loss=0.7124
09:09:50 | INFO    | holoqpi.engine.trainer |   new best composite=0.7673
09:09:50 | INFO    | holoqpi.engine.trainer | epoch 6/60 (62s = 13s train + 49s val) | train_loss=0.7832  val_phase_mae=0.1864  val_dice=0.7854  val_cls_acc=0.2677  val_mass_mape=0.2502
09:09:50 | INFO    | holoqpi.engine.trainer |   epoch 7 step 0/140 loss=0.7166
09:09:52 | INFO    | holoqpi.engine.trainer |   epoch 7 step 20/140 loss=0.7077
09:09:54 | INFO    | holoqpi.engine.trainer |   epoch 7 step 40/140 loss=0.7353
09:09:55 | INFO    | holoqpi.engine.trainer |   epoch 7 step 60/140 loss=0.6921
09:09:57 | INFO    | holoqpi.engine.trainer |   epoch 7 step 80/140 loss=0.7678
09:09:59 | INFO    | holoqpi.engine.trainer |   epoch 7 step 100/140 loss=0.7736
09:10:01 | INFO    | holoqpi.engine.trainer |   epoch 7 step 120/140 loss=0.9148
09:10:51 | INFO    | holoqpi.engine.trainer |   new best composite=0.7676
09:10:51 | INFO    | holoqpi.engine.trainer | epoch 7/60 (61s = 13s train + 49s val) | train_loss=0.7576  val_phase_mae=0.1875  val_dice=0.7886  val_cls_acc=0.4488  val_mass_mape=0.2521
09:10:52 | INFO    | holoqpi.engine.trainer |   epoch 8 step 0/140 loss=0.7457
09:10:53 | INFO    | holoqpi.engine.trainer |   epoch 8 step 20/140 loss=0.6781
09:10:55 | INFO    | holoqpi.engine.trainer |   epoch 8 step 40/140 loss=0.8517
09:10:57 | INFO    | holoqpi.engine.trainer |   epoch 8 step 60/140 loss=0.6738
09:10:59 | INFO    | holoqpi.engine.trainer |   epoch 8 step 80/140 loss=0.7121
09:11:00 | INFO    | holoqpi.engine.trainer |   epoch 8 step 100/140 loss=0.7921
09:11:02 | INFO    | holoqpi.engine.trainer |   epoch 8 step 120/140 loss=0.7960
09:11:53 | INFO    | holoqpi.engine.trainer |   new best composite=0.7775
09:11:53 | INFO    | holoqpi.engine.trainer | epoch 8/60 (61s = 13s train + 49s val) | train_loss=0.7426  val_phase_mae=0.1943  val_dice=0.7976  val_cls_acc=0.3622  val_mass_mape=0.2229
09:11:53 | INFO    | holoqpi.engine.trainer |   epoch 9 step 0/140 loss=0.7679
09:11:55 | INFO    | holoqpi.engine.trainer |   epoch 9 step 20/140 loss=0.5844
09:11:57 | INFO    | holoqpi.engine.trainer |   epoch 9 step 40/140 loss=0.6477
09:11:59 | INFO    | holoqpi.engine.trainer |   epoch 9 step 60/140 loss=0.8071
09:12:00 | INFO    | holoqpi.engine.trainer |   epoch 9 step 80/140 loss=0.8465
09:12:02 | INFO    | holoqpi.engine.trainer |   epoch 9 step 100/140 loss=0.7408
09:12:04 | INFO    | holoqpi.engine.trainer |   epoch 9 step 120/140 loss=0.8156
09:12:54 | INFO    | holoqpi.engine.trainer |   new best composite=0.7872
09:12:54 | INFO    | holoqpi.engine.trainer | epoch 9/60 (61s = 13s train + 48s val) | train_loss=0.7353  val_phase_mae=0.1774  val_dice=0.8057  val_cls_acc=0.4173  val_mass_mape=0.2273
09:12:55 | INFO    | holoqpi.engine.trainer |   epoch 10 step 0/140 loss=0.7328
09:12:57 | INFO    | holoqpi.engine.trainer |   epoch 10 step 20/140 loss=0.7511
09:12:58 | INFO    | holoqpi.engine.trainer |   epoch 10 step 40/140 loss=0.8299
09:13:00 | INFO    | holoqpi.engine.trainer |   epoch 10 step 60/140 loss=0.7605
09:13:02 | INFO    | holoqpi.engine.trainer |   epoch 10 step 80/140 loss=0.8364
09:13:04 | INFO    | holoqpi.engine.trainer |   epoch 10 step 100/140 loss=0.7615
09:13:06 | INFO    | holoqpi.engine.trainer |   epoch 10 step 120/140 loss=0.7780
09:13:56 | INFO    | holoqpi.engine.trainer | epoch 10/60 (61s = 13s train + 48s val) | train_loss=0.7304  val_phase_mae=0.1829  val_dice=0.8045  val_cls_acc=0.4567  val_mass_mape=0.2286
09:13:56 | INFO    | holoqpi.engine.trainer |   epoch 11 step 0/140 loss=0.7032
09:13:58 | INFO    | holoqpi.engine.trainer |   epoch 11 step 20/140 loss=0.7696
09:14:00 | INFO    | holoqpi.engine.trainer |   epoch 11 step 40/140 loss=0.9796
09:14:01 | INFO    | holoqpi.engine.trainer |   epoch 11 step 60/140 loss=0.6785
09:14:03 | INFO    | holoqpi.engine.trainer |   epoch 11 step 80/140 loss=0.6621
09:14:05 | INFO    | holoqpi.engine.trainer |   epoch 11 step 100/140 loss=0.6712
09:14:07 | INFO    | holoqpi.engine.trainer |   epoch 11 step 120/140 loss=0.7192
09:14:57 | INFO    | holoqpi.engine.trainer | epoch 11/60 (61s = 13s train + 48s val) | train_loss=0.7151  val_phase_mae=0.1823  val_dice=0.8032  val_cls_acc=0.2677  val_mass_mape=0.2248
09:14:57 | INFO    | holoqpi.engine.trainer |   epoch 12 step 0/140 loss=0.7263
09:14:59 | INFO    | holoqpi.engine.trainer |   epoch 12 step 20/140 loss=0.8671
09:15:01 | INFO    | holoqpi.engine.trainer |   epoch 12 step 40/140 loss=0.6906
09:15:03 | INFO    | holoqpi.engine.trainer |   epoch 12 step 60/140 loss=0.7479
09:15:04 | INFO    | holoqpi.engine.trainer |   epoch 12 step 80/140 loss=0.6356
09:15:06 | INFO    | holoqpi.engine.trainer |   epoch 12 step 100/140 loss=0.6129
09:15:08 | INFO    | holoqpi.engine.trainer |   epoch 12 step 120/140 loss=0.5790
09:15:59 | INFO    | holoqpi.engine.trainer |   new best composite=0.7917
09:15:59 | INFO    | holoqpi.engine.trainer | epoch 12/60 (62s = 13s train + 49s val) | train_loss=0.7021  val_phase_mae=0.1772  val_dice=0.8098  val_cls_acc=0.3071  val_mass_mape=0.2191
09:15:59 | INFO    | holoqpi.engine.trainer |   epoch 13 step 0/140 loss=0.6279
09:16:01 | INFO    | holoqpi.engine.trainer |   epoch 13 step 20/140 loss=0.7543
09:16:03 | INFO    | holoqpi.engine.trainer |   epoch 13 step 40/140 loss=0.7600
09:16:05 | INFO    | holoqpi.engine.trainer |   epoch 13 step 60/140 loss=0.7469
09:16:06 | INFO    | holoqpi.engine.trainer |   epoch 13 step 80/140 loss=0.6826
09:16:08 | INFO    | holoqpi.engine.trainer |   epoch 13 step 100/140 loss=0.6439
09:16:10 | INFO    | holoqpi.engine.trainer |   epoch 13 step 120/140 loss=0.7145
09:17:00 | INFO    | holoqpi.engine.trainer | epoch 13/60 (61s = 13s train + 49s val) | train_loss=0.7040  val_phase_mae=0.1837  val_dice=0.8065  val_cls_acc=0.5118  val_mass_mape=0.3167
09:17:01 | INFO    | holoqpi.engine.trainer |   epoch 14 step 0/140 loss=0.7083
09:17:03 | INFO    | holoqpi.engine.trainer |   epoch 14 step 20/140 loss=0.6086
09:17:04 | INFO    | holoqpi.engine.trainer |   epoch 14 step 40/140 loss=0.5746
09:17:06 | INFO    | holoqpi.engine.trainer |   epoch 14 step 60/140 loss=0.6297
09:17:08 | INFO    | holoqpi.engine.trainer |   epoch 14 step 80/140 loss=0.8265
09:17:10 | INFO    | holoqpi.engine.trainer |   epoch 14 step 100/140 loss=0.6261
09:17:11 | INFO    | holoqpi.engine.trainer |   epoch 14 step 120/140 loss=0.5602
09:18:01 | INFO    | holoqpi.engine.trainer | epoch 14/60 (60s = 13s train + 48s val) | train_loss=0.6860  val_phase_mae=0.1829  val_dice=0.8040  val_cls_acc=0.4409  val_mass_mape=0.2610
09:18:01 | INFO    | holoqpi.engine.trainer |   epoch 15 step 0/140 loss=0.7332
09:18:03 | INFO    | holoqpi.engine.trainer |   epoch 15 step 20/140 loss=0.6212
09:18:05 | INFO    | holoqpi.engine.trainer |   epoch 15 step 40/140 loss=0.6759
09:18:07 | INFO    | holoqpi.engine.trainer |   epoch 15 step 60/140 loss=0.6743
09:18:08 | INFO    | holoqpi.engine.trainer |   epoch 15 step 80/140 loss=0.7177
09:18:10 | INFO    | holoqpi.engine.trainer |   epoch 15 step 100/140 loss=0.5953
09:18:12 | INFO    | holoqpi.engine.trainer |   epoch 15 step 120/140 loss=0.7504
09:19:02 | INFO    | holoqpi.engine.trainer |   new best composite=0.7997
09:19:02 | INFO    | holoqpi.engine.trainer | epoch 15/60 (61s = 13s train + 48s val) | train_loss=0.6805  val_phase_mae=0.1767  val_dice=0.8129  val_cls_acc=0.5748  val_mass_mape=0.2074
09:19:02 | INFO    | holoqpi.engine.trainer |   epoch 16 step 0/140 loss=0.6096
09:19:04 | INFO    | holoqpi.engine.trainer |   epoch 16 step 20/140 loss=0.6861
09:19:06 | INFO    | holoqpi.engine.trainer |   epoch 16 step 40/140 loss=0.7436
09:19:08 | INFO    | holoqpi.engine.trainer |   epoch 16 step 60/140 loss=0.6833
09:19:09 | INFO    | holoqpi.engine.trainer |   epoch 16 step 80/140 loss=0.7003
09:19:11 | INFO    | holoqpi.engine.trainer |   epoch 16 step 100/140 loss=0.5828
09:19:13 | INFO    | holoqpi.engine.trainer |   epoch 16 step 120/140 loss=0.6409
09:20:03 | INFO    | holoqpi.engine.trainer | epoch 16/60 (61s = 13s train + 48s val) | train_loss=0.6718  val_phase_mae=0.1790  val_dice=0.8105  val_cls_acc=0.4173  val_mass_mape=0.2104
09:20:03 | INFO    | holoqpi.engine.trainer |   epoch 17 step 0/140 loss=0.9859
09:20:05 | INFO    | holoqpi.engine.trainer |   epoch 17 step 20/140 loss=0.8637
09:20:07 | INFO    | holoqpi.engine.trainer |   epoch 17 step 40/140 loss=0.6195
09:20:09 | INFO    | holoqpi.engine.trainer |   epoch 17 step 60/140 loss=0.6736
09:20:10 | INFO    | holoqpi.engine.trainer |   epoch 17 step 80/140 loss=0.6792
09:20:12 | INFO    | holoqpi.engine.trainer |   epoch 17 step 100/140 loss=0.5737
09:20:14 | INFO    | holoqpi.engine.trainer |   epoch 17 step 120/140 loss=0.4931
09:21:05 | INFO    | holoqpi.engine.trainer | epoch 17/60 (62s = 13s train + 49s val) | train_loss=0.6565  val_phase_mae=0.1764  val_dice=0.8076  val_cls_acc=0.4646  val_mass_mape=0.2225
09:21:05 | INFO    | holoqpi.engine.trainer |   epoch 18 step 0/140 loss=0.5656
09:21:07 | INFO    | holoqpi.engine.trainer |   epoch 18 step 20/140 loss=0.5451
09:21:09 | INFO    | holoqpi.engine.trainer |   epoch 18 step 40/140 loss=0.6567
09:21:10 | INFO    | holoqpi.engine.trainer |   epoch 18 step 60/140 loss=0.7894
09:21:12 | INFO    | holoqpi.engine.trainer |   epoch 18 step 80/140 loss=0.7133
09:21:14 | INFO    | holoqpi.engine.trainer |   epoch 18 step 100/140 loss=0.5289
09:21:16 | INFO    | holoqpi.engine.trainer |   epoch 18 step 120/140 loss=0.6042
09:22:07 | INFO    | holoqpi.engine.trainer | epoch 18/60 (62s = 13s train + 49s val) | train_loss=0.6511  val_phase_mae=0.1810  val_dice=0.8088  val_cls_acc=0.4488  val_mass_mape=0.2182
09:22:07 | INFO    | holoqpi.engine.trainer |   epoch 19 step 0/140 loss=0.5811
09:22:09 | INFO    | holoqpi.engine.trainer |   epoch 19 step 20/140 loss=0.5375
09:22:11 | INFO    | holoqpi.engine.trainer |   epoch 19 step 40/140 loss=0.7575
09:22:13 | INFO    | holoqpi.engine.trainer |   epoch 19 step 60/140 loss=0.7412
09:22:14 | INFO    | holoqpi.engine.trainer |   epoch 19 step 80/140 loss=0.7358
09:22:16 | INFO    | holoqpi.engine.trainer |   epoch 19 step 100/140 loss=0.6631
09:22:18 | INFO    | holoqpi.engine.trainer |   epoch 19 step 120/140 loss=0.6930
09:23:08 | INFO    | holoqpi.engine.trainer | epoch 19/60 (61s = 13s train + 48s val) | train_loss=0.6684  val_phase_mae=0.1757  val_dice=0.8063  val_cls_acc=0.5197  val_mass_mape=0.2217
09:23:08 | INFO    | holoqpi.engine.trainer |   epoch 20 step 0/140 loss=0.6409
09:23:10 | INFO    | holoqpi.engine.trainer |   epoch 20 step 20/140 loss=0.8313
09:23:12 | INFO    | holoqpi.engine.trainer |   epoch 20 step 40/140 loss=0.6199
09:23:14 | INFO    | holoqpi.engine.trainer |   epoch 20 step 60/140 loss=0.7849
09:23:15 | INFO    | holoqpi.engine.trainer |   epoch 20 step 80/140 loss=0.5337
09:23:17 | INFO    | holoqpi.engine.trainer |   epoch 20 step 100/140 loss=0.6053
09:23:19 | INFO    | holoqpi.engine.trainer |   epoch 20 step 120/140 loss=0.7444
09:24:09 | INFO    | holoqpi.engine.trainer | epoch 20/60 (61s = 13s train + 48s val) | train_loss=0.6364  val_phase_mae=0.1753  val_dice=0.8046  val_cls_acc=0.5669  val_mass_mape=0.2042
09:24:09 | INFO    | holoqpi.engine.trainer |   epoch 21 step 0/140 loss=0.6561
09:24:11 | INFO    | holoqpi.engine.trainer |   epoch 21 step 20/140 loss=0.6395
09:24:13 | INFO    | holoqpi.engine.trainer |   epoch 21 step 40/140 loss=1.2013
09:24:15 | INFO    | holoqpi.engine.trainer |   epoch 21 step 60/140 loss=0.6456
09:24:16 | INFO    | holoqpi.engine.trainer |   epoch 21 step 80/140 loss=0.7103
09:24:18 | INFO    | holoqpi.engine.trainer |   epoch 21 step 100/140 loss=0.5510
09:24:20 | INFO    | holoqpi.engine.trainer |   epoch 21 step 120/140 loss=0.6164
09:25:10 | INFO    | holoqpi.engine.trainer | epoch 21/60 (61s = 13s train + 48s val) | train_loss=0.6371  val_phase_mae=0.1717  val_dice=0.8149  val_cls_acc=0.5748  val_mass_mape=0.2163
09:25:10 | INFO    | holoqpi.engine.trainer |   epoch 22 step 0/140 loss=0.5428
09:25:12 | INFO    | holoqpi.engine.trainer |   epoch 22 step 20/140 loss=0.7378
09:25:14 | INFO    | holoqpi.engine.trainer |   epoch 22 step 40/140 loss=0.6628
09:25:16 | INFO    | holoqpi.engine.trainer |   epoch 22 step 60/140 loss=0.7211
09:25:18 | INFO    | holoqpi.engine.trainer |   epoch 22 step 80/140 loss=0.5478
09:25:19 | INFO    | holoqpi.engine.trainer |   epoch 22 step 100/140 loss=0.5907
09:25:21 | INFO    | holoqpi.engine.trainer |   epoch 22 step 120/140 loss=0.5711
09:26:11 | INFO    | holoqpi.engine.trainer | epoch 22/60 (61s = 13s train + 48s val) | train_loss=0.6414  val_phase_mae=0.1780  val_dice=0.8131  val_cls_acc=0.4646  val_mass_mape=0.2247
09:26:11 | INFO    | holoqpi.engine.trainer |   epoch 23 step 0/140 loss=0.5312
09:26:13 | INFO    | holoqpi.engine.trainer |   epoch 23 step 20/140 loss=0.5873
09:26:15 | INFO    | holoqpi.engine.trainer |   epoch 23 step 40/140 loss=0.6763
09:26:17 | INFO    | holoqpi.engine.trainer |   epoch 23 step 60/140 loss=0.6501
09:26:19 | INFO    | holoqpi.engine.trainer |   epoch 23 step 80/140 loss=0.5995
09:26:20 | INFO    | holoqpi.engine.trainer |   epoch 23 step 100/140 loss=0.7299
09:26:22 | INFO    | holoqpi.engine.trainer |   epoch 23 step 120/140 loss=0.6502
09:27:12 | INFO    | holoqpi.engine.trainer | epoch 23/60 (61s = 13s train + 48s val) | train_loss=0.6242  val_phase_mae=0.1774  val_dice=0.8162  val_cls_acc=0.5512  val_mass_mape=0.2857
09:27:12 | INFO    | holoqpi.engine.trainer |   epoch 24 step 0/140 loss=0.5684
09:27:14 | INFO    | holoqpi.engine.trainer |   epoch 24 step 20/140 loss=0.6889
09:27:16 | INFO    | holoqpi.engine.trainer |   epoch 24 step 40/140 loss=0.5602
09:27:17 | INFO    | holoqpi.engine.trainer |   epoch 24 step 60/140 loss=0.6491
09:27:19 | INFO    | holoqpi.engine.trainer |   epoch 24 step 80/140 loss=0.5635
09:27:21 | INFO    | holoqpi.engine.trainer |   epoch 24 step 100/140 loss=0.9521
09:27:23 | INFO    | holoqpi.engine.trainer |   epoch 24 step 120/140 loss=0.8822
09:28:12 | INFO    | holoqpi.engine.trainer | epoch 24/60 (61s = 13s train + 48s val) | train_loss=0.6337  val_phase_mae=0.1700  val_dice=0.8091  val_cls_acc=0.5276  val_mass_mape=0.2133
09:28:13 | INFO    | holoqpi.engine.trainer |   epoch 25 step 0/140 loss=0.7059
09:28:15 | INFO    | holoqpi.engine.trainer |   epoch 25 step 20/140 loss=0.6779
09:28:16 | INFO    | holoqpi.engine.trainer |   epoch 25 step 40/140 loss=0.5418
09:28:18 | INFO    | holoqpi.engine.trainer |   epoch 25 step 60/140 loss=0.5380
09:28:20 | INFO    | holoqpi.engine.trainer |   epoch 25 step 80/140 loss=0.6922
09:28:22 | INFO    | holoqpi.engine.trainer |   epoch 25 step 100/140 loss=0.6720
09:28:24 | INFO    | holoqpi.engine.trainer |   epoch 25 step 120/140 loss=0.6434
09:29:13 | INFO    | holoqpi.engine.trainer | epoch 25/60 (61s = 13s train + 48s val) | train_loss=0.6238  val_phase_mae=0.1770  val_dice=0.8149  val_cls_acc=0.4803  val_mass_mape=0.2066
09:29:14 | INFO    | holoqpi.engine.trainer |   epoch 26 step 0/140 loss=0.5955
09:29:16 | INFO    | holoqpi.engine.trainer |   epoch 26 step 20/140 loss=0.7314
09:29:18 | INFO    | holoqpi.engine.trainer |   epoch 26 step 40/140 loss=0.6028
09:29:19 | INFO    | holoqpi.engine.trainer |   epoch 26 step 60/140 loss=0.8431
09:29:21 | INFO    | holoqpi.engine.trainer |   epoch 26 step 80/140 loss=0.4660
09:29:23 | INFO    | holoqpi.engine.trainer |   epoch 26 step 100/140 loss=0.6012
09:29:25 | INFO    | holoqpi.engine.trainer |   epoch 26 step 120/140 loss=0.4569
09:30:14 | INFO    | holoqpi.engine.trainer |   new best composite=0.8013
09:30:14 | INFO    | holoqpi.engine.trainer | epoch 26/60 (61s = 13s train + 48s val) | train_loss=0.6130  val_phase_mae=0.1691  val_dice=0.8177  val_cls_acc=0.4882  val_mass_mape=0.2144
09:30:15 | INFO    | holoqpi.engine.trainer |   epoch 27 step 0/140 loss=0.7985
09:30:17 | INFO    | holoqpi.engine.trainer |   epoch 27 step 20/140 loss=0.5262
09:30:19 | INFO    | holoqpi.engine.trainer |   epoch 27 step 40/140 loss=0.8342
09:30:21 | INFO    | holoqpi.engine.trainer |   epoch 27 step 60/140 loss=0.5826
09:30:22 | INFO    | holoqpi.engine.trainer |   epoch 27 step 80/140 loss=0.6503
09:30:24 | INFO    | holoqpi.engine.trainer |   epoch 27 step 100/140 loss=0.6988
09:30:26 | INFO    | holoqpi.engine.trainer |   epoch 27 step 120/140 loss=0.5348
09:31:15 | INFO    | holoqpi.engine.trainer | epoch 27/60 (61s = 13s train + 48s val) | train_loss=0.6186  val_phase_mae=0.1743  val_dice=0.8143  val_cls_acc=0.6378  val_mass_mape=0.2278
09:31:16 | INFO    | holoqpi.engine.trainer |   epoch 28 step 0/140 loss=0.5436
09:31:18 | INFO    | holoqpi.engine.trainer |   epoch 28 step 20/140 loss=0.4828
09:31:20 | INFO    | holoqpi.engine.trainer |   epoch 28 step 40/140 loss=0.6509
09:31:21 | INFO    | holoqpi.engine.trainer |   epoch 28 step 60/140 loss=0.6645
09:31:23 | INFO    | holoqpi.engine.trainer |   epoch 28 step 80/140 loss=0.5552
09:31:25 | INFO    | holoqpi.engine.trainer |   epoch 28 step 100/140 loss=0.8330
09:31:27 | INFO    | holoqpi.engine.trainer |   epoch 28 step 120/140 loss=0.5140
09:32:16 | INFO    | holoqpi.engine.trainer |   new best composite=0.8051
09:32:16 | INFO    | holoqpi.engine.trainer | epoch 28/60 (61s = 13s train + 48s val) | train_loss=0.6021  val_phase_mae=0.1695  val_dice=0.8159  val_cls_acc=0.6457  val_mass_mape=0.1915
09:32:17 | INFO    | holoqpi.engine.trainer |   epoch 29 step 0/140 loss=0.5739
09:32:19 | INFO    | holoqpi.engine.trainer |   epoch 29 step 20/140 loss=0.4576
09:32:20 | INFO    | holoqpi.engine.trainer |   epoch 29 step 40/140 loss=0.4459
09:32:22 | INFO    | holoqpi.engine.trainer |   epoch 29 step 60/140 loss=0.5351
09:32:24 | INFO    | holoqpi.engine.trainer |   epoch 29 step 80/140 loss=0.5285
09:32:26 | INFO    | holoqpi.engine.trainer |   epoch 29 step 100/140 loss=0.5288
09:32:28 | INFO    | holoqpi.engine.trainer |   epoch 29 step 120/140 loss=0.6082
09:33:17 | INFO    | holoqpi.engine.trainer | epoch 29/60 (61s = 13s train + 48s val) | train_loss=0.5910  val_phase_mae=0.1720  val_dice=0.8193  val_cls_acc=0.5984  val_mass_mape=0.2244
09:33:17 | INFO    | holoqpi.engine.trainer |   epoch 30 step 0/140 loss=0.6077
09:33:19 | INFO    | holoqpi.engine.trainer |   epoch 30 step 20/140 loss=0.5628
09:33:21 | INFO    | holoqpi.engine.trainer |   epoch 30 step 40/140 loss=0.7589
09:33:23 | INFO    | holoqpi.engine.trainer |   epoch 30 step 60/140 loss=0.7816
09:33:24 | INFO    | holoqpi.engine.trainer |   epoch 30 step 80/140 loss=0.6196
09:33:26 | INFO    | holoqpi.engine.trainer |   epoch 30 step 100/140 loss=0.7058
09:33:28 | INFO    | holoqpi.engine.trainer |   epoch 30 step 120/140 loss=0.5128
09:34:18 | INFO    | holoqpi.engine.trainer | epoch 30/60 (61s = 13s train + 48s val) | train_loss=0.6039  val_phase_mae=0.1780  val_dice=0.8214  val_cls_acc=0.6614  val_mass_mape=0.2461
09:34:18 | INFO    | holoqpi.engine.trainer |   epoch 31 step 0/140 loss=0.6261
09:34:20 | INFO    | holoqpi.engine.trainer |   epoch 31 step 20/140 loss=0.5825
09:34:22 | INFO    | holoqpi.engine.trainer |   epoch 31 step 40/140 loss=0.7457
09:34:24 | INFO    | holoqpi.engine.trainer |   epoch 31 step 60/140 loss=0.5149
09:34:26 | INFO    | holoqpi.engine.trainer |   epoch 31 step 80/140 loss=0.7681
09:34:28 | INFO    | holoqpi.engine.trainer |   epoch 31 step 100/140 loss=0.7288
09:34:30 | INFO    | holoqpi.engine.trainer |   epoch 31 step 120/140 loss=0.5100
09:35:19 | INFO    | holoqpi.engine.trainer | epoch 31/60 (61s = 13s train + 48s val) | train_loss=0.5995  val_phase_mae=0.1720  val_dice=0.8172  val_cls_acc=0.6063  val_mass_mape=0.2036
09:35:19 | INFO    | holoqpi.engine.trainer |   epoch 32 step 0/140 loss=0.5501
09:35:21 | INFO    | holoqpi.engine.trainer |   epoch 32 step 20/140 loss=0.6025
09:35:23 | INFO    | holoqpi.engine.trainer |   epoch 32 step 40/140 loss=0.7398
09:35:25 | INFO    | holoqpi.engine.trainer |   epoch 32 step 60/140 loss=0.7508
09:35:27 | INFO    | holoqpi.engine.trainer |   epoch 32 step 80/140 loss=0.4912
09:35:28 | INFO    | holoqpi.engine.trainer |   epoch 32 step 100/140 loss=0.5016
09:35:30 | INFO    | holoqpi.engine.trainer |   epoch 32 step 120/140 loss=0.6526
09:36:20 | INFO    | holoqpi.engine.trainer | epoch 32/60 (61s = 13s train + 48s val) | train_loss=0.5816  val_phase_mae=0.1781  val_dice=0.8201  val_cls_acc=0.6063  val_mass_mape=0.2164
09:36:20 | INFO    | holoqpi.engine.trainer |   epoch 33 step 0/140 loss=0.5208
09:36:22 | INFO    | holoqpi.engine.trainer |   epoch 33 step 20/140 loss=0.4836
09:36:24 | INFO    | holoqpi.engine.trainer |   epoch 33 step 40/140 loss=0.6257
09:36:25 | INFO    | holoqpi.engine.trainer |   epoch 33 step 60/140 loss=0.6421
09:36:27 | INFO    | holoqpi.engine.trainer |   epoch 33 step 80/140 loss=0.6520
09:36:29 | INFO    | holoqpi.engine.trainer |   epoch 33 step 100/140 loss=0.5360
09:36:31 | INFO    | holoqpi.engine.trainer |   epoch 33 step 120/140 loss=0.5093
09:37:21 | INFO    | holoqpi.engine.trainer |   new best composite=0.8056
09:37:21 | INFO    | holoqpi.engine.trainer | epoch 33/60 (61s = 13s train + 48s val) | train_loss=0.5755  val_phase_mae=0.1686  val_dice=0.8212  val_cls_acc=0.6378  val_mass_mape=0.2060
09:37:22 | INFO    | holoqpi.engine.trainer |   epoch 34 step 0/140 loss=0.5243
09:37:23 | INFO    | holoqpi.engine.trainer |   epoch 34 step 20/140 loss=0.5882
09:37:25 | INFO    | holoqpi.engine.trainer |   epoch 34 step 40/140 loss=0.5157
09:37:27 | INFO    | holoqpi.engine.trainer |   epoch 34 step 60/140 loss=0.5050
09:37:29 | INFO    | holoqpi.engine.trainer |   epoch 34 step 80/140 loss=0.6677
09:37:31 | INFO    | holoqpi.engine.trainer |   epoch 34 step 100/140 loss=0.4850
09:37:33 | INFO    | holoqpi.engine.trainer |   epoch 34 step 120/140 loss=0.5984
09:38:22 | INFO    | holoqpi.engine.trainer | epoch 34/60 (61s = 13s train + 48s val) | train_loss=0.5661  val_phase_mae=0.1670  val_dice=0.8199  val_cls_acc=0.6220  val_mass_mape=0.2043
09:38:23 | INFO    | holoqpi.engine.trainer |   epoch 35 step 0/140 loss=0.4404
09:38:25 | INFO    | holoqpi.engine.trainer |   epoch 35 step 20/140 loss=0.5513
09:38:26 | INFO    | holoqpi.engine.trainer |   epoch 35 step 40/140 loss=0.9024
09:38:28 | INFO    | holoqpi.engine.trainer |   epoch 35 step 60/140 loss=0.8385
09:38:30 | INFO    | holoqpi.engine.trainer |   epoch 35 step 80/140 loss=0.5650
09:38:32 | INFO    | holoqpi.engine.trainer |   epoch 35 step 100/140 loss=0.5392
09:38:34 | INFO    | holoqpi.engine.trainer |   epoch 35 step 120/140 loss=0.6678
09:39:24 | INFO    | holoqpi.engine.trainer |   new best composite=0.8087
09:39:24 | INFO    | holoqpi.engine.trainer | epoch 35/60 (61s = 13s train + 48s val) | train_loss=0.5691  val_phase_mae=0.1701  val_dice=0.8225  val_cls_acc=0.5591  val_mass_mape=0.1977
09:39:24 | INFO    | holoqpi.engine.trainer |   epoch 36 step 0/140 loss=0.5265
09:39:26 | INFO    | holoqpi.engine.trainer |   epoch 36 step 20/140 loss=0.7344
09:39:28 | INFO    | holoqpi.engine.trainer |   epoch 36 step 40/140 loss=0.5105
09:39:30 | INFO    | holoqpi.engine.trainer |   epoch 36 step 60/140 loss=0.5614
09:39:31 | INFO    | holoqpi.engine.trainer |   epoch 36 step 80/140 loss=0.4236
09:39:33 | INFO    | holoqpi.engine.trainer |   epoch 36 step 100/140 loss=0.3929
09:39:35 | INFO    | holoqpi.engine.trainer |   epoch 36 step 120/140 loss=0.6368
09:40:24 | INFO    | holoqpi.engine.trainer | epoch 36/60 (61s = 13s train + 48s val) | train_loss=0.5706  val_phase_mae=0.1711  val_dice=0.8200  val_cls_acc=0.6063  val_mass_mape=0.2038
09:40:25 | INFO    | holoqpi.engine.trainer |   epoch 37 step 0/140 loss=0.5228
09:40:27 | INFO    | holoqpi.engine.trainer |   epoch 37 step 20/140 loss=0.5807
09:40:28 | INFO    | holoqpi.engine.trainer |   epoch 37 step 40/140 loss=0.4745
09:40:30 | INFO    | holoqpi.engine.trainer |   epoch 37 step 60/140 loss=0.6362
09:40:32 | INFO    | holoqpi.engine.trainer |   epoch 37 step 80/140 loss=0.6837
09:40:34 | INFO    | holoqpi.engine.trainer |   epoch 37 step 100/140 loss=0.4994
09:40:36 | INFO    | holoqpi.engine.trainer |   epoch 37 step 120/140 loss=0.5324
09:41:26 | INFO    | holoqpi.engine.trainer | epoch 37/60 (61s = 13s train + 48s val) | train_loss=0.5585  val_phase_mae=0.1676  val_dice=0.8187  val_cls_acc=0.6929  val_mass_mape=0.1916
09:41:26 | INFO    | holoqpi.engine.trainer |   epoch 38 step 0/140 loss=0.5688
09:41:28 | INFO    | holoqpi.engine.trainer |   epoch 38 step 20/140 loss=0.6308
09:41:30 | INFO    | holoqpi.engine.trainer |   epoch 38 step 40/140 loss=0.5085
09:41:32 | INFO    | holoqpi.engine.trainer |   epoch 38 step 60/140 loss=0.4787
09:41:33 | INFO    | holoqpi.engine.trainer |   epoch 38 step 80/140 loss=0.4737
09:41:35 | INFO    | holoqpi.engine.trainer |   epoch 38 step 100/140 loss=0.7113
09:41:37 | INFO    | holoqpi.engine.trainer |   epoch 38 step 120/140 loss=0.4677
09:42:27 | INFO    | holoqpi.engine.trainer | epoch 38/60 (61s = 13s train + 48s val) | train_loss=0.5617  val_phase_mae=0.1742  val_dice=0.8186  val_cls_acc=0.6772  val_mass_mape=0.2082
09:42:27 | INFO    | holoqpi.engine.trainer |   epoch 39 step 0/140 loss=0.6063
09:42:29 | INFO    | holoqpi.engine.trainer |   epoch 39 step 20/140 loss=0.4822
09:42:31 | INFO    | holoqpi.engine.trainer |   epoch 39 step 40/140 loss=0.5141
09:42:33 | INFO    | holoqpi.engine.trainer |   epoch 39 step 60/140 loss=0.5538
09:42:34 | INFO    | holoqpi.engine.trainer |   epoch 39 step 80/140 loss=0.5052
09:42:36 | INFO    | holoqpi.engine.trainer |   epoch 39 step 100/140 loss=0.6711
09:42:38 | INFO    | holoqpi.engine.trainer |   epoch 39 step 120/140 loss=0.5332
09:43:30 | INFO    | holoqpi.engine.trainer | epoch 39/60 (63s = 13s train + 50s val) | train_loss=0.5536  val_phase_mae=0.1686  val_dice=0.8209  val_cls_acc=0.6929  val_mass_mape=0.2080
09:43:30 | INFO    | holoqpi.engine.trainer |   epoch 40 step 0/140 loss=0.6651
09:43:32 | INFO    | holoqpi.engine.trainer |   epoch 40 step 20/140 loss=0.4692
09:43:34 | INFO    | holoqpi.engine.trainer |   epoch 40 step 40/140 loss=0.4667
09:43:36 | INFO    | holoqpi.engine.trainer |   epoch 40 step 60/140 loss=0.5409
09:43:38 | INFO    | holoqpi.engine.trainer |   epoch 40 step 80/140 loss=0.4705
09:43:40 | INFO    | holoqpi.engine.trainer |   epoch 40 step 100/140 loss=0.6157
09:43:41 | INFO    | holoqpi.engine.trainer |   epoch 40 step 120/140 loss=0.4735
09:44:31 | INFO    | holoqpi.engine.trainer | epoch 40/60 (62s = 13s train + 48s val) | train_loss=0.5450  val_phase_mae=0.1659  val_dice=0.8215  val_cls_acc=0.7008  val_mass_mape=0.1997
09:44:32 | INFO    | holoqpi.engine.trainer |   epoch 41 step 0/140 loss=0.5293
09:44:34 | INFO    | holoqpi.engine.trainer |   epoch 41 step 20/140 loss=0.3739
09:44:35 | INFO    | holoqpi.engine.trainer |   epoch 41 step 40/140 loss=0.5026
09:44:37 | INFO    | holoqpi.engine.trainer |   epoch 41 step 60/140 loss=0.6664
09:44:39 | INFO    | holoqpi.engine.trainer |   epoch 41 step 80/140 loss=0.4729
09:44:41 | INFO    | holoqpi.engine.trainer |   epoch 41 step 100/140 loss=0.4276
09:44:43 | INFO    | holoqpi.engine.trainer |   epoch 41 step 120/140 loss=0.4763
09:45:33 | INFO    | holoqpi.engine.trainer |   new best composite=0.8108
09:45:33 | INFO    | holoqpi.engine.trainer | epoch 41/60 (61s = 13s train + 48s val) | train_loss=0.5460  val_phase_mae=0.1688  val_dice=0.8219  val_cls_acc=0.7087  val_mass_mape=0.1892
09:45:33 | INFO    | holoqpi.engine.trainer |   epoch 42 step 0/140 loss=0.5304
09:45:35 | INFO    | holoqpi.engine.trainer |   epoch 42 step 20/140 loss=0.5854
09:45:37 | INFO    | holoqpi.engine.trainer |   epoch 42 step 40/140 loss=0.5638
09:45:38 | INFO    | holoqpi.engine.trainer |   epoch 42 step 60/140 loss=0.5746
09:45:40 | INFO    | holoqpi.engine.trainer |   epoch 42 step 80/140 loss=0.5721
09:45:42 | INFO    | holoqpi.engine.trainer |   epoch 42 step 100/140 loss=0.5687
09:45:44 | INFO    | holoqpi.engine.trainer |   epoch 42 step 120/140 loss=0.5822
09:46:33 | INFO    | holoqpi.engine.trainer | epoch 42/60 (61s = 13s train + 48s val) | train_loss=0.5329  val_phase_mae=0.1687  val_dice=0.8226  val_cls_acc=0.6299  val_mass_mape=0.2008
09:46:34 | INFO    | holoqpi.engine.trainer |   epoch 43 step 0/140 loss=0.6016
09:46:35 | INFO    | holoqpi.engine.trainer |   epoch 43 step 20/140 loss=0.6338
09:46:37 | INFO    | holoqpi.engine.trainer |   epoch 43 step 40/140 loss=0.5800
09:46:39 | INFO    | holoqpi.engine.trainer |   epoch 43 step 60/140 loss=0.4554
09:46:41 | INFO    | holoqpi.engine.trainer |   epoch 43 step 80/140 loss=0.5344
09:46:43 | INFO    | holoqpi.engine.trainer |   epoch 43 step 100/140 loss=0.4794
09:46:44 | INFO    | holoqpi.engine.trainer |   epoch 43 step 120/140 loss=0.4451
09:47:34 | INFO    | holoqpi.engine.trainer | epoch 43/60 (61s = 13s train + 48s val) | train_loss=0.5379  val_phase_mae=0.1697  val_dice=0.8232  val_cls_acc=0.7717  val_mass_mape=0.1952
09:47:34 | INFO    | holoqpi.engine.trainer |   epoch 44 step 0/140 loss=0.5191
09:47:36 | INFO    | holoqpi.engine.trainer |   epoch 44 step 20/140 loss=0.4655
09:47:38 | INFO    | holoqpi.engine.trainer |   epoch 44 step 40/140 loss=0.6911
09:47:40 | INFO    | holoqpi.engine.trainer |   epoch 44 step 60/140 loss=0.4113
09:47:42 | INFO    | holoqpi.engine.trainer |   epoch 44 step 80/140 loss=0.5270
09:47:43 | INFO    | holoqpi.engine.trainer |   epoch 44 step 100/140 loss=0.5821
09:47:45 | INFO    | holoqpi.engine.trainer |   epoch 44 step 120/140 loss=0.5215
09:48:35 | INFO    | holoqpi.engine.trainer | epoch 44/60 (61s = 13s train + 48s val) | train_loss=0.5275  val_phase_mae=0.1713  val_dice=0.8234  val_cls_acc=0.7559  val_mass_mape=0.1984
09:48:36 | INFO    | holoqpi.engine.trainer |   epoch 45 step 0/140 loss=0.4825
09:48:37 | INFO    | holoqpi.engine.trainer |   epoch 45 step 20/140 loss=0.3947
09:48:39 | INFO    | holoqpi.engine.trainer |   epoch 45 step 40/140 loss=0.6786
09:48:41 | INFO    | holoqpi.engine.trainer |   epoch 45 step 60/140 loss=0.4855
09:48:43 | INFO    | holoqpi.engine.trainer |   epoch 45 step 80/140 loss=0.6692
09:48:44 | INFO    | holoqpi.engine.trainer |   epoch 45 step 100/140 loss=0.6462
09:48:46 | INFO    | holoqpi.engine.trainer |   epoch 45 step 120/140 loss=0.5045
09:49:36 | INFO    | holoqpi.engine.trainer | epoch 45/60 (61s = 13s train + 49s val) | train_loss=0.5305  val_phase_mae=0.1702  val_dice=0.8211  val_cls_acc=0.6457  val_mass_mape=0.1980
09:49:37 | INFO    | holoqpi.engine.trainer |   epoch 46 step 0/140 loss=0.4615
09:49:39 | INFO    | holoqpi.engine.trainer |   epoch 46 step 20/140 loss=0.3931
09:49:41 | INFO    | holoqpi.engine.trainer |   epoch 46 step 40/140 loss=0.6083
09:49:42 | INFO    | holoqpi.engine.trainer |   epoch 46 step 60/140 loss=0.4145
09:49:44 | INFO    | holoqpi.engine.trainer |   epoch 46 step 80/140 loss=0.4871
09:49:46 | INFO    | holoqpi.engine.trainer |   epoch 46 step 100/140 loss=0.4578
09:49:48 | INFO    | holoqpi.engine.trainer |   epoch 46 step 120/140 loss=0.6592
09:50:37 | INFO    | holoqpi.engine.trainer | epoch 46/60 (61s = 13s train + 48s val) | train_loss=0.5185  val_phase_mae=0.1737  val_dice=0.8215  val_cls_acc=0.7165  val_mass_mape=0.1985
09:50:38 | INFO    | holoqpi.engine.trainer |   epoch 47 step 0/140 loss=0.4773
09:50:39 | INFO    | holoqpi.engine.trainer |   epoch 47 step 20/140 loss=0.5286
09:50:41 | INFO    | holoqpi.engine.trainer |   epoch 47 step 40/140 loss=0.5144
09:50:43 | INFO    | holoqpi.engine.trainer |   epoch 47 step 60/140 loss=0.5636
09:50:45 | INFO    | holoqpi.engine.trainer |   epoch 47 step 80/140 loss=0.5610
09:50:47 | INFO    | holoqpi.engine.trainer |   epoch 47 step 100/140 loss=0.4941
09:50:48 | INFO    | holoqpi.engine.trainer |   epoch 47 step 120/140 loss=0.3826
09:51:38 | INFO    | holoqpi.engine.trainer | epoch 47/60 (61s = 13s train + 48s val) | train_loss=0.5143  val_phase_mae=0.1725  val_dice=0.8232  val_cls_acc=0.6614  val_mass_mape=0.1968
09:51:39 | INFO    | holoqpi.engine.trainer |   epoch 48 step 0/140 loss=0.4133
09:51:40 | INFO    | holoqpi.engine.trainer |   epoch 48 step 20/140 loss=0.4825
09:51:42 | INFO    | holoqpi.engine.trainer |   epoch 48 step 40/140 loss=0.5719
09:51:44 | INFO    | holoqpi.engine.trainer |   epoch 48 step 60/140 loss=0.5011
09:51:46 | INFO    | holoqpi.engine.trainer |   epoch 48 step 80/140 loss=0.5491
09:51:48 | INFO    | holoqpi.engine.trainer |   epoch 48 step 100/140 loss=0.5706
09:51:49 | INFO    | holoqpi.engine.trainer |   epoch 48 step 120/140 loss=0.5679
09:52:40 | INFO    | holoqpi.engine.trainer | epoch 48/60 (62s = 13s train + 49s val) | train_loss=0.5135  val_phase_mae=0.1703  val_dice=0.8230  val_cls_acc=0.6614  val_mass_mape=0.1942
09:52:40 | INFO    | holoqpi.engine.trainer |   epoch 49 step 0/140 loss=0.4086
09:52:42 | INFO    | holoqpi.engine.trainer |   epoch 49 step 20/140 loss=0.5329
09:52:44 | INFO    | holoqpi.engine.trainer |   epoch 49 step 40/140 loss=0.5142
09:52:46 | INFO    | holoqpi.engine.trainer |   epoch 49 step 60/140 loss=0.4252
09:52:48 | INFO    | holoqpi.engine.trainer |   epoch 49 step 80/140 loss=0.4506
09:52:49 | INFO    | holoqpi.engine.trainer |   epoch 49 step 100/140 loss=0.5323
09:52:51 | INFO    | holoqpi.engine.trainer |   epoch 49 step 120/140 loss=0.5084
09:53:43 | INFO    | holoqpi.engine.trainer | epoch 49/60 (63s = 13s train + 50s val) | train_loss=0.5144  val_phase_mae=0.1733  val_dice=0.8229  val_cls_acc=0.6693  val_mass_mape=0.2016
09:53:43 | INFO    | holoqpi.engine.trainer |   epoch 50 step 0/140 loss=0.4654
09:53:45 | INFO    | holoqpi.engine.trainer |   epoch 50 step 20/140 loss=0.4275
09:53:47 | INFO    | holoqpi.engine.trainer |   epoch 50 step 40/140 loss=0.7143
09:53:49 | INFO    | holoqpi.engine.trainer |   epoch 50 step 60/140 loss=0.3609
09:53:51 | INFO    | holoqpi.engine.trainer |   epoch 50 step 80/140 loss=0.4474
09:53:52 | INFO    | holoqpi.engine.trainer |   epoch 50 step 100/140 loss=0.5042
09:53:54 | INFO    | holoqpi.engine.trainer |   epoch 50 step 120/140 loss=0.4743
09:54:45 | INFO    | holoqpi.engine.trainer | epoch 50/60 (63s = 13s train + 50s val) | train_loss=0.5193  val_phase_mae=0.1714  val_dice=0.8225  val_cls_acc=0.6142  val_mass_mape=0.2016
09:54:46 | INFO    | holoqpi.engine.trainer |   epoch 51 step 0/140 loss=0.4682
09:54:48 | INFO    | holoqpi.engine.trainer |   epoch 51 step 20/140 loss=0.7520
09:54:49 | INFO    | holoqpi.engine.trainer |   epoch 51 step 40/140 loss=0.4343
09:54:51 | INFO    | holoqpi.engine.trainer |   epoch 51 step 60/140 loss=0.4776
09:54:53 | INFO    | holoqpi.engine.trainer |   epoch 51 step 80/140 loss=0.4597
09:54:55 | INFO    | holoqpi.engine.trainer |   epoch 51 step 100/140 loss=0.5956
09:54:57 | INFO    | holoqpi.engine.trainer |   epoch 51 step 120/140 loss=0.4269
09:55:47 | INFO    | holoqpi.engine.trainer | epoch 51/60 (62s = 13s train + 49s val) | train_loss=0.5026  val_phase_mae=0.1725  val_dice=0.8222  val_cls_acc=0.6693  val_mass_mape=0.1939
09:55:48 | INFO    | holoqpi.engine.trainer |   epoch 52 step 0/140 loss=0.8687
09:55:50 | INFO    | holoqpi.engine.trainer |   epoch 52 step 20/140 loss=0.4435
09:55:51 | INFO    | holoqpi.engine.trainer |   epoch 52 step 40/140 loss=0.5007
09:55:53 | INFO    | holoqpi.engine.trainer |   epoch 52 step 60/140 loss=0.5310
09:55:55 | INFO    | holoqpi.engine.trainer |   epoch 52 step 80/140 loss=0.4994
09:55:57 | INFO    | holoqpi.engine.trainer |   epoch 52 step 100/140 loss=0.4996
09:55:59 | INFO    | holoqpi.engine.trainer |   epoch 52 step 120/140 loss=0.4729
09:56:48 | INFO    | holoqpi.engine.trainer | epoch 52/60 (60s = 13s train + 48s val) | train_loss=0.5188  val_phase_mae=0.1726  val_dice=0.8230  val_cls_acc=0.6378  val_mass_mape=0.1950
09:56:48 | INFO    | holoqpi.engine.trainer |   epoch 53 step 0/140 loss=0.5929
09:56:50 | INFO    | holoqpi.engine.trainer |   epoch 53 step 20/140 loss=0.5299
09:56:52 | INFO    | holoqpi.engine.trainer |   epoch 53 step 40/140 loss=0.4482
09:56:54 | INFO    | holoqpi.engine.trainer |   epoch 53 step 60/140 loss=0.3679
09:56:56 | INFO    | holoqpi.engine.trainer |   epoch 53 step 80/140 loss=0.6164
09:56:57 | INFO    | holoqpi.engine.trainer |   epoch 53 step 100/140 loss=0.4848
09:56:59 | INFO    | holoqpi.engine.trainer |   epoch 53 step 120/140 loss=0.4444
09:57:49 | INFO    | holoqpi.engine.trainer |   new best composite=0.8129
09:57:49 | INFO    | holoqpi.engine.trainer | epoch 53/60 (61s = 13s train + 48s val) | train_loss=0.4985  val_phase_mae=0.1712  val_dice=0.8234  val_cls_acc=0.6850  val_mass_mape=0.1893
09:57:50 | INFO    | holoqpi.engine.trainer |   epoch 54 step 0/140 loss=0.5095
09:57:51 | INFO    | holoqpi.engine.trainer |   epoch 54 step 20/140 loss=0.5894
09:57:53 | INFO    | holoqpi.engine.trainer |   epoch 54 step 40/140 loss=0.4465
09:57:55 | INFO    | holoqpi.engine.trainer |   epoch 54 step 60/140 loss=0.5524
09:57:57 | INFO    | holoqpi.engine.trainer |   epoch 54 step 80/140 loss=0.4302
09:57:59 | INFO    | holoqpi.engine.trainer |   epoch 54 step 100/140 loss=0.4391
09:58:00 | INFO    | holoqpi.engine.trainer |   epoch 54 step 120/140 loss=0.4836
09:58:50 | INFO    | holoqpi.engine.trainer | epoch 54/60 (61s = 13s train + 48s val) | train_loss=0.5080  val_phase_mae=0.1710  val_dice=0.8240  val_cls_acc=0.5827  val_mass_mape=0.1908
09:58:50 | INFO    | holoqpi.engine.trainer |   epoch 55 step 0/140 loss=0.3975
09:58:52 | INFO    | holoqpi.engine.trainer |   epoch 55 step 20/140 loss=0.5120
09:58:54 | INFO    | holoqpi.engine.trainer |   epoch 55 step 40/140 loss=0.5789
09:58:56 | INFO    | holoqpi.engine.trainer |   epoch 55 step 60/140 loss=0.4778
09:58:58 | INFO    | holoqpi.engine.trainer |   epoch 55 step 80/140 loss=0.3561
09:58:59 | INFO    | holoqpi.engine.trainer |   epoch 55 step 100/140 loss=0.3740
09:59:01 | INFO    | holoqpi.engine.trainer |   epoch 55 step 120/140 loss=0.4335
09:59:50 | INFO    | holoqpi.engine.trainer | epoch 55/60 (61s = 13s train + 48s val) | train_loss=0.4999  val_phase_mae=0.1709  val_dice=0.8231  val_cls_acc=0.6063  val_mass_mape=0.1913
09:59:51 | INFO    | holoqpi.engine.trainer |   epoch 56 step 0/140 loss=0.4754
09:59:53 | INFO    | holoqpi.engine.trainer |   epoch 56 step 20/140 loss=0.6364
09:59:54 | INFO    | holoqpi.engine.trainer |   epoch 56 step 40/140 loss=0.4544
09:59:56 | INFO    | holoqpi.engine.trainer |   epoch 56 step 60/140 loss=0.5150
09:59:58 | INFO    | holoqpi.engine.trainer |   epoch 56 step 80/140 loss=0.4563
10:00:00 | INFO    | holoqpi.engine.trainer |   epoch 56 step 100/140 loss=0.5217
10:00:02 | INFO    | holoqpi.engine.trainer |   epoch 56 step 120/140 loss=0.4206
10:00:51 | INFO    | holoqpi.engine.trainer | epoch 56/60 (61s = 13s train + 48s val) | train_loss=0.4961  val_phase_mae=0.1722  val_dice=0.8236  val_cls_acc=0.6220  val_mass_mape=0.1986
10:00:52 | INFO    | holoqpi.engine.trainer |   epoch 57 step 0/140 loss=0.4671
10:00:54 | INFO    | holoqpi.engine.trainer |   epoch 57 step 20/140 loss=0.4396
10:00:55 | INFO    | holoqpi.engine.trainer |   epoch 57 step 40/140 loss=0.3561
10:00:57 | INFO    | holoqpi.engine.trainer |   epoch 57 step 60/140 loss=0.5032
10:00:59 | INFO    | holoqpi.engine.trainer |   epoch 57 step 80/140 loss=0.5297
10:01:01 | INFO    | holoqpi.engine.trainer |   epoch 57 step 100/140 loss=0.4592
10:01:03 | INFO    | holoqpi.engine.trainer |   epoch 57 step 120/140 loss=0.4958
10:01:52 | INFO    | holoqpi.engine.trainer | epoch 57/60 (61s = 13s train + 48s val) | train_loss=0.4940  val_phase_mae=0.1730  val_dice=0.8231  val_cls_acc=0.6299  val_mass_mape=0.1945
10:01:53 | INFO    | holoqpi.engine.trainer |   epoch 58 step 0/140 loss=0.5627
10:01:55 | INFO    | holoqpi.engine.trainer |   epoch 58 step 20/140 loss=0.4832
10:01:56 | INFO    | holoqpi.engine.trainer |   epoch 58 step 40/140 loss=0.5742
10:01:58 | INFO    | holoqpi.engine.trainer |   epoch 58 step 60/140 loss=0.6065
10:02:00 | INFO    | holoqpi.engine.trainer |   epoch 58 step 80/140 loss=0.5619
10:02:02 | INFO    | holoqpi.engine.trainer |   epoch 58 step 100/140 loss=0.4460
10:02:04 | INFO    | holoqpi.engine.trainer |   epoch 58 step 120/140 loss=0.4418
10:02:53 | INFO    | holoqpi.engine.trainer | epoch 58/60 (61s = 13s train + 48s val) | train_loss=0.5112  val_phase_mae=0.1719  val_dice=0.8236  val_cls_acc=0.6850  val_mass_mape=0.1951
10:02:54 | INFO    | holoqpi.engine.trainer |   epoch 59 step 0/140 loss=0.4305
10:02:56 | INFO    | holoqpi.engine.trainer |   epoch 59 step 20/140 loss=0.4053
10:02:57 | INFO    | holoqpi.engine.trainer |   epoch 59 step 40/140 loss=0.4715
10:02:59 | INFO    | holoqpi.engine.trainer |   epoch 59 step 60/140 loss=0.5520
10:03:01 | INFO    | holoqpi.engine.trainer |   epoch 59 step 80/140 loss=0.5111
10:03:03 | INFO    | holoqpi.engine.trainer |   epoch 59 step 100/140 loss=0.3643
10:03:04 | INFO    | holoqpi.engine.trainer |   epoch 59 step 120/140 loss=0.4412
10:03:54 | INFO    | holoqpi.engine.trainer | epoch 59/60 (61s = 13s train + 48s val) | train_loss=0.4890  val_phase_mae=0.1719  val_dice=0.8238  val_cls_acc=0.6614  val_mass_mape=0.1972
10:03:54 | INFO    | holoqpi.engine.trainer |   epoch 60 step 0/140 loss=0.3876
10:03:56 | INFO    | holoqpi.engine.trainer |   epoch 60 step 20/140 loss=0.4413
10:03:58 | INFO    | holoqpi.engine.trainer |   epoch 60 step 40/140 loss=0.7681
10:04:00 | INFO    | holoqpi.engine.trainer |   epoch 60 step 60/140 loss=0.5451
10:04:02 | INFO    | holoqpi.engine.trainer |   epoch 60 step 80/140 loss=0.4766
10:04:04 | INFO    | holoqpi.engine.trainer |   epoch 60 step 100/140 loss=0.4665
10:04:05 | INFO    | holoqpi.engine.trainer |   epoch 60 step 120/140 loss=0.5444
10:04:55 | INFO    | holoqpi.engine.trainer | epoch 60/60 (61s = 13s train + 48s val) | train_loss=0.4995  val_phase_mae=0.1717  val_dice=0.8237  val_cls_acc=0.6299  val_mass_mape=0.1963
10:04:55 | INFO    | holoqpi.engine.trainer | training finished; best epoch 53 (composite=0.8129)
10:04:55 | INFO    | holoqpi.engine.trainer | checkpoint best_model.pt: 446/446 tensors matched
10:05:40 | INFO    | holoqpi.engine.compare | modality=off_axis test metrics written to runs/no_measurement_off_axis
10:05:41 | INFO    | holoqpi.engine.compare | ======================================================================
10:05:41 | INFO    | holoqpi.engine.compare | modality=gabor  device=cuda  run_dir=runs/no_measurement_gabor
10:05:41 | INFO    | holoqpi.engine.compare | ======================================================================
10:05:41 | INFO    | holoqpi.data.dataset | train split: 560 samples | modality=gabor | crop=512 | augment=True
10:05:41 | INFO    | holoqpi.data.dataset | val split: 127 samples | modality=gabor | crop=None | augment=False
10:05:41 | INFO    | holoqpi.data.dataset | test split: 113 samples | modality=gabor | crop=None | augment=False
10:05:41 | INFO    | holoqpi.models.encoders | encoder=mobilenet_v2 in_channels=1 pretrained=True stages=[16, 24, 32, 96, 1280]
10:05:41 | INFO    | holoqpi.models.holonet | HoloQPINet built: 9.76M parameters, 9.76M trainable (100.0%)
10:05:41 | INFO    | holoqpi.engine.trainer | trainable 9.76M / 9.76M parameters (100.0%)
10:05:41 | INFO    | holoqpi.engine.trainer | active physics terms: ['phase_mask_contrast', 'boundary_gradient_alignment', 'phase_volume']
10:05:42 | INFO    | holoqpi.engine.trainer |   epoch 1 step 0/140 loss=2.2876
10:05:44 | INFO    | holoqpi.engine.trainer |   epoch 1 step 20/140 loss=2.0419
10:05:46 | INFO    | holoqpi.engine.trainer |   epoch 1 step 40/140 loss=1.5187
10:05:48 | INFO    | holoqpi.engine.trainer |   epoch 1 step 60/140 loss=1.3645
10:05:50 | INFO    | holoqpi.engine.trainer |   epoch 1 step 80/140 loss=1.3119
10:05:51 | INFO    | holoqpi.engine.trainer |   epoch 1 step 100/140 loss=1.1481
10:05:53 | INFO    | holoqpi.engine.trainer |   epoch 1 step 120/140 loss=1.2572
10:06:43 | INFO    | holoqpi.engine.trainer |   new best composite=0.6658
10:06:43 | INFO    | holoqpi.engine.trainer | epoch 1/60 (62s = 14s train + 48s val) | train_loss=1.5045  val_phase_mae=0.2275  val_dice=0.6834  val_cls_acc=0.4173  val_mass_mape=0.3212
10:06:43 | INFO    | holoqpi.engine.trainer |   at this rate the full 60-epoch schedule takes about 62 min
10:06:44 | INFO    | holoqpi.engine.trainer |   epoch 2 step 0/140 loss=1.1413
10:06:46 | INFO    | holoqpi.engine.trainer |   epoch 2 step 20/140 loss=1.2086
10:06:47 | INFO    | holoqpi.engine.trainer |   epoch 2 step 40/140 loss=1.0505
10:06:49 | INFO    | holoqpi.engine.trainer |   epoch 2 step 60/140 loss=0.9796
10:06:50 | INFO    | holoqpi.engine.trainer |   epoch 2 step 80/140 loss=1.2690
10:06:52 | INFO    | holoqpi.engine.trainer |   epoch 2 step 100/140 loss=0.8967
10:06:54 | INFO    | holoqpi.engine.trainer |   epoch 2 step 120/140 loss=1.1926
10:07:44 | INFO    | holoqpi.engine.trainer |   new best composite=0.6807
10:07:44 | INFO    | holoqpi.engine.trainer | epoch 2/60 (60s = 12s train + 48s val) | train_loss=1.1154  val_phase_mae=0.2332  val_dice=0.6957  val_cls_acc=0.4803  val_mass_mape=0.3169
10:07:44 | INFO    | holoqpi.engine.trainer |   epoch 3 step 0/140 loss=0.9842
10:07:46 | INFO    | holoqpi.engine.trainer |   epoch 3 step 20/140 loss=0.8262
10:07:48 | INFO    | holoqpi.engine.trainer |   epoch 3 step 40/140 loss=1.1986
10:07:49 | INFO    | holoqpi.engine.trainer |   epoch 3 step 60/140 loss=0.9559
10:07:51 | INFO    | holoqpi.engine.trainer |   epoch 3 step 80/140 loss=0.8153
10:07:52 | INFO    | holoqpi.engine.trainer |   epoch 3 step 100/140 loss=1.2268
10:07:54 | INFO    | holoqpi.engine.trainer |   epoch 3 step 120/140 loss=1.0844
10:08:43 | INFO    | holoqpi.engine.trainer |   new best composite=0.6977
10:08:43 | INFO    | holoqpi.engine.trainer | epoch 3/60 (58s = 12s train + 47s val) | train_loss=0.9782  val_phase_mae=0.2083  val_dice=0.7301  val_cls_acc=0.5118  val_mass_mape=0.3650
10:08:43 | INFO    | holoqpi.engine.trainer |   epoch 4 step 0/140 loss=0.9195
10:08:45 | INFO    | holoqpi.engine.trainer |   epoch 4 step 20/140 loss=1.0746
10:08:46 | INFO    | holoqpi.engine.trainer |   epoch 4 step 40/140 loss=0.9817
10:08:48 | INFO    | holoqpi.engine.trainer |   epoch 4 step 60/140 loss=1.3831
10:08:49 | INFO    | holoqpi.engine.trainer |   epoch 4 step 80/140 loss=0.9515
10:08:51 | INFO    | holoqpi.engine.trainer |   epoch 4 step 100/140 loss=0.9129
10:08:53 | INFO    | holoqpi.engine.trainer |   epoch 4 step 120/140 loss=0.8143
10:09:41 | INFO    | holoqpi.engine.trainer |   new best composite=0.6984
10:09:41 | INFO    | holoqpi.engine.trainer | epoch 4/60 (58s = 12s train + 47s val) | train_loss=0.9631  val_phase_mae=0.2058  val_dice=0.7363  val_cls_acc=0.5748  val_mass_mape=0.3738
10:09:42 | INFO    | holoqpi.engine.trainer |   epoch 5 step 0/140 loss=0.8034
10:09:43 | INFO    | holoqpi.engine.trainer |   epoch 5 step 20/140 loss=0.7782
10:09:45 | INFO    | holoqpi.engine.trainer |   epoch 5 step 40/140 loss=0.8624
10:09:46 | INFO    | holoqpi.engine.trainer |   epoch 5 step 60/140 loss=1.0930
10:09:48 | INFO    | holoqpi.engine.trainer |   epoch 5 step 80/140 loss=0.9740
10:09:50 | INFO    | holoqpi.engine.trainer |   epoch 5 step 100/140 loss=0.8457
10:09:51 | INFO    | holoqpi.engine.trainer |   epoch 5 step 120/140 loss=1.0561
10:10:40 | INFO    | holoqpi.engine.trainer |   new best composite=0.7332
10:10:40 | INFO    | holoqpi.engine.trainer | epoch 5/60 (58s = 12s train + 47s val) | train_loss=0.9313  val_phase_mae=0.1949  val_dice=0.7527  val_cls_acc=0.5669  val_mass_mape=0.2827
10:10:40 | INFO    | holoqpi.engine.trainer |   epoch 6 step 0/140 loss=1.1906
10:10:42 | INFO    | holoqpi.engine.trainer |   epoch 6 step 20/140 loss=1.0521
10:10:43 | INFO    | holoqpi.engine.trainer |   epoch 6 step 40/140 loss=0.8534
10:10:45 | INFO    | holoqpi.engine.trainer |   epoch 6 step 60/140 loss=0.6813
10:10:46 | INFO    | holoqpi.engine.trainer |   epoch 6 step 80/140 loss=0.7400
10:10:48 | INFO    | holoqpi.engine.trainer |   epoch 6 step 100/140 loss=0.7391
10:10:50 | INFO    | holoqpi.engine.trainer |   epoch 6 step 120/140 loss=0.7686
10:11:38 | INFO    | holoqpi.engine.trainer | epoch 6/60 (58s = 12s train + 47s val) | train_loss=0.9111  val_phase_mae=0.2030  val_dice=0.7459  val_cls_acc=0.5748  val_mass_mape=0.3496
10:11:38 | INFO    | holoqpi.engine.trainer |   epoch 7 step 0/140 loss=0.7393
10:11:40 | INFO    | holoqpi.engine.trainer |   epoch 7 step 20/140 loss=0.9722
10:11:41 | INFO    | holoqpi.engine.trainer |   epoch 7 step 40/140 loss=1.0735
10:11:43 | INFO    | holoqpi.engine.trainer |   epoch 7 step 60/140 loss=0.8550
10:11:45 | INFO    | holoqpi.engine.trainer |   epoch 7 step 80/140 loss=0.7678
10:11:46 | INFO    | holoqpi.engine.trainer |   epoch 7 step 100/140 loss=1.0071
10:11:48 | INFO    | holoqpi.engine.trainer |   epoch 7 step 120/140 loss=0.9548
10:12:36 | INFO    | holoqpi.engine.trainer | epoch 7/60 (58s = 12s train + 47s val) | train_loss=0.8908  val_phase_mae=0.2183  val_dice=0.7330  val_cls_acc=0.5512  val_mass_mape=0.5125
10:12:37 | INFO    | holoqpi.engine.trainer |   epoch 8 step 0/140 loss=0.8068
10:12:38 | INFO    | holoqpi.engine.trainer |   epoch 8 step 20/140 loss=0.9781
10:12:40 | INFO    | holoqpi.engine.trainer |   epoch 8 step 40/140 loss=0.8358
10:12:41 | INFO    | holoqpi.engine.trainer |   epoch 8 step 60/140 loss=0.7210
10:12:43 | INFO    | holoqpi.engine.trainer |   epoch 8 step 80/140 loss=1.0733
10:12:44 | INFO    | holoqpi.engine.trainer |   epoch 8 step 100/140 loss=0.8570
10:12:46 | INFO    | holoqpi.engine.trainer |   epoch 8 step 120/140 loss=0.8240
10:13:34 | INFO    | holoqpi.engine.trainer |   new best composite=0.7359
10:13:34 | INFO    | holoqpi.engine.trainer | epoch 8/60 (58s = 11s train + 46s val) | train_loss=0.8827  val_phase_mae=0.2005  val_dice=0.7366  val_cls_acc=0.6220  val_mass_mape=0.2364
10:13:35 | INFO    | holoqpi.engine.trainer |   epoch 9 step 0/140 loss=0.8417
10:13:36 | INFO    | holoqpi.engine.trainer |   epoch 9 step 20/140 loss=0.6587
10:13:38 | INFO    | holoqpi.engine.trainer |   epoch 9 step 40/140 loss=1.0384
10:13:39 | INFO    | holoqpi.engine.trainer |   epoch 9 step 60/140 loss=0.9275
10:13:41 | INFO    | holoqpi.engine.trainer |   epoch 9 step 80/140 loss=0.8501
10:13:43 | INFO    | holoqpi.engine.trainer |   epoch 9 step 100/140 loss=0.7191
10:13:44 | INFO    | holoqpi.engine.trainer |   epoch 9 step 120/140 loss=0.8847
10:14:33 | INFO    | holoqpi.engine.trainer |   new best composite=0.7427
10:14:33 | INFO    | holoqpi.engine.trainer | epoch 9/60 (59s = 12s train + 47s val) | train_loss=0.8798  val_phase_mae=0.1901  val_dice=0.7472  val_cls_acc=0.5984  val_mass_mape=0.2408
10:14:34 | INFO    | holoqpi.engine.trainer |   epoch 10 step 0/140 loss=0.8821
10:14:35 | INFO    | holoqpi.engine.trainer |   epoch 10 step 20/140 loss=0.7274
10:14:37 | INFO    | holoqpi.engine.trainer |   epoch 10 step 40/140 loss=1.0232
10:14:39 | INFO    | holoqpi.engine.trainer |   epoch 10 step 60/140 loss=0.9146
10:14:40 | INFO    | holoqpi.engine.trainer |   epoch 10 step 80/140 loss=1.0526
10:14:42 | INFO    | holoqpi.engine.trainer |   epoch 10 step 100/140 loss=1.0587
10:14:43 | INFO    | holoqpi.engine.trainer |   epoch 10 step 120/140 loss=0.8685
10:15:31 | INFO    | holoqpi.engine.trainer |   new best composite=0.7443
10:15:31 | INFO    | holoqpi.engine.trainer | epoch 10/60 (57s = 12s train + 46s val) | train_loss=0.8829  val_phase_mae=0.1878  val_dice=0.7538  val_cls_acc=0.5827  val_mass_mape=0.2530
10:15:31 | INFO    | holoqpi.engine.trainer |   epoch 11 step 0/140 loss=0.8196
10:15:33 | INFO    | holoqpi.engine.trainer |   epoch 11 step 20/140 loss=0.8621
10:15:35 | INFO    | holoqpi.engine.trainer |   epoch 11 step 40/140 loss=1.0045
10:15:36 | INFO    | holoqpi.engine.trainer |   epoch 11 step 60/140 loss=0.6820
10:15:38 | INFO    | holoqpi.engine.trainer |   epoch 11 step 80/140 loss=0.6888
10:15:40 | INFO    | holoqpi.engine.trainer |   epoch 11 step 100/140 loss=0.6705
10:15:41 | INFO    | holoqpi.engine.trainer |   epoch 11 step 120/140 loss=0.7878
10:16:29 | INFO    | holoqpi.engine.trainer | epoch 11/60 (58s = 12s train + 46s val) | train_loss=0.8656  val_phase_mae=0.2034  val_dice=0.7436  val_cls_acc=0.6457  val_mass_mape=0.3120
10:16:29 | INFO    | holoqpi.engine.trainer |   epoch 12 step 0/140 loss=0.7619
10:16:31 | INFO    | holoqpi.engine.trainer |   epoch 12 step 20/140 loss=1.2481
10:16:33 | INFO    | holoqpi.engine.trainer |   epoch 12 step 40/140 loss=0.7534
10:16:34 | INFO    | holoqpi.engine.trainer |   epoch 12 step 60/140 loss=1.5226
10:16:36 | INFO    | holoqpi.engine.trainer |   epoch 12 step 80/140 loss=1.0618
10:16:37 | INFO    | holoqpi.engine.trainer |   epoch 12 step 100/140 loss=0.7243
10:16:39 | INFO    | holoqpi.engine.trainer |   epoch 12 step 120/140 loss=0.6984
10:17:26 | INFO    | holoqpi.engine.trainer | epoch 12/60 (57s = 12s train + 46s val) | train_loss=0.8518  val_phase_mae=0.1996  val_dice=0.7380  val_cls_acc=0.6220  val_mass_mape=0.2654
10:17:27 | INFO    | holoqpi.engine.trainer |   epoch 13 step 0/140 loss=0.8599
10:17:28 | INFO    | holoqpi.engine.trainer |   epoch 13 step 20/140 loss=0.8642
10:17:30 | INFO    | holoqpi.engine.trainer |   epoch 13 step 40/140 loss=1.1478
10:17:32 | INFO    | holoqpi.engine.trainer |   epoch 13 step 60/140 loss=0.8774
10:17:33 | INFO    | holoqpi.engine.trainer |   epoch 13 step 80/140 loss=1.1629
10:17:35 | INFO    | holoqpi.engine.trainer |   epoch 13 step 100/140 loss=0.8174
10:17:36 | INFO    | holoqpi.engine.trainer |   epoch 13 step 120/140 loss=0.7294
10:18:24 | INFO    | holoqpi.engine.trainer |   new best composite=0.7506
10:18:24 | INFO    | holoqpi.engine.trainer | epoch 13/60 (57s = 12s train + 46s val) | train_loss=0.8624  val_phase_mae=0.1880  val_dice=0.7580  val_cls_acc=0.5197  val_mass_mape=0.2402
10:18:24 | INFO    | holoqpi.engine.trainer |   epoch 14 step 0/140 loss=0.9032
10:18:26 | INFO    | holoqpi.engine.trainer |   epoch 14 step 20/140 loss=1.0067
10:18:28 | INFO    | holoqpi.engine.trainer |   epoch 14 step 40/140 loss=0.9528
10:18:29 | INFO    | holoqpi.engine.trainer |   epoch 14 step 60/140 loss=0.6734
10:18:31 | INFO    | holoqpi.engine.trainer |   epoch 14 step 80/140 loss=0.9743
10:18:33 | INFO    | holoqpi.engine.trainer |   epoch 14 step 100/140 loss=0.7108
10:18:34 | INFO    | holoqpi.engine.trainer |   epoch 14 step 120/140 loss=0.7548
10:19:21 | INFO    | holoqpi.engine.trainer | epoch 14/60 (57s = 12s train + 46s val) | train_loss=0.8510  val_phase_mae=0.1889  val_dice=0.7575  val_cls_acc=0.4724  val_mass_mape=0.2406
10:19:22 | INFO    | holoqpi.engine.trainer |   epoch 15 step 0/140 loss=0.7548
10:19:24 | INFO    | holoqpi.engine.trainer |   epoch 15 step 20/140 loss=0.6662
10:19:25 | INFO    | holoqpi.engine.trainer |   epoch 15 step 40/140 loss=0.6531
10:19:27 | INFO    | holoqpi.engine.trainer |   epoch 15 step 60/140 loss=1.0558
10:19:29 | INFO    | holoqpi.engine.trainer |   epoch 15 step 80/140 loss=1.1464
10:19:31 | INFO    | holoqpi.engine.trainer |   epoch 15 step 100/140 loss=0.7021
10:19:32 | INFO    | holoqpi.engine.trainer |   epoch 15 step 120/140 loss=0.7835
10:20:19 | INFO    | holoqpi.engine.trainer | epoch 15/60 (58s = 12s train + 46s val) | train_loss=0.8395  val_phase_mae=0.1912  val_dice=0.7463  val_cls_acc=0.5669  val_mass_mape=0.2414
10:20:20 | INFO    | holoqpi.engine.trainer |   epoch 16 step 0/140 loss=0.9271
10:20:21 | INFO    | holoqpi.engine.trainer |   epoch 16 step 20/140 loss=0.9816
10:20:23 | INFO    | holoqpi.engine.trainer |   epoch 16 step 40/140 loss=0.7124
10:20:24 | INFO    | holoqpi.engine.trainer |   epoch 16 step 60/140 loss=0.7927
10:20:26 | INFO    | holoqpi.engine.trainer |   epoch 16 step 80/140 loss=0.7349
10:20:27 | INFO    | holoqpi.engine.trainer |   epoch 16 step 100/140 loss=1.0700
10:20:29 | INFO    | holoqpi.engine.trainer |   epoch 16 step 120/140 loss=0.8782
10:21:16 | INFO    | holoqpi.engine.trainer | epoch 16/60 (57s = 12s train + 46s val) | train_loss=0.8324  val_phase_mae=0.1907  val_dice=0.7541  val_cls_acc=0.5984  val_mass_mape=0.2493
10:21:17 | INFO    | holoqpi.engine.trainer |   epoch 17 step 0/140 loss=1.0296
10:21:18 | INFO    | holoqpi.engine.trainer |   epoch 17 step 20/140 loss=1.1941
10:21:20 | INFO    | holoqpi.engine.trainer |   epoch 17 step 40/140 loss=1.2752
10:21:22 | INFO    | holoqpi.engine.trainer |   epoch 17 step 60/140 loss=0.6660
10:21:23 | INFO    | holoqpi.engine.trainer |   epoch 17 step 80/140 loss=0.6730
10:21:25 | INFO    | holoqpi.engine.trainer |   epoch 17 step 100/140 loss=1.1152
10:21:26 | INFO    | holoqpi.engine.trainer |   epoch 17 step 120/140 loss=0.6945
10:22:13 | INFO    | holoqpi.engine.trainer | epoch 17/60 (57s = 12s train + 45s val) | train_loss=0.8198  val_phase_mae=0.1910  val_dice=0.7473  val_cls_acc=0.6772  val_mass_mape=0.2341
10:22:14 | INFO    | holoqpi.engine.trainer |   epoch 18 step 0/140 loss=0.6416
10:22:15 | INFO    | holoqpi.engine.trainer |   epoch 18 step 20/140 loss=0.7674
10:22:17 | INFO    | holoqpi.engine.trainer |   epoch 18 step 40/140 loss=0.6349
10:22:18 | INFO    | holoqpi.engine.trainer |   epoch 18 step 60/140 loss=0.7459
10:22:20 | INFO    | holoqpi.engine.trainer |   epoch 18 step 80/140 loss=1.0909
10:22:22 | INFO    | holoqpi.engine.trainer |   epoch 18 step 100/140 loss=0.7670
10:22:23 | INFO    | holoqpi.engine.trainer |   epoch 18 step 120/140 loss=0.9885
10:23:10 | INFO    | holoqpi.engine.trainer | epoch 18/60 (57s = 12s train + 45s val) | train_loss=0.8123  val_phase_mae=0.1921  val_dice=0.7479  val_cls_acc=0.6614  val_mass_mape=0.2507
10:23:11 | INFO    | holoqpi.engine.trainer |   epoch 19 step 0/140 loss=0.6363
10:23:12 | INFO    | holoqpi.engine.trainer |   epoch 19 step 20/140 loss=0.6534
10:23:14 | INFO    | holoqpi.engine.trainer |   epoch 19 step 40/140 loss=0.6607
10:23:15 | INFO    | holoqpi.engine.trainer |   epoch 19 step 60/140 loss=0.7253
10:23:17 | INFO    | holoqpi.engine.trainer |   epoch 19 step 80/140 loss=0.8155
10:23:19 | INFO    | holoqpi.engine.trainer |   epoch 19 step 100/140 loss=0.6691
10:23:20 | INFO    | holoqpi.engine.trainer |   epoch 19 step 120/140 loss=0.9620
10:24:08 | INFO    | holoqpi.engine.trainer |   new best composite=0.7546
10:24:08 | INFO    | holoqpi.engine.trainer | epoch 19/60 (58s = 12s train + 46s val) | train_loss=0.8208  val_phase_mae=0.1838  val_dice=0.7662  val_cls_acc=0.5984  val_mass_mape=0.2480
10:24:09 | INFO    | holoqpi.engine.trainer |   epoch 20 step 0/140 loss=0.8611
10:24:10 | INFO    | holoqpi.engine.trainer |   epoch 20 step 20/140 loss=0.8903
10:24:12 | INFO    | holoqpi.engine.trainer |   epoch 20 step 40/140 loss=0.8237
10:24:13 | INFO    | holoqpi.engine.trainer |   epoch 20 step 60/140 loss=0.8999
10:24:15 | INFO    | holoqpi.engine.trainer |   epoch 20 step 80/140 loss=0.5862
10:24:17 | INFO    | holoqpi.engine.trainer |   epoch 20 step 100/140 loss=0.9610
10:24:18 | INFO    | holoqpi.engine.trainer |   epoch 20 step 120/140 loss=0.8041
10:25:05 | INFO    | holoqpi.engine.trainer | epoch 20/60 (57s = 12s train + 46s val) | train_loss=0.8059  val_phase_mae=0.1870  val_dice=0.7623  val_cls_acc=0.6929  val_mass_mape=0.2564
10:25:06 | INFO    | holoqpi.engine.trainer |   epoch 21 step 0/140 loss=0.7854
10:25:07 | INFO    | holoqpi.engine.trainer |   epoch 21 step 20/140 loss=0.8921
10:25:09 | INFO    | holoqpi.engine.trainer |   epoch 21 step 40/140 loss=0.9125
10:25:11 | INFO    | holoqpi.engine.trainer |   epoch 21 step 60/140 loss=0.7003
10:25:12 | INFO    | holoqpi.engine.trainer |   epoch 21 step 80/140 loss=0.7502
10:25:14 | INFO    | holoqpi.engine.trainer |   epoch 21 step 100/140 loss=0.6324
10:25:15 | INFO    | holoqpi.engine.trainer |   epoch 21 step 120/140 loss=0.6818
10:26:03 | INFO    | holoqpi.engine.trainer | epoch 21/60 (58s = 12s train + 46s val) | train_loss=0.8044  val_phase_mae=0.1875  val_dice=0.7583  val_cls_acc=0.6614  val_mass_mape=0.2304
10:26:03 | INFO    | holoqpi.engine.trainer |   epoch 22 step 0/140 loss=0.6432
10:26:05 | INFO    | holoqpi.engine.trainer |   epoch 22 step 20/140 loss=0.6937
10:26:07 | INFO    | holoqpi.engine.trainer |   epoch 22 step 40/140 loss=0.6697
10:26:08 | INFO    | holoqpi.engine.trainer |   epoch 22 step 60/140 loss=0.6389
10:26:10 | INFO    | holoqpi.engine.trainer |   epoch 22 step 80/140 loss=0.6477
10:26:12 | INFO    | holoqpi.engine.trainer |   epoch 22 step 100/140 loss=0.7707
10:26:13 | INFO    | holoqpi.engine.trainer |   epoch 22 step 120/140 loss=1.2968
10:27:00 | INFO    | holoqpi.engine.trainer |   new best composite=0.7569
10:27:00 | INFO    | holoqpi.engine.trainer | epoch 22/60 (57s = 12s train + 45s val) | train_loss=0.7979  val_phase_mae=0.1841  val_dice=0.7660  val_cls_acc=0.6772  val_mass_mape=0.2277
10:27:01 | INFO    | holoqpi.engine.trainer |   epoch 23 step 0/140 loss=0.9172
10:27:02 | INFO    | holoqpi.engine.trainer |   epoch 23 step 20/140 loss=0.7166
10:27:04 | INFO    | holoqpi.engine.trainer |   epoch 23 step 40/140 loss=0.7080
10:27:05 | INFO    | holoqpi.engine.trainer |   epoch 23 step 60/140 loss=1.0396
10:27:07 | INFO    | holoqpi.engine.trainer |   epoch 23 step 80/140 loss=1.2114
10:27:08 | INFO    | holoqpi.engine.trainer |   epoch 23 step 100/140 loss=0.6859
10:27:10 | INFO    | holoqpi.engine.trainer |   epoch 23 step 120/140 loss=1.0307
10:27:57 | INFO    | holoqpi.engine.trainer | epoch 23/60 (56s = 11s train + 45s val) | train_loss=0.7936  val_phase_mae=0.1914  val_dice=0.7591  val_cls_acc=0.6614  val_mass_mape=0.2763
10:27:57 | INFO    | holoqpi.engine.trainer |   epoch 24 step 0/140 loss=0.7480
10:27:59 | INFO    | holoqpi.engine.trainer |   epoch 24 step 20/140 loss=0.5777
10:28:00 | INFO    | holoqpi.engine.trainer |   epoch 24 step 40/140 loss=0.6884
10:28:02 | INFO    | holoqpi.engine.trainer |   epoch 24 step 60/140 loss=0.7851
10:28:03 | INFO    | holoqpi.engine.trainer |   epoch 24 step 80/140 loss=0.7741
10:28:05 | INFO    | holoqpi.engine.trainer |   epoch 24 step 100/140 loss=0.9496
10:28:07 | INFO    | holoqpi.engine.trainer |   epoch 24 step 120/140 loss=0.9096
10:28:54 | INFO    | holoqpi.engine.trainer | epoch 24/60 (57s = 12s train + 46s val) | train_loss=0.7961  val_phase_mae=0.1880  val_dice=0.7538  val_cls_acc=0.5984  val_mass_mape=0.2287
10:28:54 | INFO    | holoqpi.engine.trainer |   epoch 25 step 0/140 loss=0.7384
10:28:56 | INFO    | holoqpi.engine.trainer |   epoch 25 step 20/140 loss=0.7345
10:28:57 | INFO    | holoqpi.engine.trainer |   epoch 25 step 40/140 loss=0.6497
10:28:59 | INFO    | holoqpi.engine.trainer |   epoch 25 step 60/140 loss=0.6709
10:29:00 | INFO    | holoqpi.engine.trainer |   epoch 25 step 80/140 loss=0.8906
10:29:02 | INFO    | holoqpi.engine.trainer |   epoch 25 step 100/140 loss=0.8088
10:29:04 | INFO    | holoqpi.engine.trainer |   epoch 25 step 120/140 loss=1.6063
10:29:52 | INFO    | holoqpi.engine.trainer | epoch 25/60 (58s = 11s train + 47s val) | train_loss=0.7932  val_phase_mae=0.1909  val_dice=0.7519  val_cls_acc=0.6457  val_mass_mape=0.2413
10:29:52 | INFO    | holoqpi.engine.trainer |   epoch 26 step 0/140 loss=0.8537
10:29:54 | INFO    | holoqpi.engine.trainer |   epoch 26 step 20/140 loss=0.5967
10:29:56 | INFO    | holoqpi.engine.trainer |   epoch 26 step 40/140 loss=0.6805
10:29:57 | INFO    | holoqpi.engine.trainer |   epoch 26 step 60/140 loss=0.7208
10:29:59 | INFO    | holoqpi.engine.trainer |   epoch 26 step 80/140 loss=0.9241
10:30:00 | INFO    | holoqpi.engine.trainer |   epoch 26 step 100/140 loss=0.7363
10:30:02 | INFO    | holoqpi.engine.trainer |   epoch 26 step 120/140 loss=0.6135
10:30:49 | INFO    | holoqpi.engine.trainer | epoch 26/60 (57s = 12s train + 46s val) | train_loss=0.7801  val_phase_mae=0.1819  val_dice=0.7687  val_cls_acc=0.7008  val_mass_mape=0.2393
10:30:49 | INFO    | holoqpi.engine.trainer |   epoch 27 step 0/140 loss=0.6231
10:30:51 | INFO    | holoqpi.engine.trainer |   epoch 27 step 20/140 loss=0.7034
10:30:53 | INFO    | holoqpi.engine.trainer |   epoch 27 step 40/140 loss=0.9008
10:30:54 | INFO    | holoqpi.engine.trainer |   epoch 27 step 60/140 loss=0.8988
10:30:56 | INFO    | holoqpi.engine.trainer |   epoch 27 step 80/140 loss=0.6327
10:30:57 | INFO    | holoqpi.engine.trainer |   epoch 27 step 100/140 loss=0.8861
10:30:59 | INFO    | holoqpi.engine.trainer |   epoch 27 step 120/140 loss=0.5653
10:31:47 | INFO    | holoqpi.engine.trainer | epoch 27/60 (58s = 11s train + 46s val) | train_loss=0.7682  val_phase_mae=0.1885  val_dice=0.7559  val_cls_acc=0.7165  val_mass_mape=0.2713
10:31:47 | INFO    | holoqpi.engine.trainer |   epoch 28 step 0/140 loss=0.6504
10:31:49 | INFO    | holoqpi.engine.trainer |   epoch 28 step 20/140 loss=0.6692
10:31:50 | INFO    | holoqpi.engine.trainer |   epoch 28 step 40/140 loss=0.6942
10:31:52 | INFO    | holoqpi.engine.trainer |   epoch 28 step 60/140 loss=0.7210
10:31:54 | INFO    | holoqpi.engine.trainer |   epoch 28 step 80/140 loss=0.6946
10:31:55 | INFO    | holoqpi.engine.trainer |   epoch 28 step 100/140 loss=0.7756
10:31:57 | INFO    | holoqpi.engine.trainer |   epoch 28 step 120/140 loss=0.5662
10:32:44 | INFO    | holoqpi.engine.trainer | epoch 28/60 (57s = 11s train + 46s val) | train_loss=0.7651  val_phase_mae=0.1855  val_dice=0.7638  val_cls_acc=0.7244  val_mass_mape=0.2427
10:32:44 | INFO    | holoqpi.engine.trainer |   epoch 29 step 0/140 loss=0.6612
10:32:46 | INFO    | holoqpi.engine.trainer |   epoch 29 step 20/140 loss=0.9248
10:32:48 | INFO    | holoqpi.engine.trainer |   epoch 29 step 40/140 loss=0.8357
10:32:49 | INFO    | holoqpi.engine.trainer |   epoch 29 step 60/140 loss=0.6159
10:32:51 | INFO    | holoqpi.engine.trainer |   epoch 29 step 80/140 loss=1.1139
10:32:52 | INFO    | holoqpi.engine.trainer |   epoch 29 step 100/140 loss=0.6646
10:32:54 | INFO    | holoqpi.engine.trainer |   epoch 29 step 120/140 loss=0.6693
10:33:42 | INFO    | holoqpi.engine.trainer | epoch 29/60 (58s = 11s train + 46s val) | train_loss=0.7421  val_phase_mae=0.1848  val_dice=0.7631  val_cls_acc=0.7008  val_mass_mape=0.2357
10:33:42 | INFO    | holoqpi.engine.trainer |   epoch 30 step 0/140 loss=0.5845
10:33:43 | INFO    | holoqpi.engine.trainer |   epoch 30 step 20/140 loss=0.7138
10:33:45 | INFO    | holoqpi.engine.trainer |   epoch 30 step 40/140 loss=2.0650
10:33:47 | INFO    | holoqpi.engine.trainer |   epoch 30 step 60/140 loss=0.6768
10:33:48 | INFO    | holoqpi.engine.trainer |   epoch 30 step 80/140 loss=0.6506
10:33:50 | INFO    | holoqpi.engine.trainer |   epoch 30 step 100/140 loss=0.8820
10:33:52 | INFO    | holoqpi.engine.trainer |   epoch 30 step 120/140 loss=0.9567
10:34:39 | INFO    | holoqpi.engine.trainer | epoch 30/60 (58s = 11s train + 46s val) | train_loss=0.7577  val_phase_mae=0.1857  val_dice=0.7628  val_cls_acc=0.6850  val_mass_mape=0.2639
10:34:40 | INFO    | holoqpi.engine.trainer |   epoch 31 step 0/140 loss=0.8228
10:34:41 | INFO    | holoqpi.engine.trainer |   epoch 31 step 20/140 loss=0.6866
10:34:43 | INFO    | holoqpi.engine.trainer |   epoch 31 step 40/140 loss=0.8073
10:34:45 | INFO    | holoqpi.engine.trainer |   epoch 31 step 60/140 loss=0.5866
10:34:46 | INFO    | holoqpi.engine.trainer |   epoch 31 step 80/140 loss=0.6426
10:34:48 | INFO    | holoqpi.engine.trainer |   epoch 31 step 100/140 loss=0.8763
10:34:49 | INFO    | holoqpi.engine.trainer |   epoch 31 step 120/140 loss=0.6309
10:35:37 | INFO    | holoqpi.engine.trainer | epoch 31/60 (57s = 11s train + 46s val) | train_loss=0.7598  val_phase_mae=0.1877  val_dice=0.7527  val_cls_acc=0.7165  val_mass_mape=0.2301
10:35:37 | INFO    | holoqpi.engine.trainer |   epoch 32 step 0/140 loss=0.5285
10:35:39 | INFO    | holoqpi.engine.trainer |   epoch 32 step 20/140 loss=1.1630
10:35:40 | INFO    | holoqpi.engine.trainer |   epoch 32 step 40/140 loss=0.7164
10:35:42 | INFO    | holoqpi.engine.trainer |   epoch 32 step 60/140 loss=0.7091
10:35:43 | INFO    | holoqpi.engine.trainer |   epoch 32 step 80/140 loss=0.6479
10:35:45 | INFO    | holoqpi.engine.trainer |   epoch 32 step 100/140 loss=0.9709
10:35:47 | INFO    | holoqpi.engine.trainer |   epoch 32 step 120/140 loss=1.3691
10:36:34 | INFO    | holoqpi.engine.trainer |   new best composite=0.7595
10:36:34 | INFO    | holoqpi.engine.trainer | epoch 32/60 (57s = 11s train + 46s val) | train_loss=0.7515  val_phase_mae=0.1820  val_dice=0.7683  val_cls_acc=0.7244  val_mass_mape=0.2324
10:36:35 | INFO    | holoqpi.engine.trainer |   epoch 33 step 0/140 loss=0.6049
10:36:36 | INFO    | holoqpi.engine.trainer |   epoch 33 step 20/140 loss=0.6156
10:36:38 | INFO    | holoqpi.engine.trainer |   epoch 33 step 40/140 loss=0.7281
10:36:40 | INFO    | holoqpi.engine.trainer |   epoch 33 step 60/140 loss=0.6746
10:36:41 | INFO    | holoqpi.engine.trainer |   epoch 33 step 80/140 loss=0.7048
10:36:43 | INFO    | holoqpi.engine.trainer |   epoch 33 step 100/140 loss=0.6948
10:36:44 | INFO    | holoqpi.engine.trainer |   epoch 33 step 120/140 loss=0.5068
10:37:32 | INFO    | holoqpi.engine.trainer | epoch 33/60 (58s = 12s train + 46s val) | train_loss=0.7484  val_phase_mae=0.1813  val_dice=0.7699  val_cls_acc=0.7480  val_mass_mape=0.2486
10:37:32 | INFO    | holoqpi.engine.trainer |   epoch 34 step 0/140 loss=1.0583
10:37:34 | INFO    | holoqpi.engine.trainer |   epoch 34 step 20/140 loss=0.7037
10:37:36 | INFO    | holoqpi.engine.trainer |   epoch 34 step 40/140 loss=0.5071
10:37:37 | INFO    | holoqpi.engine.trainer |   epoch 34 step 60/140 loss=0.6092
10:37:39 | INFO    | holoqpi.engine.trainer |   epoch 34 step 80/140 loss=0.7452
10:37:40 | INFO    | holoqpi.engine.trainer |   epoch 34 step 100/140 loss=0.8851
10:37:42 | INFO    | holoqpi.engine.trainer |   epoch 34 step 120/140 loss=0.5617
10:38:29 | INFO    | holoqpi.engine.trainer | epoch 34/60 (57s = 11s train + 46s val) | train_loss=0.7295  val_phase_mae=0.1874  val_dice=0.7617  val_cls_acc=0.7638  val_mass_mape=0.2678
10:38:30 | INFO    | holoqpi.engine.trainer |   epoch 35 step 0/140 loss=0.5525
10:38:31 | INFO    | holoqpi.engine.trainer |   epoch 35 step 20/140 loss=0.6088
10:38:33 | INFO    | holoqpi.engine.trainer |   epoch 35 step 40/140 loss=1.2712
10:38:35 | INFO    | holoqpi.engine.trainer |   epoch 35 step 60/140 loss=0.8765
10:38:36 | INFO    | holoqpi.engine.trainer |   epoch 35 step 80/140 loss=0.7714
10:38:38 | INFO    | holoqpi.engine.trainer |   epoch 35 step 100/140 loss=0.7423
10:38:40 | INFO    | holoqpi.engine.trainer |   epoch 35 step 120/140 loss=0.6802
10:39:27 | INFO    | holoqpi.engine.trainer | epoch 35/60 (57s = 12s train + 46s val) | train_loss=0.7277  val_phase_mae=0.1817  val_dice=0.7666  val_cls_acc=0.7795  val_mass_mape=0.2342
10:39:27 | INFO    | holoqpi.engine.trainer |   epoch 36 step 0/140 loss=0.6190
10:39:29 | INFO    | holoqpi.engine.trainer |   epoch 36 step 20/140 loss=0.8206
10:39:30 | INFO    | holoqpi.engine.trainer |   epoch 36 step 40/140 loss=0.5121
10:39:32 | INFO    | holoqpi.engine.trainer |   epoch 36 step 60/140 loss=0.6169
10:39:34 | INFO    | holoqpi.engine.trainer |   epoch 36 step 80/140 loss=1.1928
10:39:35 | INFO    | holoqpi.engine.trainer |   epoch 36 step 100/140 loss=1.2368
10:39:37 | INFO    | holoqpi.engine.trainer |   epoch 36 step 120/140 loss=0.7408
10:40:25 | INFO    | holoqpi.engine.trainer | epoch 36/60 (58s = 12s train + 47s val) | train_loss=0.7353  val_phase_mae=0.1843  val_dice=0.7631  val_cls_acc=0.6850  val_mass_mape=0.2413
10:40:25 | INFO    | holoqpi.engine.trainer |   epoch 37 step 0/140 loss=1.0316
10:40:27 | INFO    | holoqpi.engine.trainer |   epoch 37 step 20/140 loss=0.6400
10:40:29 | INFO    | holoqpi.engine.trainer |   epoch 37 step 40/140 loss=0.5861
10:40:30 | INFO    | holoqpi.engine.trainer |   epoch 37 step 60/140 loss=0.7222
10:40:32 | INFO    | holoqpi.engine.trainer |   epoch 37 step 80/140 loss=0.6818
10:40:33 | INFO    | holoqpi.engine.trainer |   epoch 37 step 100/140 loss=0.5973
10:40:35 | INFO    | holoqpi.engine.trainer |   epoch 37 step 120/140 loss=0.5903
10:41:22 | INFO    | holoqpi.engine.trainer | epoch 37/60 (57s = 11s train + 46s val) | train_loss=0.7241  val_phase_mae=0.1841  val_dice=0.7641  val_cls_acc=0.7244  val_mass_mape=0.2378
10:41:23 | INFO    | holoqpi.engine.trainer |   epoch 38 step 0/140 loss=0.6982
10:41:24 | INFO    | holoqpi.engine.trainer |   epoch 38 step 20/140 loss=0.7545
10:41:26 | INFO    | holoqpi.engine.trainer |   epoch 38 step 40/140 loss=0.6566
10:41:28 | INFO    | holoqpi.engine.trainer |   epoch 38 step 60/140 loss=0.6254
10:41:29 | INFO    | holoqpi.engine.trainer |   epoch 38 step 80/140 loss=0.6242
10:41:31 | INFO    | holoqpi.engine.trainer |   epoch 38 step 100/140 loss=0.6587
10:41:32 | INFO    | holoqpi.engine.trainer |   epoch 38 step 120/140 loss=0.5793
10:42:20 | INFO    | holoqpi.engine.trainer | epoch 38/60 (58s = 12s train + 46s val) | train_loss=0.7243  val_phase_mae=0.1852  val_dice=0.7584  val_cls_acc=0.7953  val_mass_mape=0.2279
10:42:20 | INFO    | holoqpi.engine.trainer |   epoch 39 step 0/140 loss=0.6851
10:42:22 | INFO    | holoqpi.engine.trainer |   epoch 39 step 20/140 loss=0.4988
10:42:24 | INFO    | holoqpi.engine.trainer |   epoch 39 step 40/140 loss=0.8661
10:42:25 | INFO    | holoqpi.engine.trainer |   epoch 39 step 60/140 loss=0.6738
10:42:27 | INFO    | holoqpi.engine.trainer |   epoch 39 step 80/140 loss=0.5031
10:42:28 | INFO    | holoqpi.engine.trainer |   epoch 39 step 100/140 loss=0.5855
10:42:30 | INFO    | holoqpi.engine.trainer |   epoch 39 step 120/140 loss=0.7700
10:43:17 | INFO    | holoqpi.engine.trainer | epoch 39/60 (57s = 11s train + 46s val) | train_loss=0.7149  val_phase_mae=0.1869  val_dice=0.7620  val_cls_acc=0.7874  val_mass_mape=0.2731
10:43:18 | INFO    | holoqpi.engine.trainer |   epoch 40 step 0/140 loss=1.0583
10:43:20 | INFO    | holoqpi.engine.trainer |   epoch 40 step 20/140 loss=0.6442
10:43:21 | INFO    | holoqpi.engine.trainer |   epoch 40 step 40/140 loss=1.3066
10:43:23 | INFO    | holoqpi.engine.trainer |   epoch 40 step 60/140 loss=0.6092
10:43:24 | INFO    | holoqpi.engine.trainer |   epoch 40 step 80/140 loss=0.9113
10:43:26 | INFO    | holoqpi.engine.trainer |   epoch 40 step 100/140 loss=0.7882
10:43:28 | INFO    | holoqpi.engine.trainer |   epoch 40 step 120/140 loss=0.5410
10:44:15 | INFO    | holoqpi.engine.trainer | epoch 40/60 (58s = 12s train + 46s val) | train_loss=0.7091  val_phase_mae=0.1855  val_dice=0.7633  val_cls_acc=0.8031  val_mass_mape=0.2587
10:44:15 | INFO    | holoqpi.engine.trainer |   epoch 41 step 0/140 loss=0.7431
10:44:17 | INFO    | holoqpi.engine.trainer |   epoch 41 step 20/140 loss=0.5309
10:44:19 | INFO    | holoqpi.engine.trainer |   epoch 41 step 40/140 loss=0.5772
10:44:20 | INFO    | holoqpi.engine.trainer |   epoch 41 step 60/140 loss=0.7075
10:44:22 | INFO    | holoqpi.engine.trainer |   epoch 41 step 80/140 loss=0.8349
10:44:23 | INFO    | holoqpi.engine.trainer |   epoch 41 step 100/140 loss=0.7968
10:44:25 | INFO    | holoqpi.engine.trainer |   epoch 41 step 120/140 loss=0.5527
10:45:12 | INFO    | holoqpi.engine.trainer | epoch 41/60 (57s = 11s train + 46s val) | train_loss=0.7130  val_phase_mae=0.1851  val_dice=0.7623  val_cls_acc=0.7323  val_mass_mape=0.2495
10:45:13 | INFO    | holoqpi.engine.trainer |   epoch 42 step 0/140 loss=0.5783
10:45:14 | INFO    | holoqpi.engine.trainer |   epoch 42 step 20/140 loss=0.5243
10:45:16 | INFO    | holoqpi.engine.trainer |   epoch 42 step 40/140 loss=0.5509
10:45:17 | INFO    | holoqpi.engine.trainer |   epoch 42 step 60/140 loss=0.9059
10:45:19 | INFO    | holoqpi.engine.trainer |   epoch 42 step 80/140 loss=1.6083
10:45:21 | INFO    | holoqpi.engine.trainer |   epoch 42 step 100/140 loss=0.8974
10:45:22 | INFO    | holoqpi.engine.trainer |   epoch 42 step 120/140 loss=0.6011
10:46:10 | INFO    | holoqpi.engine.trainer | epoch 42/60 (57s = 11s train + 46s val) | train_loss=0.6925  val_phase_mae=0.1824  val_dice=0.7676  val_cls_acc=0.7717  val_mass_mape=0.2308
10:46:10 | INFO    | holoqpi.engine.trainer |   epoch 43 step 0/140 loss=0.5133
10:46:12 | INFO    | holoqpi.engine.trainer |   epoch 43 step 20/140 loss=0.6491
10:46:13 | INFO    | holoqpi.engine.trainer |   epoch 43 step 40/140 loss=1.5176
10:46:15 | INFO    | holoqpi.engine.trainer |   epoch 43 step 60/140 loss=0.6773
10:46:17 | INFO    | holoqpi.engine.trainer |   epoch 43 step 80/140 loss=0.7150
10:46:18 | INFO    | holoqpi.engine.trainer |   epoch 43 step 100/140 loss=0.4840
10:46:20 | INFO    | holoqpi.engine.trainer |   epoch 43 step 120/140 loss=0.9633
10:47:07 | INFO    | holoqpi.engine.trainer | epoch 43/60 (57s = 11s train + 46s val) | train_loss=0.7101  val_phase_mae=0.1819  val_dice=0.7652  val_cls_acc=0.7874  val_mass_mape=0.2299
10:47:07 | INFO    | holoqpi.engine.trainer |   epoch 44 step 0/140 loss=0.6382
10:47:09 | INFO    | holoqpi.engine.trainer |   epoch 44 step 20/140 loss=0.5645
10:47:10 | INFO    | holoqpi.engine.trainer |   epoch 44 step 40/140 loss=0.6807
10:47:12 | INFO    | holoqpi.engine.trainer |   epoch 44 step 60/140 loss=0.4698
10:47:13 | INFO    | holoqpi.engine.trainer |   epoch 44 step 80/140 loss=0.8462
10:47:15 | INFO    | holoqpi.engine.trainer |   epoch 44 step 100/140 loss=0.7819
10:47:17 | INFO    | holoqpi.engine.trainer |   epoch 44 step 120/140 loss=0.6198
10:48:05 | INFO    | holoqpi.engine.trainer |   new best composite=0.7607
10:48:05 | INFO    | holoqpi.engine.trainer | epoch 44/60 (57s = 12s train + 46s val) | train_loss=0.6954  val_phase_mae=0.1813  val_dice=0.7673  val_cls_acc=0.7953  val_mass_mape=0.2298
10:48:05 | INFO    | holoqpi.engine.trainer |   epoch 45 step 0/140 loss=0.6167
10:48:07 | INFO    | holoqpi.engine.trainer |   epoch 45 step 20/140 loss=0.4547
10:48:08 | INFO    | holoqpi.engine.trainer |   epoch 45 step 40/140 loss=0.7287
10:48:10 | INFO    | holoqpi.engine.trainer |   epoch 45 step 60/140 loss=0.6436
10:48:11 | INFO    | holoqpi.engine.trainer |   epoch 45 step 80/140 loss=0.9190
10:48:13 | INFO    | holoqpi.engine.trainer |   epoch 45 step 100/140 loss=0.6575
10:48:15 | INFO    | holoqpi.engine.trainer |   epoch 45 step 120/140 loss=0.9107
10:49:02 | INFO    | holoqpi.engine.trainer |   new best composite=0.7607
10:49:02 | INFO    | holoqpi.engine.trainer | epoch 45/60 (57s = 11s train + 46s val) | train_loss=0.6984  val_phase_mae=0.1806  val_dice=0.7692  val_cls_acc=0.7795  val_mass_mape=0.2299
10:49:03 | INFO    | holoqpi.engine.trainer |   epoch 46 step 0/140 loss=0.5264
10:49:04 | INFO    | holoqpi.engine.trainer |   epoch 46 step 20/140 loss=0.9240
10:49:06 | INFO    | holoqpi.engine.trainer |   epoch 46 step 40/140 loss=0.6021
10:49:07 | INFO    | holoqpi.engine.trainer |   epoch 46 step 60/140 loss=0.6174
10:49:09 | INFO    | holoqpi.engine.trainer |   epoch 46 step 80/140 loss=0.5330
10:49:11 | INFO    | holoqpi.engine.trainer |   epoch 46 step 100/140 loss=1.3451
10:49:12 | INFO    | holoqpi.engine.trainer |   epoch 46 step 120/140 loss=0.5785
10:49:59 | INFO    | holoqpi.engine.trainer | epoch 46/60 (57s = 12s train + 46s val) | train_loss=0.6826  val_phase_mae=0.1820  val_dice=0.7666  val_cls_acc=0.8031  val_mass_mape=0.2365
10:50:00 | INFO    | holoqpi.engine.trainer |   epoch 47 step 0/140 loss=0.6431
10:50:01 | INFO    | holoqpi.engine.trainer |   epoch 47 step 20/140 loss=0.6501
10:50:03 | INFO    | holoqpi.engine.trainer |   epoch 47 step 40/140 loss=0.4764
10:50:05 | INFO    | holoqpi.engine.trainer |   epoch 47 step 60/140 loss=0.5565
10:50:06 | INFO    | holoqpi.engine.trainer |   epoch 47 step 80/140 loss=0.7425
10:50:08 | INFO    | holoqpi.engine.trainer |   epoch 47 step 100/140 loss=0.6320
10:50:10 | INFO    | holoqpi.engine.trainer |   epoch 47 step 120/140 loss=0.8455
10:50:57 | INFO    | holoqpi.engine.trainer | epoch 47/60 (58s = 12s train + 46s val) | train_loss=0.6785  val_phase_mae=0.1817  val_dice=0.7676  val_cls_acc=0.7795  val_mass_mape=0.2345
10:50:57 | INFO    | holoqpi.engine.trainer |   epoch 48 step 0/140 loss=0.5157
10:50:59 | INFO    | holoqpi.engine.trainer |   epoch 48 step 20/140 loss=0.7911
10:51:01 | INFO    | holoqpi.engine.trainer |   epoch 48 step 40/140 loss=0.6991
10:51:02 | INFO    | holoqpi.engine.trainer |   epoch 48 step 60/140 loss=0.5922
10:51:04 | INFO    | holoqpi.engine.trainer |   epoch 48 step 80/140 loss=0.5623
10:51:05 | INFO    | holoqpi.engine.trainer |   epoch 48 step 100/140 loss=0.6143
10:51:07 | INFO    | holoqpi.engine.trainer |   epoch 48 step 120/140 loss=0.5398
10:51:55 | INFO    | holoqpi.engine.trainer |   new best composite=0.7607
10:51:55 | INFO    | holoqpi.engine.trainer | epoch 48/60 (58s = 11s train + 46s val) | train_loss=0.6743  val_phase_mae=0.1804  val_dice=0.7682  val_cls_acc=0.7874  val_mass_mape=0.2290
10:51:55 | INFO    | holoqpi.engine.trainer |   epoch 49 step 0/140 loss=0.6458
10:51:57 | INFO    | holoqpi.engine.trainer |   epoch 49 step 20/140 loss=0.5452
10:51:59 | INFO    | holoqpi.engine.trainer |   epoch 49 step 40/140 loss=0.5355
10:52:00 | INFO    | holoqpi.engine.trainer |   epoch 49 step 60/140 loss=0.8030
10:52:02 | INFO    | holoqpi.engine.trainer |   epoch 49 step 80/140 loss=0.5122
10:52:04 | INFO    | holoqpi.engine.trainer |   epoch 49 step 100/140 loss=0.7035
10:52:05 | INFO    | holoqpi.engine.trainer |   epoch 49 step 120/140 loss=0.9270
10:52:53 | INFO    | holoqpi.engine.trainer | epoch 49/60 (58s = 12s train + 46s val) | train_loss=0.6794  val_phase_mae=0.1821  val_dice=0.7653  val_cls_acc=0.8189  val_mass_mape=0.2251
10:52:53 | INFO    | holoqpi.engine.trainer |   epoch 50 step 0/140 loss=0.8081
10:52:55 | INFO    | holoqpi.engine.trainer |   epoch 50 step 20/140 loss=0.7106
10:52:56 | INFO    | holoqpi.engine.trainer |   epoch 50 step 40/140 loss=0.6292
10:52:58 | INFO    | holoqpi.engine.trainer |   epoch 50 step 60/140 loss=0.6402
10:53:00 | INFO    | holoqpi.engine.trainer |   epoch 50 step 80/140 loss=0.5001
10:53:01 | INFO    | holoqpi.engine.trainer |   epoch 50 step 100/140 loss=0.9515
10:53:03 | INFO    | holoqpi.engine.trainer |   epoch 50 step 120/140 loss=0.5897
10:53:50 | INFO    | holoqpi.engine.trainer | epoch 50/60 (58s = 12s train + 46s val) | train_loss=0.6836  val_phase_mae=0.1801  val_dice=0.7702  val_cls_acc=0.7874  val_mass_mape=0.2315
10:53:51 | INFO    | holoqpi.engine.trainer |   epoch 51 step 0/140 loss=0.5638
10:53:52 | INFO    | holoqpi.engine.trainer |   epoch 51 step 20/140 loss=0.6370
10:53:54 | INFO    | holoqpi.engine.trainer |   epoch 51 step 40/140 loss=0.4977
10:53:56 | INFO    | holoqpi.engine.trainer |   epoch 51 step 60/140 loss=0.5382
10:53:57 | INFO    | holoqpi.engine.trainer |   epoch 51 step 80/140 loss=0.5623
10:53:59 | INFO    | holoqpi.engine.trainer |   epoch 51 step 100/140 loss=0.5447
10:54:00 | INFO    | holoqpi.engine.trainer |   epoch 51 step 120/140 loss=0.5116
10:54:48 | INFO    | holoqpi.engine.trainer | epoch 51/60 (58s = 12s train + 46s val) | train_loss=0.6629  val_phase_mae=0.1805  val_dice=0.7679  val_cls_acc=0.7795  val_mass_mape=0.2285
10:54:48 | INFO    | holoqpi.engine.trainer |   epoch 52 step 0/140 loss=0.7348
10:54:50 | INFO    | holoqpi.engine.trainer |   epoch 52 step 20/140 loss=0.5818
10:54:52 | INFO    | holoqpi.engine.trainer |   epoch 52 step 40/140 loss=0.6319
10:54:53 | INFO    | holoqpi.engine.trainer |   epoch 52 step 60/140 loss=0.8681
10:54:55 | INFO    | holoqpi.engine.trainer |   epoch 52 step 80/140 loss=0.4926
10:54:56 | INFO    | holoqpi.engine.trainer |   epoch 52 step 100/140 loss=0.5153
10:54:58 | INFO    | holoqpi.engine.trainer |   epoch 52 step 120/140 loss=0.4367
10:55:46 | INFO    | holoqpi.engine.trainer |   new best composite=0.7611
10:55:46 | INFO    | holoqpi.engine.trainer | epoch 52/60 (58s = 12s train + 46s val) | train_loss=0.6693  val_phase_mae=0.1796  val_dice=0.7714  val_cls_acc=0.8189  val_mass_mape=0.2324
10:55:46 | INFO    | holoqpi.engine.trainer |   epoch 53 step 0/140 loss=0.7812
10:55:48 | INFO    | holoqpi.engine.trainer |   epoch 53 step 20/140 loss=0.8941
10:55:49 | INFO    | holoqpi.engine.trainer |   epoch 53 step 40/140 loss=0.8296
10:55:51 | INFO    | holoqpi.engine.trainer |   epoch 53 step 60/140 loss=0.4394
10:55:53 | INFO    | holoqpi.engine.trainer |   epoch 53 step 80/140 loss=0.5325
10:55:54 | INFO    | holoqpi.engine.trainer |   epoch 53 step 100/140 loss=0.6065
10:55:56 | INFO    | holoqpi.engine.trainer |   epoch 53 step 120/140 loss=0.5747
10:56:43 | INFO    | holoqpi.engine.trainer | epoch 53/60 (57s = 12s train + 46s val) | train_loss=0.6652  val_phase_mae=0.1807  val_dice=0.7706  val_cls_acc=0.7953  val_mass_mape=0.2323
10:56:44 | INFO    | holoqpi.engine.trainer |   epoch 54 step 0/140 loss=0.5730
10:56:45 | INFO    | holoqpi.engine.trainer |   epoch 54 step 20/140 loss=1.0955
10:56:47 | INFO    | holoqpi.engine.trainer |   epoch 54 step 40/140 loss=0.8315
10:56:48 | INFO    | holoqpi.engine.trainer |   epoch 54 step 60/140 loss=0.8968
10:56:50 | INFO    | holoqpi.engine.trainer |   epoch 54 step 80/140 loss=0.4796
10:56:51 | INFO    | holoqpi.engine.trainer |   epoch 54 step 100/140 loss=0.7983
10:56:53 | INFO    | holoqpi.engine.trainer |   epoch 54 step 120/140 loss=0.4486
10:57:40 | INFO    | holoqpi.engine.trainer |   new best composite=0.7616
10:57:40 | INFO    | holoqpi.engine.trainer | epoch 54/60 (57s = 11s train + 46s val) | train_loss=0.6809  val_phase_mae=0.1803  val_dice=0.7696  val_cls_acc=0.8189  val_mass_mape=0.2268
10:57:41 | INFO    | holoqpi.engine.trainer |   epoch 55 step 0/140 loss=0.5775
10:57:43 | INFO    | holoqpi.engine.trainer |   epoch 55 step 20/140 loss=0.5572
10:57:44 | INFO    | holoqpi.engine.trainer |   epoch 55 step 40/140 loss=0.5809
10:57:46 | INFO    | holoqpi.engine.trainer |   epoch 55 step 60/140 loss=0.5768
10:57:47 | INFO    | holoqpi.engine.trainer |   epoch 55 step 80/140 loss=0.4604
10:57:49 | INFO    | holoqpi.engine.trainer |   epoch 55 step 100/140 loss=0.5058
10:57:50 | INFO    | holoqpi.engine.trainer |   epoch 55 step 120/140 loss=0.7926
10:58:38 | INFO    | holoqpi.engine.trainer | epoch 55/60 (57s = 11s train + 46s val) | train_loss=0.6617  val_phase_mae=0.1808  val_dice=0.7700  val_cls_acc=0.7795  val_mass_mape=0.2350
10:58:38 | INFO    | holoqpi.engine.trainer |   epoch 56 step 0/140 loss=0.5665
10:58:40 | INFO    | holoqpi.engine.trainer |   epoch 56 step 20/140 loss=0.6806
10:58:41 | INFO    | holoqpi.engine.trainer |   epoch 56 step 40/140 loss=0.5770
10:58:43 | INFO    | holoqpi.engine.trainer |   epoch 56 step 60/140 loss=0.5155
10:58:45 | INFO    | holoqpi.engine.trainer |   epoch 56 step 80/140 loss=0.9521
10:58:46 | INFO    | holoqpi.engine.trainer |   epoch 56 step 100/140 loss=0.6258
10:58:48 | INFO    | holoqpi.engine.trainer |   epoch 56 step 120/140 loss=0.8025
10:59:36 | INFO    | holoqpi.engine.trainer |   new best composite=0.7635
10:59:36 | INFO    | holoqpi.engine.trainer | epoch 56/60 (58s = 12s train + 46s val) | train_loss=0.6572  val_phase_mae=0.1799  val_dice=0.7697  val_cls_acc=0.8189  val_mass_mape=0.2214
10:59:36 | INFO    | holoqpi.engine.trainer |   epoch 57 step 0/140 loss=0.5577
10:59:38 | INFO    | holoqpi.engine.trainer |   epoch 57 step 20/140 loss=0.7662
10:59:40 | INFO    | holoqpi.engine.trainer |   epoch 57 step 40/140 loss=0.7487
10:59:41 | INFO    | holoqpi.engine.trainer |   epoch 57 step 60/140 loss=0.5599
10:59:43 | INFO    | holoqpi.engine.trainer |   epoch 57 step 80/140 loss=0.5523
10:59:45 | INFO    | holoqpi.engine.trainer |   epoch 57 step 100/140 loss=0.5756
10:59:46 | INFO    | holoqpi.engine.trainer |   epoch 57 step 120/140 loss=0.5414
11:00:33 | INFO    | holoqpi.engine.trainer | epoch 57/60 (58s = 12s train + 46s val) | train_loss=0.6509  val_phase_mae=0.1801  val_dice=0.7693  val_cls_acc=0.7795  val_mass_mape=0.2261
11:00:34 | INFO    | holoqpi.engine.trainer |   epoch 58 step 0/140 loss=0.7142
11:00:36 | INFO    | holoqpi.engine.trainer |   epoch 58 step 20/140 loss=0.6781
11:00:37 | INFO    | holoqpi.engine.trainer |   epoch 58 step 40/140 loss=0.7034
11:00:39 | INFO    | holoqpi.engine.trainer |   epoch 58 step 60/140 loss=0.6638
11:00:40 | INFO    | holoqpi.engine.trainer |   epoch 58 step 80/140 loss=0.8707
11:00:42 | INFO    | holoqpi.engine.trainer |   epoch 58 step 100/140 loss=0.5029
11:00:43 | INFO    | holoqpi.engine.trainer |   epoch 58 step 120/140 loss=0.7248
11:01:31 | INFO    | holoqpi.engine.trainer | epoch 58/60 (57s = 11s train + 46s val) | train_loss=0.6685  val_phase_mae=0.1804  val_dice=0.7690  val_cls_acc=0.8268  val_mass_mape=0.2262
11:01:31 | INFO    | holoqpi.engine.trainer |   epoch 59 step 0/140 loss=0.5509
11:01:33 | INFO    | holoqpi.engine.trainer |   epoch 59 step 20/140 loss=0.6475
11:01:35 | INFO    | holoqpi.engine.trainer |   epoch 59 step 40/140 loss=0.5338
11:01:36 | INFO    | holoqpi.engine.trainer |   epoch 59 step 60/140 loss=0.6003
11:01:38 | INFO    | holoqpi.engine.trainer |   epoch 59 step 80/140 loss=0.4977
11:01:39 | INFO    | holoqpi.engine.trainer |   epoch 59 step 100/140 loss=0.4605
11:01:41 | INFO    | holoqpi.engine.trainer |   epoch 59 step 120/140 loss=0.5133
11:02:29 | INFO    | holoqpi.engine.trainer | epoch 59/60 (58s = 12s train + 46s val) | train_loss=0.6471  val_phase_mae=0.1800  val_dice=0.7701  val_cls_acc=0.7638  val_mass_mape=0.2245
11:02:29 | INFO    | holoqpi.engine.trainer |   epoch 60 step 0/140 loss=0.4738
11:02:31 | INFO    | holoqpi.engine.trainer |   epoch 60 step 20/140 loss=1.1308
11:02:32 | INFO    | holoqpi.engine.trainer |   epoch 60 step 40/140 loss=1.5553
11:02:34 | INFO    | holoqpi.engine.trainer |   epoch 60 step 60/140 loss=0.5770
11:02:35 | INFO    | holoqpi.engine.trainer |   epoch 60 step 80/140 loss=0.5302
11:02:37 | INFO    | holoqpi.engine.trainer |   epoch 60 step 100/140 loss=0.7064
11:02:39 | INFO    | holoqpi.engine.trainer |   epoch 60 step 120/140 loss=0.5990
11:03:26 | INFO    | holoqpi.engine.trainer | epoch 60/60 (57s = 12s train + 46s val) | train_loss=0.6502  val_phase_mae=0.1805  val_dice=0.7698  val_cls_acc=0.7953  val_mass_mape=0.2337
11:03:26 | INFO    | holoqpi.engine.trainer | training finished; best epoch 56 (composite=0.7635)
11:03:27 | INFO    | holoqpi.engine.trainer | checkpoint best_model.pt: 446/446 tensors matched
11:04:08 | INFO    | holoqpi.engine.compare | modality=gabor test metrics written to runs/no_measurement_gabor
11:04:09 | INFO    | holoqpi.engine.compare | comparison table written to runs/no_measurement_modality_comparison.csv
