11:04:13 | INFO    | holoqpi.engine.compare | ======================================================================
11:04:13 | INFO    | holoqpi.engine.compare | modality=off_axis  device=cuda  run_dir=runs/classification_only_off_axis
11:04:13 | INFO    | holoqpi.engine.compare | ======================================================================
11:04:13 | INFO    | holoqpi.data.dataset | train split: 560 samples | modality=off_axis | crop=512 | augment=True
11:04:13 | INFO    | holoqpi.data.dataset | val split: 127 samples | modality=off_axis | crop=None | augment=False
11:04:13 | INFO    | holoqpi.data.dataset | test split: 113 samples | modality=off_axis | crop=None | augment=False
11:04:14 | INFO    | holoqpi.models.encoders | encoder=mobilenet_v2 in_channels=1 pretrained=True stages=[16, 24, 32, 96, 1280]
11:04:14 | INFO    | holoqpi.models.holonet | HoloQPINet built: 9.76M parameters, 9.76M trainable (100.0%)
11:04:16 | INFO    | holoqpi.engine.trainer | trainable 9.76M / 9.76M parameters (100.0%)
11:04:16 | INFO    | holoqpi.engine.trainer | active physics terms: none
11:04:21 | INFO    | holoqpi.engine.trainer |   epoch 1 step 0/140 loss=1.5531
11:04:22 | INFO    | holoqpi.engine.trainer |   epoch 1 step 20/140 loss=1.6994
11:04:24 | INFO    | holoqpi.engine.trainer |   epoch 1 step 40/140 loss=1.5984
11:04:26 | INFO    | holoqpi.engine.trainer |   epoch 1 step 60/140 loss=1.6668
11:04:28 | INFO    | holoqpi.engine.trainer |   epoch 1 step 80/140 loss=1.6619
11:04:31 | INFO    | holoqpi.engine.trainer |   epoch 1 step 100/140 loss=1.4912
11:04:33 | INFO    | holoqpi.engine.trainer |   epoch 1 step 120/140 loss=1.6584
11:05:40 | INFO    | holoqpi.engine.trainer |   new best cls_accuracy=0.2598
11:05:40 | INFO    | holoqpi.engine.trainer | epoch 1/60 (85s = 19s train + 66s val) | train_loss=1.6524  val_phase_mae=0.5018  val_dice=0.1831  val_cls_acc=0.2598  val_mass_mape=nan
11:05:40 | INFO    | holoqpi.engine.trainer |   at this rate the full 60-epoch schedule takes about 85 min
11:05:41 | INFO    | holoqpi.engine.trainer |   epoch 2 step 0/140 loss=1.3950
11:05:44 | INFO    | holoqpi.engine.trainer |   epoch 2 step 20/140 loss=1.7127
11:05:46 | INFO    | holoqpi.engine.trainer |   epoch 2 step 40/140 loss=1.7471
11:05:48 | INFO    | holoqpi.engine.trainer |   epoch 2 step 60/140 loss=1.5793
11:05:51 | INFO    | holoqpi.engine.trainer |   epoch 2 step 80/140 loss=1.6165
11:05:53 | INFO    | holoqpi.engine.trainer |   epoch 2 step 100/140 loss=1.7325
11:05:55 | INFO    | holoqpi.engine.trainer |   epoch 2 step 120/140 loss=1.6774
11:06:54 | INFO    | holoqpi.engine.trainer | epoch 2/60 (74s = 17s train + 57s val) | train_loss=1.6457  val_phase_mae=0.4697  val_dice=0.1623  val_cls_acc=0.2126  val_mass_mape=nan
11:06:55 | INFO    | holoqpi.engine.trainer |   epoch 3 step 0/140 loss=1.6190
11:06:57 | INFO    | holoqpi.engine.trainer |   epoch 3 step 20/140 loss=1.3732
11:06:59 | INFO    | holoqpi.engine.trainer |   epoch 3 step 40/140 loss=1.4914
11:07:00 | INFO    | holoqpi.engine.trainer |   epoch 3 step 60/140 loss=1.5202
11:07:02 | INFO    | holoqpi.engine.trainer |   epoch 3 step 80/140 loss=1.6916
11:07:04 | INFO    | holoqpi.engine.trainer |   epoch 3 step 100/140 loss=1.4818
11:07:06 | INFO    | holoqpi.engine.trainer |   epoch 3 step 120/140 loss=1.4353
11:08:08 | INFO    | holoqpi.engine.trainer | epoch 3/60 (73s = 13s train + 60s val) | train_loss=1.6237  val_phase_mae=0.4800  val_dice=0.1771  val_cls_acc=0.1969  val_mass_mape=nan
11:08:08 | INFO    | holoqpi.engine.trainer |   epoch 4 step 0/140 loss=1.3721
11:08:10 | INFO    | holoqpi.engine.trainer |   epoch 4 step 20/140 loss=1.6466
11:08:12 | INFO    | holoqpi.engine.trainer |   epoch 4 step 40/140 loss=1.6428
11:08:14 | INFO    | holoqpi.engine.trainer |   epoch 4 step 60/140 loss=1.6804
11:08:16 | INFO    | holoqpi.engine.trainer |   epoch 4 step 80/140 loss=1.5258
11:08:17 | INFO    | holoqpi.engine.trainer |   epoch 4 step 100/140 loss=1.6570
11:08:19 | INFO    | holoqpi.engine.trainer |   epoch 4 step 120/140 loss=1.7672
11:09:27 | INFO    | holoqpi.engine.trainer | epoch 4/60 (79s = 13s train + 66s val) | train_loss=1.6459  val_phase_mae=0.4862  val_dice=0.1777  val_cls_acc=0.2441  val_mass_mape=2.3434
11:09:28 | INFO    | holoqpi.engine.trainer |   epoch 5 step 0/140 loss=1.6807
11:09:29 | INFO    | holoqpi.engine.trainer |   epoch 5 step 20/140 loss=1.6370
11:09:31 | INFO    | holoqpi.engine.trainer |   epoch 5 step 40/140 loss=1.7591
11:09:33 | INFO    | holoqpi.engine.trainer |   epoch 5 step 60/140 loss=1.6787
11:09:35 | INFO    | holoqpi.engine.trainer |   epoch 5 step 80/140 loss=1.6971
11:09:37 | INFO    | holoqpi.engine.trainer |   epoch 5 step 100/140 loss=1.7664
11:09:38 | INFO    | holoqpi.engine.trainer |   epoch 5 step 120/140 loss=1.5430
11:10:47 | INFO    | holoqpi.engine.trainer | epoch 5/60 (80s = 13s train + 67s val) | train_loss=1.6144  val_phase_mae=0.4887  val_dice=0.2004  val_cls_acc=0.2283  val_mass_mape=nan
11:10:48 | INFO    | holoqpi.engine.trainer |   epoch 6 step 0/140 loss=1.4736
11:10:49 | INFO    | holoqpi.engine.trainer |   epoch 6 step 20/140 loss=1.5064
11:10:51 | INFO    | holoqpi.engine.trainer |   epoch 6 step 40/140 loss=1.5279
11:10:53 | INFO    | holoqpi.engine.trainer |   epoch 6 step 60/140 loss=1.5782
11:10:55 | INFO    | holoqpi.engine.trainer |   epoch 6 step 80/140 loss=1.6627
11:10:56 | INFO    | holoqpi.engine.trainer |   epoch 6 step 100/140 loss=1.6840
11:10:58 | INFO    | holoqpi.engine.trainer |   epoch 6 step 120/140 loss=1.5516
11:12:08 | INFO    | holoqpi.engine.trainer | epoch 6/60 (81s = 13s train + 68s val) | train_loss=1.6166  val_phase_mae=0.4961  val_dice=0.1984  val_cls_acc=0.2441  val_mass_mape=nan
11:12:09 | INFO    | holoqpi.engine.trainer |   epoch 7 step 0/140 loss=1.7611
11:12:10 | INFO    | holoqpi.engine.trainer |   epoch 7 step 20/140 loss=1.5050
11:12:12 | INFO    | holoqpi.engine.trainer |   epoch 7 step 40/140 loss=1.3974
11:12:14 | INFO    | holoqpi.engine.trainer |   epoch 7 step 60/140 loss=1.6461
11:12:16 | INFO    | holoqpi.engine.trainer |   epoch 7 step 80/140 loss=1.6226
11:12:18 | INFO    | holoqpi.engine.trainer |   epoch 7 step 100/140 loss=1.5709
11:12:19 | INFO    | holoqpi.engine.trainer |   epoch 7 step 120/140 loss=1.6860
11:13:27 | INFO    | holoqpi.engine.trainer | epoch 7/60 (79s = 13s train + 66s val) | train_loss=1.6083  val_phase_mae=0.4908  val_dice=0.1950  val_cls_acc=0.2441  val_mass_mape=nan
11:13:27 | INFO    | holoqpi.engine.trainer |   epoch 8 step 0/140 loss=1.7113
11:13:29 | INFO    | holoqpi.engine.trainer |   epoch 8 step 20/140 loss=1.5760
11:13:31 | INFO    | holoqpi.engine.trainer |   epoch 8 step 40/140 loss=1.4368
11:13:33 | INFO    | holoqpi.engine.trainer |   epoch 8 step 60/140 loss=1.5107
11:13:34 | INFO    | holoqpi.engine.trainer |   epoch 8 step 80/140 loss=1.3811
11:13:36 | INFO    | holoqpi.engine.trainer |   epoch 8 step 100/140 loss=1.6491
11:13:38 | INFO    | holoqpi.engine.trainer |   epoch 8 step 120/140 loss=1.8778
11:14:45 | INFO    | holoqpi.engine.trainer | epoch 8/60 (78s = 13s train + 65s val) | train_loss=1.5830  val_phase_mae=0.4868  val_dice=0.1982  val_cls_acc=0.2441  val_mass_mape=nan
11:14:45 | INFO    | holoqpi.engine.trainer |   epoch 9 step 0/140 loss=1.6807
11:14:47 | INFO    | holoqpi.engine.trainer |   epoch 9 step 20/140 loss=1.3422
11:14:49 | INFO    | holoqpi.engine.trainer |   epoch 9 step 40/140 loss=1.5555
11:14:50 | INFO    | holoqpi.engine.trainer |   epoch 9 step 60/140 loss=1.7293
11:14:52 | INFO    | holoqpi.engine.trainer |   epoch 9 step 80/140 loss=1.5421
11:14:54 | INFO    | holoqpi.engine.trainer |   epoch 9 step 100/140 loss=1.4569
11:14:56 | INFO    | holoqpi.engine.trainer |   epoch 9 step 120/140 loss=1.7508
11:16:02 | INFO    | holoqpi.engine.trainer | epoch 9/60 (78s = 13s train + 65s val) | train_loss=1.5748  val_phase_mae=0.4860  val_dice=0.1910  val_cls_acc=0.2441  val_mass_mape=nan
11:16:03 | INFO    | holoqpi.engine.trainer |   epoch 10 step 0/140 loss=1.8292
11:16:05 | INFO    | holoqpi.engine.trainer |   epoch 10 step 20/140 loss=1.5454
11:16:07 | INFO    | holoqpi.engine.trainer |   epoch 10 step 40/140 loss=1.7545
11:16:08 | INFO    | holoqpi.engine.trainer |   epoch 10 step 60/140 loss=1.4435
11:16:10 | INFO    | holoqpi.engine.trainer |   epoch 10 step 80/140 loss=1.5579
11:16:12 | INFO    | holoqpi.engine.trainer |   epoch 10 step 100/140 loss=1.6781
11:16:14 | INFO    | holoqpi.engine.trainer |   epoch 10 step 120/140 loss=1.7854
11:17:20 | INFO    | holoqpi.engine.trainer |   new best cls_accuracy=0.3465
11:17:20 | INFO    | holoqpi.engine.trainer | epoch 10/60 (77s = 13s train + 64s val) | train_loss=1.5698  val_phase_mae=0.4842  val_dice=0.1918  val_cls_acc=0.3465  val_mass_mape=nan
11:17:20 | INFO    | holoqpi.engine.trainer |   epoch 11 step 0/140 loss=1.6399
11:17:22 | INFO    | holoqpi.engine.trainer |   epoch 11 step 20/140 loss=1.5032
11:17:24 | INFO    | holoqpi.engine.trainer |   epoch 11 step 40/140 loss=1.7037
11:17:26 | INFO    | holoqpi.engine.trainer |   epoch 11 step 60/140 loss=1.6530
11:17:28 | INFO    | holoqpi.engine.trainer |   epoch 11 step 80/140 loss=1.6018
11:17:30 | INFO    | holoqpi.engine.trainer |   epoch 11 step 100/140 loss=1.7040
11:17:32 | INFO    | holoqpi.engine.trainer |   epoch 11 step 120/140 loss=1.4832
11:18:40 | INFO    | holoqpi.engine.trainer | epoch 11/60 (81s = 14s train + 66s val) | train_loss=1.5614  val_phase_mae=0.4844  val_dice=0.2002  val_cls_acc=0.2441  val_mass_mape=nan
11:18:41 | INFO    | holoqpi.engine.trainer |   epoch 12 step 0/140 loss=1.5698
11:18:43 | INFO    | holoqpi.engine.trainer |   epoch 12 step 20/140 loss=1.4049
11:18:45 | INFO    | holoqpi.engine.trainer |   epoch 12 step 40/140 loss=1.8333
11:18:47 | INFO    | holoqpi.engine.trainer |   epoch 12 step 60/140 loss=1.6069
11:18:49 | INFO    | holoqpi.engine.trainer |   epoch 12 step 80/140 loss=1.6137
11:18:51 | INFO    | holoqpi.engine.trainer |   epoch 12 step 100/140 loss=1.7052
11:18:53 | INFO    | holoqpi.engine.trainer |   epoch 12 step 120/140 loss=1.5889
11:20:00 | INFO    | holoqpi.engine.trainer | epoch 12/60 (80s = 14s train + 66s val) | train_loss=1.5667  val_phase_mae=0.4805  val_dice=0.1985  val_cls_acc=0.2441  val_mass_mape=nan
11:20:01 | INFO    | holoqpi.engine.trainer |   epoch 13 step 0/140 loss=1.2656
11:20:03 | INFO    | holoqpi.engine.trainer |   epoch 13 step 20/140 loss=1.6255
11:20:04 | INFO    | holoqpi.engine.trainer |   epoch 13 step 40/140 loss=1.3431
11:20:06 | INFO    | holoqpi.engine.trainer |   epoch 13 step 60/140 loss=1.6650
11:20:08 | INFO    | holoqpi.engine.trainer |   epoch 13 step 80/140 loss=1.6304
11:20:10 | INFO    | holoqpi.engine.trainer |   epoch 13 step 100/140 loss=1.5061
11:20:12 | INFO    | holoqpi.engine.trainer |   epoch 13 step 120/140 loss=1.5177
11:21:17 | INFO    | holoqpi.engine.trainer | epoch 13/60 (77s = 13s train + 63s val) | train_loss=1.5400  val_phase_mae=0.4795  val_dice=0.1923  val_cls_acc=0.2756  val_mass_mape=1.5397
11:21:17 | INFO    | holoqpi.engine.trainer |   epoch 14 step 0/140 loss=1.6721
11:21:19 | INFO    | holoqpi.engine.trainer |   epoch 14 step 20/140 loss=1.4324
11:21:21 | INFO    | holoqpi.engine.trainer |   epoch 14 step 40/140 loss=0.9375
11:21:23 | INFO    | holoqpi.engine.trainer |   epoch 14 step 60/140 loss=0.9804
11:21:25 | INFO    | holoqpi.engine.trainer |   epoch 14 step 80/140 loss=1.8034
11:21:27 | INFO    | holoqpi.engine.trainer |   epoch 14 step 100/140 loss=1.6880
11:21:28 | INFO    | holoqpi.engine.trainer |   epoch 14 step 120/140 loss=1.2924
11:22:36 | INFO    | holoqpi.engine.trainer | epoch 14/60 (79s = 13s train + 66s val) | train_loss=1.5158  val_phase_mae=0.4845  val_dice=0.1930  val_cls_acc=0.3386  val_mass_mape=nan
11:22:37 | INFO    | holoqpi.engine.trainer |   epoch 15 step 0/140 loss=1.4750
11:22:39 | INFO    | holoqpi.engine.trainer |   epoch 15 step 20/140 loss=1.5018
11:22:40 | INFO    | holoqpi.engine.trainer |   epoch 15 step 40/140 loss=1.6628
11:22:42 | INFO    | holoqpi.engine.trainer |   epoch 15 step 60/140 loss=1.3508
11:22:44 | INFO    | holoqpi.engine.trainer |   epoch 15 step 80/140 loss=1.6815
11:22:46 | INFO    | holoqpi.engine.trainer |   epoch 15 step 100/140 loss=1.2980
11:22:48 | INFO    | holoqpi.engine.trainer |   epoch 15 step 120/140 loss=1.4367
11:23:52 | INFO    | holoqpi.engine.trainer | epoch 15/60 (76s = 13s train + 62s val) | train_loss=1.4899  val_phase_mae=0.4786  val_dice=0.1867  val_cls_acc=0.3307  val_mass_mape=nan
11:23:52 | INFO    | holoqpi.engine.trainer |   epoch 16 step 0/140 loss=1.3595
11:23:54 | INFO    | holoqpi.engine.trainer |   epoch 16 step 20/140 loss=1.6893
11:23:56 | INFO    | holoqpi.engine.trainer |   epoch 16 step 40/140 loss=1.2743
11:23:58 | INFO    | holoqpi.engine.trainer |   epoch 16 step 60/140 loss=2.4567
11:24:00 | INFO    | holoqpi.engine.trainer |   epoch 16 step 80/140 loss=1.6823
11:24:02 | INFO    | holoqpi.engine.trainer |   epoch 16 step 100/140 loss=1.2378
11:24:03 | INFO    | holoqpi.engine.trainer |   epoch 16 step 120/140 loss=1.0591
11:25:12 | INFO    | holoqpi.engine.trainer | epoch 16/60 (80s = 13s train + 67s val) | train_loss=1.4906  val_phase_mae=0.4768  val_dice=0.1958  val_cls_acc=0.2756  val_mass_mape=1.6746
11:25:13 | INFO    | holoqpi.engine.trainer |   epoch 17 step 0/140 loss=1.6175
11:25:15 | INFO    | holoqpi.engine.trainer |   epoch 17 step 20/140 loss=1.3995
11:25:16 | INFO    | holoqpi.engine.trainer |   epoch 17 step 40/140 loss=1.5359
11:25:18 | INFO    | holoqpi.engine.trainer |   epoch 17 step 60/140 loss=1.6441
11:25:20 | INFO    | holoqpi.engine.trainer |   epoch 17 step 80/140 loss=1.2267
11:25:22 | INFO    | holoqpi.engine.trainer |   epoch 17 step 100/140 loss=1.3889
11:25:24 | INFO    | holoqpi.engine.trainer |   epoch 17 step 120/140 loss=1.4074
11:26:34 | INFO    | holoqpi.engine.trainer |   new best cls_accuracy=0.3701
11:26:34 | INFO    | holoqpi.engine.trainer | epoch 17/60 (81s = 13s train + 68s val) | train_loss=1.4928  val_phase_mae=0.4813  val_dice=0.1940  val_cls_acc=0.3701  val_mass_mape=nan
11:26:34 | INFO    | holoqpi.engine.trainer |   epoch 18 step 0/140 loss=1.7187
11:26:36 | INFO    | holoqpi.engine.trainer |   epoch 18 step 20/140 loss=1.3491
11:26:38 | INFO    | holoqpi.engine.trainer |   epoch 18 step 40/140 loss=1.7457
11:26:39 | INFO    | holoqpi.engine.trainer |   epoch 18 step 60/140 loss=2.2004
11:26:41 | INFO    | holoqpi.engine.trainer |   epoch 18 step 80/140 loss=1.5988
11:26:43 | INFO    | holoqpi.engine.trainer |   epoch 18 step 100/140 loss=1.3564
11:26:45 | INFO    | holoqpi.engine.trainer |   epoch 18 step 120/140 loss=1.1315
11:27:51 | INFO    | holoqpi.engine.trainer | epoch 18/60 (78s = 13s train + 65s val) | train_loss=1.4749  val_phase_mae=0.4741  val_dice=0.1926  val_cls_acc=0.3386  val_mass_mape=nan
11:27:52 | INFO    | holoqpi.engine.trainer |   epoch 19 step 0/140 loss=1.8100
11:27:54 | INFO    | holoqpi.engine.trainer |   epoch 19 step 20/140 loss=1.5230
11:27:55 | INFO    | holoqpi.engine.trainer |   epoch 19 step 40/140 loss=1.6744
11:27:57 | INFO    | holoqpi.engine.trainer |   epoch 19 step 60/140 loss=1.0856
11:27:59 | INFO    | holoqpi.engine.trainer |   epoch 19 step 80/140 loss=1.4455
11:28:01 | INFO    | holoqpi.engine.trainer |   epoch 19 step 100/140 loss=2.1871
11:28:03 | INFO    | holoqpi.engine.trainer |   epoch 19 step 120/140 loss=1.5856
11:29:11 | INFO    | holoqpi.engine.trainer | epoch 19/60 (80s = 13s train + 67s val) | train_loss=1.5158  val_phase_mae=0.4724  val_dice=0.1962  val_cls_acc=0.3465  val_mass_mape=1.7140
11:29:12 | INFO    | holoqpi.engine.trainer |   epoch 20 step 0/140 loss=1.7248
11:29:14 | INFO    | holoqpi.engine.trainer |   epoch 20 step 20/140 loss=1.3463
11:29:15 | INFO    | holoqpi.engine.trainer |   epoch 20 step 40/140 loss=1.2580
11:29:17 | INFO    | holoqpi.engine.trainer |   epoch 20 step 60/140 loss=1.6113
11:29:19 | INFO    | holoqpi.engine.trainer |   epoch 20 step 80/140 loss=1.6465
11:29:21 | INFO    | holoqpi.engine.trainer |   epoch 20 step 100/140 loss=1.4540
11:29:23 | INFO    | holoqpi.engine.trainer |   epoch 20 step 120/140 loss=1.6834
11:30:30 | INFO    | holoqpi.engine.trainer | epoch 20/60 (78s = 13s train + 65s val) | train_loss=1.4426  val_phase_mae=0.4767  val_dice=0.1973  val_cls_acc=0.3622  val_mass_mape=1.5292
11:30:30 | INFO    | holoqpi.engine.trainer |   epoch 21 step 0/140 loss=1.1237
11:30:32 | INFO    | holoqpi.engine.trainer |   epoch 21 step 20/140 loss=1.3363
11:30:34 | INFO    | holoqpi.engine.trainer |   epoch 21 step 40/140 loss=1.5361
11:30:36 | INFO    | holoqpi.engine.trainer |   epoch 21 step 60/140 loss=1.5452
11:30:37 | INFO    | holoqpi.engine.trainer |   epoch 21 step 80/140 loss=1.1621
11:30:39 | INFO    | holoqpi.engine.trainer |   epoch 21 step 100/140 loss=1.1695
11:30:41 | INFO    | holoqpi.engine.trainer |   epoch 21 step 120/140 loss=1.9648
11:31:51 | INFO    | holoqpi.engine.trainer | epoch 21/60 (81s = 13s train + 68s val) | train_loss=1.4506  val_phase_mae=0.4781  val_dice=0.1988  val_cls_acc=0.3465  val_mass_mape=nan
11:31:51 | INFO    | holoqpi.engine.trainer |   epoch 22 step 0/140 loss=1.7095
11:31:53 | INFO    | holoqpi.engine.trainer |   epoch 22 step 20/140 loss=1.4394
11:31:55 | INFO    | holoqpi.engine.trainer |   epoch 22 step 40/140 loss=1.8177
11:31:57 | INFO    | holoqpi.engine.trainer |   epoch 22 step 60/140 loss=1.5606
11:31:59 | INFO    | holoqpi.engine.trainer |   epoch 22 step 80/140 loss=1.5161
11:32:01 | INFO    | holoqpi.engine.trainer |   epoch 22 step 100/140 loss=1.5272
11:32:02 | INFO    | holoqpi.engine.trainer |   epoch 22 step 120/140 loss=1.3984
11:33:10 | INFO    | holoqpi.engine.trainer | epoch 22/60 (79s = 13s train + 66s val) | train_loss=1.4404  val_phase_mae=0.4760  val_dice=0.2002  val_cls_acc=0.3465  val_mass_mape=nan
11:33:10 | INFO    | holoqpi.engine.trainer |   epoch 23 step 0/140 loss=1.7118
11:33:12 | INFO    | holoqpi.engine.trainer |   epoch 23 step 20/140 loss=1.1571
11:33:14 | INFO    | holoqpi.engine.trainer |   epoch 23 step 40/140 loss=1.0893
11:33:16 | INFO    | holoqpi.engine.trainer |   epoch 23 step 60/140 loss=1.1497
11:33:18 | INFO    | holoqpi.engine.trainer |   epoch 23 step 80/140 loss=1.1555
11:33:19 | INFO    | holoqpi.engine.trainer |   epoch 23 step 100/140 loss=1.5217
11:33:21 | INFO    | holoqpi.engine.trainer |   epoch 23 step 120/140 loss=1.5364
11:34:27 | INFO    | holoqpi.engine.trainer |   new best cls_accuracy=0.4331
11:34:27 | INFO    | holoqpi.engine.trainer | epoch 23/60 (77s = 13s train + 64s val) | train_loss=1.4023  val_phase_mae=0.4814  val_dice=0.1957  val_cls_acc=0.4331  val_mass_mape=nan
11:34:28 | INFO    | holoqpi.engine.trainer |   epoch 24 step 0/140 loss=1.2038
11:34:30 | INFO    | holoqpi.engine.trainer |   epoch 24 step 20/140 loss=1.1096
11:34:31 | INFO    | holoqpi.engine.trainer |   epoch 24 step 40/140 loss=1.5210
11:34:33 | INFO    | holoqpi.engine.trainer |   epoch 24 step 60/140 loss=1.0206
11:34:35 | INFO    | holoqpi.engine.trainer |   epoch 24 step 80/140 loss=1.5330
11:34:37 | INFO    | holoqpi.engine.trainer |   epoch 24 step 100/140 loss=1.5332
11:34:39 | INFO    | holoqpi.engine.trainer |   epoch 24 step 120/140 loss=1.7111
11:35:45 | INFO    | holoqpi.engine.trainer | epoch 24/60 (77s = 13s train + 64s val) | train_loss=1.4069  val_phase_mae=0.4796  val_dice=0.1957  val_cls_acc=0.3465  val_mass_mape=nan
11:35:45 | INFO    | holoqpi.engine.trainer |   epoch 25 step 0/140 loss=1.6187
11:35:47 | INFO    | holoqpi.engine.trainer |   epoch 25 step 20/140 loss=1.4076
11:35:49 | INFO    | holoqpi.engine.trainer |   epoch 25 step 40/140 loss=1.4265
11:35:51 | INFO    | holoqpi.engine.trainer |   epoch 25 step 60/140 loss=1.1874
11:35:52 | INFO    | holoqpi.engine.trainer |   epoch 25 step 80/140 loss=2.0375
11:35:54 | INFO    | holoqpi.engine.trainer |   epoch 25 step 100/140 loss=2.3195
11:35:56 | INFO    | holoqpi.engine.trainer |   epoch 25 step 120/140 loss=1.5731
11:37:04 | INFO    | holoqpi.engine.trainer | epoch 25/60 (79s = 13s train + 66s val) | train_loss=1.4361  val_phase_mae=0.4759  val_dice=0.1967  val_cls_acc=0.3228  val_mass_mape=nan
11:37:05 | INFO    | holoqpi.engine.trainer |   epoch 26 step 0/140 loss=1.0698
11:37:06 | INFO    | holoqpi.engine.trainer |   epoch 26 step 20/140 loss=1.6114
11:37:08 | INFO    | holoqpi.engine.trainer |   epoch 26 step 40/140 loss=2.0878
11:37:10 | INFO    | holoqpi.engine.trainer |   epoch 26 step 60/140 loss=1.6464
11:37:12 | INFO    | holoqpi.engine.trainer |   epoch 26 step 80/140 loss=1.3442
11:37:14 | INFO    | holoqpi.engine.trainer |   epoch 26 step 100/140 loss=1.2186
11:37:16 | INFO    | holoqpi.engine.trainer |   epoch 26 step 120/140 loss=1.6105
11:38:21 | INFO    | holoqpi.engine.trainer | epoch 26/60 (77s = 13s train + 64s val) | train_loss=1.4440  val_phase_mae=0.4782  val_dice=0.1947  val_cls_acc=0.4016  val_mass_mape=nan
11:38:22 | INFO    | holoqpi.engine.trainer |   epoch 27 step 0/140 loss=2.2195
11:38:23 | INFO    | holoqpi.engine.trainer |   epoch 27 step 20/140 loss=1.5852
11:38:25 | INFO    | holoqpi.engine.trainer |   epoch 27 step 40/140 loss=1.2248
11:38:27 | INFO    | holoqpi.engine.trainer |   epoch 27 step 60/140 loss=1.1009
11:38:29 | INFO    | holoqpi.engine.trainer |   epoch 27 step 80/140 loss=1.2077
11:38:31 | INFO    | holoqpi.engine.trainer |   epoch 27 step 100/140 loss=1.7666
11:38:33 | INFO    | holoqpi.engine.trainer |   epoch 27 step 120/140 loss=0.9937
11:39:40 | INFO    | holoqpi.engine.trainer | epoch 27/60 (79s = 13s train + 65s val) | train_loss=1.3903  val_phase_mae=0.4797  val_dice=0.1991  val_cls_acc=0.3307  val_mass_mape=nan
11:39:40 | INFO    | holoqpi.engine.trainer |   epoch 28 step 0/140 loss=1.5115
11:39:42 | INFO    | holoqpi.engine.trainer |   epoch 28 step 20/140 loss=1.8087
11:39:44 | INFO    | holoqpi.engine.trainer |   epoch 28 step 40/140 loss=1.8165
11:39:46 | INFO    | holoqpi.engine.trainer |   epoch 28 step 60/140 loss=1.8169
11:39:48 | INFO    | holoqpi.engine.trainer |   epoch 28 step 80/140 loss=0.9170
11:39:50 | INFO    | holoqpi.engine.trainer |   epoch 28 step 100/140 loss=1.9332
11:39:51 | INFO    | holoqpi.engine.trainer |   epoch 28 step 120/140 loss=1.0740
11:40:59 | INFO    | holoqpi.engine.trainer | epoch 28/60 (79s = 13s train + 66s val) | train_loss=1.3876  val_phase_mae=0.4786  val_dice=0.1949  val_cls_acc=0.3937  val_mass_mape=nan
11:40:59 | INFO    | holoqpi.engine.trainer |   epoch 29 step 0/140 loss=1.1336
11:41:01 | INFO    | holoqpi.engine.trainer |   epoch 29 step 20/140 loss=0.9022
11:41:03 | INFO    | holoqpi.engine.trainer |   epoch 29 step 40/140 loss=1.1472
11:41:05 | INFO    | holoqpi.engine.trainer |   epoch 29 step 60/140 loss=1.2415
11:41:07 | INFO    | holoqpi.engine.trainer |   epoch 29 step 80/140 loss=1.1671
11:41:08 | INFO    | holoqpi.engine.trainer |   epoch 29 step 100/140 loss=1.0674
11:41:10 | INFO    | holoqpi.engine.trainer |   epoch 29 step 120/140 loss=1.8139
11:42:17 | INFO    | holoqpi.engine.trainer | epoch 29/60 (78s = 13s train + 66s val) | train_loss=1.3932  val_phase_mae=0.4808  val_dice=0.2003  val_cls_acc=0.3543  val_mass_mape=nan
11:42:18 | INFO    | holoqpi.engine.trainer |   epoch 30 step 0/140 loss=1.2755
11:42:19 | INFO    | holoqpi.engine.trainer |   epoch 30 step 20/140 loss=1.4311
11:42:21 | INFO    | holoqpi.engine.trainer |   epoch 30 step 40/140 loss=1.6526
11:42:23 | INFO    | holoqpi.engine.trainer |   epoch 30 step 60/140 loss=1.8108
11:42:25 | INFO    | holoqpi.engine.trainer |   epoch 30 step 80/140 loss=1.6671
11:42:27 | INFO    | holoqpi.engine.trainer |   epoch 30 step 100/140 loss=1.1641
11:42:28 | INFO    | holoqpi.engine.trainer |   epoch 30 step 120/140 loss=1.2757
11:43:36 | INFO    | holoqpi.engine.trainer | epoch 30/60 (79s = 13s train + 66s val) | train_loss=1.3383  val_phase_mae=0.4764  val_dice=0.2008  val_cls_acc=0.4331  val_mass_mape=nan
11:43:37 | INFO    | holoqpi.engine.trainer |   epoch 31 step 0/140 loss=1.4751
11:43:39 | INFO    | holoqpi.engine.trainer |   epoch 31 step 20/140 loss=1.1568
11:43:40 | INFO    | holoqpi.engine.trainer |   epoch 31 step 40/140 loss=1.5428
11:43:42 | INFO    | holoqpi.engine.trainer |   epoch 31 step 60/140 loss=1.2007
11:43:44 | INFO    | holoqpi.engine.trainer |   epoch 31 step 80/140 loss=1.0860
11:43:46 | INFO    | holoqpi.engine.trainer |   epoch 31 step 100/140 loss=1.8829
11:43:48 | INFO    | holoqpi.engine.trainer |   epoch 31 step 120/140 loss=1.2146
11:44:54 | INFO    | holoqpi.engine.trainer | epoch 31/60 (78s = 13s train + 65s val) | train_loss=1.3841  val_phase_mae=0.4736  val_dice=0.1954  val_cls_acc=0.3622  val_mass_mape=nan
11:44:55 | INFO    | holoqpi.engine.trainer |   epoch 32 step 0/140 loss=1.1899
11:44:56 | INFO    | holoqpi.engine.trainer |   epoch 32 step 20/140 loss=0.9425
11:44:58 | INFO    | holoqpi.engine.trainer |   epoch 32 step 40/140 loss=1.5870
11:45:00 | INFO    | holoqpi.engine.trainer |   epoch 32 step 60/140 loss=1.7331
11:45:02 | INFO    | holoqpi.engine.trainer |   epoch 32 step 80/140 loss=1.2857
11:45:04 | INFO    | holoqpi.engine.trainer |   epoch 32 step 100/140 loss=1.2206
11:45:06 | INFO    | holoqpi.engine.trainer |   epoch 32 step 120/140 loss=1.6495
11:46:12 | INFO    | holoqpi.engine.trainer | epoch 32/60 (78s = 13s train + 64s val) | train_loss=1.3090  val_phase_mae=0.4779  val_dice=0.2018  val_cls_acc=0.3071  val_mass_mape=1.8171
11:46:12 | INFO    | holoqpi.engine.trainer |   epoch 33 step 0/140 loss=1.0122
11:46:14 | INFO    | holoqpi.engine.trainer |   epoch 33 step 20/140 loss=0.9677
11:46:16 | INFO    | holoqpi.engine.trainer |   epoch 33 step 40/140 loss=1.5082
11:46:18 | INFO    | holoqpi.engine.trainer |   epoch 33 step 60/140 loss=1.1520
11:46:20 | INFO    | holoqpi.engine.trainer |   epoch 33 step 80/140 loss=1.0626
11:46:22 | INFO    | holoqpi.engine.trainer |   epoch 33 step 100/140 loss=1.2456
11:46:23 | INFO    | holoqpi.engine.trainer |   epoch 33 step 120/140 loss=1.0444
11:47:28 | INFO    | holoqpi.engine.trainer |   new best cls_accuracy=0.4488
11:47:28 | INFO    | holoqpi.engine.trainer | epoch 33/60 (76s = 13s train + 63s val) | train_loss=1.3056  val_phase_mae=0.4780  val_dice=0.1975  val_cls_acc=0.4488  val_mass_mape=nan
11:47:29 | INFO    | holoqpi.engine.trainer |   epoch 34 step 0/140 loss=1.4402
11:47:30 | INFO    | holoqpi.engine.trainer |   epoch 34 step 20/140 loss=1.8772
11:47:32 | INFO    | holoqpi.engine.trainer |   epoch 34 step 40/140 loss=1.2655
11:47:34 | INFO    | holoqpi.engine.trainer |   epoch 34 step 60/140 loss=1.1961
11:47:36 | INFO    | holoqpi.engine.trainer |   epoch 34 step 80/140 loss=1.0646
11:47:38 | INFO    | holoqpi.engine.trainer |   epoch 34 step 100/140 loss=1.2134
11:47:40 | INFO    | holoqpi.engine.trainer |   epoch 34 step 120/140 loss=0.8965
11:48:46 | INFO    | holoqpi.engine.trainer | epoch 34/60 (78s = 13s train + 64s val) | train_loss=1.3176  val_phase_mae=0.4798  val_dice=0.1994  val_cls_acc=0.4252  val_mass_mape=nan
11:48:47 | INFO    | holoqpi.engine.trainer |   epoch 35 step 0/140 loss=0.7743
11:48:48 | INFO    | holoqpi.engine.trainer |   epoch 35 step 20/140 loss=1.3305
11:48:50 | INFO    | holoqpi.engine.trainer |   epoch 35 step 40/140 loss=1.8993
11:48:52 | INFO    | holoqpi.engine.trainer |   epoch 35 step 60/140 loss=2.0643
11:48:54 | INFO    | holoqpi.engine.trainer |   epoch 35 step 80/140 loss=1.1788
11:48:56 | INFO    | holoqpi.engine.trainer |   epoch 35 step 100/140 loss=1.0005
11:48:57 | INFO    | holoqpi.engine.trainer |   epoch 35 step 120/140 loss=1.4762
11:50:03 | INFO    | holoqpi.engine.trainer | epoch 35/60 (77s = 13s train + 64s val) | train_loss=1.3062  val_phase_mae=0.4796  val_dice=0.1976  val_cls_acc=0.4331  val_mass_mape=nan
11:50:04 | INFO    | holoqpi.engine.trainer |   epoch 36 step 0/140 loss=0.9277
11:50:05 | INFO    | holoqpi.engine.trainer |   epoch 36 step 20/140 loss=1.8514
11:50:07 | INFO    | holoqpi.engine.trainer |   epoch 36 step 40/140 loss=1.1086
11:50:09 | INFO    | holoqpi.engine.trainer |   epoch 36 step 60/140 loss=1.0902
11:50:11 | INFO    | holoqpi.engine.trainer |   epoch 36 step 80/140 loss=0.6423
11:50:13 | INFO    | holoqpi.engine.trainer |   epoch 36 step 100/140 loss=1.8782
11:50:15 | INFO    | holoqpi.engine.trainer |   epoch 36 step 120/140 loss=1.4361
11:51:21 | INFO    | holoqpi.engine.trainer | epoch 36/60 (78s = 13s train + 65s val) | train_loss=1.2646  val_phase_mae=0.4802  val_dice=0.1965  val_cls_acc=0.4016  val_mass_mape=nan
11:51:22 | INFO    | holoqpi.engine.trainer |   epoch 37 step 0/140 loss=1.1555
11:51:23 | INFO    | holoqpi.engine.trainer |   epoch 37 step 20/140 loss=1.3988
11:51:25 | INFO    | holoqpi.engine.trainer |   epoch 37 step 40/140 loss=1.5700
11:51:27 | INFO    | holoqpi.engine.trainer |   epoch 37 step 60/140 loss=1.5569
11:51:29 | INFO    | holoqpi.engine.trainer |   epoch 37 step 80/140 loss=1.3961
11:51:31 | INFO    | holoqpi.engine.trainer |   epoch 37 step 100/140 loss=1.0886
11:51:33 | INFO    | holoqpi.engine.trainer |   epoch 37 step 120/140 loss=0.7869
11:52:38 | INFO    | holoqpi.engine.trainer | epoch 37/60 (77s = 13s train + 64s val) | train_loss=1.2656  val_phase_mae=0.4766  val_dice=0.1979  val_cls_acc=0.2835  val_mass_mape=nan
11:52:39 | INFO    | holoqpi.engine.trainer |   epoch 38 step 0/140 loss=1.4913
11:52:41 | INFO    | holoqpi.engine.trainer |   epoch 38 step 20/140 loss=2.1434
11:52:43 | INFO    | holoqpi.engine.trainer |   epoch 38 step 40/140 loss=0.6226
11:52:44 | INFO    | holoqpi.engine.trainer |   epoch 38 step 60/140 loss=1.1208
11:52:46 | INFO    | holoqpi.engine.trainer |   epoch 38 step 80/140 loss=1.0754
11:52:48 | INFO    | holoqpi.engine.trainer |   epoch 38 step 100/140 loss=1.4342
11:52:50 | INFO    | holoqpi.engine.trainer |   epoch 38 step 120/140 loss=1.5149
11:53:55 | INFO    | holoqpi.engine.trainer | epoch 38/60 (76s = 13s train + 63s val) | train_loss=1.2696  val_phase_mae=0.4783  val_dice=0.1958  val_cls_acc=0.4409  val_mass_mape=nan
11:53:55 | INFO    | holoqpi.engine.trainer |   epoch 39 step 0/140 loss=0.8406
11:53:57 | INFO    | holoqpi.engine.trainer |   epoch 39 step 20/140 loss=1.8594
11:53:59 | INFO    | holoqpi.engine.trainer |   epoch 39 step 40/140 loss=1.3723
11:54:01 | INFO    | holoqpi.engine.trainer |   epoch 39 step 60/140 loss=1.3875
11:54:03 | INFO    | holoqpi.engine.trainer |   epoch 39 step 80/140 loss=0.7157
11:54:04 | INFO    | holoqpi.engine.trainer |   epoch 39 step 100/140 loss=1.7348
11:54:06 | INFO    | holoqpi.engine.trainer |   epoch 39 step 120/140 loss=1.4329
11:55:12 | INFO    | holoqpi.engine.trainer |   new best cls_accuracy=0.5276
11:55:12 | INFO    | holoqpi.engine.trainer | epoch 39/60 (77s = 13s train + 64s val) | train_loss=1.2777  val_phase_mae=0.4828  val_dice=0.1953  val_cls_acc=0.5276  val_mass_mape=nan
11:55:13 | INFO    | holoqpi.engine.trainer |   epoch 40 step 0/140 loss=1.6664
11:55:14 | INFO    | holoqpi.engine.trainer |   epoch 40 step 20/140 loss=1.5164
11:55:16 | INFO    | holoqpi.engine.trainer |   epoch 40 step 40/140 loss=1.2365
11:55:18 | INFO    | holoqpi.engine.trainer |   epoch 40 step 60/140 loss=1.5440
11:55:20 | INFO    | holoqpi.engine.trainer |   epoch 40 step 80/140 loss=1.6784
11:55:22 | INFO    | holoqpi.engine.trainer |   epoch 40 step 100/140 loss=1.5393
11:55:23 | INFO    | holoqpi.engine.trainer |   epoch 40 step 120/140 loss=1.0506
11:56:30 | INFO    | holoqpi.engine.trainer | epoch 40/60 (78s = 13s train + 65s val) | train_loss=1.2044  val_phase_mae=0.4787  val_dice=0.1980  val_cls_acc=0.4016  val_mass_mape=1.8298
11:56:31 | INFO    | holoqpi.engine.trainer |   epoch 41 step 0/140 loss=1.3892
11:56:32 | INFO    | holoqpi.engine.trainer |   epoch 41 step 20/140 loss=0.9536
11:56:34 | INFO    | holoqpi.engine.trainer |   epoch 41 step 40/140 loss=0.6582
11:56:36 | INFO    | holoqpi.engine.trainer |   epoch 41 step 60/140 loss=1.5956
11:56:38 | INFO    | holoqpi.engine.trainer |   epoch 41 step 80/140 loss=1.2585
11:56:40 | INFO    | holoqpi.engine.trainer |   epoch 41 step 100/140 loss=1.2274
11:56:41 | INFO    | holoqpi.engine.trainer |   epoch 41 step 120/140 loss=1.4131
11:57:47 | INFO    | holoqpi.engine.trainer | epoch 41/60 (77s = 13s train + 64s val) | train_loss=1.1988  val_phase_mae=0.4830  val_dice=0.1983  val_cls_acc=0.4409  val_mass_mape=nan
11:57:48 | INFO    | holoqpi.engine.trainer |   epoch 42 step 0/140 loss=1.3225
11:57:50 | INFO    | holoqpi.engine.trainer |   epoch 42 step 20/140 loss=1.4580
11:57:51 | INFO    | holoqpi.engine.trainer |   epoch 42 step 40/140 loss=1.6799
11:57:53 | INFO    | holoqpi.engine.trainer |   epoch 42 step 60/140 loss=0.9870
11:57:55 | INFO    | holoqpi.engine.trainer |   epoch 42 step 80/140 loss=1.8512
11:57:57 | INFO    | holoqpi.engine.trainer |   epoch 42 step 100/140 loss=0.6405
11:57:59 | INFO    | holoqpi.engine.trainer |   epoch 42 step 120/140 loss=1.6985
11:59:06 | INFO    | holoqpi.engine.trainer | epoch 42/60 (78s = 13s train + 65s val) | train_loss=1.2014  val_phase_mae=0.4807  val_dice=0.1987  val_cls_acc=0.3937  val_mass_mape=1.7540
11:59:06 | INFO    | holoqpi.engine.trainer |   epoch 43 step 0/140 loss=1.4603
11:59:08 | INFO    | holoqpi.engine.trainer |   epoch 43 step 20/140 loss=1.3747
11:59:10 | INFO    | holoqpi.engine.trainer |   epoch 43 step 40/140 loss=1.3594
11:59:12 | INFO    | holoqpi.engine.trainer |   epoch 43 step 60/140 loss=1.3011
11:59:13 | INFO    | holoqpi.engine.trainer |   epoch 43 step 80/140 loss=1.1108
11:59:15 | INFO    | holoqpi.engine.trainer |   epoch 43 step 100/140 loss=1.0918
11:59:17 | INFO    | holoqpi.engine.trainer |   epoch 43 step 120/140 loss=1.2137
12:00:22 | INFO    | holoqpi.engine.trainer |   new best cls_accuracy=0.5433
12:00:22 | INFO    | holoqpi.engine.trainer | epoch 43/60 (76s = 13s train + 63s val) | train_loss=1.1785  val_phase_mae=0.4775  val_dice=0.1956  val_cls_acc=0.5433  val_mass_mape=1.7841
12:00:23 | INFO    | holoqpi.engine.trainer |   epoch 44 step 0/140 loss=1.2290
12:00:25 | INFO    | holoqpi.engine.trainer |   epoch 44 step 20/140 loss=1.0618
12:00:26 | INFO    | holoqpi.engine.trainer |   epoch 44 step 40/140 loss=1.4090
12:00:28 | INFO    | holoqpi.engine.trainer |   epoch 44 step 60/140 loss=1.7458
12:00:30 | INFO    | holoqpi.engine.trainer |   epoch 44 step 80/140 loss=0.6268
12:00:32 | INFO    | holoqpi.engine.trainer |   epoch 44 step 100/140 loss=1.2900
12:00:34 | INFO    | holoqpi.engine.trainer |   epoch 44 step 120/140 loss=1.7733
12:01:38 | INFO    | holoqpi.engine.trainer | epoch 44/60 (76s = 13s train + 63s val) | train_loss=1.1326  val_phase_mae=0.4772  val_dice=0.1943  val_cls_acc=0.5354  val_mass_mape=1.8952
12:01:38 | INFO    | holoqpi.engine.trainer |   epoch 45 step 0/140 loss=1.1889
12:01:40 | INFO    | holoqpi.engine.trainer |   epoch 45 step 20/140 loss=1.1861
12:01:42 | INFO    | holoqpi.engine.trainer |   epoch 45 step 40/140 loss=1.8026
12:01:44 | INFO    | holoqpi.engine.trainer |   epoch 45 step 60/140 loss=0.7872
12:01:46 | INFO    | holoqpi.engine.trainer |   epoch 45 step 80/140 loss=2.3085
12:01:48 | INFO    | holoqpi.engine.trainer |   epoch 45 step 100/140 loss=1.0903
12:01:49 | INFO    | holoqpi.engine.trainer |   epoch 45 step 120/140 loss=1.3400
12:02:55 | INFO    | holoqpi.engine.trainer | epoch 45/60 (77s = 13s train + 64s val) | train_loss=1.1738  val_phase_mae=0.4791  val_dice=0.1982  val_cls_acc=0.3622  val_mass_mape=nan
12:02:55 | INFO    | holoqpi.engine.trainer |   epoch 46 step 0/140 loss=1.3613
12:02:57 | INFO    | holoqpi.engine.trainer |   epoch 46 step 20/140 loss=0.8030
12:02:59 | INFO    | holoqpi.engine.trainer |   epoch 46 step 40/140 loss=0.6877
12:03:01 | INFO    | holoqpi.engine.trainer |   epoch 46 step 60/140 loss=0.8599
12:03:02 | INFO    | holoqpi.engine.trainer |   epoch 46 step 80/140 loss=0.6504
12:03:04 | INFO    | holoqpi.engine.trainer |   epoch 46 step 100/140 loss=0.6974
12:03:06 | INFO    | holoqpi.engine.trainer |   epoch 46 step 120/140 loss=1.0396
12:04:12 | INFO    | holoqpi.engine.trainer | epoch 46/60 (77s = 13s train + 64s val) | train_loss=1.1237  val_phase_mae=0.4789  val_dice=0.1977  val_cls_acc=0.4173  val_mass_mape=nan
12:04:12 | INFO    | holoqpi.engine.trainer |   epoch 47 step 0/140 loss=1.4066
12:04:14 | INFO    | holoqpi.engine.trainer |   epoch 47 step 20/140 loss=1.7586
12:04:16 | INFO    | holoqpi.engine.trainer |   epoch 47 step 40/140 loss=1.1563
12:04:17 | INFO    | holoqpi.engine.trainer |   epoch 47 step 60/140 loss=1.7615
12:04:19 | INFO    | holoqpi.engine.trainer |   epoch 47 step 80/140 loss=1.4234
12:04:21 | INFO    | holoqpi.engine.trainer |   epoch 47 step 100/140 loss=1.0310
12:04:23 | INFO    | holoqpi.engine.trainer |   epoch 47 step 120/140 loss=1.3620
12:05:28 | INFO    | holoqpi.engine.trainer | epoch 47/60 (76s = 13s train + 63s val) | train_loss=1.1583  val_phase_mae=0.4785  val_dice=0.1947  val_cls_acc=0.5276  val_mass_mape=1.8592
12:05:28 | INFO    | holoqpi.engine.trainer |   epoch 48 step 0/140 loss=0.7656
12:05:30 | INFO    | holoqpi.engine.trainer |   epoch 48 step 20/140 loss=0.6937
12:05:32 | INFO    | holoqpi.engine.trainer |   epoch 48 step 40/140 loss=1.2074
12:05:34 | INFO    | holoqpi.engine.trainer |   epoch 48 step 60/140 loss=0.8421
12:05:35 | INFO    | holoqpi.engine.trainer |   epoch 48 step 80/140 loss=1.8572
12:05:37 | INFO    | holoqpi.engine.trainer |   epoch 48 step 100/140 loss=1.4246
12:05:39 | INFO    | holoqpi.engine.trainer |   epoch 48 step 120/140 loss=0.8085
12:06:44 | INFO    | holoqpi.engine.trainer | epoch 48/60 (76s = 13s train + 63s val) | train_loss=1.0693  val_phase_mae=0.4794  val_dice=0.1944  val_cls_acc=0.4961  val_mass_mape=1.7946
12:06:44 | INFO    | holoqpi.engine.trainer |   epoch 49 step 0/140 loss=0.7663
12:06:46 | INFO    | holoqpi.engine.trainer |   epoch 49 step 20/140 loss=1.6793
12:06:48 | INFO    | holoqpi.engine.trainer |   epoch 49 step 40/140 loss=1.7012
12:06:50 | INFO    | holoqpi.engine.trainer |   epoch 49 step 60/140 loss=0.7556
12:06:51 | INFO    | holoqpi.engine.trainer |   epoch 49 step 80/140 loss=1.3573
12:06:53 | INFO    | holoqpi.engine.trainer |   epoch 49 step 100/140 loss=1.8605
12:06:55 | INFO    | holoqpi.engine.trainer |   epoch 49 step 120/140 loss=0.6229
12:08:01 | INFO    | holoqpi.engine.trainer | epoch 49/60 (77s = 13s train + 64s val) | train_loss=1.1784  val_phase_mae=0.4764  val_dice=0.1981  val_cls_acc=0.5433  val_mass_mape=1.8601
12:08:01 | INFO    | holoqpi.engine.trainer |   epoch 50 step 0/140 loss=1.0400
12:08:03 | INFO    | holoqpi.engine.trainer |   epoch 50 step 20/140 loss=0.6800
12:08:05 | INFO    | holoqpi.engine.trainer |   epoch 50 step 40/140 loss=0.8564
12:08:07 | INFO    | holoqpi.engine.trainer |   epoch 50 step 60/140 loss=0.6700
12:08:08 | INFO    | holoqpi.engine.trainer |   epoch 50 step 80/140 loss=1.0038
12:08:10 | INFO    | holoqpi.engine.trainer |   epoch 50 step 100/140 loss=0.4964
12:08:12 | INFO    | holoqpi.engine.trainer |   epoch 50 step 120/140 loss=0.7967
12:09:20 | INFO    | holoqpi.engine.trainer | epoch 50/60 (79s = 13s train + 66s val) | train_loss=1.1786  val_phase_mae=0.4803  val_dice=0.1970  val_cls_acc=0.4567  val_mass_mape=nan
12:09:20 | INFO    | holoqpi.engine.trainer |   epoch 51 step 0/140 loss=0.7050
12:09:22 | INFO    | holoqpi.engine.trainer |   epoch 51 step 20/140 loss=1.3181
12:09:24 | INFO    | holoqpi.engine.trainer |   epoch 51 step 40/140 loss=0.9108
12:09:26 | INFO    | holoqpi.engine.trainer |   epoch 51 step 60/140 loss=0.8705
12:09:28 | INFO    | holoqpi.engine.trainer |   epoch 51 step 80/140 loss=1.5799
12:09:29 | INFO    | holoqpi.engine.trainer |   epoch 51 step 100/140 loss=1.1495
12:09:31 | INFO    | holoqpi.engine.trainer |   epoch 51 step 120/140 loss=1.6120
12:10:36 | INFO    | holoqpi.engine.trainer | epoch 51/60 (76s = 13s train + 63s val) | train_loss=1.0738  val_phase_mae=0.4773  val_dice=0.1955  val_cls_acc=0.5276  val_mass_mape=nan
12:10:36 | INFO    | holoqpi.engine.trainer |   epoch 52 step 0/140 loss=1.1623
12:10:38 | INFO    | holoqpi.engine.trainer |   epoch 52 step 20/140 loss=1.2405
12:10:40 | INFO    | holoqpi.engine.trainer |   epoch 52 step 40/140 loss=1.2273
12:10:41 | INFO    | holoqpi.engine.trainer |   epoch 52 step 60/140 loss=0.7760
12:10:43 | INFO    | holoqpi.engine.trainer |   epoch 52 step 80/140 loss=0.8310
12:10:45 | INFO    | holoqpi.engine.trainer |   epoch 52 step 100/140 loss=0.9454
12:10:47 | INFO    | holoqpi.engine.trainer |   epoch 52 step 120/140 loss=0.7389
12:11:52 | INFO    | holoqpi.engine.trainer | epoch 52/60 (77s = 13s train + 64s val) | train_loss=1.1408  val_phase_mae=0.4794  val_dice=0.1957  val_cls_acc=0.3858  val_mass_mape=nan
12:11:53 | INFO    | holoqpi.engine.trainer |   epoch 53 step 0/140 loss=1.0683
12:11:55 | INFO    | holoqpi.engine.trainer |   epoch 53 step 20/140 loss=0.8342
12:11:56 | INFO    | holoqpi.engine.trainer |   epoch 53 step 40/140 loss=0.6813
12:11:58 | INFO    | holoqpi.engine.trainer |   epoch 53 step 60/140 loss=0.9153
12:12:00 | INFO    | holoqpi.engine.trainer |   epoch 53 step 80/140 loss=1.7096
12:12:02 | INFO    | holoqpi.engine.trainer |   epoch 53 step 100/140 loss=1.3082
12:12:04 | INFO    | holoqpi.engine.trainer |   epoch 53 step 120/140 loss=0.8936
12:13:09 | INFO    | holoqpi.engine.trainer | epoch 53/60 (77s = 13s train + 63s val) | train_loss=1.0191  val_phase_mae=0.4783  val_dice=0.1950  val_cls_acc=0.4724  val_mass_mape=nan
12:13:09 | INFO    | holoqpi.engine.trainer |   epoch 54 step 0/140 loss=1.4694
12:13:11 | INFO    | holoqpi.engine.trainer |   epoch 54 step 20/140 loss=1.4819
12:13:13 | INFO    | holoqpi.engine.trainer |   epoch 54 step 40/140 loss=0.9068
12:13:15 | INFO    | holoqpi.engine.trainer |   epoch 54 step 60/140 loss=0.9067
12:13:17 | INFO    | holoqpi.engine.trainer |   epoch 54 step 80/140 loss=2.1363
12:13:19 | INFO    | holoqpi.engine.trainer |   epoch 54 step 100/140 loss=0.7652
12:13:21 | INFO    | holoqpi.engine.trainer |   epoch 54 step 120/140 loss=1.2067
12:14:26 | INFO    | holoqpi.engine.trainer | epoch 54/60 (77s = 13s train + 64s val) | train_loss=1.0784  val_phase_mae=0.4792  val_dice=0.1964  val_cls_acc=0.4173  val_mass_mape=nan
12:14:26 | INFO    | holoqpi.engine.trainer |   epoch 55 step 0/140 loss=1.1546
12:14:28 | INFO    | holoqpi.engine.trainer |   epoch 55 step 20/140 loss=1.4032
12:14:30 | INFO    | holoqpi.engine.trainer |   epoch 55 step 40/140 loss=1.1806
12:14:32 | INFO    | holoqpi.engine.trainer |   epoch 55 step 60/140 loss=1.0110
12:14:34 | INFO    | holoqpi.engine.trainer |   epoch 55 step 80/140 loss=0.5797
12:14:35 | INFO    | holoqpi.engine.trainer |   epoch 55 step 100/140 loss=0.7559
12:14:37 | INFO    | holoqpi.engine.trainer |   epoch 55 step 120/140 loss=0.7322
12:15:43 | INFO    | holoqpi.engine.trainer | epoch 55/60 (78s = 13s train + 65s val) | train_loss=1.0619  val_phase_mae=0.4803  val_dice=0.1968  val_cls_acc=0.3307  val_mass_mape=nan
12:15:44 | INFO    | holoqpi.engine.trainer |   epoch 56 step 0/140 loss=1.0746
12:15:46 | INFO    | holoqpi.engine.trainer |   epoch 56 step 20/140 loss=0.9508
12:15:48 | INFO    | holoqpi.engine.trainer |   epoch 56 step 40/140 loss=0.8056
12:15:49 | INFO    | holoqpi.engine.trainer |   epoch 56 step 60/140 loss=0.4880
12:15:51 | INFO    | holoqpi.engine.trainer |   epoch 56 step 80/140 loss=1.1295
12:15:53 | INFO    | holoqpi.engine.trainer |   epoch 56 step 100/140 loss=0.9903
12:15:55 | INFO    | holoqpi.engine.trainer |   epoch 56 step 120/140 loss=0.7957
12:17:01 | INFO    | holoqpi.engine.trainer | epoch 56/60 (78s = 13s train + 65s val) | train_loss=1.0245  val_phase_mae=0.4786  val_dice=0.1959  val_cls_acc=0.4724  val_mass_mape=nan
12:17:02 | INFO    | holoqpi.engine.trainer |   epoch 57 step 0/140 loss=1.5581
12:17:04 | INFO    | holoqpi.engine.trainer |   epoch 57 step 20/140 loss=1.2634
12:17:05 | INFO    | holoqpi.engine.trainer |   epoch 57 step 40/140 loss=0.9397
12:17:07 | INFO    | holoqpi.engine.trainer |   epoch 57 step 60/140 loss=1.9501
12:17:09 | INFO    | holoqpi.engine.trainer |   epoch 57 step 80/140 loss=1.6222
12:17:11 | INFO    | holoqpi.engine.trainer |   epoch 57 step 100/140 loss=0.3866
12:17:13 | INFO    | holoqpi.engine.trainer |   epoch 57 step 120/140 loss=1.2719
12:18:19 | INFO    | holoqpi.engine.trainer | epoch 57/60 (78s = 13s train + 65s val) | train_loss=1.0821  val_phase_mae=0.4786  val_dice=0.1968  val_cls_acc=0.4331  val_mass_mape=1.9085
12:18:19 | INFO    | holoqpi.engine.trainer |   epoch 58 step 0/140 loss=0.5936
12:18:21 | INFO    | holoqpi.engine.trainer |   epoch 58 step 20/140 loss=1.4004
12:18:23 | INFO    | holoqpi.engine.trainer |   epoch 58 step 40/140 loss=1.5832
12:18:25 | INFO    | holoqpi.engine.trainer |   epoch 58 step 60/140 loss=1.3675
12:18:27 | INFO    | holoqpi.engine.trainer |   epoch 58 step 80/140 loss=1.5528
12:18:28 | INFO    | holoqpi.engine.trainer |   epoch 58 step 100/140 loss=1.1370
12:18:30 | INFO    | holoqpi.engine.trainer |   epoch 58 step 120/140 loss=1.5108
12:19:37 | INFO    | holoqpi.engine.trainer |   new best cls_accuracy=0.6063
12:19:37 | INFO    | holoqpi.engine.trainer | epoch 58/60 (78s = 13s train + 65s val) | train_loss=1.1272  val_phase_mae=0.4776  val_dice=0.1966  val_cls_acc=0.6063  val_mass_mape=1.8715
12:19:37 | INFO    | holoqpi.engine.trainer |   epoch 59 step 0/140 loss=1.4255
12:19:39 | INFO    | holoqpi.engine.trainer |   epoch 59 step 20/140 loss=1.2216
12:19:41 | INFO    | holoqpi.engine.trainer |   epoch 59 step 40/140 loss=0.7723
12:19:43 | INFO    | holoqpi.engine.trainer |   epoch 59 step 60/140 loss=1.3024
12:19:44 | INFO    | holoqpi.engine.trainer |   epoch 59 step 80/140 loss=1.1496
12:19:46 | INFO    | holoqpi.engine.trainer |   epoch 59 step 100/140 loss=1.0226
12:19:48 | INFO    | holoqpi.engine.trainer |   epoch 59 step 120/140 loss=1.0715
12:20:57 | INFO    | holoqpi.engine.trainer | epoch 59/60 (81s = 13s train + 68s val) | train_loss=1.1076  val_phase_mae=0.4780  val_dice=0.1969  val_cls_acc=0.5512  val_mass_mape=nan
12:20:58 | INFO    | holoqpi.engine.trainer |   epoch 60 step 0/140 loss=0.6065
12:21:00 | INFO    | holoqpi.engine.trainer |   epoch 60 step 20/140 loss=0.5032
12:21:01 | INFO    | holoqpi.engine.trainer |   epoch 60 step 40/140 loss=1.4531
12:21:03 | INFO    | holoqpi.engine.trainer |   epoch 60 step 60/140 loss=0.8705
12:21:05 | INFO    | holoqpi.engine.trainer |   epoch 60 step 80/140 loss=1.2108
12:21:07 | INFO    | holoqpi.engine.trainer |   epoch 60 step 100/140 loss=0.7285
12:21:09 | INFO    | holoqpi.engine.trainer |   epoch 60 step 120/140 loss=1.0536
12:22:16 | INFO    | holoqpi.engine.trainer | epoch 60/60 (78s = 13s train + 65s val) | train_loss=1.0919  val_phase_mae=0.4781  val_dice=0.1960  val_cls_acc=0.4724  val_mass_mape=nan
12:22:16 | INFO    | holoqpi.engine.trainer | training finished; best epoch 58 (cls_accuracy=0.6063)
12:22:16 | INFO    | holoqpi.engine.trainer | checkpoint best_model.pt: 446/446 tensors matched
12:23:15 | INFO    | holoqpi.engine.compare | modality=off_axis test metrics written to runs/classification_only_off_axis
12:23:15 | INFO    | holoqpi.engine.compare | ======================================================================
12:23:15 | INFO    | holoqpi.engine.compare | modality=gabor  device=cuda  run_dir=runs/classification_only_gabor
12:23:15 | INFO    | holoqpi.engine.compare | ======================================================================
12:23:15 | INFO    | holoqpi.data.dataset | train split: 560 samples | modality=gabor | crop=512 | augment=True
12:23:15 | INFO    | holoqpi.data.dataset | val split: 127 samples | modality=gabor | crop=None | augment=False
12:23:15 | INFO    | holoqpi.data.dataset | test split: 113 samples | modality=gabor | crop=None | augment=False
12:23:15 | INFO    | holoqpi.models.encoders | encoder=mobilenet_v2 in_channels=1 pretrained=True stages=[16, 24, 32, 96, 1280]
12:23:15 | INFO    | holoqpi.models.holonet | HoloQPINet built: 9.76M parameters, 9.76M trainable (100.0%)
12:23:15 | INFO    | holoqpi.engine.trainer | trainable 9.76M / 9.76M parameters (100.0%)
12:23:15 | INFO    | holoqpi.engine.trainer | active physics terms: none
12:23:16 | INFO    | holoqpi.engine.trainer |   epoch 1 step 0/140 loss=1.5137
12:23:18 | INFO    | holoqpi.engine.trainer |   epoch 1 step 20/140 loss=1.8277
12:23:20 | INFO    | holoqpi.engine.trainer |   epoch 1 step 40/140 loss=1.3994
12:23:21 | INFO    | holoqpi.engine.trainer |   epoch 1 step 60/140 loss=1.6054
12:23:23 | INFO    | holoqpi.engine.trainer |   epoch 1 step 80/140 loss=1.4956
12:23:25 | INFO    | holoqpi.engine.trainer |   epoch 1 step 100/140 loss=1.4606
12:23:27 | INFO    | holoqpi.engine.trainer |   epoch 1 step 120/140 loss=1.0558
12:24:26 | INFO    | holoqpi.engine.trainer |   new best cls_accuracy=0.3937
12:24:26 | INFO    | holoqpi.engine.trainer | epoch 1/60 (71s = 13s train + 58s val) | train_loss=1.5326  val_phase_mae=0.4717  val_dice=0.1471  val_cls_acc=0.3937  val_mass_mape=nan
12:24:26 | INFO    | holoqpi.engine.trainer |   at this rate the full 60-epoch schedule takes about 71 min
12:24:27 | INFO    | holoqpi.engine.trainer |   epoch 2 step 0/140 loss=1.2126
12:24:29 | INFO    | holoqpi.engine.trainer |   epoch 2 step 20/140 loss=1.5261
12:24:30 | INFO    | holoqpi.engine.trainer |   epoch 2 step 40/140 loss=1.0106
12:24:32 | INFO    | holoqpi.engine.trainer |   epoch 2 step 60/140 loss=1.2522
12:24:34 | INFO    | holoqpi.engine.trainer |   epoch 2 step 80/140 loss=0.9684
12:24:36 | INFO    | holoqpi.engine.trainer |   epoch 2 step 100/140 loss=0.9472
12:24:38 | INFO    | holoqpi.engine.trainer |   epoch 2 step 120/140 loss=1.4922
12:25:38 | INFO    | holoqpi.engine.trainer |   new best cls_accuracy=0.4567
12:25:38 | INFO    | holoqpi.engine.trainer | epoch 2/60 (72s = 13s train + 59s val) | train_loss=1.4779  val_phase_mae=0.4714  val_dice=0.1433  val_cls_acc=0.4567  val_mass_mape=nan
12:25:39 | INFO    | holoqpi.engine.trainer |   epoch 3 step 0/140 loss=1.0614
12:25:41 | INFO    | holoqpi.engine.trainer |   epoch 3 step 20/140 loss=1.8066
12:25:42 | INFO    | holoqpi.engine.trainer |   epoch 3 step 40/140 loss=1.2746
12:25:44 | INFO    | holoqpi.engine.trainer |   epoch 3 step 60/140 loss=1.0711
12:25:46 | INFO    | holoqpi.engine.trainer |   epoch 3 step 80/140 loss=1.2506
12:25:48 | INFO    | holoqpi.engine.trainer |   epoch 3 step 100/140 loss=1.6478
12:25:50 | INFO    | holoqpi.engine.trainer |   epoch 3 step 120/140 loss=0.7733
12:26:48 | INFO    | holoqpi.engine.trainer |   new best cls_accuracy=0.5039
12:26:48 | INFO    | holoqpi.engine.trainer | epoch 3/60 (69s = 13s train + 57s val) | train_loss=1.3767  val_phase_mae=0.4709  val_dice=0.1342  val_cls_acc=0.5039  val_mass_mape=nan
12:26:49 | INFO    | holoqpi.engine.trainer |   epoch 4 step 0/140 loss=1.7863
12:26:50 | INFO    | holoqpi.engine.trainer |   epoch 4 step 20/140 loss=0.7919
12:26:52 | INFO    | holoqpi.engine.trainer |   epoch 4 step 40/140 loss=1.5130
12:26:54 | INFO    | holoqpi.engine.trainer |   epoch 4 step 60/140 loss=1.5146
12:26:56 | INFO    | holoqpi.engine.trainer |   epoch 4 step 80/140 loss=1.5746
12:26:57 | INFO    | holoqpi.engine.trainer |   epoch 4 step 100/140 loss=1.1779
12:26:59 | INFO    | holoqpi.engine.trainer |   epoch 4 step 120/140 loss=1.8436
12:27:58 | INFO    | holoqpi.engine.trainer |   new best cls_accuracy=0.5591
12:27:58 | INFO    | holoqpi.engine.trainer | epoch 4/60 (70s = 13s train + 57s val) | train_loss=1.4066  val_phase_mae=0.4785  val_dice=0.1477  val_cls_acc=0.5591  val_mass_mape=nan
12:27:58 | INFO    | holoqpi.engine.trainer |   epoch 5 step 0/140 loss=1.3353
12:28:00 | INFO    | holoqpi.engine.trainer |   epoch 5 step 20/140 loss=1.0254
12:28:02 | INFO    | holoqpi.engine.trainer |   epoch 5 step 40/140 loss=1.5616
12:28:04 | INFO    | holoqpi.engine.trainer |   epoch 5 step 60/140 loss=1.3774
12:28:05 | INFO    | holoqpi.engine.trainer |   epoch 5 step 80/140 loss=1.6025
12:28:07 | INFO    | holoqpi.engine.trainer |   epoch 5 step 100/140 loss=1.6918
12:28:09 | INFO    | holoqpi.engine.trainer |   epoch 5 step 120/140 loss=1.1513
12:29:08 | INFO    | holoqpi.engine.trainer |   new best cls_accuracy=0.6220
12:29:08 | INFO    | holoqpi.engine.trainer | epoch 5/60 (70s = 13s train + 57s val) | train_loss=1.3866  val_phase_mae=0.4765  val_dice=0.1492  val_cls_acc=0.6220  val_mass_mape=nan
12:29:08 | INFO    | holoqpi.engine.trainer |   epoch 6 step 0/140 loss=0.9494
12:29:10 | INFO    | holoqpi.engine.trainer |   epoch 6 step 20/140 loss=1.3864
12:29:12 | INFO    | holoqpi.engine.trainer |   epoch 6 step 40/140 loss=2.1337
12:29:14 | INFO    | holoqpi.engine.trainer |   epoch 6 step 60/140 loss=0.7176
12:29:15 | INFO    | holoqpi.engine.trainer |   epoch 6 step 80/140 loss=1.3021
12:29:17 | INFO    | holoqpi.engine.trainer |   epoch 6 step 100/140 loss=0.8981
12:29:19 | INFO    | holoqpi.engine.trainer |   epoch 6 step 120/140 loss=1.0953
12:30:18 | INFO    | holoqpi.engine.trainer |   new best cls_accuracy=0.6535
12:30:18 | INFO    | holoqpi.engine.trainer | epoch 6/60 (70s = 13s train + 57s val) | train_loss=1.3685  val_phase_mae=0.4759  val_dice=0.1469  val_cls_acc=0.6535  val_mass_mape=1.5425
12:30:18 | INFO    | holoqpi.engine.trainer |   epoch 7 step 0/140 loss=1.0020
12:30:20 | INFO    | holoqpi.engine.trainer |   epoch 7 step 20/140 loss=1.0694
12:30:22 | INFO    | holoqpi.engine.trainer |   epoch 7 step 40/140 loss=1.3381
12:30:23 | INFO    | holoqpi.engine.trainer |   epoch 7 step 60/140 loss=1.9414
12:30:25 | INFO    | holoqpi.engine.trainer |   epoch 7 step 80/140 loss=1.2933
12:30:27 | INFO    | holoqpi.engine.trainer |   epoch 7 step 100/140 loss=0.9890
12:30:29 | INFO    | holoqpi.engine.trainer |   epoch 7 step 120/140 loss=1.8237
12:31:27 | INFO    | holoqpi.engine.trainer | epoch 7/60 (70s = 13s train + 57s val) | train_loss=1.3337  val_phase_mae=0.4728  val_dice=0.1400  val_cls_acc=0.5669  val_mass_mape=1.5812
12:31:28 | INFO    | holoqpi.engine.trainer |   epoch 8 step 0/140 loss=1.5504
12:31:29 | INFO    | holoqpi.engine.trainer |   epoch 8 step 20/140 loss=1.0153
12:31:31 | INFO    | holoqpi.engine.trainer |   epoch 8 step 40/140 loss=1.4933
12:31:33 | INFO    | holoqpi.engine.trainer |   epoch 8 step 60/140 loss=1.0353
12:31:35 | INFO    | holoqpi.engine.trainer |   epoch 8 step 80/140 loss=1.4090
12:31:37 | INFO    | holoqpi.engine.trainer |   epoch 8 step 100/140 loss=1.6086
12:31:38 | INFO    | holoqpi.engine.trainer |   epoch 8 step 120/140 loss=1.3525
12:32:37 | INFO    | holoqpi.engine.trainer | epoch 8/60 (69s = 13s train + 57s val) | train_loss=1.3125  val_phase_mae=0.4741  val_dice=0.1398  val_cls_acc=0.5669  val_mass_mape=nan
12:32:37 | INFO    | holoqpi.engine.trainer |   epoch 9 step 0/140 loss=1.2875
12:32:39 | INFO    | holoqpi.engine.trainer |   epoch 9 step 20/140 loss=0.8921
12:32:40 | INFO    | holoqpi.engine.trainer |   epoch 9 step 40/140 loss=1.2818
12:32:42 | INFO    | holoqpi.engine.trainer |   epoch 9 step 60/140 loss=2.0298
12:32:44 | INFO    | holoqpi.engine.trainer |   epoch 9 step 80/140 loss=1.2401
12:32:46 | INFO    | holoqpi.engine.trainer |   epoch 9 step 100/140 loss=1.2143
12:32:48 | INFO    | holoqpi.engine.trainer |   epoch 9 step 120/140 loss=1.1965
12:33:46 | INFO    | holoqpi.engine.trainer | epoch 9/60 (69s = 13s train + 57s val) | train_loss=1.2889  val_phase_mae=0.4793  val_dice=0.1464  val_cls_acc=0.5984  val_mass_mape=nan
12:33:46 | INFO    | holoqpi.engine.trainer |   epoch 10 step 0/140 loss=2.0419
12:33:48 | INFO    | holoqpi.engine.trainer |   epoch 10 step 20/140 loss=1.2723
12:33:50 | INFO    | holoqpi.engine.trainer |   epoch 10 step 40/140 loss=1.6609
12:33:52 | INFO    | holoqpi.engine.trainer |   epoch 10 step 60/140 loss=1.6262
12:33:53 | INFO    | holoqpi.engine.trainer |   epoch 10 step 80/140 loss=2.1812
12:33:55 | INFO    | holoqpi.engine.trainer |   epoch 10 step 100/140 loss=1.2277
12:33:57 | INFO    | holoqpi.engine.trainer |   epoch 10 step 120/140 loss=1.6462
12:34:55 | INFO    | holoqpi.engine.trainer | epoch 10/60 (69s = 13s train + 57s val) | train_loss=1.3427  val_phase_mae=0.4764  val_dice=0.1414  val_cls_acc=0.5276  val_mass_mape=nan
12:34:56 | INFO    | holoqpi.engine.trainer |   epoch 11 step 0/140 loss=1.2703
12:34:57 | INFO    | holoqpi.engine.trainer |   epoch 11 step 20/140 loss=1.1338
12:34:59 | INFO    | holoqpi.engine.trainer |   epoch 11 step 40/140 loss=0.8823
12:35:01 | INFO    | holoqpi.engine.trainer |   epoch 11 step 60/140 loss=1.0548
12:35:03 | INFO    | holoqpi.engine.trainer |   epoch 11 step 80/140 loss=0.6918
12:35:04 | INFO    | holoqpi.engine.trainer |   epoch 11 step 100/140 loss=1.0547
12:35:06 | INFO    | holoqpi.engine.trainer |   epoch 11 step 120/140 loss=0.9797
12:36:05 | INFO    | holoqpi.engine.trainer |   new best cls_accuracy=0.6850
12:36:05 | INFO    | holoqpi.engine.trainer | epoch 11/60 (70s = 13s train + 57s val) | train_loss=1.2451  val_phase_mae=0.4749  val_dice=0.1455  val_cls_acc=0.6850  val_mass_mape=nan
12:36:06 | INFO    | holoqpi.engine.trainer |   epoch 12 step 0/140 loss=0.7692
12:36:07 | INFO    | holoqpi.engine.trainer |   epoch 12 step 20/140 loss=1.3012
12:36:09 | INFO    | holoqpi.engine.trainer |   epoch 12 step 40/140 loss=0.9835
12:36:11 | INFO    | holoqpi.engine.trainer |   epoch 12 step 60/140 loss=1.6098
12:36:13 | INFO    | holoqpi.engine.trainer |   epoch 12 step 80/140 loss=0.8114
12:36:15 | INFO    | holoqpi.engine.trainer |   epoch 12 step 100/140 loss=1.4582
12:36:17 | INFO    | holoqpi.engine.trainer |   epoch 12 step 120/140 loss=0.9951
12:37:14 | INFO    | holoqpi.engine.trainer | epoch 12/60 (69s = 13s train + 56s val) | train_loss=1.2623  val_phase_mae=0.4747  val_dice=0.1468  val_cls_acc=0.6220  val_mass_mape=nan
12:37:15 | INFO    | holoqpi.engine.trainer |   epoch 13 step 0/140 loss=0.8358
12:37:17 | INFO    | holoqpi.engine.trainer |   epoch 13 step 20/140 loss=2.0696
12:37:19 | INFO    | holoqpi.engine.trainer |   epoch 13 step 40/140 loss=0.9636
12:37:20 | INFO    | holoqpi.engine.trainer |   epoch 13 step 60/140 loss=1.5072
12:37:22 | INFO    | holoqpi.engine.trainer |   epoch 13 step 80/140 loss=1.3635
12:37:24 | INFO    | holoqpi.engine.trainer |   epoch 13 step 100/140 loss=1.4437
12:37:26 | INFO    | holoqpi.engine.trainer |   epoch 13 step 120/140 loss=1.8725
12:38:25 | INFO    | holoqpi.engine.trainer | epoch 13/60 (70s = 13s train + 58s val) | train_loss=1.2791  val_phase_mae=0.4748  val_dice=0.1442  val_cls_acc=0.4961  val_mass_mape=nan
12:38:25 | INFO    | holoqpi.engine.trainer |   epoch 14 step 0/140 loss=2.0054
12:38:27 | INFO    | holoqpi.engine.trainer |   epoch 14 step 20/140 loss=0.6624
12:38:29 | INFO    | holoqpi.engine.trainer |   epoch 14 step 40/140 loss=0.8170
12:38:31 | INFO    | holoqpi.engine.trainer |   epoch 14 step 60/140 loss=1.2573
12:38:32 | INFO    | holoqpi.engine.trainer |   epoch 14 step 80/140 loss=2.0856
12:38:34 | INFO    | holoqpi.engine.trainer |   epoch 14 step 100/140 loss=1.2145
12:38:36 | INFO    | holoqpi.engine.trainer |   epoch 14 step 120/140 loss=0.7677
12:39:34 | INFO    | holoqpi.engine.trainer | epoch 14/60 (69s = 12s train + 57s val) | train_loss=1.2597  val_phase_mae=0.4730  val_dice=0.1383  val_cls_acc=0.6299  val_mass_mape=nan
12:39:35 | INFO    | holoqpi.engine.trainer |   epoch 15 step 0/140 loss=1.2287
12:39:36 | INFO    | holoqpi.engine.trainer |   epoch 15 step 20/140 loss=0.8299
12:39:38 | INFO    | holoqpi.engine.trainer |   epoch 15 step 40/140 loss=1.3244
12:39:40 | INFO    | holoqpi.engine.trainer |   epoch 15 step 60/140 loss=1.2301
12:39:42 | INFO    | holoqpi.engine.trainer |   epoch 15 step 80/140 loss=1.6852
12:39:44 | INFO    | holoqpi.engine.trainer |   epoch 15 step 100/140 loss=1.1502
12:39:45 | INFO    | holoqpi.engine.trainer |   epoch 15 step 120/140 loss=1.3178
12:40:43 | INFO    | holoqpi.engine.trainer | epoch 15/60 (69s = 13s train + 56s val) | train_loss=1.2466  val_phase_mae=0.4747  val_dice=0.1489  val_cls_acc=0.6535  val_mass_mape=nan
12:40:44 | INFO    | holoqpi.engine.trainer |   epoch 16 step 0/140 loss=0.7120
12:40:45 | INFO    | holoqpi.engine.trainer |   epoch 16 step 20/140 loss=1.1329
12:40:47 | INFO    | holoqpi.engine.trainer |   epoch 16 step 40/140 loss=1.0123
12:40:49 | INFO    | holoqpi.engine.trainer |   epoch 16 step 60/140 loss=1.2683
12:40:51 | INFO    | holoqpi.engine.trainer |   epoch 16 step 80/140 loss=1.2747
12:40:52 | INFO    | holoqpi.engine.trainer |   epoch 16 step 100/140 loss=1.1062
12:40:54 | INFO    | holoqpi.engine.trainer |   epoch 16 step 120/140 loss=1.5380
12:41:53 | INFO    | holoqpi.engine.trainer | epoch 16/60 (69s = 13s train + 57s val) | train_loss=1.2131  val_phase_mae=0.4716  val_dice=0.1406  val_cls_acc=0.6299  val_mass_mape=nan
12:41:53 | INFO    | holoqpi.engine.trainer |   epoch 17 step 0/140 loss=1.9202
12:41:55 | INFO    | holoqpi.engine.trainer |   epoch 17 step 20/140 loss=2.1793
12:41:57 | INFO    | holoqpi.engine.trainer |   epoch 17 step 40/140 loss=0.6664
12:41:58 | INFO    | holoqpi.engine.trainer |   epoch 17 step 60/140 loss=1.0771
12:42:00 | INFO    | holoqpi.engine.trainer |   epoch 17 step 80/140 loss=1.1433
12:42:02 | INFO    | holoqpi.engine.trainer |   epoch 17 step 100/140 loss=1.5452
12:42:04 | INFO    | holoqpi.engine.trainer |   epoch 17 step 120/140 loss=1.6010
12:43:02 | INFO    | holoqpi.engine.trainer | epoch 17/60 (69s = 13s train + 57s val) | train_loss=1.2073  val_phase_mae=0.4767  val_dice=0.1417  val_cls_acc=0.6378  val_mass_mape=nan
12:43:02 | INFO    | holoqpi.engine.trainer |   epoch 18 step 0/140 loss=0.8252
12:43:04 | INFO    | holoqpi.engine.trainer |   epoch 18 step 20/140 loss=0.8626
12:43:06 | INFO    | holoqpi.engine.trainer |   epoch 18 step 40/140 loss=0.8442
12:43:07 | INFO    | holoqpi.engine.trainer |   epoch 18 step 60/140 loss=1.3403
12:43:09 | INFO    | holoqpi.engine.trainer |   epoch 18 step 80/140 loss=0.9436
12:43:11 | INFO    | holoqpi.engine.trainer |   epoch 18 step 100/140 loss=1.3731
12:43:13 | INFO    | holoqpi.engine.trainer |   epoch 18 step 120/140 loss=1.2070
12:44:10 | INFO    | holoqpi.engine.trainer | epoch 18/60 (69s = 13s train + 56s val) | train_loss=1.1996  val_phase_mae=0.4744  val_dice=0.1435  val_cls_acc=0.6772  val_mass_mape=nan
12:44:11 | INFO    | holoqpi.engine.trainer |   epoch 19 step 0/140 loss=0.6723
12:44:13 | INFO    | holoqpi.engine.trainer |   epoch 19 step 20/140 loss=0.8565
12:44:14 | INFO    | holoqpi.engine.trainer |   epoch 19 step 40/140 loss=0.8045
12:44:16 | INFO    | holoqpi.engine.trainer |   epoch 19 step 60/140 loss=1.4767
12:44:18 | INFO    | holoqpi.engine.trainer |   epoch 19 step 80/140 loss=1.8772
12:44:20 | INFO    | holoqpi.engine.trainer |   epoch 19 step 100/140 loss=1.5915
12:44:21 | INFO    | holoqpi.engine.trainer |   epoch 19 step 120/140 loss=2.1613
12:45:20 | INFO    | holoqpi.engine.trainer | epoch 19/60 (69s = 13s train + 57s val) | train_loss=1.2211  val_phase_mae=0.4775  val_dice=0.1479  val_cls_acc=0.6850  val_mass_mape=nan
12:45:20 | INFO    | holoqpi.engine.trainer |   epoch 20 step 0/140 loss=0.4142
12:45:22 | INFO    | holoqpi.engine.trainer |   epoch 20 step 20/140 loss=1.5417
12:45:24 | INFO    | holoqpi.engine.trainer |   epoch 20 step 40/140 loss=1.6033
12:45:26 | INFO    | holoqpi.engine.trainer |   epoch 20 step 60/140 loss=1.9768
12:45:27 | INFO    | holoqpi.engine.trainer |   epoch 20 step 80/140 loss=0.9259
12:45:29 | INFO    | holoqpi.engine.trainer |   epoch 20 step 100/140 loss=1.2409
12:45:31 | INFO    | holoqpi.engine.trainer |   epoch 20 step 120/140 loss=1.9502
12:46:29 | INFO    | holoqpi.engine.trainer | epoch 20/60 (69s = 13s train + 57s val) | train_loss=1.1779  val_phase_mae=0.4763  val_dice=0.1447  val_cls_acc=0.6142  val_mass_mape=nan
12:46:29 | INFO    | holoqpi.engine.trainer |   epoch 21 step 0/140 loss=1.1173
12:46:31 | INFO    | holoqpi.engine.trainer |   epoch 21 step 20/140 loss=0.7926
12:46:33 | INFO    | holoqpi.engine.trainer |   epoch 21 step 40/140 loss=1.4907
12:46:35 | INFO    | holoqpi.engine.trainer |   epoch 21 step 60/140 loss=1.0361
12:46:36 | INFO    | holoqpi.engine.trainer |   epoch 21 step 80/140 loss=0.6138
12:46:38 | INFO    | holoqpi.engine.trainer |   epoch 21 step 100/140 loss=1.0996
12:46:40 | INFO    | holoqpi.engine.trainer |   epoch 21 step 120/140 loss=0.9187
12:47:38 | INFO    | holoqpi.engine.trainer | epoch 21/60 (69s = 13s train + 56s val) | train_loss=1.1557  val_phase_mae=0.4779  val_dice=0.1471  val_cls_acc=0.5984  val_mass_mape=nan
12:47:38 | INFO    | holoqpi.engine.trainer |   epoch 22 step 0/140 loss=1.4875
12:47:40 | INFO    | holoqpi.engine.trainer |   epoch 22 step 20/140 loss=1.4933
12:47:42 | INFO    | holoqpi.engine.trainer |   epoch 22 step 40/140 loss=1.3417
12:47:44 | INFO    | holoqpi.engine.trainer |   epoch 22 step 60/140 loss=0.8176
12:47:45 | INFO    | holoqpi.engine.trainer |   epoch 22 step 80/140 loss=1.0136
12:47:47 | INFO    | holoqpi.engine.trainer |   epoch 22 step 100/140 loss=0.8624
12:47:49 | INFO    | holoqpi.engine.trainer |   epoch 22 step 120/140 loss=1.4188
12:48:47 | INFO    | holoqpi.engine.trainer | epoch 22/60 (69s = 13s train + 56s val) | train_loss=1.1406  val_phase_mae=0.4781  val_dice=0.1442  val_cls_acc=0.5906  val_mass_mape=nan
12:48:47 | INFO    | holoqpi.engine.trainer |   epoch 23 step 0/140 loss=0.8274
12:48:49 | INFO    | holoqpi.engine.trainer |   epoch 23 step 20/140 loss=1.1044
12:48:51 | INFO    | holoqpi.engine.trainer |   epoch 23 step 40/140 loss=1.3437
12:48:53 | INFO    | holoqpi.engine.trainer |   epoch 23 step 60/140 loss=0.7896
12:48:54 | INFO    | holoqpi.engine.trainer |   epoch 23 step 80/140 loss=1.4887
12:48:56 | INFO    | holoqpi.engine.trainer |   epoch 23 step 100/140 loss=1.0669
12:48:58 | INFO    | holoqpi.engine.trainer |   epoch 23 step 120/140 loss=0.9096
12:49:57 | INFO    | holoqpi.engine.trainer |   new best cls_accuracy=0.7165
12:49:57 | INFO    | holoqpi.engine.trainer | epoch 23/60 (69s = 13s train + 57s val) | train_loss=1.1605  val_phase_mae=0.4775  val_dice=0.1435  val_cls_acc=0.7165  val_mass_mape=nan
12:49:57 | INFO    | holoqpi.engine.trainer |   epoch 24 step 0/140 loss=1.0259
12:49:59 | INFO    | holoqpi.engine.trainer |   epoch 24 step 20/140 loss=0.5930
12:50:00 | INFO    | holoqpi.engine.trainer |   epoch 24 step 40/140 loss=1.1268
12:50:02 | INFO    | holoqpi.engine.trainer |   epoch 24 step 60/140 loss=1.0577
12:50:04 | INFO    | holoqpi.engine.trainer |   epoch 24 step 80/140 loss=1.2170
12:50:06 | INFO    | holoqpi.engine.trainer |   epoch 24 step 100/140 loss=1.6933
12:50:08 | INFO    | holoqpi.engine.trainer |   epoch 24 step 120/140 loss=1.1029
12:51:06 | INFO    | holoqpi.engine.trainer | epoch 24/60 (69s = 13s train + 57s val) | train_loss=1.1732  val_phase_mae=0.4760  val_dice=0.1458  val_cls_acc=0.6299  val_mass_mape=nan
12:51:06 | INFO    | holoqpi.engine.trainer |   epoch 25 step 0/140 loss=1.7757
12:51:08 | INFO    | holoqpi.engine.trainer |   epoch 25 step 20/140 loss=1.1959
12:51:10 | INFO    | holoqpi.engine.trainer |   epoch 25 step 40/140 loss=0.9753
12:51:12 | INFO    | holoqpi.engine.trainer |   epoch 25 step 60/140 loss=0.6415
12:51:13 | INFO    | holoqpi.engine.trainer |   epoch 25 step 80/140 loss=1.3805
12:51:15 | INFO    | holoqpi.engine.trainer |   epoch 25 step 100/140 loss=1.3102
12:51:17 | INFO    | holoqpi.engine.trainer |   epoch 25 step 120/140 loss=1.0447
12:52:15 | INFO    | holoqpi.engine.trainer | epoch 25/60 (69s = 13s train + 57s val) | train_loss=1.1374  val_phase_mae=0.4719  val_dice=0.1383  val_cls_acc=0.6929  val_mass_mape=nan
12:52:16 | INFO    | holoqpi.engine.trainer |   epoch 26 step 0/140 loss=1.5233
12:52:18 | INFO    | holoqpi.engine.trainer |   epoch 26 step 20/140 loss=1.2094
12:52:19 | INFO    | holoqpi.engine.trainer |   epoch 26 step 40/140 loss=1.6714
12:52:21 | INFO    | holoqpi.engine.trainer |   epoch 26 step 60/140 loss=1.7133
12:52:23 | INFO    | holoqpi.engine.trainer |   epoch 26 step 80/140 loss=0.6661
12:52:25 | INFO    | holoqpi.engine.trainer |   epoch 26 step 100/140 loss=1.4772
12:52:26 | INFO    | holoqpi.engine.trainer |   epoch 26 step 120/140 loss=1.2454
12:53:25 | INFO    | holoqpi.engine.trainer |   new best cls_accuracy=0.7323
12:53:25 | INFO    | holoqpi.engine.trainer | epoch 26/60 (69s = 13s train + 56s val) | train_loss=1.1694  val_phase_mae=0.4754  val_dice=0.1413  val_cls_acc=0.7323  val_mass_mape=nan
12:53:25 | INFO    | holoqpi.engine.trainer |   epoch 27 step 0/140 loss=1.0999
12:53:27 | INFO    | holoqpi.engine.trainer |   epoch 27 step 20/140 loss=1.0212
12:53:29 | INFO    | holoqpi.engine.trainer |   epoch 27 step 40/140 loss=1.1427
12:53:30 | INFO    | holoqpi.engine.trainer |   epoch 27 step 60/140 loss=1.3903
12:53:32 | INFO    | holoqpi.engine.trainer |   epoch 27 step 80/140 loss=1.1603
12:53:34 | INFO    | holoqpi.engine.trainer |   epoch 27 step 100/140 loss=1.5070
12:53:36 | INFO    | holoqpi.engine.trainer |   epoch 27 step 120/140 loss=1.2105
12:54:34 | INFO    | holoqpi.engine.trainer | epoch 27/60 (69s = 13s train + 57s val) | train_loss=1.1025  val_phase_mae=0.4726  val_dice=0.1357  val_cls_acc=0.7008  val_mass_mape=nan
12:54:35 | INFO    | holoqpi.engine.trainer |   epoch 28 step 0/140 loss=1.0315
12:54:36 | INFO    | holoqpi.engine.trainer |   epoch 28 step 20/140 loss=1.3080
12:54:38 | INFO    | holoqpi.engine.trainer |   epoch 28 step 40/140 loss=1.1023
12:54:40 | INFO    | holoqpi.engine.trainer |   epoch 28 step 60/140 loss=0.9835
12:54:42 | INFO    | holoqpi.engine.trainer |   epoch 28 step 80/140 loss=0.9638
12:54:43 | INFO    | holoqpi.engine.trainer |   epoch 28 step 100/140 loss=1.1245
12:54:45 | INFO    | holoqpi.engine.trainer |   epoch 28 step 120/140 loss=0.6270
12:55:43 | INFO    | holoqpi.engine.trainer | epoch 28/60 (69s = 13s train + 57s val) | train_loss=1.0743  val_phase_mae=0.4765  val_dice=0.1425  val_cls_acc=0.6929  val_mass_mape=nan
12:55:44 | INFO    | holoqpi.engine.trainer |   epoch 29 step 0/140 loss=0.9005
12:55:46 | INFO    | holoqpi.engine.trainer |   epoch 29 step 20/140 loss=0.4227
12:55:47 | INFO    | holoqpi.engine.trainer |   epoch 29 step 40/140 loss=0.5456
12:55:49 | INFO    | holoqpi.engine.trainer |   epoch 29 step 60/140 loss=0.5781
12:55:51 | INFO    | holoqpi.engine.trainer |   epoch 29 step 80/140 loss=1.3790
12:55:53 | INFO    | holoqpi.engine.trainer |   epoch 29 step 100/140 loss=0.6533
12:55:54 | INFO    | holoqpi.engine.trainer |   epoch 29 step 120/140 loss=0.8374
12:56:54 | INFO    | holoqpi.engine.trainer | epoch 29/60 (70s = 12s train + 58s val) | train_loss=1.0643  val_phase_mae=0.4746  val_dice=0.1410  val_cls_acc=0.6142  val_mass_mape=nan
12:56:54 | INFO    | holoqpi.engine.trainer |   epoch 30 step 0/140 loss=0.7744
12:56:56 | INFO    | holoqpi.engine.trainer |   epoch 30 step 20/140 loss=1.5074
12:56:58 | INFO    | holoqpi.engine.trainer |   epoch 30 step 40/140 loss=1.3609
12:56:59 | INFO    | holoqpi.engine.trainer |   epoch 30 step 60/140 loss=1.4393
12:57:01 | INFO    | holoqpi.engine.trainer |   epoch 30 step 80/140 loss=1.6288
12:57:03 | INFO    | holoqpi.engine.trainer |   epoch 30 step 100/140 loss=1.9893
12:57:05 | INFO    | holoqpi.engine.trainer |   epoch 30 step 120/140 loss=0.5815
12:58:03 | INFO    | holoqpi.engine.trainer | epoch 30/60 (69s = 13s train + 57s val) | train_loss=1.0817  val_phase_mae=0.4758  val_dice=0.1391  val_cls_acc=0.6850  val_mass_mape=nan
12:58:03 | INFO    | holoqpi.engine.trainer |   epoch 31 step 0/140 loss=1.7055
12:58:05 | INFO    | holoqpi.engine.trainer |   epoch 31 step 20/140 loss=2.1014
12:58:07 | INFO    | holoqpi.engine.trainer |   epoch 31 step 40/140 loss=0.7758
12:58:08 | INFO    | holoqpi.engine.trainer |   epoch 31 step 60/140 loss=1.1344
12:58:10 | INFO    | holoqpi.engine.trainer |   epoch 31 step 80/140 loss=1.4016
12:58:12 | INFO    | holoqpi.engine.trainer |   epoch 31 step 100/140 loss=1.8468
12:58:14 | INFO    | holoqpi.engine.trainer |   epoch 31 step 120/140 loss=0.6636
12:59:11 | INFO    | holoqpi.engine.trainer | epoch 31/60 (69s = 13s train + 56s val) | train_loss=1.0774  val_phase_mae=0.4752  val_dice=0.1407  val_cls_acc=0.7008  val_mass_mape=nan
12:59:12 | INFO    | holoqpi.engine.trainer |   epoch 32 step 0/140 loss=0.8607
12:59:13 | INFO    | holoqpi.engine.trainer |   epoch 32 step 20/140 loss=0.7532
12:59:15 | INFO    | holoqpi.engine.trainer |   epoch 32 step 40/140 loss=0.9976
12:59:17 | INFO    | holoqpi.engine.trainer |   epoch 32 step 60/140 loss=1.1569
12:59:19 | INFO    | holoqpi.engine.trainer |   epoch 32 step 80/140 loss=0.7536
12:59:21 | INFO    | holoqpi.engine.trainer |   epoch 32 step 100/140 loss=0.5745
12:59:22 | INFO    | holoqpi.engine.trainer |   epoch 32 step 120/140 loss=1.4093
13:00:21 | INFO    | holoqpi.engine.trainer | epoch 32/60 (70s = 13s train + 57s val) | train_loss=1.1036  val_phase_mae=0.4752  val_dice=0.1419  val_cls_acc=0.6929  val_mass_mape=nan
13:00:21 | INFO    | holoqpi.engine.trainer |   epoch 33 step 0/140 loss=0.7174
13:00:23 | INFO    | holoqpi.engine.trainer |   epoch 33 step 20/140 loss=1.4909
13:00:25 | INFO    | holoqpi.engine.trainer |   epoch 33 step 40/140 loss=1.3226
13:00:27 | INFO    | holoqpi.engine.trainer |   epoch 33 step 60/140 loss=0.7818
13:00:28 | INFO    | holoqpi.engine.trainer |   epoch 33 step 80/140 loss=1.2371
13:00:30 | INFO    | holoqpi.engine.trainer |   epoch 33 step 100/140 loss=1.0409
13:00:32 | INFO    | holoqpi.engine.trainer |   epoch 33 step 120/140 loss=0.5668
13:01:30 | INFO    | holoqpi.engine.trainer | epoch 33/60 (69s = 12s train + 56s val) | train_loss=1.0798  val_phase_mae=0.4749  val_dice=0.1386  val_cls_acc=0.6929  val_mass_mape=nan
13:01:30 | INFO    | holoqpi.engine.trainer |   epoch 34 step 0/140 loss=1.7805
13:01:32 | INFO    | holoqpi.engine.trainer |   epoch 34 step 20/140 loss=1.2454
13:01:34 | INFO    | holoqpi.engine.trainer |   epoch 34 step 40/140 loss=0.7348
13:01:35 | INFO    | holoqpi.engine.trainer |   epoch 34 step 60/140 loss=1.3316
13:01:37 | INFO    | holoqpi.engine.trainer |   epoch 34 step 80/140 loss=0.9571
13:01:39 | INFO    | holoqpi.engine.trainer |   epoch 34 step 100/140 loss=0.5949
13:01:41 | INFO    | holoqpi.engine.trainer |   epoch 34 step 120/140 loss=1.0913
13:02:39 | INFO    | holoqpi.engine.trainer | epoch 34/60 (69s = 12s train + 57s val) | train_loss=1.0294  val_phase_mae=0.4756  val_dice=0.1422  val_cls_acc=0.7087  val_mass_mape=nan
13:02:40 | INFO    | holoqpi.engine.trainer |   epoch 35 step 0/140 loss=0.5535
13:02:41 | INFO    | holoqpi.engine.trainer |   epoch 35 step 20/140 loss=0.9946
13:02:43 | INFO    | holoqpi.engine.trainer |   epoch 35 step 40/140 loss=1.3025
13:02:45 | INFO    | holoqpi.engine.trainer |   epoch 35 step 60/140 loss=1.4907
13:02:47 | INFO    | holoqpi.engine.trainer |   epoch 35 step 80/140 loss=1.7163
13:02:48 | INFO    | holoqpi.engine.trainer |   epoch 35 step 100/140 loss=1.1625
13:02:50 | INFO    | holoqpi.engine.trainer |   epoch 35 step 120/140 loss=1.1672
13:03:48 | INFO    | holoqpi.engine.trainer | epoch 35/60 (69s = 13s train + 57s val) | train_loss=1.0162  val_phase_mae=0.4743  val_dice=0.1404  val_cls_acc=0.6772  val_mass_mape=nan
13:03:49 | INFO    | holoqpi.engine.trainer |   epoch 36 step 0/140 loss=0.7964
13:03:50 | INFO    | holoqpi.engine.trainer |   epoch 36 step 20/140 loss=1.1688
13:03:52 | INFO    | holoqpi.engine.trainer |   epoch 36 step 40/140 loss=0.7154
13:03:54 | INFO    | holoqpi.engine.trainer |   epoch 36 step 60/140 loss=0.8046
13:03:56 | INFO    | holoqpi.engine.trainer |   epoch 36 step 80/140 loss=0.7365
13:03:58 | INFO    | holoqpi.engine.trainer |   epoch 36 step 100/140 loss=0.5441
13:03:59 | INFO    | holoqpi.engine.trainer |   epoch 36 step 120/140 loss=2.4818
13:04:58 | INFO    | holoqpi.engine.trainer | epoch 36/60 (70s = 13s train + 57s val) | train_loss=1.0463  val_phase_mae=0.4738  val_dice=0.1390  val_cls_acc=0.7087  val_mass_mape=nan
13:04:59 | INFO    | holoqpi.engine.trainer |   epoch 37 step 0/140 loss=0.7533
13:05:00 | INFO    | holoqpi.engine.trainer |   epoch 37 step 20/140 loss=1.1303
13:05:02 | INFO    | holoqpi.engine.trainer |   epoch 37 step 40/140 loss=1.1794
13:05:04 | INFO    | holoqpi.engine.trainer |   epoch 37 step 60/140 loss=2.1836
13:05:05 | INFO    | holoqpi.engine.trainer |   epoch 37 step 80/140 loss=1.0765
13:05:07 | INFO    | holoqpi.engine.trainer |   epoch 37 step 100/140 loss=0.6331
13:05:09 | INFO    | holoqpi.engine.trainer |   epoch 37 step 120/140 loss=0.7425
13:06:07 | INFO    | holoqpi.engine.trainer | epoch 37/60 (69s = 13s train + 57s val) | train_loss=1.0305  val_phase_mae=0.4752  val_dice=0.1421  val_cls_acc=0.6457  val_mass_mape=nan
13:06:08 | INFO    | holoqpi.engine.trainer |   epoch 38 step 0/140 loss=1.2697
13:06:10 | INFO    | holoqpi.engine.trainer |   epoch 38 step 20/140 loss=1.5382
13:06:11 | INFO    | holoqpi.engine.trainer |   epoch 38 step 40/140 loss=1.4373
13:06:13 | INFO    | holoqpi.engine.trainer |   epoch 38 step 60/140 loss=1.6205
13:06:15 | INFO    | holoqpi.engine.trainer |   epoch 38 step 80/140 loss=1.0283
13:06:17 | INFO    | holoqpi.engine.trainer |   epoch 38 step 100/140 loss=1.1150
13:06:19 | INFO    | holoqpi.engine.trainer |   epoch 38 step 120/140 loss=1.5129
13:07:17 | INFO    | holoqpi.engine.trainer | epoch 38/60 (70s = 13s train + 57s val) | train_loss=1.0598  val_phase_mae=0.4726  val_dice=0.1379  val_cls_acc=0.7087  val_mass_mape=nan
13:07:18 | INFO    | holoqpi.engine.trainer |   epoch 39 step 0/140 loss=1.4538
13:07:20 | INFO    | holoqpi.engine.trainer |   epoch 39 step 20/140 loss=1.0190
13:07:22 | INFO    | holoqpi.engine.trainer |   epoch 39 step 40/140 loss=1.5168
13:07:24 | INFO    | holoqpi.engine.trainer |   epoch 39 step 60/140 loss=1.1416
13:07:26 | INFO    | holoqpi.engine.trainer |   epoch 39 step 80/140 loss=0.6318
13:07:28 | INFO    | holoqpi.engine.trainer |   epoch 39 step 100/140 loss=0.8105
13:07:29 | INFO    | holoqpi.engine.trainer |   epoch 39 step 120/140 loss=1.3831
13:08:29 | INFO    | holoqpi.engine.trainer |   new best cls_accuracy=0.7480
13:08:29 | INFO    | holoqpi.engine.trainer | epoch 39/60 (71s = 14s train + 58s val) | train_loss=1.0003  val_phase_mae=0.4718  val_dice=0.1377  val_cls_acc=0.7480  val_mass_mape=nan
13:08:29 | INFO    | holoqpi.engine.trainer |   epoch 40 step 0/140 loss=1.1283
13:08:31 | INFO    | holoqpi.engine.trainer |   epoch 40 step 20/140 loss=0.7619
13:08:33 | INFO    | holoqpi.engine.trainer |   epoch 40 step 40/140 loss=1.3608
13:08:35 | INFO    | holoqpi.engine.trainer |   epoch 40 step 60/140 loss=0.5004
13:08:36 | INFO    | holoqpi.engine.trainer |   epoch 40 step 80/140 loss=0.6511
13:08:38 | INFO    | holoqpi.engine.trainer |   epoch 40 step 100/140 loss=1.6272
13:08:40 | INFO    | holoqpi.engine.trainer |   epoch 40 step 120/140 loss=0.4852
13:09:39 | INFO    | holoqpi.engine.trainer | epoch 40/60 (70s = 13s train + 57s val) | train_loss=1.0114  val_phase_mae=0.4733  val_dice=0.1370  val_cls_acc=0.7323  val_mass_mape=nan
13:09:39 | INFO    | holoqpi.engine.trainer |   epoch 41 step 0/140 loss=1.2914
13:09:41 | INFO    | holoqpi.engine.trainer |   epoch 41 step 20/140 loss=0.9008
13:09:42 | INFO    | holoqpi.engine.trainer |   epoch 41 step 40/140 loss=0.6384
13:09:44 | INFO    | holoqpi.engine.trainer |   epoch 41 step 60/140 loss=1.3179
13:09:46 | INFO    | holoqpi.engine.trainer |   epoch 41 step 80/140 loss=1.0726
13:09:48 | INFO    | holoqpi.engine.trainer |   epoch 41 step 100/140 loss=0.7644
13:09:50 | INFO    | holoqpi.engine.trainer |   epoch 41 step 120/140 loss=0.8048
13:10:49 | INFO    | holoqpi.engine.trainer | epoch 41/60 (70s = 13s train + 57s val) | train_loss=1.0043  val_phase_mae=0.4732  val_dice=0.1388  val_cls_acc=0.6929  val_mass_mape=nan
13:10:49 | INFO    | holoqpi.engine.trainer |   epoch 42 step 0/140 loss=1.3898
13:10:51 | INFO    | holoqpi.engine.trainer |   epoch 42 step 20/140 loss=0.5294
13:10:53 | INFO    | holoqpi.engine.trainer |   epoch 42 step 40/140 loss=1.2268
13:10:54 | INFO    | holoqpi.engine.trainer |   epoch 42 step 60/140 loss=0.7339
13:10:56 | INFO    | holoqpi.engine.trainer |   epoch 42 step 80/140 loss=1.4250
13:10:58 | INFO    | holoqpi.engine.trainer |   epoch 42 step 100/140 loss=0.6456
13:11:00 | INFO    | holoqpi.engine.trainer |   epoch 42 step 120/140 loss=1.2500
13:11:58 | INFO    | holoqpi.engine.trainer |   new best cls_accuracy=0.7559
13:11:58 | INFO    | holoqpi.engine.trainer | epoch 42/60 (69s = 13s train + 57s val) | train_loss=0.9337  val_phase_mae=0.4735  val_dice=0.1385  val_cls_acc=0.7559  val_mass_mape=nan
13:11:59 | INFO    | holoqpi.engine.trainer |   epoch 43 step 0/140 loss=0.8530
13:12:01 | INFO    | holoqpi.engine.trainer |   epoch 43 step 20/140 loss=1.3365
13:12:02 | INFO    | holoqpi.engine.trainer |   epoch 43 step 40/140 loss=1.0845
13:12:04 | INFO    | holoqpi.engine.trainer |   epoch 43 step 60/140 loss=1.3676
13:12:06 | INFO    | holoqpi.engine.trainer |   epoch 43 step 80/140 loss=1.1428
13:12:08 | INFO    | holoqpi.engine.trainer |   epoch 43 step 100/140 loss=0.5816
13:12:10 | INFO    | holoqpi.engine.trainer |   epoch 43 step 120/140 loss=0.5489
13:13:08 | INFO    | holoqpi.engine.trainer | epoch 43/60 (70s = 13s train + 57s val) | train_loss=1.0087  val_phase_mae=0.4750  val_dice=0.1397  val_cls_acc=0.7087  val_mass_mape=nan
13:13:09 | INFO    | holoqpi.engine.trainer |   epoch 44 step 0/140 loss=1.3478
13:13:10 | INFO    | holoqpi.engine.trainer |   epoch 44 step 20/140 loss=0.8412
13:13:12 | INFO    | holoqpi.engine.trainer |   epoch 44 step 40/140 loss=1.3311
13:13:13 | INFO    | holoqpi.engine.trainer |   epoch 44 step 60/140 loss=0.2910
13:13:15 | INFO    | holoqpi.engine.trainer |   epoch 44 step 80/140 loss=0.4721
13:13:17 | INFO    | holoqpi.engine.trainer |   epoch 44 step 100/140 loss=1.3104
13:13:18 | INFO    | holoqpi.engine.trainer |   epoch 44 step 120/140 loss=0.6187
13:14:18 | INFO    | holoqpi.engine.trainer | epoch 44/60 (70s = 12s train + 58s val) | train_loss=0.9181  val_phase_mae=0.4738  val_dice=0.1399  val_cls_acc=0.7087  val_mass_mape=nan
13:14:18 | INFO    | holoqpi.engine.trainer |   epoch 45 step 0/140 loss=1.2596
13:14:20 | INFO    | holoqpi.engine.trainer |   epoch 45 step 20/140 loss=0.8308
13:14:21 | INFO    | holoqpi.engine.trainer |   epoch 45 step 40/140 loss=1.6407
13:14:23 | INFO    | holoqpi.engine.trainer |   epoch 45 step 60/140 loss=1.2470
13:14:25 | INFO    | holoqpi.engine.trainer |   epoch 45 step 80/140 loss=1.4767
13:14:26 | INFO    | holoqpi.engine.trainer |   epoch 45 step 100/140 loss=1.5048
13:14:28 | INFO    | holoqpi.engine.trainer |   epoch 45 step 120/140 loss=0.8038
13:15:27 | INFO    | holoqpi.engine.trainer | epoch 45/60 (70s = 12s train + 58s val) | train_loss=0.9490  val_phase_mae=0.4737  val_dice=0.1397  val_cls_acc=0.6850  val_mass_mape=nan
13:15:28 | INFO    | holoqpi.engine.trainer |   epoch 46 step 0/140 loss=0.6114
13:15:30 | INFO    | holoqpi.engine.trainer |   epoch 46 step 20/140 loss=0.4498
13:15:31 | INFO    | holoqpi.engine.trainer |   epoch 46 step 40/140 loss=0.6738
13:15:33 | INFO    | holoqpi.engine.trainer |   epoch 46 step 60/140 loss=1.3967
13:15:34 | INFO    | holoqpi.engine.trainer |   epoch 46 step 80/140 loss=0.6291
13:15:36 | INFO    | holoqpi.engine.trainer |   epoch 46 step 100/140 loss=0.3104
13:15:38 | INFO    | holoqpi.engine.trainer |   epoch 46 step 120/140 loss=1.2771
13:16:37 | INFO    | holoqpi.engine.trainer | epoch 46/60 (70s = 12s train + 58s val) | train_loss=0.8735  val_phase_mae=0.4721  val_dice=0.1387  val_cls_acc=0.7165  val_mass_mape=nan
13:16:38 | INFO    | holoqpi.engine.trainer |   epoch 47 step 0/140 loss=1.1008
13:16:39 | INFO    | holoqpi.engine.trainer |   epoch 47 step 20/140 loss=1.1225
13:16:41 | INFO    | holoqpi.engine.trainer |   epoch 47 step 40/140 loss=0.5060
13:16:42 | INFO    | holoqpi.engine.trainer |   epoch 47 step 60/140 loss=0.4593
13:16:44 | INFO    | holoqpi.engine.trainer |   epoch 47 step 80/140 loss=1.3779
13:16:45 | INFO    | holoqpi.engine.trainer |   epoch 47 step 100/140 loss=0.8488
13:16:47 | INFO    | holoqpi.engine.trainer |   epoch 47 step 120/140 loss=0.4643
13:17:46 | INFO    | holoqpi.engine.trainer | epoch 47/60 (69s = 11s train + 58s val) | train_loss=0.9299  val_phase_mae=0.4731  val_dice=0.1365  val_cls_acc=0.7323  val_mass_mape=nan
13:17:47 | INFO    | holoqpi.engine.trainer |   epoch 48 step 0/140 loss=0.6934
13:17:48 | INFO    | holoqpi.engine.trainer |   epoch 48 step 20/140 loss=0.5855
13:17:50 | INFO    | holoqpi.engine.trainer |   epoch 48 step 40/140 loss=1.1003
13:17:51 | INFO    | holoqpi.engine.trainer |   epoch 48 step 60/140 loss=1.0625
13:17:53 | INFO    | holoqpi.engine.trainer |   epoch 48 step 80/140 loss=1.0960
13:17:55 | INFO    | holoqpi.engine.trainer |   epoch 48 step 100/140 loss=0.4972
13:17:56 | INFO    | holoqpi.engine.trainer |   epoch 48 step 120/140 loss=0.5683
13:18:55 | INFO    | holoqpi.engine.trainer | epoch 48/60 (69s = 12s train + 58s val) | train_loss=0.8561  val_phase_mae=0.4736  val_dice=0.1397  val_cls_acc=0.7244  val_mass_mape=nan
13:18:56 | INFO    | holoqpi.engine.trainer |   epoch 49 step 0/140 loss=1.1561
13:18:57 | INFO    | holoqpi.engine.trainer |   epoch 49 step 20/140 loss=1.2673
13:18:59 | INFO    | holoqpi.engine.trainer |   epoch 49 step 40/140 loss=0.3927
13:19:01 | INFO    | holoqpi.engine.trainer |   epoch 49 step 60/140 loss=0.4821
13:19:02 | INFO    | holoqpi.engine.trainer |   epoch 49 step 80/140 loss=0.4825
13:19:04 | INFO    | holoqpi.engine.trainer |   epoch 49 step 100/140 loss=1.3323
13:19:06 | INFO    | holoqpi.engine.trainer |   epoch 49 step 120/140 loss=0.9377
13:20:04 | INFO    | holoqpi.engine.trainer | epoch 49/60 (69s = 12s train + 57s val) | train_loss=0.9377  val_phase_mae=0.4738  val_dice=0.1382  val_cls_acc=0.7323  val_mass_mape=nan
13:20:05 | INFO    | holoqpi.engine.trainer |   epoch 50 step 0/140 loss=0.8560
13:20:07 | INFO    | holoqpi.engine.trainer |   epoch 50 step 20/140 loss=0.3243
13:20:08 | INFO    | holoqpi.engine.trainer |   epoch 50 step 40/140 loss=1.5023
13:20:10 | INFO    | holoqpi.engine.trainer |   epoch 50 step 60/140 loss=0.3741
13:20:11 | INFO    | holoqpi.engine.trainer |   epoch 50 step 80/140 loss=0.5293
13:20:13 | INFO    | holoqpi.engine.trainer |   epoch 50 step 100/140 loss=0.4622
13:20:14 | INFO    | holoqpi.engine.trainer |   epoch 50 step 120/140 loss=1.0891
13:21:13 | INFO    | holoqpi.engine.trainer | epoch 50/60 (69s = 11s train + 58s val) | train_loss=0.9314  val_phase_mae=0.4713  val_dice=0.1380  val_cls_acc=0.7008  val_mass_mape=nan
13:21:14 | INFO    | holoqpi.engine.trainer |   epoch 51 step 0/140 loss=0.6677
13:21:16 | INFO    | holoqpi.engine.trainer |   epoch 51 step 20/140 loss=1.2303
13:21:17 | INFO    | holoqpi.engine.trainer |   epoch 51 step 40/140 loss=0.6547
13:21:19 | INFO    | holoqpi.engine.trainer |   epoch 51 step 60/140 loss=0.3574
13:21:20 | INFO    | holoqpi.engine.trainer |   epoch 51 step 80/140 loss=1.6591
13:21:22 | INFO    | holoqpi.engine.trainer |   epoch 51 step 100/140 loss=0.5019
13:21:23 | INFO    | holoqpi.engine.trainer |   epoch 51 step 120/140 loss=0.8297
13:22:22 | INFO    | holoqpi.engine.trainer | epoch 51/60 (69s = 11s train + 57s val) | train_loss=0.8760  val_phase_mae=0.4717  val_dice=0.1378  val_cls_acc=0.7323  val_mass_mape=nan
13:22:23 | INFO    | holoqpi.engine.trainer |   epoch 52 step 0/140 loss=1.4702
13:22:24 | INFO    | holoqpi.engine.trainer |   epoch 52 step 20/140 loss=0.7456
13:22:26 | INFO    | holoqpi.engine.trainer |   epoch 52 step 40/140 loss=1.4360
13:22:27 | INFO    | holoqpi.engine.trainer |   epoch 52 step 60/140 loss=0.6907
13:22:29 | INFO    | holoqpi.engine.trainer |   epoch 52 step 80/140 loss=0.4774
13:22:31 | INFO    | holoqpi.engine.trainer |   epoch 52 step 100/140 loss=0.9415
13:22:33 | INFO    | holoqpi.engine.trainer |   epoch 52 step 120/140 loss=0.3700
13:23:31 | INFO    | holoqpi.engine.trainer | epoch 52/60 (69s = 12s train + 57s val) | train_loss=0.9194  val_phase_mae=0.4723  val_dice=0.1382  val_cls_acc=0.7165  val_mass_mape=nan
13:23:32 | INFO    | holoqpi.engine.trainer |   epoch 53 step 0/140 loss=0.8645
13:23:33 | INFO    | holoqpi.engine.trainer |   epoch 53 step 20/140 loss=0.6826
13:23:35 | INFO    | holoqpi.engine.trainer |   epoch 53 step 40/140 loss=0.4587
13:23:37 | INFO    | holoqpi.engine.trainer |   epoch 53 step 60/140 loss=0.2874
13:23:38 | INFO    | holoqpi.engine.trainer |   epoch 53 step 80/140 loss=1.1421
13:23:40 | INFO    | holoqpi.engine.trainer |   epoch 53 step 100/140 loss=1.5230
13:23:41 | INFO    | holoqpi.engine.trainer |   epoch 53 step 120/140 loss=1.0970
13:24:41 | INFO    | holoqpi.engine.trainer | epoch 53/60 (70s = 12s train + 58s val) | train_loss=0.8308  val_phase_mae=0.4725  val_dice=0.1366  val_cls_acc=0.7559  val_mass_mape=nan
13:24:42 | INFO    | holoqpi.engine.trainer |   epoch 54 step 0/140 loss=1.7772
13:24:43 | INFO    | holoqpi.engine.trainer |   epoch 54 step 20/140 loss=0.5217
13:24:45 | INFO    | holoqpi.engine.trainer |   epoch 54 step 40/140 loss=0.7693
13:24:46 | INFO    | holoqpi.engine.trainer |   epoch 54 step 60/140 loss=0.8766
13:24:48 | INFO    | holoqpi.engine.trainer |   epoch 54 step 80/140 loss=0.3581
13:24:50 | INFO    | holoqpi.engine.trainer |   epoch 54 step 100/140 loss=0.7426
13:24:51 | INFO    | holoqpi.engine.trainer |   epoch 54 step 120/140 loss=0.4052
13:25:51 | INFO    | holoqpi.engine.trainer | epoch 54/60 (69s = 12s train + 58s val) | train_loss=0.9069  val_phase_mae=0.4733  val_dice=0.1377  val_cls_acc=0.7480  val_mass_mape=nan
13:25:51 | INFO    | holoqpi.engine.trainer |   epoch 55 step 0/140 loss=1.0666
13:25:53 | INFO    | holoqpi.engine.trainer |   epoch 55 step 20/140 loss=1.1548
13:25:54 | INFO    | holoqpi.engine.trainer |   epoch 55 step 40/140 loss=0.6032
13:25:56 | INFO    | holoqpi.engine.trainer |   epoch 55 step 60/140 loss=0.3927
13:25:57 | INFO    | holoqpi.engine.trainer |   epoch 55 step 80/140 loss=0.3012
13:25:59 | INFO    | holoqpi.engine.trainer |   epoch 55 step 100/140 loss=1.0025
13:26:01 | INFO    | holoqpi.engine.trainer |   epoch 55 step 120/140 loss=0.3766
13:27:00 | INFO    | holoqpi.engine.trainer | epoch 55/60 (70s = 12s train + 58s val) | train_loss=0.8538  val_phase_mae=0.4718  val_dice=0.1376  val_cls_acc=0.7244  val_mass_mape=nan
13:27:01 | INFO    | holoqpi.engine.trainer |   epoch 56 step 0/140 loss=0.6710
13:27:02 | INFO    | holoqpi.engine.trainer |   epoch 56 step 20/140 loss=0.8341
13:27:04 | INFO    | holoqpi.engine.trainer |   epoch 56 step 40/140 loss=0.9207
13:27:06 | INFO    | holoqpi.engine.trainer |   epoch 56 step 60/140 loss=0.3132
13:27:07 | INFO    | holoqpi.engine.trainer |   epoch 56 step 80/140 loss=0.4306
13:27:09 | INFO    | holoqpi.engine.trainer |   epoch 56 step 100/140 loss=1.4928
13:27:10 | INFO    | holoqpi.engine.trainer |   epoch 56 step 120/140 loss=0.9349
13:28:09 | INFO    | holoqpi.engine.trainer |   new best cls_accuracy=0.7953
13:28:09 | INFO    | holoqpi.engine.trainer | epoch 56/60 (69s = 12s train + 57s val) | train_loss=0.8864  val_phase_mae=0.4714  val_dice=0.1363  val_cls_acc=0.7953  val_mass_mape=nan
13:28:10 | INFO    | holoqpi.engine.trainer |   epoch 57 step 0/140 loss=0.6136
13:28:11 | INFO    | holoqpi.engine.trainer |   epoch 57 step 20/140 loss=0.3845
13:28:13 | INFO    | holoqpi.engine.trainer |   epoch 57 step 40/140 loss=0.5593
13:28:15 | INFO    | holoqpi.engine.trainer |   epoch 57 step 60/140 loss=1.3795
13:28:16 | INFO    | holoqpi.engine.trainer |   epoch 57 step 80/140 loss=0.6568
13:28:18 | INFO    | holoqpi.engine.trainer |   epoch 57 step 100/140 loss=0.5666
13:28:19 | INFO    | holoqpi.engine.trainer |   epoch 57 step 120/140 loss=0.4897
13:29:19 | INFO    | holoqpi.engine.trainer | epoch 57/60 (70s = 12s train + 58s val) | train_loss=0.8377  val_phase_mae=0.4719  val_dice=0.1389  val_cls_acc=0.7795  val_mass_mape=nan
13:29:20 | INFO    | holoqpi.engine.trainer |   epoch 58 step 0/140 loss=0.4288
13:29:21 | INFO    | holoqpi.engine.trainer |   epoch 58 step 20/140 loss=1.2796
13:29:23 | INFO    | holoqpi.engine.trainer |   epoch 58 step 40/140 loss=2.1583
13:29:25 | INFO    | holoqpi.engine.trainer |   epoch 58 step 60/140 loss=0.9806
13:29:26 | INFO    | holoqpi.engine.trainer |   epoch 58 step 80/140 loss=0.3057
13:29:28 | INFO    | holoqpi.engine.trainer |   epoch 58 step 100/140 loss=0.7602
13:29:29 | INFO    | holoqpi.engine.trainer |   epoch 58 step 120/140 loss=0.3820
13:30:28 | INFO    | holoqpi.engine.trainer | epoch 58/60 (69s = 12s train + 57s val) | train_loss=0.8941  val_phase_mae=0.4735  val_dice=0.1379  val_cls_acc=0.7638  val_mass_mape=nan
13:30:29 | INFO    | holoqpi.engine.trainer |   epoch 59 step 0/140 loss=0.9754
13:30:30 | INFO    | holoqpi.engine.trainer |   epoch 59 step 20/140 loss=1.4865
13:30:32 | INFO    | holoqpi.engine.trainer |   epoch 59 step 40/140 loss=0.5674
13:30:33 | INFO    | holoqpi.engine.trainer |   epoch 59 step 60/140 loss=1.0565
13:30:35 | INFO    | holoqpi.engine.trainer |   epoch 59 step 80/140 loss=0.8972
13:30:37 | INFO    | holoqpi.engine.trainer |   epoch 59 step 100/140 loss=0.3494
13:30:38 | INFO    | holoqpi.engine.trainer |   epoch 59 step 120/140 loss=0.9240
13:31:37 | INFO    | holoqpi.engine.trainer | epoch 59/60 (68s = 11s train + 57s val) | train_loss=0.8286  val_phase_mae=0.4743  val_dice=0.1369  val_cls_acc=0.7559  val_mass_mape=nan
13:31:37 | INFO    | holoqpi.engine.trainer |   epoch 60 step 0/140 loss=0.7085
13:31:39 | INFO    | holoqpi.engine.trainer |   epoch 60 step 20/140 loss=0.8433
13:31:40 | INFO    | holoqpi.engine.trainer |   epoch 60 step 40/140 loss=0.9196
13:31:42 | INFO    | holoqpi.engine.trainer |   epoch 60 step 60/140 loss=0.6428
13:31:44 | INFO    | holoqpi.engine.trainer |   epoch 60 step 80/140 loss=0.4926
13:31:45 | INFO    | holoqpi.engine.trainer |   epoch 60 step 100/140 loss=0.9107
13:31:47 | INFO    | holoqpi.engine.trainer |   epoch 60 step 120/140 loss=0.5493
13:32:45 | INFO    | holoqpi.engine.trainer | epoch 60/60 (69s = 12s train + 57s val) | train_loss=0.8407  val_phase_mae=0.4726  val_dice=0.1364  val_cls_acc=0.7717  val_mass_mape=nan
13:32:46 | INFO    | holoqpi.engine.trainer | training finished; best epoch 56 (cls_accuracy=0.7953)
13:32:46 | INFO    | holoqpi.engine.trainer | checkpoint best_model.pt: 446/446 tensors matched
13:33:38 | INFO    | holoqpi.engine.compare | modality=gabor test metrics written to runs/classification_only_gabor
13:33:39 | INFO    | holoqpi.engine.compare | comparison table written to runs/classification_only_modality_comparison.csv
