13:40:38 | INFO    | __main__ | --- figure 01 (qualitative_panel, ESSENTIAL) ---
13:40:40 | INFO    | holoqpi.models.encoders | encoder=mobilenet_v2 in_channels=1 pretrained=True stages=[16, 24, 32, 96, 1280]
13:40:40 | INFO    | holoqpi.models.holonet | HoloQPINet built: 9.76M parameters, 9.76M trainable (100.0%)
13:40:41 | INFO    | holoqpi.engine.trainer | checkpoint best_model.pt: 446/446 tensors matched
13:40:42 | INFO    | holoqpi.data.dataset | test split: 113 samples | modality=off_axis | crop=None | augment=False
13:40:45 | INFO    | holoqpi.models.encoders | encoder=mobilenet_v2 in_channels=1 pretrained=True stages=[16, 24, 32, 96, 1280]
13:40:45 | INFO    | holoqpi.models.holonet | HoloQPINet built: 9.76M parameters, 9.76M trainable (100.0%)
13:40:45 | INFO    | holoqpi.engine.trainer | checkpoint best_model.pt: 446/446 tensors matched
13:40:45 | INFO    | holoqpi.data.dataset | test split: 113 samples | modality=gabor | crop=None | augment=False
13:40:51 | INFO    | __main__ | wrote figures/fig01_qualitative_panel.png / .pdf
13:40:52 | INFO    | __main__ | --- figure 02 (bland_altman, ESSENTIAL) ---
13:40:53 | INFO    | __main__ | wrote figures/fig02_bland_altman.png / .pdf
13:40:53 | INFO    | __main__ | --- figure 03 (error_decomposition, ESSENTIAL) ---
13:40:54 | INFO    | __main__ | wrote figures/fig03_error_decomposition.png / .pdf
13:40:54 | INFO    | __main__ | --- figure 04 (detection_gap, ESSENTIAL) ---
13:40:55 | INFO    | __main__ | wrote figures/fig04_detection_gap.png / .pdf
13:40:55 | INFO    | __main__ | --- figure 05 (modality_comparison, ESSENTIAL) ---
13:40:56 | INFO    | __main__ | wrote figures/fig05_modality_comparison.png / .pdf
13:40:56 | INFO    | __main__ | --- figure 06 (loss_composition, ESSENTIAL) ---
13:40:58 | INFO    | __main__ | wrote figures/fig06_loss_composition.png / .pdf
13:40:58 | INFO    | __main__ | --- figure 07 (ablation_deltas, ESSENTIAL) ---
13:40:59 | INFO    | __main__ | wrote figures/fig07_ablation_deltas.png / .pdf
13:40:59 | INFO    | __main__ | --- figure 08 (efficiency_tradeoff, ESSENTIAL) ---
13:41:00 | INFO    | __main__ | wrote figures/fig08_efficiency_tradeoff.png / .pdf
13:41:00 | INFO    | __main__ | --- figure 09 (phase_error_structure, OPTIONAL) ---
13:41:00 | INFO    | holoqpi.models.encoders | encoder=mobilenet_v2 in_channels=1 pretrained=True stages=[16, 24, 32, 96, 1280]
13:41:00 | INFO    | holoqpi.models.holonet | HoloQPINet built: 9.76M parameters, 9.76M trainable (100.0%)
13:41:00 | INFO    | holoqpi.engine.trainer | checkpoint best_model.pt: 446/446 tensors matched
13:41:00 | INFO    | holoqpi.data.dataset | test split: 113 samples | modality=off_axis | crop=None | augment=False
13:41:01 | INFO    | holoqpi.models.encoders | encoder=mobilenet_v2 in_channels=1 pretrained=True stages=[16, 24, 32, 96, 1280]
13:41:01 | INFO    | holoqpi.models.holonet | HoloQPINet built: 9.76M parameters, 9.76M trainable (100.0%)
13:41:02 | INFO    | holoqpi.engine.trainer | checkpoint best_model.pt: 446/446 tensors matched
13:41:02 | INFO    | holoqpi.data.dataset | test split: 113 samples | modality=gabor | crop=None | augment=False
13:41:04 | INFO    | __main__ | wrote figures/fig09_phase_error_structure.png / .pdf
13:41:04 | INFO    | __main__ | --- figure 10 (label_audit, IMPORTANT) ---
13:41:04 | INFO    | __main__ | wrote figures/fig10_label_audit.png / .pdf
13:41:04 | INFO    | __main__ | --- figure 11 (confusion_matrices, IMPORTANT) ---
13:41:05 | INFO    | __main__ | wrote figures/fig11_confusion_matrices.png / .pdf
13:41:05 | INFO    | __main__ | --- figure 12 (convergence, IMPORTANT) ---
13:41:27 | INFO    | __main__ | wrote figures/fig12_convergence.png / .pdf
13:41:27 | INFO    | __main__ | --- figure 13 (forward_model_consistency, ESSENTIAL) ---
13:41:27 | INFO    | __main__ | wrote figures/fig13_forward_model_consistency.png / .pdf
13:41:27 | INFO    | __main__ | --- figure 14 (learned_vs_classical, ESSENTIAL) ---
13:41:28 | INFO    | __main__ | wrote figures/fig14_learned_vs_classical.png / .pdf
13:41:28 | INFO    | __main__ | --- figure 15 (recall_by_cell_size, IMPORTANT) ---
13:41:29 | INFO    | __main__ | wrote figures/fig15_recall_by_cell_size.png / .pdf
13:41:29 | INFO    | __main__ | --- figure 16 (forward_model_diagnostics, ESSENTIAL) ---
13:41:30 | INFO    | __main__ | wrote figures/fig16_forward_model_diagnostics.png / .pdf

figures written to /sda/usama/QPI_Extended/figures
  fig01_qualitative_panel.png
  fig02_bland_altman.png
  fig03_error_decomposition.png
  fig04_detection_gap.png
  fig05_modality_comparison.png
  fig06_loss_composition.png
  fig07_ablation_deltas.png
  fig08_efficiency_tradeoff.png
  fig09_phase_error_structure.png
  fig10_label_audit.png
  fig11_confusion_matrices.png
  fig12_convergence.png
  fig13_forward_model_consistency.png
  fig14_learned_vs_classical.png
  fig15_recall_by_cell_size.png
  fig16_forward_model_diagnostics.png
