06:32:32 | INFO    | __main__ | fitting order-5 aberration surfaces over 800 fields
06:33:32 | INFO    | __main__ |   50/800
06:34:30 | INFO    | __main__ |   100/800
06:35:28 | INFO    | __main__ |   150/800
06:36:24 | INFO    | __main__ |   200/800
06:37:20 | INFO    | __main__ |   250/800
06:38:16 | INFO    | __main__ |   300/800
06:39:12 | INFO    | __main__ |   350/800
06:40:09 | INFO    | __main__ |   400/800
06:41:06 | INFO    | __main__ |   450/800
06:42:02 | INFO    | __main__ |   500/800
06:42:58 | INFO    | __main__ |   550/800
06:43:55 | INFO    | __main__ |   600/800
06:44:50 | INFO    | __main__ |   650/800
06:45:46 | INFO    | __main__ |   700/800
06:46:41 | INFO    | __main__ |   750/800
06:47:37 | INFO    | __main__ |   800/800

=== aberration surfaces, order 5 ===
  fields fitted        800
  R^2  median 0.9982   p10 0.9969   min 0.9902
  surface peak-to-valley  median 18.0 rad   p95 23.6 rad   max 483.9 rad
  sideband conjugated  584 / 800 fields   (median |skewness| 2.42)
  detrended agreement  median +0.943   min -0.002
  usable fields        780 / 800   (span limit 45 rad, agreement >= 0.50)
  rejected: 20 for surface magnitude (unwrapping failures), 0 for disagreeing with the delivered phase
    NCI_Blebbistatin_5uM_11               432 rad   R^2 1.000   surface 432 rad exceeds 45 rad
    NCI_Blebbistatin_5uM_36               400 rad   R^2 1.000   surface 400 rad exceeds 45 rad
    NCI_Staurosporine_100nM_35            410 rad   R^2 1.000   surface 410 rad exceeds 45 rad
    NCI_Staurosporine_100nM_42            424 rad   R^2 1.000   surface 424 rad exceeds 45 rad
    NCI_rotenone_500nM_39                 424 rad   R^2 1.000   surface 424 rad exceeds 45 rad
    SNU_01                                484 rad   R^2 1.000   surface 484 rad exceeds 45 rad
    ... and 14 more
    Note their R^2: a perfect fit to a broken unwrap still scores 1.000,
    which is exactly why the gate is the surface magnitude and the
    detrended agreement, and not R^2.

=== global surface (train split, 545 fields) ===
  peak-to-valley of the global surface        12.38 rad
  per-field departure, all terms              median 12.05 rad   p95 20.50   max 25.42
  per-field tilt, degree == 1 only            median 11.49 rad   p95 17.35   max 24.96
  per-field departure, degree >= 2 only       median 2.58 rad   p95 4.45   max 6.62
  as a fraction of the surface's magnitude    all 97.3%   curvature-only 20.9%
  curvature span as a fraction of the total   21.4%   (spans, not an additive split)

=== hybrid surface: global curvature + carrier-derived ramp ===
  the ramp is predicted from the hologram's carrier alone, with no
  reference phase, so this is a genuine out-of-sample prediction of
  the fitted surface's tilt.
  fitted tilt to be predicted                 median 11.49 rad
  left over after the prediction              median 11.61 rad   p95 16.23   max 23.49
  share of the tilt the carrier explains      -1.0%
  residual as a fraction of the surface       93.7%

  -> most of the variation is degree <= 1, but the carrier does not
     predict it well. Piston is still meaningless and is still absorbed
     by the radiometric fit, so report the GLOBAL surface and state that
     the residual ramp is an unmodelled term of the forward model on
     this instrument. Do not use per_field for a reported result.

  surfaces -> data/aberration.json
  per-image quality -> runs/aberration_fit_order5.csv

  -> the difference between the raw reconstruction and the delivered
     phase IS a smooth surface, as the acquiring group described. The
     forward model can now restore it, and z should become identifiable:
     re-run scripts/calibrate_z.py.
