23:40:55 | INFO    | holoqpi.models.encoders | loading pretrained mobilenet_v2 from weights/mobilenet_v2-b0353104.pth
23:40:55 | INFO    | holoqpi.models.encoders | loading pretrained mobilenet_v2 from weights/mobilenet_v2-b0353104.pth
23:40:55 | INFO    | holoqpi.models.encoders | encoder=mobilenet_v2 in_channels=1 pretrained=True weights=local (weights) stages=[16, 24, 32, 96, 1280]
23:40:55 | INFO    | holoqpi.models.holonet | HoloQPINet built: 9.60M parameters, 9.60M trainable (100.0%)
23:40:57 | INFO    | holoqpi.engine.trainer | checkpoint best_model.pt: 440/440 tensors matched
23:40:57 | INFO    | holoqpi.data.dataset | test split: 6 of 113 fields excluded for modality off_axis (data.exclude)
23:40:57 | INFO    | holoqpi.data.dataset | test split: 107 samples | modality=off_axis | crop=None | augment=False
23:41:45 | INFO    | holoqpi | labels from mask -> metrics_test_common.json
23:41:45 | INFO    | holoqpi |   area_bootstrap_fields              107
23:41:45 | INFO    | holoqpi |   area_bootstrap_resamples           2000
23:41:45 | INFO    | holoqpi |   area_cell_pearson_r                0.9018
23:41:45 | INFO    | holoqpi |   area_cell_pearson_r_ci_lower       0.8824
23:41:45 | INFO    | holoqpi |   area_cell_pearson_r_ci_upper       0.9174
23:41:45 | INFO    | holoqpi |   area_field_total_bias              -0.0985
23:41:45 | INFO    | holoqpi |   area_field_total_mape              0.1552
23:41:45 | INFO    | holoqpi |   area_field_total_pearson_r         0.9360
23:41:45 | INFO    | holoqpi |   area_image_pearson_r               0.8361
23:41:45 | INFO    | holoqpi |   area_loa_lower                     -0.1619
23:41:45 | INFO    | holoqpi |   area_loa_upper                     0.2776
23:41:45 | INFO    | holoqpi |   area_mae                           57.9024
23:41:45 | INFO    | holoqpi |   area_mape                          0.1542
23:41:45 | INFO    | holoqpi |   area_mape_ci_lower                 0.1446
23:41:45 | INFO    | holoqpi |   area_mape_ci_upper                 0.1648
23:41:45 | INFO    | holoqpi |   area_mape_coverage_adjusted        0.4953
23:41:45 | INFO    | holoqpi |   area_median_relative_bias          0.0565
23:41:45 | INFO    | holoqpi |   area_n_cells                       1823
23:41:45 | INFO    | holoqpi |   area_n_fields                      107
23:41:45 | INFO    | holoqpi |   area_relative_bias                 0.0578
23:41:45 | INFO    | holoqpi |   cell_count_ratio                   0.6920
23:41:45 | INFO    | holoqpi |   cells_detected                     2114
23:41:45 | INFO    | holoqpi |   cells_false_positive               291
23:41:45 | INFO    | holoqpi |   cells_matched                      1823
23:41:45 | INFO    | holoqpi |   cells_missed                       1232
23:41:45 | INFO    | holoqpi |   cells_reference                    3055
23:41:45 | INFO    | holoqpi |   circularity_bootstrap_fields       107
23:41:45 | INFO    | holoqpi |   circularity_bootstrap_resamples    2000
23:41:45 | INFO    | holoqpi |   circularity_cell_pearson_r         0.8887
23:41:45 | INFO    | holoqpi |   circularity_cell_pearson_r_ci_lower 0.8674
23:41:45 | INFO    | holoqpi |   circularity_cell_pearson_r_ci_upper 0.9063
23:41:45 | INFO    | holoqpi |   circularity_image_pearson_r        0.9415
23:41:45 | INFO    | holoqpi |   circularity_loa_lower              -0.0501
23:41:45 | INFO    | holoqpi |   circularity_loa_upper              0.0891
23:41:45 | INFO    | holoqpi |   circularity_mae                    0.0395
23:41:45 | INFO    | holoqpi |   circularity_mape                   0.0556
23:41:45 | INFO    | holoqpi |   circularity_mape_ci_lower          0.0490
23:41:45 | INFO    | holoqpi |   circularity_mape_ci_upper          0.0630
23:41:45 | INFO    | holoqpi |   circularity_mape_coverage_adjusted 0.4365
23:41:45 | INFO    | holoqpi |   circularity_median_relative_bias   0.0150
23:41:45 | INFO    | holoqpi |   circularity_n_cells                1823
23:41:45 | INFO    | holoqpi |   circularity_relative_bias          0.0195
23:41:45 | INFO    | holoqpi |   coverage                           0.5967
23:41:45 | INFO    | holoqpi |   detection_f1                       0.7054
23:41:45 | INFO    | holoqpi |   detection_precision                0.8623
23:41:45 | INFO    | holoqpi |   detection_recall                   0.5967
23:41:45 | INFO    | holoqpi |   dry_mass_bootstrap_fields          107
23:41:45 | INFO    | holoqpi |   dry_mass_bootstrap_resamples       2000
23:41:45 | INFO    | holoqpi |   dry_mass_cell_pearson_r            0.9384
23:41:45 | INFO    | holoqpi |   dry_mass_cell_pearson_r_ci_lower   0.9259
23:41:45 | INFO    | holoqpi |   dry_mass_cell_pearson_r_ci_upper   0.9496
23:41:45 | INFO    | holoqpi |   dry_mass_field_total_bias          -0.1632
23:41:45 | INFO    | holoqpi |   dry_mass_field_total_mape          0.1732
23:41:45 | INFO    | holoqpi |   dry_mass_field_total_pearson_r     0.9877
23:41:45 | INFO    | holoqpi |   dry_mass_image_pearson_r           0.9441
23:41:45 | INFO    | holoqpi |   dry_mass_loa_lower                 -0.2640
23:41:45 | INFO    | holoqpi |   dry_mass_loa_upper                 0.1655
23:41:45 | INFO    | holoqpi |   dry_mass_mae                       35.2043
23:41:45 | INFO    | holoqpi |   dry_mass_mape                      0.1745
23:41:45 | INFO    | holoqpi |   dry_mass_mape_ci_lower             0.1642
23:41:45 | INFO    | holoqpi |   dry_mass_mape_ci_upper             0.1852
23:41:45 | INFO    | holoqpi |   dry_mass_mape_coverage_adjusted    0.5074
23:41:45 | INFO    | holoqpi |   dry_mass_median_relative_bias      -0.0404
23:41:45 | INFO    | holoqpi |   dry_mass_n_cells                   1823
23:41:45 | INFO    | holoqpi |   dry_mass_n_fields                  107
23:41:45 | INFO    | holoqpi |   dry_mass_relative_bias             -0.0492
23:41:45 | INFO    | holoqpi |   false_positive_median_area_um2     122.7822
23:41:45 | INFO    | holoqpi |   forward_distance_um                33.7700
23:41:45 | INFO    | holoqpi |   forward_residual                   0.8902
23:41:45 | INFO    | holoqpi |   forward_residual_n                 107
23:41:45 | INFO    | holoqpi |   forward_residual_ratio             1.0043
23:41:45 | INFO    | holoqpi |   forward_residual_reference         0.8864
23:41:45 | INFO    | holoqpi |   missed_median_area_um2             98.8425
23:41:45 | INFO    | holoqpi |   optical_volume_bootstrap_fields    107
23:41:45 | INFO    | holoqpi |   optical_volume_bootstrap_resamples 2000
23:41:45 | INFO    | holoqpi |   optical_volume_cell_pearson_r      0.9384
23:41:45 | INFO    | holoqpi |   optical_volume_cell_pearson_r_ci_lower 0.9259
23:41:45 | INFO    | holoqpi |   optical_volume_cell_pearson_r_ci_upper 0.9496
23:41:45 | INFO    | holoqpi |   optical_volume_field_total_bias    -0.1632
23:41:45 | INFO    | holoqpi |   optical_volume_field_total_mape    0.1732
23:41:45 | INFO    | holoqpi |   optical_volume_field_total_pearson_r 0.9877
23:41:45 | INFO    | holoqpi |   optical_volume_image_pearson_r     0.9441
23:41:45 | INFO    | holoqpi |   optical_volume_loa_lower           -0.2640
23:41:45 | INFO    | holoqpi |   optical_volume_loa_upper           0.1655
23:41:45 | INFO    | holoqpi |   optical_volume_mae                 66.4250
23:41:45 | INFO    | holoqpi |   optical_volume_mape                0.1745
23:41:45 | INFO    | holoqpi |   optical_volume_mape_ci_lower       0.1642
23:41:45 | INFO    | holoqpi |   optical_volume_mape_ci_upper       0.1852
23:41:45 | INFO    | holoqpi |   optical_volume_mape_coverage_adjusted 0.5074
23:41:45 | INFO    | holoqpi |   optical_volume_median_relative_bias -0.0404
23:41:45 | INFO    | holoqpi |   optical_volume_n_cells             1823
23:41:45 | INFO    | holoqpi |   optical_volume_n_fields            107
23:41:45 | INFO    | holoqpi |   optical_volume_relative_bias       -0.0492
23:41:45 | INFO    | holoqpi |   phase_bias_rad                     -0.0097
23:41:45 | INFO    | holoqpi |   phase_bias_rad_background          0.0205
23:41:45 | INFO    | holoqpi |   phase_bias_rad_in_cell             -0.2013
23:41:45 | INFO    | holoqpi |   phase_mae_rad                      0.1586
23:41:45 | INFO    | holoqpi |   phase_mae_rad_background           0.1415
23:41:45 | INFO    | holoqpi |   phase_mae_rad_in_cell              0.2737
23:41:45 | INFO    | holoqpi |   phase_n_images                     107
23:41:45 | INFO    | holoqpi |   phase_pearson_r                    0.8761
23:41:45 | INFO    | holoqpi |   phase_psnr_db                      31.1315
23:41:45 | INFO    | holoqpi |   phase_rmse_rad                     0.2439
23:41:45 | INFO    | holoqpi |   phase_ssim                         0.6381
23:41:45 | INFO    | holoqpi |   seg_aji                            0.6730
23:41:45 | INFO    | holoqpi |   seg_boundary_f1                    0.4747
23:41:45 | INFO    | holoqpi |   seg_dice                           0.8346
23:41:45 | INFO    | holoqpi |   seg_dice_macro                     0.8346
23:41:45 | INFO    | holoqpi |   seg_instance_count_mape            0.3356
23:41:45 | INFO    | holoqpi |   seg_iou                            0.7161
23:41:45 | INFO    | holoqpi |   seg_n_images                       107
