23:41:50 | INFO    | holoqpi.models.encoders | loading pretrained mobilenet_v2 from weights/mobilenet_v2-b0353104.pth
23:41:50 | INFO    | holoqpi.models.encoders | loading pretrained mobilenet_v2 from weights/mobilenet_v2-b0353104.pth
23:41:51 | INFO    | holoqpi.models.encoders | encoder=mobilenet_v2 in_channels=1 pretrained=True weights=local (weights) stages=[16, 24, 32, 96, 1280]
23:41:51 | INFO    | holoqpi.models.holonet | HoloQPINet built: 9.60M parameters, 9.60M trainable (100.0%)
23:41:52 | INFO    | holoqpi.engine.trainer | checkpoint best_model.pt: 440/440 tensors matched
23:41:52 | INFO    | holoqpi.data.dataset | test split: 6 of 113 fields excluded for modality off_axis (data.exclude)
23:41:52 | INFO    | holoqpi.data.dataset | test split: 107 samples | modality=off_axis | crop=None | augment=False
23:42:41 | INFO    | holoqpi | labels from mask -> metrics_test_common.json
23:42:41 | INFO    | holoqpi |   area_bootstrap_fields              107
23:42:41 | INFO    | holoqpi |   area_bootstrap_resamples           2000
23:42:41 | INFO    | holoqpi |   area_cell_pearson_r                0.8993
23:42:41 | INFO    | holoqpi |   area_cell_pearson_r_ci_lower       0.8837
23:42:41 | INFO    | holoqpi |   area_cell_pearson_r_ci_upper       0.9135
23:42:41 | INFO    | holoqpi |   area_field_total_bias              -0.0918
23:42:41 | INFO    | holoqpi |   area_field_total_mape              0.1631
23:42:41 | INFO    | holoqpi |   area_field_total_pearson_r         0.9300
23:42:41 | INFO    | holoqpi |   area_image_pearson_r               0.8303
23:42:41 | INFO    | holoqpi |   area_loa_lower                     -0.1768
23:42:41 | INFO    | holoqpi |   area_loa_upper                     0.2890
23:42:41 | INFO    | holoqpi |   area_mae                           58.6497
23:42:41 | INFO    | holoqpi |   area_mape                          0.1535
23:42:41 | INFO    | holoqpi |   area_mape_ci_lower                 0.1445
23:42:41 | INFO    | holoqpi |   area_mape_ci_upper                 0.1635
23:42:41 | INFO    | holoqpi |   area_mape_coverage_adjusted        0.4976
23:42:41 | INFO    | holoqpi |   area_median_relative_bias          0.0629
23:42:41 | INFO    | holoqpi |   area_n_cells                       1813
23:42:41 | INFO    | holoqpi |   area_n_fields                      107
23:42:41 | INFO    | holoqpi |   area_relative_bias                 0.0561
23:42:41 | INFO    | holoqpi |   cell_count_ratio                   0.7113
23:42:41 | INFO    | holoqpi |   cells_detected                     2173
23:42:41 | INFO    | holoqpi |   cells_false_positive               360
23:42:41 | INFO    | holoqpi |   cells_matched                      1813
23:42:41 | INFO    | holoqpi |   cells_missed                       1242
23:42:41 | INFO    | holoqpi |   cells_reference                    3055
23:42:41 | INFO    | holoqpi |   circularity_bootstrap_fields       107
23:42:41 | INFO    | holoqpi |   circularity_bootstrap_resamples    2000
23:42:41 | INFO    | holoqpi |   circularity_cell_pearson_r         0.8899
23:42:41 | INFO    | holoqpi |   circularity_cell_pearson_r_ci_lower 0.8701
23:42:41 | INFO    | holoqpi |   circularity_cell_pearson_r_ci_upper 0.9070
23:42:41 | INFO    | holoqpi |   circularity_image_pearson_r        0.9443
23:42:41 | INFO    | holoqpi |   circularity_loa_lower              -0.0553
23:42:41 | INFO    | holoqpi |   circularity_loa_upper              0.0840
23:42:41 | INFO    | holoqpi |   circularity_mae                    0.0393
23:42:41 | INFO    | holoqpi |   circularity_mape                   0.0551
23:42:41 | INFO    | holoqpi |   circularity_mape_ci_lower          0.0481
23:42:41 | INFO    | holoqpi |   circularity_mape_ci_upper          0.0624
23:42:41 | INFO    | holoqpi |   circularity_mape_coverage_adjusted 0.4392
23:42:41 | INFO    | holoqpi |   circularity_median_relative_bias   0.0101
23:42:41 | INFO    | holoqpi |   circularity_n_cells                1813
23:42:41 | INFO    | holoqpi |   circularity_relative_bias          0.0143
23:42:41 | INFO    | holoqpi |   coverage                           0.5935
23:42:41 | INFO    | holoqpi |   detection_f1                       0.6936
23:42:41 | INFO    | holoqpi |   detection_precision                0.8343
23:42:41 | INFO    | holoqpi |   detection_recall                   0.5935
23:42:41 | INFO    | holoqpi |   dry_mass_bootstrap_fields          107
23:42:41 | INFO    | holoqpi |   dry_mass_bootstrap_resamples       2000
23:42:41 | INFO    | holoqpi |   dry_mass_cell_pearson_r            0.9364
23:42:41 | INFO    | holoqpi |   dry_mass_cell_pearson_r_ci_lower   0.9229
23:42:41 | INFO    | holoqpi |   dry_mass_cell_pearson_r_ci_upper   0.9469
23:42:41 | INFO    | holoqpi |   dry_mass_field_total_bias          -0.1399
23:42:41 | INFO    | holoqpi |   dry_mass_field_total_mape          0.1489
23:42:41 | INFO    | holoqpi |   dry_mass_field_total_pearson_r     0.9885
23:42:41 | INFO    | holoqpi |   dry_mass_image_pearson_r           0.9536
23:42:41 | INFO    | holoqpi |   dry_mass_loa_lower                 -0.2387
23:42:41 | INFO    | holoqpi |   dry_mass_loa_upper                 0.1978
23:42:41 | INFO    | holoqpi |   dry_mass_mae                       33.9375
23:42:41 | INFO    | holoqpi |   dry_mass_mape                      0.1692
23:42:41 | INFO    | holoqpi |   dry_mass_mape_ci_lower             0.1599
23:42:41 | INFO    | holoqpi |   dry_mass_mape_ci_upper             0.1785
23:42:41 | INFO    | holoqpi |   dry_mass_mape_coverage_adjusted    0.5070
23:42:41 | INFO    | holoqpi |   dry_mass_median_relative_bias      -0.0207
23:42:41 | INFO    | holoqpi |   dry_mass_n_cells                   1813
23:42:41 | INFO    | holoqpi |   dry_mass_n_fields                  107
23:42:41 | INFO    | holoqpi |   dry_mass_relative_bias             -0.0204
23:42:41 | INFO    | holoqpi |   false_positive_median_area_um2     115.3163
23:42:41 | INFO    | holoqpi |   forward_distance_um                33.7700
23:42:41 | INFO    | holoqpi |   forward_residual                   0.8897
23:42:41 | INFO    | holoqpi |   forward_residual_n                 107
23:42:41 | INFO    | holoqpi |   forward_residual_ratio             1.0037
23:42:41 | INFO    | holoqpi |   forward_residual_reference         0.8864
23:42:41 | INFO    | holoqpi |   missed_median_area_um2             99.1671
23:42:41 | INFO    | holoqpi |   optical_volume_bootstrap_fields    107
23:42:41 | INFO    | holoqpi |   optical_volume_bootstrap_resamples 2000
23:42:41 | INFO    | holoqpi |   optical_volume_cell_pearson_r      0.9364
23:42:41 | INFO    | holoqpi |   optical_volume_cell_pearson_r_ci_lower 0.9229
23:42:41 | INFO    | holoqpi |   optical_volume_cell_pearson_r_ci_upper 0.9469
23:42:41 | INFO    | holoqpi |   optical_volume_field_total_bias    -0.1399
23:42:41 | INFO    | holoqpi |   optical_volume_field_total_mape    0.1489
23:42:41 | INFO    | holoqpi |   optical_volume_field_total_pearson_r 0.9885
23:42:41 | INFO    | holoqpi |   optical_volume_image_pearson_r     0.9536
23:42:41 | INFO    | holoqpi |   optical_volume_loa_lower           -0.2387
23:42:41 | INFO    | holoqpi |   optical_volume_loa_upper           0.1978
23:42:41 | INFO    | holoqpi |   optical_volume_mae                 64.0348
23:42:41 | INFO    | holoqpi |   optical_volume_mape                0.1692
23:42:41 | INFO    | holoqpi |   optical_volume_mape_ci_lower       0.1599
23:42:41 | INFO    | holoqpi |   optical_volume_mape_ci_upper       0.1785
23:42:41 | INFO    | holoqpi |   optical_volume_mape_coverage_adjusted 0.5070
23:42:41 | INFO    | holoqpi |   optical_volume_median_relative_bias -0.0207
23:42:41 | INFO    | holoqpi |   optical_volume_n_cells             1813
23:42:41 | INFO    | holoqpi |   optical_volume_n_fields            107
23:42:41 | INFO    | holoqpi |   optical_volume_relative_bias       -0.0204
23:42:41 | INFO    | holoqpi |   phase_bias_rad                     -0.0112
23:42:41 | INFO    | holoqpi |   phase_bias_rad_background          0.0150
23:42:41 | INFO    | holoqpi |   phase_bias_rad_in_cell             -0.1778
23:42:41 | INFO    | holoqpi |   phase_mae_rad                      0.1562
23:42:41 | INFO    | holoqpi |   phase_mae_rad_background           0.1398
23:42:41 | INFO    | holoqpi |   phase_mae_rad_in_cell              0.2665
23:42:41 | INFO    | holoqpi |   phase_n_images                     107
23:42:41 | INFO    | holoqpi |   phase_pearson_r                    0.8755
23:42:41 | INFO    | holoqpi |   phase_psnr_db                      31.2025
23:42:41 | INFO    | holoqpi |   phase_rmse_rad                     0.2416
23:42:41 | INFO    | holoqpi |   phase_ssim                         0.6429
23:42:41 | INFO    | holoqpi |   seg_aji                            0.6690
23:42:41 | INFO    | holoqpi |   seg_boundary_f1                    0.4722
23:42:41 | INFO    | holoqpi |   seg_dice                           0.8322
23:42:41 | INFO    | holoqpi |   seg_dice_macro                     0.8322
23:42:41 | INFO    | holoqpi |   seg_instance_count_mape            0.3486
23:42:41 | INFO    | holoqpi |   seg_iou                            0.7126
23:42:41 | INFO    | holoqpi |   seg_n_images                       107
