23:42:47 | INFO    | holoqpi.models.encoders | loading pretrained mobilenet_v2 from weights/mobilenet_v2-b0353104.pth
23:42:47 | INFO    | holoqpi.models.encoders | loading pretrained mobilenet_v2 from weights/mobilenet_v2-b0353104.pth
23:42:47 | INFO    | holoqpi.models.encoders | encoder=mobilenet_v2 in_channels=1 pretrained=True weights=local (weights) stages=[16, 24, 32, 96, 1280]
23:42:47 | INFO    | holoqpi.models.holonet | HoloQPINet built: 9.60M parameters, 9.60M trainable (100.0%)
23:42:49 | INFO    | holoqpi.engine.trainer | checkpoint best_model.pt: 440/440 tensors matched
23:42:49 | INFO    | holoqpi.data.dataset | test split: 6 of 113 fields excluded for modality off_axis (data.exclude)
23:42:49 | INFO    | holoqpi.data.dataset | test split: 107 samples | modality=off_axis | crop=None | augment=False
23:43:37 | INFO    | holoqpi | labels from mask -> metrics_test_common.json
23:43:37 | INFO    | holoqpi |   area_bootstrap_fields              107
23:43:37 | INFO    | holoqpi |   area_bootstrap_resamples           2000
23:43:37 | INFO    | holoqpi |   area_cell_pearson_r                0.8992
23:43:37 | INFO    | holoqpi |   area_cell_pearson_r_ci_lower       0.8812
23:43:37 | INFO    | holoqpi |   area_cell_pearson_r_ci_upper       0.9142
23:43:37 | INFO    | holoqpi |   area_field_total_bias              -0.0991
23:43:37 | INFO    | holoqpi |   area_field_total_mape              0.1544
23:43:37 | INFO    | holoqpi |   area_field_total_pearson_r         0.9389
23:43:37 | INFO    | holoqpi |   area_image_pearson_r               0.8413
23:43:37 | INFO    | holoqpi |   area_loa_lower                     -0.1505
23:43:37 | INFO    | holoqpi |   area_loa_upper                     0.2720
23:43:37 | INFO    | holoqpi |   area_mae                           59.4152
23:43:37 | INFO    | holoqpi |   area_mape                          0.1580
23:43:37 | INFO    | holoqpi |   area_mape_ci_lower                 0.1484
23:43:37 | INFO    | holoqpi |   area_mape_ci_upper                 0.1691
23:43:37 | INFO    | holoqpi |   area_mape_coverage_adjusted        0.5028
23:43:37 | INFO    | holoqpi |   area_median_relative_bias          0.0670
23:43:37 | INFO    | holoqpi |   area_n_cells                       1804
23:43:37 | INFO    | holoqpi |   area_n_fields                      107
23:43:37 | INFO    | holoqpi |   area_relative_bias                 0.0607
23:43:37 | INFO    | holoqpi |   cell_count_ratio                   0.6953
23:43:37 | INFO    | holoqpi |   cells_detected                     2124
23:43:37 | INFO    | holoqpi |   cells_false_positive               320
23:43:37 | INFO    | holoqpi |   cells_matched                      1804
23:43:37 | INFO    | holoqpi |   cells_missed                       1251
23:43:37 | INFO    | holoqpi |   cells_reference                    3055
23:43:37 | INFO    | holoqpi |   circularity_bootstrap_fields       107
23:43:37 | INFO    | holoqpi |   circularity_bootstrap_resamples    2000
23:43:37 | INFO    | holoqpi |   circularity_cell_pearson_r         0.8767
23:43:37 | INFO    | holoqpi |   circularity_cell_pearson_r_ci_lower 0.8562
23:43:37 | INFO    | holoqpi |   circularity_cell_pearson_r_ci_upper 0.8947
23:43:37 | INFO    | holoqpi |   circularity_image_pearson_r        0.9272
23:43:37 | INFO    | holoqpi |   circularity_loa_lower              -0.0535
23:43:37 | INFO    | holoqpi |   circularity_loa_upper              0.1063
23:43:37 | INFO    | holoqpi |   circularity_mae                    0.0429
23:43:37 | INFO    | holoqpi |   circularity_mape                   0.0598
23:43:37 | INFO    | holoqpi |   circularity_mape_ci_lower          0.0523
23:43:37 | INFO    | holoqpi |   circularity_mape_ci_upper          0.0682
23:43:37 | INFO    | holoqpi |   circularity_mape_coverage_adjusted 0.4448
23:43:37 | INFO    | holoqpi |   circularity_median_relative_bias   0.0195
23:43:37 | INFO    | holoqpi |   circularity_n_cells                1804
23:43:37 | INFO    | holoqpi |   circularity_relative_bias          0.0264
23:43:37 | INFO    | holoqpi |   coverage                           0.5905
23:43:37 | INFO    | holoqpi |   detection_f1                       0.6967
23:43:37 | INFO    | holoqpi |   detection_precision                0.8493
23:43:37 | INFO    | holoqpi |   detection_recall                   0.5905
23:43:37 | INFO    | holoqpi |   dry_mass_bootstrap_fields          107
23:43:37 | INFO    | holoqpi |   dry_mass_bootstrap_resamples       2000
23:43:37 | INFO    | holoqpi |   dry_mass_cell_pearson_r            0.9373
23:43:37 | INFO    | holoqpi |   dry_mass_cell_pearson_r_ci_lower   0.9265
23:43:37 | INFO    | holoqpi |   dry_mass_cell_pearson_r_ci_upper   0.9468
23:43:37 | INFO    | holoqpi |   dry_mass_field_total_bias          -0.1741
23:43:37 | INFO    | holoqpi |   dry_mass_field_total_mape          0.1749
23:43:37 | INFO    | holoqpi |   dry_mass_field_total_pearson_r     0.9891
23:43:37 | INFO    | holoqpi |   dry_mass_image_pearson_r           0.9625
23:43:37 | INFO    | holoqpi |   dry_mass_loa_lower                 -0.2426
23:43:37 | INFO    | holoqpi |   dry_mass_loa_upper                 0.1414
23:43:37 | INFO    | holoqpi |   dry_mass_mae                       35.4531
23:43:37 | INFO    | holoqpi |   dry_mass_mape                      0.1783
23:43:37 | INFO    | holoqpi |   dry_mass_mape_ci_lower             0.1682
23:43:37 | INFO    | holoqpi |   dry_mass_mape_ci_upper             0.1893
23:43:37 | INFO    | holoqpi |   dry_mass_mape_coverage_adjusted    0.5148
23:43:37 | INFO    | holoqpi |   dry_mass_median_relative_bias      -0.0388
23:43:37 | INFO    | holoqpi |   dry_mass_n_cells                   1804
23:43:37 | INFO    | holoqpi |   dry_mass_n_fields                  107
23:43:37 | INFO    | holoqpi |   dry_mass_relative_bias             -0.0506
23:43:37 | INFO    | holoqpi |   false_positive_median_area_um2     127.4484
23:43:37 | INFO    | holoqpi |   forward_distance_um                33.7700
23:43:37 | INFO    | holoqpi |   forward_residual                   0.8898
23:43:37 | INFO    | holoqpi |   forward_residual_n                 107
23:43:37 | INFO    | holoqpi |   forward_residual_ratio             1.0038
23:43:37 | INFO    | holoqpi |   forward_residual_reference         0.8864
23:43:37 | INFO    | holoqpi |   missed_median_area_um2             99.1671
23:43:37 | INFO    | holoqpi |   optical_volume_bootstrap_fields    107
23:43:37 | INFO    | holoqpi |   optical_volume_bootstrap_resamples 2000
23:43:37 | INFO    | holoqpi |   optical_volume_cell_pearson_r      0.9373
23:43:37 | INFO    | holoqpi |   optical_volume_cell_pearson_r_ci_lower 0.9265
23:43:37 | INFO    | holoqpi |   optical_volume_cell_pearson_r_ci_upper 0.9468
23:43:37 | INFO    | holoqpi |   optical_volume_field_total_bias    -0.1741
23:43:37 | INFO    | holoqpi |   optical_volume_field_total_mape    0.1749
23:43:37 | INFO    | holoqpi |   optical_volume_field_total_pearson_r 0.9891
23:43:37 | INFO    | holoqpi |   optical_volume_image_pearson_r     0.9625
23:43:37 | INFO    | holoqpi |   optical_volume_loa_lower           -0.2426
23:43:37 | INFO    | holoqpi |   optical_volume_loa_upper           0.1414
23:43:37 | INFO    | holoqpi |   optical_volume_mae                 66.8943
23:43:37 | INFO    | holoqpi |   optical_volume_mape                0.1783
23:43:37 | INFO    | holoqpi |   optical_volume_mape_ci_lower       0.1682
23:43:37 | INFO    | holoqpi |   optical_volume_mape_ci_upper       0.1893
23:43:37 | INFO    | holoqpi |   optical_volume_mape_coverage_adjusted 0.5148
23:43:37 | INFO    | holoqpi |   optical_volume_median_relative_bias -0.0388
23:43:37 | INFO    | holoqpi |   optical_volume_n_cells             1804
23:43:37 | INFO    | holoqpi |   optical_volume_n_fields            107
23:43:37 | INFO    | holoqpi |   optical_volume_relative_bias       -0.0506
23:43:37 | INFO    | holoqpi |   phase_bias_rad                     -0.0084
23:43:37 | INFO    | holoqpi |   phase_bias_rad_background          0.0229
23:43:37 | INFO    | holoqpi |   phase_bias_rad_in_cell             -0.2056
23:43:37 | INFO    | holoqpi |   phase_mae_rad                      0.1610
23:43:37 | INFO    | holoqpi |   phase_mae_rad_background           0.1436
23:43:37 | INFO    | holoqpi |   phase_mae_rad_in_cell              0.2777
23:43:37 | INFO    | holoqpi |   phase_n_images                     107
23:43:37 | INFO    | holoqpi |   phase_pearson_r                    0.8719
23:43:37 | INFO    | holoqpi |   phase_psnr_db                      30.9844
23:43:37 | INFO    | holoqpi |   phase_rmse_rad                     0.2457
23:43:37 | INFO    | holoqpi |   phase_ssim                         0.6322
23:43:37 | INFO    | holoqpi |   seg_aji                            0.6669
23:43:37 | INFO    | holoqpi |   seg_boundary_f1                    0.4648
23:43:37 | INFO    | holoqpi |   seg_dice                           0.8324
23:43:37 | INFO    | holoqpi |   seg_dice_macro                     0.8324
23:43:37 | INFO    | holoqpi |   seg_instance_count_mape            0.3214
23:43:37 | INFO    | holoqpi |   seg_iou                            0.7129
23:43:37 | INFO    | holoqpi |   seg_n_images                       107
