HoloQPI v2 study, started Wed Sep 30 19:16:11 KST 2026
log directory logs/v2_20260930_191611_gpu2
GPU 2   arms: A B B1   seeds (stages 11-14): 1337

########## stage 11: seed replication, seeds 1337 

=== train_A_seed1337  19:16:13
    python main.py train --config config/v2/a_baseline.yaml --seed 1337 --set experiment_name=v2_A_seed1337
    OK   -> logs/v2_20260930_191611_gpu2/train_A_seed1337.log

=== evaluate_A_seed1337  20:38:39
    python main.py evaluate --config config/v2/a_baseline.yaml --seed 1337 --set experiment_name=v2_A_seed1337
    OK   -> logs/v2_20260930_191611_gpu2/evaluate_A_seed1337.log

=== evaluate_A_seed1337_membrane  20:39:38
    python main.py evaluate --config config/v2/a_baseline.yaml --seed 1337 --tag membrane --set experiment_name=v2_A_seed1337 paths.manual_mask_dir=membrane_mask
    OK   -> logs/v2_20260930_191611_gpu2/evaluate_A_seed1337_membrane.log

=== train_B_seed1337  20:40:38
    python main.py train --config config/v2/b_cell_ipp.yaml --seed 1337 --set experiment_name=v2_B_seed1337
    OK   -> logs/v2_20260930_191611_gpu2/train_B_seed1337.log

=== evaluate_B_seed1337  22:04:05
    python main.py evaluate --config config/v2/b_cell_ipp.yaml --seed 1337 --set experiment_name=v2_B_seed1337
    OK   -> logs/v2_20260930_191611_gpu2/evaluate_B_seed1337.log

=== evaluate_B_seed1337_membrane  22:05:03
    python main.py evaluate --config config/v2/b_cell_ipp.yaml --seed 1337 --tag membrane --set experiment_name=v2_B_seed1337 paths.manual_mask_dir=membrane_mask
    OK   -> logs/v2_20260930_191611_gpu2/evaluate_B_seed1337_membrane.log

=== train_B1_seed1337  22:06:03
    python main.py train --config config/v2/b1_image_volume.yaml --seed 1337 --set experiment_name=v2_B1_seed1337
    OK   -> logs/v2_20260930_191611_gpu2/train_B1_seed1337.log

=== evaluate_B1_seed1337  23:27:29
    python main.py evaluate --config config/v2/b1_image_volume.yaml --seed 1337 --set experiment_name=v2_B1_seed1337
    OK   -> logs/v2_20260930_191611_gpu2/evaluate_B1_seed1337.log

=== evaluate_B1_seed1337_membrane  23:28:27
    python main.py evaluate --config config/v2/b1_image_volume.yaml --seed 1337 --tag membrane --set experiment_name=v2_B1_seed1337 paths.manual_mask_dir=membrane_mask
    OK   -> logs/v2_20260930_191611_gpu2/evaluate_B1_seed1337_membrane.log

=== plan_after_stage11  23:29:26
    collector plan --arms A B B1
    OK   -> logs/v2_20260930_191611_gpu2/plan_after_stage11.log
    seeds [1337]   (reduced arms ['B2', 'C', 'D0', 'D1', 'D2', 'G', 'KA', 'KB', 'W01', 'W03', 'W30']: first 1)
    arm          1337   run directory (seed 42)
    A       evaluated   v2_baseline_off_axis
    B       evaluated   v2_cell_ipp_off_axis
    B1      evaluated   v2_image_volume_off_axis
    
    hardware (cuda)
    A            todo
    B            todo
    
    0 training/evaluation run(s) not yet complete

########## done Wed Sep 30 23:29:30 KST 2026
summary  logs/v2_20260930_191611_gpu2/SUMMARY.txt
logs     logs/v2_20260930_191611_gpu2/

WHAT TO READ FIRST, in this order:
  1. logs/v2_20260930_191611_gpu2/error_propagation.log     the label-free headline result
  2. logs/v2_20260930_191611_gpu2/synthetic_validation.log  the floor under every other number
  3. logs/v2_20260930_191611_gpu2/gradient_path.log         whether the loss weight was heard
  4. logs/v2_20260930_191611_gpu2/amplitude_sensitivity_global.log   whether the forward model is usable
  5. runs/RESULTS.md                     every table, assembled

steps that failed: 0
