HoloQPI v2 study, started Wed Sep 30 23:32:02 KST 2026
log directory logs/v2_20260930_233202_gpu2
GPU 2   arms: A B B1 B2 C D0 D1 D2 G W01 W03 W10 W30 KA KB   seeds (stages 11-14): from config

########## stage 11: seed replication, seeds 42 1337 2024 
    A seed 42: done (trained and evaluated)
    B seed 42: done (trained and evaluated)
    B1 seed 42: done (trained and evaluated)
    B2 seed 42: done (trained and evaluated)
    C seed 42: done (trained and evaluated)
    D0 seed 42: done (trained and evaluated)
    D1 seed 42: done (trained and evaluated)
    D2 seed 42: done (trained and evaluated)
    G seed 42: done (trained and evaluated)
    W01 seed 42: done (trained and evaluated)
    W03 seed 42: done (trained and evaluated)
    W30 seed 42: done (trained and evaluated)
    KA seed 42: done (trained and evaluated)
    KB seed 42: done (trained and evaluated)
    A seed 1337: done (trained and evaluated)
    B seed 1337: done (trained and evaluated)
    B1 seed 1337: done (trained and evaluated)
    A seed 2024: done (trained and evaluated)
    B seed 2024: done (trained and evaluated)
    B1 seed 2024: done (trained and evaluated)

=== plan_after_stage11  23:33:29
    collector plan --arms A B B1 B2 C D0 D1 D2 G W01 W03 W10 W30 KA KB
    OK   -> logs/v2_20260930_233202_gpu2/plan_after_stage11.log
    seeds [42, 1337, 2024]   (reduced arms ['B2', 'C', 'D0', 'D1', 'D2', 'G', 'KA', 'KB', 'W01', 'W03', 'W30']: first 1)
    arm            42        1337        2024   run directory (seed 42)
    A       evaluated   evaluated   evaluated   v2_baseline_off_axis
    B       evaluated   evaluated   evaluated   v2_cell_ipp_off_axis
    B1      evaluated   evaluated   evaluated   v2_image_volume_off_axis
    B2      evaluated           -           -   v2_cell_ipp_area_off_axis
    C       evaluated           -           -   v2_cell_ipp_bga_off_axis
    D0      evaluated           -           -   v2_amplitude_off_axis
    D1      evaluated           -           -   v2_forward_amplitude_off_axis
    D2      evaluated           -           -   v2_learned_z_off_axis
    G       evaluated           -           -   v2_baseline_gabor
    W01     evaluated           -           -   v2_ipp_w01_off_axis
    W03     evaluated           -           -   v2_ipp_w03_off_axis
    B       evaluated   evaluated   evaluated   v2_cell_ipp_off_axis
    W30     evaluated           -           -   v2_ipp_w30_off_axis
    KA      evaluated           -           -   v2_compact_baseline_off_axis
    KB      evaluated           -           -   v2_compact_cell_ipp_off_axis
    
    hardware (cuda)
    A            todo        todo        todo
    B            todo        todo        todo
    D0           todo           -           -
    KA           todo           -           -
    KB           todo           -           -
    
    0 training/evaluation run(s) not yet complete

########## done Wed Sep 30 23:33:42 KST 2026
summary  logs/v2_20260930_233202_gpu2/SUMMARY.txt
logs     logs/v2_20260930_233202_gpu2/

WHAT TO READ FIRST, in this order:
  1. logs/v2_20260930_233202_gpu2/error_propagation.log     the label-free headline result
  2. logs/v2_20260930_233202_gpu2/synthetic_validation.log  the floor under every other number
  3. logs/v2_20260930_233202_gpu2/gradient_path.log         whether the loss weight was heard
  4. logs/v2_20260930_233202_gpu2/amplitude_sensitivity_global.log   whether the forward model is usable
  5. runs/RESULTS.md                     every table, assembled

steps that failed: 0
