19:00:01 | INFO    | holoqpi.models.encoders | loading pretrained mobilenet_v2 from weights/mobilenet_v2-b0353104.pth
19:00:01 | INFO    | holoqpi.models.encoders | loading pretrained mobilenet_v2 from weights/mobilenet_v2-b0353104.pth
19:00:01 | INFO    | holoqpi.models.encoders | encoder=mobilenet_v2 in_channels=1 pretrained=True weights=local (weights) stages=[16, 24, 32, 96, 1280]
19:00:01 | INFO    | holoqpi.models.holonet | HoloQPINet built: 3.36M parameters, 3.36M trainable (100.0%)
19:00:03 | INFO    | holoqpi.engine.trainer | checkpoint best_model.pt: 446/446 tensors matched
19:00:03 | INFO    | holoqpi.data.dataset | test split: 113 samples | modality=off_axis | crop=None | augment=False
19:00:53 | INFO    | holoqpi |   area_bootstrap_fields              113
19:00:53 | INFO    | holoqpi |   area_bootstrap_resamples           2000
19:00:53 | INFO    | holoqpi |   area_cell_pearson_r                0.8955
19:00:53 | INFO    | holoqpi |   area_cell_pearson_r_ci_lower       0.8781
19:00:53 | INFO    | holoqpi |   area_cell_pearson_r_ci_upper       0.9124
19:00:53 | INFO    | holoqpi |   area_field_total_bias              -0.0617
19:00:53 | INFO    | holoqpi |   area_field_total_mape              0.1490
19:00:53 | INFO    | holoqpi |   area_field_total_pearson_r         0.9327
19:00:53 | INFO    | holoqpi |   area_image_pearson_r               0.8202
19:00:53 | INFO    | holoqpi |   area_loa_lower                     -0.1476
19:00:53 | INFO    | holoqpi |   area_loa_upper                     0.3090
19:00:53 | INFO    | holoqpi |   area_mae                           61.2501
19:00:53 | INFO    | holoqpi |   area_mape                          0.1656
19:00:53 | INFO    | holoqpi |   area_mape_ci_lower                 0.1561
19:00:53 | INFO    | holoqpi |   area_mape_ci_upper                 0.1758
19:00:53 | INFO    | holoqpi |   area_mape_coverage_adjusted        0.4948
19:00:53 | INFO    | holoqpi |   area_median_relative_bias          0.0796
19:00:53 | INFO    | holoqpi |   area_n_cells                       1929
19:00:53 | INFO    | holoqpi |   area_n_fields                      113
19:00:53 | INFO    | holoqpi |   area_relative_bias                 0.0807
19:00:53 | INFO    | holoqpi |   cell_count_ratio                   0.7407
19:00:53 | INFO    | holoqpi |   cells_detected                     2360
19:00:53 | INFO    | holoqpi |   cells_false_positive               431
19:00:53 | INFO    | holoqpi |   cells_matched                      1929
19:00:53 | INFO    | holoqpi |   cells_missed                       1257
19:00:53 | INFO    | holoqpi |   cells_reference                    3186
19:00:53 | INFO    | holoqpi |   circularity_bootstrap_fields       113
19:00:53 | INFO    | holoqpi |   circularity_bootstrap_resamples    2000
19:00:53 | INFO    | holoqpi |   circularity_cell_pearson_r         0.8816
19:00:53 | INFO    | holoqpi |   circularity_cell_pearson_r_ci_lower 0.8653
19:00:53 | INFO    | holoqpi |   circularity_cell_pearson_r_ci_upper 0.8959
19:00:53 | INFO    | holoqpi |   circularity_image_pearson_r        0.9269
19:00:53 | INFO    | holoqpi |   circularity_loa_lower              -0.0666
19:00:53 | INFO    | holoqpi |   circularity_loa_upper              0.0908
19:00:53 | INFO    | holoqpi |   circularity_mae                    0.0416
19:00:53 | INFO    | holoqpi |   circularity_mape                   0.0585
19:00:53 | INFO    | holoqpi |   circularity_mape_ci_lower          0.0523
19:00:53 | INFO    | holoqpi |   circularity_mape_ci_upper          0.0650
19:00:53 | INFO    | holoqpi |   circularity_mape_coverage_adjusted 0.4300
19:00:53 | INFO    | holoqpi |   circularity_median_relative_bias   0.0093
19:00:53 | INFO    | holoqpi |   circularity_n_cells                1929
19:00:53 | INFO    | holoqpi |   circularity_relative_bias          0.0121
19:00:53 | INFO    | holoqpi |   coverage                           0.6055
19:00:53 | INFO    | holoqpi |   detection_f1                       0.6956
19:00:53 | INFO    | holoqpi |   detection_precision                0.8174
19:00:53 | INFO    | holoqpi |   detection_recall                   0.6055
19:00:53 | INFO    | holoqpi |   dry_mass_bootstrap_fields          113
19:00:53 | INFO    | holoqpi |   dry_mass_bootstrap_resamples       2000
19:00:53 | INFO    | holoqpi |   dry_mass_cell_pearson_r            0.9236
19:00:53 | INFO    | holoqpi |   dry_mass_cell_pearson_r_ci_lower   0.9089
19:00:53 | INFO    | holoqpi |   dry_mass_cell_pearson_r_ci_upper   0.9364
19:00:53 | INFO    | holoqpi |   dry_mass_field_total_bias          -0.1391
19:00:53 | INFO    | holoqpi |   dry_mass_field_total_mape          0.1539
19:00:53 | INFO    | holoqpi |   dry_mass_field_total_pearson_r     0.9881
19:00:53 | INFO    | holoqpi |   dry_mass_image_pearson_r           0.9439
19:00:53 | INFO    | holoqpi |   dry_mass_loa_lower                 -0.2383
19:00:53 | INFO    | holoqpi |   dry_mass_loa_upper                 0.2055
19:00:53 | INFO    | holoqpi |   dry_mass_mae                       38.1688
19:00:53 | INFO    | holoqpi |   dry_mass_mape                      0.1887
19:00:53 | INFO    | holoqpi |   dry_mass_mape_ci_lower             0.1772
19:00:53 | INFO    | holoqpi |   dry_mass_mape_ci_upper             0.2000
19:00:53 | INFO    | holoqpi |   dry_mass_mape_coverage_adjusted    0.5088
19:00:53 | INFO    | holoqpi |   dry_mass_median_relative_bias      -0.0087
19:00:53 | INFO    | holoqpi |   dry_mass_n_cells                   1929
19:00:53 | INFO    | holoqpi |   dry_mass_n_fields                  113
19:00:53 | INFO    | holoqpi |   dry_mass_relative_bias             -0.0164
19:00:53 | INFO    | holoqpi |   false_positive_median_area_um2     97.2195
19:00:53 | INFO    | holoqpi |   forward_distance_um                33.7700
19:00:53 | INFO    | holoqpi |   forward_residual                   0.8967
19:00:53 | INFO    | holoqpi |   forward_residual_n                 113
19:00:53 | INFO    | holoqpi |   forward_residual_ratio             1.0060
19:00:53 | INFO    | holoqpi |   forward_residual_reference         0.8914
19:00:53 | INFO    | holoqpi |   missed_median_area_um2             98.5991
19:00:53 | INFO    | holoqpi |   optical_volume_bootstrap_fields    113
19:00:53 | INFO    | holoqpi |   optical_volume_bootstrap_resamples 2000
19:00:53 | INFO    | holoqpi |   optical_volume_cell_pearson_r      0.9236
19:00:53 | INFO    | holoqpi |   optical_volume_cell_pearson_r_ci_lower 0.9089
19:00:53 | INFO    | holoqpi |   optical_volume_cell_pearson_r_ci_upper 0.9364
19:00:53 | INFO    | holoqpi |   optical_volume_field_total_bias    -0.1391
19:00:53 | INFO    | holoqpi |   optical_volume_field_total_mape    0.1539
19:00:53 | INFO    | holoqpi |   optical_volume_field_total_pearson_r 0.9881
19:00:53 | INFO    | holoqpi |   optical_volume_image_pearson_r     0.9439
19:00:53 | INFO    | holoqpi |   optical_volume_loa_lower           -0.2383
19:00:53 | INFO    | holoqpi |   optical_volume_loa_upper           0.2055
19:00:53 | INFO    | holoqpi |   optical_volume_mae                 72.0185
19:00:53 | INFO    | holoqpi |   optical_volume_mape                0.1887
19:00:53 | INFO    | holoqpi |   optical_volume_mape_ci_lower       0.1772
19:00:53 | INFO    | holoqpi |   optical_volume_mape_ci_upper       0.2000
19:00:53 | INFO    | holoqpi |   optical_volume_mape_coverage_adjusted 0.5088
19:00:53 | INFO    | holoqpi |   optical_volume_median_relative_bias -0.0087
19:00:53 | INFO    | holoqpi |   optical_volume_n_cells             1929
19:00:53 | INFO    | holoqpi |   optical_volume_n_fields            113
19:00:53 | INFO    | holoqpi |   optical_volume_relative_bias       -0.0164
19:00:53 | INFO    | holoqpi |   phase_bias_rad                     0.0049
19:00:53 | INFO    | holoqpi |   phase_bias_rad_background          0.0379
19:00:53 | INFO    | holoqpi |   phase_bias_rad_in_cell             -0.2018
19:00:53 | INFO    | holoqpi |   phase_mae_rad                      0.1652
19:00:53 | INFO    | holoqpi |   phase_mae_rad_background           0.1475
19:00:53 | INFO    | holoqpi |   phase_mae_rad_in_cell              0.2874
19:00:53 | INFO    | holoqpi |   phase_n_images                     113
19:00:53 | INFO    | holoqpi |   phase_pearson_r                    0.8644
19:00:53 | INFO    | holoqpi |   phase_psnr_db                      30.8199
19:00:53 | INFO    | holoqpi |   phase_rmse_rad                     0.2520
19:00:53 | INFO    | holoqpi |   phase_ssim                         0.6205
19:00:53 | INFO    | holoqpi |   seg_aji                            0.6654
19:00:53 | INFO    | holoqpi |   seg_boundary_f1                    0.4534
19:00:53 | INFO    | holoqpi |   seg_dice                           0.8306
19:00:53 | INFO    | holoqpi |   seg_dice_macro                     0.8306
19:00:53 | INFO    | holoqpi |   seg_instance_count_mape            0.2816
19:00:53 | INFO    | holoqpi |   seg_iou                            0.7103
19:00:53 | INFO    | holoqpi |   seg_n_images                       113
