11:53:30 | INFO    | holoqpi.models.encoders | loading pretrained mobilenet_v2 from weights/mobilenet_v2-b0353104.pth
11:53:30 | INFO    | holoqpi.models.encoders | loading pretrained mobilenet_v2 from weights/mobilenet_v2-b0353104.pth
11:53:31 | INFO    | holoqpi.models.encoders | encoder=mobilenet_v2 in_channels=1 pretrained=True weights=local (weights) stages=[16, 24, 32, 96, 1280]
11:53:31 | INFO    | holoqpi.models.holonet | HoloQPINet built: 9.60M parameters, 9.60M trainable (100.0%)
11:53:32 | INFO    | holoqpi.engine.trainer | checkpoint best_model.pt: 440/440 tensors matched
11:53:32 | INFO    | holoqpi.data.dataset | test split: 113 samples | modality=off_axis | crop=None | augment=False
11:54:23 | INFO    | holoqpi | labels from membrane_mask -> metrics_test_membrane.json
11:54:23 | INFO    | holoqpi |   area_bootstrap_fields              84
11:54:23 | INFO    | holoqpi |   area_bootstrap_resamples           2000
11:54:23 | INFO    | holoqpi |   area_cell_pearson_r                0.8237
11:54:23 | INFO    | holoqpi |   area_cell_pearson_r_ci_lower       0.7655
11:54:23 | INFO    | holoqpi |   area_cell_pearson_r_ci_upper       0.8713
11:54:23 | INFO    | holoqpi |   area_field_total_bias              -0.4790
11:54:23 | INFO    | holoqpi |   area_field_total_mape              0.4883
11:54:23 | INFO    | holoqpi |   area_field_total_pearson_r         0.2618
11:54:23 | INFO    | holoqpi |   area_image_pearson_r               0.8313
11:54:23 | INFO    | holoqpi |   area_loa_lower                     -0.7105
11:54:23 | INFO    | holoqpi |   area_loa_upper                     -0.0413
11:54:23 | INFO    | holoqpi |   area_mae                           232.8412
11:54:23 | INFO    | holoqpi |   area_mape                          0.3124
11:54:23 | INFO    | holoqpi |   area_mape_ci_lower                 0.2983
11:54:23 | INFO    | holoqpi |   area_mape_ci_upper                 0.3264
11:54:23 | INFO    | holoqpi |   area_mape_coverage_adjusted        0.9292
11:54:23 | INFO    | holoqpi |   area_median_relative_bias          -0.3994
11:54:23 | INFO    | holoqpi |   area_n_cells                       369
11:54:23 | INFO    | holoqpi |   area_n_fields                      113
11:54:23 | INFO    | holoqpi |   area_relative_bias                 -0.3759
11:54:23 | INFO    | holoqpi |   cell_count_ratio                   0.6197
11:54:23 | INFO    | holoqpi |   cells_detected                     2221
11:54:23 | INFO    | holoqpi |   cells_false_positive               1852
11:54:23 | INFO    | holoqpi |   cells_matched                      369
11:54:23 | INFO    | holoqpi |   cells_missed                       3215
11:54:23 | INFO    | holoqpi |   cells_reference                    3584
11:54:23 | INFO    | holoqpi |   circularity_bootstrap_fields       84
11:54:23 | INFO    | holoqpi |   circularity_bootstrap_resamples    2000
11:54:23 | INFO    | holoqpi |   circularity_cell_pearson_r         0.3894
11:54:23 | INFO    | holoqpi |   circularity_cell_pearson_r_ci_lower 0.2435
11:54:23 | INFO    | holoqpi |   circularity_cell_pearson_r_ci_upper 0.4979
11:54:23 | INFO    | holoqpi |   circularity_image_pearson_r        0.2268
11:54:23 | INFO    | holoqpi |   circularity_loa_lower              -0.0219
11:54:23 | INFO    | holoqpi |   circularity_loa_upper              0.7404
11:54:23 | INFO    | holoqpi |   circularity_mae                    0.2576
11:54:23 | INFO    | holoqpi |   circularity_mape                   0.5052
11:54:23 | INFO    | holoqpi |   circularity_mape_ci_lower          0.4366
11:54:23 | INFO    | holoqpi |   circularity_mape_ci_upper          0.5752
11:54:23 | INFO    | holoqpi |   circularity_mape_coverage_adjusted 0.9491
11:54:23 | INFO    | holoqpi |   circularity_median_relative_bias   0.3447
11:54:23 | INFO    | holoqpi |   circularity_n_cells                369
11:54:23 | INFO    | holoqpi |   circularity_relative_bias          0.3593
11:54:23 | INFO    | holoqpi |   coverage                           0.1030
11:54:23 | INFO    | holoqpi |   detection_f1                       0.1271
11:54:23 | INFO    | holoqpi |   detection_precision                0.1661
11:54:23 | INFO    | holoqpi |   detection_recall                   0.1030
11:54:23 | INFO    | holoqpi |   dry_mass_bootstrap_fields          84
11:54:23 | INFO    | holoqpi |   dry_mass_bootstrap_resamples       2000
11:54:23 | INFO    | holoqpi |   dry_mass_cell_pearson_r            0.9359
11:54:23 | INFO    | holoqpi |   dry_mass_cell_pearson_r_ci_lower   0.9125
11:54:23 | INFO    | holoqpi |   dry_mass_cell_pearson_r_ci_upper   0.9533
11:54:23 | INFO    | holoqpi |   dry_mass_field_total_bias          0.4877
11:54:23 | INFO    | holoqpi |   dry_mass_field_total_mape          0.4879
11:54:23 | INFO    | holoqpi |   dry_mass_field_total_pearson_r     0.8899
11:54:23 | INFO    | holoqpi |   dry_mass_image_pearson_r           0.9498
11:54:23 | INFO    | holoqpi |   dry_mass_loa_lower                 -0.2946
11:54:23 | INFO    | holoqpi |   dry_mass_loa_upper                 0.2651
11:54:23 | INFO    | holoqpi |   dry_mass_mae                       38.8587
11:54:23 | INFO    | holoqpi |   dry_mass_mape                      0.1571
11:54:23 | INFO    | holoqpi |   dry_mass_mape_ci_lower             0.1428
11:54:23 | INFO    | holoqpi |   dry_mass_mape_ci_upper             0.1713
11:54:23 | INFO    | holoqpi |   dry_mass_mape_coverage_adjusted    0.9132
11:54:23 | INFO    | holoqpi |   dry_mass_median_relative_bias      -0.0334
11:54:23 | INFO    | holoqpi |   dry_mass_n_cells                   369
11:54:23 | INFO    | holoqpi |   dry_mass_n_fields                  113
11:54:23 | INFO    | holoqpi |   dry_mass_relative_bias             -0.0148
11:54:23 | INFO    | holoqpi |   false_positive_median_area_um2     361.5299
11:54:23 | INFO    | holoqpi |   forward_distance_um                33.7700
11:54:23 | INFO    | holoqpi |   forward_residual                   0.8953
11:54:23 | INFO    | holoqpi |   forward_residual_n                 113
11:54:23 | INFO    | holoqpi |   forward_residual_ratio             1.0044
11:54:23 | INFO    | holoqpi |   forward_residual_reference         0.8914
11:54:23 | INFO    | holoqpi |   missed_median_area_um2             149.9679
11:54:23 | INFO    | holoqpi |   optical_volume_bootstrap_fields    84
11:54:23 | INFO    | holoqpi |   optical_volume_bootstrap_resamples 2000
11:54:23 | INFO    | holoqpi |   optical_volume_cell_pearson_r      0.9359
11:54:23 | INFO    | holoqpi |   optical_volume_cell_pearson_r_ci_lower 0.9125
11:54:23 | INFO    | holoqpi |   optical_volume_cell_pearson_r_ci_upper 0.9533
11:54:23 | INFO    | holoqpi |   optical_volume_field_total_bias    0.4877
11:54:23 | INFO    | holoqpi |   optical_volume_field_total_mape    0.4879
11:54:23 | INFO    | holoqpi |   optical_volume_field_total_pearson_r 0.8899
11:54:23 | INFO    | holoqpi |   optical_volume_image_pearson_r     0.9498
11:54:23 | INFO    | holoqpi |   optical_volume_loa_lower           -0.2946
11:54:23 | INFO    | holoqpi |   optical_volume_loa_upper           0.2651
11:54:23 | INFO    | holoqpi |   optical_volume_mae                 73.3202
11:54:23 | INFO    | holoqpi |   optical_volume_mape                0.1571
11:54:23 | INFO    | holoqpi |   optical_volume_mape_ci_lower       0.1428
11:54:23 | INFO    | holoqpi |   optical_volume_mape_ci_upper       0.1713
11:54:23 | INFO    | holoqpi |   optical_volume_mape_coverage_adjusted 0.9132
11:54:23 | INFO    | holoqpi |   optical_volume_median_relative_bias -0.0334
11:54:23 | INFO    | holoqpi |   optical_volume_n_cells             369
11:54:23 | INFO    | holoqpi |   optical_volume_n_fields            113
11:54:23 | INFO    | holoqpi |   optical_volume_relative_bias       -0.0148
11:54:23 | INFO    | holoqpi |   phase_bias_rad                     -0.0065
11:54:23 | INFO    | holoqpi |   phase_bias_rad_background          0.0001
11:54:23 | INFO    | holoqpi |   phase_bias_rad_in_cell             -0.0276
11:54:23 | INFO    | holoqpi |   phase_mae_rad                      0.1567
11:54:23 | INFO    | holoqpi |   phase_mae_rad_background           0.1593
11:54:23 | INFO    | holoqpi |   phase_mae_rad_in_cell              0.1483
11:54:23 | INFO    | holoqpi |   phase_n_images                     113
11:54:23 | INFO    | holoqpi |   phase_pearson_r                    0.8753
11:54:23 | INFO    | holoqpi |   phase_psnr_db                      31.1836
11:54:23 | INFO    | holoqpi |   phase_rmse_rad                     0.2397
11:54:23 | INFO    | holoqpi |   phase_ssim                         0.6401
11:54:23 | INFO    | holoqpi |   seg_aji                            0.2338
11:54:23 | INFO    | holoqpi |   seg_boundary_f1                    0.0628
11:54:23 | INFO    | holoqpi |   seg_dice                           0.4955
11:54:23 | INFO    | holoqpi |   seg_dice_macro                     0.4955
11:54:23 | INFO    | holoqpi |   seg_instance_count_mape            0.5918
11:54:23 | INFO    | holoqpi |   seg_iou                            0.3294
11:54:23 | INFO    | holoqpi |   seg_n_images                       113
