17:39:50 | INFO    | holoqpi.models.encoders | loading pretrained mobilenet_v2 from weights/mobilenet_v2-b0353104.pth
17:39:50 | INFO    | holoqpi.models.encoders | loading pretrained mobilenet_v2 from weights/mobilenet_v2-b0353104.pth
17:39:50 | INFO    | holoqpi.models.encoders | encoder=mobilenet_v2 in_channels=1 pretrained=True weights=local (weights) stages=[16, 24, 32, 96, 1280]
17:39:50 | INFO    | holoqpi.models.holonet | HoloQPINet built: 3.36M parameters, 3.36M trainable (100.0%)
17:39:52 | INFO    | holoqpi.engine.trainer | checkpoint best_model.pt: 446/446 tensors matched
17:39:52 | INFO    | holoqpi.data.dataset | test split: 113 samples | modality=off_axis | crop=None | augment=False
17:40:43 | INFO    | holoqpi | labels from membrane_mask -> metrics_test_membrane.json
17:40:43 | INFO    | holoqpi |   area_bootstrap_fields              87
17:40:43 | INFO    | holoqpi |   area_bootstrap_resamples           2000
17:40:43 | INFO    | holoqpi |   area_cell_pearson_r                0.8187
17:40:43 | INFO    | holoqpi |   area_cell_pearson_r_ci_lower       0.7663
17:40:43 | INFO    | holoqpi |   area_cell_pearson_r_ci_upper       0.8631
17:40:43 | INFO    | holoqpi |   area_field_total_bias              -0.4738
17:40:43 | INFO    | holoqpi |   area_field_total_mape              0.4838
17:40:43 | INFO    | holoqpi |   area_field_total_pearson_r         0.2637
17:40:43 | INFO    | holoqpi |   area_image_pearson_r               0.8096
17:40:43 | INFO    | holoqpi |   area_loa_lower                     -0.7170
17:40:43 | INFO    | holoqpi |   area_loa_upper                     -0.0103
17:40:43 | INFO    | holoqpi |   area_mae                           227.9347
17:40:43 | INFO    | holoqpi |   area_mape                          0.3098
17:40:43 | INFO    | holoqpi |   area_mape_ci_lower                 0.2947
17:40:43 | INFO    | holoqpi |   area_mape_ci_upper                 0.3255
17:40:43 | INFO    | holoqpi |   area_mape_coverage_adjusted        0.9245
17:40:43 | INFO    | holoqpi |   area_median_relative_bias          -0.3928
17:40:43 | INFO    | holoqpi |   area_n_cells                       392
17:40:43 | INFO    | holoqpi |   area_n_fields                      113
17:40:43 | INFO    | holoqpi |   area_relative_bias                 -0.3637
17:40:43 | INFO    | holoqpi |   cell_count_ratio                   0.6175
17:40:43 | INFO    | holoqpi |   cells_detected                     2213
17:40:43 | INFO    | holoqpi |   cells_false_positive               1821
17:40:43 | INFO    | holoqpi |   cells_matched                      392
17:40:43 | INFO    | holoqpi |   cells_missed                       3192
17:40:43 | INFO    | holoqpi |   cells_reference                    3584
17:40:43 | INFO    | holoqpi |   circularity_bootstrap_fields       87
17:40:43 | INFO    | holoqpi |   circularity_bootstrap_resamples    2000
17:40:43 | INFO    | holoqpi |   circularity_cell_pearson_r         0.3751
17:40:43 | INFO    | holoqpi |   circularity_cell_pearson_r_ci_lower 0.2312
17:40:43 | INFO    | holoqpi |   circularity_cell_pearson_r_ci_upper 0.4764
17:40:43 | INFO    | holoqpi |   circularity_image_pearson_r        0.1704
17:40:43 | INFO    | holoqpi |   circularity_loa_lower              -0.0380
17:40:43 | INFO    | holoqpi |   circularity_loa_upper              0.7508
17:40:43 | INFO    | holoqpi |   circularity_mae                    0.2592
17:40:43 | INFO    | holoqpi |   circularity_mape                   0.5117
17:40:43 | INFO    | holoqpi |   circularity_mape_ci_lower          0.4473
17:40:43 | INFO    | holoqpi |   circularity_mape_ci_upper          0.5799
17:40:43 | INFO    | holoqpi |   circularity_mape_coverage_adjusted 0.9466
17:40:43 | INFO    | holoqpi |   circularity_median_relative_bias   0.3546
17:40:43 | INFO    | holoqpi |   circularity_n_cells                392
17:40:43 | INFO    | holoqpi |   circularity_relative_bias          0.3564
17:40:43 | INFO    | holoqpi |   coverage                           0.1094
17:40:43 | INFO    | holoqpi |   detection_f1                       0.1352
17:40:43 | INFO    | holoqpi |   detection_precision                0.1771
17:40:43 | INFO    | holoqpi |   detection_recall                   0.1094
17:40:43 | INFO    | holoqpi |   dry_mass_bootstrap_fields          87
17:40:43 | INFO    | holoqpi |   dry_mass_bootstrap_resamples       2000
17:40:43 | INFO    | holoqpi |   dry_mass_cell_pearson_r            0.9415
17:40:43 | INFO    | holoqpi |   dry_mass_cell_pearson_r_ci_lower   0.9213
17:40:43 | INFO    | holoqpi |   dry_mass_cell_pearson_r_ci_upper   0.9575
17:40:43 | INFO    | holoqpi |   dry_mass_field_total_bias          0.5193
17:40:43 | INFO    | holoqpi |   dry_mass_field_total_mape          0.5196
17:40:43 | INFO    | holoqpi |   dry_mass_field_total_pearson_r     0.8860
17:40:43 | INFO    | holoqpi |   dry_mass_image_pearson_r           0.9548
17:40:43 | INFO    | holoqpi |   dry_mass_loa_lower                 -0.2615
17:40:43 | INFO    | holoqpi |   dry_mass_loa_upper                 0.2930
17:40:43 | INFO    | holoqpi |   dry_mass_mae                       37.1555
17:40:43 | INFO    | holoqpi |   dry_mass_mape                      0.1821
17:40:43 | INFO    | holoqpi |   dry_mass_mape_ci_lower             0.1455
17:40:43 | INFO    | holoqpi |   dry_mass_mape_ci_upper             0.2437
17:40:43 | INFO    | holoqpi |   dry_mass_mape_coverage_adjusted    0.9105
17:40:43 | INFO    | holoqpi |   dry_mass_median_relative_bias      0.0060
17:40:43 | INFO    | holoqpi |   dry_mass_n_cells                   392
17:40:43 | INFO    | holoqpi |   dry_mass_n_fields                  113
17:40:43 | INFO    | holoqpi |   dry_mass_relative_bias             0.0158
17:40:43 | INFO    | holoqpi |   false_positive_median_area_um2     369.3204
17:40:43 | INFO    | holoqpi |   forward_distance_um                33.7700
17:40:43 | INFO    | holoqpi |   forward_residual                   0.8948
17:40:43 | INFO    | holoqpi |   forward_residual_n                 113
17:40:43 | INFO    | holoqpi |   forward_residual_ratio             1.0038
17:40:43 | INFO    | holoqpi |   forward_residual_reference         0.8914
17:40:43 | INFO    | holoqpi |   missed_median_area_um2             148.0609
17:40:43 | INFO    | holoqpi |   optical_volume_bootstrap_fields    87
17:40:43 | INFO    | holoqpi |   optical_volume_bootstrap_resamples 2000
17:40:43 | INFO    | holoqpi |   optical_volume_cell_pearson_r      0.9415
17:40:43 | INFO    | holoqpi |   optical_volume_cell_pearson_r_ci_lower 0.9213
17:40:43 | INFO    | holoqpi |   optical_volume_cell_pearson_r_ci_upper 0.9575
17:40:43 | INFO    | holoqpi |   optical_volume_field_total_bias    0.5193
17:40:43 | INFO    | holoqpi |   optical_volume_field_total_mape    0.5196
17:40:43 | INFO    | holoqpi |   optical_volume_field_total_pearson_r 0.8860
17:40:43 | INFO    | holoqpi |   optical_volume_image_pearson_r     0.9548
17:40:43 | INFO    | holoqpi |   optical_volume_loa_lower           -0.2615
17:40:43 | INFO    | holoqpi |   optical_volume_loa_upper           0.2930
17:40:43 | INFO    | holoqpi |   optical_volume_mae                 70.1066
17:40:43 | INFO    | holoqpi |   optical_volume_mape                0.1821
17:40:43 | INFO    | holoqpi |   optical_volume_mape_ci_lower       0.1455
17:40:43 | INFO    | holoqpi |   optical_volume_mape_ci_upper       0.2437
17:40:43 | INFO    | holoqpi |   optical_volume_mape_coverage_adjusted 0.9105
17:40:43 | INFO    | holoqpi |   optical_volume_median_relative_bias 0.0060
17:40:43 | INFO    | holoqpi |   optical_volume_n_cells             392
17:40:43 | INFO    | holoqpi |   optical_volume_n_fields            113
17:40:43 | INFO    | holoqpi |   optical_volume_relative_bias       0.0158
17:40:43 | INFO    | holoqpi |   phase_bias_rad                     -0.0117
17:40:43 | INFO    | holoqpi |   phase_bias_rad_background          -0.0075
17:40:43 | INFO    | holoqpi |   phase_bias_rad_in_cell             -0.0250
17:40:43 | INFO    | holoqpi |   phase_mae_rad                      0.1562
17:40:43 | INFO    | holoqpi |   phase_mae_rad_background           0.1594
17:40:43 | INFO    | holoqpi |   phase_mae_rad_in_cell              0.1458
17:40:43 | INFO    | holoqpi |   phase_n_images                     113
17:40:43 | INFO    | holoqpi |   phase_pearson_r                    0.8752
17:40:43 | INFO    | holoqpi |   phase_psnr_db                      31.2475
17:40:43 | INFO    | holoqpi |   phase_rmse_rad                     0.2410
17:40:43 | INFO    | holoqpi |   phase_ssim                         0.6398
17:40:43 | INFO    | holoqpi |   seg_aji                            0.2341
17:40:43 | INFO    | holoqpi |   seg_boundary_f1                    0.0628
17:40:43 | INFO    | holoqpi |   seg_dice                           0.4973
17:40:43 | INFO    | holoqpi |   seg_dice_macro                     0.4973
17:40:43 | INFO    | holoqpi |   seg_instance_count_mape            0.5980
17:40:43 | INFO    | holoqpi |   seg_iou                            0.3309
17:40:43 | INFO    | holoqpi |   seg_n_images                       113
