13:18:12 | INFO    | holoqpi.models.encoders | loading pretrained mobilenet_v2 from weights/mobilenet_v2-b0353104.pth
13:18:12 | INFO    | holoqpi.models.encoders | loading pretrained mobilenet_v2 from weights/mobilenet_v2-b0353104.pth
13:18:12 | INFO    | holoqpi.models.encoders | encoder=mobilenet_v2 in_channels=1 pretrained=True weights=local (weights) stages=[16, 24, 32, 96, 1280]
13:18:12 | INFO    | holoqpi.models.holonet | HoloQPINet built: 9.60M parameters, 9.60M trainable (100.0%)
13:18:14 | INFO    | holoqpi.engine.trainer | checkpoint best_model.pt: 440/440 tensors matched
13:18:14 | INFO    | holoqpi.data.dataset | test split: 113 samples | modality=off_axis | crop=None | augment=False
13:19:06 | INFO    | holoqpi |   area_bootstrap_fields              113
13:19:06 | INFO    | holoqpi |   area_bootstrap_resamples           2000
13:19:06 | INFO    | holoqpi |   area_cell_pearson_r                0.9001
13:19:06 | INFO    | holoqpi |   area_cell_pearson_r_ci_lower       0.8837
13:19:06 | INFO    | holoqpi |   area_cell_pearson_r_ci_upper       0.9153
13:19:06 | INFO    | holoqpi |   area_field_total_bias              -0.0980
13:19:06 | INFO    | holoqpi |   area_field_total_mape              0.1602
13:19:06 | INFO    | holoqpi |   area_field_total_pearson_r         0.9336
13:19:06 | INFO    | holoqpi |   area_image_pearson_r               0.8302
13:19:06 | INFO    | holoqpi |   area_loa_lower                     -0.1610
13:19:06 | INFO    | holoqpi |   area_loa_upper                     0.2666
13:19:06 | INFO    | holoqpi |   area_mae                           58.8567
13:19:06 | INFO    | holoqpi |   area_mape                          0.1564
13:19:06 | INFO    | holoqpi |   area_mape_ci_lower                 0.1468
13:19:06 | INFO    | holoqpi |   area_mape_ci_upper                 0.1673
13:19:06 | INFO    | holoqpi |   area_mape_coverage_adjusted        0.5009
13:19:06 | INFO    | holoqpi |   area_median_relative_bias          0.0492
13:19:06 | INFO    | holoqpi |   area_n_cells                       1885
13:19:06 | INFO    | holoqpi |   area_n_fields                      113
13:19:06 | INFO    | holoqpi |   area_relative_bias                 0.0528
13:19:06 | INFO    | holoqpi |   cell_count_ratio                   0.7053
13:19:06 | INFO    | holoqpi |   cells_detected                     2247
13:19:06 | INFO    | holoqpi |   cells_false_positive               362
13:19:06 | INFO    | holoqpi |   cells_matched                      1885
13:19:06 | INFO    | holoqpi |   cells_missed                       1301
13:19:06 | INFO    | holoqpi |   cells_reference                    3186
13:19:06 | INFO    | holoqpi |   circularity_bootstrap_fields       113
13:19:06 | INFO    | holoqpi |   circularity_bootstrap_resamples    2000
13:19:06 | INFO    | holoqpi |   circularity_cell_pearson_r         0.8877
13:19:06 | INFO    | holoqpi |   circularity_cell_pearson_r_ci_lower 0.8655
13:19:06 | INFO    | holoqpi |   circularity_cell_pearson_r_ci_upper 0.9065
13:19:06 | INFO    | holoqpi |   circularity_image_pearson_r        0.9092
13:19:06 | INFO    | holoqpi |   circularity_loa_lower              -0.0667
13:19:06 | INFO    | holoqpi |   circularity_loa_upper              0.1054
13:19:06 | INFO    | holoqpi |   circularity_mae                    0.0406
13:19:06 | INFO    | holoqpi |   circularity_mape                   0.0569
13:19:06 | INFO    | holoqpi |   circularity_mape_ci_lower          0.0494
13:19:06 | INFO    | holoqpi |   circularity_mape_ci_upper          0.0646
13:19:06 | INFO    | holoqpi |   circularity_mape_coverage_adjusted 0.4420
13:19:06 | INFO    | holoqpi |   circularity_median_relative_bias   0.0156
13:19:06 | INFO    | holoqpi |   circularity_n_cells                1885
13:19:06 | INFO    | holoqpi |   circularity_relative_bias          0.0194
13:19:06 | INFO    | holoqpi |   coverage                           0.5917
13:19:06 | INFO    | holoqpi |   detection_f1                       0.6939
13:19:06 | INFO    | holoqpi |   detection_precision                0.8389
13:19:06 | INFO    | holoqpi |   detection_recall                   0.5917
13:19:06 | INFO    | holoqpi |   dry_mass_bootstrap_fields          113
13:19:06 | INFO    | holoqpi |   dry_mass_bootstrap_resamples       2000
13:19:06 | INFO    | holoqpi |   dry_mass_cell_pearson_r            0.9305
13:19:06 | INFO    | holoqpi |   dry_mass_cell_pearson_r_ci_lower   0.9183
13:19:06 | INFO    | holoqpi |   dry_mass_cell_pearson_r_ci_upper   0.9414
13:19:06 | INFO    | holoqpi |   dry_mass_field_total_bias          -0.1853
13:19:06 | INFO    | holoqpi |   dry_mass_field_total_mape          0.1953
13:19:06 | INFO    | holoqpi |   dry_mass_field_total_pearson_r     0.9879
13:19:06 | INFO    | holoqpi |   dry_mass_image_pearson_r           0.9422
13:19:06 | INFO    | holoqpi |   dry_mass_loa_lower                 -0.2643
13:19:06 | INFO    | holoqpi |   dry_mass_loa_upper                 0.1289
13:19:06 | INFO    | holoqpi |   dry_mass_mae                       40.1768
13:19:06 | INFO    | holoqpi |   dry_mass_mape                      0.1881
13:19:06 | INFO    | holoqpi |   dry_mass_mape_ci_lower             0.1766
13:19:06 | INFO    | holoqpi |   dry_mass_mape_ci_upper             0.1992
13:19:06 | INFO    | holoqpi |   dry_mass_mape_coverage_adjusted    0.5196
13:19:06 | INFO    | holoqpi |   dry_mass_median_relative_bias      -0.0693
13:19:06 | INFO    | holoqpi |   dry_mass_n_cells                   1885
13:19:06 | INFO    | holoqpi |   dry_mass_n_fields                  113
13:19:06 | INFO    | holoqpi |   dry_mass_relative_bias             -0.0677
13:19:06 | INFO    | holoqpi |   false_positive_median_area_um2     114.7482
13:19:06 | INFO    | holoqpi |   forward_distance_um                33.7700
13:19:06 | INFO    | holoqpi |   forward_residual                   0.8962
13:19:06 | INFO    | holoqpi |   forward_residual_n                 113
13:19:06 | INFO    | holoqpi |   forward_residual_ratio             1.0054
13:19:06 | INFO    | holoqpi |   forward_residual_reference         0.8914
13:19:06 | INFO    | holoqpi |   missed_median_area_um2             99.0860
13:19:06 | INFO    | holoqpi |   optical_volume_bootstrap_fields    113
13:19:06 | INFO    | holoqpi |   optical_volume_bootstrap_resamples 2000
13:19:06 | INFO    | holoqpi |   optical_volume_cell_pearson_r      0.9305
13:19:06 | INFO    | holoqpi |   optical_volume_cell_pearson_r_ci_lower 0.9183
13:19:06 | INFO    | holoqpi |   optical_volume_cell_pearson_r_ci_upper 0.9414
13:19:06 | INFO    | holoqpi |   optical_volume_field_total_bias    -0.1853
13:19:06 | INFO    | holoqpi |   optical_volume_field_total_mape    0.1953
13:19:06 | INFO    | holoqpi |   optical_volume_field_total_pearson_r 0.9879
13:19:06 | INFO    | holoqpi |   optical_volume_image_pearson_r     0.9422
13:19:06 | INFO    | holoqpi |   optical_volume_loa_lower           -0.2643
13:19:06 | INFO    | holoqpi |   optical_volume_loa_upper           0.1289
13:19:06 | INFO    | holoqpi |   optical_volume_mae                 75.8074
13:19:06 | INFO    | holoqpi |   optical_volume_mape                0.1881
13:19:06 | INFO    | holoqpi |   optical_volume_mape_ci_lower       0.1766
13:19:06 | INFO    | holoqpi |   optical_volume_mape_ci_upper       0.1992
13:19:06 | INFO    | holoqpi |   optical_volume_mape_coverage_adjusted 0.5196
13:19:06 | INFO    | holoqpi |   optical_volume_median_relative_bias -0.0693
13:19:06 | INFO    | holoqpi |   optical_volume_n_cells             1885
13:19:06 | INFO    | holoqpi |   optical_volume_n_fields            113
13:19:06 | INFO    | holoqpi |   optical_volume_relative_bias       -0.0677
13:19:06 | INFO    | holoqpi |   phase_bias_rad                     0.0048
13:19:06 | INFO    | holoqpi |   phase_bias_rad_background          0.0411
13:19:06 | INFO    | holoqpi |   phase_bias_rad_in_cell             -0.2264
13:19:06 | INFO    | holoqpi |   phase_mae_rad                      0.1620
13:19:06 | INFO    | holoqpi |   phase_mae_rad_background           0.1439
13:19:06 | INFO    | holoqpi |   phase_mae_rad_in_cell              0.2865
13:19:06 | INFO    | holoqpi |   phase_n_images                     113
13:19:06 | INFO    | holoqpi |   phase_pearson_r                    0.8713
13:19:06 | INFO    | holoqpi |   phase_psnr_db                      30.9403
13:19:06 | INFO    | holoqpi |   phase_rmse_rad                     0.2460
13:19:06 | INFO    | holoqpi |   phase_ssim                         0.6217
13:19:06 | INFO    | holoqpi |   seg_aji                            0.6680
13:19:06 | INFO    | holoqpi |   seg_boundary_f1                    0.4663
13:19:06 | INFO    | holoqpi |   seg_dice                           0.8328
13:19:06 | INFO    | holoqpi |   seg_dice_macro                     0.8328
13:19:06 | INFO    | holoqpi |   seg_instance_count_mape            0.3015
13:19:06 | INFO    | holoqpi |   seg_iou                            0.7135
13:19:06 | INFO    | holoqpi |   seg_n_images                       113
