09:10:25 | INFO    | holoqpi.engine.trainer | checkpoint carries a LEARNED propagation distance: 33.4082 um (configured 33.7700 um); scoring at the learned value
09:10:27 | INFO    | holoqpi.models.encoders | loading pretrained mobilenet_v2 from weights/mobilenet_v2-b0353104.pth
09:10:27 | INFO    | holoqpi.models.encoders | loading pretrained mobilenet_v2 from weights/mobilenet_v2-b0353104.pth
09:10:27 | INFO    | holoqpi.models.encoders | encoder=mobilenet_v2 in_channels=1 pretrained=True weights=local (weights) stages=[16, 24, 32, 96, 1280]
09:10:27 | INFO    | holoqpi.models.holonet | HoloQPINet built: 9.61M parameters, 9.61M trainable (100.0%)
09:10:28 | INFO    | holoqpi.engine.trainer | checkpoint best_model.pt: 448/448 tensors matched
09:10:29 | INFO    | holoqpi.data.dataset | test split: 113 samples | modality=off_axis | crop=None | augment=False
09:11:23 | INFO    | holoqpi | labels from membrane_mask -> metrics_test_membrane.json
09:11:23 | INFO    | holoqpi |   amplitude_bias                     0.0323
09:11:23 | INFO    | holoqpi |   amplitude_bias_in_cell             0.0140
09:11:23 | INFO    | holoqpi |   amplitude_mae                      0.0651
09:11:23 | INFO    | holoqpi |   amplitude_mae_in_cell              0.0683
09:11:23 | INFO    | holoqpi |   amplitude_mae_over_unity           0.4436
09:11:23 | INFO    | holoqpi |   amplitude_n_images                 113
09:11:23 | INFO    | holoqpi |   amplitude_pearson_r                0.9045
09:11:23 | INFO    | holoqpi |   amplitude_pred_mean                1.0308
09:11:23 | INFO    | holoqpi |   amplitude_pred_sd                  0.1200
09:11:23 | INFO    | holoqpi |   amplitude_reference_mean           0.9985
09:11:23 | INFO    | holoqpi |   amplitude_rmse                     0.1002
09:11:23 | INFO    | holoqpi |   amplitude_unity_mae                0.1469
09:11:23 | INFO    | holoqpi |   area_bootstrap_fields              88
09:11:23 | INFO    | holoqpi |   area_bootstrap_resamples           2000
09:11:23 | INFO    | holoqpi |   area_cell_pearson_r                0.8236
09:11:23 | INFO    | holoqpi |   area_cell_pearson_r_ci_lower       0.7686
09:11:23 | INFO    | holoqpi |   area_cell_pearson_r_ci_upper       0.8674
09:11:23 | INFO    | holoqpi |   area_field_total_bias              -0.4680
09:11:23 | INFO    | holoqpi |   area_field_total_mape              0.4790
09:11:23 | INFO    | holoqpi |   area_field_total_pearson_r         0.2689
09:11:23 | INFO    | holoqpi |   area_image_pearson_r               0.8067
09:11:23 | INFO    | holoqpi |   area_loa_lower                     -0.7298
09:11:23 | INFO    | holoqpi |   area_loa_upper                     0.0018
09:11:23 | INFO    | holoqpi |   area_mae                           230.7287
09:11:23 | INFO    | holoqpi |   area_mape                          0.3135
09:11:23 | INFO    | holoqpi |   area_mape_ci_lower                 0.2988
09:11:23 | INFO    | holoqpi |   area_mape_ci_upper                 0.3286
09:11:23 | INFO    | holoqpi |   area_mape_coverage_adjusted        0.9243
09:11:23 | INFO    | holoqpi |   area_median_relative_bias          -0.3957
09:11:23 | INFO    | holoqpi |   area_n_cells                       395
09:11:23 | INFO    | holoqpi |   area_n_fields                      113
09:11:23 | INFO    | holoqpi |   area_relative_bias                 -0.3640
09:11:23 | INFO    | holoqpi |   cell_count_ratio                   0.6387
09:11:23 | INFO    | holoqpi |   cells_detected                     2289
09:11:23 | INFO    | holoqpi |   cells_false_positive               1894
09:11:23 | INFO    | holoqpi |   cells_matched                      395
09:11:23 | INFO    | holoqpi |   cells_missed                       3189
09:11:23 | INFO    | holoqpi |   cells_reference                    3584
09:11:23 | INFO    | holoqpi |   circularity_bootstrap_fields       88
09:11:23 | INFO    | holoqpi |   circularity_bootstrap_resamples    2000
09:11:23 | INFO    | holoqpi |   circularity_cell_pearson_r         0.3596
09:11:23 | INFO    | holoqpi |   circularity_cell_pearson_r_ci_lower 0.2253
09:11:23 | INFO    | holoqpi |   circularity_cell_pearson_r_ci_upper 0.4638
09:11:23 | INFO    | holoqpi |   circularity_image_pearson_r        0.1357
09:11:23 | INFO    | holoqpi |   circularity_loa_lower              -0.0517
09:11:23 | INFO    | holoqpi |   circularity_loa_upper              0.7571
09:11:23 | INFO    | holoqpi |   circularity_mae                    0.2541
09:11:23 | INFO    | holoqpi |   circularity_mape                   0.4997
09:11:23 | INFO    | holoqpi |   circularity_mape_ci_lower          0.4361
09:11:23 | INFO    | holoqpi |   circularity_mape_ci_upper          0.5637
09:11:23 | INFO    | holoqpi |   circularity_mape_coverage_adjusted 0.9449
09:11:23 | INFO    | holoqpi |   circularity_median_relative_bias   0.3442
09:11:23 | INFO    | holoqpi |   circularity_n_cells                395
09:11:23 | INFO    | holoqpi |   circularity_relative_bias          0.3527
09:11:23 | INFO    | holoqpi |   coverage                           0.1102
09:11:23 | INFO    | holoqpi |   detection_f1                       0.1345
09:11:23 | INFO    | holoqpi |   detection_precision                0.1726
09:11:23 | INFO    | holoqpi |   detection_recall                   0.1102
09:11:23 | INFO    | holoqpi |   dry_mass_bootstrap_fields          88
09:11:23 | INFO    | holoqpi |   dry_mass_bootstrap_resamples       2000
09:11:23 | INFO    | holoqpi |   dry_mass_cell_pearson_r            0.9302
09:11:23 | INFO    | holoqpi |   dry_mass_cell_pearson_r_ci_lower   0.9056
09:11:23 | INFO    | holoqpi |   dry_mass_cell_pearson_r_ci_upper   0.9487
09:11:23 | INFO    | holoqpi |   dry_mass_field_total_bias          0.5749
09:11:23 | INFO    | holoqpi |   dry_mass_field_total_mape          0.5749
09:11:23 | INFO    | holoqpi |   dry_mass_field_total_pearson_r     0.8652
09:11:23 | INFO    | holoqpi |   dry_mass_image_pearson_r           0.9345
09:11:23 | INFO    | holoqpi |   dry_mass_loa_lower                 -0.2422
09:11:23 | INFO    | holoqpi |   dry_mass_loa_upper                 0.3148
09:11:23 | INFO    | holoqpi |   dry_mass_mae                       41.3604
09:11:23 | INFO    | holoqpi |   dry_mass_mape                      0.2047
09:11:23 | INFO    | holoqpi |   dry_mass_mape_ci_lower             0.1619
09:11:23 | INFO    | holoqpi |   dry_mass_mape_ci_upper             0.2738
09:11:23 | INFO    | holoqpi |   dry_mass_mape_coverage_adjusted    0.9124
09:11:23 | INFO    | holoqpi |   dry_mass_median_relative_bias      0.0173
09:11:23 | INFO    | holoqpi |   dry_mass_n_cells                   395
09:11:23 | INFO    | holoqpi |   dry_mass_n_fields                  113
09:11:23 | INFO    | holoqpi |   dry_mass_relative_bias             0.0363
09:11:23 | INFO    | holoqpi |   false_positive_median_area_um2     359.0548
09:11:23 | INFO    | holoqpi |   forward_distance_um                33.4082
09:11:23 | INFO    | holoqpi |   forward_residual                   0.8699
09:11:23 | INFO    | holoqpi |   forward_residual_n                 113
09:11:23 | INFO    | holoqpi |   forward_residual_ratio             1.0068
09:11:23 | INFO    | holoqpi |   forward_residual_reference         0.8640
09:11:23 | INFO    | holoqpi |   missed_median_area_um2             147.6957
09:11:23 | INFO    | holoqpi |   optical_volume_bootstrap_fields    88
09:11:23 | INFO    | holoqpi |   optical_volume_bootstrap_resamples 2000
09:11:23 | INFO    | holoqpi |   optical_volume_cell_pearson_r      0.9302
09:11:23 | INFO    | holoqpi |   optical_volume_cell_pearson_r_ci_lower 0.9056
09:11:23 | INFO    | holoqpi |   optical_volume_cell_pearson_r_ci_upper 0.9487
09:11:23 | INFO    | holoqpi |   optical_volume_field_total_bias    0.5749
09:11:23 | INFO    | holoqpi |   optical_volume_field_total_mape    0.5749
09:11:23 | INFO    | holoqpi |   optical_volume_field_total_pearson_r 0.8652
09:11:23 | INFO    | holoqpi |   optical_volume_image_pearson_r     0.9345
09:11:23 | INFO    | holoqpi |   optical_volume_loa_lower           -0.2422
09:11:23 | INFO    | holoqpi |   optical_volume_loa_upper           0.3148
09:11:23 | INFO    | holoqpi |   optical_volume_mae                 78.0406
09:11:23 | INFO    | holoqpi |   optical_volume_mape                0.2047
09:11:23 | INFO    | holoqpi |   optical_volume_mape_ci_lower       0.1619
09:11:23 | INFO    | holoqpi |   optical_volume_mape_ci_upper       0.2738
09:11:23 | INFO    | holoqpi |   optical_volume_mape_coverage_adjusted 0.9124
09:11:23 | INFO    | holoqpi |   optical_volume_median_relative_bias 0.0173
09:11:23 | INFO    | holoqpi |   optical_volume_n_cells             395
09:11:23 | INFO    | holoqpi |   optical_volume_n_fields            113
09:11:23 | INFO    | holoqpi |   optical_volume_relative_bias       0.0363
09:11:23 | INFO    | holoqpi |   phase_bias_rad                     0.0043
09:11:23 | INFO    | holoqpi |   phase_bias_rad_background          0.0093
09:11:23 | INFO    | holoqpi |   phase_bias_rad_in_cell             -0.0114
09:11:23 | INFO    | holoqpi |   phase_mae_rad                      0.1636
09:11:23 | INFO    | holoqpi |   phase_mae_rad_background           0.1633
09:11:23 | INFO    | holoqpi |   phase_mae_rad_in_cell              0.1647
09:11:23 | INFO    | holoqpi |   phase_n_images                     113
09:11:23 | INFO    | holoqpi |   phase_pearson_r                    0.8638
09:11:23 | INFO    | holoqpi |   phase_psnr_db                      30.8382
09:11:23 | INFO    | holoqpi |   phase_rmse_rad                     0.2529
09:11:23 | INFO    | holoqpi |   phase_ssim                         0.6254
09:11:23 | INFO    | holoqpi |   seg_aji                            0.2346
09:11:23 | INFO    | holoqpi |   seg_boundary_f1                    0.0637
09:11:23 | INFO    | holoqpi |   seg_dice                           0.4992
09:11:23 | INFO    | holoqpi |   seg_dice_macro                     0.4992
09:11:23 | INFO    | holoqpi |   seg_instance_count_mape            0.5527
09:11:23 | INFO    | holoqpi |   seg_iou                            0.3326
09:11:23 | INFO    | holoqpi |   seg_n_images                       113
