17:38:51 | INFO    | holoqpi.models.encoders | loading pretrained mobilenet_v2 from weights/mobilenet_v2-b0353104.pth
17:38:51 | INFO    | holoqpi.models.encoders | loading pretrained mobilenet_v2 from weights/mobilenet_v2-b0353104.pth
17:38:51 | INFO    | holoqpi.models.encoders | encoder=mobilenet_v2 in_channels=1 pretrained=True weights=local (weights) stages=[16, 24, 32, 96, 1280]
17:38:51 | INFO    | holoqpi.models.holonet | HoloQPINet built: 3.36M parameters, 3.36M trainable (100.0%)
17:38:53 | INFO    | holoqpi.engine.trainer | checkpoint best_model.pt: 446/446 tensors matched
17:38:53 | INFO    | holoqpi.data.dataset | test split: 113 samples | modality=off_axis | crop=None | augment=False
17:39:45 | INFO    | holoqpi |   area_bootstrap_fields              113
17:39:45 | INFO    | holoqpi |   area_bootstrap_resamples           2000
17:39:45 | INFO    | holoqpi |   area_cell_pearson_r                0.8995
17:39:45 | INFO    | holoqpi |   area_cell_pearson_r_ci_lower       0.8840
17:39:45 | INFO    | holoqpi |   area_cell_pearson_r_ci_upper       0.9146
17:39:45 | INFO    | holoqpi |   area_field_total_bias              -0.1090
17:39:45 | INFO    | holoqpi |   area_field_total_mape              0.1637
17:39:45 | INFO    | holoqpi |   area_field_total_pearson_r         0.9343
17:39:45 | INFO    | holoqpi |   area_image_pearson_r               0.8375
17:39:45 | INFO    | holoqpi |   area_loa_lower                     -0.1608
17:39:45 | INFO    | holoqpi |   area_loa_upper                     0.2567
17:39:45 | INFO    | holoqpi |   area_mae                           57.9191
17:39:45 | INFO    | holoqpi |   area_mape                          0.1508
17:39:45 | INFO    | holoqpi |   area_mape_ci_lower                 0.1412
17:39:45 | INFO    | holoqpi |   area_mape_ci_upper                 0.1613
17:39:45 | INFO    | holoqpi |   area_mape_coverage_adjusted        0.4987
17:39:45 | INFO    | holoqpi |   area_median_relative_bias          0.0556
17:39:45 | INFO    | holoqpi |   area_n_cells                       1881
17:39:45 | INFO    | holoqpi |   area_n_fields                      113
17:39:45 | INFO    | holoqpi |   area_relative_bias                 0.0480
17:39:45 | INFO    | holoqpi |   cell_count_ratio                   0.6949
17:39:45 | INFO    | holoqpi |   cells_detected                     2214
17:39:45 | INFO    | holoqpi |   cells_false_positive               333
17:39:45 | INFO    | holoqpi |   cells_matched                      1881
17:39:45 | INFO    | holoqpi |   cells_missed                       1305
17:39:45 | INFO    | holoqpi |   cells_reference                    3186
17:39:45 | INFO    | holoqpi |   circularity_bootstrap_fields       113
17:39:45 | INFO    | holoqpi |   circularity_bootstrap_resamples    2000
17:39:45 | INFO    | holoqpi |   circularity_cell_pearson_r         0.8841
17:39:45 | INFO    | holoqpi |   circularity_cell_pearson_r_ci_lower 0.8647
17:39:45 | INFO    | holoqpi |   circularity_cell_pearson_r_ci_upper 0.9022
17:39:45 | INFO    | holoqpi |   circularity_image_pearson_r        0.9405
17:39:45 | INFO    | holoqpi |   circularity_loa_lower              -0.0486
17:39:45 | INFO    | holoqpi |   circularity_loa_upper              0.0884
17:39:45 | INFO    | holoqpi |   circularity_mae                    0.0404
17:39:45 | INFO    | holoqpi |   circularity_mape                   0.0570
17:39:45 | INFO    | holoqpi |   circularity_mape_ci_lower          0.0502
17:39:45 | INFO    | holoqpi |   circularity_mape_ci_upper          0.0642
17:39:45 | INFO    | holoqpi |   circularity_mape_coverage_adjusted 0.4433
17:39:45 | INFO    | holoqpi |   circularity_median_relative_bias   0.0156
17:39:45 | INFO    | holoqpi |   circularity_n_cells                1881
17:39:45 | INFO    | holoqpi |   circularity_relative_bias          0.0199
17:39:45 | INFO    | holoqpi |   coverage                           0.5904
17:39:45 | INFO    | holoqpi |   detection_f1                       0.6967
17:39:45 | INFO    | holoqpi |   detection_precision                0.8496
17:39:45 | INFO    | holoqpi |   detection_recall                   0.5904
17:39:45 | INFO    | holoqpi |   dry_mass_bootstrap_fields          113
17:39:45 | INFO    | holoqpi |   dry_mass_bootstrap_resamples       2000
17:39:45 | INFO    | holoqpi |   dry_mass_cell_pearson_r            0.9388
17:39:45 | INFO    | holoqpi |   dry_mass_cell_pearson_r_ci_lower   0.9267
17:39:45 | INFO    | holoqpi |   dry_mass_cell_pearson_r_ci_upper   0.9488
17:39:45 | INFO    | holoqpi |   dry_mass_field_total_bias          -0.1633
17:39:45 | INFO    | holoqpi |   dry_mass_field_total_mape          0.1738
17:39:45 | INFO    | holoqpi |   dry_mass_field_total_pearson_r     0.9876
17:39:45 | INFO    | holoqpi |   dry_mass_image_pearson_r           0.9542
17:39:45 | INFO    | holoqpi |   dry_mass_loa_lower                 -0.2408
17:39:45 | INFO    | holoqpi |   dry_mass_loa_upper                 0.1431
17:39:45 | INFO    | holoqpi |   dry_mass_mae                       34.9985
17:39:45 | INFO    | holoqpi |   dry_mass_mape                      0.1740
17:39:45 | INFO    | holoqpi |   dry_mass_mape_ci_lower             0.1636
17:39:45 | INFO    | holoqpi |   dry_mass_mape_ci_upper             0.1841
17:39:45 | INFO    | holoqpi |   dry_mass_mape_coverage_adjusted    0.5123
17:39:45 | INFO    | holoqpi |   dry_mass_median_relative_bias      -0.0473
17:39:45 | INFO    | holoqpi |   dry_mass_n_cells                   1881
17:39:45 | INFO    | holoqpi |   dry_mass_n_fields                  113
17:39:45 | INFO    | holoqpi |   dry_mass_relative_bias             -0.0488
17:39:45 | INFO    | holoqpi |   false_positive_median_area_um2     120.3477
17:39:45 | INFO    | holoqpi |   forward_distance_um                33.7700
17:39:45 | INFO    | holoqpi |   forward_residual                   0.8948
17:39:45 | INFO    | holoqpi |   forward_residual_n                 113
17:39:45 | INFO    | holoqpi |   forward_residual_ratio             1.0038
17:39:45 | INFO    | holoqpi |   forward_residual_reference         0.8914
17:39:45 | INFO    | holoqpi |   missed_median_area_um2             97.3006
17:39:45 | INFO    | holoqpi |   optical_volume_bootstrap_fields    113
17:39:45 | INFO    | holoqpi |   optical_volume_bootstrap_resamples 2000
17:39:45 | INFO    | holoqpi |   optical_volume_cell_pearson_r      0.9388
17:39:45 | INFO    | holoqpi |   optical_volume_cell_pearson_r_ci_lower 0.9267
17:39:45 | INFO    | holoqpi |   optical_volume_cell_pearson_r_ci_upper 0.9488
17:39:45 | INFO    | holoqpi |   optical_volume_field_total_bias    -0.1633
17:39:45 | INFO    | holoqpi |   optical_volume_field_total_mape    0.1738
17:39:45 | INFO    | holoqpi |   optical_volume_field_total_pearson_r 0.9876
17:39:45 | INFO    | holoqpi |   optical_volume_image_pearson_r     0.9542
17:39:45 | INFO    | holoqpi |   optical_volume_loa_lower           -0.2408
17:39:45 | INFO    | holoqpi |   optical_volume_loa_upper           0.1431
17:39:45 | INFO    | holoqpi |   optical_volume_mae                 66.0367
17:39:45 | INFO    | holoqpi |   optical_volume_mape                0.1740
17:39:45 | INFO    | holoqpi |   optical_volume_mape_ci_lower       0.1636
17:39:45 | INFO    | holoqpi |   optical_volume_mape_ci_upper       0.1841
17:39:45 | INFO    | holoqpi |   optical_volume_mape_coverage_adjusted 0.5123
17:39:45 | INFO    | holoqpi |   optical_volume_median_relative_bias -0.0473
17:39:45 | INFO    | holoqpi |   optical_volume_n_cells             1881
17:39:45 | INFO    | holoqpi |   optical_volume_n_fields            113
17:39:45 | INFO    | holoqpi |   optical_volume_relative_bias       -0.0488
17:39:45 | INFO    | holoqpi |   phase_bias_rad                     -0.0117
17:39:45 | INFO    | holoqpi |   phase_bias_rad_background          0.0168
17:39:45 | INFO    | holoqpi |   phase_bias_rad_in_cell             -0.1936
17:39:45 | INFO    | holoqpi |   phase_mae_rad                      0.1562
17:39:45 | INFO    | holoqpi |   phase_mae_rad_background           0.1398
17:39:45 | INFO    | holoqpi |   phase_mae_rad_in_cell              0.2668
17:39:45 | INFO    | holoqpi |   phase_n_images                     113
17:39:45 | INFO    | holoqpi |   phase_pearson_r                    0.8752
17:39:45 | INFO    | holoqpi |   phase_psnr_db                      31.2476
17:39:45 | INFO    | holoqpi |   phase_rmse_rad                     0.2410
17:39:45 | INFO    | holoqpi |   phase_ssim                         0.6398
17:39:45 | INFO    | holoqpi |   seg_aji                            0.6726
17:39:45 | INFO    | holoqpi |   seg_boundary_f1                    0.4754
17:39:45 | INFO    | holoqpi |   seg_dice                           0.8345
17:39:45 | INFO    | holoqpi |   seg_dice_macro                     0.8345
17:39:45 | INFO    | holoqpi |   seg_instance_count_mape            0.3343
17:39:45 | INFO    | holoqpi |   seg_iou                            0.7160
17:39:45 | INFO    | holoqpi |   seg_n_images                       113
