10:28:51 | INFO    | holoqpi.models.encoders | loading pretrained mobilenet_v2 from weights/mobilenet_v2-b0353104.pth
10:28:51 | INFO    | holoqpi.models.encoders | loading pretrained mobilenet_v2 from weights/mobilenet_v2-b0353104.pth
10:28:52 | INFO    | holoqpi.models.encoders | encoder=mobilenet_v2 in_channels=1 pretrained=True weights=local (weights) stages=[16, 24, 32, 96, 1280]
10:28:52 | INFO    | holoqpi.models.holonet | HoloQPINet built: 9.60M parameters, 9.60M trainable (100.0%)
10:28:53 | INFO    | holoqpi.engine.trainer | checkpoint best_model.pt: 440/440 tensors matched
10:28:53 | INFO    | holoqpi.data.dataset | test split: 6 of 113 fields excluded for modality gabor (data.exclude)
10:28:53 | INFO    | holoqpi.data.dataset | test split: 107 samples | modality=gabor | crop=None | augment=False
10:29:41 | INFO    | holoqpi | labels from membrane_mask -> metrics_test_membrane.json
10:29:41 | INFO    | holoqpi |   area_bootstrap_fields              89
10:29:41 | INFO    | holoqpi |   area_bootstrap_resamples           2000
10:29:41 | INFO    | holoqpi |   area_cell_pearson_r                0.8117
10:29:41 | INFO    | holoqpi |   area_cell_pearson_r_ci_lower       0.7594
10:29:41 | INFO    | holoqpi |   area_cell_pearson_r_ci_upper       0.8497
10:29:41 | INFO    | holoqpi |   area_field_total_bias              -0.4466
10:29:41 | INFO    | holoqpi |   area_field_total_mape              0.4635
10:29:41 | INFO    | holoqpi |   area_field_total_pearson_r         0.2645
10:29:41 | INFO    | holoqpi |   area_image_pearson_r               0.7990
10:29:41 | INFO    | holoqpi |   area_loa_lower                     -0.7498
10:29:41 | INFO    | holoqpi |   area_loa_upper                     0.0762
10:29:41 | INFO    | holoqpi |   area_mae                           231.0498
10:29:41 | INFO    | holoqpi |   area_mape                          0.3045
10:29:41 | INFO    | holoqpi |   area_mape_ci_lower                 0.2898
10:29:41 | INFO    | holoqpi |   area_mape_ci_upper                 0.3197
10:29:41 | INFO    | holoqpi |   area_mape_coverage_adjusted        0.9203
10:29:41 | INFO    | holoqpi |   area_median_relative_bias          -0.3681
10:29:41 | INFO    | holoqpi |   area_n_cells                       394
10:29:41 | INFO    | holoqpi |   area_n_fields                      107
10:29:41 | INFO    | holoqpi |   area_relative_bias                 -0.3368
10:29:41 | INFO    | holoqpi |   cell_count_ratio                   0.6225
10:29:41 | INFO    | holoqpi |   cells_detected                     2139
10:29:41 | INFO    | holoqpi |   cells_false_positive               1745
10:29:41 | INFO    | holoqpi |   cells_matched                      394
10:29:41 | INFO    | holoqpi |   cells_missed                       3042
10:29:41 | INFO    | holoqpi |   cells_reference                    3436
10:29:41 | INFO    | holoqpi |   circularity_bootstrap_fields       89
10:29:41 | INFO    | holoqpi |   circularity_bootstrap_resamples    2000
10:29:41 | INFO    | holoqpi |   circularity_cell_pearson_r         0.3795
10:29:41 | INFO    | holoqpi |   circularity_cell_pearson_r_ci_lower 0.2364
10:29:41 | INFO    | holoqpi |   circularity_cell_pearson_r_ci_upper 0.4852
10:29:41 | INFO    | holoqpi |   circularity_image_pearson_r        0.1428
10:29:41 | INFO    | holoqpi |   circularity_loa_lower              -0.0511
10:29:41 | INFO    | holoqpi |   circularity_loa_upper              0.7583
10:29:41 | INFO    | holoqpi |   circularity_mae                    0.2547
10:29:41 | INFO    | holoqpi |   circularity_mape                   0.4971
10:29:41 | INFO    | holoqpi |   circularity_mape_ci_lower          0.4356
10:29:41 | INFO    | holoqpi |   circularity_mape_ci_upper          0.5662
10:29:41 | INFO    | holoqpi |   circularity_mape_coverage_adjusted 0.9423
10:29:41 | INFO    | holoqpi |   circularity_median_relative_bias   0.3509
10:29:41 | INFO    | holoqpi |   circularity_n_cells                394
10:29:41 | INFO    | holoqpi |   circularity_relative_bias          0.3536
10:29:41 | INFO    | holoqpi |   coverage                           0.1147
10:29:41 | INFO    | holoqpi |   detection_f1                       0.1413
10:29:41 | INFO    | holoqpi |   detection_precision                0.1842
10:29:41 | INFO    | holoqpi |   detection_recall                   0.1147
10:29:41 | INFO    | holoqpi |   dry_mass_bootstrap_fields          89
10:29:41 | INFO    | holoqpi |   dry_mass_bootstrap_resamples       2000
10:29:41 | INFO    | holoqpi |   dry_mass_cell_pearson_r            0.8759
10:29:41 | INFO    | holoqpi |   dry_mass_cell_pearson_r_ci_lower   0.8335
10:29:41 | INFO    | holoqpi |   dry_mass_cell_pearson_r_ci_upper   0.9057
10:29:41 | INFO    | holoqpi |   dry_mass_field_total_bias          0.6124
10:29:41 | INFO    | holoqpi |   dry_mass_field_total_mape          0.6147
10:29:41 | INFO    | holoqpi |   dry_mass_field_total_pearson_r     0.8644
10:29:41 | INFO    | holoqpi |   dry_mass_image_pearson_r           0.9019
10:29:41 | INFO    | holoqpi |   dry_mass_loa_lower                 -0.2468
10:29:41 | INFO    | holoqpi |   dry_mass_loa_upper                 0.4714
10:29:41 | INFO    | holoqpi |   dry_mass_mae                       53.0396
10:29:41 | INFO    | holoqpi |   dry_mass_mape                      0.3146
10:29:41 | INFO    | holoqpi |   dry_mass_mape_ci_lower             0.2248
10:29:41 | INFO    | holoqpi |   dry_mass_mape_ci_upper             0.4477
10:29:41 | INFO    | holoqpi |   dry_mass_mape_coverage_adjusted    0.9214
10:29:41 | INFO    | holoqpi |   dry_mass_median_relative_bias      0.0940
10:29:41 | INFO    | holoqpi |   dry_mass_n_cells                   394
10:29:41 | INFO    | holoqpi |   dry_mass_n_fields                  107
10:29:41 | INFO    | holoqpi |   dry_mass_relative_bias             0.1123
10:29:41 | INFO    | holoqpi |   false_positive_median_area_um2     379.3832
10:29:41 | INFO    | holoqpi |   forward_distance_um                33.7700
10:29:41 | INFO    | holoqpi |   forward_residual                   0.7573
10:29:41 | INFO    | holoqpi |   forward_residual_n                 107
10:29:41 | INFO    | holoqpi |   forward_residual_ratio             0.9894
10:29:41 | INFO    | holoqpi |   forward_residual_reference         0.7654
10:29:41 | INFO    | holoqpi |   missed_median_area_um2             141.3659
10:29:41 | INFO    | holoqpi |   optical_volume_bootstrap_fields    89
10:29:41 | INFO    | holoqpi |   optical_volume_bootstrap_resamples 2000
10:29:41 | INFO    | holoqpi |   optical_volume_cell_pearson_r      0.8759
10:29:41 | INFO    | holoqpi |   optical_volume_cell_pearson_r_ci_lower 0.8335
10:29:41 | INFO    | holoqpi |   optical_volume_cell_pearson_r_ci_upper 0.9057
10:29:41 | INFO    | holoqpi |   optical_volume_field_total_bias    0.6124
10:29:41 | INFO    | holoqpi |   optical_volume_field_total_mape    0.6147
10:29:41 | INFO    | holoqpi |   optical_volume_field_total_pearson_r 0.8644
10:29:41 | INFO    | holoqpi |   optical_volume_image_pearson_r     0.9019
10:29:41 | INFO    | holoqpi |   optical_volume_loa_lower           -0.2468
10:29:41 | INFO    | holoqpi |   optical_volume_loa_upper           0.4714
10:29:41 | INFO    | holoqpi |   optical_volume_mae                 100.0774
10:29:41 | INFO    | holoqpi |   optical_volume_mape                0.3146
10:29:41 | INFO    | holoqpi |   optical_volume_mape_ci_lower       0.2248
10:29:41 | INFO    | holoqpi |   optical_volume_mape_ci_upper       0.4477
10:29:41 | INFO    | holoqpi |   optical_volume_mape_coverage_adjusted 0.9214
10:29:41 | INFO    | holoqpi |   optical_volume_median_relative_bias 0.0940
10:29:41 | INFO    | holoqpi |   optical_volume_n_cells             394
10:29:41 | INFO    | holoqpi |   optical_volume_n_fields            107
10:29:41 | INFO    | holoqpi |   optical_volume_relative_bias       0.1123
10:29:41 | INFO    | holoqpi |   phase_bias_rad                     -0.0201
10:29:41 | INFO    | holoqpi |   phase_bias_rad_background          -0.0187
10:29:41 | INFO    | holoqpi |   phase_bias_rad_in_cell             -0.0241
10:29:41 | INFO    | holoqpi |   phase_mae_rad                      0.1625
10:29:41 | INFO    | holoqpi |   phase_mae_rad_background           0.1603
10:29:41 | INFO    | holoqpi |   phase_mae_rad_in_cell              0.1698
10:29:41 | INFO    | holoqpi |   phase_n_images                     107
10:29:41 | INFO    | holoqpi |   phase_pearson_r                    0.8667
10:29:41 | INFO    | holoqpi |   phase_psnr_db                      30.8811
10:29:41 | INFO    | holoqpi |   phase_rmse_rad                     0.2461
10:29:41 | INFO    | holoqpi |   phase_ssim                         0.6296
10:29:41 | INFO    | holoqpi |   seg_aji                            0.2355
10:29:41 | INFO    | holoqpi |   seg_boundary_f1                    0.0670
10:29:41 | INFO    | holoqpi |   seg_dice                           0.5062
10:29:41 | INFO    | holoqpi |   seg_dice_macro                     0.5062
10:29:41 | INFO    | holoqpi |   seg_instance_count_mape            0.5996
10:29:41 | INFO    | holoqpi |   seg_iou                            0.3389
10:29:41 | INFO    | holoqpi |   seg_n_images                       107
