10:27:57 | INFO    | holoqpi.models.encoders | loading pretrained mobilenet_v2 from weights/mobilenet_v2-b0353104.pth
10:27:57 | INFO    | holoqpi.models.encoders | loading pretrained mobilenet_v2 from weights/mobilenet_v2-b0353104.pth
10:27:57 | INFO    | holoqpi.models.encoders | encoder=mobilenet_v2 in_channels=1 pretrained=True weights=local (weights) stages=[16, 24, 32, 96, 1280]
10:27:57 | INFO    | holoqpi.models.holonet | HoloQPINet built: 9.60M parameters, 9.60M trainable (100.0%)
10:27:59 | INFO    | holoqpi.engine.trainer | checkpoint best_model.pt: 440/440 tensors matched
10:27:59 | INFO    | holoqpi.data.dataset | test split: 6 of 113 fields excluded for modality gabor (data.exclude)
10:27:59 | INFO    | holoqpi.data.dataset | test split: 107 samples | modality=gabor | crop=None | augment=False
10:28:46 | INFO    | holoqpi |   area_bootstrap_fields              107
10:28:46 | INFO    | holoqpi |   area_bootstrap_resamples           2000
10:28:46 | INFO    | holoqpi |   area_cell_pearson_r                0.8888
10:28:46 | INFO    | holoqpi |   area_cell_pearson_r_ci_lower       0.8727
10:28:46 | INFO    | holoqpi |   area_cell_pearson_r_ci_upper       0.9023
10:28:46 | INFO    | holoqpi |   area_field_total_bias              -0.0866
10:28:46 | INFO    | holoqpi |   area_field_total_mape              0.1449
10:28:46 | INFO    | holoqpi |   area_field_total_pearson_r         0.9395
10:28:46 | INFO    | holoqpi |   area_image_pearson_r               0.8887
10:28:46 | INFO    | holoqpi |   area_loa_lower                     -0.1096
10:28:46 | INFO    | holoqpi |   area_loa_upper                     0.2361
10:28:46 | INFO    | holoqpi |   area_mae                           62.4914
10:28:46 | INFO    | holoqpi |   area_mape                          0.1669
10:28:46 | INFO    | holoqpi |   area_mape_ci_lower                 0.1586
10:28:46 | INFO    | holoqpi |   area_mape_ci_upper                 0.1754
10:28:46 | INFO    | holoqpi |   area_mape_coverage_adjusted        0.5097
10:28:46 | INFO    | holoqpi |   area_median_relative_bias          0.0589
10:28:46 | INFO    | holoqpi |   area_n_cells                       1798
10:28:46 | INFO    | holoqpi |   area_n_fields                      107
10:28:46 | INFO    | holoqpi |   area_relative_bias                 0.0633
10:28:46 | INFO    | holoqpi |   cell_count_ratio                   0.7002
10:28:46 | INFO    | holoqpi |   cells_detected                     2139
10:28:46 | INFO    | holoqpi |   cells_false_positive               341
10:28:46 | INFO    | holoqpi |   cells_matched                      1798
10:28:46 | INFO    | holoqpi |   cells_missed                       1257
10:28:46 | INFO    | holoqpi |   cells_reference                    3055
10:28:46 | INFO    | holoqpi |   circularity_bootstrap_fields       107
10:28:46 | INFO    | holoqpi |   circularity_bootstrap_resamples    2000
10:28:46 | INFO    | holoqpi |   circularity_cell_pearson_r         0.8561
10:28:46 | INFO    | holoqpi |   circularity_cell_pearson_r_ci_lower 0.8337
10:28:46 | INFO    | holoqpi |   circularity_cell_pearson_r_ci_upper 0.8744
10:28:46 | INFO    | holoqpi |   circularity_image_pearson_r        0.9144
10:28:46 | INFO    | holoqpi |   circularity_loa_lower              -0.0617
10:28:46 | INFO    | holoqpi |   circularity_loa_upper              0.1144
10:28:46 | INFO    | holoqpi |   circularity_mae                    0.0471
10:28:46 | INFO    | holoqpi |   circularity_mape                   0.0668
10:28:46 | INFO    | holoqpi |   circularity_mape_ci_lower          0.0599
10:28:46 | INFO    | holoqpi |   circularity_mape_ci_upper          0.0747
10:28:46 | INFO    | holoqpi |   circularity_mape_coverage_adjusted 0.4508
10:28:46 | INFO    | holoqpi |   circularity_median_relative_bias   0.0203
10:28:46 | INFO    | holoqpi |   circularity_n_cells                1798
10:28:46 | INFO    | holoqpi |   circularity_relative_bias          0.0263
10:28:46 | INFO    | holoqpi |   coverage                           0.5885
10:28:46 | INFO    | holoqpi |   detection_f1                       0.6923
10:28:46 | INFO    | holoqpi |   detection_precision                0.8406
10:28:46 | INFO    | holoqpi |   detection_recall                   0.5885
10:28:46 | INFO    | holoqpi |   dry_mass_bootstrap_fields          107
10:28:46 | INFO    | holoqpi |   dry_mass_bootstrap_resamples       2000
10:28:46 | INFO    | holoqpi |   dry_mass_cell_pearson_r            0.9029
10:28:46 | INFO    | holoqpi |   dry_mass_cell_pearson_r_ci_lower   0.8864
10:28:46 | INFO    | holoqpi |   dry_mass_cell_pearson_r_ci_upper   0.9174
10:28:46 | INFO    | holoqpi |   dry_mass_field_total_bias          -0.1285
10:28:46 | INFO    | holoqpi |   dry_mass_field_total_mape          0.1356
10:28:46 | INFO    | holoqpi |   dry_mass_field_total_pearson_r     0.9872
10:28:46 | INFO    | holoqpi |   dry_mass_image_pearson_r           0.9228
10:28:46 | INFO    | holoqpi |   dry_mass_loa_lower                 -0.2576
10:28:46 | INFO    | holoqpi |   dry_mass_loa_upper                 0.2340
10:28:46 | INFO    | holoqpi |   dry_mass_mae                       42.3256
10:28:46 | INFO    | holoqpi |   dry_mass_mape                      0.2129
10:28:46 | INFO    | holoqpi |   dry_mass_mape_ci_lower             0.2009
10:28:46 | INFO    | holoqpi |   dry_mass_mape_ci_upper             0.2258
10:28:46 | INFO    | holoqpi |   dry_mass_mape_coverage_adjusted    0.5368
10:28:46 | INFO    | holoqpi |   dry_mass_median_relative_bias      -0.0288
10:28:46 | INFO    | holoqpi |   dry_mass_n_cells                   1798
10:28:46 | INFO    | holoqpi |   dry_mass_n_fields                  107
10:28:46 | INFO    | holoqpi |   dry_mass_relative_bias             -0.0118
10:28:46 | INFO    | holoqpi |   false_positive_median_area_um2     145.3423
10:28:46 | INFO    | holoqpi |   forward_distance_um                33.7700
10:28:46 | INFO    | holoqpi |   forward_residual                   0.7573
10:28:46 | INFO    | holoqpi |   forward_residual_n                 107
10:28:46 | INFO    | holoqpi |   forward_residual_ratio             0.9894
10:28:46 | INFO    | holoqpi |   forward_residual_reference         0.7654
10:28:46 | INFO    | holoqpi |   missed_median_area_um2             99.5729
10:28:46 | INFO    | holoqpi |   optical_volume_bootstrap_fields    107
10:28:46 | INFO    | holoqpi |   optical_volume_bootstrap_resamples 2000
10:28:46 | INFO    | holoqpi |   optical_volume_cell_pearson_r      0.9029
10:28:46 | INFO    | holoqpi |   optical_volume_cell_pearson_r_ci_lower 0.8864
10:28:46 | INFO    | holoqpi |   optical_volume_cell_pearson_r_ci_upper 0.9174
10:28:46 | INFO    | holoqpi |   optical_volume_field_total_bias    -0.1285
10:28:46 | INFO    | holoqpi |   optical_volume_field_total_mape    0.1356
10:28:46 | INFO    | holoqpi |   optical_volume_field_total_pearson_r 0.9872
10:28:46 | INFO    | holoqpi |   optical_volume_image_pearson_r     0.9228
10:28:46 | INFO    | holoqpi |   optical_volume_loa_lower           -0.2576
10:28:46 | INFO    | holoqpi |   optical_volume_loa_upper           0.2340
10:28:46 | INFO    | holoqpi |   optical_volume_mae                 79.8618
10:28:46 | INFO    | holoqpi |   optical_volume_mape                0.2129
10:28:46 | INFO    | holoqpi |   optical_volume_mape_ci_lower       0.2009
10:28:46 | INFO    | holoqpi |   optical_volume_mape_ci_upper       0.2258
10:28:46 | INFO    | holoqpi |   optical_volume_mape_coverage_adjusted 0.5368
10:28:46 | INFO    | holoqpi |   optical_volume_median_relative_bias -0.0288
10:28:46 | INFO    | holoqpi |   optical_volume_n_cells             1798
10:28:46 | INFO    | holoqpi |   optical_volume_n_fields            107
10:28:46 | INFO    | holoqpi |   optical_volume_relative_bias       -0.0118
10:28:46 | INFO    | holoqpi |   phase_bias_rad                     -0.0201
10:28:46 | INFO    | holoqpi |   phase_bias_rad_background          0.0056
10:28:46 | INFO    | holoqpi |   phase_bias_rad_in_cell             -0.1808
10:28:46 | INFO    | holoqpi |   phase_mae_rad                      0.1625
10:28:46 | INFO    | holoqpi |   phase_mae_rad_background           0.1420
10:28:46 | INFO    | holoqpi |   phase_mae_rad_in_cell              0.3005
10:28:46 | INFO    | holoqpi |   phase_n_images                     107
10:28:46 | INFO    | holoqpi |   phase_pearson_r                    0.8667
10:28:46 | INFO    | holoqpi |   phase_psnr_db                      30.8811
10:28:46 | INFO    | holoqpi |   phase_rmse_rad                     0.2461
10:28:46 | INFO    | holoqpi |   phase_ssim                         0.6296
10:28:46 | INFO    | holoqpi |   seg_aji                            0.6399
10:28:46 | INFO    | holoqpi |   seg_boundary_f1                    0.4165
10:28:46 | INFO    | holoqpi |   seg_dice                           0.8148
10:28:46 | INFO    | holoqpi |   seg_dice_macro                     0.8148
10:28:46 | INFO    | holoqpi |   seg_instance_count_mape            0.3148
10:28:46 | INFO    | holoqpi |   seg_iou                            0.6875
10:28:46 | INFO    | holoqpi |   seg_n_images                       107
