11:52:32 | INFO    | holoqpi.models.encoders | loading pretrained mobilenet_v2 from weights/mobilenet_v2-b0353104.pth
11:52:32 | INFO    | holoqpi.models.encoders | loading pretrained mobilenet_v2 from weights/mobilenet_v2-b0353104.pth
11:52:32 | INFO    | holoqpi.models.encoders | encoder=mobilenet_v2 in_channels=1 pretrained=True weights=local (weights) stages=[16, 24, 32, 96, 1280]
11:52:32 | INFO    | holoqpi.models.holonet | HoloQPINet built: 9.60M parameters, 9.60M trainable (100.0%)
11:52:34 | INFO    | holoqpi.engine.trainer | checkpoint best_model.pt: 440/440 tensors matched
11:52:34 | INFO    | holoqpi.data.dataset | test split: 113 samples | modality=off_axis | crop=None | augment=False
11:53:25 | INFO    | holoqpi |   area_bootstrap_fields              113
11:53:25 | INFO    | holoqpi |   area_bootstrap_resamples           2000
11:53:25 | INFO    | holoqpi |   area_cell_pearson_r                0.8990
11:53:25 | INFO    | holoqpi |   area_cell_pearson_r_ci_lower       0.8827
11:53:25 | INFO    | holoqpi |   area_cell_pearson_r_ci_upper       0.9142
11:53:25 | INFO    | holoqpi |   area_field_total_bias              -0.1203
11:53:25 | INFO    | holoqpi |   area_field_total_mape              0.1664
11:53:25 | INFO    | holoqpi |   area_field_total_pearson_r         0.9320
11:53:25 | INFO    | holoqpi |   area_image_pearson_r               0.8402
11:53:25 | INFO    | holoqpi |   area_loa_lower                     -0.1806
11:53:25 | INFO    | holoqpi |   area_loa_upper                     0.2361
11:53:25 | INFO    | holoqpi |   area_mae                           58.1062
11:53:25 | INFO    | holoqpi |   area_mape                          0.1504
11:53:25 | INFO    | holoqpi |   area_mape_ci_lower                 0.1413
11:53:25 | INFO    | holoqpi |   area_mape_ci_upper                 0.1607
11:53:25 | INFO    | holoqpi |   area_mape_coverage_adjusted        0.5011
11:53:25 | INFO    | holoqpi |   area_median_relative_bias          0.0317
11:53:25 | INFO    | holoqpi |   area_n_cells                       1871
11:53:25 | INFO    | holoqpi |   area_n_fields                      113
11:53:25 | INFO    | holoqpi |   area_relative_bias                 0.0277
11:53:25 | INFO    | holoqpi |   cell_count_ratio                   0.6968
11:53:25 | INFO    | holoqpi |   cells_detected                     2220
11:53:25 | INFO    | holoqpi |   cells_false_positive               349
11:53:25 | INFO    | holoqpi |   cells_matched                      1871
11:53:25 | INFO    | holoqpi |   cells_missed                       1315
11:53:25 | INFO    | holoqpi |   cells_reference                    3186
11:53:25 | INFO    | holoqpi |   circularity_bootstrap_fields       113
11:53:25 | INFO    | holoqpi |   circularity_bootstrap_resamples    2000
11:53:25 | INFO    | holoqpi |   circularity_cell_pearson_r         0.8893
11:53:25 | INFO    | holoqpi |   circularity_cell_pearson_r_ci_lower 0.8720
11:53:25 | INFO    | holoqpi |   circularity_cell_pearson_r_ci_upper 0.9044
11:53:25 | INFO    | holoqpi |   circularity_image_pearson_r        0.9393
11:53:25 | INFO    | holoqpi |   circularity_loa_lower              -0.0564
11:53:25 | INFO    | holoqpi |   circularity_loa_upper              0.0875
11:53:25 | INFO    | holoqpi |   circularity_mae                    0.0395
11:53:25 | INFO    | holoqpi |   circularity_mape                   0.0556
11:53:25 | INFO    | holoqpi |   circularity_mape_ci_lower          0.0494
11:53:25 | INFO    | holoqpi |   circularity_mape_ci_upper          0.0623
11:53:25 | INFO    | holoqpi |   circularity_mape_coverage_adjusted 0.4454
11:53:25 | INFO    | holoqpi |   circularity_median_relative_bias   0.0129
11:53:25 | INFO    | holoqpi |   circularity_n_cells                1871
11:53:25 | INFO    | holoqpi |   circularity_relative_bias          0.0156
11:53:25 | INFO    | holoqpi |   coverage                           0.5873
11:53:25 | INFO    | holoqpi |   detection_f1                       0.6922
11:53:25 | INFO    | holoqpi |   detection_precision                0.8428
11:53:25 | INFO    | holoqpi |   detection_recall                   0.5873
11:53:25 | INFO    | holoqpi |   dry_mass_bootstrap_fields          113
11:53:25 | INFO    | holoqpi |   dry_mass_bootstrap_resamples       2000
11:53:25 | INFO    | holoqpi |   dry_mass_cell_pearson_r            0.9399
11:53:25 | INFO    | holoqpi |   dry_mass_cell_pearson_r_ci_lower   0.9296
11:53:25 | INFO    | holoqpi |   dry_mass_cell_pearson_r_ci_upper   0.9494
11:53:25 | INFO    | holoqpi |   dry_mass_field_total_bias          -0.1810
11:53:25 | INFO    | holoqpi |   dry_mass_field_total_mape          0.1830
11:53:25 | INFO    | holoqpi |   dry_mass_field_total_pearson_r     0.9889
11:53:25 | INFO    | holoqpi |   dry_mass_image_pearson_r           0.9526
11:53:25 | INFO    | holoqpi |   dry_mass_loa_lower                 -0.2713
11:53:25 | INFO    | holoqpi |   dry_mass_loa_upper                 0.1250
11:53:25 | INFO    | holoqpi |   dry_mass_mae                       36.3448
11:53:25 | INFO    | holoqpi |   dry_mass_mape                      0.1754
11:53:25 | INFO    | holoqpi |   dry_mass_mape_ci_lower             0.1655
11:53:25 | INFO    | holoqpi |   dry_mass_mape_ci_upper             0.1852
11:53:25 | INFO    | holoqpi |   dry_mass_mape_coverage_adjusted    0.5158
11:53:25 | INFO    | holoqpi |   dry_mass_median_relative_bias      -0.0746
11:53:25 | INFO    | holoqpi |   dry_mass_n_cells                   1871
11:53:25 | INFO    | holoqpi |   dry_mass_n_fields                  113
11:53:25 | INFO    | holoqpi |   dry_mass_relative_bias             -0.0731
11:53:25 | INFO    | holoqpi |   false_positive_median_area_um2     136.9837
11:53:25 | INFO    | holoqpi |   forward_distance_um                33.7700
11:53:25 | INFO    | holoqpi |   forward_residual                   0.8953
11:53:25 | INFO    | holoqpi |   forward_residual_n                 113
11:53:25 | INFO    | holoqpi |   forward_residual_ratio             1.0044
11:53:25 | INFO    | holoqpi |   forward_residual_reference         0.8914
11:53:25 | INFO    | holoqpi |   missed_median_area_um2             98.9237
11:53:25 | INFO    | holoqpi |   optical_volume_bootstrap_fields    113
11:53:25 | INFO    | holoqpi |   optical_volume_bootstrap_resamples 2000
11:53:25 | INFO    | holoqpi |   optical_volume_cell_pearson_r      0.9399
11:53:25 | INFO    | holoqpi |   optical_volume_cell_pearson_r_ci_lower 0.9296
11:53:25 | INFO    | holoqpi |   optical_volume_cell_pearson_r_ci_upper 0.9494
11:53:25 | INFO    | holoqpi |   optical_volume_field_total_bias    -0.1810
11:53:25 | INFO    | holoqpi |   optical_volume_field_total_mape    0.1830
11:53:25 | INFO    | holoqpi |   optical_volume_field_total_pearson_r 0.9889
11:53:25 | INFO    | holoqpi |   optical_volume_image_pearson_r     0.9526
11:53:25 | INFO    | holoqpi |   optical_volume_loa_lower           -0.2713
11:53:25 | INFO    | holoqpi |   optical_volume_loa_upper           0.1250
11:53:25 | INFO    | holoqpi |   optical_volume_mae                 68.5770
11:53:25 | INFO    | holoqpi |   optical_volume_mape                0.1754
11:53:25 | INFO    | holoqpi |   optical_volume_mape_ci_lower       0.1655
11:53:25 | INFO    | holoqpi |   optical_volume_mape_ci_upper       0.1852
11:53:25 | INFO    | holoqpi |   optical_volume_mape_coverage_adjusted 0.5158
11:53:25 | INFO    | holoqpi |   optical_volume_median_relative_bias -0.0746
11:53:25 | INFO    | holoqpi |   optical_volume_n_cells             1871
11:53:25 | INFO    | holoqpi |   optical_volume_n_fields            113
11:53:25 | INFO    | holoqpi |   optical_volume_relative_bias       -0.0731
11:53:25 | INFO    | holoqpi |   phase_bias_rad                     -0.0065
11:53:25 | INFO    | holoqpi |   phase_bias_rad_background          0.0251
11:53:25 | INFO    | holoqpi |   phase_bias_rad_in_cell             -0.2072
11:53:25 | INFO    | holoqpi |   phase_mae_rad                      0.1567
11:53:25 | INFO    | holoqpi |   phase_mae_rad_background           0.1397
11:53:25 | INFO    | holoqpi |   phase_mae_rad_in_cell              0.2730
11:53:25 | INFO    | holoqpi |   phase_n_images                     113
11:53:25 | INFO    | holoqpi |   phase_pearson_r                    0.8753
11:53:25 | INFO    | holoqpi |   phase_psnr_db                      31.1837
11:53:25 | INFO    | holoqpi |   phase_rmse_rad                     0.2397
11:53:25 | INFO    | holoqpi |   phase_ssim                         0.6401
11:53:25 | INFO    | holoqpi |   seg_aji                            0.6674
11:53:25 | INFO    | holoqpi |   seg_boundary_f1                    0.4702
11:53:25 | INFO    | holoqpi |   seg_dice                           0.8331
11:53:25 | INFO    | holoqpi |   seg_dice_macro                     0.8331
11:53:25 | INFO    | holoqpi |   seg_instance_count_mape            0.3064
11:53:25 | INFO    | holoqpi |   seg_iou                            0.7139
11:53:25 | INFO    | holoqpi |   seg_n_images                       113
