13:19:12 | INFO    | holoqpi.models.encoders | loading pretrained mobilenet_v2 from weights/mobilenet_v2-b0353104.pth
13:19:12 | INFO    | holoqpi.models.encoders | loading pretrained mobilenet_v2 from weights/mobilenet_v2-b0353104.pth
13:19:12 | INFO    | holoqpi.models.encoders | encoder=mobilenet_v2 in_channels=1 pretrained=True weights=local (weights) stages=[16, 24, 32, 96, 1280]
13:19:12 | INFO    | holoqpi.models.holonet | HoloQPINet built: 9.60M parameters, 9.60M trainable (100.0%)
13:19:14 | INFO    | holoqpi.engine.trainer | checkpoint best_model.pt: 440/440 tensors matched
13:19:14 | INFO    | holoqpi.data.dataset | test split: 113 samples | modality=off_axis | crop=None | augment=False
13:20:06 | INFO    | holoqpi | labels from membrane_mask -> metrics_test_membrane.json
13:20:06 | INFO    | holoqpi |   area_bootstrap_fields              89
13:20:06 | INFO    | holoqpi |   area_bootstrap_resamples           2000
13:20:06 | INFO    | holoqpi |   area_cell_pearson_r                0.8135
13:20:06 | INFO    | holoqpi |   area_cell_pearson_r_ci_lower       0.7576
13:20:06 | INFO    | holoqpi |   area_cell_pearson_r_ci_upper       0.8602
13:20:06 | INFO    | holoqpi |   area_field_total_bias              -0.4664
13:20:06 | INFO    | holoqpi |   area_field_total_mape              0.4784
13:20:06 | INFO    | holoqpi |   area_field_total_pearson_r         0.2670
13:20:06 | INFO    | holoqpi |   area_image_pearson_r               0.7839
13:20:06 | INFO    | holoqpi |   area_loa_lower                     -0.7247
13:20:06 | INFO    | holoqpi |   area_loa_upper                     0.0289
13:20:06 | INFO    | holoqpi |   area_mae                           228.5450
13:20:06 | INFO    | holoqpi |   area_mape                          0.3152
13:20:06 | INFO    | holoqpi |   area_mape_ci_lower                 0.3009
13:20:06 | INFO    | holoqpi |   area_mape_ci_upper                 0.3297
13:20:06 | INFO    | holoqpi |   area_mape_coverage_adjusted        0.9259
13:20:06 | INFO    | holoqpi |   area_median_relative_bias          -0.3863
13:20:06 | INFO    | holoqpi |   area_n_cells                       388
13:20:06 | INFO    | holoqpi |   area_n_fields                      113
13:20:06 | INFO    | holoqpi |   area_relative_bias                 -0.3479
13:20:06 | INFO    | holoqpi |   cell_count_ratio                   0.6270
13:20:06 | INFO    | holoqpi |   cells_detected                     2247
13:20:06 | INFO    | holoqpi |   cells_false_positive               1859
13:20:06 | INFO    | holoqpi |   cells_matched                      388
13:20:06 | INFO    | holoqpi |   cells_missed                       3196
13:20:06 | INFO    | holoqpi |   cells_reference                    3584
13:20:06 | INFO    | holoqpi |   circularity_bootstrap_fields       89
13:20:06 | INFO    | holoqpi |   circularity_bootstrap_resamples    2000
13:20:06 | INFO    | holoqpi |   circularity_cell_pearson_r         0.3790
13:20:06 | INFO    | holoqpi |   circularity_cell_pearson_r_ci_lower 0.2396
13:20:06 | INFO    | holoqpi |   circularity_cell_pearson_r_ci_upper 0.4836
13:20:06 | INFO    | holoqpi |   circularity_image_pearson_r        0.0910
13:20:06 | INFO    | holoqpi |   circularity_loa_lower              -0.0781
13:20:06 | INFO    | holoqpi |   circularity_loa_upper              0.7888
13:20:06 | INFO    | holoqpi |   circularity_mae                    0.2573
13:20:06 | INFO    | holoqpi |   circularity_mape                   0.5054
13:20:06 | INFO    | holoqpi |   circularity_mape_ci_lower          0.4382
13:20:06 | INFO    | holoqpi |   circularity_mape_ci_upper          0.5752
13:20:06 | INFO    | holoqpi |   circularity_mape_coverage_adjusted 0.9465
13:20:06 | INFO    | holoqpi |   circularity_median_relative_bias   0.4101
13:20:06 | INFO    | holoqpi |   circularity_n_cells                388
13:20:06 | INFO    | holoqpi |   circularity_relative_bias          0.3554
13:20:06 | INFO    | holoqpi |   coverage                           0.1083
13:20:06 | INFO    | holoqpi |   detection_f1                       0.1331
13:20:06 | INFO    | holoqpi |   detection_precision                0.1727
13:20:06 | INFO    | holoqpi |   detection_recall                   0.1083
13:20:06 | INFO    | holoqpi |   dry_mass_bootstrap_fields          89
13:20:06 | INFO    | holoqpi |   dry_mass_bootstrap_resamples       2000
13:20:06 | INFO    | holoqpi |   dry_mass_cell_pearson_r            0.9345
13:20:06 | INFO    | holoqpi |   dry_mass_cell_pearson_r_ci_lower   0.9112
13:20:06 | INFO    | holoqpi |   dry_mass_cell_pearson_r_ci_upper   0.9521
13:20:06 | INFO    | holoqpi |   dry_mass_field_total_bias          0.4819
13:20:06 | INFO    | holoqpi |   dry_mass_field_total_mape          0.4822
13:20:06 | INFO    | holoqpi |   dry_mass_field_total_pearson_r     0.8814
13:20:06 | INFO    | holoqpi |   dry_mass_image_pearson_r           0.9416
13:20:06 | INFO    | holoqpi |   dry_mass_loa_lower                 -0.3054
13:20:06 | INFO    | holoqpi |   dry_mass_loa_upper                 0.2519
13:20:06 | INFO    | holoqpi |   dry_mass_mae                       41.3788
13:20:06 | INFO    | holoqpi |   dry_mass_mape                      0.1930
13:20:06 | INFO    | holoqpi |   dry_mass_mape_ci_lower             0.1534
13:20:06 | INFO    | holoqpi |   dry_mass_mape_ci_upper             0.2610
13:20:06 | INFO    | holoqpi |   dry_mass_mape_coverage_adjusted    0.9126
13:20:06 | INFO    | holoqpi |   dry_mass_median_relative_bias      -0.0560
13:20:06 | INFO    | holoqpi |   dry_mass_n_cells                   388
13:20:06 | INFO    | holoqpi |   dry_mass_n_fields                  113
13:20:06 | INFO    | holoqpi |   dry_mass_relative_bias             -0.0268
13:20:06 | INFO    | holoqpi |   false_positive_median_area_um2     370.0508
13:20:06 | INFO    | holoqpi |   forward_distance_um                33.7700
13:20:06 | INFO    | holoqpi |   forward_residual                   0.8962
13:20:06 | INFO    | holoqpi |   forward_residual_n                 113
13:20:06 | INFO    | holoqpi |   forward_residual_ratio             1.0054
13:20:06 | INFO    | holoqpi |   forward_residual_reference         0.8914
13:20:06 | INFO    | holoqpi |   missed_median_area_um2             148.9130
13:20:06 | INFO    | holoqpi |   optical_volume_bootstrap_fields    89
13:20:06 | INFO    | holoqpi |   optical_volume_bootstrap_resamples 2000
13:20:06 | INFO    | holoqpi |   optical_volume_cell_pearson_r      0.9345
13:20:06 | INFO    | holoqpi |   optical_volume_cell_pearson_r_ci_lower 0.9112
13:20:06 | INFO    | holoqpi |   optical_volume_cell_pearson_r_ci_upper 0.9521
13:20:06 | INFO    | holoqpi |   optical_volume_field_total_bias    0.4819
13:20:06 | INFO    | holoqpi |   optical_volume_field_total_mape    0.4822
13:20:06 | INFO    | holoqpi |   optical_volume_field_total_pearson_r 0.8814
13:20:06 | INFO    | holoqpi |   optical_volume_image_pearson_r     0.9416
13:20:06 | INFO    | holoqpi |   optical_volume_loa_lower           -0.3054
13:20:06 | INFO    | holoqpi |   optical_volume_loa_upper           0.2519
13:20:06 | INFO    | holoqpi |   optical_volume_mae                 78.0754
13:20:06 | INFO    | holoqpi |   optical_volume_mape                0.1930
13:20:06 | INFO    | holoqpi |   optical_volume_mape_ci_lower       0.1534
13:20:06 | INFO    | holoqpi |   optical_volume_mape_ci_upper       0.2610
13:20:06 | INFO    | holoqpi |   optical_volume_mape_coverage_adjusted 0.9126
13:20:06 | INFO    | holoqpi |   optical_volume_median_relative_bias -0.0560
13:20:06 | INFO    | holoqpi |   optical_volume_n_cells             388
13:20:06 | INFO    | holoqpi |   optical_volume_n_fields            113
13:20:06 | INFO    | holoqpi |   optical_volume_relative_bias       -0.0268
13:20:06 | INFO    | holoqpi |   phase_bias_rad                     0.0048
13:20:06 | INFO    | holoqpi |   phase_bias_rad_background          0.0142
13:20:06 | INFO    | holoqpi |   phase_bias_rad_in_cell             -0.0253
13:20:06 | INFO    | holoqpi |   phase_mae_rad                      0.1620
13:20:06 | INFO    | holoqpi |   phase_mae_rad_background           0.1628
13:20:06 | INFO    | holoqpi |   phase_mae_rad_in_cell              0.1591
13:20:06 | INFO    | holoqpi |   phase_n_images                     113
13:20:06 | INFO    | holoqpi |   phase_pearson_r                    0.8713
13:20:06 | INFO    | holoqpi |   phase_psnr_db                      30.9403
13:20:06 | INFO    | holoqpi |   phase_rmse_rad                     0.2460
13:20:06 | INFO    | holoqpi |   phase_ssim                         0.6217
13:20:06 | INFO    | holoqpi |   seg_aji                            0.2348
13:20:06 | INFO    | holoqpi |   seg_boundary_f1                    0.0629
13:20:06 | INFO    | holoqpi |   seg_dice                           0.4997
13:20:06 | INFO    | holoqpi |   seg_dice_macro                     0.4997
13:20:06 | INFO    | holoqpi |   seg_instance_count_mape            0.5670
13:20:06 | INFO    | holoqpi |   seg_iou                            0.3331
13:20:06 | INFO    | holoqpi |   seg_n_images                       113
