16:13:31 | INFO    | holoqpi.models.encoders | loading pretrained mobilenet_v2 from weights/mobilenet_v2-b0353104.pth
16:13:31 | INFO    | holoqpi.models.encoders | loading pretrained mobilenet_v2 from weights/mobilenet_v2-b0353104.pth
16:13:31 | INFO    | holoqpi.models.encoders | encoder=mobilenet_v2 in_channels=1 pretrained=True weights=local (weights) stages=[16, 24, 32, 96, 1280]
16:13:31 | INFO    | holoqpi.models.holonet | HoloQPINet built: 9.60M parameters, 9.60M trainable (100.0%)
16:13:33 | INFO    | holoqpi.engine.trainer | checkpoint best_model.pt: 440/440 tensors matched
16:13:33 | INFO    | holoqpi.data.dataset | test split: 113 samples | modality=off_axis | crop=None | augment=False
16:14:27 | INFO    | holoqpi | labels from membrane_mask -> metrics_test_membrane.json
16:14:27 | INFO    | holoqpi |   area_bootstrap_fields              89
16:14:27 | INFO    | holoqpi |   area_bootstrap_resamples           2000
16:14:27 | INFO    | holoqpi |   area_cell_pearson_r                0.8008
16:14:27 | INFO    | holoqpi |   area_cell_pearson_r_ci_lower       0.7444
16:14:27 | INFO    | holoqpi |   area_cell_pearson_r_ci_upper       0.8458
16:14:27 | INFO    | holoqpi |   area_field_total_bias              -0.4375
16:14:27 | INFO    | holoqpi |   area_field_total_mape              0.4568
16:14:27 | INFO    | holoqpi |   area_field_total_pearson_r         0.2515
16:14:27 | INFO    | holoqpi |   area_image_pearson_r               0.7916
16:14:27 | INFO    | holoqpi |   area_loa_lower                     -0.7381
16:14:27 | INFO    | holoqpi |   area_loa_upper                     0.0110
16:14:27 | INFO    | holoqpi |   area_mae                           228.3039
16:14:27 | INFO    | holoqpi |   area_mape                          0.3057
16:14:27 | INFO    | holoqpi |   area_mape_ci_lower                 0.2900
16:14:27 | INFO    | holoqpi |   area_mape_ci_upper                 0.3220
16:14:27 | INFO    | holoqpi |   area_mape_coverage_adjusted        0.9200
16:14:27 | INFO    | holoqpi |   area_median_relative_bias          -0.3843
16:14:27 | INFO    | holoqpi |   area_n_cells                       413
16:14:27 | INFO    | holoqpi |   area_n_fields                      113
16:14:27 | INFO    | holoqpi |   area_relative_bias                 -0.3635
16:14:27 | INFO    | holoqpi |   cell_count_ratio                   0.6763
16:14:27 | INFO    | holoqpi |   cells_detected                     2424
16:14:27 | INFO    | holoqpi |   cells_false_positive               2011
16:14:27 | INFO    | holoqpi |   cells_matched                      413
16:14:27 | INFO    | holoqpi |   cells_missed                       3171
16:14:27 | INFO    | holoqpi |   cells_reference                    3584
16:14:27 | INFO    | holoqpi |   circularity_bootstrap_fields       89
16:14:27 | INFO    | holoqpi |   circularity_bootstrap_resamples    2000
16:14:27 | INFO    | holoqpi |   circularity_cell_pearson_r         0.4003
16:14:27 | INFO    | holoqpi |   circularity_cell_pearson_r_ci_lower 0.2583
16:14:27 | INFO    | holoqpi |   circularity_cell_pearson_r_ci_upper 0.5078
16:14:27 | INFO    | holoqpi |   circularity_image_pearson_r        0.2054
16:14:27 | INFO    | holoqpi |   circularity_loa_lower              -0.0233
16:14:27 | INFO    | holoqpi |   circularity_loa_upper              0.7212
16:14:27 | INFO    | holoqpi |   circularity_mae                    0.2502
16:14:27 | INFO    | holoqpi |   circularity_mape                   0.4910
16:14:27 | INFO    | holoqpi |   circularity_mape_ci_lower          0.4280
16:14:27 | INFO    | holoqpi |   circularity_mape_ci_upper          0.5534
16:14:27 | INFO    | holoqpi |   circularity_mape_coverage_adjusted 0.9413
16:14:27 | INFO    | holoqpi |   circularity_median_relative_bias   0.3566
16:14:27 | INFO    | holoqpi |   circularity_n_cells                413
16:14:27 | INFO    | holoqpi |   circularity_relative_bias          0.3490
16:14:27 | INFO    | holoqpi |   coverage                           0.1152
16:14:27 | INFO    | holoqpi |   detection_f1                       0.1375
16:14:27 | INFO    | holoqpi |   detection_precision                0.1704
16:14:27 | INFO    | holoqpi |   detection_recall                   0.1152
16:14:27 | INFO    | holoqpi |   dry_mass_bootstrap_fields          89
16:14:27 | INFO    | holoqpi |   dry_mass_bootstrap_resamples       2000
16:14:27 | INFO    | holoqpi |   dry_mass_cell_pearson_r            0.9262
16:14:27 | INFO    | holoqpi |   dry_mass_cell_pearson_r_ci_lower   0.9006
16:14:27 | INFO    | holoqpi |   dry_mass_cell_pearson_r_ci_upper   0.9460
16:14:27 | INFO    | holoqpi |   dry_mass_field_total_bias          0.6116
16:14:27 | INFO    | holoqpi |   dry_mass_field_total_mape          0.6116
16:14:27 | INFO    | holoqpi |   dry_mass_field_total_pearson_r     0.8635
16:14:27 | INFO    | holoqpi |   dry_mass_image_pearson_r           0.9207
16:14:27 | INFO    | holoqpi |   dry_mass_loa_lower                 -0.3016
16:14:27 | INFO    | holoqpi |   dry_mass_loa_upper                 0.3708
16:14:27 | INFO    | holoqpi |   dry_mass_mae                       42.7402
16:14:27 | INFO    | holoqpi |   dry_mass_mape                      0.2010
16:14:27 | INFO    | holoqpi |   dry_mass_mape_ci_lower             0.1789
16:14:27 | INFO    | holoqpi |   dry_mass_mape_ci_upper             0.2270
16:14:27 | INFO    | holoqpi |   dry_mass_mape_coverage_adjusted    0.9079
16:14:27 | INFO    | holoqpi |   dry_mass_median_relative_bias      0.0129
16:14:27 | INFO    | holoqpi |   dry_mass_n_cells                   413
16:14:27 | INFO    | holoqpi |   dry_mass_n_fields                  113
16:14:27 | INFO    | holoqpi |   dry_mass_relative_bias             0.0346
16:14:27 | INFO    | holoqpi |   false_positive_median_area_um2     360.1503
16:14:27 | INFO    | holoqpi |   forward_distance_um                33.7700
16:14:27 | INFO    | holoqpi |   forward_residual                   0.8997
16:14:27 | INFO    | holoqpi |   forward_residual_n                 113
16:14:27 | INFO    | holoqpi |   forward_residual_ratio             1.0094
16:14:27 | INFO    | holoqpi |   forward_residual_reference         0.8914
16:14:27 | INFO    | holoqpi |   missed_median_area_um2             145.9104
16:14:27 | INFO    | holoqpi |   optical_volume_bootstrap_fields    89
16:14:27 | INFO    | holoqpi |   optical_volume_bootstrap_resamples 2000
16:14:27 | INFO    | holoqpi |   optical_volume_cell_pearson_r      0.9262
16:14:27 | INFO    | holoqpi |   optical_volume_cell_pearson_r_ci_lower 0.9006
16:14:27 | INFO    | holoqpi |   optical_volume_cell_pearson_r_ci_upper 0.9460
16:14:27 | INFO    | holoqpi |   optical_volume_field_total_bias    0.6116
16:14:27 | INFO    | holoqpi |   optical_volume_field_total_mape    0.6116
16:14:27 | INFO    | holoqpi |   optical_volume_field_total_pearson_r 0.8635
16:14:27 | INFO    | holoqpi |   optical_volume_image_pearson_r     0.9207
16:14:27 | INFO    | holoqpi |   optical_volume_loa_lower           -0.3016
16:14:27 | INFO    | holoqpi |   optical_volume_loa_upper           0.3708
16:14:27 | INFO    | holoqpi |   optical_volume_mae                 80.6439
16:14:27 | INFO    | holoqpi |   optical_volume_mape                0.2010
16:14:27 | INFO    | holoqpi |   optical_volume_mape_ci_lower       0.1789
16:14:27 | INFO    | holoqpi |   optical_volume_mape_ci_upper       0.2270
16:14:27 | INFO    | holoqpi |   optical_volume_mape_coverage_adjusted 0.9079
16:14:27 | INFO    | holoqpi |   optical_volume_median_relative_bias 0.0129
16:14:27 | INFO    | holoqpi |   optical_volume_n_cells             413
16:14:27 | INFO    | holoqpi |   optical_volume_n_fields            113
16:14:27 | INFO    | holoqpi |   optical_volume_relative_bias       0.0346
16:14:27 | INFO    | holoqpi |   phase_bias_rad                     0.0037
16:14:27 | INFO    | holoqpi |   phase_bias_rad_background          0.0116
16:14:27 | INFO    | holoqpi |   phase_bias_rad_in_cell             -0.0215
16:14:27 | INFO    | holoqpi |   phase_mae_rad                      0.1813
16:14:27 | INFO    | holoqpi |   phase_mae_rad_background           0.1757
16:14:27 | INFO    | holoqpi |   phase_mae_rad_in_cell              0.1997
16:14:27 | INFO    | holoqpi |   phase_n_images                     113
16:14:27 | INFO    | holoqpi |   phase_pearson_r                    0.8151
16:14:27 | INFO    | holoqpi |   phase_psnr_db                      29.6759
16:14:27 | INFO    | holoqpi |   phase_rmse_rad                     0.2842
16:14:27 | INFO    | holoqpi |   phase_ssim                         0.5999
16:14:27 | INFO    | holoqpi |   seg_aji                            0.2327
16:14:27 | INFO    | holoqpi |   seg_boundary_f1                    0.0601
16:14:27 | INFO    | holoqpi |   seg_dice                           0.5011
16:14:27 | INFO    | holoqpi |   seg_dice_macro                     0.5011
16:14:27 | INFO    | holoqpi |   seg_instance_count_mape            0.7696
16:14:27 | INFO    | holoqpi |   seg_iou                            0.3343
16:14:27 | INFO    | holoqpi |   seg_n_images                       113
