09:09:26 | INFO    | holoqpi.engine.trainer | checkpoint carries a LEARNED propagation distance: 33.4082 um (configured 33.7700 um); scoring at the learned value
09:09:27 | INFO    | holoqpi.models.encoders | loading pretrained mobilenet_v2 from weights/mobilenet_v2-b0353104.pth
09:09:27 | INFO    | holoqpi.models.encoders | loading pretrained mobilenet_v2 from weights/mobilenet_v2-b0353104.pth
09:09:27 | INFO    | holoqpi.models.encoders | encoder=mobilenet_v2 in_channels=1 pretrained=True weights=local (weights) stages=[16, 24, 32, 96, 1280]
09:09:27 | INFO    | holoqpi.models.holonet | HoloQPINet built: 9.61M parameters, 9.61M trainable (100.0%)
09:09:29 | INFO    | holoqpi.engine.trainer | checkpoint best_model.pt: 448/448 tensors matched
09:09:29 | INFO    | holoqpi.data.dataset | test split: 113 samples | modality=off_axis | crop=None | augment=False
09:10:21 | INFO    | holoqpi |   amplitude_bias                     0.0323
09:10:21 | INFO    | holoqpi |   amplitude_bias_in_cell             0.0166
09:10:21 | INFO    | holoqpi |   amplitude_mae                      0.0651
09:10:21 | INFO    | holoqpi |   amplitude_mae_in_cell              0.0898
09:10:21 | INFO    | holoqpi |   amplitude_mae_over_unity           0.4436
09:10:21 | INFO    | holoqpi |   amplitude_n_images                 113
09:10:21 | INFO    | holoqpi |   amplitude_pearson_r                0.9045
09:10:21 | INFO    | holoqpi |   amplitude_pred_mean                1.0308
09:10:21 | INFO    | holoqpi |   amplitude_pred_sd                  0.1200
09:10:21 | INFO    | holoqpi |   amplitude_reference_mean           0.9985
09:10:21 | INFO    | holoqpi |   amplitude_rmse                     0.1002
09:10:21 | INFO    | holoqpi |   amplitude_unity_mae                0.1469
09:10:21 | INFO    | holoqpi |   area_bootstrap_fields              113
09:10:21 | INFO    | holoqpi |   area_bootstrap_resamples           2000
09:10:21 | INFO    | holoqpi |   area_cell_pearson_r                0.8928
09:10:21 | INFO    | holoqpi |   area_cell_pearson_r_ci_lower       0.8760
09:10:21 | INFO    | holoqpi |   area_cell_pearson_r_ci_upper       0.9089
09:10:21 | INFO    | holoqpi |   area_field_total_bias              -0.0990
09:10:21 | INFO    | holoqpi |   area_field_total_mape              0.1643
09:10:21 | INFO    | holoqpi |   area_field_total_pearson_r         0.9274
09:10:21 | INFO    | holoqpi |   area_image_pearson_r               0.8266
09:10:21 | INFO    | holoqpi |   area_loa_lower                     -0.1757
09:10:21 | INFO    | holoqpi |   area_loa_upper                     0.2686
09:10:21 | INFO    | holoqpi |   area_mae                           59.9183
09:10:21 | INFO    | holoqpi |   area_mape                          0.1583
09:10:21 | INFO    | holoqpi |   area_mape_ci_lower                 0.1487
09:10:21 | INFO    | holoqpi |   area_mape_ci_upper                 0.1683
09:10:21 | INFO    | holoqpi |   area_mape_coverage_adjusted        0.5012
09:10:21 | INFO    | holoqpi |   area_median_relative_bias          0.0492
09:10:21 | INFO    | holoqpi |   area_n_cells                       1888
09:10:21 | INFO    | holoqpi |   area_n_fields                      113
09:10:21 | INFO    | holoqpi |   area_relative_bias                 0.0464
09:10:21 | INFO    | holoqpi |   cell_count_ratio                   0.7185
09:10:21 | INFO    | holoqpi |   cells_detected                     2289
09:10:21 | INFO    | holoqpi |   cells_false_positive               401
09:10:21 | INFO    | holoqpi |   cells_matched                      1888
09:10:21 | INFO    | holoqpi |   cells_missed                       1298
09:10:21 | INFO    | holoqpi |   cells_reference                    3186
09:10:21 | INFO    | holoqpi |   circularity_bootstrap_fields       113
09:10:21 | INFO    | holoqpi |   circularity_bootstrap_resamples    2000
09:10:21 | INFO    | holoqpi |   circularity_cell_pearson_r         0.8689
09:10:21 | INFO    | holoqpi |   circularity_cell_pearson_r_ci_lower 0.8479
09:10:21 | INFO    | holoqpi |   circularity_cell_pearson_r_ci_upper 0.8885
09:10:21 | INFO    | holoqpi |   circularity_image_pearson_r        0.9227
09:10:21 | INFO    | holoqpi |   circularity_loa_lower              -0.0617
09:10:21 | INFO    | holoqpi |   circularity_loa_upper              0.0988
09:10:21 | INFO    | holoqpi |   circularity_mae                    0.0434
09:10:21 | INFO    | holoqpi |   circularity_mape                   0.0605
09:10:21 | INFO    | holoqpi |   circularity_mape_ci_lower          0.0535
09:10:21 | INFO    | holoqpi |   circularity_mape_ci_upper          0.0676
09:10:21 | INFO    | holoqpi |   circularity_mape_coverage_adjusted 0.4433
09:10:21 | INFO    | holoqpi |   circularity_median_relative_bias   0.0158
09:10:21 | INFO    | holoqpi |   circularity_n_cells                1888
09:10:21 | INFO    | holoqpi |   circularity_relative_bias          0.0186
09:10:21 | INFO    | holoqpi |   coverage                           0.5926
09:10:21 | INFO    | holoqpi |   detection_f1                       0.6897
09:10:21 | INFO    | holoqpi |   detection_precision                0.8248
09:10:21 | INFO    | holoqpi |   detection_recall                   0.5926
09:10:21 | INFO    | holoqpi |   dry_mass_bootstrap_fields          113
09:10:21 | INFO    | holoqpi |   dry_mass_bootstrap_resamples       2000
09:10:21 | INFO    | holoqpi |   dry_mass_cell_pearson_r            0.9180
09:10:21 | INFO    | holoqpi |   dry_mass_cell_pearson_r_ci_lower   0.9028
09:10:21 | INFO    | holoqpi |   dry_mass_cell_pearson_r_ci_upper   0.9315
09:10:21 | INFO    | holoqpi |   dry_mass_field_total_bias          -0.1351
09:10:21 | INFO    | holoqpi |   dry_mass_field_total_mape          0.1599
09:10:21 | INFO    | holoqpi |   dry_mass_field_total_pearson_r     0.9827
09:10:21 | INFO    | holoqpi |   dry_mass_image_pearson_r           0.9361
09:10:21 | INFO    | holoqpi |   dry_mass_loa_lower                 -0.2270
09:10:21 | INFO    | holoqpi |   dry_mass_loa_upper                 0.2124
09:10:21 | INFO    | holoqpi |   dry_mass_mae                       38.7610
09:10:21 | INFO    | holoqpi |   dry_mass_mape                      0.1920
09:10:21 | INFO    | holoqpi |   dry_mass_mape_ci_lower             0.1797
09:10:21 | INFO    | holoqpi |   dry_mass_mape_ci_upper             0.2052
09:10:21 | INFO    | holoqpi |   dry_mass_mape_coverage_adjusted    0.5212
09:10:21 | INFO    | holoqpi |   dry_mass_median_relative_bias      -0.0141
09:10:21 | INFO    | holoqpi |   dry_mass_n_cells                   1888
09:10:21 | INFO    | holoqpi |   dry_mass_n_fields                  113
09:10:21 | INFO    | holoqpi |   dry_mass_relative_bias             -0.0073
09:10:21 | INFO    | holoqpi |   false_positive_median_area_um2     119.4550
09:10:21 | INFO    | holoqpi |   forward_distance_um                33.4082
09:10:21 | INFO    | holoqpi |   forward_residual                   0.8699
09:10:21 | INFO    | holoqpi |   forward_residual_n                 113
09:10:21 | INFO    | holoqpi |   forward_residual_ratio             1.0068
09:10:21 | INFO    | holoqpi |   forward_residual_reference         0.8640
09:10:21 | INFO    | holoqpi |   missed_median_area_um2             99.7758
09:10:21 | INFO    | holoqpi |   optical_volume_bootstrap_fields    113
09:10:21 | INFO    | holoqpi |   optical_volume_bootstrap_resamples 2000
09:10:21 | INFO    | holoqpi |   optical_volume_cell_pearson_r      0.9180
09:10:21 | INFO    | holoqpi |   optical_volume_cell_pearson_r_ci_lower 0.9028
09:10:21 | INFO    | holoqpi |   optical_volume_cell_pearson_r_ci_upper 0.9315
09:10:21 | INFO    | holoqpi |   optical_volume_field_total_bias    -0.1351
09:10:21 | INFO    | holoqpi |   optical_volume_field_total_mape    0.1599
09:10:21 | INFO    | holoqpi |   optical_volume_field_total_pearson_r 0.9827
09:10:21 | INFO    | holoqpi |   optical_volume_image_pearson_r     0.9361
09:10:21 | INFO    | holoqpi |   optical_volume_loa_lower           -0.2270
09:10:21 | INFO    | holoqpi |   optical_volume_loa_upper           0.2124
09:10:21 | INFO    | holoqpi |   optical_volume_mae                 73.1360
09:10:21 | INFO    | holoqpi |   optical_volume_mape                0.1920
09:10:21 | INFO    | holoqpi |   optical_volume_mape_ci_lower       0.1797
09:10:21 | INFO    | holoqpi |   optical_volume_mape_ci_upper       0.2052
09:10:21 | INFO    | holoqpi |   optical_volume_mape_coverage_adjusted 0.5212
09:10:21 | INFO    | holoqpi |   optical_volume_median_relative_bias -0.0141
09:10:21 | INFO    | holoqpi |   optical_volume_n_cells             1888
09:10:21 | INFO    | holoqpi |   optical_volume_n_fields            113
09:10:21 | INFO    | holoqpi |   optical_volume_relative_bias       -0.0073
09:10:21 | INFO    | holoqpi |   phase_bias_rad                     0.0043
09:10:21 | INFO    | holoqpi |   phase_bias_rad_background          0.0346
09:10:21 | INFO    | holoqpi |   phase_bias_rad_in_cell             -0.1861
09:10:21 | INFO    | holoqpi |   phase_mae_rad                      0.1636
09:10:21 | INFO    | holoqpi |   phase_mae_rad_background           0.1456
09:10:21 | INFO    | holoqpi |   phase_mae_rad_in_cell              0.2886
09:10:21 | INFO    | holoqpi |   phase_n_images                     113
09:10:21 | INFO    | holoqpi |   phase_pearson_r                    0.8638
09:10:21 | INFO    | holoqpi |   phase_psnr_db                      30.8382
09:10:21 | INFO    | holoqpi |   phase_rmse_rad                     0.2529
09:10:21 | INFO    | holoqpi |   phase_ssim                         0.6254
09:10:21 | INFO    | holoqpi |   seg_aji                            0.6626
09:10:21 | INFO    | holoqpi |   seg_boundary_f1                    0.4565
09:10:21 | INFO    | holoqpi |   seg_dice                           0.8290
09:10:21 | INFO    | holoqpi |   seg_dice_macro                     0.8290
09:10:21 | INFO    | holoqpi |   seg_instance_count_mape            0.3128
09:10:21 | INFO    | holoqpi |   seg_iou                            0.7079
09:10:21 | INFO    | holoqpi |   seg_n_images                       113
