19:00:59 | INFO    | holoqpi.models.encoders | loading pretrained mobilenet_v2 from weights/mobilenet_v2-b0353104.pth
19:00:59 | INFO    | holoqpi.models.encoders | loading pretrained mobilenet_v2 from weights/mobilenet_v2-b0353104.pth
19:00:59 | INFO    | holoqpi.models.encoders | encoder=mobilenet_v2 in_channels=1 pretrained=True weights=local (weights) stages=[16, 24, 32, 96, 1280]
19:00:59 | INFO    | holoqpi.models.holonet | HoloQPINet built: 3.36M parameters, 3.36M trainable (100.0%)
19:01:00 | INFO    | holoqpi.engine.trainer | checkpoint best_model.pt: 446/446 tensors matched
19:01:00 | INFO    | holoqpi.data.dataset | test split: 113 samples | modality=off_axis | crop=None | augment=False
19:01:49 | INFO    | holoqpi | labels from membrane_mask -> metrics_test_membrane.json
19:01:49 | INFO    | holoqpi |   area_bootstrap_fields              91
19:01:49 | INFO    | holoqpi |   area_bootstrap_resamples           2000
19:01:49 | INFO    | holoqpi |   area_cell_pearson_r                0.8051
19:01:49 | INFO    | holoqpi |   area_cell_pearson_r_ci_lower       0.7493
19:01:49 | INFO    | holoqpi |   area_cell_pearson_r_ci_upper       0.8501
19:01:49 | INFO    | holoqpi |   area_field_total_bias              -0.4453
19:01:49 | INFO    | holoqpi |   area_field_total_mape              0.4605
19:01:49 | INFO    | holoqpi |   area_field_total_pearson_r         0.2587
19:01:49 | INFO    | holoqpi |   area_image_pearson_r               0.7755
19:01:49 | INFO    | holoqpi |   area_loa_lower                     -0.7414
19:01:49 | INFO    | holoqpi |   area_loa_upper                     0.0392
19:01:49 | INFO    | holoqpi |   area_mae                           230.8340
19:01:49 | INFO    | holoqpi |   area_mape                          0.3111
19:01:49 | INFO    | holoqpi |   area_mape_ci_lower                 0.2970
19:01:49 | INFO    | holoqpi |   area_mape_ci_upper                 0.3251
19:01:49 | INFO    | holoqpi |   area_mape_coverage_adjusted        0.9197
19:01:49 | INFO    | holoqpi |   area_median_relative_bias          -0.3800
19:01:49 | INFO    | holoqpi |   area_n_cells                       418
19:01:49 | INFO    | holoqpi |   area_n_fields                      113
19:01:49 | INFO    | holoqpi |   area_relative_bias                 -0.3511
19:01:49 | INFO    | holoqpi |   cell_count_ratio                   0.6585
19:01:49 | INFO    | holoqpi |   cells_detected                     2360
19:01:49 | INFO    | holoqpi |   cells_false_positive               1942
19:01:49 | INFO    | holoqpi |   cells_matched                      418
19:01:49 | INFO    | holoqpi |   cells_missed                       3166
19:01:49 | INFO    | holoqpi |   cells_reference                    3584
19:01:49 | INFO    | holoqpi |   circularity_bootstrap_fields       91
19:01:49 | INFO    | holoqpi |   circularity_bootstrap_resamples    2000
19:01:49 | INFO    | holoqpi |   circularity_cell_pearson_r         0.3666
19:01:49 | INFO    | holoqpi |   circularity_cell_pearson_r_ci_lower 0.2229
19:01:49 | INFO    | holoqpi |   circularity_cell_pearson_r_ci_upper 0.4663
19:01:49 | INFO    | holoqpi |   circularity_image_pearson_r        0.1959
19:01:49 | INFO    | holoqpi |   circularity_loa_lower              -0.0262
19:01:49 | INFO    | holoqpi |   circularity_loa_upper              0.7252
19:01:49 | INFO    | holoqpi |   circularity_mae                    0.2544
19:01:49 | INFO    | holoqpi |   circularity_mape                   0.4986
19:01:49 | INFO    | holoqpi |   circularity_mape_ci_lower          0.4381
19:01:49 | INFO    | holoqpi |   circularity_mape_ci_upper          0.5621
19:01:49 | INFO    | holoqpi |   circularity_mape_coverage_adjusted 0.9415
19:01:49 | INFO    | holoqpi |   circularity_median_relative_bias   0.3500
19:01:49 | INFO    | holoqpi |   circularity_n_cells                418
19:01:49 | INFO    | holoqpi |   circularity_relative_bias          0.3495
19:01:49 | INFO    | holoqpi |   coverage                           0.1166
19:01:49 | INFO    | holoqpi |   detection_f1                       0.1406
19:01:49 | INFO    | holoqpi |   detection_precision                0.1771
19:01:49 | INFO    | holoqpi |   detection_recall                   0.1166
19:01:49 | INFO    | holoqpi |   dry_mass_bootstrap_fields          91
19:01:49 | INFO    | holoqpi |   dry_mass_bootstrap_resamples       2000
19:01:49 | INFO    | holoqpi |   dry_mass_cell_pearson_r            0.9338
19:01:49 | INFO    | holoqpi |   dry_mass_cell_pearson_r_ci_lower   0.9122
19:01:49 | INFO    | holoqpi |   dry_mass_cell_pearson_r_ci_upper   0.9494
19:01:49 | INFO    | holoqpi |   dry_mass_field_total_bias          0.5686
19:01:49 | INFO    | holoqpi |   dry_mass_field_total_mape          0.5686
19:01:49 | INFO    | holoqpi |   dry_mass_field_total_pearson_r     0.8709
19:01:49 | INFO    | holoqpi |   dry_mass_image_pearson_r           0.9422
19:01:49 | INFO    | holoqpi |   dry_mass_loa_lower                 -0.2385
19:01:49 | INFO    | holoqpi |   dry_mass_loa_upper                 0.2950
19:01:49 | INFO    | holoqpi |   dry_mass_mae                       39.9374
19:01:49 | INFO    | holoqpi |   dry_mass_mape                      0.1913
19:01:49 | INFO    | holoqpi |   dry_mass_mape_ci_lower             0.1592
19:01:49 | INFO    | holoqpi |   dry_mass_mape_ci_upper             0.2396
19:01:49 | INFO    | holoqpi |   dry_mass_mape_coverage_adjusted    0.9057
19:01:49 | INFO    | holoqpi |   dry_mass_median_relative_bias      0.0271
19:01:49 | INFO    | holoqpi |   dry_mass_n_cells                   418
19:01:49 | INFO    | holoqpi |   dry_mass_n_fields                  113
19:01:49 | INFO    | holoqpi |   dry_mass_relative_bias             0.0283
19:01:49 | INFO    | holoqpi |   false_positive_median_area_um2     365.1411
19:01:49 | INFO    | holoqpi |   forward_distance_um                33.7700
19:01:49 | INFO    | holoqpi |   forward_residual                   0.8967
19:01:49 | INFO    | holoqpi |   forward_residual_n                 113
19:01:49 | INFO    | holoqpi |   forward_residual_ratio             1.0060
19:01:49 | INFO    | holoqpi |   forward_residual_reference         0.8914
19:01:49 | INFO    | holoqpi |   missed_median_area_um2             145.4235
19:01:49 | INFO    | holoqpi |   optical_volume_bootstrap_fields    91
19:01:49 | INFO    | holoqpi |   optical_volume_bootstrap_resamples 2000
19:01:49 | INFO    | holoqpi |   optical_volume_cell_pearson_r      0.9338
19:01:49 | INFO    | holoqpi |   optical_volume_cell_pearson_r_ci_lower 0.9122
19:01:49 | INFO    | holoqpi |   optical_volume_cell_pearson_r_ci_upper 0.9494
19:01:49 | INFO    | holoqpi |   optical_volume_field_total_bias    0.5686
19:01:49 | INFO    | holoqpi |   optical_volume_field_total_mape    0.5686
19:01:49 | INFO    | holoqpi |   optical_volume_field_total_pearson_r 0.8709
19:01:49 | INFO    | holoqpi |   optical_volume_image_pearson_r     0.9422
19:01:49 | INFO    | holoqpi |   optical_volume_loa_lower           -0.2385
19:01:49 | INFO    | holoqpi |   optical_volume_loa_upper           0.2950
19:01:49 | INFO    | holoqpi |   optical_volume_mae                 75.3556
19:01:49 | INFO    | holoqpi |   optical_volume_mape                0.1913
19:01:49 | INFO    | holoqpi |   optical_volume_mape_ci_lower       0.1592
19:01:49 | INFO    | holoqpi |   optical_volume_mape_ci_upper       0.2396
19:01:49 | INFO    | holoqpi |   optical_volume_mape_coverage_adjusted 0.9057
19:01:49 | INFO    | holoqpi |   optical_volume_median_relative_bias 0.0271
19:01:49 | INFO    | holoqpi |   optical_volume_n_cells             418
19:01:49 | INFO    | holoqpi |   optical_volume_n_fields            113
19:01:49 | INFO    | holoqpi |   optical_volume_relative_bias       0.0283
19:01:49 | INFO    | holoqpi |   phase_bias_rad                     0.0049
19:01:49 | INFO    | holoqpi |   phase_bias_rad_background          0.0118
19:01:49 | INFO    | holoqpi |   phase_bias_rad_in_cell             -0.0171
19:01:49 | INFO    | holoqpi |   phase_mae_rad                      0.1652
19:01:49 | INFO    | holoqpi |   phase_mae_rad_background           0.1651
19:01:49 | INFO    | holoqpi |   phase_mae_rad_in_cell              0.1658
19:01:49 | INFO    | holoqpi |   phase_n_images                     113
19:01:49 | INFO    | holoqpi |   phase_pearson_r                    0.8644
19:01:49 | INFO    | holoqpi |   phase_psnr_db                      30.8199
19:01:49 | INFO    | holoqpi |   phase_rmse_rad                     0.2520
19:01:49 | INFO    | holoqpi |   phase_ssim                         0.6205
19:01:49 | INFO    | holoqpi |   seg_aji                            0.2381
19:01:49 | INFO    | holoqpi |   seg_boundary_f1                    0.0663
19:01:49 | INFO    | holoqpi |   seg_dice                           0.5085
19:01:49 | INFO    | holoqpi |   seg_dice_macro                     0.5085
19:01:49 | INFO    | holoqpi |   seg_instance_count_mape            0.5303
19:01:49 | INFO    | holoqpi |   seg_iou                            0.3410
19:01:49 | INFO    | holoqpi |   seg_n_images                       113
