16:12:32 | INFO    | holoqpi.models.encoders | loading pretrained mobilenet_v2 from weights/mobilenet_v2-b0353104.pth
16:12:32 | INFO    | holoqpi.models.encoders | loading pretrained mobilenet_v2 from weights/mobilenet_v2-b0353104.pth
16:12:32 | INFO    | holoqpi.models.encoders | encoder=mobilenet_v2 in_channels=1 pretrained=True weights=local (weights) stages=[16, 24, 32, 96, 1280]
16:12:32 | INFO    | holoqpi.models.holonet | HoloQPINet built: 9.60M parameters, 9.60M trainable (100.0%)
16:12:34 | INFO    | holoqpi.engine.trainer | checkpoint best_model.pt: 440/440 tensors matched
16:12:34 | INFO    | holoqpi.data.dataset | test split: 113 samples | modality=off_axis | crop=None | augment=False
16:13:25 | INFO    | holoqpi |   area_bootstrap_fields              113
16:13:25 | INFO    | holoqpi |   area_bootstrap_resamples           2000
16:13:25 | INFO    | holoqpi |   area_cell_pearson_r                0.8898
16:13:25 | INFO    | holoqpi |   area_cell_pearson_r_ci_lower       0.8717
16:13:25 | INFO    | holoqpi |   area_cell_pearson_r_ci_upper       0.9067
16:13:25 | INFO    | holoqpi |   area_field_total_bias              -0.0547
16:13:25 | INFO    | holoqpi |   area_field_total_mape              0.1478
16:13:25 | INFO    | holoqpi |   area_field_total_pearson_r         0.9266
16:13:25 | INFO    | holoqpi |   area_image_pearson_r               0.8008
16:13:25 | INFO    | holoqpi |   area_loa_lower                     -0.1486
16:13:25 | INFO    | holoqpi |   area_loa_upper                     0.3002
16:13:25 | INFO    | holoqpi |   area_mae                           63.1424
16:13:25 | INFO    | holoqpi |   area_mape                          0.1729
16:13:25 | INFO    | holoqpi |   area_mape_ci_lower                 0.1634
16:13:25 | INFO    | holoqpi |   area_mape_ci_upper                 0.1831
16:13:25 | INFO    | holoqpi |   area_mape_coverage_adjusted        0.5057
16:13:25 | INFO    | holoqpi |   area_median_relative_bias          0.0861
16:13:25 | INFO    | holoqpi |   area_n_cells                       1904
16:13:25 | INFO    | holoqpi |   area_n_fields                      113
16:13:25 | INFO    | holoqpi |   area_relative_bias                 0.0758
16:13:25 | INFO    | holoqpi |   cell_count_ratio                   0.7608
16:13:25 | INFO    | holoqpi |   cells_detected                     2424
16:13:25 | INFO    | holoqpi |   cells_false_positive               520
16:13:25 | INFO    | holoqpi |   cells_matched                      1904
16:13:25 | INFO    | holoqpi |   cells_missed                       1282
16:13:25 | INFO    | holoqpi |   cells_reference                    3186
16:13:25 | INFO    | holoqpi |   circularity_bootstrap_fields       113
16:13:25 | INFO    | holoqpi |   circularity_bootstrap_resamples    2000
16:13:25 | INFO    | holoqpi |   circularity_cell_pearson_r         0.8410
16:13:25 | INFO    | holoqpi |   circularity_cell_pearson_r_ci_lower 0.8170
16:13:25 | INFO    | holoqpi |   circularity_cell_pearson_r_ci_upper 0.8638
16:13:25 | INFO    | holoqpi |   circularity_image_pearson_r        0.8934
16:13:25 | INFO    | holoqpi |   circularity_loa_lower              -0.0816
16:13:25 | INFO    | holoqpi |   circularity_loa_upper              0.1003
16:13:25 | INFO    | holoqpi |   circularity_mae                    0.0487
16:13:25 | INFO    | holoqpi |   circularity_mape                   0.0677
16:13:25 | INFO    | holoqpi |   circularity_mape_ci_lower          0.0605
16:13:25 | INFO    | holoqpi |   circularity_mape_ci_upper          0.0749
16:13:25 | INFO    | holoqpi |   circularity_mape_coverage_adjusted 0.4428
16:13:25 | INFO    | holoqpi |   circularity_median_relative_bias   0.0068
16:13:25 | INFO    | holoqpi |   circularity_n_cells                1904
16:13:25 | INFO    | holoqpi |   circularity_relative_bias          0.0093
16:13:25 | INFO    | holoqpi |   coverage                           0.5976
16:13:25 | INFO    | holoqpi |   detection_f1                       0.6788
16:13:25 | INFO    | holoqpi |   detection_precision                0.7855
16:13:25 | INFO    | holoqpi |   detection_recall                   0.5976
16:13:25 | INFO    | holoqpi |   dry_mass_bootstrap_fields          113
16:13:25 | INFO    | holoqpi |   dry_mass_bootstrap_resamples       2000
16:13:25 | INFO    | holoqpi |   dry_mass_cell_pearson_r            0.9202
16:13:25 | INFO    | holoqpi |   dry_mass_cell_pearson_r_ci_lower   0.9056
16:13:25 | INFO    | holoqpi |   dry_mass_cell_pearson_r_ci_upper   0.9329
16:13:25 | INFO    | holoqpi |   dry_mass_field_total_bias          -0.1181
16:13:25 | INFO    | holoqpi |   dry_mass_field_total_mape          0.1316
16:13:25 | INFO    | holoqpi |   dry_mass_field_total_pearson_r     0.9894
16:13:25 | INFO    | holoqpi |   dry_mass_image_pearson_r           0.9443
16:13:25 | INFO    | holoqpi |   dry_mass_loa_lower                 -0.1978
16:13:25 | INFO    | holoqpi |   dry_mass_loa_upper                 0.2007
16:13:25 | INFO    | holoqpi |   dry_mass_mae                       38.4387
16:13:25 | INFO    | holoqpi |   dry_mass_mape                      0.1963
16:13:25 | INFO    | holoqpi |   dry_mass_mape_ci_lower             0.1847
16:13:25 | INFO    | holoqpi |   dry_mass_mape_ci_upper             0.2076
16:13:25 | INFO    | holoqpi |   dry_mass_mape_coverage_adjusted    0.5197
16:13:25 | INFO    | holoqpi |   dry_mass_median_relative_bias      -0.0022
16:13:25 | INFO    | holoqpi |   dry_mass_n_cells                   1904
16:13:25 | INFO    | holoqpi |   dry_mass_n_fields                  113
16:13:25 | INFO    | holoqpi |   dry_mass_relative_bias             0.0014
16:13:25 | INFO    | holoqpi |   false_positive_median_area_um2     93.2025
16:13:25 | INFO    | holoqpi |   forward_distance_um                33.7700
16:13:25 | INFO    | holoqpi |   forward_residual                   0.8997
16:13:25 | INFO    | holoqpi |   forward_residual_n                 113
16:13:25 | INFO    | holoqpi |   forward_residual_ratio             1.0094
16:13:25 | INFO    | holoqpi |   forward_residual_reference         0.8914
16:13:25 | INFO    | holoqpi |   missed_median_area_um2             99.1671
16:13:25 | INFO    | holoqpi |   optical_volume_bootstrap_fields    113
16:13:25 | INFO    | holoqpi |   optical_volume_bootstrap_resamples 2000
16:13:25 | INFO    | holoqpi |   optical_volume_cell_pearson_r      0.9202
16:13:25 | INFO    | holoqpi |   optical_volume_cell_pearson_r_ci_lower 0.9056
16:13:25 | INFO    | holoqpi |   optical_volume_cell_pearson_r_ci_upper 0.9329
16:13:25 | INFO    | holoqpi |   optical_volume_field_total_bias    -0.1181
16:13:25 | INFO    | holoqpi |   optical_volume_field_total_mape    0.1316
16:13:25 | INFO    | holoqpi |   optical_volume_field_total_pearson_r 0.9894
16:13:25 | INFO    | holoqpi |   optical_volume_image_pearson_r     0.9443
16:13:25 | INFO    | holoqpi |   optical_volume_loa_lower           -0.1978
16:13:25 | INFO    | holoqpi |   optical_volume_loa_upper           0.2007
16:13:25 | INFO    | holoqpi |   optical_volume_mae                 72.5278
16:13:25 | INFO    | holoqpi |   optical_volume_mape                0.1963
16:13:25 | INFO    | holoqpi |   optical_volume_mape_ci_lower       0.1847
16:13:25 | INFO    | holoqpi |   optical_volume_mape_ci_upper       0.2076
16:13:25 | INFO    | holoqpi |   optical_volume_mape_coverage_adjusted 0.5197
16:13:25 | INFO    | holoqpi |   optical_volume_median_relative_bias -0.0022
16:13:25 | INFO    | holoqpi |   optical_volume_n_cells             1904
16:13:25 | INFO    | holoqpi |   optical_volume_n_fields            113
16:13:25 | INFO    | holoqpi |   optical_volume_relative_bias       0.0014
16:13:25 | INFO    | holoqpi |   phase_bias_rad                     0.0037
16:13:25 | INFO    | holoqpi |   phase_bias_rad_background          0.0358
16:13:25 | INFO    | holoqpi |   phase_bias_rad_in_cell             -0.1967
16:13:25 | INFO    | holoqpi |   phase_mae_rad                      0.1813
16:13:25 | INFO    | holoqpi |   phase_mae_rad_background           0.1590
16:13:25 | INFO    | holoqpi |   phase_mae_rad_in_cell              0.3346
16:13:25 | INFO    | holoqpi |   phase_n_images                     113
16:13:25 | INFO    | holoqpi |   phase_pearson_r                    0.8151
16:13:25 | INFO    | holoqpi |   phase_psnr_db                      29.6759
16:13:25 | INFO    | holoqpi |   phase_rmse_rad                     0.2842
16:13:25 | INFO    | holoqpi |   phase_ssim                         0.5999
16:13:25 | INFO    | holoqpi |   seg_aji                            0.6396
16:13:25 | INFO    | holoqpi |   seg_boundary_f1                    0.4278
16:13:25 | INFO    | holoqpi |   seg_dice                           0.8164
16:13:25 | INFO    | holoqpi |   seg_dice_macro                     0.8164
16:13:25 | INFO    | holoqpi |   seg_instance_count_mape            1.7770
16:13:25 | INFO    | holoqpi |   seg_iou                            0.6898
16:13:25 | INFO    | holoqpi |   seg_n_images                       113
