14:44:51 | INFO    | holoqpi.models.encoders | loading pretrained mobilenet_v2 from weights/mobilenet_v2-b0353104.pth
14:44:51 | INFO    | holoqpi.models.encoders | loading pretrained mobilenet_v2 from weights/mobilenet_v2-b0353104.pth
14:44:51 | INFO    | holoqpi.models.encoders | encoder=mobilenet_v2 in_channels=1 pretrained=True weights=local (weights) stages=[16, 24, 32, 96, 1280]
14:44:51 | INFO    | holoqpi.models.holonet | HoloQPINet built: 9.60M parameters, 9.60M trainable (100.0%)
14:44:52 | INFO    | holoqpi.engine.trainer | checkpoint best_model.pt: 440/440 tensors matched
14:44:52 | INFO    | holoqpi.data.dataset | test split: 113 samples | modality=off_axis | crop=None | augment=False
14:45:46 | INFO    | holoqpi | labels from membrane_mask -> metrics_test_membrane.json
14:45:46 | INFO    | holoqpi |   area_bootstrap_fields              90
14:45:46 | INFO    | holoqpi |   area_bootstrap_resamples           2000
14:45:46 | INFO    | holoqpi |   area_cell_pearson_r                0.8193
14:45:46 | INFO    | holoqpi |   area_cell_pearson_r_ci_lower       0.7674
14:45:46 | INFO    | holoqpi |   area_cell_pearson_r_ci_upper       0.8621
14:45:46 | INFO    | holoqpi |   area_field_total_bias              -0.4530
14:45:46 | INFO    | holoqpi |   area_field_total_mape              0.4687
14:45:46 | INFO    | holoqpi |   area_field_total_pearson_r         0.2595
14:45:46 | INFO    | holoqpi |   area_image_pearson_r               0.7683
14:45:46 | INFO    | holoqpi |   area_loa_lower                     -0.7251
14:45:46 | INFO    | holoqpi |   area_loa_upper                     0.0309
14:45:46 | INFO    | holoqpi |   area_mae                           231.2790
14:45:46 | INFO    | holoqpi |   area_mape                          0.3108
14:45:46 | INFO    | holoqpi |   area_mape_ci_lower                 0.2963
14:45:46 | INFO    | holoqpi |   area_mape_ci_upper                 0.3259
14:45:46 | INFO    | holoqpi |   area_mape_coverage_adjusted        0.9206
14:45:46 | INFO    | holoqpi |   area_median_relative_bias          -0.3709
14:45:46 | INFO    | holoqpi |   area_n_cells                       413
14:45:46 | INFO    | holoqpi |   area_n_fields                      113
14:45:46 | INFO    | holoqpi |   area_relative_bias                 -0.3471
14:45:46 | INFO    | holoqpi |   cell_count_ratio                   0.6490
14:45:46 | INFO    | holoqpi |   cells_detected                     2326
14:45:46 | INFO    | holoqpi |   cells_false_positive               1913
14:45:46 | INFO    | holoqpi |   cells_matched                      413
14:45:46 | INFO    | holoqpi |   cells_missed                       3171
14:45:46 | INFO    | holoqpi |   cells_reference                    3584
14:45:46 | INFO    | holoqpi |   circularity_bootstrap_fields       90
14:45:46 | INFO    | holoqpi |   circularity_bootstrap_resamples    2000
14:45:46 | INFO    | holoqpi |   circularity_cell_pearson_r         0.3938
14:45:46 | INFO    | holoqpi |   circularity_cell_pearson_r_ci_lower 0.2615
14:45:46 | INFO    | holoqpi |   circularity_cell_pearson_r_ci_upper 0.4891
14:45:46 | INFO    | holoqpi |   circularity_image_pearson_r        0.1526
14:45:46 | INFO    | holoqpi |   circularity_loa_lower              -0.0603
14:45:46 | INFO    | holoqpi |   circularity_loa_upper              0.7401
14:45:46 | INFO    | holoqpi |   circularity_mae                    0.2469
14:45:46 | INFO    | holoqpi |   circularity_mape                   0.4882
14:45:46 | INFO    | holoqpi |   circularity_mape_ci_lower          0.4247
14:45:46 | INFO    | holoqpi |   circularity_mape_ci_upper          0.5526
14:45:46 | INFO    | holoqpi |   circularity_mape_coverage_adjusted 0.9410
14:45:46 | INFO    | holoqpi |   circularity_median_relative_bias   0.3473
14:45:46 | INFO    | holoqpi |   circularity_n_cells                413
14:45:46 | INFO    | holoqpi |   circularity_relative_bias          0.3399
14:45:46 | INFO    | holoqpi |   coverage                           0.1152
14:45:46 | INFO    | holoqpi |   detection_f1                       0.1398
14:45:46 | INFO    | holoqpi |   detection_precision                0.1776
14:45:46 | INFO    | holoqpi |   detection_recall                   0.1152
14:45:46 | INFO    | holoqpi |   dry_mass_bootstrap_fields          90
14:45:46 | INFO    | holoqpi |   dry_mass_bootstrap_resamples       2000
14:45:46 | INFO    | holoqpi |   dry_mass_cell_pearson_r            0.9422
14:45:46 | INFO    | holoqpi |   dry_mass_cell_pearson_r_ci_lower   0.9218
14:45:46 | INFO    | holoqpi |   dry_mass_cell_pearson_r_ci_upper   0.9581
14:45:46 | INFO    | holoqpi |   dry_mass_field_total_bias          0.5501
14:45:46 | INFO    | holoqpi |   dry_mass_field_total_mape          0.5508
14:45:46 | INFO    | holoqpi |   dry_mass_field_total_pearson_r     0.8714
14:45:46 | INFO    | holoqpi |   dry_mass_image_pearson_r           0.9431
14:45:46 | INFO    | holoqpi |   dry_mass_loa_lower                 -0.2713
14:45:46 | INFO    | holoqpi |   dry_mass_loa_upper                 0.3154
14:45:46 | INFO    | holoqpi |   dry_mass_mae                       38.4157
14:45:46 | INFO    | holoqpi |   dry_mass_mape                      0.1736
14:45:46 | INFO    | holoqpi |   dry_mass_mape_ci_lower             0.1561
14:45:46 | INFO    | holoqpi |   dry_mass_mape_ci_upper             0.1946
14:45:46 | INFO    | holoqpi |   dry_mass_mape_coverage_adjusted    0.9048
14:45:46 | INFO    | holoqpi |   dry_mass_median_relative_bias      0.0074
14:45:46 | INFO    | holoqpi |   dry_mass_n_cells                   413
14:45:46 | INFO    | holoqpi |   dry_mass_n_fields                  113
14:45:46 | INFO    | holoqpi |   dry_mass_relative_bias             0.0221
14:45:46 | INFO    | holoqpi |   false_positive_median_area_um2     363.9644
14:45:46 | INFO    | holoqpi |   forward_distance_um                33.7700
14:45:46 | INFO    | holoqpi |   forward_residual                   0.8971
14:45:46 | INFO    | holoqpi |   forward_residual_n                 113
14:45:46 | INFO    | holoqpi |   forward_residual_ratio             1.0065
14:45:46 | INFO    | holoqpi |   forward_residual_reference         0.8914
14:45:46 | INFO    | holoqpi |   missed_median_area_um2             145.9915
14:45:46 | INFO    | holoqpi |   optical_volume_bootstrap_fields    90
14:45:46 | INFO    | holoqpi |   optical_volume_bootstrap_resamples 2000
14:45:46 | INFO    | holoqpi |   optical_volume_cell_pearson_r      0.9422
14:45:46 | INFO    | holoqpi |   optical_volume_cell_pearson_r_ci_lower 0.9218
14:45:46 | INFO    | holoqpi |   optical_volume_cell_pearson_r_ci_upper 0.9581
14:45:46 | INFO    | holoqpi |   optical_volume_field_total_bias    0.5501
14:45:46 | INFO    | holoqpi |   optical_volume_field_total_mape    0.5508
14:45:46 | INFO    | holoqpi |   optical_volume_field_total_pearson_r 0.8714
14:45:46 | INFO    | holoqpi |   optical_volume_image_pearson_r     0.9431
14:45:46 | INFO    | holoqpi |   optical_volume_loa_lower           -0.2713
14:45:46 | INFO    | holoqpi |   optical_volume_loa_upper           0.3154
14:45:46 | INFO    | holoqpi |   optical_volume_mae                 72.4844
14:45:46 | INFO    | holoqpi |   optical_volume_mape                0.1736
14:45:46 | INFO    | holoqpi |   optical_volume_mape_ci_lower       0.1561
14:45:46 | INFO    | holoqpi |   optical_volume_mape_ci_upper       0.1946
14:45:46 | INFO    | holoqpi |   optical_volume_mape_coverage_adjusted 0.9048
14:45:46 | INFO    | holoqpi |   optical_volume_median_relative_bias 0.0074
14:45:46 | INFO    | holoqpi |   optical_volume_n_cells             413
14:45:46 | INFO    | holoqpi |   optical_volume_n_fields            113
14:45:46 | INFO    | holoqpi |   optical_volume_relative_bias       0.0221
14:45:46 | INFO    | holoqpi |   phase_bias_rad                     0.0001
14:45:46 | INFO    | holoqpi |   phase_bias_rad_background          0.0059
14:45:46 | INFO    | holoqpi |   phase_bias_rad_in_cell             -0.0186
14:45:46 | INFO    | holoqpi |   phase_mae_rad                      0.1648
14:45:46 | INFO    | holoqpi |   phase_mae_rad_background           0.1645
14:45:46 | INFO    | holoqpi |   phase_mae_rad_in_cell              0.1656
14:45:46 | INFO    | holoqpi |   phase_n_images                     113
14:45:46 | INFO    | holoqpi |   phase_pearson_r                    0.8639
14:45:46 | INFO    | holoqpi |   phase_psnr_db                      30.8226
14:45:46 | INFO    | holoqpi |   phase_rmse_rad                     0.2519
14:45:46 | INFO    | holoqpi |   phase_ssim                         0.6234
14:45:46 | INFO    | holoqpi |   seg_aji                            0.2366
14:45:46 | INFO    | holoqpi |   seg_boundary_f1                    0.0660
14:45:46 | INFO    | holoqpi |   seg_dice                           0.5062
14:45:46 | INFO    | holoqpi |   seg_dice_macro                     0.5062
14:45:46 | INFO    | holoqpi |   seg_instance_count_mape            0.4994
14:45:46 | INFO    | holoqpi |   seg_iou                            0.3389
14:45:46 | INFO    | holoqpi |   seg_n_images                       113
