14:43:51 | INFO    | holoqpi.models.encoders | loading pretrained mobilenet_v2 from weights/mobilenet_v2-b0353104.pth
14:43:52 | INFO    | holoqpi.models.encoders | loading pretrained mobilenet_v2 from weights/mobilenet_v2-b0353104.pth
14:43:52 | INFO    | holoqpi.models.encoders | encoder=mobilenet_v2 in_channels=1 pretrained=True weights=local (weights) stages=[16, 24, 32, 96, 1280]
14:43:52 | INFO    | holoqpi.models.holonet | HoloQPINet built: 9.60M parameters, 9.60M trainable (100.0%)
14:43:53 | INFO    | holoqpi.engine.trainer | checkpoint best_model.pt: 440/440 tensors matched
14:43:53 | INFO    | holoqpi.data.dataset | test split: 113 samples | modality=off_axis | crop=None | augment=False
14:44:45 | INFO    | holoqpi |   area_bootstrap_fields              113
14:44:45 | INFO    | holoqpi |   area_bootstrap_resamples           2000
14:44:45 | INFO    | holoqpi |   area_cell_pearson_r                0.8957
14:44:45 | INFO    | holoqpi |   area_cell_pearson_r_ci_lower       0.8799
14:44:45 | INFO    | holoqpi |   area_cell_pearson_r_ci_upper       0.9103
14:44:45 | INFO    | holoqpi |   area_field_total_bias              -0.0775
14:44:45 | INFO    | holoqpi |   area_field_total_mape              0.1523
14:44:45 | INFO    | holoqpi |   area_field_total_pearson_r         0.9343
14:44:45 | INFO    | holoqpi |   area_image_pearson_r               0.8456
14:44:45 | INFO    | holoqpi |   area_loa_lower                     -0.1362
14:44:45 | INFO    | holoqpi |   area_loa_upper                     0.2840
14:44:45 | INFO    | holoqpi |   area_mae                           60.5223
14:44:45 | INFO    | holoqpi |   area_mape                          0.1640
14:44:45 | INFO    | holoqpi |   area_mape_ci_lower                 0.1548
14:44:45 | INFO    | holoqpi |   area_mape_ci_upper                 0.1743
14:44:45 | INFO    | holoqpi |   area_mape_coverage_adjusted        0.5004
14:44:45 | INFO    | holoqpi |   area_median_relative_bias          0.0701
14:44:45 | INFO    | holoqpi |   area_n_cells                       1904
14:44:45 | INFO    | holoqpi |   area_n_fields                      113
14:44:45 | INFO    | holoqpi |   area_relative_bias                 0.0739
14:44:45 | INFO    | holoqpi |   cell_count_ratio                   0.7301
14:44:45 | INFO    | holoqpi |   cells_detected                     2326
14:44:45 | INFO    | holoqpi |   cells_false_positive               422
14:44:45 | INFO    | holoqpi |   cells_matched                      1904
14:44:45 | INFO    | holoqpi |   cells_missed                       1282
14:44:45 | INFO    | holoqpi |   cells_reference                    3186
14:44:45 | INFO    | holoqpi |   circularity_bootstrap_fields       113
14:44:45 | INFO    | holoqpi |   circularity_bootstrap_resamples    2000
14:44:45 | INFO    | holoqpi |   circularity_cell_pearson_r         0.8836
14:44:45 | INFO    | holoqpi |   circularity_cell_pearson_r_ci_lower 0.8661
14:44:45 | INFO    | holoqpi |   circularity_cell_pearson_r_ci_upper 0.8995
14:44:45 | INFO    | holoqpi |   circularity_image_pearson_r        0.9294
14:44:45 | INFO    | holoqpi |   circularity_loa_lower              -0.0696
14:44:45 | INFO    | holoqpi |   circularity_loa_upper              0.0862
14:44:45 | INFO    | holoqpi |   circularity_mae                    0.0414
14:44:45 | INFO    | holoqpi |   circularity_mape                   0.0574
14:44:45 | INFO    | holoqpi |   circularity_mape_ci_lower          0.0514
14:44:45 | INFO    | holoqpi |   circularity_mape_ci_upper          0.0635
14:44:45 | INFO    | holoqpi |   circularity_mape_coverage_adjusted 0.4367
14:44:45 | INFO    | holoqpi |   circularity_median_relative_bias   0.0103
14:44:45 | INFO    | holoqpi |   circularity_n_cells                1904
14:44:45 | INFO    | holoqpi |   circularity_relative_bias          0.0083
14:44:45 | INFO    | holoqpi |   coverage                           0.5976
14:44:45 | INFO    | holoqpi |   detection_f1                       0.6909
14:44:45 | INFO    | holoqpi |   detection_precision                0.8186
14:44:45 | INFO    | holoqpi |   detection_recall                   0.5976
14:44:45 | INFO    | holoqpi |   dry_mass_bootstrap_fields          113
14:44:45 | INFO    | holoqpi |   dry_mass_bootstrap_resamples       2000
14:44:45 | INFO    | holoqpi |   dry_mass_cell_pearson_r            0.9305
14:44:45 | INFO    | holoqpi |   dry_mass_cell_pearson_r_ci_lower   0.9156
14:44:45 | INFO    | holoqpi |   dry_mass_cell_pearson_r_ci_upper   0.9430
14:44:45 | INFO    | holoqpi |   dry_mass_field_total_bias          -0.1506
14:44:45 | INFO    | holoqpi |   dry_mass_field_total_mape          0.1691
14:44:45 | INFO    | holoqpi |   dry_mass_field_total_pearson_r     0.9858
14:44:45 | INFO    | holoqpi |   dry_mass_image_pearson_r           0.9369
14:44:45 | INFO    | holoqpi |   dry_mass_loa_lower                 -0.2542
14:44:45 | INFO    | holoqpi |   dry_mass_loa_upper                 0.1932
14:44:45 | INFO    | holoqpi |   dry_mass_mae                       37.4446
14:44:45 | INFO    | holoqpi |   dry_mass_mape                      0.1872
14:44:45 | INFO    | holoqpi |   dry_mass_mape_ci_lower             0.1752
14:44:45 | INFO    | holoqpi |   dry_mass_mape_ci_upper             0.1991
14:44:45 | INFO    | holoqpi |   dry_mass_mape_coverage_adjusted    0.5143
14:44:45 | INFO    | holoqpi |   dry_mass_median_relative_bias      -0.0341
14:44:45 | INFO    | holoqpi |   dry_mass_n_cells                   1904
14:44:45 | INFO    | holoqpi |   dry_mass_n_fields                  113
14:44:45 | INFO    | holoqpi |   dry_mass_relative_bias             -0.0305
14:44:45 | INFO    | holoqpi |   false_positive_median_area_um2     113.6527
14:44:45 | INFO    | holoqpi |   forward_distance_um                33.7700
14:44:45 | INFO    | holoqpi |   forward_residual                   0.8971
14:44:45 | INFO    | holoqpi |   forward_residual_n                 113
14:44:45 | INFO    | holoqpi |   forward_residual_ratio             1.0065
14:44:45 | INFO    | holoqpi |   forward_residual_reference         0.8914
14:44:45 | INFO    | holoqpi |   missed_median_area_um2             98.8425
14:44:45 | INFO    | holoqpi |   optical_volume_bootstrap_fields    113
14:44:45 | INFO    | holoqpi |   optical_volume_bootstrap_resamples 2000
14:44:45 | INFO    | holoqpi |   optical_volume_cell_pearson_r      0.9305
14:44:45 | INFO    | holoqpi |   optical_volume_cell_pearson_r_ci_lower 0.9156
14:44:45 | INFO    | holoqpi |   optical_volume_cell_pearson_r_ci_upper 0.9430
14:44:45 | INFO    | holoqpi |   optical_volume_field_total_bias    -0.1506
14:44:45 | INFO    | holoqpi |   optical_volume_field_total_mape    0.1691
14:44:45 | INFO    | holoqpi |   optical_volume_field_total_pearson_r 0.9858
14:44:45 | INFO    | holoqpi |   optical_volume_image_pearson_r     0.9369
14:44:45 | INFO    | holoqpi |   optical_volume_loa_lower           -0.2542
14:44:45 | INFO    | holoqpi |   optical_volume_loa_upper           0.1932
14:44:45 | INFO    | holoqpi |   optical_volume_mae                 70.6520
14:44:45 | INFO    | holoqpi |   optical_volume_mape                0.1872
14:44:45 | INFO    | holoqpi |   optical_volume_mape_ci_lower       0.1752
14:44:45 | INFO    | holoqpi |   optical_volume_mape_ci_upper       0.1991
14:44:45 | INFO    | holoqpi |   optical_volume_mape_coverage_adjusted 0.5143
14:44:45 | INFO    | holoqpi |   optical_volume_median_relative_bias -0.0341
14:44:45 | INFO    | holoqpi |   optical_volume_n_cells             1904
14:44:45 | INFO    | holoqpi |   optical_volume_n_fields            113
14:44:45 | INFO    | holoqpi |   optical_volume_relative_bias       -0.0305
14:44:45 | INFO    | holoqpi |   phase_bias_rad                     0.0001
14:44:45 | INFO    | holoqpi |   phase_bias_rad_background          0.0329
14:44:45 | INFO    | holoqpi |   phase_bias_rad_in_cell             -0.2058
14:44:45 | INFO    | holoqpi |   phase_mae_rad                      0.1648
14:44:45 | INFO    | holoqpi |   phase_mae_rad_background           0.1467
14:44:45 | INFO    | holoqpi |   phase_mae_rad_in_cell              0.2899
14:44:45 | INFO    | holoqpi |   phase_n_images                     113
14:44:45 | INFO    | holoqpi |   phase_pearson_r                    0.8639
14:44:45 | INFO    | holoqpi |   phase_psnr_db                      30.8226
14:44:45 | INFO    | holoqpi |   phase_rmse_rad                     0.2519
14:44:45 | INFO    | holoqpi |   phase_ssim                         0.6234
14:44:45 | INFO    | holoqpi |   seg_aji                            0.6620
14:44:45 | INFO    | holoqpi |   seg_boundary_f1                    0.4572
14:44:45 | INFO    | holoqpi |   seg_dice                           0.8311
14:44:45 | INFO    | holoqpi |   seg_dice_macro                     0.8311
14:44:45 | INFO    | holoqpi |   seg_instance_count_mape            0.2908
14:44:45 | INFO    | holoqpi |   seg_iou                            0.7110
14:44:45 | INFO    | holoqpi |   seg_n_images                       113
