14:45:50 | INFO    | holoqpi | training v2_ipp_w30 on off_axis (device=cuda)
14:45:50 | INFO    | holoqpi.data.dataset | train split: 560 samples | modality=off_axis | crop=512 | augment=True
14:45:50 | INFO    | holoqpi.data.dataset | val split: 127 samples | modality=off_axis | crop=None | augment=False
14:45:51 | INFO    | holoqpi.models.encoders | loading pretrained mobilenet_v2 from weights/mobilenet_v2-b0353104.pth
14:45:51 | INFO    | holoqpi.models.encoders | loading pretrained mobilenet_v2 from weights/mobilenet_v2-b0353104.pth
14:45:51 | INFO    | holoqpi.models.encoders | encoder=mobilenet_v2 in_channels=1 pretrained=True weights=local (weights) stages=[16, 24, 32, 96, 1280]
14:45:51 | INFO    | holoqpi.models.holonet | HoloQPINet built: 9.60M parameters, 9.60M trainable (100.0%)
14:45:53 | INFO    | holoqpi.engine.trainer | trainable 9.60M / 9.60M parameters (100.0%)
14:45:53 | INFO    | holoqpi.engine.trainer | objective: cell_integrated_phase=3  phase=1  segmentation=1
14:45:53 | INFO    | holoqpi.engine.trainer | active physics terms: ['cell_integrated_phase']
14:46:00 | INFO    | holoqpi.engine.trainer |   epoch 1 step 0/140 loss=5.4357
14:46:03 | INFO    | holoqpi.engine.trainer |   epoch 1 step 20/140 loss=4.4140
14:46:07 | INFO    | holoqpi.engine.trainer |   epoch 1 step 40/140 loss=3.7659
14:46:11 | INFO    | holoqpi.engine.trainer |   epoch 1 step 60/140 loss=3.3308
14:46:15 | INFO    | holoqpi.engine.trainer |   epoch 1 step 80/140 loss=2.8685
14:46:20 | INFO    | holoqpi.engine.trainer |   epoch 1 step 100/140 loss=2.8041
14:46:24 | INFO    | holoqpi.engine.trainer |   epoch 1 step 120/140 loss=2.4268
14:47:27 | INFO    | holoqpi.engine.trainer |   new best composite=0.5221
14:47:27 | INFO    | holoqpi.engine.trainer | epoch 1/60 (94s = 35s train + 59s val) | train_loss=3.3186  val_phase_mae=0.5001  val_dice=0.5189  val_cls_acc=nan  val_mass_mape=0.2692
14:47:27 | INFO    | holoqpi.engine.trainer |   at this rate the full 60-epoch schedule takes about 94 min
14:47:28 | INFO    | holoqpi.engine.trainer |   epoch 2 step 0/140 loss=2.3448
14:47:32 | INFO    | holoqpi.engine.trainer |   epoch 2 step 20/140 loss=2.0872
14:47:36 | INFO    | holoqpi.engine.trainer |   epoch 2 step 40/140 loss=2.6370
14:47:40 | INFO    | holoqpi.engine.trainer |   epoch 2 step 60/140 loss=1.9570
14:47:44 | INFO    | holoqpi.engine.trainer |   epoch 2 step 80/140 loss=1.9066
14:47:49 | INFO    | holoqpi.engine.trainer |   epoch 2 step 100/140 loss=1.9190
14:47:53 | INFO    | holoqpi.engine.trainer |   epoch 2 step 120/140 loss=2.3384
14:48:52 | INFO    | holoqpi.engine.trainer |   new best composite=0.5973
14:48:52 | INFO    | holoqpi.engine.trainer | epoch 2/60 (85s = 30s train + 55s val) | train_loss=2.0757  val_phase_mae=0.2921  val_dice=0.6579  val_cls_acc=nan  val_mass_mape=0.3886
14:48:53 | INFO    | holoqpi.engine.trainer |   epoch 3 step 0/140 loss=1.6660
14:48:58 | INFO    | holoqpi.engine.trainer |   epoch 3 step 20/140 loss=1.5023
14:49:03 | INFO    | holoqpi.engine.trainer |   epoch 3 step 40/140 loss=1.4839
14:49:08 | INFO    | holoqpi.engine.trainer |   epoch 3 step 60/140 loss=1.8056
14:49:12 | INFO    | holoqpi.engine.trainer |   epoch 3 step 80/140 loss=1.4404
14:49:16 | INFO    | holoqpi.engine.trainer |   epoch 3 step 100/140 loss=1.4877
14:49:20 | INFO    | holoqpi.engine.trainer |   epoch 3 step 120/140 loss=1.3975
14:50:18 | INFO    | holoqpi.engine.trainer |   new best composite=0.6750
14:50:18 | INFO    | holoqpi.engine.trainer | epoch 3/60 (86s = 32s train + 54s val) | train_loss=1.6655  val_phase_mae=0.2449  val_dice=0.6993  val_cls_acc=nan  val_mass_mape=0.2648
14:50:19 | INFO    | holoqpi.engine.trainer |   epoch 4 step 0/140 loss=1.7314
14:50:24 | INFO    | holoqpi.engine.trainer |   epoch 4 step 20/140 loss=1.3264
14:50:29 | INFO    | holoqpi.engine.trainer |   epoch 4 step 40/140 loss=1.5292
14:50:34 | INFO    | holoqpi.engine.trainer |   epoch 4 step 60/140 loss=1.4603
14:50:38 | INFO    | holoqpi.engine.trainer |   epoch 4 step 80/140 loss=1.5569
14:50:43 | INFO    | holoqpi.engine.trainer |   epoch 4 step 100/140 loss=2.2055
14:50:47 | INFO    | holoqpi.engine.trainer |   epoch 4 step 120/140 loss=2.1970
14:51:46 | INFO    | holoqpi.engine.trainer | epoch 4/60 (88s = 33s train + 56s val) | train_loss=1.4815  val_phase_mae=0.2608  val_dice=0.6858  val_cls_acc=nan  val_mass_mape=0.3884
14:51:47 | INFO    | holoqpi.engine.trainer |   epoch 5 step 0/140 loss=2.1141
14:51:52 | INFO    | holoqpi.engine.trainer |   epoch 5 step 20/140 loss=1.1952
14:51:57 | INFO    | holoqpi.engine.trainer |   epoch 5 step 40/140 loss=1.5197
14:52:02 | INFO    | holoqpi.engine.trainer |   epoch 5 step 60/140 loss=1.4011
14:52:07 | INFO    | holoqpi.engine.trainer |   epoch 5 step 80/140 loss=1.2902
14:52:11 | INFO    | holoqpi.engine.trainer |   epoch 5 step 100/140 loss=1.7964
14:52:15 | INFO    | holoqpi.engine.trainer |   epoch 5 step 120/140 loss=1.1738
14:53:13 | INFO    | holoqpi.engine.trainer |   new best composite=0.7147
14:53:13 | INFO    | holoqpi.engine.trainer | epoch 5/60 (86s = 33s train + 53s val) | train_loss=1.4453  val_phase_mae=0.2208  val_dice=0.7457  val_cls_acc=nan  val_mass_mape=0.2509
14:53:14 | INFO    | holoqpi.engine.trainer |   epoch 6 step 0/140 loss=1.1364
14:53:18 | INFO    | holoqpi.engine.trainer |   epoch 6 step 20/140 loss=1.8398
14:53:23 | INFO    | holoqpi.engine.trainer |   epoch 6 step 40/140 loss=1.1773
14:53:28 | INFO    | holoqpi.engine.trainer |   epoch 6 step 60/140 loss=0.9197
14:53:33 | INFO    | holoqpi.engine.trainer |   epoch 6 step 80/140 loss=1.3396
14:53:38 | INFO    | holoqpi.engine.trainer |   epoch 6 step 100/140 loss=1.0838
14:53:42 | INFO    | holoqpi.engine.trainer |   epoch 6 step 120/140 loss=1.9284
14:54:40 | INFO    | holoqpi.engine.trainer | epoch 6/60 (88s = 33s train + 54s val) | train_loss=1.3884  val_phase_mae=0.2167  val_dice=0.7314  val_cls_acc=nan  val_mass_mape=0.3306
14:54:41 | INFO    | holoqpi.engine.trainer |   epoch 7 step 0/140 loss=1.6778
14:54:46 | INFO    | holoqpi.engine.trainer |   epoch 7 step 20/140 loss=1.2983
14:54:51 | INFO    | holoqpi.engine.trainer |   epoch 7 step 40/140 loss=0.9197
14:54:56 | INFO    | holoqpi.engine.trainer |   epoch 7 step 60/140 loss=1.1578
14:55:01 | INFO    | holoqpi.engine.trainer |   epoch 7 step 80/140 loss=1.3289
14:55:05 | INFO    | holoqpi.engine.trainer |   epoch 7 step 100/140 loss=1.5797
14:55:09 | INFO    | holoqpi.engine.trainer |   epoch 7 step 120/140 loss=1.2364
14:56:08 | INFO    | holoqpi.engine.trainer |   new best composite=0.7260
14:56:08 | INFO    | holoqpi.engine.trainer | epoch 7/60 (87s = 33s train + 54s val) | train_loss=1.3060  val_phase_mae=0.2082  val_dice=0.7547  val_cls_acc=nan  val_mass_mape=0.2694
14:56:09 | INFO    | holoqpi.engine.trainer |   epoch 8 step 0/140 loss=1.4256
14:56:13 | INFO    | holoqpi.engine.trainer |   epoch 8 step 20/140 loss=1.1931
14:56:18 | INFO    | holoqpi.engine.trainer |   epoch 8 step 40/140 loss=1.1291
14:56:23 | INFO    | holoqpi.engine.trainer |   epoch 8 step 60/140 loss=1.4287
14:56:28 | INFO    | holoqpi.engine.trainer |   epoch 8 step 80/140 loss=1.6752
14:56:32 | INFO    | holoqpi.engine.trainer |   epoch 8 step 100/140 loss=1.6337
14:56:37 | INFO    | holoqpi.engine.trainer |   epoch 8 step 120/140 loss=1.1848
14:57:35 | INFO    | holoqpi.engine.trainer | epoch 8/60 (87s = 33s train + 54s val) | train_loss=1.3084  val_phase_mae=0.2086  val_dice=0.7510  val_cls_acc=nan  val_mass_mape=0.2392
14:57:36 | INFO    | holoqpi.engine.trainer |   epoch 9 step 0/140 loss=1.1939
14:57:40 | INFO    | holoqpi.engine.trainer |   epoch 9 step 20/140 loss=1.4550
14:57:45 | INFO    | holoqpi.engine.trainer |   epoch 9 step 40/140 loss=1.1917
14:57:50 | INFO    | holoqpi.engine.trainer |   epoch 9 step 60/140 loss=1.3130
14:57:55 | INFO    | holoqpi.engine.trainer |   epoch 9 step 80/140 loss=1.0930
14:57:59 | INFO    | holoqpi.engine.trainer |   epoch 9 step 100/140 loss=0.9178
14:58:04 | INFO    | holoqpi.engine.trainer |   epoch 9 step 120/140 loss=1.3559
14:59:01 | INFO    | holoqpi.engine.trainer | epoch 9/60 (87s = 33s train + 54s val) | train_loss=1.3178  val_phase_mae=0.2123  val_dice=0.7603  val_cls_acc=nan  val_mass_mape=0.2642
14:59:02 | INFO    | holoqpi.engine.trainer |   epoch 10 step 0/140 loss=1.0612
14:59:07 | INFO    | holoqpi.engine.trainer |   epoch 10 step 20/140 loss=1.2394
14:59:12 | INFO    | holoqpi.engine.trainer |   epoch 10 step 40/140 loss=1.0245
14:59:17 | INFO    | holoqpi.engine.trainer |   epoch 10 step 60/140 loss=0.9796
14:59:22 | INFO    | holoqpi.engine.trainer |   epoch 10 step 80/140 loss=0.9515
14:59:27 | INFO    | holoqpi.engine.trainer |   epoch 10 step 100/140 loss=2.0738
14:59:31 | INFO    | holoqpi.engine.trainer |   epoch 10 step 120/140 loss=1.0201
15:00:29 | INFO    | holoqpi.engine.trainer | epoch 10/60 (87s = 34s train + 54s val) | train_loss=1.2656  val_phase_mae=0.2263  val_dice=0.7545  val_cls_acc=nan  val_mass_mape=0.2959
15:00:30 | INFO    | holoqpi.engine.trainer |   epoch 11 step 0/140 loss=1.0141
15:00:35 | INFO    | holoqpi.engine.trainer |   epoch 11 step 20/140 loss=1.0599
15:00:40 | INFO    | holoqpi.engine.trainer |   epoch 11 step 40/140 loss=1.2669
15:00:45 | INFO    | holoqpi.engine.trainer |   epoch 11 step 60/140 loss=1.1220
15:00:50 | INFO    | holoqpi.engine.trainer |   epoch 11 step 80/140 loss=1.1277
15:00:54 | INFO    | holoqpi.engine.trainer |   epoch 11 step 100/140 loss=1.0620
15:00:58 | INFO    | holoqpi.engine.trainer |   epoch 11 step 120/140 loss=1.4828
15:01:57 | INFO    | holoqpi.engine.trainer | epoch 11/60 (88s = 34s train + 54s val) | train_loss=1.1780  val_phase_mae=0.2391  val_dice=0.7475  val_cls_acc=nan  val_mass_mape=0.2478
15:01:58 | INFO    | holoqpi.engine.trainer |   epoch 12 step 0/140 loss=1.5731
15:02:02 | INFO    | holoqpi.engine.trainer |   epoch 12 step 20/140 loss=1.2291
15:02:07 | INFO    | holoqpi.engine.trainer |   epoch 12 step 40/140 loss=0.8969
15:02:12 | INFO    | holoqpi.engine.trainer |   epoch 12 step 60/140 loss=0.8900
15:02:17 | INFO    | holoqpi.engine.trainer |   epoch 12 step 80/140 loss=1.1812
15:02:22 | INFO    | holoqpi.engine.trainer |   epoch 12 step 100/140 loss=1.1663
15:02:26 | INFO    | holoqpi.engine.trainer |   epoch 12 step 120/140 loss=1.0494
15:03:24 | INFO    | holoqpi.engine.trainer |   new best composite=0.7592
15:03:24 | INFO    | holoqpi.engine.trainer | epoch 12/60 (87s = 33s train + 54s val) | train_loss=1.1495  val_phase_mae=0.1990  val_dice=0.7894  val_cls_acc=nan  val_mass_mape=0.2245
15:03:25 | INFO    | holoqpi.engine.trainer |   epoch 13 step 0/140 loss=1.0353
15:03:29 | INFO    | holoqpi.engine.trainer |   epoch 13 step 20/140 loss=0.9577
15:03:34 | INFO    | holoqpi.engine.trainer |   epoch 13 step 40/140 loss=1.4800
15:03:39 | INFO    | holoqpi.engine.trainer |   epoch 13 step 60/140 loss=1.1979
15:03:44 | INFO    | holoqpi.engine.trainer |   epoch 13 step 80/140 loss=1.3814
15:03:49 | INFO    | holoqpi.engine.trainer |   epoch 13 step 100/140 loss=1.8418
15:03:53 | INFO    | holoqpi.engine.trainer |   epoch 13 step 120/140 loss=0.8617
15:04:51 | INFO    | holoqpi.engine.trainer | epoch 13/60 (88s = 33s train + 54s val) | train_loss=1.1941  val_phase_mae=0.2281  val_dice=0.7564  val_cls_acc=nan  val_mass_mape=0.2771
15:04:52 | INFO    | holoqpi.engine.trainer |   epoch 14 step 0/140 loss=0.8824
15:04:57 | INFO    | holoqpi.engine.trainer |   epoch 14 step 20/140 loss=1.4245
15:05:02 | INFO    | holoqpi.engine.trainer |   epoch 14 step 40/140 loss=0.9565
15:05:07 | INFO    | holoqpi.engine.trainer |   epoch 14 step 60/140 loss=1.5729
15:05:12 | INFO    | holoqpi.engine.trainer |   epoch 14 step 80/140 loss=1.0676
15:05:16 | INFO    | holoqpi.engine.trainer |   epoch 14 step 100/140 loss=1.1041
15:05:20 | INFO    | holoqpi.engine.trainer |   epoch 14 step 120/140 loss=0.9765
15:06:19 | INFO    | holoqpi.engine.trainer | epoch 14/60 (88s = 33s train + 55s val) | train_loss=1.1763  val_phase_mae=0.2150  val_dice=0.7511  val_cls_acc=nan  val_mass_mape=0.2332
15:06:20 | INFO    | holoqpi.engine.trainer |   epoch 15 step 0/140 loss=2.3109
15:06:25 | INFO    | holoqpi.engine.trainer |   epoch 15 step 20/140 loss=0.9160
15:06:30 | INFO    | holoqpi.engine.trainer |   epoch 15 step 40/140 loss=0.7925
15:06:35 | INFO    | holoqpi.engine.trainer |   epoch 15 step 60/140 loss=0.9852
15:06:40 | INFO    | holoqpi.engine.trainer |   epoch 15 step 80/140 loss=1.4101
15:06:44 | INFO    | holoqpi.engine.trainer |   epoch 15 step 100/140 loss=1.1305
15:06:49 | INFO    | holoqpi.engine.trainer |   epoch 15 step 120/140 loss=1.3891
15:07:46 | INFO    | holoqpi.engine.trainer | epoch 15/60 (87s = 34s train + 53s val) | train_loss=1.1378  val_phase_mae=0.2103  val_dice=0.7800  val_cls_acc=nan  val_mass_mape=0.2819
15:07:47 | INFO    | holoqpi.engine.trainer |   epoch 16 step 0/140 loss=1.2293
15:07:52 | INFO    | holoqpi.engine.trainer |   epoch 16 step 20/140 loss=1.4087
15:07:57 | INFO    | holoqpi.engine.trainer |   epoch 16 step 40/140 loss=0.8333
15:08:02 | INFO    | holoqpi.engine.trainer |   epoch 16 step 60/140 loss=1.2038
15:08:07 | INFO    | holoqpi.engine.trainer |   epoch 16 step 80/140 loss=1.2874
15:08:12 | INFO    | holoqpi.engine.trainer |   epoch 16 step 100/140 loss=1.2008
15:08:16 | INFO    | holoqpi.engine.trainer |   epoch 16 step 120/140 loss=1.3694
15:09:13 | INFO    | holoqpi.engine.trainer | epoch 16/60 (87s = 34s train + 53s val) | train_loss=1.1011  val_phase_mae=0.2047  val_dice=0.7855  val_cls_acc=nan  val_mass_mape=0.2576
15:09:14 | INFO    | holoqpi.engine.trainer |   epoch 17 step 0/140 loss=1.5104
15:09:19 | INFO    | holoqpi.engine.trainer |   epoch 17 step 20/140 loss=1.0551
15:09:24 | INFO    | holoqpi.engine.trainer |   epoch 17 step 40/140 loss=0.9589
15:09:29 | INFO    | holoqpi.engine.trainer |   epoch 17 step 60/140 loss=1.1237
15:09:34 | INFO    | holoqpi.engine.trainer |   epoch 17 step 80/140 loss=0.9378
15:09:39 | INFO    | holoqpi.engine.trainer |   epoch 17 step 100/140 loss=1.0959
15:09:43 | INFO    | holoqpi.engine.trainer |   epoch 17 step 120/140 loss=0.6732
15:10:41 | INFO    | holoqpi.engine.trainer | epoch 17/60 (88s = 34s train + 53s val) | train_loss=1.0871  val_phase_mae=0.2029  val_dice=0.7842  val_cls_acc=nan  val_mass_mape=0.2951
15:10:42 | INFO    | holoqpi.engine.trainer |   epoch 18 step 0/140 loss=0.9551
15:10:46 | INFO    | holoqpi.engine.trainer |   epoch 18 step 20/140 loss=1.1148
15:10:51 | INFO    | holoqpi.engine.trainer |   epoch 18 step 40/140 loss=1.2890
15:10:56 | INFO    | holoqpi.engine.trainer |   epoch 18 step 60/140 loss=1.0126
15:11:01 | INFO    | holoqpi.engine.trainer |   epoch 18 step 80/140 loss=0.9448
15:11:06 | INFO    | holoqpi.engine.trainer |   epoch 18 step 100/140 loss=0.8712
15:11:11 | INFO    | holoqpi.engine.trainer |   epoch 18 step 120/140 loss=1.3702
15:12:09 | INFO    | holoqpi.engine.trainer | epoch 18/60 (88s = 34s train + 54s val) | train_loss=1.1034  val_phase_mae=0.2067  val_dice=0.7729  val_cls_acc=nan  val_mass_mape=0.2522
15:12:10 | INFO    | holoqpi.engine.trainer |   epoch 19 step 0/140 loss=0.8371
15:12:14 | INFO    | holoqpi.engine.trainer |   epoch 19 step 20/140 loss=1.0492
15:12:19 | INFO    | holoqpi.engine.trainer |   epoch 19 step 40/140 loss=1.8085
15:12:25 | INFO    | holoqpi.engine.trainer |   epoch 19 step 60/140 loss=0.8501
15:12:30 | INFO    | holoqpi.engine.trainer |   epoch 19 step 80/140 loss=0.8409
15:12:35 | INFO    | holoqpi.engine.trainer |   epoch 19 step 100/140 loss=1.5269
15:12:39 | INFO    | holoqpi.engine.trainer |   epoch 19 step 120/140 loss=0.9284
15:13:36 | INFO    | holoqpi.engine.trainer | epoch 19/60 (88s = 35s train + 53s val) | train_loss=1.1283  val_phase_mae=0.2024  val_dice=0.7824  val_cls_acc=nan  val_mass_mape=0.2145
15:13:37 | INFO    | holoqpi.engine.trainer |   epoch 20 step 0/140 loss=0.8768
15:13:42 | INFO    | holoqpi.engine.trainer |   epoch 20 step 20/140 loss=0.7616
15:13:47 | INFO    | holoqpi.engine.trainer |   epoch 20 step 40/140 loss=1.0214
15:13:52 | INFO    | holoqpi.engine.trainer |   epoch 20 step 60/140 loss=1.1586
15:13:57 | INFO    | holoqpi.engine.trainer |   epoch 20 step 80/140 loss=1.1008
15:14:02 | INFO    | holoqpi.engine.trainer |   epoch 20 step 100/140 loss=0.7714
15:14:07 | INFO    | holoqpi.engine.trainer |   epoch 20 step 120/140 loss=0.8966
15:15:03 | INFO    | holoqpi.engine.trainer | epoch 20/60 (87s = 35s train + 53s val) | train_loss=1.0949  val_phase_mae=0.2086  val_dice=0.7872  val_cls_acc=nan  val_mass_mape=0.2474
15:15:04 | INFO    | holoqpi.engine.trainer |   epoch 21 step 0/140 loss=0.8964
15:15:09 | INFO    | holoqpi.engine.trainer |   epoch 21 step 20/140 loss=1.3497
15:15:14 | INFO    | holoqpi.engine.trainer |   epoch 21 step 40/140 loss=0.9677
15:15:19 | INFO    | holoqpi.engine.trainer |   epoch 21 step 60/140 loss=0.9046
15:15:24 | INFO    | holoqpi.engine.trainer |   epoch 21 step 80/140 loss=0.7296
15:15:29 | INFO    | holoqpi.engine.trainer |   epoch 21 step 100/140 loss=0.9501
15:15:34 | INFO    | holoqpi.engine.trainer |   epoch 21 step 120/140 loss=0.8349
15:16:31 | INFO    | holoqpi.engine.trainer | epoch 21/60 (88s = 35s train + 53s val) | train_loss=1.0768  val_phase_mae=0.2125  val_dice=0.7926  val_cls_acc=nan  val_mass_mape=0.2361
15:16:32 | INFO    | holoqpi.engine.trainer |   epoch 22 step 0/140 loss=0.9682
15:16:37 | INFO    | holoqpi.engine.trainer |   epoch 22 step 20/140 loss=1.1657
15:16:42 | INFO    | holoqpi.engine.trainer |   epoch 22 step 40/140 loss=0.7575
15:16:47 | INFO    | holoqpi.engine.trainer |   epoch 22 step 60/140 loss=0.8465
15:16:52 | INFO    | holoqpi.engine.trainer |   epoch 22 step 80/140 loss=0.7995
15:16:57 | INFO    | holoqpi.engine.trainer |   epoch 22 step 100/140 loss=1.3830
15:17:02 | INFO    | holoqpi.engine.trainer |   epoch 22 step 120/140 loss=0.8785
15:18:00 | INFO    | holoqpi.engine.trainer | epoch 22/60 (89s = 35s train + 54s val) | train_loss=1.0726  val_phase_mae=0.2074  val_dice=0.7787  val_cls_acc=nan  val_mass_mape=0.2401
15:18:01 | INFO    | holoqpi.engine.trainer |   epoch 23 step 0/140 loss=0.7817
15:18:05 | INFO    | holoqpi.engine.trainer |   epoch 23 step 20/140 loss=1.0444
15:18:10 | INFO    | holoqpi.engine.trainer |   epoch 23 step 40/140 loss=1.0759
15:18:15 | INFO    | holoqpi.engine.trainer |   epoch 23 step 60/140 loss=1.1511
15:18:21 | INFO    | holoqpi.engine.trainer |   epoch 23 step 80/140 loss=1.0556
15:18:26 | INFO    | holoqpi.engine.trainer |   epoch 23 step 100/140 loss=0.8747
15:18:31 | INFO    | holoqpi.engine.trainer |   epoch 23 step 120/140 loss=0.8984
15:19:28 | INFO    | holoqpi.engine.trainer |   new best composite=0.7647
15:19:28 | INFO    | holoqpi.engine.trainer | epoch 23/60 (88s = 35s train + 53s val) | train_loss=1.0287  val_phase_mae=0.1997  val_dice=0.7998  val_cls_acc=nan  val_mass_mape=0.2347
15:19:29 | INFO    | holoqpi.engine.trainer |   epoch 24 step 0/140 loss=0.9077
15:19:33 | INFO    | holoqpi.engine.trainer |   epoch 24 step 20/140 loss=1.2380
15:19:38 | INFO    | holoqpi.engine.trainer |   epoch 24 step 40/140 loss=1.1693
15:19:43 | INFO    | holoqpi.engine.trainer |   epoch 24 step 60/140 loss=1.2370
15:19:49 | INFO    | holoqpi.engine.trainer |   epoch 24 step 80/140 loss=0.8482
15:19:54 | INFO    | holoqpi.engine.trainer |   epoch 24 step 100/140 loss=0.7454
15:19:59 | INFO    | holoqpi.engine.trainer |   epoch 24 step 120/140 loss=0.7453
15:20:56 | INFO    | holoqpi.engine.trainer | epoch 24/60 (88s = 35s train + 53s val) | train_loss=1.0746  val_phase_mae=0.2215  val_dice=0.7853  val_cls_acc=nan  val_mass_mape=0.2648
15:20:57 | INFO    | holoqpi.engine.trainer |   epoch 25 step 0/140 loss=0.9218
15:21:02 | INFO    | holoqpi.engine.trainer |   epoch 25 step 20/140 loss=1.2524
15:21:07 | INFO    | holoqpi.engine.trainer |   epoch 25 step 40/140 loss=0.6635
15:21:12 | INFO    | holoqpi.engine.trainer |   epoch 25 step 60/140 loss=1.5700
15:21:17 | INFO    | holoqpi.engine.trainer |   epoch 25 step 80/140 loss=1.5191
15:21:22 | INFO    | holoqpi.engine.trainer |   epoch 25 step 100/140 loss=0.9422
15:21:27 | INFO    | holoqpi.engine.trainer |   epoch 25 step 120/140 loss=1.1956
15:22:25 | INFO    | holoqpi.engine.trainer | epoch 25/60 (88s = 35s train + 54s val) | train_loss=1.0418  val_phase_mae=0.2161  val_dice=0.7898  val_cls_acc=nan  val_mass_mape=0.2173
15:22:26 | INFO    | holoqpi.engine.trainer |   epoch 26 step 0/140 loss=0.7759
15:22:30 | INFO    | holoqpi.engine.trainer |   epoch 26 step 20/140 loss=0.9231
15:22:35 | INFO    | holoqpi.engine.trainer |   epoch 26 step 40/140 loss=0.8649
15:22:41 | INFO    | holoqpi.engine.trainer |   epoch 26 step 60/140 loss=0.8725
15:22:46 | INFO    | holoqpi.engine.trainer |   epoch 26 step 80/140 loss=1.2201
15:22:51 | INFO    | holoqpi.engine.trainer |   epoch 26 step 100/140 loss=1.2492
15:22:56 | INFO    | holoqpi.engine.trainer |   epoch 26 step 120/140 loss=0.8651
15:23:54 | INFO    | holoqpi.engine.trainer | epoch 26/60 (90s = 35s train + 55s val) | train_loss=1.0198  val_phase_mae=0.2318  val_dice=0.7607  val_cls_acc=nan  val_mass_mape=0.3255
15:23:55 | INFO    | holoqpi.engine.trainer |   epoch 27 step 0/140 loss=0.8845
15:24:00 | INFO    | holoqpi.engine.trainer |   epoch 27 step 20/140 loss=1.4875
15:24:05 | INFO    | holoqpi.engine.trainer |   epoch 27 step 40/140 loss=1.1538
15:24:10 | INFO    | holoqpi.engine.trainer |   epoch 27 step 60/140 loss=0.9862
15:24:15 | INFO    | holoqpi.engine.trainer |   epoch 27 step 80/140 loss=1.0497
15:24:20 | INFO    | holoqpi.engine.trainer |   epoch 27 step 100/140 loss=0.8160
15:24:25 | INFO    | holoqpi.engine.trainer |   epoch 27 step 120/140 loss=1.8570
15:25:23 | INFO    | holoqpi.engine.trainer | epoch 27/60 (88s = 34s train + 54s val) | train_loss=1.0321  val_phase_mae=0.2504  val_dice=0.7861  val_cls_acc=nan  val_mass_mape=0.2644
15:25:24 | INFO    | holoqpi.engine.trainer |   epoch 28 step 0/140 loss=1.2707
15:25:28 | INFO    | holoqpi.engine.trainer |   epoch 28 step 20/140 loss=1.0168
15:25:33 | INFO    | holoqpi.engine.trainer |   epoch 28 step 40/140 loss=1.0845
15:25:38 | INFO    | holoqpi.engine.trainer |   epoch 28 step 60/140 loss=0.6943
15:25:43 | INFO    | holoqpi.engine.trainer |   epoch 28 step 80/140 loss=0.8302
15:25:48 | INFO    | holoqpi.engine.trainer |   epoch 28 step 100/140 loss=0.9634
15:25:52 | INFO    | holoqpi.engine.trainer |   epoch 28 step 120/140 loss=1.2000
15:26:51 | INFO    | holoqpi.engine.trainer | epoch 28/60 (88s = 34s train + 54s val) | train_loss=0.9863  val_phase_mae=0.2024  val_dice=0.7863  val_cls_acc=nan  val_mass_mape=0.2457
15:26:52 | INFO    | holoqpi.engine.trainer |   epoch 29 step 0/140 loss=1.0754
15:26:56 | INFO    | holoqpi.engine.trainer |   epoch 29 step 20/140 loss=0.8097
15:27:01 | INFO    | holoqpi.engine.trainer |   epoch 29 step 40/140 loss=1.2376
15:27:06 | INFO    | holoqpi.engine.trainer |   epoch 29 step 60/140 loss=0.9851
15:27:11 | INFO    | holoqpi.engine.trainer |   epoch 29 step 80/140 loss=1.3601
15:27:16 | INFO    | holoqpi.engine.trainer |   epoch 29 step 100/140 loss=0.8266
15:27:20 | INFO    | holoqpi.engine.trainer |   epoch 29 step 120/140 loss=0.8279
15:28:17 | INFO    | holoqpi.engine.trainer | epoch 29/60 (87s = 34s train + 53s val) | train_loss=0.9958  val_phase_mae=0.2031  val_dice=0.7918  val_cls_acc=nan  val_mass_mape=0.2364
15:28:18 | INFO    | holoqpi.engine.trainer |   epoch 30 step 0/140 loss=1.0238
15:28:23 | INFO    | holoqpi.engine.trainer |   epoch 30 step 20/140 loss=0.7645
15:28:28 | INFO    | holoqpi.engine.trainer |   epoch 30 step 40/140 loss=0.7915
15:28:33 | INFO    | holoqpi.engine.trainer |   epoch 30 step 60/140 loss=0.6410
15:28:38 | INFO    | holoqpi.engine.trainer |   epoch 30 step 80/140 loss=0.9537
15:28:43 | INFO    | holoqpi.engine.trainer |   epoch 30 step 100/140 loss=0.8760
15:28:47 | INFO    | holoqpi.engine.trainer |   epoch 30 step 120/140 loss=0.6866
15:29:44 | INFO    | holoqpi.engine.trainer |   new best composite=0.7661
15:29:44 | INFO    | holoqpi.engine.trainer | epoch 30/60 (87s = 34s train + 53s val) | train_loss=0.9668  val_phase_mae=0.2113  val_dice=0.7963  val_cls_acc=nan  val_mass_mape=0.2068
15:29:45 | INFO    | holoqpi.engine.trainer |   epoch 31 step 0/140 loss=1.6728
15:29:50 | INFO    | holoqpi.engine.trainer |   epoch 31 step 20/140 loss=0.8121
15:29:55 | INFO    | holoqpi.engine.trainer |   epoch 31 step 40/140 loss=1.3058
15:30:00 | INFO    | holoqpi.engine.trainer |   epoch 31 step 60/140 loss=1.3266
15:30:05 | INFO    | holoqpi.engine.trainer |   epoch 31 step 80/140 loss=0.6485
15:30:10 | INFO    | holoqpi.engine.trainer |   epoch 31 step 100/140 loss=0.7156
15:30:14 | INFO    | holoqpi.engine.trainer |   epoch 31 step 120/140 loss=0.9225
15:31:12 | INFO    | holoqpi.engine.trainer | epoch 31/60 (87s = 34s train + 53s val) | train_loss=1.0132  val_phase_mae=0.2077  val_dice=0.7977  val_cls_acc=nan  val_mass_mape=0.2871
15:31:13 | INFO    | holoqpi.engine.trainer |   epoch 32 step 0/140 loss=0.9604
15:31:17 | INFO    | holoqpi.engine.trainer |   epoch 32 step 20/140 loss=0.8999
15:31:22 | INFO    | holoqpi.engine.trainer |   epoch 32 step 40/140 loss=1.0778
15:31:27 | INFO    | holoqpi.engine.trainer |   epoch 32 step 60/140 loss=0.7740
15:31:32 | INFO    | holoqpi.engine.trainer |   epoch 32 step 80/140 loss=0.8329
15:31:37 | INFO    | holoqpi.engine.trainer |   epoch 32 step 100/140 loss=0.8546
15:31:42 | INFO    | holoqpi.engine.trainer |   epoch 32 step 120/140 loss=0.9402
15:32:38 | INFO    | holoqpi.engine.trainer |   new best composite=0.7680
15:32:38 | INFO    | holoqpi.engine.trainer | epoch 32/60 (87s = 34s train + 53s val) | train_loss=0.9630  val_phase_mae=0.2036  val_dice=0.8052  val_cls_acc=nan  val_mass_mape=0.2414
15:32:40 | INFO    | holoqpi.engine.trainer |   epoch 33 step 0/140 loss=1.0405
15:32:44 | INFO    | holoqpi.engine.trainer |   epoch 33 step 20/140 loss=0.9392
15:32:49 | INFO    | holoqpi.engine.trainer |   epoch 33 step 40/140 loss=1.3352
15:32:54 | INFO    | holoqpi.engine.trainer |   epoch 33 step 60/140 loss=1.0287
15:32:59 | INFO    | holoqpi.engine.trainer |   epoch 33 step 80/140 loss=0.9913
15:33:04 | INFO    | holoqpi.engine.trainer |   epoch 33 step 100/140 loss=1.1404
15:33:09 | INFO    | holoqpi.engine.trainer |   epoch 33 step 120/140 loss=0.8829
15:34:05 | INFO    | holoqpi.engine.trainer |   new best composite=0.7803
15:34:05 | INFO    | holoqpi.engine.trainer | epoch 33/60 (87s = 34s train + 52s val) | train_loss=0.9471  val_phase_mae=0.1942  val_dice=0.8098  val_cls_acc=nan  val_mass_mape=0.2126
15:34:06 | INFO    | holoqpi.engine.trainer |   epoch 34 step 0/140 loss=0.7293
15:34:11 | INFO    | holoqpi.engine.trainer |   epoch 34 step 20/140 loss=0.7293
15:34:15 | INFO    | holoqpi.engine.trainer |   epoch 34 step 40/140 loss=0.9546
15:34:20 | INFO    | holoqpi.engine.trainer |   epoch 34 step 60/140 loss=1.1226
15:34:24 | INFO    | holoqpi.engine.trainer |   epoch 34 step 80/140 loss=0.8725
15:34:29 | INFO    | holoqpi.engine.trainer |   epoch 34 step 100/140 loss=1.0919
15:34:33 | INFO    | holoqpi.engine.trainer |   epoch 34 step 120/140 loss=0.8621
15:35:30 | INFO    | holoqpi.engine.trainer | epoch 34/60 (85s = 32s train + 53s val) | train_loss=0.9404  val_phase_mae=0.1976  val_dice=0.8009  val_cls_acc=nan  val_mass_mape=0.2703
15:35:31 | INFO    | holoqpi.engine.trainer |   epoch 35 step 0/140 loss=0.8818
15:35:36 | INFO    | holoqpi.engine.trainer |   epoch 35 step 20/140 loss=0.7986
15:35:40 | INFO    | holoqpi.engine.trainer |   epoch 35 step 40/140 loss=0.8545
15:35:45 | INFO    | holoqpi.engine.trainer |   epoch 35 step 60/140 loss=0.9426
15:35:49 | INFO    | holoqpi.engine.trainer |   epoch 35 step 80/140 loss=1.0289
15:35:54 | INFO    | holoqpi.engine.trainer |   epoch 35 step 100/140 loss=0.6954
15:35:59 | INFO    | holoqpi.engine.trainer |   epoch 35 step 120/140 loss=1.0055
15:36:55 | INFO    | holoqpi.engine.trainer | epoch 35/60 (85s = 32s train + 53s val) | train_loss=0.9718  val_phase_mae=0.2014  val_dice=0.8055  val_cls_acc=nan  val_mass_mape=0.2319
15:36:56 | INFO    | holoqpi.engine.trainer |   epoch 36 step 0/140 loss=0.7469
15:37:01 | INFO    | holoqpi.engine.trainer |   epoch 36 step 20/140 loss=1.0661
15:37:05 | INFO    | holoqpi.engine.trainer |   epoch 36 step 40/140 loss=0.6826
15:37:10 | INFO    | holoqpi.engine.trainer |   epoch 36 step 60/140 loss=0.7655
15:37:14 | INFO    | holoqpi.engine.trainer |   epoch 36 step 80/140 loss=0.8452
15:37:19 | INFO    | holoqpi.engine.trainer |   epoch 36 step 100/140 loss=0.9225
15:37:23 | INFO    | holoqpi.engine.trainer |   epoch 36 step 120/140 loss=0.7851
15:38:20 | INFO    | holoqpi.engine.trainer | epoch 36/60 (85s = 32s train + 53s val) | train_loss=0.9080  val_phase_mae=0.1979  val_dice=0.8044  val_cls_acc=nan  val_mass_mape=0.2200
15:38:21 | INFO    | holoqpi.engine.trainer |   epoch 37 step 0/140 loss=1.1712
15:38:26 | INFO    | holoqpi.engine.trainer |   epoch 37 step 20/140 loss=1.0132
15:38:30 | INFO    | holoqpi.engine.trainer |   epoch 37 step 40/140 loss=0.8017
15:38:35 | INFO    | holoqpi.engine.trainer |   epoch 37 step 60/140 loss=0.7050
15:38:39 | INFO    | holoqpi.engine.trainer |   epoch 37 step 80/140 loss=0.7214
15:38:44 | INFO    | holoqpi.engine.trainer |   epoch 37 step 100/140 loss=1.1185
15:38:48 | INFO    | holoqpi.engine.trainer |   epoch 37 step 120/140 loss=0.6571
15:39:44 | INFO    | holoqpi.engine.trainer | epoch 37/60 (84s = 31s train + 53s val) | train_loss=0.9190  val_phase_mae=0.1947  val_dice=0.8037  val_cls_acc=nan  val_mass_mape=0.2372
15:39:45 | INFO    | holoqpi.engine.trainer |   epoch 38 step 0/140 loss=1.1890
15:39:50 | INFO    | holoqpi.engine.trainer |   epoch 38 step 20/140 loss=0.7430
15:39:54 | INFO    | holoqpi.engine.trainer |   epoch 38 step 40/140 loss=0.8991
15:39:59 | INFO    | holoqpi.engine.trainer |   epoch 38 step 60/140 loss=0.8453
15:40:03 | INFO    | holoqpi.engine.trainer |   epoch 38 step 80/140 loss=0.8262
15:40:08 | INFO    | holoqpi.engine.trainer |   epoch 38 step 100/140 loss=0.7969
15:40:12 | INFO    | holoqpi.engine.trainer |   epoch 38 step 120/140 loss=0.6748
15:41:09 | INFO    | holoqpi.engine.trainer | epoch 38/60 (84s = 32s train + 53s val) | train_loss=0.9215  val_phase_mae=0.1978  val_dice=0.8059  val_cls_acc=nan  val_mass_mape=0.2068
15:41:10 | INFO    | holoqpi.engine.trainer |   epoch 39 step 0/140 loss=0.7462
15:41:14 | INFO    | holoqpi.engine.trainer |   epoch 39 step 20/140 loss=1.0480
15:41:18 | INFO    | holoqpi.engine.trainer |   epoch 39 step 40/140 loss=0.7520
15:41:23 | INFO    | holoqpi.engine.trainer |   epoch 39 step 60/140 loss=0.7901
15:41:27 | INFO    | holoqpi.engine.trainer |   epoch 39 step 80/140 loss=0.8803
15:41:32 | INFO    | holoqpi.engine.trainer |   epoch 39 step 100/140 loss=0.7992
15:41:36 | INFO    | holoqpi.engine.trainer |   epoch 39 step 120/140 loss=0.6937
15:42:33 | INFO    | holoqpi.engine.trainer | epoch 39/60 (84s = 31s train + 53s val) | train_loss=0.8908  val_phase_mae=0.2165  val_dice=0.8013  val_cls_acc=nan  val_mass_mape=0.2246
15:42:34 | INFO    | holoqpi.engine.trainer |   epoch 40 step 0/140 loss=0.8423
15:42:38 | INFO    | holoqpi.engine.trainer |   epoch 40 step 20/140 loss=0.8438
15:42:43 | INFO    | holoqpi.engine.trainer |   epoch 40 step 40/140 loss=0.8270
15:42:47 | INFO    | holoqpi.engine.trainer |   epoch 40 step 60/140 loss=0.9326
15:42:51 | INFO    | holoqpi.engine.trainer |   epoch 40 step 80/140 loss=0.7494
15:42:56 | INFO    | holoqpi.engine.trainer |   epoch 40 step 100/140 loss=0.8795
15:43:00 | INFO    | holoqpi.engine.trainer |   epoch 40 step 120/140 loss=0.8905
15:43:57 | INFO    | holoqpi.engine.trainer | epoch 40/60 (84s = 32s train + 53s val) | train_loss=0.8614  val_phase_mae=0.1895  val_dice=0.8024  val_cls_acc=nan  val_mass_mape=0.2224
15:43:58 | INFO    | holoqpi.engine.trainer |   epoch 41 step 0/140 loss=0.9289
15:44:03 | INFO    | holoqpi.engine.trainer |   epoch 41 step 20/140 loss=1.4069
15:44:07 | INFO    | holoqpi.engine.trainer |   epoch 41 step 40/140 loss=0.8301
15:44:12 | INFO    | holoqpi.engine.trainer |   epoch 41 step 60/140 loss=0.6275
15:44:17 | INFO    | holoqpi.engine.trainer |   epoch 41 step 80/140 loss=0.7855
15:44:21 | INFO    | holoqpi.engine.trainer |   epoch 41 step 100/140 loss=1.3516
15:44:26 | INFO    | holoqpi.engine.trainer |   epoch 41 step 120/140 loss=0.7710
15:45:23 | INFO    | holoqpi.engine.trainer | epoch 41/60 (86s = 33s train + 53s val) | train_loss=0.8743  val_phase_mae=0.2001  val_dice=0.8007  val_cls_acc=nan  val_mass_mape=0.2125
15:45:24 | INFO    | holoqpi.engine.trainer |   epoch 42 step 0/140 loss=0.6273
15:45:28 | INFO    | holoqpi.engine.trainer |   epoch 42 step 20/140 loss=0.7488
15:45:33 | INFO    | holoqpi.engine.trainer |   epoch 42 step 40/140 loss=0.8275
15:45:38 | INFO    | holoqpi.engine.trainer |   epoch 42 step 60/140 loss=0.8441
15:45:42 | INFO    | holoqpi.engine.trainer |   epoch 42 step 80/140 loss=0.7779
15:45:47 | INFO    | holoqpi.engine.trainer |   epoch 42 step 100/140 loss=1.0163
15:45:52 | INFO    | holoqpi.engine.trainer |   epoch 42 step 120/140 loss=0.8262
15:46:48 | INFO    | holoqpi.engine.trainer | epoch 42/60 (86s = 33s train + 52s val) | train_loss=0.8950  val_phase_mae=0.1999  val_dice=0.8029  val_cls_acc=nan  val_mass_mape=0.2097
15:46:49 | INFO    | holoqpi.engine.trainer |   epoch 43 step 0/140 loss=0.8794
15:46:54 | INFO    | holoqpi.engine.trainer |   epoch 43 step 20/140 loss=0.8035
15:46:58 | INFO    | holoqpi.engine.trainer |   epoch 43 step 40/140 loss=0.8598
15:47:03 | INFO    | holoqpi.engine.trainer |   epoch 43 step 60/140 loss=1.0157
15:47:08 | INFO    | holoqpi.engine.trainer |   epoch 43 step 80/140 loss=0.8464
15:47:12 | INFO    | holoqpi.engine.trainer |   epoch 43 step 100/140 loss=0.8067
15:47:17 | INFO    | holoqpi.engine.trainer |   epoch 43 step 120/140 loss=0.8432
15:48:14 | INFO    | holoqpi.engine.trainer | epoch 43/60 (86s = 33s train + 53s val) | train_loss=0.8700  val_phase_mae=0.1948  val_dice=0.8001  val_cls_acc=nan  val_mass_mape=0.2226
15:48:15 | INFO    | holoqpi.engine.trainer |   epoch 44 step 0/140 loss=0.8066
15:48:20 | INFO    | holoqpi.engine.trainer |   epoch 44 step 20/140 loss=0.9941
15:48:24 | INFO    | holoqpi.engine.trainer |   epoch 44 step 40/140 loss=0.7242
15:48:29 | INFO    | holoqpi.engine.trainer |   epoch 44 step 60/140 loss=0.9007
15:48:34 | INFO    | holoqpi.engine.trainer |   epoch 44 step 80/140 loss=0.8248
15:48:38 | INFO    | holoqpi.engine.trainer |   epoch 44 step 100/140 loss=0.8418
15:48:43 | INFO    | holoqpi.engine.trainer |   epoch 44 step 120/140 loss=0.7599
15:49:40 | INFO    | holoqpi.engine.trainer | epoch 44/60 (86s = 33s train + 53s val) | train_loss=0.8415  val_phase_mae=0.1881  val_dice=0.8038  val_cls_acc=nan  val_mass_mape=0.2118
15:49:41 | INFO    | holoqpi.engine.trainer |   epoch 45 step 0/140 loss=1.3608
15:49:46 | INFO    | holoqpi.engine.trainer |   epoch 45 step 20/140 loss=0.8359
15:49:50 | INFO    | holoqpi.engine.trainer |   epoch 45 step 40/140 loss=1.0935
15:49:55 | INFO    | holoqpi.engine.trainer |   epoch 45 step 60/140 loss=0.9888
15:50:00 | INFO    | holoqpi.engine.trainer |   epoch 45 step 80/140 loss=0.7459
15:50:04 | INFO    | holoqpi.engine.trainer |   epoch 45 step 100/140 loss=0.7489
15:50:09 | INFO    | holoqpi.engine.trainer |   epoch 45 step 120/140 loss=0.6707
15:51:06 | INFO    | holoqpi.engine.trainer |   new best composite=0.7823
15:51:06 | INFO    | holoqpi.engine.trainer | epoch 45/60 (85s = 33s train + 53s val) | train_loss=0.8195  val_phase_mae=0.1879  val_dice=0.8096  val_cls_acc=nan  val_mass_mape=0.2100
15:51:07 | INFO    | holoqpi.engine.trainer |   epoch 46 step 0/140 loss=0.7861
15:51:11 | INFO    | holoqpi.engine.trainer |   epoch 46 step 20/140 loss=0.9044
15:51:16 | INFO    | holoqpi.engine.trainer |   epoch 46 step 40/140 loss=0.5989
15:51:20 | INFO    | holoqpi.engine.trainer |   epoch 46 step 60/140 loss=0.6518
15:51:25 | INFO    | holoqpi.engine.trainer |   epoch 46 step 80/140 loss=0.8210
15:51:30 | INFO    | holoqpi.engine.trainer |   epoch 46 step 100/140 loss=0.7951
15:51:34 | INFO    | holoqpi.engine.trainer |   epoch 46 step 120/140 loss=0.9870
15:52:31 | INFO    | holoqpi.engine.trainer | epoch 46/60 (85s = 32s train + 53s val) | train_loss=0.8549  val_phase_mae=0.1973  val_dice=0.8016  val_cls_acc=nan  val_mass_mape=0.2131
15:52:32 | INFO    | holoqpi.engine.trainer |   epoch 47 step 0/140 loss=0.7326
15:52:37 | INFO    | holoqpi.engine.trainer |   epoch 47 step 20/140 loss=0.7633
15:52:41 | INFO    | holoqpi.engine.trainer |   epoch 47 step 40/140 loss=1.0286
15:52:46 | INFO    | holoqpi.engine.trainer |   epoch 47 step 60/140 loss=0.6964
15:52:50 | INFO    | holoqpi.engine.trainer |   epoch 47 step 80/140 loss=0.8683
15:52:55 | INFO    | holoqpi.engine.trainer |   epoch 47 step 100/140 loss=0.7165
15:52:59 | INFO    | holoqpi.engine.trainer |   epoch 47 step 120/140 loss=0.8360
15:53:56 | INFO    | holoqpi.engine.trainer |   new best composite=0.7858
15:53:56 | INFO    | holoqpi.engine.trainer | epoch 47/60 (85s = 32s train + 53s val) | train_loss=0.8267  val_phase_mae=0.1853  val_dice=0.8098  val_cls_acc=nan  val_mass_mape=0.1966
15:53:57 | INFO    | holoqpi.engine.trainer |   epoch 48 step 0/140 loss=0.8420
15:54:02 | INFO    | holoqpi.engine.trainer |   epoch 48 step 20/140 loss=1.2456
15:54:06 | INFO    | holoqpi.engine.trainer |   epoch 48 step 40/140 loss=1.1435
15:54:11 | INFO    | holoqpi.engine.trainer |   epoch 48 step 60/140 loss=1.0227
15:54:16 | INFO    | holoqpi.engine.trainer |   epoch 48 step 80/140 loss=0.7506
15:54:20 | INFO    | holoqpi.engine.trainer |   epoch 48 step 100/140 loss=0.9727
15:54:25 | INFO    | holoqpi.engine.trainer |   epoch 48 step 120/140 loss=1.1263
15:55:21 | INFO    | holoqpi.engine.trainer | epoch 48/60 (85s = 32s train + 52s val) | train_loss=0.8638  val_phase_mae=0.1881  val_dice=0.8070  val_cls_acc=nan  val_mass_mape=0.1947
15:55:22 | INFO    | holoqpi.engine.trainer |   epoch 49 step 0/140 loss=0.8512
15:55:26 | INFO    | holoqpi.engine.trainer |   epoch 49 step 20/140 loss=0.7249
15:55:31 | INFO    | holoqpi.engine.trainer |   epoch 49 step 40/140 loss=1.2524
15:55:36 | INFO    | holoqpi.engine.trainer |   epoch 49 step 60/140 loss=0.8251
15:55:40 | INFO    | holoqpi.engine.trainer |   epoch 49 step 80/140 loss=1.4402
15:55:45 | INFO    | holoqpi.engine.trainer |   epoch 49 step 100/140 loss=0.8240
15:55:50 | INFO    | holoqpi.engine.trainer |   epoch 49 step 120/140 loss=0.7260
15:56:46 | INFO    | holoqpi.engine.trainer | epoch 49/60 (85s = 33s train + 53s val) | train_loss=0.8413  val_phase_mae=0.1923  val_dice=0.8019  val_cls_acc=nan  val_mass_mape=0.2136
15:56:48 | INFO    | holoqpi.engine.trainer |   epoch 50 step 0/140 loss=0.7781
15:56:52 | INFO    | holoqpi.engine.trainer |   epoch 50 step 20/140 loss=0.8963
15:56:56 | INFO    | holoqpi.engine.trainer |   epoch 50 step 40/140 loss=0.7347
15:57:01 | INFO    | holoqpi.engine.trainer |   epoch 50 step 60/140 loss=0.7032
15:57:06 | INFO    | holoqpi.engine.trainer |   epoch 50 step 80/140 loss=1.1282
15:57:10 | INFO    | holoqpi.engine.trainer |   epoch 50 step 100/140 loss=0.8123
15:57:15 | INFO    | holoqpi.engine.trainer |   epoch 50 step 120/140 loss=1.1310
15:58:12 | INFO    | holoqpi.engine.trainer | epoch 50/60 (86s = 33s train + 53s val) | train_loss=0.8376  val_phase_mae=0.1960  val_dice=0.8035  val_cls_acc=nan  val_mass_mape=0.2012
15:58:13 | INFO    | holoqpi.engine.trainer |   epoch 51 step 0/140 loss=0.6678
15:58:17 | INFO    | holoqpi.engine.trainer |   epoch 51 step 20/140 loss=0.7507
15:58:22 | INFO    | holoqpi.engine.trainer |   epoch 51 step 40/140 loss=0.7037
15:58:27 | INFO    | holoqpi.engine.trainer |   epoch 51 step 60/140 loss=0.7296
15:58:31 | INFO    | holoqpi.engine.trainer |   epoch 51 step 80/140 loss=1.1819
15:58:36 | INFO    | holoqpi.engine.trainer |   epoch 51 step 100/140 loss=0.8836
15:58:41 | INFO    | holoqpi.engine.trainer |   epoch 51 step 120/140 loss=0.6024
15:59:38 | INFO    | holoqpi.engine.trainer | epoch 51/60 (86s = 33s train + 53s val) | train_loss=0.8325  val_phase_mae=0.1898  val_dice=0.8043  val_cls_acc=nan  val_mass_mape=0.2090
15:59:39 | INFO    | holoqpi.engine.trainer |   epoch 52 step 0/140 loss=0.6298
15:59:43 | INFO    | holoqpi.engine.trainer |   epoch 52 step 20/140 loss=0.6704
15:59:48 | INFO    | holoqpi.engine.trainer |   epoch 52 step 40/140 loss=0.5949
15:59:53 | INFO    | holoqpi.engine.trainer |   epoch 52 step 60/140 loss=0.7439
15:59:57 | INFO    | holoqpi.engine.trainer |   epoch 52 step 80/140 loss=0.7217
16:00:02 | INFO    | holoqpi.engine.trainer |   epoch 52 step 100/140 loss=1.2579
16:00:06 | INFO    | holoqpi.engine.trainer |   epoch 52 step 120/140 loss=0.8305
16:01:03 | INFO    | holoqpi.engine.trainer | epoch 52/60 (85s = 32s train + 53s val) | train_loss=0.8253  val_phase_mae=0.1855  val_dice=0.8037  val_cls_acc=nan  val_mass_mape=0.2050
16:01:04 | INFO    | holoqpi.engine.trainer |   epoch 53 step 0/140 loss=0.7183
16:01:09 | INFO    | holoqpi.engine.trainer |   epoch 53 step 20/140 loss=0.6153
16:01:13 | INFO    | holoqpi.engine.trainer |   epoch 53 step 40/140 loss=0.8727
16:01:18 | INFO    | holoqpi.engine.trainer |   epoch 53 step 60/140 loss=0.6132
16:01:23 | INFO    | holoqpi.engine.trainer |   epoch 53 step 80/140 loss=0.6640
16:01:27 | INFO    | holoqpi.engine.trainer |   epoch 53 step 100/140 loss=0.9429
16:01:32 | INFO    | holoqpi.engine.trainer |   epoch 53 step 120/140 loss=0.7540
16:02:29 | INFO    | holoqpi.engine.trainer | epoch 53/60 (85s = 32s train + 53s val) | train_loss=0.8305  val_phase_mae=0.1934  val_dice=0.8001  val_cls_acc=nan  val_mass_mape=0.1999
16:02:30 | INFO    | holoqpi.engine.trainer |   epoch 54 step 0/140 loss=0.7320
16:02:34 | INFO    | holoqpi.engine.trainer |   epoch 54 step 20/140 loss=0.7839
16:02:38 | INFO    | holoqpi.engine.trainer |   epoch 54 step 40/140 loss=0.7556
16:02:43 | INFO    | holoqpi.engine.trainer |   epoch 54 step 60/140 loss=0.8728
16:02:48 | INFO    | holoqpi.engine.trainer |   epoch 54 step 80/140 loss=0.9224
16:02:52 | INFO    | holoqpi.engine.trainer |   epoch 54 step 100/140 loss=0.7838
16:02:57 | INFO    | holoqpi.engine.trainer |   epoch 54 step 120/140 loss=0.8851
16:03:53 | INFO    | holoqpi.engine.trainer | epoch 54/60 (85s = 32s train + 53s val) | train_loss=0.8259  val_phase_mae=0.1911  val_dice=0.8007  val_cls_acc=nan  val_mass_mape=0.2000
16:03:54 | INFO    | holoqpi.engine.trainer |   epoch 55 step 0/140 loss=0.7168
16:03:59 | INFO    | holoqpi.engine.trainer |   epoch 55 step 20/140 loss=0.8388
16:04:04 | INFO    | holoqpi.engine.trainer |   epoch 55 step 40/140 loss=0.9450
16:04:08 | INFO    | holoqpi.engine.trainer |   epoch 55 step 60/140 loss=0.6014
16:04:13 | INFO    | holoqpi.engine.trainer |   epoch 55 step 80/140 loss=0.7098
16:04:17 | INFO    | holoqpi.engine.trainer |   epoch 55 step 100/140 loss=0.6720
16:04:22 | INFO    | holoqpi.engine.trainer |   epoch 55 step 120/140 loss=0.7238
16:05:19 | INFO    | holoqpi.engine.trainer | epoch 55/60 (86s = 33s train + 53s val) | train_loss=0.8295  val_phase_mae=0.1928  val_dice=0.8004  val_cls_acc=nan  val_mass_mape=0.2051
16:05:21 | INFO    | holoqpi.engine.trainer |   epoch 56 step 0/140 loss=0.7278
16:05:25 | INFO    | holoqpi.engine.trainer |   epoch 56 step 20/140 loss=0.6837
16:05:29 | INFO    | holoqpi.engine.trainer |   epoch 56 step 40/140 loss=0.7287
16:05:34 | INFO    | holoqpi.engine.trainer |   epoch 56 step 60/140 loss=1.0024
16:05:39 | INFO    | holoqpi.engine.trainer |   epoch 56 step 80/140 loss=0.9347
16:05:43 | INFO    | holoqpi.engine.trainer |   epoch 56 step 100/140 loss=0.6071
16:05:48 | INFO    | holoqpi.engine.trainer |   epoch 56 step 120/140 loss=0.7351
16:06:45 | INFO    | holoqpi.engine.trainer | epoch 56/60 (86s = 32s train + 53s val) | train_loss=0.8153  val_phase_mae=0.1918  val_dice=0.8015  val_cls_acc=nan  val_mass_mape=0.2039
16:06:46 | INFO    | holoqpi.engine.trainer |   epoch 57 step 0/140 loss=0.8253
16:06:51 | INFO    | holoqpi.engine.trainer |   epoch 57 step 20/140 loss=0.6656
16:06:55 | INFO    | holoqpi.engine.trainer |   epoch 57 step 40/140 loss=0.8957
16:07:00 | INFO    | holoqpi.engine.trainer |   epoch 57 step 60/140 loss=0.6460
16:07:05 | INFO    | holoqpi.engine.trainer |   epoch 57 step 80/140 loss=0.7460
16:07:09 | INFO    | holoqpi.engine.trainer |   epoch 57 step 100/140 loss=0.7396
16:07:14 | INFO    | holoqpi.engine.trainer |   epoch 57 step 120/140 loss=0.7573
16:08:11 | INFO    | holoqpi.engine.trainer | epoch 57/60 (85s = 32s train + 53s val) | train_loss=0.8155  val_phase_mae=0.2013  val_dice=0.7982  val_cls_acc=nan  val_mass_mape=0.2234
16:08:12 | INFO    | holoqpi.engine.trainer |   epoch 58 step 0/140 loss=1.1566
16:08:16 | INFO    | holoqpi.engine.trainer |   epoch 58 step 20/140 loss=0.8094
16:08:21 | INFO    | holoqpi.engine.trainer |   epoch 58 step 40/140 loss=0.6801
16:08:25 | INFO    | holoqpi.engine.trainer |   epoch 58 step 60/140 loss=0.7259
16:08:30 | INFO    | holoqpi.engine.trainer |   epoch 58 step 80/140 loss=0.7852
16:08:34 | INFO    | holoqpi.engine.trainer |   epoch 58 step 100/140 loss=0.7714
16:08:39 | INFO    | holoqpi.engine.trainer |   epoch 58 step 120/140 loss=0.5954
16:09:36 | INFO    | holoqpi.engine.trainer | epoch 58/60 (85s = 32s train + 53s val) | train_loss=0.8053  val_phase_mae=0.2000  val_dice=0.7982  val_cls_acc=nan  val_mass_mape=0.2115
16:09:37 | INFO    | holoqpi.engine.trainer |   epoch 59 step 0/140 loss=0.6258
16:09:41 | INFO    | holoqpi.engine.trainer |   epoch 59 step 20/140 loss=0.5900
16:09:45 | INFO    | holoqpi.engine.trainer |   epoch 59 step 40/140 loss=1.2032
16:09:50 | INFO    | holoqpi.engine.trainer |   epoch 59 step 60/140 loss=1.1161
16:09:55 | INFO    | holoqpi.engine.trainer |   epoch 59 step 80/140 loss=0.8397
16:09:59 | INFO    | holoqpi.engine.trainer |   epoch 59 step 100/140 loss=0.5595
16:10:03 | INFO    | holoqpi.engine.trainer |   epoch 59 step 120/140 loss=0.7793
16:11:01 | INFO    | holoqpi.engine.trainer | epoch 59/60 (85s = 32s train + 53s val) | train_loss=0.8189  val_phase_mae=0.1927  val_dice=0.8012  val_cls_acc=nan  val_mass_mape=0.2024
16:11:02 | INFO    | holoqpi.engine.trainer |   epoch 60 step 0/140 loss=0.8073
16:11:06 | INFO    | holoqpi.engine.trainer |   epoch 60 step 20/140 loss=0.8213
16:11:11 | INFO    | holoqpi.engine.trainer |   epoch 60 step 40/140 loss=0.8799
16:11:15 | INFO    | holoqpi.engine.trainer |   epoch 60 step 60/140 loss=0.6398
16:11:20 | INFO    | holoqpi.engine.trainer |   epoch 60 step 80/140 loss=0.8952
16:11:24 | INFO    | holoqpi.engine.trainer |   epoch 60 step 100/140 loss=0.6997
16:11:28 | INFO    | holoqpi.engine.trainer |   epoch 60 step 120/140 loss=1.2805
16:12:26 | INFO    | holoqpi.engine.trainer | epoch 60/60 (85s = 32s train + 53s val) | train_loss=0.8084  val_phase_mae=0.1926  val_dice=0.8017  val_cls_acc=nan  val_mass_mape=0.2050
16:12:26 | INFO    | holoqpi.engine.trainer | training finished; best epoch 47 (composite=0.7858)
