10:29:45 | INFO    | holoqpi | training v2_ipp_w01 on off_axis (device=cuda)
10:29:45 | INFO    | holoqpi.data.dataset | train split: 560 samples | modality=off_axis | crop=512 | augment=True
10:29:45 | INFO    | holoqpi.data.dataset | val split: 127 samples | modality=off_axis | crop=None | augment=False
10:29:46 | INFO    | holoqpi.models.encoders | loading pretrained mobilenet_v2 from weights/mobilenet_v2-b0353104.pth
10:29:46 | INFO    | holoqpi.models.encoders | loading pretrained mobilenet_v2 from weights/mobilenet_v2-b0353104.pth
10:29:46 | INFO    | holoqpi.models.encoders | encoder=mobilenet_v2 in_channels=1 pretrained=True weights=local (weights) stages=[16, 24, 32, 96, 1280]
10:29:46 | INFO    | holoqpi.models.holonet | HoloQPINet built: 9.60M parameters, 9.60M trainable (100.0%)
10:29:48 | INFO    | holoqpi.engine.trainer | trainable 9.60M / 9.60M parameters (100.0%)
10:29:48 | INFO    | holoqpi.engine.trainer | objective: cell_integrated_phase=0.1  phase=1  segmentation=1
10:29:48 | INFO    | holoqpi.engine.trainer | active physics terms: ['cell_integrated_phase']
10:29:54 | INFO    | holoqpi.engine.trainer |   epoch 1 step 0/140 loss=1.8496
10:29:57 | INFO    | holoqpi.engine.trainer |   epoch 1 step 20/140 loss=1.5408
10:30:02 | INFO    | holoqpi.engine.trainer |   epoch 1 step 40/140 loss=1.3395
10:30:06 | INFO    | holoqpi.engine.trainer |   epoch 1 step 60/140 loss=1.2459
10:30:10 | INFO    | holoqpi.engine.trainer |   epoch 1 step 80/140 loss=1.1788
10:30:15 | INFO    | holoqpi.engine.trainer |   epoch 1 step 100/140 loss=1.0901
10:30:19 | INFO    | holoqpi.engine.trainer |   epoch 1 step 120/140 loss=0.9693
10:31:19 | INFO    | holoqpi.engine.trainer |   new best composite=0.6435
10:31:19 | INFO    | holoqpi.engine.trainer | epoch 1/60 (91s = 35s train + 56s val) | train_loss=1.2438  val_phase_mae=0.2709  val_dice=0.6550  val_cls_acc=nan  val_mass_mape=0.2854
10:31:19 | INFO    | holoqpi.engine.trainer |   at this rate the full 60-epoch schedule takes about 91 min
10:31:20 | INFO    | holoqpi.engine.trainer |   epoch 2 step 0/140 loss=0.9240
10:31:24 | INFO    | holoqpi.engine.trainer |   epoch 2 step 20/140 loss=0.8832
10:31:28 | INFO    | holoqpi.engine.trainer |   epoch 2 step 40/140 loss=0.8276
10:31:32 | INFO    | holoqpi.engine.trainer |   epoch 2 step 60/140 loss=0.7266
10:31:36 | INFO    | holoqpi.engine.trainer |   epoch 2 step 80/140 loss=0.7774
10:31:40 | INFO    | holoqpi.engine.trainer |   epoch 2 step 100/140 loss=0.6126
10:31:44 | INFO    | holoqpi.engine.trainer |   epoch 2 step 120/140 loss=0.7576
10:32:43 | INFO    | holoqpi.engine.trainer |   new best composite=0.7163
10:32:43 | INFO    | holoqpi.engine.trainer | epoch 2/60 (84s = 30s train + 54s val) | train_loss=0.7804  val_phase_mae=0.2040  val_dice=0.7501  val_cls_acc=nan  val_mass_mape=0.3221
10:32:44 | INFO    | holoqpi.engine.trainer |   epoch 3 step 0/140 loss=0.6652
10:32:48 | INFO    | holoqpi.engine.trainer |   epoch 3 step 20/140 loss=0.5741
10:32:52 | INFO    | holoqpi.engine.trainer |   epoch 3 step 40/140 loss=0.5359
10:32:56 | INFO    | holoqpi.engine.trainer |   epoch 3 step 60/140 loss=0.5151
10:33:00 | INFO    | holoqpi.engine.trainer |   epoch 3 step 80/140 loss=0.5109
10:33:04 | INFO    | holoqpi.engine.trainer |   epoch 3 step 100/140 loss=0.5414
10:33:08 | INFO    | holoqpi.engine.trainer |   epoch 3 step 120/140 loss=0.5393
10:34:05 | INFO    | holoqpi.engine.trainer |   new best composite=0.7523
10:34:05 | INFO    | holoqpi.engine.trainer | epoch 3/60 (82s = 29s train + 53s val) | train_loss=0.5867  val_phase_mae=0.2013  val_dice=0.7622  val_cls_acc=nan  val_mass_mape=0.2322
10:34:06 | INFO    | holoqpi.engine.trainer |   epoch 4 step 0/140 loss=0.5671
10:34:10 | INFO    | holoqpi.engine.trainer |   epoch 4 step 20/140 loss=0.4611
10:34:14 | INFO    | holoqpi.engine.trainer |   epoch 4 step 40/140 loss=0.4874
10:34:18 | INFO    | holoqpi.engine.trainer |   epoch 4 step 60/140 loss=0.5673
10:34:22 | INFO    | holoqpi.engine.trainer |   epoch 4 step 80/140 loss=0.5618
10:34:26 | INFO    | holoqpi.engine.trainer |   epoch 4 step 100/140 loss=0.5214
10:34:30 | INFO    | holoqpi.engine.trainer |   epoch 4 step 120/140 loss=0.7644
10:35:27 | INFO    | holoqpi.engine.trainer |   new best composite=0.7703
10:35:27 | INFO    | holoqpi.engine.trainer | epoch 4/60 (82s = 29s train + 53s val) | train_loss=0.5163  val_phase_mae=0.1854  val_dice=0.7822  val_cls_acc=nan  val_mass_mape=0.2102
10:35:28 | INFO    | holoqpi.engine.trainer |   epoch 5 step 0/140 loss=0.5194
10:35:32 | INFO    | holoqpi.engine.trainer |   epoch 5 step 20/140 loss=0.4278
10:35:36 | INFO    | holoqpi.engine.trainer |   epoch 5 step 40/140 loss=0.6082
10:35:40 | INFO    | holoqpi.engine.trainer |   epoch 5 step 60/140 loss=0.4811
10:35:44 | INFO    | holoqpi.engine.trainer |   epoch 5 step 80/140 loss=0.4029
10:35:48 | INFO    | holoqpi.engine.trainer |   epoch 5 step 100/140 loss=0.5715
10:35:53 | INFO    | holoqpi.engine.trainer |   epoch 5 step 120/140 loss=0.4109
10:36:50 | INFO    | holoqpi.engine.trainer |   new best composite=0.7804
10:36:50 | INFO    | holoqpi.engine.trainer | epoch 5/60 (82s = 29s train + 53s val) | train_loss=0.4847  val_phase_mae=0.1835  val_dice=0.8003  val_cls_acc=nan  val_mass_mape=0.2275
10:36:51 | INFO    | holoqpi.engine.trainer |   epoch 6 step 0/140 loss=0.3920
10:36:55 | INFO    | holoqpi.engine.trainer |   epoch 6 step 20/140 loss=0.5320
10:36:59 | INFO    | holoqpi.engine.trainer |   epoch 6 step 40/140 loss=0.4508
10:37:03 | INFO    | holoqpi.engine.trainer |   epoch 6 step 60/140 loss=0.3417
10:37:07 | INFO    | holoqpi.engine.trainer |   epoch 6 step 80/140 loss=0.4642
10:37:11 | INFO    | holoqpi.engine.trainer |   epoch 6 step 100/140 loss=0.3810
10:37:15 | INFO    | holoqpi.engine.trainer |   epoch 6 step 120/140 loss=0.6481
10:38:13 | INFO    | holoqpi.engine.trainer |   new best composite=0.7912
10:38:13 | INFO    | holoqpi.engine.trainer | epoch 6/60 (83s = 29s train + 54s val) | train_loss=0.4613  val_phase_mae=0.1741  val_dice=0.8091  val_cls_acc=nan  val_mass_mape=0.2126
10:38:14 | INFO    | holoqpi.engine.trainer |   epoch 7 step 0/140 loss=0.5486
10:38:18 | INFO    | holoqpi.engine.trainer |   epoch 7 step 20/140 loss=0.4304
10:38:22 | INFO    | holoqpi.engine.trainer |   epoch 7 step 40/140 loss=0.4130
10:38:26 | INFO    | holoqpi.engine.trainer |   epoch 7 step 60/140 loss=0.4120
10:38:30 | INFO    | holoqpi.engine.trainer |   epoch 7 step 80/140 loss=0.4605
10:38:34 | INFO    | holoqpi.engine.trainer |   epoch 7 step 100/140 loss=0.5002
10:38:38 | INFO    | holoqpi.engine.trainer |   epoch 7 step 120/140 loss=0.4765
10:39:35 | INFO    | holoqpi.engine.trainer | epoch 7/60 (82s = 29s train + 54s val) | train_loss=0.4403  val_phase_mae=0.1794  val_dice=0.8056  val_cls_acc=nan  val_mass_mape=0.2170
10:39:36 | INFO    | holoqpi.engine.trainer |   epoch 8 step 0/140 loss=0.4842
10:39:40 | INFO    | holoqpi.engine.trainer |   epoch 8 step 20/140 loss=0.4204
10:39:44 | INFO    | holoqpi.engine.trainer |   epoch 8 step 40/140 loss=0.4543
10:39:48 | INFO    | holoqpi.engine.trainer |   epoch 8 step 60/140 loss=0.5352
10:39:52 | INFO    | holoqpi.engine.trainer |   epoch 8 step 80/140 loss=0.5102
10:39:56 | INFO    | holoqpi.engine.trainer |   epoch 8 step 100/140 loss=0.4166
10:40:00 | INFO    | holoqpi.engine.trainer |   epoch 8 step 120/140 loss=0.4124
10:40:57 | INFO    | holoqpi.engine.trainer | epoch 8/60 (82s = 29s train + 53s val) | train_loss=0.4321  val_phase_mae=0.1775  val_dice=0.8045  val_cls_acc=nan  val_mass_mape=0.2236
10:40:58 | INFO    | holoqpi.engine.trainer |   epoch 9 step 0/140 loss=0.3939
10:41:02 | INFO    | holoqpi.engine.trainer |   epoch 9 step 20/140 loss=0.4306
10:41:06 | INFO    | holoqpi.engine.trainer |   epoch 9 step 40/140 loss=0.3785
10:41:10 | INFO    | holoqpi.engine.trainer |   epoch 9 step 60/140 loss=0.4241
10:41:14 | INFO    | holoqpi.engine.trainer |   epoch 9 step 80/140 loss=0.4190
10:41:19 | INFO    | holoqpi.engine.trainer |   epoch 9 step 100/140 loss=0.3799
10:41:23 | INFO    | holoqpi.engine.trainer |   epoch 9 step 120/140 loss=0.4286
10:42:20 | INFO    | holoqpi.engine.trainer |   new best composite=0.7917
10:42:20 | INFO    | holoqpi.engine.trainer | epoch 9/60 (83s = 29s train + 53s val) | train_loss=0.4323  val_phase_mae=0.1753  val_dice=0.8098  val_cls_acc=nan  val_mass_mape=0.2189
10:42:21 | INFO    | holoqpi.engine.trainer |   epoch 10 step 0/140 loss=0.3829
10:42:25 | INFO    | holoqpi.engine.trainer |   epoch 10 step 20/140 loss=0.4169
10:42:29 | INFO    | holoqpi.engine.trainer |   epoch 10 step 40/140 loss=0.3790
10:42:33 | INFO    | holoqpi.engine.trainer |   epoch 10 step 60/140 loss=0.4308
10:42:37 | INFO    | holoqpi.engine.trainer |   epoch 10 step 80/140 loss=0.3588
10:42:41 | INFO    | holoqpi.engine.trainer |   epoch 10 step 100/140 loss=0.5878
10:42:46 | INFO    | holoqpi.engine.trainer |   epoch 10 step 120/140 loss=0.3746
10:43:43 | INFO    | holoqpi.engine.trainer |   new best composite=0.7956
10:43:43 | INFO    | holoqpi.engine.trainer | epoch 10/60 (83s = 29s train + 54s val) | train_loss=0.4168  val_phase_mae=0.1757  val_dice=0.8151  val_cls_acc=nan  val_mass_mape=0.2147
10:43:44 | INFO    | holoqpi.engine.trainer |   epoch 11 step 0/140 loss=0.3348
10:43:48 | INFO    | holoqpi.engine.trainer |   epoch 11 step 20/140 loss=0.3579
10:43:52 | INFO    | holoqpi.engine.trainer |   epoch 11 step 40/140 loss=0.4350
10:43:56 | INFO    | holoqpi.engine.trainer |   epoch 11 step 60/140 loss=0.4024
10:44:00 | INFO    | holoqpi.engine.trainer |   epoch 11 step 80/140 loss=0.3964
10:44:04 | INFO    | holoqpi.engine.trainer |   epoch 11 step 100/140 loss=0.3810
10:44:09 | INFO    | holoqpi.engine.trainer |   epoch 11 step 120/140 loss=0.5068
10:45:06 | INFO    | holoqpi.engine.trainer | epoch 11/60 (83s = 29s train + 54s val) | train_loss=0.4024  val_phase_mae=0.1792  val_dice=0.8134  val_cls_acc=nan  val_mass_mape=0.2120
10:45:07 | INFO    | holoqpi.engine.trainer |   epoch 12 step 0/140 loss=0.3866
10:45:11 | INFO    | holoqpi.engine.trainer |   epoch 12 step 20/140 loss=0.3775
10:45:15 | INFO    | holoqpi.engine.trainer |   epoch 12 step 40/140 loss=0.3658
10:45:19 | INFO    | holoqpi.engine.trainer |   epoch 12 step 60/140 loss=0.3741
10:45:23 | INFO    | holoqpi.engine.trainer |   epoch 12 step 80/140 loss=0.4087
10:45:27 | INFO    | holoqpi.engine.trainer |   epoch 12 step 100/140 loss=0.3990
10:45:32 | INFO    | holoqpi.engine.trainer |   epoch 12 step 120/140 loss=0.4081
10:46:29 | INFO    | holoqpi.engine.trainer | epoch 12/60 (83s = 30s train + 53s val) | train_loss=0.3945  val_phase_mae=0.1756  val_dice=0.8165  val_cls_acc=nan  val_mass_mape=0.2210
10:46:30 | INFO    | holoqpi.engine.trainer |   epoch 13 step 0/140 loss=0.3741
10:46:34 | INFO    | holoqpi.engine.trainer |   epoch 13 step 20/140 loss=0.3829
10:46:38 | INFO    | holoqpi.engine.trainer |   epoch 13 step 40/140 loss=0.3984
10:46:42 | INFO    | holoqpi.engine.trainer |   epoch 13 step 60/140 loss=0.3987
10:46:46 | INFO    | holoqpi.engine.trainer |   epoch 13 step 80/140 loss=0.4149
10:46:51 | INFO    | holoqpi.engine.trainer |   epoch 13 step 100/140 loss=0.5536
10:46:55 | INFO    | holoqpi.engine.trainer |   epoch 13 step 120/140 loss=0.3185
10:47:53 | INFO    | holoqpi.engine.trainer |   new best composite=0.8017
10:47:53 | INFO    | holoqpi.engine.trainer | epoch 13/60 (83s = 30s train + 54s val) | train_loss=0.4000  val_phase_mae=0.1746  val_dice=0.8187  val_cls_acc=nan  val_mass_mape=0.2004
10:47:54 | INFO    | holoqpi.engine.trainer |   epoch 14 step 0/140 loss=0.3402
10:47:58 | INFO    | holoqpi.engine.trainer |   epoch 14 step 20/140 loss=0.5153
10:48:01 | INFO    | holoqpi.engine.trainer |   epoch 14 step 40/140 loss=0.3614
10:48:05 | INFO    | holoqpi.engine.trainer |   epoch 14 step 60/140 loss=0.5499
10:48:09 | INFO    | holoqpi.engine.trainer |   epoch 14 step 80/140 loss=0.4363
10:48:13 | INFO    | holoqpi.engine.trainer |   epoch 14 step 100/140 loss=0.4001
10:48:18 | INFO    | holoqpi.engine.trainer |   epoch 14 step 120/140 loss=0.4314
10:49:15 | INFO    | holoqpi.engine.trainer |   new best composite=0.8019
10:49:15 | INFO    | holoqpi.engine.trainer | epoch 14/60 (82s = 29s train + 53s val) | train_loss=0.4029  val_phase_mae=0.1700  val_dice=0.8179  val_cls_acc=nan  val_mass_mape=0.2076
10:49:16 | INFO    | holoqpi.engine.trainer |   epoch 15 step 0/140 loss=0.5110
10:49:20 | INFO    | holoqpi.engine.trainer |   epoch 15 step 20/140 loss=0.3383
10:49:24 | INFO    | holoqpi.engine.trainer |   epoch 15 step 40/140 loss=0.3606
10:49:28 | INFO    | holoqpi.engine.trainer |   epoch 15 step 60/140 loss=0.3169
10:49:32 | INFO    | holoqpi.engine.trainer |   epoch 15 step 80/140 loss=0.4688
10:49:36 | INFO    | holoqpi.engine.trainer |   epoch 15 step 100/140 loss=0.4054
10:49:41 | INFO    | holoqpi.engine.trainer |   epoch 15 step 120/140 loss=0.4497
10:50:37 | INFO    | holoqpi.engine.trainer | epoch 15/60 (82s = 29s train + 52s val) | train_loss=0.3900  val_phase_mae=0.1758  val_dice=0.8130  val_cls_acc=nan  val_mass_mape=0.1908
10:50:38 | INFO    | holoqpi.engine.trainer |   epoch 16 step 0/140 loss=0.3864
10:50:42 | INFO    | holoqpi.engine.trainer |   epoch 16 step 20/140 loss=0.3409
10:50:46 | INFO    | holoqpi.engine.trainer |   epoch 16 step 40/140 loss=0.3069
10:50:50 | INFO    | holoqpi.engine.trainer |   epoch 16 step 60/140 loss=0.3804
10:50:54 | INFO    | holoqpi.engine.trainer |   epoch 16 step 80/140 loss=0.4185
10:50:58 | INFO    | holoqpi.engine.trainer |   epoch 16 step 100/140 loss=0.4266
10:51:02 | INFO    | holoqpi.engine.trainer |   epoch 16 step 120/140 loss=0.5240
10:51:59 | INFO    | holoqpi.engine.trainer | epoch 16/60 (82s = 29s train + 53s val) | train_loss=0.3742  val_phase_mae=0.1778  val_dice=0.8219  val_cls_acc=nan  val_mass_mape=0.2189
10:52:00 | INFO    | holoqpi.engine.trainer |   epoch 17 step 0/140 loss=0.5022
10:52:04 | INFO    | holoqpi.engine.trainer |   epoch 17 step 20/140 loss=0.3776
10:52:08 | INFO    | holoqpi.engine.trainer |   epoch 17 step 40/140 loss=0.3181
10:52:12 | INFO    | holoqpi.engine.trainer |   epoch 17 step 60/140 loss=0.3429
10:52:16 | INFO    | holoqpi.engine.trainer |   epoch 17 step 80/140 loss=0.3540
10:52:21 | INFO    | holoqpi.engine.trainer |   epoch 17 step 100/140 loss=0.3659
10:52:25 | INFO    | holoqpi.engine.trainer |   epoch 17 step 120/140 loss=0.2928
10:53:21 | INFO    | holoqpi.engine.trainer | epoch 17/60 (82s = 29s train + 52s val) | train_loss=0.3792  val_phase_mae=0.1726  val_dice=0.8173  val_cls_acc=nan  val_mass_mape=0.2226
10:53:22 | INFO    | holoqpi.engine.trainer |   epoch 18 step 0/140 loss=0.3380
10:53:26 | INFO    | holoqpi.engine.trainer |   epoch 18 step 20/140 loss=0.4165
10:53:30 | INFO    | holoqpi.engine.trainer |   epoch 18 step 40/140 loss=0.3378
10:53:34 | INFO    | holoqpi.engine.trainer |   epoch 18 step 60/140 loss=0.3909
10:53:38 | INFO    | holoqpi.engine.trainer |   epoch 18 step 80/140 loss=0.3949
10:53:42 | INFO    | holoqpi.engine.trainer |   epoch 18 step 100/140 loss=0.3235
10:53:46 | INFO    | holoqpi.engine.trainer |   epoch 18 step 120/140 loss=0.4977
10:54:43 | INFO    | holoqpi.engine.trainer |   new best composite=0.8033
10:54:43 | INFO    | holoqpi.engine.trainer | epoch 18/60 (81s = 29s train + 53s val) | train_loss=0.3777  val_phase_mae=0.1718  val_dice=0.8202  val_cls_acc=nan  val_mass_mape=0.2000
10:54:44 | INFO    | holoqpi.engine.trainer |   epoch 19 step 0/140 loss=0.3556
10:54:48 | INFO    | holoqpi.engine.trainer |   epoch 19 step 20/140 loss=0.3400
10:54:52 | INFO    | holoqpi.engine.trainer |   epoch 19 step 40/140 loss=0.4672
10:54:56 | INFO    | holoqpi.engine.trainer |   epoch 19 step 60/140 loss=0.3096
10:55:00 | INFO    | holoqpi.engine.trainer |   epoch 19 step 80/140 loss=0.3211
10:55:04 | INFO    | holoqpi.engine.trainer |   epoch 19 step 100/140 loss=0.4669
10:55:08 | INFO    | holoqpi.engine.trainer |   epoch 19 step 120/140 loss=0.3178
10:56:06 | INFO    | holoqpi.engine.trainer |   new best composite=0.8077
10:56:06 | INFO    | holoqpi.engine.trainer | epoch 19/60 (83s = 29s train + 54s val) | train_loss=0.3790  val_phase_mae=0.1697  val_dice=0.8225  val_cls_acc=nan  val_mass_mape=0.1927
10:56:07 | INFO    | holoqpi.engine.trainer |   epoch 20 step 0/140 loss=0.3616
10:56:11 | INFO    | holoqpi.engine.trainer |   epoch 20 step 20/140 loss=0.3395
10:56:15 | INFO    | holoqpi.engine.trainer |   epoch 20 step 40/140 loss=0.3369
10:56:19 | INFO    | holoqpi.engine.trainer |   epoch 20 step 60/140 loss=0.3439
10:56:23 | INFO    | holoqpi.engine.trainer |   epoch 20 step 80/140 loss=0.3281
10:56:27 | INFO    | holoqpi.engine.trainer |   epoch 20 step 100/140 loss=0.3328
10:56:31 | INFO    | holoqpi.engine.trainer |   epoch 20 step 120/140 loss=0.3103
10:57:29 | INFO    | holoqpi.engine.trainer | epoch 20/60 (83s = 29s train + 54s val) | train_loss=0.3699  val_phase_mae=0.1756  val_dice=0.8190  val_cls_acc=nan  val_mass_mape=0.2072
10:57:29 | INFO    | holoqpi.engine.trainer |   epoch 21 step 0/140 loss=0.3616
10:57:33 | INFO    | holoqpi.engine.trainer |   epoch 21 step 20/140 loss=0.4219
10:57:37 | INFO    | holoqpi.engine.trainer |   epoch 21 step 40/140 loss=0.3387
10:57:41 | INFO    | holoqpi.engine.trainer |   epoch 21 step 60/140 loss=0.3661
10:57:46 | INFO    | holoqpi.engine.trainer |   epoch 21 step 80/140 loss=0.2877
10:57:49 | INFO    | holoqpi.engine.trainer |   epoch 21 step 100/140 loss=0.2854
10:57:54 | INFO    | holoqpi.engine.trainer |   epoch 21 step 120/140 loss=0.3641
10:58:51 | INFO    | holoqpi.engine.trainer | epoch 21/60 (82s = 29s train + 53s val) | train_loss=0.3667  val_phase_mae=0.1694  val_dice=0.8166  val_cls_acc=nan  val_mass_mape=0.2560
10:58:52 | INFO    | holoqpi.engine.trainer |   epoch 22 step 0/140 loss=0.3799
10:58:56 | INFO    | holoqpi.engine.trainer |   epoch 22 step 20/140 loss=0.4090
10:59:00 | INFO    | holoqpi.engine.trainer |   epoch 22 step 40/140 loss=0.3162
10:59:04 | INFO    | holoqpi.engine.trainer |   epoch 22 step 60/140 loss=0.2949
10:59:08 | INFO    | holoqpi.engine.trainer |   epoch 22 step 80/140 loss=0.3314
10:59:12 | INFO    | holoqpi.engine.trainer |   epoch 22 step 100/140 loss=0.3837
10:59:16 | INFO    | holoqpi.engine.trainer |   epoch 22 step 120/140 loss=0.3594
11:00:13 | INFO    | holoqpi.engine.trainer | epoch 22/60 (82s = 29s train + 53s val) | train_loss=0.3639  val_phase_mae=0.1824  val_dice=0.8211  val_cls_acc=nan  val_mass_mape=0.2393
11:00:14 | INFO    | holoqpi.engine.trainer |   epoch 23 step 0/140 loss=0.3099
11:00:18 | INFO    | holoqpi.engine.trainer |   epoch 23 step 20/140 loss=0.3477
11:00:22 | INFO    | holoqpi.engine.trainer |   epoch 23 step 40/140 loss=0.3993
11:00:26 | INFO    | holoqpi.engine.trainer |   epoch 23 step 60/140 loss=0.4915
11:00:30 | INFO    | holoqpi.engine.trainer |   epoch 23 step 80/140 loss=0.3840
11:00:34 | INFO    | holoqpi.engine.trainer |   epoch 23 step 100/140 loss=0.3630
11:00:38 | INFO    | holoqpi.engine.trainer |   epoch 23 step 120/140 loss=0.3756
11:01:35 | INFO    | holoqpi.engine.trainer | epoch 23/60 (83s = 29s train + 53s val) | train_loss=0.3609  val_phase_mae=0.1665  val_dice=0.8237  val_cls_acc=nan  val_mass_mape=0.1964
11:01:36 | INFO    | holoqpi.engine.trainer |   epoch 24 step 0/140 loss=0.3478
11:01:40 | INFO    | holoqpi.engine.trainer |   epoch 24 step 20/140 loss=0.3483
11:01:44 | INFO    | holoqpi.engine.trainer |   epoch 24 step 40/140 loss=0.4039
11:01:48 | INFO    | holoqpi.engine.trainer |   epoch 24 step 60/140 loss=0.3883
11:01:52 | INFO    | holoqpi.engine.trainer |   epoch 24 step 80/140 loss=0.3251
11:01:56 | INFO    | holoqpi.engine.trainer |   epoch 24 step 100/140 loss=0.2998
11:02:00 | INFO    | holoqpi.engine.trainer |   epoch 24 step 120/140 loss=0.3244
11:02:57 | INFO    | holoqpi.engine.trainer | epoch 24/60 (82s = 29s train + 53s val) | train_loss=0.3648  val_phase_mae=0.1718  val_dice=0.8224  val_cls_acc=nan  val_mass_mape=0.1964
11:02:58 | INFO    | holoqpi.engine.trainer |   epoch 25 step 0/140 loss=0.3066
11:03:02 | INFO    | holoqpi.engine.trainer |   epoch 25 step 20/140 loss=0.4122
11:03:06 | INFO    | holoqpi.engine.trainer |   epoch 25 step 40/140 loss=0.3012
11:03:10 | INFO    | holoqpi.engine.trainer |   epoch 25 step 60/140 loss=0.3512
11:03:14 | INFO    | holoqpi.engine.trainer |   epoch 25 step 80/140 loss=0.4177
11:03:18 | INFO    | holoqpi.engine.trainer |   epoch 25 step 100/140 loss=0.3250
11:03:22 | INFO    | holoqpi.engine.trainer |   epoch 25 step 120/140 loss=0.4222
11:04:20 | INFO    | holoqpi.engine.trainer |   new best composite=0.8078
11:04:20 | INFO    | holoqpi.engine.trainer | epoch 25/60 (82s = 29s train + 53s val) | train_loss=0.3604  val_phase_mae=0.1685  val_dice=0.8216  val_cls_acc=nan  val_mass_mape=0.1910
11:04:21 | INFO    | holoqpi.engine.trainer |   epoch 26 step 0/140 loss=0.3246
11:04:24 | INFO    | holoqpi.engine.trainer |   epoch 26 step 20/140 loss=0.3558
11:04:28 | INFO    | holoqpi.engine.trainer |   epoch 26 step 40/140 loss=0.3871
11:04:32 | INFO    | holoqpi.engine.trainer |   epoch 26 step 60/140 loss=0.3600
11:04:36 | INFO    | holoqpi.engine.trainer |   epoch 26 step 80/140 loss=0.4610
11:04:41 | INFO    | holoqpi.engine.trainer |   epoch 26 step 100/140 loss=0.3885
11:04:45 | INFO    | holoqpi.engine.trainer |   epoch 26 step 120/140 loss=0.3022
11:05:42 | INFO    | holoqpi.engine.trainer | epoch 26/60 (82s = 29s train + 53s val) | train_loss=0.3579  val_phase_mae=0.1723  val_dice=0.8248  val_cls_acc=nan  val_mass_mape=0.2629
11:05:43 | INFO    | holoqpi.engine.trainer |   epoch 27 step 0/140 loss=0.2958
11:05:47 | INFO    | holoqpi.engine.trainer |   epoch 27 step 20/140 loss=0.4882
11:05:51 | INFO    | holoqpi.engine.trainer |   epoch 27 step 40/140 loss=0.3557
11:05:55 | INFO    | holoqpi.engine.trainer |   epoch 27 step 60/140 loss=0.3602
11:05:59 | INFO    | holoqpi.engine.trainer |   epoch 27 step 80/140 loss=0.3768
11:06:03 | INFO    | holoqpi.engine.trainer |   epoch 27 step 100/140 loss=0.3227
11:06:07 | INFO    | holoqpi.engine.trainer |   epoch 27 step 120/140 loss=0.5833
11:07:04 | INFO    | holoqpi.engine.trainer | epoch 27/60 (82s = 29s train + 53s val) | train_loss=0.3589  val_phase_mae=0.1735  val_dice=0.8208  val_cls_acc=nan  val_mass_mape=0.2134
11:07:05 | INFO    | holoqpi.engine.trainer |   epoch 28 step 0/140 loss=0.4399
11:07:09 | INFO    | holoqpi.engine.trainer |   epoch 28 step 20/140 loss=0.4130
11:07:13 | INFO    | holoqpi.engine.trainer |   epoch 28 step 40/140 loss=0.3272
11:07:17 | INFO    | holoqpi.engine.trainer |   epoch 28 step 60/140 loss=0.2657
11:07:21 | INFO    | holoqpi.engine.trainer |   epoch 28 step 80/140 loss=0.3205
11:07:25 | INFO    | holoqpi.engine.trainer |   epoch 28 step 100/140 loss=0.3677
11:07:29 | INFO    | holoqpi.engine.trainer |   epoch 28 step 120/140 loss=0.3541
11:08:26 | INFO    | holoqpi.engine.trainer |   new best composite=0.8091
11:08:26 | INFO    | holoqpi.engine.trainer | epoch 28/60 (82s = 29s train + 53s val) | train_loss=0.3531  val_phase_mae=0.1719  val_dice=0.8271  val_cls_acc=nan  val_mass_mape=0.2011
11:08:27 | INFO    | holoqpi.engine.trainer |   epoch 29 step 0/140 loss=0.3428
11:08:31 | INFO    | holoqpi.engine.trainer |   epoch 29 step 20/140 loss=0.3363
11:08:35 | INFO    | holoqpi.engine.trainer |   epoch 29 step 40/140 loss=0.3799
11:08:39 | INFO    | holoqpi.engine.trainer |   epoch 29 step 60/140 loss=0.3655
11:08:43 | INFO    | holoqpi.engine.trainer |   epoch 29 step 80/140 loss=0.4593
11:08:48 | INFO    | holoqpi.engine.trainer |   epoch 29 step 100/140 loss=0.3753
11:08:52 | INFO    | holoqpi.engine.trainer |   epoch 29 step 120/140 loss=0.3082
11:09:49 | INFO    | holoqpi.engine.trainer | epoch 29/60 (83s = 29s train + 53s val) | train_loss=0.3484  val_phase_mae=0.1674  val_dice=0.8234  val_cls_acc=nan  val_mass_mape=0.1979
11:09:50 | INFO    | holoqpi.engine.trainer |   epoch 30 step 0/140 loss=0.3370
11:09:54 | INFO    | holoqpi.engine.trainer |   epoch 30 step 20/140 loss=0.2959
11:09:58 | INFO    | holoqpi.engine.trainer |   epoch 30 step 40/140 loss=0.2915
11:10:02 | INFO    | holoqpi.engine.trainer |   epoch 30 step 60/140 loss=0.2957
11:10:06 | INFO    | holoqpi.engine.trainer |   epoch 30 step 80/140 loss=0.3301
11:10:10 | INFO    | holoqpi.engine.trainer |   epoch 30 step 100/140 loss=0.3120
11:10:14 | INFO    | holoqpi.engine.trainer |   epoch 30 step 120/140 loss=0.2968
11:11:11 | INFO    | holoqpi.engine.trainer | epoch 30/60 (82s = 29s train + 53s val) | train_loss=0.3408  val_phase_mae=0.1699  val_dice=0.8249  val_cls_acc=nan  val_mass_mape=0.2174
11:11:12 | INFO    | holoqpi.engine.trainer |   epoch 31 step 0/140 loss=0.4854
11:11:16 | INFO    | holoqpi.engine.trainer |   epoch 31 step 20/140 loss=0.3061
11:11:20 | INFO    | holoqpi.engine.trainer |   epoch 31 step 40/140 loss=0.3576
11:11:24 | INFO    | holoqpi.engine.trainer |   epoch 31 step 60/140 loss=0.3769
11:11:28 | INFO    | holoqpi.engine.trainer |   epoch 31 step 80/140 loss=0.2559
11:11:33 | INFO    | holoqpi.engine.trainer |   epoch 31 step 100/140 loss=0.2846
11:11:37 | INFO    | holoqpi.engine.trainer |   epoch 31 step 120/140 loss=0.3323
11:12:34 | INFO    | holoqpi.engine.trainer |   new best composite=0.8141
11:12:34 | INFO    | holoqpi.engine.trainer | epoch 31/60 (82s = 29s train + 53s val) | train_loss=0.3480  val_phase_mae=0.1640  val_dice=0.8269  val_cls_acc=nan  val_mass_mape=0.1823
11:12:35 | INFO    | holoqpi.engine.trainer |   epoch 32 step 0/140 loss=0.3426
11:12:39 | INFO    | holoqpi.engine.trainer |   epoch 32 step 20/140 loss=0.3615
11:12:43 | INFO    | holoqpi.engine.trainer |   epoch 32 step 40/140 loss=0.3269
11:12:47 | INFO    | holoqpi.engine.trainer |   epoch 32 step 60/140 loss=0.3265
11:12:51 | INFO    | holoqpi.engine.trainer |   epoch 32 step 80/140 loss=0.2959
11:12:55 | INFO    | holoqpi.engine.trainer |   epoch 32 step 100/140 loss=0.3203
11:12:59 | INFO    | holoqpi.engine.trainer |   epoch 32 step 120/140 loss=0.3524
11:13:56 | INFO    | holoqpi.engine.trainer | epoch 32/60 (82s = 29s train + 53s val) | train_loss=0.3412  val_phase_mae=0.1721  val_dice=0.8262  val_cls_acc=nan  val_mass_mape=0.2322
11:13:57 | INFO    | holoqpi.engine.trainer |   epoch 33 step 0/140 loss=0.3752
11:14:01 | INFO    | holoqpi.engine.trainer |   epoch 33 step 20/140 loss=0.3319
11:14:05 | INFO    | holoqpi.engine.trainer |   epoch 33 step 40/140 loss=0.4124
11:14:09 | INFO    | holoqpi.engine.trainer |   epoch 33 step 60/140 loss=0.3488
11:14:13 | INFO    | holoqpi.engine.trainer |   epoch 33 step 80/140 loss=0.4241
11:14:17 | INFO    | holoqpi.engine.trainer |   epoch 33 step 100/140 loss=0.4246
11:14:21 | INFO    | holoqpi.engine.trainer |   epoch 33 step 120/140 loss=0.3613
11:15:18 | INFO    | holoqpi.engine.trainer | epoch 33/60 (82s = 29s train + 53s val) | train_loss=0.3379  val_phase_mae=0.1685  val_dice=0.8256  val_cls_acc=nan  val_mass_mape=0.2239
11:15:19 | INFO    | holoqpi.engine.trainer |   epoch 34 step 0/140 loss=0.2913
11:15:23 | INFO    | holoqpi.engine.trainer |   epoch 34 step 20/140 loss=0.2837
11:15:27 | INFO    | holoqpi.engine.trainer |   epoch 34 step 40/140 loss=0.3711
11:15:31 | INFO    | holoqpi.engine.trainer |   epoch 34 step 60/140 loss=0.3858
11:15:35 | INFO    | holoqpi.engine.trainer |   epoch 34 step 80/140 loss=0.3441
11:15:39 | INFO    | holoqpi.engine.trainer |   epoch 34 step 100/140 loss=0.3546
11:15:43 | INFO    | holoqpi.engine.trainer |   epoch 34 step 120/140 loss=0.3164
11:16:40 | INFO    | holoqpi.engine.trainer | epoch 34/60 (82s = 29s train + 53s val) | train_loss=0.3418  val_phase_mae=0.1636  val_dice=0.8234  val_cls_acc=nan  val_mass_mape=0.1869
11:16:41 | INFO    | holoqpi.engine.trainer |   epoch 35 step 0/140 loss=0.2775
11:16:45 | INFO    | holoqpi.engine.trainer |   epoch 35 step 20/140 loss=0.2967
11:16:50 | INFO    | holoqpi.engine.trainer |   epoch 35 step 40/140 loss=0.3315
11:16:54 | INFO    | holoqpi.engine.trainer |   epoch 35 step 60/140 loss=0.3617
11:16:58 | INFO    | holoqpi.engine.trainer |   epoch 35 step 80/140 loss=0.3275
11:17:02 | INFO    | holoqpi.engine.trainer |   epoch 35 step 100/140 loss=0.3002
11:17:06 | INFO    | holoqpi.engine.trainer |   epoch 35 step 120/140 loss=0.2917
11:18:03 | INFO    | holoqpi.engine.trainer | epoch 35/60 (83s = 30s train + 53s val) | train_loss=0.3412  val_phase_mae=0.1625  val_dice=0.8288  val_cls_acc=nan  val_mass_mape=0.1911
11:18:04 | INFO    | holoqpi.engine.trainer |   epoch 36 step 0/140 loss=0.2807
11:18:08 | INFO    | holoqpi.engine.trainer |   epoch 36 step 20/140 loss=0.3458
11:18:12 | INFO    | holoqpi.engine.trainer |   epoch 36 step 40/140 loss=0.2838
11:18:16 | INFO    | holoqpi.engine.trainer |   epoch 36 step 60/140 loss=0.2842
11:18:20 | INFO    | holoqpi.engine.trainer |   epoch 36 step 80/140 loss=0.3606
11:18:24 | INFO    | holoqpi.engine.trainer |   epoch 36 step 100/140 loss=0.3547
11:18:28 | INFO    | holoqpi.engine.trainer |   epoch 36 step 120/140 loss=0.2825
11:19:26 | INFO    | holoqpi.engine.trainer |   new best composite=0.8147
11:19:26 | INFO    | holoqpi.engine.trainer | epoch 36/60 (82s = 29s train + 53s val) | train_loss=0.3345  val_phase_mae=0.1590  val_dice=0.8258  val_cls_acc=nan  val_mass_mape=0.1800
11:19:27 | INFO    | holoqpi.engine.trainer |   epoch 37 step 0/140 loss=0.2829
11:19:31 | INFO    | holoqpi.engine.trainer |   epoch 37 step 20/140 loss=0.3213
11:19:35 | INFO    | holoqpi.engine.trainer |   epoch 37 step 40/140 loss=0.2797
11:19:39 | INFO    | holoqpi.engine.trainer |   epoch 37 step 60/140 loss=0.2861
11:19:43 | INFO    | holoqpi.engine.trainer |   epoch 37 step 80/140 loss=0.2991
11:19:47 | INFO    | holoqpi.engine.trainer |   epoch 37 step 100/140 loss=0.3860
11:19:51 | INFO    | holoqpi.engine.trainer |   epoch 37 step 120/140 loss=0.3076
11:20:48 | INFO    | holoqpi.engine.trainer | epoch 37/60 (82s = 29s train + 53s val) | train_loss=0.3332  val_phase_mae=0.1622  val_dice=0.8293  val_cls_acc=nan  val_mass_mape=0.1965
11:20:49 | INFO    | holoqpi.engine.trainer |   epoch 38 step 0/140 loss=0.3671
11:20:53 | INFO    | holoqpi.engine.trainer |   epoch 38 step 20/140 loss=0.3271
11:20:57 | INFO    | holoqpi.engine.trainer |   epoch 38 step 40/140 loss=0.2882
11:21:01 | INFO    | holoqpi.engine.trainer |   epoch 38 step 60/140 loss=0.3096
11:21:05 | INFO    | holoqpi.engine.trainer |   epoch 38 step 80/140 loss=0.3302
11:21:09 | INFO    | holoqpi.engine.trainer |   epoch 38 step 100/140 loss=0.3451
11:21:13 | INFO    | holoqpi.engine.trainer |   epoch 38 step 120/140 loss=0.3072
11:22:10 | INFO    | holoqpi.engine.trainer | epoch 38/60 (82s = 29s train + 53s val) | train_loss=0.3346  val_phase_mae=0.1666  val_dice=0.8238  val_cls_acc=nan  val_mass_mape=0.1986
11:22:11 | INFO    | holoqpi.engine.trainer |   epoch 39 step 0/140 loss=0.2684
11:22:15 | INFO    | holoqpi.engine.trainer |   epoch 39 step 20/140 loss=0.2999
11:22:19 | INFO    | holoqpi.engine.trainer |   epoch 39 step 40/140 loss=0.3273
11:22:23 | INFO    | holoqpi.engine.trainer |   epoch 39 step 60/140 loss=0.2666
11:22:27 | INFO    | holoqpi.engine.trainer |   epoch 39 step 80/140 loss=0.3544
11:22:31 | INFO    | holoqpi.engine.trainer |   epoch 39 step 100/140 loss=0.3531
11:22:35 | INFO    | holoqpi.engine.trainer |   epoch 39 step 120/140 loss=0.2991
11:23:32 | INFO    | holoqpi.engine.trainer | epoch 39/60 (82s = 29s train + 53s val) | train_loss=0.3306  val_phase_mae=0.1694  val_dice=0.8266  val_cls_acc=nan  val_mass_mape=0.2012
11:23:33 | INFO    | holoqpi.engine.trainer |   epoch 40 step 0/140 loss=0.2798
11:23:37 | INFO    | holoqpi.engine.trainer |   epoch 40 step 20/140 loss=0.2849
11:23:41 | INFO    | holoqpi.engine.trainer |   epoch 40 step 40/140 loss=0.2778
11:23:45 | INFO    | holoqpi.engine.trainer |   epoch 40 step 60/140 loss=0.3548
11:23:49 | INFO    | holoqpi.engine.trainer |   epoch 40 step 80/140 loss=0.2927
11:23:53 | INFO    | holoqpi.engine.trainer |   epoch 40 step 100/140 loss=0.2971
11:23:58 | INFO    | holoqpi.engine.trainer |   epoch 40 step 120/140 loss=0.3198
11:24:55 | INFO    | holoqpi.engine.trainer | epoch 40/60 (83s = 29s train + 53s val) | train_loss=0.3223  val_phase_mae=0.1661  val_dice=0.8288  val_cls_acc=nan  val_mass_mape=0.1907
11:24:56 | INFO    | holoqpi.engine.trainer |   epoch 41 step 0/140 loss=0.3676
11:25:00 | INFO    | holoqpi.engine.trainer |   epoch 41 step 20/140 loss=0.3558
11:25:04 | INFO    | holoqpi.engine.trainer |   epoch 41 step 40/140 loss=0.2995
11:25:08 | INFO    | holoqpi.engine.trainer |   epoch 41 step 60/140 loss=0.2839
11:25:12 | INFO    | holoqpi.engine.trainer |   epoch 41 step 80/140 loss=0.3410
11:25:16 | INFO    | holoqpi.engine.trainer |   epoch 41 step 100/140 loss=0.3900
11:25:20 | INFO    | holoqpi.engine.trainer |   epoch 41 step 120/140 loss=0.3559
11:26:18 | INFO    | holoqpi.engine.trainer | epoch 41/60 (82s = 29s train + 53s val) | train_loss=0.3253  val_phase_mae=0.1662  val_dice=0.8291  val_cls_acc=nan  val_mass_mape=0.1865
11:26:18 | INFO    | holoqpi.engine.trainer |   epoch 42 step 0/140 loss=0.2892
11:26:22 | INFO    | holoqpi.engine.trainer |   epoch 42 step 20/140 loss=0.3162
11:26:26 | INFO    | holoqpi.engine.trainer |   epoch 42 step 40/140 loss=0.2876
11:26:31 | INFO    | holoqpi.engine.trainer |   epoch 42 step 60/140 loss=0.3124
11:26:35 | INFO    | holoqpi.engine.trainer |   epoch 42 step 80/140 loss=0.3442
11:26:39 | INFO    | holoqpi.engine.trainer |   epoch 42 step 100/140 loss=0.3526
11:26:43 | INFO    | holoqpi.engine.trainer |   epoch 42 step 120/140 loss=0.3205
11:27:41 | INFO    | holoqpi.engine.trainer |   new best composite=0.8148
11:27:41 | INFO    | holoqpi.engine.trainer | epoch 42/60 (83s = 30s train + 53s val) | train_loss=0.3295  val_phase_mae=0.1636  val_dice=0.8288  val_cls_acc=nan  val_mass_mape=0.1850
11:27:42 | INFO    | holoqpi.engine.trainer |   epoch 43 step 0/140 loss=0.2730
11:27:46 | INFO    | holoqpi.engine.trainer |   epoch 43 step 20/140 loss=0.3110
11:27:49 | INFO    | holoqpi.engine.trainer |   epoch 43 step 40/140 loss=0.3483
11:27:54 | INFO    | holoqpi.engine.trainer |   epoch 43 step 60/140 loss=0.3469
11:27:58 | INFO    | holoqpi.engine.trainer |   epoch 43 step 80/140 loss=0.3250
11:28:02 | INFO    | holoqpi.engine.trainer |   epoch 43 step 100/140 loss=0.2876
11:28:06 | INFO    | holoqpi.engine.trainer |   epoch 43 step 120/140 loss=0.3451
11:29:04 | INFO    | holoqpi.engine.trainer | epoch 43/60 (83s = 30s train + 53s val) | train_loss=0.3276  val_phase_mae=0.1657  val_dice=0.8298  val_cls_acc=nan  val_mass_mape=0.2008
11:29:05 | INFO    | holoqpi.engine.trainer |   epoch 44 step 0/140 loss=0.3056
11:29:09 | INFO    | holoqpi.engine.trainer |   epoch 44 step 20/140 loss=0.2951
11:29:12 | INFO    | holoqpi.engine.trainer |   epoch 44 step 40/140 loss=0.2930
11:29:16 | INFO    | holoqpi.engine.trainer |   epoch 44 step 60/140 loss=0.3228
11:29:21 | INFO    | holoqpi.engine.trainer |   epoch 44 step 80/140 loss=0.2821
11:29:25 | INFO    | holoqpi.engine.trainer |   epoch 44 step 100/140 loss=0.3527
11:29:29 | INFO    | holoqpi.engine.trainer |   epoch 44 step 120/140 loss=0.3054
11:30:27 | INFO    | holoqpi.engine.trainer |   new best composite=0.8150
11:30:27 | INFO    | holoqpi.engine.trainer | epoch 44/60 (83s = 30s train + 53s val) | train_loss=0.3183  val_phase_mae=0.1626  val_dice=0.8313  val_cls_acc=nan  val_mass_mape=0.1890
11:30:28 | INFO    | holoqpi.engine.trainer |   epoch 45 step 0/140 loss=0.3336
11:30:32 | INFO    | holoqpi.engine.trainer |   epoch 45 step 20/140 loss=0.3146
11:30:36 | INFO    | holoqpi.engine.trainer |   epoch 45 step 40/140 loss=0.4233
11:30:40 | INFO    | holoqpi.engine.trainer |   epoch 45 step 60/140 loss=0.3676
11:30:44 | INFO    | holoqpi.engine.trainer |   epoch 45 step 80/140 loss=0.3147
11:30:48 | INFO    | holoqpi.engine.trainer |   epoch 45 step 100/140 loss=0.2640
11:30:52 | INFO    | holoqpi.engine.trainer |   epoch 45 step 120/140 loss=0.2943
11:31:49 | INFO    | holoqpi.engine.trainer |   new best composite=0.8176
11:31:49 | INFO    | holoqpi.engine.trainer | epoch 45/60 (82s = 29s train + 53s val) | train_loss=0.3155  val_phase_mae=0.1603  val_dice=0.8295  val_cls_acc=nan  val_mass_mape=0.1767
11:31:50 | INFO    | holoqpi.engine.trainer |   epoch 46 step 0/140 loss=0.2940
11:31:54 | INFO    | holoqpi.engine.trainer |   epoch 46 step 20/140 loss=0.3223
11:31:58 | INFO    | holoqpi.engine.trainer |   epoch 46 step 40/140 loss=0.2805
11:32:02 | INFO    | holoqpi.engine.trainer |   epoch 46 step 60/140 loss=0.3010
11:32:06 | INFO    | holoqpi.engine.trainer |   epoch 46 step 80/140 loss=0.3367
11:32:10 | INFO    | holoqpi.engine.trainer |   epoch 46 step 100/140 loss=0.3188
11:32:14 | INFO    | holoqpi.engine.trainer |   epoch 46 step 120/140 loss=0.3934
11:33:11 | INFO    | holoqpi.engine.trainer | epoch 46/60 (82s = 29s train + 53s val) | train_loss=0.3205  val_phase_mae=0.1636  val_dice=0.8275  val_cls_acc=nan  val_mass_mape=0.1834
11:33:12 | INFO    | holoqpi.engine.trainer |   epoch 47 step 0/140 loss=0.3054
11:33:16 | INFO    | holoqpi.engine.trainer |   epoch 47 step 20/140 loss=0.3051
11:33:20 | INFO    | holoqpi.engine.trainer |   epoch 47 step 40/140 loss=0.3003
11:33:24 | INFO    | holoqpi.engine.trainer |   epoch 47 step 60/140 loss=0.2772
11:33:29 | INFO    | holoqpi.engine.trainer |   epoch 47 step 80/140 loss=0.3004
11:33:33 | INFO    | holoqpi.engine.trainer |   epoch 47 step 100/140 loss=0.2983
11:33:37 | INFO    | holoqpi.engine.trainer |   epoch 47 step 120/140 loss=0.3318
11:34:34 | INFO    | holoqpi.engine.trainer | epoch 47/60 (82s = 30s train + 53s val) | train_loss=0.3178  val_phase_mae=0.1608  val_dice=0.8309  val_cls_acc=nan  val_mass_mape=0.1817
11:34:35 | INFO    | holoqpi.engine.trainer |   epoch 48 step 0/140 loss=0.3338
11:34:39 | INFO    | holoqpi.engine.trainer |   epoch 48 step 20/140 loss=0.4582
11:34:43 | INFO    | holoqpi.engine.trainer |   epoch 48 step 40/140 loss=0.3630
11:34:47 | INFO    | holoqpi.engine.trainer |   epoch 48 step 60/140 loss=0.3695
11:34:51 | INFO    | holoqpi.engine.trainer |   epoch 48 step 80/140 loss=0.2575
11:34:55 | INFO    | holoqpi.engine.trainer |   epoch 48 step 100/140 loss=0.3536
11:34:59 | INFO    | holoqpi.engine.trainer |   epoch 48 step 120/140 loss=0.3286
11:35:56 | INFO    | holoqpi.engine.trainer | epoch 48/60 (82s = 29s train + 53s val) | train_loss=0.3185  val_phase_mae=0.1622  val_dice=0.8273  val_cls_acc=nan  val_mass_mape=0.1989
11:35:57 | INFO    | holoqpi.engine.trainer |   epoch 49 step 0/140 loss=0.3846
11:36:01 | INFO    | holoqpi.engine.trainer |   epoch 49 step 20/140 loss=0.3024
11:36:05 | INFO    | holoqpi.engine.trainer |   epoch 49 step 40/140 loss=0.3574
11:36:09 | INFO    | holoqpi.engine.trainer |   epoch 49 step 60/140 loss=0.3088
11:36:13 | INFO    | holoqpi.engine.trainer |   epoch 49 step 80/140 loss=0.3870
11:36:17 | INFO    | holoqpi.engine.trainer |   epoch 49 step 100/140 loss=0.3071
11:36:22 | INFO    | holoqpi.engine.trainer |   epoch 49 step 120/140 loss=0.3227
11:37:19 | INFO    | holoqpi.engine.trainer | epoch 49/60 (82s = 30s train + 53s val) | train_loss=0.3160  val_phase_mae=0.1616  val_dice=0.8295  val_cls_acc=nan  val_mass_mape=0.1839
11:37:19 | INFO    | holoqpi.engine.trainer |   epoch 50 step 0/140 loss=0.3215
11:37:24 | INFO    | holoqpi.engine.trainer |   epoch 50 step 20/140 loss=0.3217
11:37:28 | INFO    | holoqpi.engine.trainer |   epoch 50 step 40/140 loss=0.3457
11:37:32 | INFO    | holoqpi.engine.trainer |   epoch 50 step 60/140 loss=0.2899
11:37:36 | INFO    | holoqpi.engine.trainer |   epoch 50 step 80/140 loss=0.4157
11:37:40 | INFO    | holoqpi.engine.trainer |   epoch 50 step 100/140 loss=0.3268
11:37:44 | INFO    | holoqpi.engine.trainer |   epoch 50 step 120/140 loss=0.3150
11:38:41 | INFO    | holoqpi.engine.trainer | epoch 50/60 (83s = 30s train + 53s val) | train_loss=0.3123  val_phase_mae=0.1640  val_dice=0.8300  val_cls_acc=nan  val_mass_mape=0.1849
11:38:42 | INFO    | holoqpi.engine.trainer |   epoch 51 step 0/140 loss=0.2732
11:38:46 | INFO    | holoqpi.engine.trainer |   epoch 51 step 20/140 loss=0.2995
11:38:50 | INFO    | holoqpi.engine.trainer |   epoch 51 step 40/140 loss=0.2817
11:38:54 | INFO    | holoqpi.engine.trainer |   epoch 51 step 60/140 loss=0.2819
11:38:58 | INFO    | holoqpi.engine.trainer |   epoch 51 step 80/140 loss=0.4253
11:39:03 | INFO    | holoqpi.engine.trainer |   epoch 51 step 100/140 loss=0.3078
11:39:07 | INFO    | holoqpi.engine.trainer |   epoch 51 step 120/140 loss=0.2486
11:40:04 | INFO    | holoqpi.engine.trainer | epoch 51/60 (83s = 30s train + 53s val) | train_loss=0.3165  val_phase_mae=0.1608  val_dice=0.8288  val_cls_acc=nan  val_mass_mape=0.1947
11:40:05 | INFO    | holoqpi.engine.trainer |   epoch 52 step 0/140 loss=0.2520
11:40:09 | INFO    | holoqpi.engine.trainer |   epoch 52 step 20/140 loss=0.2581
11:40:13 | INFO    | holoqpi.engine.trainer |   epoch 52 step 40/140 loss=0.2930
11:40:17 | INFO    | holoqpi.engine.trainer |   epoch 52 step 60/140 loss=0.3245
11:40:21 | INFO    | holoqpi.engine.trainer |   epoch 52 step 80/140 loss=0.3035
11:40:25 | INFO    | holoqpi.engine.trainer |   epoch 52 step 100/140 loss=0.3883
11:40:30 | INFO    | holoqpi.engine.trainer |   epoch 52 step 120/140 loss=0.2993
11:41:27 | INFO    | holoqpi.engine.trainer | epoch 52/60 (83s = 30s train + 53s val) | train_loss=0.3189  val_phase_mae=0.1620  val_dice=0.8304  val_cls_acc=nan  val_mass_mape=0.1957
11:41:28 | INFO    | holoqpi.engine.trainer |   epoch 53 step 0/140 loss=0.2921
11:41:32 | INFO    | holoqpi.engine.trainer |   epoch 53 step 20/140 loss=0.2761
11:41:36 | INFO    | holoqpi.engine.trainer |   epoch 53 step 40/140 loss=0.3633
11:41:39 | INFO    | holoqpi.engine.trainer |   epoch 53 step 60/140 loss=0.2600
11:41:44 | INFO    | holoqpi.engine.trainer |   epoch 53 step 80/140 loss=0.3093
11:41:48 | INFO    | holoqpi.engine.trainer |   epoch 53 step 100/140 loss=0.3252
11:41:53 | INFO    | holoqpi.engine.trainer |   epoch 53 step 120/140 loss=0.3064
11:42:49 | INFO    | holoqpi.engine.trainer | epoch 53/60 (83s = 30s train + 53s val) | train_loss=0.3180  val_phase_mae=0.1632  val_dice=0.8298  val_cls_acc=nan  val_mass_mape=0.1896
11:42:50 | INFO    | holoqpi.engine.trainer |   epoch 54 step 0/140 loss=0.2657
11:42:54 | INFO    | holoqpi.engine.trainer |   epoch 54 step 20/140 loss=0.3012
11:42:58 | INFO    | holoqpi.engine.trainer |   epoch 54 step 40/140 loss=0.2973
11:43:02 | INFO    | holoqpi.engine.trainer |   epoch 54 step 60/140 loss=0.3126
11:43:07 | INFO    | holoqpi.engine.trainer |   epoch 54 step 80/140 loss=0.3483
11:43:11 | INFO    | holoqpi.engine.trainer |   epoch 54 step 100/140 loss=0.3058
11:43:16 | INFO    | holoqpi.engine.trainer |   epoch 54 step 120/140 loss=0.3337
11:44:12 | INFO    | holoqpi.engine.trainer | epoch 54/60 (83s = 30s train + 52s val) | train_loss=0.3162  val_phase_mae=0.1647  val_dice=0.8292  val_cls_acc=nan  val_mass_mape=0.1944
11:44:13 | INFO    | holoqpi.engine.trainer |   epoch 55 step 0/140 loss=0.2767
11:44:17 | INFO    | holoqpi.engine.trainer |   epoch 55 step 20/140 loss=0.3963
11:44:21 | INFO    | holoqpi.engine.trainer |   epoch 55 step 40/140 loss=0.3679
11:44:25 | INFO    | holoqpi.engine.trainer |   epoch 55 step 60/140 loss=0.2537
11:44:29 | INFO    | holoqpi.engine.trainer |   epoch 55 step 80/140 loss=0.3044
11:44:34 | INFO    | holoqpi.engine.trainer |   epoch 55 step 100/140 loss=0.2525
11:44:38 | INFO    | holoqpi.engine.trainer |   epoch 55 step 120/140 loss=0.3022
11:45:35 | INFO    | holoqpi.engine.trainer | epoch 55/60 (83s = 30s train + 52s val) | train_loss=0.3163  val_phase_mae=0.1629  val_dice=0.8305  val_cls_acc=nan  val_mass_mape=0.1886
11:45:36 | INFO    | holoqpi.engine.trainer |   epoch 56 step 0/140 loss=0.2943
11:45:40 | INFO    | holoqpi.engine.trainer |   epoch 56 step 20/140 loss=0.2592
11:45:44 | INFO    | holoqpi.engine.trainer |   epoch 56 step 40/140 loss=0.3024
11:45:48 | INFO    | holoqpi.engine.trainer |   epoch 56 step 60/140 loss=0.3781
11:45:52 | INFO    | holoqpi.engine.trainer |   epoch 56 step 80/140 loss=0.2583
11:45:56 | INFO    | holoqpi.engine.trainer |   epoch 56 step 100/140 loss=0.2605
11:46:01 | INFO    | holoqpi.engine.trainer |   epoch 56 step 120/140 loss=0.2876
11:46:57 | INFO    | holoqpi.engine.trainer | epoch 56/60 (82s = 30s train + 52s val) | train_loss=0.3128  val_phase_mae=0.1630  val_dice=0.8306  val_cls_acc=nan  val_mass_mape=0.1876
11:46:58 | INFO    | holoqpi.engine.trainer |   epoch 57 step 0/140 loss=0.2977
11:47:02 | INFO    | holoqpi.engine.trainer |   epoch 57 step 20/140 loss=0.2831
11:47:06 | INFO    | holoqpi.engine.trainer |   epoch 57 step 40/140 loss=0.3263
11:47:10 | INFO    | holoqpi.engine.trainer |   epoch 57 step 60/140 loss=0.2691
11:47:14 | INFO    | holoqpi.engine.trainer |   epoch 57 step 80/140 loss=0.2763
11:47:19 | INFO    | holoqpi.engine.trainer |   epoch 57 step 100/140 loss=0.2707
11:47:23 | INFO    | holoqpi.engine.trainer |   epoch 57 step 120/140 loss=0.3161
11:48:19 | INFO    | holoqpi.engine.trainer | epoch 57/60 (82s = 30s train + 52s val) | train_loss=0.3154  val_phase_mae=0.1622  val_dice=0.8301  val_cls_acc=nan  val_mass_mape=0.1898
11:48:20 | INFO    | holoqpi.engine.trainer |   epoch 58 step 0/140 loss=0.4153
11:48:24 | INFO    | holoqpi.engine.trainer |   epoch 58 step 20/140 loss=0.2752
11:48:28 | INFO    | holoqpi.engine.trainer |   epoch 58 step 40/140 loss=0.2806
11:48:32 | INFO    | holoqpi.engine.trainer |   epoch 58 step 60/140 loss=0.2848
11:48:36 | INFO    | holoqpi.engine.trainer |   epoch 58 step 80/140 loss=0.2952
11:48:41 | INFO    | holoqpi.engine.trainer |   epoch 58 step 100/140 loss=0.3080
11:48:45 | INFO    | holoqpi.engine.trainer |   epoch 58 step 120/140 loss=0.2669
11:49:41 | INFO    | holoqpi.engine.trainer | epoch 58/60 (82s = 30s train + 52s val) | train_loss=0.3157  val_phase_mae=0.1617  val_dice=0.8299  val_cls_acc=nan  val_mass_mape=0.1909
11:49:42 | INFO    | holoqpi.engine.trainer |   epoch 59 step 0/140 loss=0.2420
11:49:46 | INFO    | holoqpi.engine.trainer |   epoch 59 step 20/140 loss=0.2478
11:49:50 | INFO    | holoqpi.engine.trainer |   epoch 59 step 40/140 loss=0.4369
11:49:54 | INFO    | holoqpi.engine.trainer |   epoch 59 step 60/140 loss=0.3689
11:49:59 | INFO    | holoqpi.engine.trainer |   epoch 59 step 80/140 loss=0.3065
11:50:03 | INFO    | holoqpi.engine.trainer |   epoch 59 step 100/140 loss=0.2488
11:50:08 | INFO    | holoqpi.engine.trainer |   epoch 59 step 120/140 loss=0.3126
11:51:04 | INFO    | holoqpi.engine.trainer | epoch 59/60 (82s = 31s train + 52s val) | train_loss=0.3177  val_phase_mae=0.1649  val_dice=0.8305  val_cls_acc=nan  val_mass_mape=0.1967
11:51:05 | INFO    | holoqpi.engine.trainer |   epoch 60 step 0/140 loss=0.3377
11:51:09 | INFO    | holoqpi.engine.trainer |   epoch 60 step 20/140 loss=0.3178
11:51:13 | INFO    | holoqpi.engine.trainer |   epoch 60 step 40/140 loss=0.3088
11:51:17 | INFO    | holoqpi.engine.trainer |   epoch 60 step 60/140 loss=0.2587
11:51:21 | INFO    | holoqpi.engine.trainer |   epoch 60 step 80/140 loss=0.2933
11:51:25 | INFO    | holoqpi.engine.trainer |   epoch 60 step 100/140 loss=0.2726
11:51:30 | INFO    | holoqpi.engine.trainer |   epoch 60 step 120/140 loss=0.4153
11:52:26 | INFO    | holoqpi.engine.trainer | epoch 60/60 (82s = 30s train + 52s val) | train_loss=0.3078  val_phase_mae=0.1620  val_dice=0.8311  val_cls_acc=nan  val_mass_mape=0.1883
11:52:26 | INFO    | holoqpi.engine.trainer | training finished; best epoch 45 (composite=0.8176)
