17:40:48 | INFO    | holoqpi | training v2_compact_cell_ipp on off_axis (device=cuda)
17:40:48 | INFO    | holoqpi.data.dataset | train split: 560 samples | modality=off_axis | crop=512 | augment=True
17:40:48 | INFO    | holoqpi.data.dataset | val split: 127 samples | modality=off_axis | crop=None | augment=False
17:40:49 | INFO    | holoqpi.models.encoders | loading pretrained mobilenet_v2 from weights/mobilenet_v2-b0353104.pth
17:40:49 | INFO    | holoqpi.models.encoders | loading pretrained mobilenet_v2 from weights/mobilenet_v2-b0353104.pth
17:40:49 | INFO    | holoqpi.models.encoders | encoder=mobilenet_v2 in_channels=1 pretrained=True weights=local (weights) stages=[16, 24, 32, 96, 1280]
17:40:49 | INFO    | holoqpi.models.holonet | HoloQPINet built: 3.36M parameters, 3.36M trainable (100.0%)
17:40:51 | INFO    | holoqpi.engine.trainer | trainable 3.36M / 3.36M parameters (100.0%)
17:40:51 | INFO    | holoqpi.engine.trainer | objective: cell_integrated_phase=1  phase=1  segmentation=1
17:40:51 | INFO    | holoqpi.engine.trainer | active physics terms: ['cell_integrated_phase']
17:40:58 | INFO    | holoqpi.engine.trainer |   epoch 1 step 0/140 loss=2.8434
17:41:01 | INFO    | holoqpi.engine.trainer |   epoch 1 step 20/140 loss=2.3846
17:41:06 | INFO    | holoqpi.engine.trainer |   epoch 1 step 40/140 loss=2.0622
17:41:10 | INFO    | holoqpi.engine.trainer |   epoch 1 step 60/140 loss=2.0253
17:41:14 | INFO    | holoqpi.engine.trainer |   epoch 1 step 80/140 loss=1.7378
17:41:18 | INFO    | holoqpi.engine.trainer |   epoch 1 step 100/140 loss=1.7898
17:41:23 | INFO    | holoqpi.engine.trainer |   epoch 1 step 120/140 loss=1.6983
17:42:24 | INFO    | holoqpi.engine.trainer |   new best composite=0.5709
17:42:24 | INFO    | holoqpi.engine.trainer | epoch 1/60 (93s = 36s train + 57s val) | train_loss=1.9028  val_phase_mae=0.2923  val_dice=0.5879  val_cls_acc=nan  val_mass_mape=0.3081
17:42:24 | INFO    | holoqpi.engine.trainer |   at this rate the full 60-epoch schedule takes about 93 min
17:42:25 | INFO    | holoqpi.engine.trainer |   epoch 2 step 0/140 loss=1.4318
17:42:29 | INFO    | holoqpi.engine.trainer |   epoch 2 step 20/140 loss=1.6052
17:42:33 | INFO    | holoqpi.engine.trainer |   epoch 2 step 40/140 loss=1.5325
17:42:37 | INFO    | holoqpi.engine.trainer |   epoch 2 step 60/140 loss=1.3332
17:42:42 | INFO    | holoqpi.engine.trainer |   epoch 2 step 80/140 loss=1.4698
17:42:46 | INFO    | holoqpi.engine.trainer |   epoch 2 step 100/140 loss=1.1368
17:42:50 | INFO    | holoqpi.engine.trainer |   epoch 2 step 120/140 loss=1.0604
17:43:46 | INFO    | holoqpi.engine.trainer |   new best composite=0.6537
17:43:46 | INFO    | holoqpi.engine.trainer | epoch 2/60 (82s = 30s train + 52s val) | train_loss=1.2757  val_phase_mae=0.2684  val_dice=0.6634  val_cls_acc=nan  val_mass_mape=0.2741
17:43:47 | INFO    | holoqpi.engine.trainer |   epoch 3 step 0/140 loss=1.0871
17:43:51 | INFO    | holoqpi.engine.trainer |   epoch 3 step 20/140 loss=1.0428
17:43:56 | INFO    | holoqpi.engine.trainer |   epoch 3 step 40/140 loss=0.9623
17:44:00 | INFO    | holoqpi.engine.trainer |   epoch 3 step 60/140 loss=0.9351
17:44:04 | INFO    | holoqpi.engine.trainer |   epoch 3 step 80/140 loss=1.4177
17:44:08 | INFO    | holoqpi.engine.trainer |   epoch 3 step 100/140 loss=0.9168
17:44:13 | INFO    | holoqpi.engine.trainer |   epoch 3 step 120/140 loss=0.8736
17:45:10 | INFO    | holoqpi.engine.trainer |   new best composite=0.6791
17:45:10 | INFO    | holoqpi.engine.trainer | epoch 3/60 (83s = 30s train + 53s val) | train_loss=0.9839  val_phase_mae=0.2355  val_dice=0.7252  val_cls_acc=nan  val_mass_mape=0.3894
17:45:11 | INFO    | holoqpi.engine.trainer |   epoch 4 step 0/140 loss=0.8437
17:45:15 | INFO    | holoqpi.engine.trainer |   epoch 4 step 20/140 loss=0.8896
17:45:19 | INFO    | holoqpi.engine.trainer |   epoch 4 step 40/140 loss=0.7715
17:45:23 | INFO    | holoqpi.engine.trainer |   epoch 4 step 60/140 loss=0.7634
17:45:28 | INFO    | holoqpi.engine.trainer |   epoch 4 step 80/140 loss=0.6829
17:45:32 | INFO    | holoqpi.engine.trainer |   epoch 4 step 100/140 loss=0.9558
17:45:36 | INFO    | holoqpi.engine.trainer |   epoch 4 step 120/140 loss=0.9128
17:46:33 | INFO    | holoqpi.engine.trainer |   new best composite=0.7036
17:46:33 | INFO    | holoqpi.engine.trainer | epoch 4/60 (83s = 30s train + 53s val) | train_loss=0.8740  val_phase_mae=0.2143  val_dice=0.7591  val_cls_acc=nan  val_mass_mape=0.3966
17:46:34 | INFO    | holoqpi.engine.trainer |   epoch 5 step 0/140 loss=0.8655
17:46:38 | INFO    | holoqpi.engine.trainer |   epoch 5 step 20/140 loss=0.7677
17:46:42 | INFO    | holoqpi.engine.trainer |   epoch 5 step 40/140 loss=1.0766
17:46:46 | INFO    | holoqpi.engine.trainer |   epoch 5 step 60/140 loss=1.1898
17:46:51 | INFO    | holoqpi.engine.trainer |   epoch 5 step 80/140 loss=0.8455
17:46:55 | INFO    | holoqpi.engine.trainer |   epoch 5 step 100/140 loss=0.8965
17:46:59 | INFO    | holoqpi.engine.trainer |   epoch 5 step 120/140 loss=0.7432
17:47:55 | INFO    | holoqpi.engine.trainer |   new best composite=0.7416
17:47:55 | INFO    | holoqpi.engine.trainer | epoch 5/60 (83s = 30s train + 52s val) | train_loss=0.8231  val_phase_mae=0.1962  val_dice=0.7802  val_cls_acc=nan  val_mass_mape=0.3056
17:47:56 | INFO    | holoqpi.engine.trainer |   epoch 6 step 0/140 loss=0.7354
17:48:01 | INFO    | holoqpi.engine.trainer |   epoch 6 step 20/140 loss=1.0289
17:48:05 | INFO    | holoqpi.engine.trainer |   epoch 6 step 40/140 loss=0.6267
17:48:09 | INFO    | holoqpi.engine.trainer |   epoch 6 step 60/140 loss=0.7053
17:48:13 | INFO    | holoqpi.engine.trainer |   epoch 6 step 80/140 loss=0.7401
17:48:17 | INFO    | holoqpi.engine.trainer |   epoch 6 step 100/140 loss=0.5942
17:48:22 | INFO    | holoqpi.engine.trainer |   epoch 6 step 120/140 loss=0.6555
17:49:18 | INFO    | holoqpi.engine.trainer |   new best composite=0.7547
17:49:18 | INFO    | holoqpi.engine.trainer | epoch 6/60 (82s = 30s train + 52s val) | train_loss=0.7830  val_phase_mae=0.2044  val_dice=0.7916  val_cls_acc=nan  val_mass_mape=0.2479
17:49:19 | INFO    | holoqpi.engine.trainer |   epoch 7 step 0/140 loss=0.7188
17:49:23 | INFO    | holoqpi.engine.trainer |   epoch 7 step 20/140 loss=0.8137
17:49:27 | INFO    | holoqpi.engine.trainer |   epoch 7 step 40/140 loss=1.0287
17:49:31 | INFO    | holoqpi.engine.trainer |   epoch 7 step 60/140 loss=0.7686
17:49:35 | INFO    | holoqpi.engine.trainer |   epoch 7 step 80/140 loss=0.5371
17:49:39 | INFO    | holoqpi.engine.trainer |   epoch 7 step 100/140 loss=0.6677
17:49:43 | INFO    | holoqpi.engine.trainer |   epoch 7 step 120/140 loss=0.6414
17:50:39 | INFO    | holoqpi.engine.trainer | epoch 7/60 (81s = 29s train + 52s val) | train_loss=0.7488  val_phase_mae=0.1970  val_dice=0.7847  val_cls_acc=nan  val_mass_mape=0.3437
17:50:40 | INFO    | holoqpi.engine.trainer |   epoch 8 step 0/140 loss=0.5414
17:50:44 | INFO    | holoqpi.engine.trainer |   epoch 8 step 20/140 loss=0.8302
17:50:48 | INFO    | holoqpi.engine.trainer |   epoch 8 step 40/140 loss=0.6706
17:50:52 | INFO    | holoqpi.engine.trainer |   epoch 8 step 60/140 loss=0.5913
17:50:55 | INFO    | holoqpi.engine.trainer |   epoch 8 step 80/140 loss=0.8244
17:50:59 | INFO    | holoqpi.engine.trainer |   epoch 8 step 100/140 loss=0.6923
17:51:03 | INFO    | holoqpi.engine.trainer |   epoch 8 step 120/140 loss=1.2388
17:51:58 | INFO    | holoqpi.engine.trainer |   new best composite=0.7750
17:51:58 | INFO    | holoqpi.engine.trainer | epoch 8/60 (79s = 28s train + 51s val) | train_loss=0.7335  val_phase_mae=0.1885  val_dice=0.7981  val_cls_acc=nan  val_mass_mape=0.2234
17:51:59 | INFO    | holoqpi.engine.trainer |   epoch 9 step 0/140 loss=0.7418
17:52:03 | INFO    | holoqpi.engine.trainer |   epoch 9 step 20/140 loss=0.6788
17:52:07 | INFO    | holoqpi.engine.trainer |   epoch 9 step 40/140 loss=0.8217
17:52:11 | INFO    | holoqpi.engine.trainer |   epoch 9 step 60/140 loss=0.6827
17:52:15 | INFO    | holoqpi.engine.trainer |   epoch 9 step 80/140 loss=0.5670
17:52:19 | INFO    | holoqpi.engine.trainer |   epoch 9 step 100/140 loss=0.6939
17:52:23 | INFO    | holoqpi.engine.trainer |   epoch 9 step 120/140 loss=0.5605
17:53:17 | INFO    | holoqpi.engine.trainer |   new best composite=0.7816
17:53:17 | INFO    | holoqpi.engine.trainer | epoch 9/60 (79s = 28s train + 51s val) | train_loss=0.7163  val_phase_mae=0.1817  val_dice=0.8022  val_cls_acc=nan  val_mass_mape=0.2211
17:53:18 | INFO    | holoqpi.engine.trainer |   epoch 10 step 0/140 loss=0.6841
17:53:22 | INFO    | holoqpi.engine.trainer |   epoch 10 step 20/140 loss=1.1432
17:53:26 | INFO    | holoqpi.engine.trainer |   epoch 10 step 40/140 loss=0.7295
17:53:30 | INFO    | holoqpi.engine.trainer |   epoch 10 step 60/140 loss=0.6732
17:53:34 | INFO    | holoqpi.engine.trainer |   epoch 10 step 80/140 loss=0.5054
17:53:38 | INFO    | holoqpi.engine.trainer |   epoch 10 step 100/140 loss=0.5775
17:53:42 | INFO    | holoqpi.engine.trainer |   epoch 10 step 120/140 loss=0.6492
17:54:36 | INFO    | holoqpi.engine.trainer | epoch 10/60 (79s = 28s train + 51s val) | train_loss=0.7149  val_phase_mae=0.1800  val_dice=0.8072  val_cls_acc=nan  val_mass_mape=0.2319
17:54:37 | INFO    | holoqpi.engine.trainer |   epoch 11 step 0/140 loss=0.6424
17:54:41 | INFO    | holoqpi.engine.trainer |   epoch 11 step 20/140 loss=0.7088
17:54:45 | INFO    | holoqpi.engine.trainer |   epoch 11 step 40/140 loss=0.5440
17:54:49 | INFO    | holoqpi.engine.trainer |   epoch 11 step 60/140 loss=0.5230
17:54:53 | INFO    | holoqpi.engine.trainer |   epoch 11 step 80/140 loss=0.5764
17:54:57 | INFO    | holoqpi.engine.trainer |   epoch 11 step 100/140 loss=0.5612
17:55:01 | INFO    | holoqpi.engine.trainer |   epoch 11 step 120/140 loss=0.8726
17:55:55 | INFO    | holoqpi.engine.trainer | epoch 11/60 (79s = 28s train + 51s val) | train_loss=0.6976  val_phase_mae=0.1981  val_dice=0.8008  val_cls_acc=nan  val_mass_mape=0.2186
17:55:56 | INFO    | holoqpi.engine.trainer |   epoch 12 step 0/140 loss=0.6445
17:56:00 | INFO    | holoqpi.engine.trainer |   epoch 12 step 20/140 loss=0.7502
17:56:04 | INFO    | holoqpi.engine.trainer |   epoch 12 step 40/140 loss=0.8856
17:56:08 | INFO    | holoqpi.engine.trainer |   epoch 12 step 60/140 loss=0.5435
17:56:12 | INFO    | holoqpi.engine.trainer |   epoch 12 step 80/140 loss=0.5756
17:56:16 | INFO    | holoqpi.engine.trainer |   epoch 12 step 100/140 loss=0.6329
17:56:20 | INFO    | holoqpi.engine.trainer |   epoch 12 step 120/140 loss=0.6620
17:57:15 | INFO    | holoqpi.engine.trainer |   new best composite=0.7933
17:57:15 | INFO    | holoqpi.engine.trainer | epoch 12/60 (79s = 28s train + 51s val) | train_loss=0.6781  val_phase_mae=0.1753  val_dice=0.8133  val_cls_acc=nan  val_mass_mape=0.2094
17:57:16 | INFO    | holoqpi.engine.trainer |   epoch 13 step 0/140 loss=0.7044
17:57:20 | INFO    | holoqpi.engine.trainer |   epoch 13 step 20/140 loss=0.6897
17:57:24 | INFO    | holoqpi.engine.trainer |   epoch 13 step 40/140 loss=0.6474
17:57:28 | INFO    | holoqpi.engine.trainer |   epoch 13 step 60/140 loss=0.6942
17:57:32 | INFO    | holoqpi.engine.trainer |   epoch 13 step 80/140 loss=0.5521
17:57:36 | INFO    | holoqpi.engine.trainer |   epoch 13 step 100/140 loss=0.8768
17:57:40 | INFO    | holoqpi.engine.trainer |   epoch 13 step 120/140 loss=0.7626
17:58:34 | INFO    | holoqpi.engine.trainer | epoch 13/60 (79s = 28s train + 51s val) | train_loss=0.6704  val_phase_mae=0.1830  val_dice=0.8115  val_cls_acc=nan  val_mass_mape=0.2380
17:58:35 | INFO    | holoqpi.engine.trainer |   epoch 14 step 0/140 loss=0.5642
17:58:39 | INFO    | holoqpi.engine.trainer |   epoch 14 step 20/140 loss=0.5502
17:58:43 | INFO    | holoqpi.engine.trainer |   epoch 14 step 40/140 loss=0.8430
17:58:47 | INFO    | holoqpi.engine.trainer |   epoch 14 step 60/140 loss=0.5868
17:58:51 | INFO    | holoqpi.engine.trainer |   epoch 14 step 80/140 loss=0.5316
17:58:54 | INFO    | holoqpi.engine.trainer |   epoch 14 step 100/140 loss=0.6452
17:58:58 | INFO    | holoqpi.engine.trainer |   epoch 14 step 120/140 loss=0.5216
17:59:53 | INFO    | holoqpi.engine.trainer | epoch 14/60 (79s = 28s train + 52s val) | train_loss=0.6632  val_phase_mae=0.1877  val_dice=0.8064  val_cls_acc=nan  val_mass_mape=0.3263
17:59:54 | INFO    | holoqpi.engine.trainer |   epoch 15 step 0/140 loss=0.5346
17:59:58 | INFO    | holoqpi.engine.trainer |   epoch 15 step 20/140 loss=0.7812
18:00:02 | INFO    | holoqpi.engine.trainer |   epoch 15 step 40/140 loss=0.6526
18:00:06 | INFO    | holoqpi.engine.trainer |   epoch 15 step 60/140 loss=0.6417
18:00:10 | INFO    | holoqpi.engine.trainer |   epoch 15 step 80/140 loss=0.5574
18:00:14 | INFO    | holoqpi.engine.trainer |   epoch 15 step 100/140 loss=1.1122
18:00:18 | INFO    | holoqpi.engine.trainer |   epoch 15 step 120/140 loss=0.5565
18:01:13 | INFO    | holoqpi.engine.trainer | epoch 15/60 (79s = 28s train + 51s val) | train_loss=0.6624  val_phase_mae=0.1827  val_dice=0.8042  val_cls_acc=nan  val_mass_mape=0.2260
18:01:13 | INFO    | holoqpi.engine.trainer |   epoch 16 step 0/140 loss=0.5895
18:01:17 | INFO    | holoqpi.engine.trainer |   epoch 16 step 20/140 loss=0.6223
18:01:21 | INFO    | holoqpi.engine.trainer |   epoch 16 step 40/140 loss=0.7680
18:01:25 | INFO    | holoqpi.engine.trainer |   epoch 16 step 60/140 loss=0.8425
18:01:29 | INFO    | holoqpi.engine.trainer |   epoch 16 step 80/140 loss=0.6875
18:01:33 | INFO    | holoqpi.engine.trainer |   epoch 16 step 100/140 loss=0.6039
18:01:37 | INFO    | holoqpi.engine.trainer |   epoch 16 step 120/140 loss=0.6088
18:02:32 | INFO    | holoqpi.engine.trainer | epoch 16/60 (79s = 28s train + 51s val) | train_loss=0.6414  val_phase_mae=0.1877  val_dice=0.8137  val_cls_acc=nan  val_mass_mape=0.2470
18:02:33 | INFO    | holoqpi.engine.trainer |   epoch 17 step 0/140 loss=0.7631
18:02:37 | INFO    | holoqpi.engine.trainer |   epoch 17 step 20/140 loss=0.6164
18:02:41 | INFO    | holoqpi.engine.trainer |   epoch 17 step 40/140 loss=0.7444
18:02:44 | INFO    | holoqpi.engine.trainer |   epoch 17 step 60/140 loss=0.5507
18:02:48 | INFO    | holoqpi.engine.trainer |   epoch 17 step 80/140 loss=0.6584
18:02:52 | INFO    | holoqpi.engine.trainer |   epoch 17 step 100/140 loss=0.8425
18:02:56 | INFO    | holoqpi.engine.trainer |   epoch 17 step 120/140 loss=0.5970
18:03:51 | INFO    | holoqpi.engine.trainer | epoch 17/60 (79s = 28s train + 51s val) | train_loss=0.6403  val_phase_mae=0.1888  val_dice=0.8104  val_cls_acc=nan  val_mass_mape=0.2248
18:03:52 | INFO    | holoqpi.engine.trainer |   epoch 18 step 0/140 loss=0.6135
18:03:56 | INFO    | holoqpi.engine.trainer |   epoch 18 step 20/140 loss=0.6735
18:04:00 | INFO    | holoqpi.engine.trainer |   epoch 18 step 40/140 loss=0.6175
18:04:04 | INFO    | holoqpi.engine.trainer |   epoch 18 step 60/140 loss=0.5486
18:04:08 | INFO    | holoqpi.engine.trainer |   epoch 18 step 80/140 loss=0.5564
18:04:12 | INFO    | holoqpi.engine.trainer |   epoch 18 step 100/140 loss=0.5487
18:04:16 | INFO    | holoqpi.engine.trainer |   epoch 18 step 120/140 loss=0.8529
18:05:10 | INFO    | holoqpi.engine.trainer | epoch 18/60 (79s = 28s train + 51s val) | train_loss=0.6249  val_phase_mae=0.1799  val_dice=0.8155  val_cls_acc=nan  val_mass_mape=0.2202
18:05:11 | INFO    | holoqpi.engine.trainer |   epoch 19 step 0/140 loss=0.6287
18:05:15 | INFO    | holoqpi.engine.trainer |   epoch 19 step 20/140 loss=0.8358
18:05:19 | INFO    | holoqpi.engine.trainer |   epoch 19 step 40/140 loss=0.6507
18:05:23 | INFO    | holoqpi.engine.trainer |   epoch 19 step 60/140 loss=0.5570
18:05:27 | INFO    | holoqpi.engine.trainer |   epoch 19 step 80/140 loss=0.4727
18:05:31 | INFO    | holoqpi.engine.trainer |   epoch 19 step 100/140 loss=0.5534
18:05:35 | INFO    | holoqpi.engine.trainer |   epoch 19 step 120/140 loss=0.5357
18:06:29 | INFO    | holoqpi.engine.trainer | epoch 19/60 (79s = 28s train + 51s val) | train_loss=0.6219  val_phase_mae=0.1859  val_dice=0.8160  val_cls_acc=nan  val_mass_mape=0.3272
18:06:30 | INFO    | holoqpi.engine.trainer |   epoch 20 step 0/140 loss=0.6857
18:06:34 | INFO    | holoqpi.engine.trainer |   epoch 20 step 20/140 loss=0.9156
18:06:38 | INFO    | holoqpi.engine.trainer |   epoch 20 step 40/140 loss=0.5451
18:06:43 | INFO    | holoqpi.engine.trainer |   epoch 20 step 60/140 loss=0.5482
18:06:47 | INFO    | holoqpi.engine.trainer |   epoch 20 step 80/140 loss=0.6759
18:06:51 | INFO    | holoqpi.engine.trainer |   epoch 20 step 100/140 loss=0.7419
18:06:55 | INFO    | holoqpi.engine.trainer |   epoch 20 step 120/140 loss=0.6344
18:07:49 | INFO    | holoqpi.engine.trainer |   new best composite=0.7951
18:07:49 | INFO    | holoqpi.engine.trainer | epoch 20/60 (79s = 29s train + 50s val) | train_loss=0.6222  val_phase_mae=0.1747  val_dice=0.8141  val_cls_acc=nan  val_mass_mape=0.2040
18:07:50 | INFO    | holoqpi.engine.trainer |   epoch 21 step 0/140 loss=0.4536
18:07:54 | INFO    | holoqpi.engine.trainer |   epoch 21 step 20/140 loss=0.4784
18:07:58 | INFO    | holoqpi.engine.trainer |   epoch 21 step 40/140 loss=1.1081
18:08:02 | INFO    | holoqpi.engine.trainer |   epoch 21 step 60/140 loss=0.5964
18:08:06 | INFO    | holoqpi.engine.trainer |   epoch 21 step 80/140 loss=0.7000
18:08:10 | INFO    | holoqpi.engine.trainer |   epoch 21 step 100/140 loss=0.6301
18:08:14 | INFO    | holoqpi.engine.trainer |   epoch 21 step 120/140 loss=0.4877
18:09:08 | INFO    | holoqpi.engine.trainer | epoch 21/60 (79s = 28s train + 51s val) | train_loss=0.6081  val_phase_mae=0.1780  val_dice=0.8142  val_cls_acc=nan  val_mass_mape=0.2077
18:09:09 | INFO    | holoqpi.engine.trainer |   epoch 22 step 0/140 loss=0.5296
18:09:13 | INFO    | holoqpi.engine.trainer |   epoch 22 step 20/140 loss=0.5767
18:09:17 | INFO    | holoqpi.engine.trainer |   epoch 22 step 40/140 loss=0.5278
18:09:21 | INFO    | holoqpi.engine.trainer |   epoch 22 step 60/140 loss=0.7220
18:09:25 | INFO    | holoqpi.engine.trainer |   epoch 22 step 80/140 loss=0.5275
18:09:29 | INFO    | holoqpi.engine.trainer |   epoch 22 step 100/140 loss=0.5672
18:09:33 | INFO    | holoqpi.engine.trainer |   epoch 22 step 120/140 loss=0.7679
18:10:26 | INFO    | holoqpi.engine.trainer | epoch 22/60 (78s = 28s train + 50s val) | train_loss=0.6042  val_phase_mae=0.1786  val_dice=0.8205  val_cls_acc=nan  val_mass_mape=0.2399
18:10:27 | INFO    | holoqpi.engine.trainer |   epoch 23 step 0/140 loss=0.5490
18:10:31 | INFO    | holoqpi.engine.trainer |   epoch 23 step 20/140 loss=0.4753
18:10:35 | INFO    | holoqpi.engine.trainer |   epoch 23 step 40/140 loss=0.5790
18:10:39 | INFO    | holoqpi.engine.trainer |   epoch 23 step 60/140 loss=0.5969
18:10:43 | INFO    | holoqpi.engine.trainer |   epoch 23 step 80/140 loss=0.6803
18:10:46 | INFO    | holoqpi.engine.trainer |   epoch 23 step 100/140 loss=0.5278
18:10:50 | INFO    | holoqpi.engine.trainer |   epoch 23 step 120/140 loss=0.6885
18:11:45 | INFO    | holoqpi.engine.trainer | epoch 23/60 (79s = 28s train + 51s val) | train_loss=0.5911  val_phase_mae=0.1830  val_dice=0.8142  val_cls_acc=nan  val_mass_mape=0.2946
18:11:46 | INFO    | holoqpi.engine.trainer |   epoch 24 step 0/140 loss=0.6655
18:11:50 | INFO    | holoqpi.engine.trainer |   epoch 24 step 20/140 loss=0.5883
18:11:54 | INFO    | holoqpi.engine.trainer |   epoch 24 step 40/140 loss=0.5053
18:11:58 | INFO    | holoqpi.engine.trainer |   epoch 24 step 60/140 loss=0.4778
18:12:02 | INFO    | holoqpi.engine.trainer |   epoch 24 step 80/140 loss=0.8528
18:12:05 | INFO    | holoqpi.engine.trainer |   epoch 24 step 100/140 loss=0.5281
18:12:09 | INFO    | holoqpi.engine.trainer |   epoch 24 step 120/140 loss=0.6009
18:13:04 | INFO    | holoqpi.engine.trainer | epoch 24/60 (79s = 28s train + 51s val) | train_loss=0.5849  val_phase_mae=0.1842  val_dice=0.8075  val_cls_acc=nan  val_mass_mape=0.2185
18:13:05 | INFO    | holoqpi.engine.trainer |   epoch 25 step 0/140 loss=0.5578
18:13:09 | INFO    | holoqpi.engine.trainer |   epoch 25 step 20/140 loss=0.6748
18:13:13 | INFO    | holoqpi.engine.trainer |   epoch 25 step 40/140 loss=0.5636
18:13:17 | INFO    | holoqpi.engine.trainer |   epoch 25 step 60/140 loss=0.4717
18:13:21 | INFO    | holoqpi.engine.trainer |   epoch 25 step 80/140 loss=0.8147
18:13:25 | INFO    | holoqpi.engine.trainer |   epoch 25 step 100/140 loss=0.5010
18:13:29 | INFO    | holoqpi.engine.trainer |   epoch 25 step 120/140 loss=0.4519
18:14:23 | INFO    | holoqpi.engine.trainer | epoch 25/60 (79s = 28s train + 51s val) | train_loss=0.5922  val_phase_mae=0.1833  val_dice=0.8112  val_cls_acc=nan  val_mass_mape=0.2381
18:14:24 | INFO    | holoqpi.engine.trainer |   epoch 26 step 0/140 loss=0.4534
18:14:28 | INFO    | holoqpi.engine.trainer |   epoch 26 step 20/140 loss=0.4584
18:14:32 | INFO    | holoqpi.engine.trainer |   epoch 26 step 40/140 loss=0.6832
18:14:36 | INFO    | holoqpi.engine.trainer |   epoch 26 step 60/140 loss=0.5708
18:14:40 | INFO    | holoqpi.engine.trainer |   epoch 26 step 80/140 loss=0.7085
18:14:44 | INFO    | holoqpi.engine.trainer |   epoch 26 step 100/140 loss=0.6358
18:14:48 | INFO    | holoqpi.engine.trainer |   epoch 26 step 120/140 loss=0.6803
18:15:42 | INFO    | holoqpi.engine.trainer | epoch 26/60 (79s = 28s train + 51s val) | train_loss=0.5988  val_phase_mae=0.1781  val_dice=0.8167  val_cls_acc=nan  val_mass_mape=0.2175
18:15:43 | INFO    | holoqpi.engine.trainer |   epoch 27 step 0/140 loss=0.7523
18:15:47 | INFO    | holoqpi.engine.trainer |   epoch 27 step 20/140 loss=0.6057
18:15:51 | INFO    | holoqpi.engine.trainer |   epoch 27 step 40/140 loss=0.8726
18:15:55 | INFO    | holoqpi.engine.trainer |   epoch 27 step 60/140 loss=0.6752
18:15:59 | INFO    | holoqpi.engine.trainer |   epoch 27 step 80/140 loss=0.7103
18:16:03 | INFO    | holoqpi.engine.trainer |   epoch 27 step 100/140 loss=0.4839
18:16:07 | INFO    | holoqpi.engine.trainer |   epoch 27 step 120/140 loss=0.6829
18:17:01 | INFO    | holoqpi.engine.trainer |   new best composite=0.7963
18:17:01 | INFO    | holoqpi.engine.trainer | epoch 27/60 (79s = 28s train + 51s val) | train_loss=0.5754  val_phase_mae=0.1777  val_dice=0.8163  val_cls_acc=nan  val_mass_mape=0.1961
18:17:02 | INFO    | holoqpi.engine.trainer |   epoch 28 step 0/140 loss=0.5859
18:17:06 | INFO    | holoqpi.engine.trainer |   epoch 28 step 20/140 loss=0.5004
18:17:09 | INFO    | holoqpi.engine.trainer |   epoch 28 step 40/140 loss=0.4937
18:17:13 | INFO    | holoqpi.engine.trainer |   epoch 28 step 60/140 loss=0.5584
18:17:17 | INFO    | holoqpi.engine.trainer |   epoch 28 step 80/140 loss=0.4753
18:17:21 | INFO    | holoqpi.engine.trainer |   epoch 28 step 100/140 loss=0.7270
18:17:25 | INFO    | holoqpi.engine.trainer |   epoch 28 step 120/140 loss=0.5502
18:18:19 | INFO    | holoqpi.engine.trainer | epoch 28/60 (79s = 28s train + 51s val) | train_loss=0.5851  val_phase_mae=0.1835  val_dice=0.8107  val_cls_acc=nan  val_mass_mape=0.2072
18:18:20 | INFO    | holoqpi.engine.trainer |   epoch 29 step 0/140 loss=1.0322
18:18:24 | INFO    | holoqpi.engine.trainer |   epoch 29 step 20/140 loss=0.4168
18:18:28 | INFO    | holoqpi.engine.trainer |   epoch 29 step 40/140 loss=0.4497
18:18:32 | INFO    | holoqpi.engine.trainer |   epoch 29 step 60/140 loss=0.5016
18:18:36 | INFO    | holoqpi.engine.trainer |   epoch 29 step 80/140 loss=0.6144
18:18:40 | INFO    | holoqpi.engine.trainer |   epoch 29 step 100/140 loss=0.4295
18:18:44 | INFO    | holoqpi.engine.trainer |   epoch 29 step 120/140 loss=0.7146
18:19:38 | INFO    | holoqpi.engine.trainer |   new best composite=0.8002
18:19:38 | INFO    | holoqpi.engine.trainer | epoch 29/60 (79s = 28s train + 50s val) | train_loss=0.5652  val_phase_mae=0.1761  val_dice=0.8212  val_cls_acc=nan  val_mass_mape=0.2064
18:19:39 | INFO    | holoqpi.engine.trainer |   epoch 30 step 0/140 loss=0.4756
18:19:43 | INFO    | holoqpi.engine.trainer |   epoch 30 step 20/140 loss=0.7830
18:19:47 | INFO    | holoqpi.engine.trainer |   epoch 30 step 40/140 loss=0.4412
18:19:51 | INFO    | holoqpi.engine.trainer |   epoch 30 step 60/140 loss=0.5012
18:19:54 | INFO    | holoqpi.engine.trainer |   epoch 30 step 80/140 loss=0.8538
18:19:58 | INFO    | holoqpi.engine.trainer |   epoch 30 step 100/140 loss=0.5148
18:20:03 | INFO    | holoqpi.engine.trainer |   epoch 30 step 120/140 loss=0.5551
18:20:56 | INFO    | holoqpi.engine.trainer | epoch 30/60 (78s = 28s train + 50s val) | train_loss=0.5699  val_phase_mae=0.1757  val_dice=0.8201  val_cls_acc=nan  val_mass_mape=0.2081
18:20:57 | INFO    | holoqpi.engine.trainer |   epoch 31 step 0/140 loss=0.4316
18:21:01 | INFO    | holoqpi.engine.trainer |   epoch 31 step 20/140 loss=0.5717
18:21:05 | INFO    | holoqpi.engine.trainer |   epoch 31 step 40/140 loss=0.4799
18:21:09 | INFO    | holoqpi.engine.trainer |   epoch 31 step 60/140 loss=0.5443
18:21:13 | INFO    | holoqpi.engine.trainer |   epoch 31 step 80/140 loss=0.4993
18:21:17 | INFO    | holoqpi.engine.trainer |   epoch 31 step 100/140 loss=0.4182
18:21:21 | INFO    | holoqpi.engine.trainer |   epoch 31 step 120/140 loss=0.6959
18:22:14 | INFO    | holoqpi.engine.trainer | epoch 31/60 (78s = 28s train + 50s val) | train_loss=0.5720  val_phase_mae=0.1747  val_dice=0.8220  val_cls_acc=nan  val_mass_mape=0.2069
18:22:15 | INFO    | holoqpi.engine.trainer |   epoch 32 step 0/140 loss=0.4900
18:22:19 | INFO    | holoqpi.engine.trainer |   epoch 32 step 20/140 loss=0.5678
18:22:23 | INFO    | holoqpi.engine.trainer |   epoch 32 step 40/140 loss=0.3737
18:22:27 | INFO    | holoqpi.engine.trainer |   epoch 32 step 60/140 loss=0.4821
18:22:31 | INFO    | holoqpi.engine.trainer |   epoch 32 step 80/140 loss=0.6004
18:22:35 | INFO    | holoqpi.engine.trainer |   epoch 32 step 100/140 loss=0.6731
18:22:39 | INFO    | holoqpi.engine.trainer |   epoch 32 step 120/140 loss=0.4811
18:23:33 | INFO    | holoqpi.engine.trainer |   new best composite=0.8006
18:23:33 | INFO    | holoqpi.engine.trainer | epoch 32/60 (78s = 28s train + 50s val) | train_loss=0.5513  val_phase_mae=0.1746  val_dice=0.8202  val_cls_acc=nan  val_mass_mape=0.2038
18:23:34 | INFO    | holoqpi.engine.trainer |   epoch 33 step 0/140 loss=0.5457
18:23:38 | INFO    | holoqpi.engine.trainer |   epoch 33 step 20/140 loss=0.5343
18:23:42 | INFO    | holoqpi.engine.trainer |   epoch 33 step 40/140 loss=0.4846
18:23:46 | INFO    | holoqpi.engine.trainer |   epoch 33 step 60/140 loss=0.5414
18:23:50 | INFO    | holoqpi.engine.trainer |   epoch 33 step 80/140 loss=0.4907
18:23:54 | INFO    | holoqpi.engine.trainer |   epoch 33 step 100/140 loss=0.7775
18:23:58 | INFO    | holoqpi.engine.trainer |   epoch 33 step 120/140 loss=0.5782
18:24:51 | INFO    | holoqpi.engine.trainer |   new best composite=0.8024
18:24:51 | INFO    | holoqpi.engine.trainer | epoch 33/60 (78s = 28s train + 50s val) | train_loss=0.5508  val_phase_mae=0.1750  val_dice=0.8246  val_cls_acc=nan  val_mass_mape=0.2083
18:24:52 | INFO    | holoqpi.engine.trainer |   epoch 34 step 0/140 loss=0.5648
18:24:56 | INFO    | holoqpi.engine.trainer |   epoch 34 step 20/140 loss=0.4674
18:25:00 | INFO    | holoqpi.engine.trainer |   epoch 34 step 40/140 loss=0.4732
18:25:04 | INFO    | holoqpi.engine.trainer |   epoch 34 step 60/140 loss=0.5038
18:25:08 | INFO    | holoqpi.engine.trainer |   epoch 34 step 80/140 loss=0.5274
18:25:12 | INFO    | holoqpi.engine.trainer |   epoch 34 step 100/140 loss=0.6797
18:25:16 | INFO    | holoqpi.engine.trainer |   epoch 34 step 120/140 loss=0.5283
18:26:09 | INFO    | holoqpi.engine.trainer | epoch 34/60 (78s = 28s train + 50s val) | train_loss=0.5394  val_phase_mae=0.1766  val_dice=0.8222  val_cls_acc=nan  val_mass_mape=0.2067
18:26:10 | INFO    | holoqpi.engine.trainer |   epoch 35 step 0/140 loss=0.6204
18:26:14 | INFO    | holoqpi.engine.trainer |   epoch 35 step 20/140 loss=0.5471
18:26:17 | INFO    | holoqpi.engine.trainer |   epoch 35 step 40/140 loss=0.4368
18:26:21 | INFO    | holoqpi.engine.trainer |   epoch 35 step 60/140 loss=0.4393
18:26:25 | INFO    | holoqpi.engine.trainer |   epoch 35 step 80/140 loss=0.4471
18:26:29 | INFO    | holoqpi.engine.trainer |   epoch 35 step 100/140 loss=0.4358
18:26:33 | INFO    | holoqpi.engine.trainer |   epoch 35 step 120/140 loss=0.4558
18:27:27 | INFO    | holoqpi.engine.trainer |   new best composite=0.8025
18:27:27 | INFO    | holoqpi.engine.trainer | epoch 35/60 (78s = 28s train + 50s val) | train_loss=0.5361  val_phase_mae=0.1704  val_dice=0.8244  val_cls_acc=nan  val_mass_mape=0.2048
18:27:28 | INFO    | holoqpi.engine.trainer |   epoch 36 step 0/140 loss=0.5003
18:27:32 | INFO    | holoqpi.engine.trainer |   epoch 36 step 20/140 loss=0.5238
18:27:36 | INFO    | holoqpi.engine.trainer |   epoch 36 step 40/140 loss=0.8370
18:27:40 | INFO    | holoqpi.engine.trainer |   epoch 36 step 60/140 loss=0.6155
18:27:44 | INFO    | holoqpi.engine.trainer |   epoch 36 step 80/140 loss=0.5161
18:27:48 | INFO    | holoqpi.engine.trainer |   epoch 36 step 100/140 loss=0.4380
18:27:51 | INFO    | holoqpi.engine.trainer |   epoch 36 step 120/140 loss=0.4238
18:28:45 | INFO    | holoqpi.engine.trainer |   new best composite=0.8045
18:28:45 | INFO    | holoqpi.engine.trainer | epoch 36/60 (78s = 28s train + 50s val) | train_loss=0.5278  val_phase_mae=0.1714  val_dice=0.8235  val_cls_acc=nan  val_mass_mape=0.1966
18:28:46 | INFO    | holoqpi.engine.trainer |   epoch 37 step 0/140 loss=0.5624
18:28:50 | INFO    | holoqpi.engine.trainer |   epoch 37 step 20/140 loss=0.5544
18:28:54 | INFO    | holoqpi.engine.trainer |   epoch 37 step 40/140 loss=0.4627
18:28:57 | INFO    | holoqpi.engine.trainer |   epoch 37 step 60/140 loss=0.5130
18:29:01 | INFO    | holoqpi.engine.trainer |   epoch 37 step 80/140 loss=0.8504
18:29:05 | INFO    | holoqpi.engine.trainer |   epoch 37 step 100/140 loss=0.5587
18:29:09 | INFO    | holoqpi.engine.trainer |   epoch 37 step 120/140 loss=0.5757
18:30:03 | INFO    | holoqpi.engine.trainer | epoch 37/60 (78s = 28s train + 50s val) | train_loss=0.5402  val_phase_mae=0.1777  val_dice=0.8192  val_cls_acc=nan  val_mass_mape=0.2070
18:30:03 | INFO    | holoqpi.engine.trainer |   epoch 38 step 0/140 loss=0.4776
18:30:07 | INFO    | holoqpi.engine.trainer |   epoch 38 step 20/140 loss=0.6037
18:30:11 | INFO    | holoqpi.engine.trainer |   epoch 38 step 40/140 loss=0.5516
18:30:15 | INFO    | holoqpi.engine.trainer |   epoch 38 step 60/140 loss=0.4982
18:30:19 | INFO    | holoqpi.engine.trainer |   epoch 38 step 80/140 loss=0.5430
18:30:23 | INFO    | holoqpi.engine.trainer |   epoch 38 step 100/140 loss=0.4520
18:30:27 | INFO    | holoqpi.engine.trainer |   epoch 38 step 120/140 loss=0.6055
18:31:20 | INFO    | holoqpi.engine.trainer | epoch 38/60 (78s = 28s train + 50s val) | train_loss=0.5247  val_phase_mae=0.1752  val_dice=0.8250  val_cls_acc=nan  val_mass_mape=0.2012
18:31:21 | INFO    | holoqpi.engine.trainer |   epoch 39 step 0/140 loss=0.4747
18:31:25 | INFO    | holoqpi.engine.trainer |   epoch 39 step 20/140 loss=0.4089
18:31:29 | INFO    | holoqpi.engine.trainer |   epoch 39 step 40/140 loss=0.5044
18:31:33 | INFO    | holoqpi.engine.trainer |   epoch 39 step 60/140 loss=0.5556
18:31:37 | INFO    | holoqpi.engine.trainer |   epoch 39 step 80/140 loss=0.5226
18:31:41 | INFO    | holoqpi.engine.trainer |   epoch 39 step 100/140 loss=0.5803
18:31:45 | INFO    | holoqpi.engine.trainer |   epoch 39 step 120/140 loss=0.5885
18:32:37 | INFO    | holoqpi.engine.trainer | epoch 39/60 (77s = 28s train + 50s val) | train_loss=0.5148  val_phase_mae=0.1774  val_dice=0.8250  val_cls_acc=nan  val_mass_mape=0.2065
18:32:38 | INFO    | holoqpi.engine.trainer |   epoch 40 step 0/140 loss=0.5366
18:32:42 | INFO    | holoqpi.engine.trainer |   epoch 40 step 20/140 loss=0.3961
18:32:46 | INFO    | holoqpi.engine.trainer |   epoch 40 step 40/140 loss=0.5125
18:32:50 | INFO    | holoqpi.engine.trainer |   epoch 40 step 60/140 loss=0.5052
18:32:54 | INFO    | holoqpi.engine.trainer |   epoch 40 step 80/140 loss=0.6595
18:32:58 | INFO    | holoqpi.engine.trainer |   epoch 40 step 100/140 loss=0.5551
18:33:02 | INFO    | holoqpi.engine.trainer |   epoch 40 step 120/140 loss=0.5368
18:33:55 | INFO    | holoqpi.engine.trainer | epoch 40/60 (78s = 28s train + 50s val) | train_loss=0.5140  val_phase_mae=0.1747  val_dice=0.8206  val_cls_acc=nan  val_mass_mape=0.2007
18:33:56 | INFO    | holoqpi.engine.trainer |   epoch 41 step 0/140 loss=0.6324
18:34:00 | INFO    | holoqpi.engine.trainer |   epoch 41 step 20/140 loss=0.4105
18:34:04 | INFO    | holoqpi.engine.trainer |   epoch 41 step 40/140 loss=0.4712
18:34:08 | INFO    | holoqpi.engine.trainer |   epoch 41 step 60/140 loss=0.5334
18:34:12 | INFO    | holoqpi.engine.trainer |   epoch 41 step 80/140 loss=0.5415
18:34:16 | INFO    | holoqpi.engine.trainer |   epoch 41 step 100/140 loss=0.4027
18:34:20 | INFO    | holoqpi.engine.trainer |   epoch 41 step 120/140 loss=0.4972
18:35:14 | INFO    | holoqpi.engine.trainer | epoch 41/60 (78s = 28s train + 50s val) | train_loss=0.5101  val_phase_mae=0.1769  val_dice=0.8225  val_cls_acc=nan  val_mass_mape=0.2152
18:35:15 | INFO    | holoqpi.engine.trainer |   epoch 42 step 0/140 loss=0.5346
18:35:19 | INFO    | holoqpi.engine.trainer |   epoch 42 step 20/140 loss=0.5360
18:35:23 | INFO    | holoqpi.engine.trainer |   epoch 42 step 40/140 loss=0.6160
18:35:27 | INFO    | holoqpi.engine.trainer |   epoch 42 step 60/140 loss=0.4281
18:35:31 | INFO    | holoqpi.engine.trainer |   epoch 42 step 80/140 loss=0.6015
18:35:35 | INFO    | holoqpi.engine.trainer |   epoch 42 step 100/140 loss=0.4412
18:35:39 | INFO    | holoqpi.engine.trainer |   epoch 42 step 120/140 loss=0.5964
18:36:32 | INFO    | holoqpi.engine.trainer | epoch 42/60 (78s = 28s train + 50s val) | train_loss=0.5251  val_phase_mae=0.1780  val_dice=0.8236  val_cls_acc=nan  val_mass_mape=0.2159
18:36:33 | INFO    | holoqpi.engine.trainer |   epoch 43 step 0/140 loss=0.4099
18:36:37 | INFO    | holoqpi.engine.trainer |   epoch 43 step 20/140 loss=0.4643
18:36:41 | INFO    | holoqpi.engine.trainer |   epoch 43 step 40/140 loss=0.5126
18:36:45 | INFO    | holoqpi.engine.trainer |   epoch 43 step 60/140 loss=0.4127
18:36:49 | INFO    | holoqpi.engine.trainer |   epoch 43 step 80/140 loss=0.4126
18:36:53 | INFO    | holoqpi.engine.trainer |   epoch 43 step 100/140 loss=0.4820
18:36:57 | INFO    | holoqpi.engine.trainer |   epoch 43 step 120/140 loss=0.5197
18:37:50 | INFO    | holoqpi.engine.trainer | epoch 43/60 (78s = 28s train + 50s val) | train_loss=0.5070  val_phase_mae=0.1767  val_dice=0.8248  val_cls_acc=nan  val_mass_mape=0.2015
18:37:51 | INFO    | holoqpi.engine.trainer |   epoch 44 step 0/140 loss=0.6813
18:37:55 | INFO    | holoqpi.engine.trainer |   epoch 44 step 20/140 loss=0.4517
18:37:59 | INFO    | holoqpi.engine.trainer |   epoch 44 step 40/140 loss=0.5339
18:38:03 | INFO    | holoqpi.engine.trainer |   epoch 44 step 60/140 loss=0.5096
18:38:07 | INFO    | holoqpi.engine.trainer |   epoch 44 step 80/140 loss=0.4509
18:38:11 | INFO    | holoqpi.engine.trainer |   epoch 44 step 100/140 loss=0.4293
18:38:15 | INFO    | holoqpi.engine.trainer |   epoch 44 step 120/140 loss=0.4353
18:39:09 | INFO    | holoqpi.engine.trainer | epoch 44/60 (78s = 28s train + 50s val) | train_loss=0.5067  val_phase_mae=0.1780  val_dice=0.8254  val_cls_acc=nan  val_mass_mape=0.2100
18:39:10 | INFO    | holoqpi.engine.trainer |   epoch 45 step 0/140 loss=0.4409
18:39:13 | INFO    | holoqpi.engine.trainer |   epoch 45 step 20/140 loss=0.4023
18:39:17 | INFO    | holoqpi.engine.trainer |   epoch 45 step 40/140 loss=0.4721
18:39:21 | INFO    | holoqpi.engine.trainer |   epoch 45 step 60/140 loss=0.5479
18:39:25 | INFO    | holoqpi.engine.trainer |   epoch 45 step 80/140 loss=0.4608
18:39:29 | INFO    | holoqpi.engine.trainer |   epoch 45 step 100/140 loss=0.6070
18:39:33 | INFO    | holoqpi.engine.trainer |   epoch 45 step 120/140 loss=0.6569
18:40:26 | INFO    | holoqpi.engine.trainer | epoch 45/60 (78s = 28s train + 50s val) | train_loss=0.5002  val_phase_mae=0.1764  val_dice=0.8259  val_cls_acc=nan  val_mass_mape=0.2052
18:40:27 | INFO    | holoqpi.engine.trainer |   epoch 46 step 0/140 loss=0.3930
18:40:31 | INFO    | holoqpi.engine.trainer |   epoch 46 step 20/140 loss=0.3968
18:40:35 | INFO    | holoqpi.engine.trainer |   epoch 46 step 40/140 loss=0.4076
18:40:39 | INFO    | holoqpi.engine.trainer |   epoch 46 step 60/140 loss=0.5931
18:40:43 | INFO    | holoqpi.engine.trainer |   epoch 46 step 80/140 loss=0.5650
18:40:47 | INFO    | holoqpi.engine.trainer |   epoch 46 step 100/140 loss=0.4011
18:40:51 | INFO    | holoqpi.engine.trainer |   epoch 46 step 120/140 loss=0.4251
18:41:45 | INFO    | holoqpi.engine.trainer | epoch 46/60 (78s = 28s train + 50s val) | train_loss=0.5041  val_phase_mae=0.1757  val_dice=0.8265  val_cls_acc=nan  val_mass_mape=0.2129
18:41:46 | INFO    | holoqpi.engine.trainer |   epoch 47 step 0/140 loss=0.5552
18:41:49 | INFO    | holoqpi.engine.trainer |   epoch 47 step 20/140 loss=0.5053
18:41:53 | INFO    | holoqpi.engine.trainer |   epoch 47 step 40/140 loss=0.5227
18:41:57 | INFO    | holoqpi.engine.trainer |   epoch 47 step 60/140 loss=0.4213
18:42:01 | INFO    | holoqpi.engine.trainer |   epoch 47 step 80/140 loss=0.4711
18:42:05 | INFO    | holoqpi.engine.trainer |   epoch 47 step 100/140 loss=0.4367
18:42:10 | INFO    | holoqpi.engine.trainer |   epoch 47 step 120/140 loss=0.5390
18:43:03 | INFO    | holoqpi.engine.trainer | epoch 47/60 (79s = 28s train + 50s val) | train_loss=0.5016  val_phase_mae=0.1746  val_dice=0.8247  val_cls_acc=nan  val_mass_mape=0.1979
18:43:04 | INFO    | holoqpi.engine.trainer |   epoch 48 step 0/140 loss=0.7279
18:43:08 | INFO    | holoqpi.engine.trainer |   epoch 48 step 20/140 loss=0.4200
18:43:12 | INFO    | holoqpi.engine.trainer |   epoch 48 step 40/140 loss=0.5646
18:43:16 | INFO    | holoqpi.engine.trainer |   epoch 48 step 60/140 loss=0.4612
18:43:20 | INFO    | holoqpi.engine.trainer |   epoch 48 step 80/140 loss=0.4244
18:43:24 | INFO    | holoqpi.engine.trainer |   epoch 48 step 100/140 loss=0.3986
18:43:28 | INFO    | holoqpi.engine.trainer |   epoch 48 step 120/140 loss=0.4453
18:44:22 | INFO    | holoqpi.engine.trainer | epoch 48/60 (78s = 28s train + 50s val) | train_loss=0.4948  val_phase_mae=0.1741  val_dice=0.8258  val_cls_acc=nan  val_mass_mape=0.2103
18:44:23 | INFO    | holoqpi.engine.trainer |   epoch 49 step 0/140 loss=0.5082
18:44:27 | INFO    | holoqpi.engine.trainer |   epoch 49 step 20/140 loss=0.4652
18:44:30 | INFO    | holoqpi.engine.trainer |   epoch 49 step 40/140 loss=0.4179
18:44:34 | INFO    | holoqpi.engine.trainer |   epoch 49 step 60/140 loss=0.4268
18:44:38 | INFO    | holoqpi.engine.trainer |   epoch 49 step 80/140 loss=0.6973
18:44:42 | INFO    | holoqpi.engine.trainer |   epoch 49 step 100/140 loss=0.4966
18:44:46 | INFO    | holoqpi.engine.trainer |   epoch 49 step 120/140 loss=0.5726
18:45:40 | INFO    | holoqpi.engine.trainer | epoch 49/60 (78s = 28s train + 50s val) | train_loss=0.4868  val_phase_mae=0.1737  val_dice=0.8261  val_cls_acc=nan  val_mass_mape=0.2105
18:45:41 | INFO    | holoqpi.engine.trainer |   epoch 50 step 0/140 loss=0.4605
18:45:45 | INFO    | holoqpi.engine.trainer |   epoch 50 step 20/140 loss=0.4272
18:45:49 | INFO    | holoqpi.engine.trainer |   epoch 50 step 40/140 loss=0.5577
18:45:53 | INFO    | holoqpi.engine.trainer |   epoch 50 step 60/140 loss=0.4384
18:45:57 | INFO    | holoqpi.engine.trainer |   epoch 50 step 80/140 loss=0.6228
18:46:00 | INFO    | holoqpi.engine.trainer |   epoch 50 step 100/140 loss=0.4943
18:46:04 | INFO    | holoqpi.engine.trainer |   epoch 50 step 120/140 loss=0.4265
18:46:58 | INFO    | holoqpi.engine.trainer | epoch 50/60 (78s = 28s train + 50s val) | train_loss=0.4998  val_phase_mae=0.1738  val_dice=0.8261  val_cls_acc=nan  val_mass_mape=0.2049
18:46:59 | INFO    | holoqpi.engine.trainer |   epoch 51 step 0/140 loss=0.4811
18:47:03 | INFO    | holoqpi.engine.trainer |   epoch 51 step 20/140 loss=0.7833
18:47:07 | INFO    | holoqpi.engine.trainer |   epoch 51 step 40/140 loss=0.5152
18:47:11 | INFO    | holoqpi.engine.trainer |   epoch 51 step 60/140 loss=0.4756
18:47:15 | INFO    | holoqpi.engine.trainer |   epoch 51 step 80/140 loss=0.4752
18:47:19 | INFO    | holoqpi.engine.trainer |   epoch 51 step 100/140 loss=0.4529
18:47:23 | INFO    | holoqpi.engine.trainer |   epoch 51 step 120/140 loss=0.6554
18:48:16 | INFO    | holoqpi.engine.trainer | epoch 51/60 (79s = 29s train + 50s val) | train_loss=0.4960  val_phase_mae=0.1741  val_dice=0.8258  val_cls_acc=nan  val_mass_mape=0.2065
18:48:17 | INFO    | holoqpi.engine.trainer |   epoch 52 step 0/140 loss=0.5276
18:48:21 | INFO    | holoqpi.engine.trainer |   epoch 52 step 20/140 loss=0.4988
18:48:25 | INFO    | holoqpi.engine.trainer |   epoch 52 step 40/140 loss=0.5592
18:48:29 | INFO    | holoqpi.engine.trainer |   epoch 52 step 60/140 loss=0.3976
18:48:33 | INFO    | holoqpi.engine.trainer |   epoch 52 step 80/140 loss=0.4431
18:48:37 | INFO    | holoqpi.engine.trainer |   epoch 52 step 100/140 loss=0.4691
18:48:41 | INFO    | holoqpi.engine.trainer |   epoch 52 step 120/140 loss=0.4534
18:49:34 | INFO    | holoqpi.engine.trainer |   new best composite=0.8088
18:49:34 | INFO    | holoqpi.engine.trainer | epoch 52/60 (78s = 28s train + 50s val) | train_loss=0.4903  val_phase_mae=0.1715  val_dice=0.8268  val_cls_acc=nan  val_mass_mape=0.1905
18:49:35 | INFO    | holoqpi.engine.trainer |   epoch 53 step 0/140 loss=0.5303
18:49:39 | INFO    | holoqpi.engine.trainer |   epoch 53 step 20/140 loss=0.3957
18:49:43 | INFO    | holoqpi.engine.trainer |   epoch 53 step 40/140 loss=0.4158
18:49:47 | INFO    | holoqpi.engine.trainer |   epoch 53 step 60/140 loss=0.4924
18:49:51 | INFO    | holoqpi.engine.trainer |   epoch 53 step 80/140 loss=0.5517
18:49:55 | INFO    | holoqpi.engine.trainer |   epoch 53 step 100/140 loss=0.4968
18:49:59 | INFO    | holoqpi.engine.trainer |   epoch 53 step 120/140 loss=0.5131
18:50:52 | INFO    | holoqpi.engine.trainer | epoch 53/60 (78s = 28s train + 50s val) | train_loss=0.4855  val_phase_mae=0.1745  val_dice=0.8265  val_cls_acc=nan  val_mass_mape=0.1937
18:50:53 | INFO    | holoqpi.engine.trainer |   epoch 54 step 0/140 loss=0.5314
18:50:57 | INFO    | holoqpi.engine.trainer |   epoch 54 step 20/140 loss=0.5699
18:51:01 | INFO    | holoqpi.engine.trainer |   epoch 54 step 40/140 loss=0.5538
18:51:05 | INFO    | holoqpi.engine.trainer |   epoch 54 step 60/140 loss=0.4629
18:51:09 | INFO    | holoqpi.engine.trainer |   epoch 54 step 80/140 loss=0.5575
18:51:13 | INFO    | holoqpi.engine.trainer |   epoch 54 step 100/140 loss=0.5057
18:51:17 | INFO    | holoqpi.engine.trainer |   epoch 54 step 120/140 loss=0.3864
18:52:10 | INFO    | holoqpi.engine.trainer | epoch 54/60 (78s = 28s train + 50s val) | train_loss=0.4886  val_phase_mae=0.1728  val_dice=0.8269  val_cls_acc=nan  val_mass_mape=0.1958
18:52:11 | INFO    | holoqpi.engine.trainer |   epoch 55 step 0/140 loss=0.5814
18:52:15 | INFO    | holoqpi.engine.trainer |   epoch 55 step 20/140 loss=0.3974
18:52:19 | INFO    | holoqpi.engine.trainer |   epoch 55 step 40/140 loss=0.5320
18:52:23 | INFO    | holoqpi.engine.trainer |   epoch 55 step 60/140 loss=0.6158
18:52:27 | INFO    | holoqpi.engine.trainer |   epoch 55 step 80/140 loss=0.5716
18:52:30 | INFO    | holoqpi.engine.trainer |   epoch 55 step 100/140 loss=0.6077
18:52:34 | INFO    | holoqpi.engine.trainer |   epoch 55 step 120/140 loss=0.4563
18:53:27 | INFO    | holoqpi.engine.trainer | epoch 55/60 (77s = 28s train + 50s val) | train_loss=0.4823  val_phase_mae=0.1740  val_dice=0.8271  val_cls_acc=nan  val_mass_mape=0.1966
18:53:28 | INFO    | holoqpi.engine.trainer |   epoch 56 step 0/140 loss=0.6462
18:53:32 | INFO    | holoqpi.engine.trainer |   epoch 56 step 20/140 loss=0.3552
18:53:36 | INFO    | holoqpi.engine.trainer |   epoch 56 step 40/140 loss=0.3936
18:53:40 | INFO    | holoqpi.engine.trainer |   epoch 56 step 60/140 loss=0.4596
18:53:44 | INFO    | holoqpi.engine.trainer |   epoch 56 step 80/140 loss=0.4550
18:53:48 | INFO    | holoqpi.engine.trainer |   epoch 56 step 100/140 loss=0.4761
18:53:51 | INFO    | holoqpi.engine.trainer |   epoch 56 step 120/140 loss=0.3807
18:54:45 | INFO    | holoqpi.engine.trainer | epoch 56/60 (77s = 28s train + 50s val) | train_loss=0.4771  val_phase_mae=0.1736  val_dice=0.8270  val_cls_acc=nan  val_mass_mape=0.1954
18:54:45 | INFO    | holoqpi.engine.trainer |   epoch 57 step 0/140 loss=0.5977
18:54:49 | INFO    | holoqpi.engine.trainer |   epoch 57 step 20/140 loss=0.4905
18:54:53 | INFO    | holoqpi.engine.trainer |   epoch 57 step 40/140 loss=0.4454
18:54:57 | INFO    | holoqpi.engine.trainer |   epoch 57 step 60/140 loss=0.5243
18:55:01 | INFO    | holoqpi.engine.trainer |   epoch 57 step 80/140 loss=0.4412
18:55:05 | INFO    | holoqpi.engine.trainer |   epoch 57 step 100/140 loss=0.6038
18:55:09 | INFO    | holoqpi.engine.trainer |   epoch 57 step 120/140 loss=0.5310
18:56:02 | INFO    | holoqpi.engine.trainer | epoch 57/60 (77s = 28s train + 50s val) | train_loss=0.4925  val_phase_mae=0.1739  val_dice=0.8270  val_cls_acc=nan  val_mass_mape=0.1921
18:56:03 | INFO    | holoqpi.engine.trainer |   epoch 58 step 0/140 loss=0.4588
18:56:07 | INFO    | holoqpi.engine.trainer |   epoch 58 step 20/140 loss=0.3876
18:56:11 | INFO    | holoqpi.engine.trainer |   epoch 58 step 40/140 loss=0.4558
18:56:15 | INFO    | holoqpi.engine.trainer |   epoch 58 step 60/140 loss=0.4120
18:56:18 | INFO    | holoqpi.engine.trainer |   epoch 58 step 80/140 loss=0.4549
18:56:22 | INFO    | holoqpi.engine.trainer |   epoch 58 step 100/140 loss=0.3787
18:56:26 | INFO    | holoqpi.engine.trainer |   epoch 58 step 120/140 loss=0.6487
18:57:20 | INFO    | holoqpi.engine.trainer | epoch 58/60 (78s = 28s train + 50s val) | train_loss=0.4860  val_phase_mae=0.1744  val_dice=0.8272  val_cls_acc=nan  val_mass_mape=0.1957
18:57:21 | INFO    | holoqpi.engine.trainer |   epoch 59 step 0/140 loss=0.5145
18:57:25 | INFO    | holoqpi.engine.trainer |   epoch 59 step 20/140 loss=0.4954
18:57:29 | INFO    | holoqpi.engine.trainer |   epoch 59 step 40/140 loss=0.5309
18:57:33 | INFO    | holoqpi.engine.trainer |   epoch 59 step 60/140 loss=0.6668
18:57:36 | INFO    | holoqpi.engine.trainer |   epoch 59 step 80/140 loss=0.5096
18:57:41 | INFO    | holoqpi.engine.trainer |   epoch 59 step 100/140 loss=0.5038
18:57:44 | INFO    | holoqpi.engine.trainer |   epoch 59 step 120/140 loss=0.5965
18:58:38 | INFO    | holoqpi.engine.trainer | epoch 59/60 (78s = 28s train + 50s val) | train_loss=0.4792  val_phase_mae=0.1736  val_dice=0.8275  val_cls_acc=nan  val_mass_mape=0.2044
18:58:39 | INFO    | holoqpi.engine.trainer |   epoch 60 step 0/140 loss=0.6284
18:58:43 | INFO    | holoqpi.engine.trainer |   epoch 60 step 20/140 loss=0.4115
18:58:47 | INFO    | holoqpi.engine.trainer |   epoch 60 step 40/140 loss=0.6460
18:58:50 | INFO    | holoqpi.engine.trainer |   epoch 60 step 60/140 loss=0.4201
18:58:54 | INFO    | holoqpi.engine.trainer |   epoch 60 step 80/140 loss=0.4709
18:58:58 | INFO    | holoqpi.engine.trainer |   epoch 60 step 100/140 loss=0.4652
18:59:02 | INFO    | holoqpi.engine.trainer |   epoch 60 step 120/140 loss=0.4913
18:59:56 | INFO    | holoqpi.engine.trainer | epoch 60/60 (78s = 28s train + 50s val) | train_loss=0.4859  val_phase_mae=0.1729  val_dice=0.8272  val_cls_acc=nan  val_mass_mape=0.1983
18:59:56 | INFO    | holoqpi.engine.trainer | training finished; best epoch 52 (composite=0.8088)
