11:54:28 | INFO    | holoqpi | training v2_ipp_w03 on off_axis (device=cuda)
11:54:28 | INFO    | holoqpi.data.dataset | train split: 560 samples | modality=off_axis | crop=512 | augment=True
11:54:28 | INFO    | holoqpi.data.dataset | val split: 127 samples | modality=off_axis | crop=None | augment=False
11:54:29 | INFO    | holoqpi.models.encoders | loading pretrained mobilenet_v2 from weights/mobilenet_v2-b0353104.pth
11:54:29 | INFO    | holoqpi.models.encoders | loading pretrained mobilenet_v2 from weights/mobilenet_v2-b0353104.pth
11:54:29 | INFO    | holoqpi.models.encoders | encoder=mobilenet_v2 in_channels=1 pretrained=True weights=local (weights) stages=[16, 24, 32, 96, 1280]
11:54:29 | INFO    | holoqpi.models.holonet | HoloQPINet built: 9.60M parameters, 9.60M trainable (100.0%)
11:54:30 | INFO    | holoqpi.engine.trainer | trainable 9.60M / 9.60M parameters (100.0%)
11:54:30 | INFO    | holoqpi.engine.trainer | objective: cell_integrated_phase=0.3  phase=1  segmentation=1
11:54:30 | INFO    | holoqpi.engine.trainer | active physics terms: ['cell_integrated_phase']
11:54:37 | INFO    | holoqpi.engine.trainer |   epoch 1 step 0/140 loss=2.0969
11:54:40 | INFO    | holoqpi.engine.trainer |   epoch 1 step 20/140 loss=1.7796
11:54:44 | INFO    | holoqpi.engine.trainer |   epoch 1 step 40/140 loss=1.5333
11:54:49 | INFO    | holoqpi.engine.trainer |   epoch 1 step 60/140 loss=1.4027
11:54:53 | INFO    | holoqpi.engine.trainer |   epoch 1 step 80/140 loss=1.2722
11:54:57 | INFO    | holoqpi.engine.trainer |   epoch 1 step 100/140 loss=1.2055
11:55:01 | INFO    | holoqpi.engine.trainer |   epoch 1 step 120/140 loss=1.0645
11:56:01 | INFO    | holoqpi.engine.trainer |   new best composite=0.6319
11:56:01 | INFO    | holoqpi.engine.trainer | epoch 1/60 (90s = 35s train + 55s val) | train_loss=1.3973  val_phase_mae=0.2617  val_dice=0.6478  val_cls_acc=nan  val_mass_mape=0.3181
11:56:01 | INFO    | holoqpi.engine.trainer |   at this rate the full 60-epoch schedule takes about 90 min
11:56:02 | INFO    | holoqpi.engine.trainer |   epoch 2 step 0/140 loss=1.0316
11:56:06 | INFO    | holoqpi.engine.trainer |   epoch 2 step 20/140 loss=0.9961
11:56:10 | INFO    | holoqpi.engine.trainer |   epoch 2 step 40/140 loss=0.8907
11:56:15 | INFO    | holoqpi.engine.trainer |   epoch 2 step 60/140 loss=0.8712
11:56:19 | INFO    | holoqpi.engine.trainer |   epoch 2 step 80/140 loss=0.8955
11:56:23 | INFO    | holoqpi.engine.trainer |   epoch 2 step 100/140 loss=0.7145
11:56:28 | INFO    | holoqpi.engine.trainer |   epoch 2 step 120/140 loss=0.8800
11:57:26 | INFO    | holoqpi.engine.trainer |   new best composite=0.7399
11:57:26 | INFO    | holoqpi.engine.trainer | epoch 2/60 (85s = 32s train + 53s val) | train_loss=0.8789  val_phase_mae=0.2016  val_dice=0.7523  val_cls_acc=nan  val_mass_mape=0.2399
11:57:27 | INFO    | holoqpi.engine.trainer |   epoch 3 step 0/140 loss=0.7456
11:57:31 | INFO    | holoqpi.engine.trainer |   epoch 3 step 20/140 loss=0.6922
11:57:35 | INFO    | holoqpi.engine.trainer |   epoch 3 step 40/140 loss=0.6168
11:57:40 | INFO    | holoqpi.engine.trainer |   epoch 3 step 60/140 loss=0.6142
11:57:44 | INFO    | holoqpi.engine.trainer |   epoch 3 step 80/140 loss=0.5925
11:57:49 | INFO    | holoqpi.engine.trainer |   epoch 3 step 100/140 loss=0.6180
11:57:53 | INFO    | holoqpi.engine.trainer |   epoch 3 step 120/140 loss=0.6170
11:58:49 | INFO    | holoqpi.engine.trainer |   new best composite=0.7404
11:58:49 | INFO    | holoqpi.engine.trainer | epoch 3/60 (83s = 31s train + 52s val) | train_loss=0.6727  val_phase_mae=0.2034  val_dice=0.7602  val_cls_acc=nan  val_mass_mape=0.2695
11:58:50 | INFO    | holoqpi.engine.trainer |   epoch 4 step 0/140 loss=0.6525
11:58:54 | INFO    | holoqpi.engine.trainer |   epoch 4 step 20/140 loss=0.5423
11:58:58 | INFO    | holoqpi.engine.trainer |   epoch 4 step 40/140 loss=0.5542
11:59:02 | INFO    | holoqpi.engine.trainer |   epoch 4 step 60/140 loss=0.6570
11:59:07 | INFO    | holoqpi.engine.trainer |   epoch 4 step 80/140 loss=0.6492
11:59:11 | INFO    | holoqpi.engine.trainer |   epoch 4 step 100/140 loss=0.6717
11:59:16 | INFO    | holoqpi.engine.trainer |   epoch 4 step 120/140 loss=0.8483
12:00:13 | INFO    | holoqpi.engine.trainer |   new best composite=0.7665
12:00:13 | INFO    | holoqpi.engine.trainer | epoch 4/60 (83s = 31s train + 52s val) | train_loss=0.5923  val_phase_mae=0.1854  val_dice=0.7894  val_cls_acc=nan  val_mass_mape=0.2442
12:00:13 | INFO    | holoqpi.engine.trainer |   epoch 5 step 0/140 loss=0.6106
12:00:18 | INFO    | holoqpi.engine.trainer |   epoch 5 step 20/140 loss=0.4990
12:00:21 | INFO    | holoqpi.engine.trainer |   epoch 5 step 40/140 loss=0.6784
12:00:25 | INFO    | holoqpi.engine.trainer |   epoch 5 step 60/140 loss=0.5489
12:00:30 | INFO    | holoqpi.engine.trainer |   epoch 5 step 80/140 loss=0.4668
12:00:34 | INFO    | holoqpi.engine.trainer |   epoch 5 step 100/140 loss=0.6514
12:00:38 | INFO    | holoqpi.engine.trainer |   epoch 5 step 120/140 loss=0.4753
12:01:36 | INFO    | holoqpi.engine.trainer |   new best composite=0.7797
12:01:36 | INFO    | holoqpi.engine.trainer | epoch 5/60 (84s = 30s train + 53s val) | train_loss=0.5585  val_phase_mae=0.1842  val_dice=0.7957  val_cls_acc=nan  val_mass_mape=0.2111
12:01:37 | INFO    | holoqpi.engine.trainer |   epoch 6 step 0/140 loss=0.4384
12:01:41 | INFO    | holoqpi.engine.trainer |   epoch 6 step 20/140 loss=0.6357
12:01:45 | INFO    | holoqpi.engine.trainer |   epoch 6 step 40/140 loss=0.5089
12:01:49 | INFO    | holoqpi.engine.trainer |   epoch 6 step 60/140 loss=0.3774
12:01:54 | INFO    | holoqpi.engine.trainer |   epoch 6 step 80/140 loss=0.5359
12:01:58 | INFO    | holoqpi.engine.trainer |   epoch 6 step 100/140 loss=0.4156
12:02:03 | INFO    | holoqpi.engine.trainer |   epoch 6 step 120/140 loss=0.7593
12:03:00 | INFO    | holoqpi.engine.trainer |   new best composite=0.7841
12:03:00 | INFO    | holoqpi.engine.trainer | epoch 6/60 (83s = 31s train + 53s val) | train_loss=0.5270  val_phase_mae=0.1817  val_dice=0.8010  val_cls_acc=nan  val_mass_mape=0.2109
12:03:01 | INFO    | holoqpi.engine.trainer |   epoch 7 step 0/140 loss=0.6491
12:03:05 | INFO    | holoqpi.engine.trainer |   epoch 7 step 20/140 loss=0.4841
12:03:09 | INFO    | holoqpi.engine.trainer |   epoch 7 step 40/140 loss=0.4564
12:03:13 | INFO    | holoqpi.engine.trainer |   epoch 7 step 60/140 loss=0.4393
12:03:17 | INFO    | holoqpi.engine.trainer |   epoch 7 step 80/140 loss=0.5344
12:03:21 | INFO    | holoqpi.engine.trainer |   epoch 7 step 100/140 loss=0.5666
12:03:25 | INFO    | holoqpi.engine.trainer |   epoch 7 step 120/140 loss=0.5451
12:04:23 | INFO    | holoqpi.engine.trainer | epoch 7/60 (83s = 30s train + 53s val) | train_loss=0.5083  val_phase_mae=0.1893  val_dice=0.8043  val_cls_acc=nan  val_mass_mape=0.2428
12:04:24 | INFO    | holoqpi.engine.trainer |   epoch 8 step 0/140 loss=0.5408
12:04:28 | INFO    | holoqpi.engine.trainer |   epoch 8 step 20/140 loss=0.4903
12:04:32 | INFO    | holoqpi.engine.trainer |   epoch 8 step 40/140 loss=0.4893
12:04:36 | INFO    | holoqpi.engine.trainer |   epoch 8 step 60/140 loss=0.6421
12:04:40 | INFO    | holoqpi.engine.trainer |   epoch 8 step 80/140 loss=0.6399
12:04:44 | INFO    | holoqpi.engine.trainer |   epoch 8 step 100/140 loss=0.5002
12:04:48 | INFO    | holoqpi.engine.trainer |   epoch 8 step 120/140 loss=0.4624
12:05:46 | INFO    | holoqpi.engine.trainer | epoch 8/60 (83s = 30s train + 53s val) | train_loss=0.4985  val_phase_mae=0.1861  val_dice=0.8040  val_cls_acc=nan  val_mass_mape=0.2446
12:05:47 | INFO    | holoqpi.engine.trainer |   epoch 9 step 0/140 loss=0.4648
12:05:51 | INFO    | holoqpi.engine.trainer |   epoch 9 step 20/140 loss=0.5052
12:05:55 | INFO    | holoqpi.engine.trainer |   epoch 9 step 40/140 loss=0.4395
12:05:59 | INFO    | holoqpi.engine.trainer |   epoch 9 step 60/140 loss=0.4984
12:06:03 | INFO    | holoqpi.engine.trainer |   epoch 9 step 80/140 loss=0.4713
12:06:07 | INFO    | holoqpi.engine.trainer |   epoch 9 step 100/140 loss=0.4417
12:06:11 | INFO    | holoqpi.engine.trainer |   epoch 9 step 120/140 loss=0.4606
12:07:09 | INFO    | holoqpi.engine.trainer |   new best composite=0.7874
12:07:09 | INFO    | holoqpi.engine.trainer | epoch 9/60 (83s = 29s train + 54s val) | train_loss=0.4971  val_phase_mae=0.1785  val_dice=0.8080  val_cls_acc=nan  val_mass_mape=0.2205
12:07:10 | INFO    | holoqpi.engine.trainer |   epoch 10 step 0/140 loss=0.4288
12:07:14 | INFO    | holoqpi.engine.trainer |   epoch 10 step 20/140 loss=0.4900
12:07:18 | INFO    | holoqpi.engine.trainer |   epoch 10 step 40/140 loss=0.4167
12:07:22 | INFO    | holoqpi.engine.trainer |   epoch 10 step 60/140 loss=0.4641
12:07:26 | INFO    | holoqpi.engine.trainer |   epoch 10 step 80/140 loss=0.4019
12:07:30 | INFO    | holoqpi.engine.trainer |   epoch 10 step 100/140 loss=0.6941
12:07:35 | INFO    | holoqpi.engine.trainer |   epoch 10 step 120/140 loss=0.4166
12:08:33 | INFO    | holoqpi.engine.trainer |   new best composite=0.7894
12:08:33 | INFO    | holoqpi.engine.trainer | epoch 10/60 (83s = 30s train + 54s val) | train_loss=0.4799  val_phase_mae=0.1766  val_dice=0.8078  val_cls_acc=nan  val_mass_mape=0.2101
12:08:34 | INFO    | holoqpi.engine.trainer |   epoch 11 step 0/140 loss=0.3818
12:08:38 | INFO    | holoqpi.engine.trainer |   epoch 11 step 20/140 loss=0.4197
12:08:42 | INFO    | holoqpi.engine.trainer |   epoch 11 step 40/140 loss=0.5061
12:08:46 | INFO    | holoqpi.engine.trainer |   epoch 11 step 60/140 loss=0.4602
12:08:50 | INFO    | holoqpi.engine.trainer |   epoch 11 step 80/140 loss=0.4536
12:08:54 | INFO    | holoqpi.engine.trainer |   epoch 11 step 100/140 loss=0.4311
12:08:58 | INFO    | holoqpi.engine.trainer |   epoch 11 step 120/140 loss=0.5594
12:09:56 | INFO    | holoqpi.engine.trainer |   new best composite=0.7930
12:09:56 | INFO    | holoqpi.engine.trainer | epoch 11/60 (83s = 29s train + 54s val) | train_loss=0.4600  val_phase_mae=0.1783  val_dice=0.8094  val_cls_acc=nan  val_mass_mape=0.1924
12:09:57 | INFO    | holoqpi.engine.trainer |   epoch 12 step 0/140 loss=0.4607
12:10:01 | INFO    | holoqpi.engine.trainer |   epoch 12 step 20/140 loss=0.4454
12:10:05 | INFO    | holoqpi.engine.trainer |   epoch 12 step 40/140 loss=0.4168
12:10:09 | INFO    | holoqpi.engine.trainer |   epoch 12 step 60/140 loss=0.4008
12:10:13 | INFO    | holoqpi.engine.trainer |   epoch 12 step 80/140 loss=0.4771
12:10:17 | INFO    | holoqpi.engine.trainer |   epoch 12 step 100/140 loss=0.4610
12:10:21 | INFO    | holoqpi.engine.trainer |   epoch 12 step 120/140 loss=0.4396
12:11:19 | INFO    | holoqpi.engine.trainer | epoch 12/60 (83s = 29s train + 54s val) | train_loss=0.4524  val_phase_mae=0.1797  val_dice=0.8143  val_cls_acc=nan  val_mass_mape=0.2205
12:11:20 | INFO    | holoqpi.engine.trainer |   epoch 13 step 0/140 loss=0.4278
12:11:24 | INFO    | holoqpi.engine.trainer |   epoch 13 step 20/140 loss=0.4246
12:11:28 | INFO    | holoqpi.engine.trainer |   epoch 13 step 40/140 loss=0.4721
12:11:32 | INFO    | holoqpi.engine.trainer |   epoch 13 step 60/140 loss=0.4620
12:11:36 | INFO    | holoqpi.engine.trainer |   epoch 13 step 80/140 loss=0.4878
12:11:40 | INFO    | holoqpi.engine.trainer |   epoch 13 step 100/140 loss=0.6469
12:11:44 | INFO    | holoqpi.engine.trainer |   epoch 13 step 120/140 loss=0.3678
12:12:42 | INFO    | holoqpi.engine.trainer |   new best composite=0.7980
12:12:42 | INFO    | holoqpi.engine.trainer | epoch 13/60 (83s = 29s train + 54s val) | train_loss=0.4623  val_phase_mae=0.1784  val_dice=0.8162  val_cls_acc=nan  val_mass_mape=0.2017
12:12:43 | INFO    | holoqpi.engine.trainer |   epoch 14 step 0/140 loss=0.3955
12:12:47 | INFO    | holoqpi.engine.trainer |   epoch 14 step 20/140 loss=0.5978
12:12:51 | INFO    | holoqpi.engine.trainer |   epoch 14 step 40/140 loss=0.4136
12:12:55 | INFO    | holoqpi.engine.trainer |   epoch 14 step 60/140 loss=0.6629
12:13:00 | INFO    | holoqpi.engine.trainer |   epoch 14 step 80/140 loss=0.4899
12:13:04 | INFO    | holoqpi.engine.trainer |   epoch 14 step 100/140 loss=0.4646
12:13:08 | INFO    | holoqpi.engine.trainer |   epoch 14 step 120/140 loss=0.4937
12:14:06 | INFO    | holoqpi.engine.trainer |   new best composite=0.8006
12:14:06 | INFO    | holoqpi.engine.trainer | epoch 14/60 (83s = 29s train + 54s val) | train_loss=0.4623  val_phase_mae=0.1719  val_dice=0.8164  val_cls_acc=nan  val_mass_mape=0.1960
12:14:07 | INFO    | holoqpi.engine.trainer |   epoch 15 step 0/140 loss=0.6561
12:14:11 | INFO    | holoqpi.engine.trainer |   epoch 15 step 20/140 loss=0.3832
12:14:15 | INFO    | holoqpi.engine.trainer |   epoch 15 step 40/140 loss=0.4104
12:14:19 | INFO    | holoqpi.engine.trainer |   epoch 15 step 60/140 loss=0.3396
12:14:23 | INFO    | holoqpi.engine.trainer |   epoch 15 step 80/140 loss=0.5414
12:14:27 | INFO    | holoqpi.engine.trainer |   epoch 15 step 100/140 loss=0.4762
12:14:31 | INFO    | holoqpi.engine.trainer |   epoch 15 step 120/140 loss=0.5171
12:15:28 | INFO    | holoqpi.engine.trainer |   new best composite=0.8017
12:15:28 | INFO    | holoqpi.engine.trainer | epoch 15/60 (82s = 29s train + 53s val) | train_loss=0.4451  val_phase_mae=0.1762  val_dice=0.8170  val_cls_acc=nan  val_mass_mape=0.1904
12:15:29 | INFO    | holoqpi.engine.trainer |   epoch 16 step 0/140 loss=0.4326
12:15:33 | INFO    | holoqpi.engine.trainer |   epoch 16 step 20/140 loss=0.3889
12:15:37 | INFO    | holoqpi.engine.trainer |   epoch 16 step 40/140 loss=0.3389
12:15:41 | INFO    | holoqpi.engine.trainer |   epoch 16 step 60/140 loss=0.4417
12:15:46 | INFO    | holoqpi.engine.trainer |   epoch 16 step 80/140 loss=0.4774
12:15:50 | INFO    | holoqpi.engine.trainer |   epoch 16 step 100/140 loss=0.4649
12:15:54 | INFO    | holoqpi.engine.trainer |   epoch 16 step 120/140 loss=0.5975
12:16:52 | INFO    | holoqpi.engine.trainer | epoch 16/60 (83s = 30s train + 54s val) | train_loss=0.4292  val_phase_mae=0.1777  val_dice=0.8191  val_cls_acc=nan  val_mass_mape=0.2159
12:16:53 | INFO    | holoqpi.engine.trainer |   epoch 17 step 0/140 loss=0.5748
12:16:57 | INFO    | holoqpi.engine.trainer |   epoch 17 step 20/140 loss=0.4341
12:17:01 | INFO    | holoqpi.engine.trainer |   epoch 17 step 40/140 loss=0.3744
12:17:04 | INFO    | holoqpi.engine.trainer |   epoch 17 step 60/140 loss=0.4063
12:17:09 | INFO    | holoqpi.engine.trainer |   epoch 17 step 80/140 loss=0.3784
12:17:13 | INFO    | holoqpi.engine.trainer |   epoch 17 step 100/140 loss=0.4151
12:17:17 | INFO    | holoqpi.engine.trainer |   epoch 17 step 120/140 loss=0.3256
12:18:15 | INFO    | holoqpi.engine.trainer | epoch 17/60 (83s = 29s train + 54s val) | train_loss=0.4322  val_phase_mae=0.1723  val_dice=0.8171  val_cls_acc=nan  val_mass_mape=0.2079
12:18:16 | INFO    | holoqpi.engine.trainer |   epoch 18 step 0/140 loss=0.3840
12:18:20 | INFO    | holoqpi.engine.trainer |   epoch 18 step 20/140 loss=0.4847
12:18:24 | INFO    | holoqpi.engine.trainer |   epoch 18 step 40/140 loss=0.3793
12:18:28 | INFO    | holoqpi.engine.trainer |   epoch 18 step 60/140 loss=0.4677
12:18:32 | INFO    | holoqpi.engine.trainer |   epoch 18 step 80/140 loss=0.4624
12:18:36 | INFO    | holoqpi.engine.trainer |   epoch 18 step 100/140 loss=0.3736
12:18:40 | INFO    | holoqpi.engine.trainer |   epoch 18 step 120/140 loss=0.5630
12:19:38 | INFO    | holoqpi.engine.trainer | epoch 18/60 (83s = 29s train + 54s val) | train_loss=0.4300  val_phase_mae=0.1699  val_dice=0.8176  val_cls_acc=nan  val_mass_mape=0.2013
12:19:38 | INFO    | holoqpi.engine.trainer |   epoch 19 step 0/140 loss=0.4025
12:19:42 | INFO    | holoqpi.engine.trainer |   epoch 19 step 20/140 loss=0.3797
12:19:46 | INFO    | holoqpi.engine.trainer |   epoch 19 step 40/140 loss=0.5649
12:19:50 | INFO    | holoqpi.engine.trainer |   epoch 19 step 60/140 loss=0.3462
12:19:54 | INFO    | holoqpi.engine.trainer |   epoch 19 step 80/140 loss=0.3450
12:19:59 | INFO    | holoqpi.engine.trainer |   epoch 19 step 100/140 loss=0.5422
12:20:03 | INFO    | holoqpi.engine.trainer |   epoch 19 step 120/140 loss=0.3583
12:21:01 | INFO    | holoqpi.engine.trainer |   new best composite=0.8059
12:21:01 | INFO    | holoqpi.engine.trainer | epoch 19/60 (83s = 29s train + 54s val) | train_loss=0.4341  val_phase_mae=0.1707  val_dice=0.8228  val_cls_acc=nan  val_mass_mape=0.1946
12:21:02 | INFO    | holoqpi.engine.trainer |   epoch 20 step 0/140 loss=0.3890
12:21:06 | INFO    | holoqpi.engine.trainer |   epoch 20 step 20/140 loss=0.3645
12:21:10 | INFO    | holoqpi.engine.trainer |   epoch 20 step 40/140 loss=0.3713
12:21:14 | INFO    | holoqpi.engine.trainer |   epoch 20 step 60/140 loss=0.4149
12:21:18 | INFO    | holoqpi.engine.trainer |   epoch 20 step 80/140 loss=0.3733
12:21:22 | INFO    | holoqpi.engine.trainer |   epoch 20 step 100/140 loss=0.3520
12:21:26 | INFO    | holoqpi.engine.trainer |   epoch 20 step 120/140 loss=0.3472
12:22:23 | INFO    | holoqpi.engine.trainer | epoch 20/60 (82s = 29s train + 53s val) | train_loss=0.4238  val_phase_mae=0.1814  val_dice=0.8195  val_cls_acc=nan  val_mass_mape=0.2221
12:22:24 | INFO    | holoqpi.engine.trainer |   epoch 21 step 0/140 loss=0.3885
12:22:28 | INFO    | holoqpi.engine.trainer |   epoch 21 step 20/140 loss=0.4777
12:22:32 | INFO    | holoqpi.engine.trainer |   epoch 21 step 40/140 loss=0.3860
12:22:36 | INFO    | holoqpi.engine.trainer |   epoch 21 step 60/140 loss=0.4260
12:22:40 | INFO    | holoqpi.engine.trainer |   epoch 21 step 80/140 loss=0.3314
12:22:44 | INFO    | holoqpi.engine.trainer |   epoch 21 step 100/140 loss=0.3219
12:22:48 | INFO    | holoqpi.engine.trainer |   epoch 21 step 120/140 loss=0.4067
12:23:46 | INFO    | holoqpi.engine.trainer | epoch 21/60 (83s = 29s train + 54s val) | train_loss=0.4187  val_phase_mae=0.1756  val_dice=0.8204  val_cls_acc=nan  val_mass_mape=0.2889
12:23:47 | INFO    | holoqpi.engine.trainer |   epoch 22 step 0/140 loss=0.4259
12:23:51 | INFO    | holoqpi.engine.trainer |   epoch 22 step 20/140 loss=0.4849
12:23:55 | INFO    | holoqpi.engine.trainer |   epoch 22 step 40/140 loss=0.3623
12:23:59 | INFO    | holoqpi.engine.trainer |   epoch 22 step 60/140 loss=0.3169
12:24:03 | INFO    | holoqpi.engine.trainer |   epoch 22 step 80/140 loss=0.3642
12:24:07 | INFO    | holoqpi.engine.trainer |   epoch 22 step 100/140 loss=0.4569
12:24:11 | INFO    | holoqpi.engine.trainer |   epoch 22 step 120/140 loss=0.3862
12:25:08 | INFO    | holoqpi.engine.trainer | epoch 22/60 (83s = 29s train + 54s val) | train_loss=0.4162  val_phase_mae=0.1750  val_dice=0.8211  val_cls_acc=nan  val_mass_mape=0.2070
12:25:09 | INFO    | holoqpi.engine.trainer |   epoch 23 step 0/140 loss=0.3320
12:25:13 | INFO    | holoqpi.engine.trainer |   epoch 23 step 20/140 loss=0.3889
12:25:17 | INFO    | holoqpi.engine.trainer |   epoch 23 step 40/140 loss=0.4703
12:25:22 | INFO    | holoqpi.engine.trainer |   epoch 23 step 60/140 loss=0.5429
12:25:26 | INFO    | holoqpi.engine.trainer |   epoch 23 step 80/140 loss=0.4336
12:25:30 | INFO    | holoqpi.engine.trainer |   epoch 23 step 100/140 loss=0.3850
12:25:34 | INFO    | holoqpi.engine.trainer |   epoch 23 step 120/140 loss=0.4133
12:26:32 | INFO    | holoqpi.engine.trainer | epoch 23/60 (83s = 29s train + 54s val) | train_loss=0.4105  val_phase_mae=0.1639  val_dice=0.8247  val_cls_acc=nan  val_mass_mape=0.2024
12:26:33 | INFO    | holoqpi.engine.trainer |   epoch 24 step 0/140 loss=0.3994
12:26:36 | INFO    | holoqpi.engine.trainer |   epoch 24 step 20/140 loss=0.4042
12:26:41 | INFO    | holoqpi.engine.trainer |   epoch 24 step 40/140 loss=0.4530
12:26:45 | INFO    | holoqpi.engine.trainer |   epoch 24 step 60/140 loss=0.4555
12:26:49 | INFO    | holoqpi.engine.trainer |   epoch 24 step 80/140 loss=0.3609
12:26:53 | INFO    | holoqpi.engine.trainer |   epoch 24 step 100/140 loss=0.3337
12:26:57 | INFO    | holoqpi.engine.trainer |   epoch 24 step 120/140 loss=0.3812
12:27:55 | INFO    | holoqpi.engine.trainer | epoch 24/60 (83s = 29s train + 54s val) | train_loss=0.4165  val_phase_mae=0.1702  val_dice=0.8226  val_cls_acc=nan  val_mass_mape=0.2000
12:27:56 | INFO    | holoqpi.engine.trainer |   epoch 25 step 0/140 loss=0.3600
12:28:00 | INFO    | holoqpi.engine.trainer |   epoch 25 step 20/140 loss=0.4602
12:28:04 | INFO    | holoqpi.engine.trainer |   epoch 25 step 40/140 loss=0.3190
12:28:08 | INFO    | holoqpi.engine.trainer |   epoch 25 step 60/140 loss=0.3954
12:28:12 | INFO    | holoqpi.engine.trainer |   epoch 25 step 80/140 loss=0.4936
12:28:17 | INFO    | holoqpi.engine.trainer |   epoch 25 step 100/140 loss=0.3649
12:28:21 | INFO    | holoqpi.engine.trainer |   epoch 25 step 120/140 loss=0.4820
12:29:18 | INFO    | holoqpi.engine.trainer | epoch 25/60 (83s = 30s train + 53s val) | train_loss=0.4095  val_phase_mae=0.1714  val_dice=0.8205  val_cls_acc=nan  val_mass_mape=0.2175
12:29:19 | INFO    | holoqpi.engine.trainer |   epoch 26 step 0/140 loss=0.3300
12:29:23 | INFO    | holoqpi.engine.trainer |   epoch 26 step 20/140 loss=0.4334
12:29:27 | INFO    | holoqpi.engine.trainer |   epoch 26 step 40/140 loss=0.4263
12:29:31 | INFO    | holoqpi.engine.trainer |   epoch 26 step 60/140 loss=0.4087
12:29:35 | INFO    | holoqpi.engine.trainer |   epoch 26 step 80/140 loss=0.5272
12:29:39 | INFO    | holoqpi.engine.trainer |   epoch 26 step 100/140 loss=0.4531
12:29:43 | INFO    | holoqpi.engine.trainer |   epoch 26 step 120/140 loss=0.3250
12:30:41 | INFO    | holoqpi.engine.trainer | epoch 26/60 (83s = 29s train + 54s val) | train_loss=0.4066  val_phase_mae=0.1775  val_dice=0.8239  val_cls_acc=nan  val_mass_mape=0.2926
12:30:42 | INFO    | holoqpi.engine.trainer |   epoch 27 step 0/140 loss=0.3288
12:30:46 | INFO    | holoqpi.engine.trainer |   epoch 27 step 20/140 loss=0.5667
12:30:50 | INFO    | holoqpi.engine.trainer |   epoch 27 step 40/140 loss=0.4054
12:30:54 | INFO    | holoqpi.engine.trainer |   epoch 27 step 60/140 loss=0.4264
12:30:58 | INFO    | holoqpi.engine.trainer |   epoch 27 step 80/140 loss=0.4171
12:31:03 | INFO    | holoqpi.engine.trainer |   epoch 27 step 100/140 loss=0.3476
12:31:07 | INFO    | holoqpi.engine.trainer |   epoch 27 step 120/140 loss=0.6842
12:32:04 | INFO    | holoqpi.engine.trainer | epoch 27/60 (84s = 30s train + 54s val) | train_loss=0.4099  val_phase_mae=0.1746  val_dice=0.8149  val_cls_acc=nan  val_mass_mape=0.1948
12:32:05 | INFO    | holoqpi.engine.trainer |   epoch 28 step 0/140 loss=0.4988
12:32:10 | INFO    | holoqpi.engine.trainer |   epoch 28 step 20/140 loss=0.4503
12:32:14 | INFO    | holoqpi.engine.trainer |   epoch 28 step 40/140 loss=0.3958
12:32:18 | INFO    | holoqpi.engine.trainer |   epoch 28 step 60/140 loss=0.2873
12:32:22 | INFO    | holoqpi.engine.trainer |   epoch 28 step 80/140 loss=0.3632
12:32:26 | INFO    | holoqpi.engine.trainer |   epoch 28 step 100/140 loss=0.4380
12:32:30 | INFO    | holoqpi.engine.trainer |   epoch 28 step 120/140 loss=0.4066
12:33:27 | INFO    | holoqpi.engine.trainer | epoch 28/60 (83s = 30s train + 53s val) | train_loss=0.4005  val_phase_mae=0.1735  val_dice=0.8234  val_cls_acc=nan  val_mass_mape=0.2039
12:33:28 | INFO    | holoqpi.engine.trainer |   epoch 29 step 0/140 loss=0.4121
12:33:33 | INFO    | holoqpi.engine.trainer |   epoch 29 step 20/140 loss=0.3665
12:33:37 | INFO    | holoqpi.engine.trainer |   epoch 29 step 40/140 loss=0.4509
12:33:41 | INFO    | holoqpi.engine.trainer |   epoch 29 step 60/140 loss=0.4060
12:33:45 | INFO    | holoqpi.engine.trainer |   epoch 29 step 80/140 loss=0.5140
12:33:49 | INFO    | holoqpi.engine.trainer |   epoch 29 step 100/140 loss=0.4254
12:33:53 | INFO    | holoqpi.engine.trainer |   epoch 29 step 120/140 loss=0.3503
12:34:50 | INFO    | holoqpi.engine.trainer | epoch 29/60 (83s = 30s train + 53s val) | train_loss=0.3958  val_phase_mae=0.1733  val_dice=0.8213  val_cls_acc=nan  val_mass_mape=0.2059
12:34:52 | INFO    | holoqpi.engine.trainer |   epoch 30 step 0/140 loss=0.3726
12:34:56 | INFO    | holoqpi.engine.trainer |   epoch 30 step 20/140 loss=0.3265
12:35:00 | INFO    | holoqpi.engine.trainer |   epoch 30 step 40/140 loss=0.3371
12:35:04 | INFO    | holoqpi.engine.trainer |   epoch 30 step 60/140 loss=0.3227
12:35:08 | INFO    | holoqpi.engine.trainer |   epoch 30 step 80/140 loss=0.3687
12:35:12 | INFO    | holoqpi.engine.trainer |   epoch 30 step 100/140 loss=0.3639
12:35:16 | INFO    | holoqpi.engine.trainer |   epoch 30 step 120/140 loss=0.3263
12:36:13 | INFO    | holoqpi.engine.trainer | epoch 30/60 (83s = 30s train + 53s val) | train_loss=0.3849  val_phase_mae=0.1805  val_dice=0.8207  val_cls_acc=nan  val_mass_mape=0.2451
12:36:15 | INFO    | holoqpi.engine.trainer |   epoch 31 step 0/140 loss=0.5911
12:36:19 | INFO    | holoqpi.engine.trainer |   epoch 31 step 20/140 loss=0.3443
12:36:23 | INFO    | holoqpi.engine.trainer |   epoch 31 step 40/140 loss=0.4184
12:36:27 | INFO    | holoqpi.engine.trainer |   epoch 31 step 60/140 loss=0.4361
12:36:31 | INFO    | holoqpi.engine.trainer |   epoch 31 step 80/140 loss=0.2891
12:36:35 | INFO    | holoqpi.engine.trainer |   epoch 31 step 100/140 loss=0.3148
12:36:40 | INFO    | holoqpi.engine.trainer |   epoch 31 step 120/140 loss=0.3760
12:37:37 | INFO    | holoqpi.engine.trainer |   new best composite=0.8092
12:37:37 | INFO    | holoqpi.engine.trainer | epoch 31/60 (83s = 30s train + 53s val) | train_loss=0.3976  val_phase_mae=0.1679  val_dice=0.8253  val_cls_acc=nan  val_mass_mape=0.1900
12:37:38 | INFO    | holoqpi.engine.trainer |   epoch 32 step 0/140 loss=0.3899
12:37:42 | INFO    | holoqpi.engine.trainer |   epoch 32 step 20/140 loss=0.4007
12:37:47 | INFO    | holoqpi.engine.trainer |   epoch 32 step 40/140 loss=0.3510
12:37:51 | INFO    | holoqpi.engine.trainer |   epoch 32 step 60/140 loss=0.3574
12:37:55 | INFO    | holoqpi.engine.trainer |   epoch 32 step 80/140 loss=0.3384
12:37:59 | INFO    | holoqpi.engine.trainer |   epoch 32 step 100/140 loss=0.3476
12:38:03 | INFO    | holoqpi.engine.trainer |   epoch 32 step 120/140 loss=0.3876
12:39:00 | INFO    | holoqpi.engine.trainer | epoch 32/60 (83s = 30s train + 53s val) | train_loss=0.3871  val_phase_mae=0.1734  val_dice=0.8226  val_cls_acc=nan  val_mass_mape=0.2093
12:39:01 | INFO    | holoqpi.engine.trainer |   epoch 33 step 0/140 loss=0.4186
12:39:05 | INFO    | holoqpi.engine.trainer |   epoch 33 step 20/140 loss=0.3602
12:39:10 | INFO    | holoqpi.engine.trainer |   epoch 33 step 40/140 loss=0.4872
12:39:14 | INFO    | holoqpi.engine.trainer |   epoch 33 step 60/140 loss=0.3960
12:39:18 | INFO    | holoqpi.engine.trainer |   epoch 33 step 80/140 loss=0.4678
12:39:22 | INFO    | holoqpi.engine.trainer |   epoch 33 step 100/140 loss=0.4754
12:39:26 | INFO    | holoqpi.engine.trainer |   epoch 33 step 120/140 loss=0.3996
12:40:23 | INFO    | holoqpi.engine.trainer | epoch 33/60 (83s = 30s train + 53s val) | train_loss=0.3814  val_phase_mae=0.1732  val_dice=0.8219  val_cls_acc=nan  val_mass_mape=0.2120
12:40:24 | INFO    | holoqpi.engine.trainer |   epoch 34 step 0/140 loss=0.3275
12:40:28 | INFO    | holoqpi.engine.trainer |   epoch 34 step 20/140 loss=0.3261
12:40:33 | INFO    | holoqpi.engine.trainer |   epoch 34 step 40/140 loss=0.4116
12:40:37 | INFO    | holoqpi.engine.trainer |   epoch 34 step 60/140 loss=0.4449
12:40:42 | INFO    | holoqpi.engine.trainer |   epoch 34 step 80/140 loss=0.3847
12:40:46 | INFO    | holoqpi.engine.trainer |   epoch 34 step 100/140 loss=0.3826
12:40:50 | INFO    | holoqpi.engine.trainer |   epoch 34 step 120/140 loss=0.3583
12:41:47 | INFO    | holoqpi.engine.trainer | epoch 34/60 (84s = 31s train + 53s val) | train_loss=0.3875  val_phase_mae=0.1706  val_dice=0.8215  val_cls_acc=nan  val_mass_mape=0.2143
12:41:48 | INFO    | holoqpi.engine.trainer |   epoch 35 step 0/140 loss=0.3161
12:41:52 | INFO    | holoqpi.engine.trainer |   epoch 35 step 20/140 loss=0.3424
12:41:56 | INFO    | holoqpi.engine.trainer |   epoch 35 step 40/140 loss=0.3663
12:42:01 | INFO    | holoqpi.engine.trainer |   epoch 35 step 60/140 loss=0.4200
12:42:06 | INFO    | holoqpi.engine.trainer |   epoch 35 step 80/140 loss=0.3753
12:42:10 | INFO    | holoqpi.engine.trainer |   epoch 35 step 100/140 loss=0.3392
12:42:14 | INFO    | holoqpi.engine.trainer |   epoch 35 step 120/140 loss=0.3262
12:43:10 | INFO    | holoqpi.engine.trainer | epoch 35/60 (84s = 31s train + 53s val) | train_loss=0.3886  val_phase_mae=0.1674  val_dice=0.8237  val_cls_acc=nan  val_mass_mape=0.1932
12:43:11 | INFO    | holoqpi.engine.trainer |   epoch 36 step 0/140 loss=0.3146
12:43:16 | INFO    | holoqpi.engine.trainer |   epoch 36 step 20/140 loss=0.3857
12:43:20 | INFO    | holoqpi.engine.trainer |   epoch 36 step 40/140 loss=0.3248
12:43:25 | INFO    | holoqpi.engine.trainer |   epoch 36 step 60/140 loss=0.3224
12:43:29 | INFO    | holoqpi.engine.trainer |   epoch 36 step 80/140 loss=0.4027
12:43:33 | INFO    | holoqpi.engine.trainer |   epoch 36 step 100/140 loss=0.4023
12:43:37 | INFO    | holoqpi.engine.trainer |   epoch 36 step 120/140 loss=0.3129
12:44:34 | INFO    | holoqpi.engine.trainer | epoch 36/60 (84s = 31s train + 52s val) | train_loss=0.3774  val_phase_mae=0.1646  val_dice=0.8254  val_cls_acc=nan  val_mass_mape=0.1922
12:44:35 | INFO    | holoqpi.engine.trainer |   epoch 37 step 0/140 loss=0.3208
12:44:39 | INFO    | holoqpi.engine.trainer |   epoch 37 step 20/140 loss=0.3756
12:44:44 | INFO    | holoqpi.engine.trainer |   epoch 37 step 40/140 loss=0.2995
12:44:48 | INFO    | holoqpi.engine.trainer |   epoch 37 step 60/140 loss=0.3185
12:44:53 | INFO    | holoqpi.engine.trainer |   epoch 37 step 80/140 loss=0.3307
12:44:57 | INFO    | holoqpi.engine.trainer |   epoch 37 step 100/140 loss=0.4339
12:45:01 | INFO    | holoqpi.engine.trainer |   epoch 37 step 120/140 loss=0.3442
12:45:57 | INFO    | holoqpi.engine.trainer | epoch 37/60 (83s = 31s train + 52s val) | train_loss=0.3756  val_phase_mae=0.1668  val_dice=0.8273  val_cls_acc=nan  val_mass_mape=0.1955
12:45:58 | INFO    | holoqpi.engine.trainer |   epoch 38 step 0/140 loss=0.4041
12:46:03 | INFO    | holoqpi.engine.trainer |   epoch 38 step 20/140 loss=0.3650
12:46:07 | INFO    | holoqpi.engine.trainer |   epoch 38 step 40/140 loss=0.3172
12:46:12 | INFO    | holoqpi.engine.trainer |   epoch 38 step 60/140 loss=0.3531
12:46:17 | INFO    | holoqpi.engine.trainer |   epoch 38 step 80/140 loss=0.3847
12:46:21 | INFO    | holoqpi.engine.trainer |   epoch 38 step 100/140 loss=0.3886
12:46:25 | INFO    | holoqpi.engine.trainer |   epoch 38 step 120/140 loss=0.3378
12:47:22 | INFO    | holoqpi.engine.trainer | epoch 38/60 (84s = 32s train + 53s val) | train_loss=0.3800  val_phase_mae=0.1681  val_dice=0.8241  val_cls_acc=nan  val_mass_mape=0.1900
12:47:23 | INFO    | holoqpi.engine.trainer |   epoch 39 step 0/140 loss=0.3113
12:47:27 | INFO    | holoqpi.engine.trainer |   epoch 39 step 20/140 loss=0.3474
12:47:32 | INFO    | holoqpi.engine.trainer |   epoch 39 step 40/140 loss=0.3531
12:47:36 | INFO    | holoqpi.engine.trainer |   epoch 39 step 60/140 loss=0.2996
12:47:41 | INFO    | holoqpi.engine.trainer |   epoch 39 step 80/140 loss=0.4002
12:47:45 | INFO    | holoqpi.engine.trainer |   epoch 39 step 100/140 loss=0.3938
12:47:50 | INFO    | holoqpi.engine.trainer |   epoch 39 step 120/140 loss=0.3209
12:48:46 | INFO    | holoqpi.engine.trainer | epoch 39/60 (84s = 32s train + 52s val) | train_loss=0.3738  val_phase_mae=0.1740  val_dice=0.8242  val_cls_acc=nan  val_mass_mape=0.2133
12:48:47 | INFO    | holoqpi.engine.trainer |   epoch 40 step 0/140 loss=0.3041
12:48:51 | INFO    | holoqpi.engine.trainer |   epoch 40 step 20/140 loss=0.3104
12:48:56 | INFO    | holoqpi.engine.trainer |   epoch 40 step 40/140 loss=0.3060
12:49:01 | INFO    | holoqpi.engine.trainer |   epoch 40 step 60/140 loss=0.4178
12:49:05 | INFO    | holoqpi.engine.trainer |   epoch 40 step 80/140 loss=0.3153
12:49:10 | INFO    | holoqpi.engine.trainer |   epoch 40 step 100/140 loss=0.3370
12:49:14 | INFO    | holoqpi.engine.trainer |   epoch 40 step 120/140 loss=0.3466
12:50:11 | INFO    | holoqpi.engine.trainer | epoch 40/60 (85s = 32s train + 52s val) | train_loss=0.3614  val_phase_mae=0.1713  val_dice=0.8265  val_cls_acc=nan  val_mass_mape=0.1909
12:50:12 | INFO    | holoqpi.engine.trainer |   epoch 41 step 0/140 loss=0.4109
12:50:16 | INFO    | holoqpi.engine.trainer |   epoch 41 step 20/140 loss=0.4224
12:50:20 | INFO    | holoqpi.engine.trainer |   epoch 41 step 40/140 loss=0.3279
12:50:25 | INFO    | holoqpi.engine.trainer |   epoch 41 step 60/140 loss=0.3166
12:50:30 | INFO    | holoqpi.engine.trainer |   epoch 41 step 80/140 loss=0.3951
12:50:34 | INFO    | holoqpi.engine.trainer |   epoch 41 step 100/140 loss=0.4591
12:50:39 | INFO    | holoqpi.engine.trainer |   epoch 41 step 120/140 loss=0.3729
12:51:36 | INFO    | holoqpi.engine.trainer | epoch 41/60 (85s = 33s train + 52s val) | train_loss=0.3670  val_phase_mae=0.1718  val_dice=0.8276  val_cls_acc=nan  val_mass_mape=0.2053
12:51:37 | INFO    | holoqpi.engine.trainer |   epoch 42 step 0/140 loss=0.3154
12:51:41 | INFO    | holoqpi.engine.trainer |   epoch 42 step 20/140 loss=0.3558
12:51:45 | INFO    | holoqpi.engine.trainer |   epoch 42 step 40/140 loss=0.3294
12:51:50 | INFO    | holoqpi.engine.trainer |   epoch 42 step 60/140 loss=0.3454
12:51:55 | INFO    | holoqpi.engine.trainer |   epoch 42 step 80/140 loss=0.3765
12:51:59 | INFO    | holoqpi.engine.trainer |   epoch 42 step 100/140 loss=0.4121
12:52:04 | INFO    | holoqpi.engine.trainer |   epoch 42 step 120/140 loss=0.3771
12:53:00 | INFO    | holoqpi.engine.trainer | epoch 42/60 (85s = 32s train + 52s val) | train_loss=0.3722  val_phase_mae=0.1713  val_dice=0.8264  val_cls_acc=nan  val_mass_mape=0.2026
12:53:01 | INFO    | holoqpi.engine.trainer |   epoch 43 step 0/140 loss=0.3025
12:53:05 | INFO    | holoqpi.engine.trainer |   epoch 43 step 20/140 loss=0.3370
12:53:10 | INFO    | holoqpi.engine.trainer |   epoch 43 step 40/140 loss=0.3871
12:53:15 | INFO    | holoqpi.engine.trainer |   epoch 43 step 60/140 loss=0.4160
12:53:19 | INFO    | holoqpi.engine.trainer |   epoch 43 step 80/140 loss=0.3581
12:53:24 | INFO    | holoqpi.engine.trainer |   epoch 43 step 100/140 loss=0.3538
12:53:28 | INFO    | holoqpi.engine.trainer |   epoch 43 step 120/140 loss=0.3898
12:54:25 | INFO    | holoqpi.engine.trainer |   new best composite=0.8111
12:54:25 | INFO    | holoqpi.engine.trainer | epoch 43/60 (85s = 33s train + 52s val) | train_loss=0.3690  val_phase_mae=0.1674  val_dice=0.8283  val_cls_acc=nan  val_mass_mape=0.1912
12:54:26 | INFO    | holoqpi.engine.trainer |   epoch 44 step 0/140 loss=0.3347
12:54:31 | INFO    | holoqpi.engine.trainer |   epoch 44 step 20/140 loss=0.3325
12:54:35 | INFO    | holoqpi.engine.trainer |   epoch 44 step 40/140 loss=0.3326
12:54:39 | INFO    | holoqpi.engine.trainer |   epoch 44 step 60/140 loss=0.3480
12:54:44 | INFO    | holoqpi.engine.trainer |   epoch 44 step 80/140 loss=0.3139
12:54:48 | INFO    | holoqpi.engine.trainer |   epoch 44 step 100/140 loss=0.3860
12:54:53 | INFO    | holoqpi.engine.trainer |   epoch 44 step 120/140 loss=0.3384
12:55:49 | INFO    | holoqpi.engine.trainer | epoch 44/60 (84s = 32s train + 52s val) | train_loss=0.3573  val_phase_mae=0.1663  val_dice=0.8264  val_cls_acc=nan  val_mass_mape=0.1891
12:55:50 | INFO    | holoqpi.engine.trainer |   epoch 45 step 0/140 loss=0.4183
12:55:54 | INFO    | holoqpi.engine.trainer |   epoch 45 step 20/140 loss=0.3498
12:55:59 | INFO    | holoqpi.engine.trainer |   epoch 45 step 40/140 loss=0.4818
12:56:03 | INFO    | holoqpi.engine.trainer |   epoch 45 step 60/140 loss=0.4149
12:56:07 | INFO    | holoqpi.engine.trainer |   epoch 45 step 80/140 loss=0.3602
12:56:12 | INFO    | holoqpi.engine.trainer |   epoch 45 step 100/140 loss=0.2990
12:56:16 | INFO    | holoqpi.engine.trainer |   epoch 45 step 120/140 loss=0.3235
12:57:12 | INFO    | holoqpi.engine.trainer | epoch 45/60 (83s = 31s train + 52s val) | train_loss=0.3555  val_phase_mae=0.1666  val_dice=0.8276  val_cls_acc=nan  val_mass_mape=0.1925
12:57:13 | INFO    | holoqpi.engine.trainer |   epoch 46 step 0/140 loss=0.3222
12:57:17 | INFO    | holoqpi.engine.trainer |   epoch 46 step 20/140 loss=0.3704
12:57:22 | INFO    | holoqpi.engine.trainer |   epoch 46 step 40/140 loss=0.3036
12:57:26 | INFO    | holoqpi.engine.trainer |   epoch 46 step 60/140 loss=0.3284
12:57:31 | INFO    | holoqpi.engine.trainer |   epoch 46 step 80/140 loss=0.3861
12:57:35 | INFO    | holoqpi.engine.trainer |   epoch 46 step 100/140 loss=0.3442
12:57:40 | INFO    | holoqpi.engine.trainer |   epoch 46 step 120/140 loss=0.4463
12:58:36 | INFO    | holoqpi.engine.trainer | epoch 46/60 (84s = 32s train + 52s val) | train_loss=0.3613  val_phase_mae=0.1716  val_dice=0.8247  val_cls_acc=nan  val_mass_mape=0.1919
12:58:37 | INFO    | holoqpi.engine.trainer |   epoch 47 step 0/140 loss=0.3470
12:58:42 | INFO    | holoqpi.engine.trainer |   epoch 47 step 20/140 loss=0.3532
12:58:46 | INFO    | holoqpi.engine.trainer |   epoch 47 step 40/140 loss=0.3302
12:58:50 | INFO    | holoqpi.engine.trainer |   epoch 47 step 60/140 loss=0.3234
12:58:55 | INFO    | holoqpi.engine.trainer |   epoch 47 step 80/140 loss=0.3438
12:58:59 | INFO    | holoqpi.engine.trainer |   epoch 47 step 100/140 loss=0.3274
12:59:03 | INFO    | holoqpi.engine.trainer |   epoch 47 step 120/140 loss=0.3582
13:00:00 | INFO    | holoqpi.engine.trainer |   new best composite=0.8122
13:00:00 | INFO    | holoqpi.engine.trainer | epoch 47/60 (84s = 31s train + 52s val) | train_loss=0.3567  val_phase_mae=0.1637  val_dice=0.8273  val_cls_acc=nan  val_mass_mape=0.1814
13:00:01 | INFO    | holoqpi.engine.trainer |   epoch 48 step 0/140 loss=0.3868
13:00:05 | INFO    | holoqpi.engine.trainer |   epoch 48 step 20/140 loss=0.5228
13:00:10 | INFO    | holoqpi.engine.trainer |   epoch 48 step 40/140 loss=0.4179
13:00:14 | INFO    | holoqpi.engine.trainer |   epoch 48 step 60/140 loss=0.4205
13:00:18 | INFO    | holoqpi.engine.trainer |   epoch 48 step 80/140 loss=0.2866
13:00:23 | INFO    | holoqpi.engine.trainer |   epoch 48 step 100/140 loss=0.4117
13:00:28 | INFO    | holoqpi.engine.trainer |   epoch 48 step 120/140 loss=0.3905
13:01:24 | INFO    | holoqpi.engine.trainer | epoch 48/60 (84s = 32s train + 52s val) | train_loss=0.3598  val_phase_mae=0.1646  val_dice=0.8256  val_cls_acc=nan  val_mass_mape=0.1971
13:01:25 | INFO    | holoqpi.engine.trainer |   epoch 49 step 0/140 loss=0.4289
13:01:29 | INFO    | holoqpi.engine.trainer |   epoch 49 step 20/140 loss=0.3336
13:01:33 | INFO    | holoqpi.engine.trainer |   epoch 49 step 40/140 loss=0.4033
13:01:38 | INFO    | holoqpi.engine.trainer |   epoch 49 step 60/140 loss=0.3498
13:01:42 | INFO    | holoqpi.engine.trainer |   epoch 49 step 80/140 loss=0.4796
13:01:47 | INFO    | holoqpi.engine.trainer |   epoch 49 step 100/140 loss=0.3561
13:01:51 | INFO    | holoqpi.engine.trainer |   epoch 49 step 120/140 loss=0.3635
13:02:48 | INFO    | holoqpi.engine.trainer | epoch 49/60 (84s = 31s train + 52s val) | train_loss=0.3554  val_phase_mae=0.1678  val_dice=0.8270  val_cls_acc=nan  val_mass_mape=0.1917
13:02:49 | INFO    | holoqpi.engine.trainer |   epoch 50 step 0/140 loss=0.3575
13:02:53 | INFO    | holoqpi.engine.trainer |   epoch 50 step 20/140 loss=0.3609
13:02:57 | INFO    | holoqpi.engine.trainer |   epoch 50 step 40/140 loss=0.3784
13:03:01 | INFO    | holoqpi.engine.trainer |   epoch 50 step 60/140 loss=0.3134
13:03:06 | INFO    | holoqpi.engine.trainer |   epoch 50 step 80/140 loss=0.4690
13:03:10 | INFO    | holoqpi.engine.trainer |   epoch 50 step 100/140 loss=0.3789
13:03:15 | INFO    | holoqpi.engine.trainer |   epoch 50 step 120/140 loss=0.3828
13:04:12 | INFO    | holoqpi.engine.trainer | epoch 50/60 (84s = 31s train + 53s val) | train_loss=0.3503  val_phase_mae=0.1704  val_dice=0.8270  val_cls_acc=nan  val_mass_mape=0.1949
13:04:13 | INFO    | holoqpi.engine.trainer |   epoch 51 step 0/140 loss=0.2855
13:04:17 | INFO    | holoqpi.engine.trainer |   epoch 51 step 20/140 loss=0.3254
13:04:21 | INFO    | holoqpi.engine.trainer |   epoch 51 step 40/140 loss=0.2978
13:04:25 | INFO    | holoqpi.engine.trainer |   epoch 51 step 60/140 loss=0.3146
13:04:30 | INFO    | holoqpi.engine.trainer |   epoch 51 step 80/140 loss=0.4741
13:04:34 | INFO    | holoqpi.engine.trainer |   epoch 51 step 100/140 loss=0.3469
13:04:39 | INFO    | holoqpi.engine.trainer |   epoch 51 step 120/140 loss=0.2856
13:05:36 | INFO    | holoqpi.engine.trainer | epoch 51/60 (84s = 31s train + 53s val) | train_loss=0.3541  val_phase_mae=0.1655  val_dice=0.8277  val_cls_acc=nan  val_mass_mape=0.1968
13:05:37 | INFO    | holoqpi.engine.trainer |   epoch 52 step 0/140 loss=0.2782
13:05:41 | INFO    | holoqpi.engine.trainer |   epoch 52 step 20/140 loss=0.2899
13:05:45 | INFO    | holoqpi.engine.trainer |   epoch 52 step 40/140 loss=0.3085
13:05:49 | INFO    | holoqpi.engine.trainer |   epoch 52 step 60/140 loss=0.3641
13:05:54 | INFO    | holoqpi.engine.trainer |   epoch 52 step 80/140 loss=0.3281
13:05:58 | INFO    | holoqpi.engine.trainer |   epoch 52 step 100/140 loss=0.4518
13:06:03 | INFO    | holoqpi.engine.trainer |   epoch 52 step 120/140 loss=0.3540
13:07:00 | INFO    | holoqpi.engine.trainer |   new best composite=0.8130
13:07:00 | INFO    | holoqpi.engine.trainer | epoch 52/60 (84s = 31s train + 53s val) | train_loss=0.3592  val_phase_mae=0.1635  val_dice=0.8296  val_cls_acc=nan  val_mass_mape=0.1875
13:07:01 | INFO    | holoqpi.engine.trainer |   epoch 53 step 0/140 loss=0.3292
13:07:05 | INFO    | holoqpi.engine.trainer |   epoch 53 step 20/140 loss=0.2980
13:07:09 | INFO    | holoqpi.engine.trainer |   epoch 53 step 40/140 loss=0.4051
13:07:13 | INFO    | holoqpi.engine.trainer |   epoch 53 step 60/140 loss=0.2801
13:07:17 | INFO    | holoqpi.engine.trainer |   epoch 53 step 80/140 loss=0.3231
13:07:22 | INFO    | holoqpi.engine.trainer |   epoch 53 step 100/140 loss=0.3767
13:07:26 | INFO    | holoqpi.engine.trainer |   epoch 53 step 120/140 loss=0.3480
13:08:23 | INFO    | holoqpi.engine.trainer | epoch 53/60 (83s = 31s train + 52s val) | train_loss=0.3576  val_phase_mae=0.1712  val_dice=0.8260  val_cls_acc=nan  val_mass_mape=0.1959
13:08:24 | INFO    | holoqpi.engine.trainer |   epoch 54 step 0/140 loss=0.2950
13:08:28 | INFO    | holoqpi.engine.trainer |   epoch 54 step 20/140 loss=0.3539
13:08:32 | INFO    | holoqpi.engine.trainer |   epoch 54 step 40/140 loss=0.3164
13:08:36 | INFO    | holoqpi.engine.trainer |   epoch 54 step 60/140 loss=0.3531
13:08:40 | INFO    | holoqpi.engine.trainer |   epoch 54 step 80/140 loss=0.3892
13:08:45 | INFO    | holoqpi.engine.trainer |   epoch 54 step 100/140 loss=0.3482
13:08:49 | INFO    | holoqpi.engine.trainer |   epoch 54 step 120/140 loss=0.3743
13:09:46 | INFO    | holoqpi.engine.trainer | epoch 54/60 (83s = 31s train + 52s val) | train_loss=0.3543  val_phase_mae=0.1667  val_dice=0.8271  val_cls_acc=nan  val_mass_mape=0.1996
13:09:47 | INFO    | holoqpi.engine.trainer |   epoch 55 step 0/140 loss=0.3086
13:09:51 | INFO    | holoqpi.engine.trainer |   epoch 55 step 20/140 loss=0.4283
13:09:55 | INFO    | holoqpi.engine.trainer |   epoch 55 step 40/140 loss=0.4245
13:09:59 | INFO    | holoqpi.engine.trainer |   epoch 55 step 60/140 loss=0.2755
13:10:04 | INFO    | holoqpi.engine.trainer |   epoch 55 step 80/140 loss=0.3321
13:10:08 | INFO    | holoqpi.engine.trainer |   epoch 55 step 100/140 loss=0.2816
13:10:12 | INFO    | holoqpi.engine.trainer |   epoch 55 step 120/140 loss=0.3411
13:11:09 | INFO    | holoqpi.engine.trainer | epoch 55/60 (83s = 31s train + 53s val) | train_loss=0.3555  val_phase_mae=0.1664  val_dice=0.8279  val_cls_acc=nan  val_mass_mape=0.1910
13:11:10 | INFO    | holoqpi.engine.trainer |   epoch 56 step 0/140 loss=0.3277
13:11:15 | INFO    | holoqpi.engine.trainer |   epoch 56 step 20/140 loss=0.2882
13:11:18 | INFO    | holoqpi.engine.trainer |   epoch 56 step 40/140 loss=0.3369
13:11:23 | INFO    | holoqpi.engine.trainer |   epoch 56 step 60/140 loss=0.4107
13:11:27 | INFO    | holoqpi.engine.trainer |   epoch 56 step 80/140 loss=0.2914
13:11:31 | INFO    | holoqpi.engine.trainer |   epoch 56 step 100/140 loss=0.2785
13:11:36 | INFO    | holoqpi.engine.trainer |   epoch 56 step 120/140 loss=0.3180
13:12:33 | INFO    | holoqpi.engine.trainer | epoch 56/60 (83s = 31s train + 53s val) | train_loss=0.3504  val_phase_mae=0.1667  val_dice=0.8277  val_cls_acc=nan  val_mass_mape=0.1857
13:12:34 | INFO    | holoqpi.engine.trainer |   epoch 57 step 0/140 loss=0.3436
13:12:38 | INFO    | holoqpi.engine.trainer |   epoch 57 step 20/140 loss=0.3007
13:12:42 | INFO    | holoqpi.engine.trainer |   epoch 57 step 40/140 loss=0.3808
13:12:46 | INFO    | holoqpi.engine.trainer |   epoch 57 step 60/140 loss=0.2980
13:12:50 | INFO    | holoqpi.engine.trainer |   epoch 57 step 80/140 loss=0.3041
13:12:55 | INFO    | holoqpi.engine.trainer |   epoch 57 step 100/140 loss=0.3044
13:12:59 | INFO    | holoqpi.engine.trainer |   epoch 57 step 120/140 loss=0.3522
13:13:57 | INFO    | holoqpi.engine.trainer | epoch 57/60 (84s = 30s train + 53s val) | train_loss=0.3541  val_phase_mae=0.1734  val_dice=0.8257  val_cls_acc=nan  val_mass_mape=0.1900
13:13:58 | INFO    | holoqpi.engine.trainer |   epoch 58 step 0/140 loss=0.4806
13:14:02 | INFO    | holoqpi.engine.trainer |   epoch 58 step 20/140 loss=0.3082
13:14:06 | INFO    | holoqpi.engine.trainer |   epoch 58 step 40/140 loss=0.3129
13:14:10 | INFO    | holoqpi.engine.trainer |   epoch 58 step 60/140 loss=0.3148
13:14:14 | INFO    | holoqpi.engine.trainer |   epoch 58 step 80/140 loss=0.3247
13:14:18 | INFO    | holoqpi.engine.trainer |   epoch 58 step 100/140 loss=0.3465
13:14:23 | INFO    | holoqpi.engine.trainer |   epoch 58 step 120/140 loss=0.2867
13:15:20 | INFO    | holoqpi.engine.trainer | epoch 58/60 (83s = 31s train + 53s val) | train_loss=0.3539  val_phase_mae=0.1730  val_dice=0.8258  val_cls_acc=nan  val_mass_mape=0.1905
13:15:21 | INFO    | holoqpi.engine.trainer |   epoch 59 step 0/140 loss=0.2689
13:15:25 | INFO    | holoqpi.engine.trainer |   epoch 59 step 20/140 loss=0.2861
13:15:29 | INFO    | holoqpi.engine.trainer |   epoch 59 step 40/140 loss=0.4833
13:15:33 | INFO    | holoqpi.engine.trainer |   epoch 59 step 60/140 loss=0.4250
13:15:37 | INFO    | holoqpi.engine.trainer |   epoch 59 step 80/140 loss=0.3444
13:15:42 | INFO    | holoqpi.engine.trainer |   epoch 59 step 100/140 loss=0.2665
13:15:46 | INFO    | holoqpi.engine.trainer |   epoch 59 step 120/140 loss=0.3424
13:16:43 | INFO    | holoqpi.engine.trainer | epoch 59/60 (83s = 30s train + 53s val) | train_loss=0.3561  val_phase_mae=0.1680  val_dice=0.8277  val_cls_acc=nan  val_mass_mape=0.2047
13:16:44 | INFO    | holoqpi.engine.trainer |   epoch 60 step 0/140 loss=0.3674
13:16:48 | INFO    | holoqpi.engine.trainer |   epoch 60 step 20/140 loss=0.3595
13:16:52 | INFO    | holoqpi.engine.trainer |   epoch 60 step 40/140 loss=0.3780
13:16:56 | INFO    | holoqpi.engine.trainer |   epoch 60 step 60/140 loss=0.2845
13:17:01 | INFO    | holoqpi.engine.trainer |   epoch 60 step 80/140 loss=0.3381
13:17:05 | INFO    | holoqpi.engine.trainer |   epoch 60 step 100/140 loss=0.3150
13:17:09 | INFO    | holoqpi.engine.trainer |   epoch 60 step 120/140 loss=0.4451
13:18:06 | INFO    | holoqpi.engine.trainer | epoch 60/60 (83s = 30s train + 53s val) | train_loss=0.3459  val_phase_mae=0.1677  val_dice=0.8276  val_cls_acc=nan  val_mass_mape=0.1900
13:18:06 | INFO    | holoqpi.engine.trainer | training finished; best epoch 52 (composite=0.8130)
