13:20:11 | INFO    | holoqpi | training v2_ipp_w10 on off_axis (device=cuda)
13:20:11 | INFO    | holoqpi.data.dataset | train split: 560 samples | modality=off_axis | crop=512 | augment=True
13:20:11 | INFO    | holoqpi.data.dataset | val split: 127 samples | modality=off_axis | crop=None | augment=False
13:20:12 | INFO    | holoqpi.models.encoders | loading pretrained mobilenet_v2 from weights/mobilenet_v2-b0353104.pth
13:20:12 | INFO    | holoqpi.models.encoders | loading pretrained mobilenet_v2 from weights/mobilenet_v2-b0353104.pth
13:20:12 | INFO    | holoqpi.models.encoders | encoder=mobilenet_v2 in_channels=1 pretrained=True weights=local (weights) stages=[16, 24, 32, 96, 1280]
13:20:12 | INFO    | holoqpi.models.holonet | HoloQPINet built: 9.60M parameters, 9.60M trainable (100.0%)
13:20:13 | INFO    | holoqpi.engine.trainer | trainable 9.60M / 9.60M parameters (100.0%)
13:20:13 | INFO    | holoqpi.engine.trainer | objective: cell_integrated_phase=1  phase=1  segmentation=1
13:20:13 | INFO    | holoqpi.engine.trainer | active physics terms: ['cell_integrated_phase']
13:20:20 | INFO    | holoqpi.engine.trainer |   epoch 1 step 0/140 loss=2.9626
13:20:23 | INFO    | holoqpi.engine.trainer |   epoch 1 step 20/140 loss=2.5172
13:20:28 | INFO    | holoqpi.engine.trainer |   epoch 1 step 40/140 loss=2.1677
13:20:32 | INFO    | holoqpi.engine.trainer |   epoch 1 step 60/140 loss=1.9631
13:20:36 | INFO    | holoqpi.engine.trainer |   epoch 1 step 80/140 loss=1.7613
13:20:40 | INFO    | holoqpi.engine.trainer |   epoch 1 step 100/140 loss=1.7126
13:20:44 | INFO    | holoqpi.engine.trainer |   epoch 1 step 120/140 loss=1.4363
13:21:44 | INFO    | holoqpi.engine.trainer |   new best composite=0.5892
13:21:44 | INFO    | holoqpi.engine.trainer | epoch 1/60 (91s = 35s train + 56s val) | train_loss=1.9439  val_phase_mae=0.3268  val_dice=0.5897  val_cls_acc=nan  val_mass_mape=0.2713
13:21:44 | INFO    | holoqpi.engine.trainer |   at this rate the full 60-epoch schedule takes about 91 min
13:21:45 | INFO    | holoqpi.engine.trainer |   epoch 2 step 0/140 loss=1.4024
13:21:49 | INFO    | holoqpi.engine.trainer |   epoch 2 step 20/140 loss=1.4340
13:21:53 | INFO    | holoqpi.engine.trainer |   epoch 2 step 40/140 loss=1.3193
13:21:57 | INFO    | holoqpi.engine.trainer |   epoch 2 step 60/140 loss=1.2890
13:22:02 | INFO    | holoqpi.engine.trainer |   epoch 2 step 80/140 loss=1.2662
13:22:06 | INFO    | holoqpi.engine.trainer |   epoch 2 step 100/140 loss=1.1369
13:22:10 | INFO    | holoqpi.engine.trainer |   epoch 2 step 120/140 loss=1.2492
13:23:06 | INFO    | holoqpi.engine.trainer |   new best composite=0.6935
13:23:06 | INFO    | holoqpi.engine.trainer | epoch 2/60 (82s = 29s train + 52s val) | train_loss=1.2502  val_phase_mae=0.2226  val_dice=0.7392  val_cls_acc=nan  val_mass_mape=0.3525
13:23:07 | INFO    | holoqpi.engine.trainer |   epoch 3 step 0/140 loss=1.0212
13:23:11 | INFO    | holoqpi.engine.trainer |   epoch 3 step 20/140 loss=0.9830
13:23:15 | INFO    | holoqpi.engine.trainer |   epoch 3 step 40/140 loss=0.8579
13:23:19 | INFO    | holoqpi.engine.trainer |   epoch 3 step 60/140 loss=0.9181
13:23:23 | INFO    | holoqpi.engine.trainer |   epoch 3 step 80/140 loss=0.8194
13:23:28 | INFO    | holoqpi.engine.trainer |   epoch 3 step 100/140 loss=0.8575
13:23:32 | INFO    | holoqpi.engine.trainer |   epoch 3 step 120/140 loss=0.8139
13:24:29 | INFO    | holoqpi.engine.trainer |   new best composite=0.7394
13:24:29 | INFO    | holoqpi.engine.trainer | epoch 3/60 (83s = 30s train + 53s val) | train_loss=0.9585  val_phase_mae=0.2061  val_dice=0.7613  val_cls_acc=nan  val_mass_mape=0.2531
13:24:30 | INFO    | holoqpi.engine.trainer |   epoch 4 step 0/140 loss=1.0239
13:24:35 | INFO    | holoqpi.engine.trainer |   epoch 4 step 20/140 loss=0.7551
13:24:39 | INFO    | holoqpi.engine.trainer |   epoch 4 step 40/140 loss=0.8631
13:24:43 | INFO    | holoqpi.engine.trainer |   epoch 4 step 60/140 loss=0.9445
13:24:47 | INFO    | holoqpi.engine.trainer |   epoch 4 step 80/140 loss=0.9403
13:24:51 | INFO    | holoqpi.engine.trainer |   epoch 4 step 100/140 loss=1.1511
13:24:55 | INFO    | holoqpi.engine.trainer |   epoch 4 step 120/140 loss=1.2192
13:25:53 | INFO    | holoqpi.engine.trainer |   new best composite=0.7418
13:25:53 | INFO    | holoqpi.engine.trainer | epoch 4/60 (83s = 30s train + 54s val) | train_loss=0.8658  val_phase_mae=0.2059  val_dice=0.7633  val_cls_acc=nan  val_mass_mape=0.2369
13:25:54 | INFO    | holoqpi.engine.trainer |   epoch 5 step 0/140 loss=1.0298
13:25:58 | INFO    | holoqpi.engine.trainer |   epoch 5 step 20/140 loss=0.7044
13:26:02 | INFO    | holoqpi.engine.trainer |   epoch 5 step 40/140 loss=0.8853
13:26:06 | INFO    | holoqpi.engine.trainer |   epoch 5 step 60/140 loss=0.8117
13:26:10 | INFO    | holoqpi.engine.trainer |   epoch 5 step 80/140 loss=0.6164
13:26:14 | INFO    | holoqpi.engine.trainer |   epoch 5 step 100/140 loss=1.0412
13:26:18 | INFO    | holoqpi.engine.trainer |   epoch 5 step 120/140 loss=0.6490
13:27:17 | INFO    | holoqpi.engine.trainer |   new best composite=0.7472
13:27:17 | INFO    | holoqpi.engine.trainer | epoch 5/60 (83s = 30s train + 54s val) | train_loss=0.8165  val_phase_mae=0.2116  val_dice=0.7841  val_cls_acc=nan  val_mass_mape=0.2598
13:27:18 | INFO    | holoqpi.engine.trainer |   epoch 6 step 0/140 loss=0.5890
13:27:22 | INFO    | holoqpi.engine.trainer |   epoch 6 step 20/140 loss=1.0211
13:27:25 | INFO    | holoqpi.engine.trainer |   epoch 6 step 40/140 loss=0.7559
13:27:30 | INFO    | holoqpi.engine.trainer |   epoch 6 step 60/140 loss=0.5041
13:27:34 | INFO    | holoqpi.engine.trainer |   epoch 6 step 80/140 loss=0.7821
13:27:38 | INFO    | holoqpi.engine.trainer |   epoch 6 step 100/140 loss=0.6067
13:27:42 | INFO    | holoqpi.engine.trainer |   epoch 6 step 120/140 loss=1.1402
13:28:40 | INFO    | holoqpi.engine.trainer |   new best composite=0.7666
13:28:40 | INFO    | holoqpi.engine.trainer | epoch 6/60 (83s = 30s train + 53s val) | train_loss=0.7712  val_phase_mae=0.1975  val_dice=0.7872  val_cls_acc=nan  val_mass_mape=0.2263
13:28:41 | INFO    | holoqpi.engine.trainer |   epoch 7 step 0/140 loss=0.9762
13:28:45 | INFO    | holoqpi.engine.trainer |   epoch 7 step 20/140 loss=0.7091
13:28:49 | INFO    | holoqpi.engine.trainer |   epoch 7 step 40/140 loss=0.5998
13:28:53 | INFO    | holoqpi.engine.trainer |   epoch 7 step 60/140 loss=0.5919
13:28:57 | INFO    | holoqpi.engine.trainer |   epoch 7 step 80/140 loss=0.7249
13:29:01 | INFO    | holoqpi.engine.trainer |   epoch 7 step 100/140 loss=0.8577
13:29:05 | INFO    | holoqpi.engine.trainer |   epoch 7 step 120/140 loss=0.7083
13:30:02 | INFO    | holoqpi.engine.trainer |   new best composite=0.7722
13:30:02 | INFO    | holoqpi.engine.trainer | epoch 7/60 (82s = 29s train + 53s val) | train_loss=0.7310  val_phase_mae=0.1879  val_dice=0.7933  val_cls_acc=nan  val_mass_mape=0.2249
13:30:03 | INFO    | holoqpi.engine.trainer |   epoch 8 step 0/140 loss=0.8001
13:30:07 | INFO    | holoqpi.engine.trainer |   epoch 8 step 20/140 loss=0.7016
13:30:12 | INFO    | holoqpi.engine.trainer |   epoch 8 step 40/140 loss=0.6899
13:30:16 | INFO    | holoqpi.engine.trainer |   epoch 8 step 60/140 loss=0.9067
13:30:20 | INFO    | holoqpi.engine.trainer |   epoch 8 step 80/140 loss=1.0527
13:30:24 | INFO    | holoqpi.engine.trainer |   epoch 8 step 100/140 loss=0.7853
13:30:28 | INFO    | holoqpi.engine.trainer |   epoch 8 step 120/140 loss=0.6563
13:31:26 | INFO    | holoqpi.engine.trainer |   new best composite=0.7734
13:31:26 | INFO    | holoqpi.engine.trainer | epoch 8/60 (83s = 30s train + 53s val) | train_loss=0.7249  val_phase_mae=0.1895  val_dice=0.7933  val_cls_acc=nan  val_mass_mape=0.2128
13:31:26 | INFO    | holoqpi.engine.trainer |   epoch 9 step 0/140 loss=0.6646
13:31:30 | INFO    | holoqpi.engine.trainer |   epoch 9 step 20/140 loss=0.8096
13:31:35 | INFO    | holoqpi.engine.trainer |   epoch 9 step 40/140 loss=0.5969
13:31:39 | INFO    | holoqpi.engine.trainer |   epoch 9 step 60/140 loss=0.7630
13:31:43 | INFO    | holoqpi.engine.trainer |   epoch 9 step 80/140 loss=0.6351
13:31:47 | INFO    | holoqpi.engine.trainer |   epoch 9 step 100/140 loss=0.5886
13:31:51 | INFO    | holoqpi.engine.trainer |   epoch 9 step 120/140 loss=0.6714
13:32:48 | INFO    | holoqpi.engine.trainer | epoch 9/60 (83s = 30s train + 53s val) | train_loss=0.7255  val_phase_mae=0.1869  val_dice=0.7966  val_cls_acc=nan  val_mass_mape=0.2296
13:32:49 | INFO    | holoqpi.engine.trainer |   epoch 10 step 0/140 loss=0.6005
13:32:53 | INFO    | holoqpi.engine.trainer |   epoch 10 step 20/140 loss=0.7238
13:32:57 | INFO    | holoqpi.engine.trainer |   epoch 10 step 40/140 loss=0.6000
13:33:02 | INFO    | holoqpi.engine.trainer |   epoch 10 step 60/140 loss=0.6343
13:33:06 | INFO    | holoqpi.engine.trainer |   epoch 10 step 80/140 loss=0.5539
13:33:10 | INFO    | holoqpi.engine.trainer |   epoch 10 step 100/140 loss=1.0560
13:33:14 | INFO    | holoqpi.engine.trainer |   epoch 10 step 120/140 loss=0.5852
13:34:11 | INFO    | holoqpi.engine.trainer | epoch 10/60 (83s = 29s train + 54s val) | train_loss=0.6987  val_phase_mae=0.1831  val_dice=0.8025  val_cls_acc=nan  val_mass_mape=0.2632
13:34:12 | INFO    | holoqpi.engine.trainer |   epoch 11 step 0/140 loss=0.5281
13:34:16 | INFO    | holoqpi.engine.trainer |   epoch 11 step 20/140 loss=0.5976
13:34:20 | INFO    | holoqpi.engine.trainer |   epoch 11 step 40/140 loss=0.7437
13:34:25 | INFO    | holoqpi.engine.trainer |   epoch 11 step 60/140 loss=0.6238
13:34:29 | INFO    | holoqpi.engine.trainer |   epoch 11 step 80/140 loss=0.6395
13:34:33 | INFO    | holoqpi.engine.trainer |   epoch 11 step 100/140 loss=0.6564
13:34:37 | INFO    | holoqpi.engine.trainer |   epoch 11 step 120/140 loss=0.8283
13:35:34 | INFO    | holoqpi.engine.trainer |   new best composite=0.7823
13:35:34 | INFO    | holoqpi.engine.trainer | epoch 11/60 (83s = 30s train + 53s val) | train_loss=0.6599  val_phase_mae=0.1852  val_dice=0.8029  val_cls_acc=nan  val_mass_mape=0.2082
13:35:35 | INFO    | holoqpi.engine.trainer |   epoch 12 step 0/140 loss=0.7166
13:35:39 | INFO    | holoqpi.engine.trainer |   epoch 12 step 20/140 loss=0.5977
13:35:43 | INFO    | holoqpi.engine.trainer |   epoch 12 step 40/140 loss=0.5324
13:35:48 | INFO    | holoqpi.engine.trainer |   epoch 12 step 60/140 loss=0.5330
13:35:52 | INFO    | holoqpi.engine.trainer |   epoch 12 step 80/140 loss=0.6669
13:35:56 | INFO    | holoqpi.engine.trainer |   epoch 12 step 100/140 loss=0.6401
13:36:00 | INFO    | holoqpi.engine.trainer |   epoch 12 step 120/140 loss=0.6243
13:36:57 | INFO    | holoqpi.engine.trainer | epoch 12/60 (83s = 30s train + 53s val) | train_loss=0.6464  val_phase_mae=0.1873  val_dice=0.8018  val_cls_acc=nan  val_mass_mape=0.2219
13:36:58 | INFO    | holoqpi.engine.trainer |   epoch 13 step 0/140 loss=0.6608
13:37:02 | INFO    | holoqpi.engine.trainer |   epoch 13 step 20/140 loss=0.5680
13:37:06 | INFO    | holoqpi.engine.trainer |   epoch 13 step 40/140 loss=0.7178
13:37:11 | INFO    | holoqpi.engine.trainer |   epoch 13 step 60/140 loss=0.6801
13:37:15 | INFO    | holoqpi.engine.trainer |   epoch 13 step 80/140 loss=0.7519
13:37:19 | INFO    | holoqpi.engine.trainer |   epoch 13 step 100/140 loss=0.9633
13:37:23 | INFO    | holoqpi.engine.trainer |   epoch 13 step 120/140 loss=0.4831
13:38:21 | INFO    | holoqpi.engine.trainer |   new best composite=0.7825
13:38:21 | INFO    | holoqpi.engine.trainer | epoch 13/60 (83s = 29s train + 54s val) | train_loss=0.6717  val_phase_mae=0.1857  val_dice=0.8055  val_cls_acc=nan  val_mass_mape=0.2095
13:38:22 | INFO    | holoqpi.engine.trainer |   epoch 14 step 0/140 loss=0.5570
13:38:26 | INFO    | holoqpi.engine.trainer |   epoch 14 step 20/140 loss=0.8704
13:38:30 | INFO    | holoqpi.engine.trainer |   epoch 14 step 40/140 loss=0.5187
13:38:34 | INFO    | holoqpi.engine.trainer |   epoch 14 step 60/140 loss=0.9244
13:38:38 | INFO    | holoqpi.engine.trainer |   epoch 14 step 80/140 loss=0.6337
13:38:43 | INFO    | holoqpi.engine.trainer |   epoch 14 step 100/140 loss=0.6469
13:38:47 | INFO    | holoqpi.engine.trainer |   epoch 14 step 120/140 loss=0.7108
13:39:44 | INFO    | holoqpi.engine.trainer |   new best composite=0.7916
13:39:44 | INFO    | holoqpi.engine.trainer | epoch 14/60 (83s = 30s train + 53s val) | train_loss=0.6619  val_phase_mae=0.1759  val_dice=0.8088  val_cls_acc=nan  val_mass_mape=0.2010
13:39:45 | INFO    | holoqpi.engine.trainer |   epoch 15 step 0/140 loss=1.1481
13:39:49 | INFO    | holoqpi.engine.trainer |   epoch 15 step 20/140 loss=0.5504
13:39:53 | INFO    | holoqpi.engine.trainer |   epoch 15 step 40/140 loss=0.5383
13:39:57 | INFO    | holoqpi.engine.trainer |   epoch 15 step 60/140 loss=0.5226
13:40:01 | INFO    | holoqpi.engine.trainer |   epoch 15 step 80/140 loss=0.7979
13:40:05 | INFO    | holoqpi.engine.trainer |   epoch 15 step 100/140 loss=0.7181
13:40:10 | INFO    | holoqpi.engine.trainer |   epoch 15 step 120/140 loss=0.7282
13:41:06 | INFO    | holoqpi.engine.trainer | epoch 15/60 (82s = 29s train + 53s val) | train_loss=0.6355  val_phase_mae=0.1782  val_dice=0.8081  val_cls_acc=nan  val_mass_mape=0.2168
13:41:07 | INFO    | holoqpi.engine.trainer |   epoch 16 step 0/140 loss=0.6112
13:41:11 | INFO    | holoqpi.engine.trainer |   epoch 16 step 20/140 loss=0.6490
13:41:16 | INFO    | holoqpi.engine.trainer |   epoch 16 step 40/140 loss=0.5186
13:41:20 | INFO    | holoqpi.engine.trainer |   epoch 16 step 60/140 loss=0.6154
13:41:24 | INFO    | holoqpi.engine.trainer |   epoch 16 step 80/140 loss=0.7105
13:41:28 | INFO    | holoqpi.engine.trainer |   epoch 16 step 100/140 loss=0.6324
13:41:32 | INFO    | holoqpi.engine.trainer |   epoch 16 step 120/140 loss=0.8064
13:42:29 | INFO    | holoqpi.engine.trainer | epoch 16/60 (83s = 29s train + 53s val) | train_loss=0.6140  val_phase_mae=0.1784  val_dice=0.8131  val_cls_acc=nan  val_mass_mape=0.2277
13:42:30 | INFO    | holoqpi.engine.trainer |   epoch 17 step 0/140 loss=0.8623
13:42:34 | INFO    | holoqpi.engine.trainer |   epoch 17 step 20/140 loss=0.6180
13:42:38 | INFO    | holoqpi.engine.trainer |   epoch 17 step 40/140 loss=0.5443
13:42:42 | INFO    | holoqpi.engine.trainer |   epoch 17 step 60/140 loss=0.5505
13:42:46 | INFO    | holoqpi.engine.trainer |   epoch 17 step 80/140 loss=0.5615
13:42:50 | INFO    | holoqpi.engine.trainer |   epoch 17 step 100/140 loss=0.6146
13:42:55 | INFO    | holoqpi.engine.trainer |   epoch 17 step 120/140 loss=0.4228
13:43:52 | INFO    | holoqpi.engine.trainer | epoch 17/60 (83s = 30s train + 53s val) | train_loss=0.6148  val_phase_mae=0.1780  val_dice=0.8119  val_cls_acc=nan  val_mass_mape=0.2208
13:43:53 | INFO    | holoqpi.engine.trainer |   epoch 18 step 0/140 loss=0.5292
13:43:57 | INFO    | holoqpi.engine.trainer |   epoch 18 step 20/140 loss=0.6274
13:44:01 | INFO    | holoqpi.engine.trainer |   epoch 18 step 40/140 loss=0.5429
13:44:05 | INFO    | holoqpi.engine.trainer |   epoch 18 step 60/140 loss=0.6341
13:44:09 | INFO    | holoqpi.engine.trainer |   epoch 18 step 80/140 loss=0.6104
13:44:14 | INFO    | holoqpi.engine.trainer |   epoch 18 step 100/140 loss=0.4882
13:44:18 | INFO    | holoqpi.engine.trainer |   epoch 18 step 120/140 loss=0.8804
13:45:16 | INFO    | holoqpi.engine.trainer | epoch 18/60 (84s = 30s train + 54s val) | train_loss=0.6154  val_phase_mae=0.1794  val_dice=0.8134  val_cls_acc=nan  val_mass_mape=0.2500
13:45:17 | INFO    | holoqpi.engine.trainer |   epoch 19 step 0/140 loss=0.5455
13:45:21 | INFO    | holoqpi.engine.trainer |   epoch 19 step 20/140 loss=0.5252
13:45:25 | INFO    | holoqpi.engine.trainer |   epoch 19 step 40/140 loss=0.8738
13:45:29 | INFO    | holoqpi.engine.trainer |   epoch 19 step 60/140 loss=0.4673
13:45:33 | INFO    | holoqpi.engine.trainer |   epoch 19 step 80/140 loss=0.4488
13:45:37 | INFO    | holoqpi.engine.trainer |   epoch 19 step 100/140 loss=0.8834
13:45:42 | INFO    | holoqpi.engine.trainer |   epoch 19 step 120/140 loss=0.4795
13:46:39 | INFO    | holoqpi.engine.trainer |   new best composite=0.7977
13:46:39 | INFO    | holoqpi.engine.trainer | epoch 19/60 (83s = 30s train + 53s val) | train_loss=0.6245  val_phase_mae=0.1799  val_dice=0.8186  val_cls_acc=nan  val_mass_mape=0.2054
13:46:40 | INFO    | holoqpi.engine.trainer |   epoch 20 step 0/140 loss=0.4996
13:46:44 | INFO    | holoqpi.engine.trainer |   epoch 20 step 20/140 loss=0.4663
13:46:48 | INFO    | holoqpi.engine.trainer |   epoch 20 step 40/140 loss=0.5265
13:46:52 | INFO    | holoqpi.engine.trainer |   epoch 20 step 60/140 loss=0.6545
13:46:56 | INFO    | holoqpi.engine.trainer |   epoch 20 step 80/140 loss=0.5425
13:47:00 | INFO    | holoqpi.engine.trainer |   epoch 20 step 100/140 loss=0.4611
13:47:05 | INFO    | holoqpi.engine.trainer |   epoch 20 step 120/140 loss=0.4856
13:48:02 | INFO    | holoqpi.engine.trainer | epoch 20/60 (83s = 30s train + 53s val) | train_loss=0.6089  val_phase_mae=0.1840  val_dice=0.8080  val_cls_acc=nan  val_mass_mape=0.2340
13:48:03 | INFO    | holoqpi.engine.trainer |   epoch 21 step 0/140 loss=0.5136
13:48:07 | INFO    | holoqpi.engine.trainer |   epoch 21 step 20/140 loss=0.7266
13:48:11 | INFO    | holoqpi.engine.trainer |   epoch 21 step 40/140 loss=0.5309
13:48:15 | INFO    | holoqpi.engine.trainer |   epoch 21 step 60/140 loss=0.6208
13:48:19 | INFO    | holoqpi.engine.trainer |   epoch 21 step 80/140 loss=0.5141
13:48:24 | INFO    | holoqpi.engine.trainer |   epoch 21 step 100/140 loss=0.4524
13:48:28 | INFO    | holoqpi.engine.trainer |   epoch 21 step 120/140 loss=0.5299
13:49:25 | INFO    | holoqpi.engine.trainer | epoch 21/60 (83s = 30s train + 53s val) | train_loss=0.6035  val_phase_mae=0.1752  val_dice=0.8121  val_cls_acc=nan  val_mass_mape=0.2417
13:49:26 | INFO    | holoqpi.engine.trainer |   epoch 22 step 0/140 loss=0.5961
13:49:30 | INFO    | holoqpi.engine.trainer |   epoch 22 step 20/140 loss=0.6914
13:49:34 | INFO    | holoqpi.engine.trainer |   epoch 22 step 40/140 loss=0.4736
13:49:38 | INFO    | holoqpi.engine.trainer |   epoch 22 step 60/140 loss=0.4258
13:49:42 | INFO    | holoqpi.engine.trainer |   epoch 22 step 80/140 loss=0.5867
13:49:47 | INFO    | holoqpi.engine.trainer |   epoch 22 step 100/140 loss=0.6818
13:49:52 | INFO    | holoqpi.engine.trainer |   epoch 22 step 120/140 loss=0.4894
13:50:49 | INFO    | holoqpi.engine.trainer | epoch 22/60 (84s = 30s train + 53s val) | train_loss=0.5971  val_phase_mae=0.1785  val_dice=0.8119  val_cls_acc=nan  val_mass_mape=0.2187
13:50:50 | INFO    | holoqpi.engine.trainer |   epoch 23 step 0/140 loss=0.4629
13:50:54 | INFO    | holoqpi.engine.trainer |   epoch 23 step 20/140 loss=0.5417
13:50:58 | INFO    | holoqpi.engine.trainer |   epoch 23 step 40/140 loss=0.6545
13:51:02 | INFO    | holoqpi.engine.trainer |   epoch 23 step 60/140 loss=0.7213
13:51:06 | INFO    | holoqpi.engine.trainer |   epoch 23 step 80/140 loss=0.6110
13:51:11 | INFO    | holoqpi.engine.trainer |   epoch 23 step 100/140 loss=0.5084
13:51:15 | INFO    | holoqpi.engine.trainer |   epoch 23 step 120/140 loss=0.5960
13:52:12 | INFO    | holoqpi.engine.trainer | epoch 23/60 (84s = 31s train + 53s val) | train_loss=0.5824  val_phase_mae=0.1761  val_dice=0.8166  val_cls_acc=nan  val_mass_mape=0.2057
13:52:13 | INFO    | holoqpi.engine.trainer |   epoch 24 step 0/140 loss=0.5131
13:52:17 | INFO    | holoqpi.engine.trainer |   epoch 24 step 20/140 loss=0.5996
13:52:21 | INFO    | holoqpi.engine.trainer |   epoch 24 step 40/140 loss=0.6802
13:52:25 | INFO    | holoqpi.engine.trainer |   epoch 24 step 60/140 loss=0.7188
13:52:30 | INFO    | holoqpi.engine.trainer |   epoch 24 step 80/140 loss=0.4773
13:52:34 | INFO    | holoqpi.engine.trainer |   epoch 24 step 100/140 loss=0.4337
13:52:39 | INFO    | holoqpi.engine.trainer |   epoch 24 step 120/140 loss=0.4939
13:53:36 | INFO    | holoqpi.engine.trainer | epoch 24/60 (83s = 31s train + 53s val) | train_loss=0.5996  val_phase_mae=0.1751  val_dice=0.8164  val_cls_acc=nan  val_mass_mape=0.2069
13:53:37 | INFO    | holoqpi.engine.trainer |   epoch 25 step 0/140 loss=0.4922
13:53:41 | INFO    | holoqpi.engine.trainer |   epoch 25 step 20/140 loss=0.6476
13:53:45 | INFO    | holoqpi.engine.trainer |   epoch 25 step 40/140 loss=0.4064
13:53:49 | INFO    | holoqpi.engine.trainer |   epoch 25 step 60/140 loss=0.6078
13:53:53 | INFO    | holoqpi.engine.trainer |   epoch 25 step 80/140 loss=0.7805
13:53:58 | INFO    | holoqpi.engine.trainer |   epoch 25 step 100/140 loss=0.5353
13:54:02 | INFO    | holoqpi.engine.trainer |   epoch 25 step 120/140 loss=0.7389
13:54:59 | INFO    | holoqpi.engine.trainer |   new best composite=0.7979
13:54:59 | INFO    | holoqpi.engine.trainer | epoch 25/60 (83s = 30s train + 53s val) | train_loss=0.5842  val_phase_mae=0.1786  val_dice=0.8161  val_cls_acc=nan  val_mass_mape=0.1973
13:55:00 | INFO    | holoqpi.engine.trainer |   epoch 26 step 0/140 loss=0.4348
13:55:04 | INFO    | holoqpi.engine.trainer |   epoch 26 step 20/140 loss=0.5544
13:55:08 | INFO    | holoqpi.engine.trainer |   epoch 26 step 40/140 loss=0.5161
13:55:12 | INFO    | holoqpi.engine.trainer |   epoch 26 step 60/140 loss=0.5008
13:55:17 | INFO    | holoqpi.engine.trainer |   epoch 26 step 80/140 loss=0.7245
13:55:21 | INFO    | holoqpi.engine.trainer |   epoch 26 step 100/140 loss=0.6769
13:55:26 | INFO    | holoqpi.engine.trainer |   epoch 26 step 120/140 loss=0.4526
13:56:23 | INFO    | holoqpi.engine.trainer | epoch 26/60 (84s = 31s train + 53s val) | train_loss=0.5737  val_phase_mae=0.1754  val_dice=0.8181  val_cls_acc=nan  val_mass_mape=0.2256
13:56:24 | INFO    | holoqpi.engine.trainer |   epoch 27 step 0/140 loss=0.4495
13:56:28 | INFO    | holoqpi.engine.trainer |   epoch 27 step 20/140 loss=0.8221
13:56:32 | INFO    | holoqpi.engine.trainer |   epoch 27 step 40/140 loss=0.5960
13:56:36 | INFO    | holoqpi.engine.trainer |   epoch 27 step 60/140 loss=0.6624
13:56:41 | INFO    | holoqpi.engine.trainer |   epoch 27 step 80/140 loss=0.5749
13:56:45 | INFO    | holoqpi.engine.trainer |   epoch 27 step 100/140 loss=0.4685
13:56:50 | INFO    | holoqpi.engine.trainer |   epoch 27 step 120/140 loss=1.0094
13:57:46 | INFO    | holoqpi.engine.trainer | epoch 27/60 (83s = 31s train + 53s val) | train_loss=0.5830  val_phase_mae=0.1762  val_dice=0.8167  val_cls_acc=nan  val_mass_mape=0.2121
13:57:47 | INFO    | holoqpi.engine.trainer |   epoch 28 step 0/140 loss=0.6990
13:57:51 | INFO    | holoqpi.engine.trainer |   epoch 28 step 20/140 loss=0.6454
13:57:56 | INFO    | holoqpi.engine.trainer |   epoch 28 step 40/140 loss=0.5968
13:58:00 | INFO    | holoqpi.engine.trainer |   epoch 28 step 60/140 loss=0.4462
13:58:04 | INFO    | holoqpi.engine.trainer |   epoch 28 step 80/140 loss=0.5192
13:58:09 | INFO    | holoqpi.engine.trainer |   epoch 28 step 100/140 loss=0.5197
13:58:13 | INFO    | holoqpi.engine.trainer |   epoch 28 step 120/140 loss=0.6093
13:59:10 | INFO    | holoqpi.engine.trainer |   new best composite=0.8008
13:59:10 | INFO    | holoqpi.engine.trainer | epoch 28/60 (83s = 31s train + 52s val) | train_loss=0.5643  val_phase_mae=0.1764  val_dice=0.8222  val_cls_acc=nan  val_mass_mape=0.2065
13:59:11 | INFO    | holoqpi.engine.trainer |   epoch 29 step 0/140 loss=0.6187
13:59:15 | INFO    | holoqpi.engine.trainer |   epoch 29 step 20/140 loss=0.5376
13:59:19 | INFO    | holoqpi.engine.trainer |   epoch 29 step 40/140 loss=0.7050
13:59:23 | INFO    | holoqpi.engine.trainer |   epoch 29 step 60/140 loss=0.5601
13:59:28 | INFO    | holoqpi.engine.trainer |   epoch 29 step 80/140 loss=0.7498
13:59:32 | INFO    | holoqpi.engine.trainer |   epoch 29 step 100/140 loss=0.5718
13:59:37 | INFO    | holoqpi.engine.trainer |   epoch 29 step 120/140 loss=0.4873
14:00:32 | INFO    | holoqpi.engine.trainer | epoch 29/60 (83s = 30s train + 52s val) | train_loss=0.5606  val_phase_mae=0.1807  val_dice=0.8184  val_cls_acc=nan  val_mass_mape=0.2114
14:00:33 | INFO    | holoqpi.engine.trainer |   epoch 30 step 0/140 loss=0.5205
14:00:37 | INFO    | holoqpi.engine.trainer |   epoch 30 step 20/140 loss=0.4834
14:00:42 | INFO    | holoqpi.engine.trainer |   epoch 30 step 40/140 loss=0.4366
14:00:46 | INFO    | holoqpi.engine.trainer |   epoch 30 step 60/140 loss=0.4008
14:00:50 | INFO    | holoqpi.engine.trainer |   epoch 30 step 80/140 loss=0.5514
14:00:55 | INFO    | holoqpi.engine.trainer |   epoch 30 step 100/140 loss=0.5096
14:01:00 | INFO    | holoqpi.engine.trainer |   epoch 30 step 120/140 loss=0.4847
14:01:56 | INFO    | holoqpi.engine.trainer | epoch 30/60 (84s = 31s train + 52s val) | train_loss=0.5421  val_phase_mae=0.1805  val_dice=0.8205  val_cls_acc=nan  val_mass_mape=0.2109
14:01:57 | INFO    | holoqpi.engine.trainer |   epoch 31 step 0/140 loss=0.9165
14:02:01 | INFO    | holoqpi.engine.trainer |   epoch 31 step 20/140 loss=0.4582
14:02:05 | INFO    | holoqpi.engine.trainer |   epoch 31 step 40/140 loss=0.6048
14:02:09 | INFO    | holoqpi.engine.trainer |   epoch 31 step 60/140 loss=0.6560
14:02:14 | INFO    | holoqpi.engine.trainer |   epoch 31 step 80/140 loss=0.3740
14:02:18 | INFO    | holoqpi.engine.trainer |   epoch 31 step 100/140 loss=0.4415
14:02:23 | INFO    | holoqpi.engine.trainer |   epoch 31 step 120/140 loss=0.5200
14:03:20 | INFO    | holoqpi.engine.trainer |   new best composite=0.8047
14:03:20 | INFO    | holoqpi.engine.trainer | epoch 31/60 (83s = 30s train + 53s val) | train_loss=0.5625  val_phase_mae=0.1690  val_dice=0.8215  val_cls_acc=nan  val_mass_mape=0.1956
14:03:20 | INFO    | holoqpi.engine.trainer |   epoch 32 step 0/140 loss=0.5373
14:03:25 | INFO    | holoqpi.engine.trainer |   epoch 32 step 20/140 loss=0.5601
14:03:29 | INFO    | holoqpi.engine.trainer |   epoch 32 step 40/140 loss=0.5193
14:03:33 | INFO    | holoqpi.engine.trainer |   epoch 32 step 60/140 loss=0.4288
14:03:37 | INFO    | holoqpi.engine.trainer |   epoch 32 step 80/140 loss=0.4734
14:03:42 | INFO    | holoqpi.engine.trainer |   epoch 32 step 100/140 loss=0.4630
14:03:46 | INFO    | holoqpi.engine.trainer |   epoch 32 step 120/140 loss=0.5346
14:04:43 | INFO    | holoqpi.engine.trainer | epoch 32/60 (83s = 31s train + 53s val) | train_loss=0.5448  val_phase_mae=0.1752  val_dice=0.8209  val_cls_acc=nan  val_mass_mape=0.2033
14:04:44 | INFO    | holoqpi.engine.trainer |   epoch 33 step 0/140 loss=0.6062
14:04:48 | INFO    | holoqpi.engine.trainer |   epoch 33 step 20/140 loss=0.5132
14:04:52 | INFO    | holoqpi.engine.trainer |   epoch 33 step 40/140 loss=0.7715
14:04:56 | INFO    | holoqpi.engine.trainer |   epoch 33 step 60/140 loss=0.5344
14:05:01 | INFO    | holoqpi.engine.trainer |   epoch 33 step 80/140 loss=0.6271
14:05:06 | INFO    | holoqpi.engine.trainer |   epoch 33 step 100/140 loss=0.6679
14:05:10 | INFO    | holoqpi.engine.trainer |   epoch 33 step 120/140 loss=0.5167
14:06:06 | INFO    | holoqpi.engine.trainer | epoch 33/60 (83s = 31s train + 52s val) | train_loss=0.5327  val_phase_mae=0.1779  val_dice=0.8214  val_cls_acc=nan  val_mass_mape=0.2188
14:06:07 | INFO    | holoqpi.engine.trainer |   epoch 34 step 0/140 loss=0.4355
14:06:11 | INFO    | holoqpi.engine.trainer |   epoch 34 step 20/140 loss=0.4578
14:06:15 | INFO    | holoqpi.engine.trainer |   epoch 34 step 40/140 loss=0.6167
14:06:20 | INFO    | holoqpi.engine.trainer |   epoch 34 step 60/140 loss=0.6095
14:06:24 | INFO    | holoqpi.engine.trainer |   epoch 34 step 80/140 loss=0.5233
14:06:29 | INFO    | holoqpi.engine.trainer |   epoch 34 step 100/140 loss=0.6346
14:06:33 | INFO    | holoqpi.engine.trainer |   epoch 34 step 120/140 loss=0.4955
14:07:30 | INFO    | holoqpi.engine.trainer | epoch 34/60 (83s = 31s train + 52s val) | train_loss=0.5440  val_phase_mae=0.1722  val_dice=0.8206  val_cls_acc=nan  val_mass_mape=0.2555
14:07:31 | INFO    | holoqpi.engine.trainer |   epoch 35 step 0/140 loss=0.4723
14:07:35 | INFO    | holoqpi.engine.trainer |   epoch 35 step 20/140 loss=0.4549
14:07:39 | INFO    | holoqpi.engine.trainer |   epoch 35 step 40/140 loss=0.5063
14:07:43 | INFO    | holoqpi.engine.trainer |   epoch 35 step 60/140 loss=0.5466
14:07:48 | INFO    | holoqpi.engine.trainer |   epoch 35 step 80/140 loss=0.4836
14:07:52 | INFO    | holoqpi.engine.trainer |   epoch 35 step 100/140 loss=0.4430
14:07:57 | INFO    | holoqpi.engine.trainer |   epoch 35 step 120/140 loss=0.5071
14:08:53 | INFO    | holoqpi.engine.trainer | epoch 35/60 (83s = 31s train + 52s val) | train_loss=0.5496  val_phase_mae=0.1726  val_dice=0.8218  val_cls_acc=nan  val_mass_mape=0.2047
14:08:54 | INFO    | holoqpi.engine.trainer |   epoch 36 step 0/140 loss=0.4002
14:08:58 | INFO    | holoqpi.engine.trainer |   epoch 36 step 20/140 loss=0.5618
14:09:02 | INFO    | holoqpi.engine.trainer |   epoch 36 step 40/140 loss=0.4041
14:09:07 | INFO    | holoqpi.engine.trainer |   epoch 36 step 60/140 loss=0.4280
14:09:11 | INFO    | holoqpi.engine.trainer |   epoch 36 step 80/140 loss=0.5810
14:09:16 | INFO    | holoqpi.engine.trainer |   epoch 36 step 100/140 loss=0.5424
14:09:20 | INFO    | holoqpi.engine.trainer |   epoch 36 step 120/140 loss=0.4440
14:10:16 | INFO    | holoqpi.engine.trainer | epoch 36/60 (84s = 31s train + 52s val) | train_loss=0.5269  val_phase_mae=0.1715  val_dice=0.8207  val_cls_acc=nan  val_mass_mape=0.1998
14:10:17 | INFO    | holoqpi.engine.trainer |   epoch 37 step 0/140 loss=0.5132
14:10:21 | INFO    | holoqpi.engine.trainer |   epoch 37 step 20/140 loss=0.5884
14:10:26 | INFO    | holoqpi.engine.trainer |   epoch 37 step 40/140 loss=0.4041
14:10:30 | INFO    | holoqpi.engine.trainer |   epoch 37 step 60/140 loss=0.4389
14:10:35 | INFO    | holoqpi.engine.trainer |   epoch 37 step 80/140 loss=0.4605
14:10:39 | INFO    | holoqpi.engine.trainer |   epoch 37 step 100/140 loss=0.6404
14:10:43 | INFO    | holoqpi.engine.trainer |   epoch 37 step 120/140 loss=0.4344
14:11:40 | INFO    | holoqpi.engine.trainer | epoch 37/60 (83s = 31s train + 52s val) | train_loss=0.5292  val_phase_mae=0.1727  val_dice=0.8243  val_cls_acc=nan  val_mass_mape=0.2106
14:11:41 | INFO    | holoqpi.engine.trainer |   epoch 38 step 0/140 loss=0.6832
14:11:45 | INFO    | holoqpi.engine.trainer |   epoch 38 step 20/140 loss=0.4570
14:11:49 | INFO    | holoqpi.engine.trainer |   epoch 38 step 40/140 loss=0.4758
14:11:53 | INFO    | holoqpi.engine.trainer |   epoch 38 step 60/140 loss=0.4814
14:11:58 | INFO    | holoqpi.engine.trainer |   epoch 38 step 80/140 loss=0.5451
14:12:02 | INFO    | holoqpi.engine.trainer |   epoch 38 step 100/140 loss=0.5186
14:12:07 | INFO    | holoqpi.engine.trainer |   epoch 38 step 120/140 loss=0.4298
14:13:04 | INFO    | holoqpi.engine.trainer | epoch 38/60 (84s = 31s train + 53s val) | train_loss=0.5331  val_phase_mae=0.1754  val_dice=0.8229  val_cls_acc=nan  val_mass_mape=0.2105
14:13:05 | INFO    | holoqpi.engine.trainer |   epoch 39 step 0/140 loss=0.4579
14:13:09 | INFO    | holoqpi.engine.trainer |   epoch 39 step 20/140 loss=0.5243
14:13:13 | INFO    | holoqpi.engine.trainer |   epoch 39 step 40/140 loss=0.4402
14:13:18 | INFO    | holoqpi.engine.trainer |   epoch 39 step 60/140 loss=0.4094
14:13:22 | INFO    | holoqpi.engine.trainer |   epoch 39 step 80/140 loss=0.5313
14:13:27 | INFO    | holoqpi.engine.trainer |   epoch 39 step 100/140 loss=0.4819
14:13:31 | INFO    | holoqpi.engine.trainer |   epoch 39 step 120/140 loss=0.4059
14:14:28 | INFO    | holoqpi.engine.trainer | epoch 39/60 (84s = 31s train + 53s val) | train_loss=0.5182  val_phase_mae=0.1801  val_dice=0.8200  val_cls_acc=nan  val_mass_mape=0.2175
14:14:29 | INFO    | holoqpi.engine.trainer |   epoch 40 step 0/140 loss=0.4211
14:14:33 | INFO    | holoqpi.engine.trainer |   epoch 40 step 20/140 loss=0.4553
14:14:37 | INFO    | holoqpi.engine.trainer |   epoch 40 step 40/140 loss=0.4233
14:14:42 | INFO    | holoqpi.engine.trainer |   epoch 40 step 60/140 loss=0.5420
14:14:46 | INFO    | holoqpi.engine.trainer |   epoch 40 step 80/140 loss=0.4250
14:14:50 | INFO    | holoqpi.engine.trainer |   epoch 40 step 100/140 loss=0.4580
14:14:55 | INFO    | holoqpi.engine.trainer |   epoch 40 step 120/140 loss=0.4830
14:15:51 | INFO    | holoqpi.engine.trainer | epoch 40/60 (84s = 31s train + 53s val) | train_loss=0.5023  val_phase_mae=0.1912  val_dice=0.8207  val_cls_acc=nan  val_mass_mape=0.2152
14:15:52 | INFO    | holoqpi.engine.trainer |   epoch 41 step 0/140 loss=0.6080
14:15:57 | INFO    | holoqpi.engine.trainer |   epoch 41 step 20/140 loss=0.6904
14:16:01 | INFO    | holoqpi.engine.trainer |   epoch 41 step 40/140 loss=0.4605
14:16:05 | INFO    | holoqpi.engine.trainer |   epoch 41 step 60/140 loss=0.3947
14:16:10 | INFO    | holoqpi.engine.trainer |   epoch 41 step 80/140 loss=0.5391
14:16:14 | INFO    | holoqpi.engine.trainer |   epoch 41 step 100/140 loss=0.6911
14:16:19 | INFO    | holoqpi.engine.trainer |   epoch 41 step 120/140 loss=0.4844
14:17:15 | INFO    | holoqpi.engine.trainer | epoch 41/60 (84s = 31s train + 52s val) | train_loss=0.5072  val_phase_mae=0.2089  val_dice=0.8134  val_cls_acc=nan  val_mass_mape=0.2487
14:17:16 | INFO    | holoqpi.engine.trainer |   epoch 42 step 0/140 loss=0.3857
14:17:20 | INFO    | holoqpi.engine.trainer |   epoch 42 step 20/140 loss=0.5171
14:17:25 | INFO    | holoqpi.engine.trainer |   epoch 42 step 40/140 loss=0.4607
14:17:29 | INFO    | holoqpi.engine.trainer |   epoch 42 step 60/140 loss=0.4476
14:17:34 | INFO    | holoqpi.engine.trainer |   epoch 42 step 80/140 loss=0.4992
14:17:38 | INFO    | holoqpi.engine.trainer |   epoch 42 step 100/140 loss=0.6038
14:17:43 | INFO    | holoqpi.engine.trainer |   epoch 42 step 120/140 loss=0.4879
14:18:39 | INFO    | holoqpi.engine.trainer | epoch 42/60 (84s = 31s train + 52s val) | train_loss=0.5151  val_phase_mae=0.1874  val_dice=0.8218  val_cls_acc=nan  val_mass_mape=0.2181
14:18:40 | INFO    | holoqpi.engine.trainer |   epoch 43 step 0/140 loss=0.4311
14:18:44 | INFO    | holoqpi.engine.trainer |   epoch 43 step 20/140 loss=0.4639
14:18:49 | INFO    | holoqpi.engine.trainer |   epoch 43 step 40/140 loss=0.5180
14:18:53 | INFO    | holoqpi.engine.trainer |   epoch 43 step 60/140 loss=0.6061
14:18:58 | INFO    | holoqpi.engine.trainer |   epoch 43 step 80/140 loss=0.4935
14:19:02 | INFO    | holoqpi.engine.trainer |   epoch 43 step 100/140 loss=0.5116
14:19:07 | INFO    | holoqpi.engine.trainer |   epoch 43 step 120/140 loss=0.5513
14:20:03 | INFO    | holoqpi.engine.trainer | epoch 43/60 (84s = 32s train + 52s val) | train_loss=0.5095  val_phase_mae=0.1752  val_dice=0.8243  val_cls_acc=nan  val_mass_mape=0.2000
14:20:04 | INFO    | holoqpi.engine.trainer |   epoch 44 step 0/140 loss=0.4754
14:20:08 | INFO    | holoqpi.engine.trainer |   epoch 44 step 20/140 loss=0.5225
14:20:12 | INFO    | holoqpi.engine.trainer |   epoch 44 step 40/140 loss=0.4230
14:20:17 | INFO    | holoqpi.engine.trainer |   epoch 44 step 60/140 loss=0.4773
14:20:21 | INFO    | holoqpi.engine.trainer |   epoch 44 step 80/140 loss=0.4347
14:20:26 | INFO    | holoqpi.engine.trainer |   epoch 44 step 100/140 loss=0.4883
14:20:30 | INFO    | holoqpi.engine.trainer |   epoch 44 step 120/140 loss=0.4403
14:21:26 | INFO    | holoqpi.engine.trainer | epoch 44/60 (84s = 31s train + 52s val) | train_loss=0.4957  val_phase_mae=0.1727  val_dice=0.8251  val_cls_acc=nan  val_mass_mape=0.2014
14:21:27 | INFO    | holoqpi.engine.trainer |   epoch 45 step 0/140 loss=0.6985
14:21:32 | INFO    | holoqpi.engine.trainer |   epoch 45 step 20/140 loss=0.4787
14:21:36 | INFO    | holoqpi.engine.trainer |   epoch 45 step 40/140 loss=0.6672
14:21:41 | INFO    | holoqpi.engine.trainer |   epoch 45 step 60/140 loss=0.5743
14:21:45 | INFO    | holoqpi.engine.trainer |   epoch 45 step 80/140 loss=0.5227
14:21:50 | INFO    | holoqpi.engine.trainer |   epoch 45 step 100/140 loss=0.4090
14:21:54 | INFO    | holoqpi.engine.trainer |   epoch 45 step 120/140 loss=0.4339
14:22:50 | INFO    | holoqpi.engine.trainer | epoch 45/60 (84s = 31s train + 53s val) | train_loss=0.4874  val_phase_mae=0.1712  val_dice=0.8252  val_cls_acc=nan  val_mass_mape=0.2097
14:22:51 | INFO    | holoqpi.engine.trainer |   epoch 46 step 0/140 loss=0.4569
14:22:56 | INFO    | holoqpi.engine.trainer |   epoch 46 step 20/140 loss=0.5037
14:23:00 | INFO    | holoqpi.engine.trainer |   epoch 46 step 40/140 loss=0.4012
14:23:05 | INFO    | holoqpi.engine.trainer |   epoch 46 step 60/140 loss=0.4380
14:23:09 | INFO    | holoqpi.engine.trainer |   epoch 46 step 80/140 loss=0.5358
14:23:14 | INFO    | holoqpi.engine.trainer |   epoch 46 step 100/140 loss=0.4763
14:23:18 | INFO    | holoqpi.engine.trainer |   epoch 46 step 120/140 loss=0.5844
14:24:14 | INFO    | holoqpi.engine.trainer | epoch 46/60 (84s = 32s train + 52s val) | train_loss=0.4992  val_phase_mae=0.1856  val_dice=0.8210  val_cls_acc=nan  val_mass_mape=0.2247
14:24:15 | INFO    | holoqpi.engine.trainer |   epoch 47 step 0/140 loss=0.4689
14:24:19 | INFO    | holoqpi.engine.trainer |   epoch 47 step 20/140 loss=0.4775
14:24:24 | INFO    | holoqpi.engine.trainer |   epoch 47 step 40/140 loss=0.4712
14:24:28 | INFO    | holoqpi.engine.trainer |   epoch 47 step 60/140 loss=0.4300
14:24:33 | INFO    | holoqpi.engine.trainer |   epoch 47 step 80/140 loss=0.4576
14:24:37 | INFO    | holoqpi.engine.trainer |   epoch 47 step 100/140 loss=0.4295
14:24:42 | INFO    | holoqpi.engine.trainer |   epoch 47 step 120/140 loss=0.5232
14:25:38 | INFO    | holoqpi.engine.trainer |   new best composite=0.8077
14:25:38 | INFO    | holoqpi.engine.trainer | epoch 47/60 (84s = 32s train + 52s val) | train_loss=0.4871  val_phase_mae=0.1712  val_dice=0.8257  val_cls_acc=nan  val_mass_mape=0.1897
14:25:39 | INFO    | holoqpi.engine.trainer |   epoch 48 step 0/140 loss=0.5413
14:25:44 | INFO    | holoqpi.engine.trainer |   epoch 48 step 20/140 loss=0.7391
14:25:48 | INFO    | holoqpi.engine.trainer |   epoch 48 step 40/140 loss=0.6355
14:25:53 | INFO    | holoqpi.engine.trainer |   epoch 48 step 60/140 loss=0.5976
14:25:57 | INFO    | holoqpi.engine.trainer |   epoch 48 step 80/140 loss=0.3955
14:26:01 | INFO    | holoqpi.engine.trainer |   epoch 48 step 100/140 loss=0.6098
14:26:06 | INFO    | holoqpi.engine.trainer |   epoch 48 step 120/140 loss=0.6145
14:27:02 | INFO    | holoqpi.engine.trainer | epoch 48/60 (83s = 31s train + 52s val) | train_loss=0.5029  val_phase_mae=0.1711  val_dice=0.8259  val_cls_acc=nan  val_mass_mape=0.1999
14:27:03 | INFO    | holoqpi.engine.trainer |   epoch 49 step 0/140 loss=0.5574
14:27:07 | INFO    | holoqpi.engine.trainer |   epoch 49 step 20/140 loss=0.4609
14:27:12 | INFO    | holoqpi.engine.trainer |   epoch 49 step 40/140 loss=0.6077
14:27:16 | INFO    | holoqpi.engine.trainer |   epoch 49 step 60/140 loss=0.4560
14:27:21 | INFO    | holoqpi.engine.trainer |   epoch 49 step 80/140 loss=0.7526
14:27:25 | INFO    | holoqpi.engine.trainer |   epoch 49 step 100/140 loss=0.4840
14:27:29 | INFO    | holoqpi.engine.trainer |   epoch 49 step 120/140 loss=0.4588
14:28:26 | INFO    | holoqpi.engine.trainer | epoch 49/60 (84s = 32s train + 52s val) | train_loss=0.4914  val_phase_mae=0.1758  val_dice=0.8256  val_cls_acc=nan  val_mass_mape=0.2141
14:28:27 | INFO    | holoqpi.engine.trainer |   epoch 50 step 0/140 loss=0.4653
14:28:31 | INFO    | holoqpi.engine.trainer |   epoch 50 step 20/140 loss=0.5108
14:28:36 | INFO    | holoqpi.engine.trainer |   epoch 50 step 40/140 loss=0.4960
14:28:40 | INFO    | holoqpi.engine.trainer |   epoch 50 step 60/140 loss=0.4186
14:28:44 | INFO    | holoqpi.engine.trainer |   epoch 50 step 80/140 loss=0.6746
14:28:49 | INFO    | holoqpi.engine.trainer |   epoch 50 step 100/140 loss=0.5127
14:28:53 | INFO    | holoqpi.engine.trainer |   epoch 50 step 120/140 loss=0.5680
14:29:49 | INFO    | holoqpi.engine.trainer | epoch 50/60 (84s = 31s train + 52s val) | train_loss=0.4830  val_phase_mae=0.1894  val_dice=0.8226  val_cls_acc=nan  val_mass_mape=0.2129
14:29:50 | INFO    | holoqpi.engine.trainer |   epoch 51 step 0/140 loss=0.3701
14:29:55 | INFO    | holoqpi.engine.trainer |   epoch 51 step 20/140 loss=0.4520
14:29:59 | INFO    | holoqpi.engine.trainer |   epoch 51 step 40/140 loss=0.3776
14:30:04 | INFO    | holoqpi.engine.trainer |   epoch 51 step 60/140 loss=0.4328
14:30:08 | INFO    | holoqpi.engine.trainer |   epoch 51 step 80/140 loss=0.6622
14:30:13 | INFO    | holoqpi.engine.trainer |   epoch 51 step 100/140 loss=0.4852
14:30:17 | INFO    | holoqpi.engine.trainer |   epoch 51 step 120/140 loss=0.3514
14:31:13 | INFO    | holoqpi.engine.trainer |   new best composite=0.8093
14:31:13 | INFO    | holoqpi.engine.trainer | epoch 51/60 (84s = 31s train + 52s val) | train_loss=0.4884  val_phase_mae=0.1710  val_dice=0.8272  val_cls_acc=nan  val_mass_mape=0.1861
14:31:14 | INFO    | holoqpi.engine.trainer |   epoch 52 step 0/140 loss=0.3527
14:31:19 | INFO    | holoqpi.engine.trainer |   epoch 52 step 20/140 loss=0.3715
14:31:23 | INFO    | holoqpi.engine.trainer |   epoch 52 step 40/140 loss=0.3736
14:31:28 | INFO    | holoqpi.engine.trainer |   epoch 52 step 60/140 loss=0.4909
14:31:32 | INFO    | holoqpi.engine.trainer |   epoch 52 step 80/140 loss=0.4159
14:31:37 | INFO    | holoqpi.engine.trainer |   epoch 52 step 100/140 loss=0.7166
14:31:41 | INFO    | holoqpi.engine.trainer |   epoch 52 step 120/140 loss=0.4688
14:32:37 | INFO    | holoqpi.engine.trainer | epoch 52/60 (83s = 31s train + 52s val) | train_loss=0.4943  val_phase_mae=0.1707  val_dice=0.8267  val_cls_acc=nan  val_mass_mape=0.1894
14:32:38 | INFO    | holoqpi.engine.trainer |   epoch 53 step 0/140 loss=0.4305
14:32:42 | INFO    | holoqpi.engine.trainer |   epoch 53 step 20/140 loss=0.3616
14:32:47 | INFO    | holoqpi.engine.trainer |   epoch 53 step 40/140 loss=0.5256
14:32:51 | INFO    | holoqpi.engine.trainer |   epoch 53 step 60/140 loss=0.3607
14:32:56 | INFO    | holoqpi.engine.trainer |   epoch 53 step 80/140 loss=0.4069
14:33:00 | INFO    | holoqpi.engine.trainer |   epoch 53 step 100/140 loss=0.5274
14:33:04 | INFO    | holoqpi.engine.trainer |   epoch 53 step 120/140 loss=0.4986
14:34:00 | INFO    | holoqpi.engine.trainer | epoch 53/60 (83s = 31s train + 52s val) | train_loss=0.4933  val_phase_mae=0.1801  val_dice=0.8244  val_cls_acc=nan  val_mass_mape=0.2009
14:34:01 | INFO    | holoqpi.engine.trainer |   epoch 54 step 0/140 loss=0.4439
14:34:06 | INFO    | holoqpi.engine.trainer |   epoch 54 step 20/140 loss=0.4542
14:34:10 | INFO    | holoqpi.engine.trainer |   epoch 54 step 40/140 loss=0.4270
14:34:15 | INFO    | holoqpi.engine.trainer |   epoch 54 step 60/140 loss=0.4873
14:34:19 | INFO    | holoqpi.engine.trainer |   epoch 54 step 80/140 loss=0.5312
14:34:24 | INFO    | holoqpi.engine.trainer |   epoch 54 step 100/140 loss=0.4495
14:34:28 | INFO    | holoqpi.engine.trainer |   epoch 54 step 120/140 loss=0.5090
14:35:24 | INFO    | holoqpi.engine.trainer | epoch 54/60 (84s = 31s train + 52s val) | train_loss=0.4896  val_phase_mae=0.1741  val_dice=0.8255  val_cls_acc=nan  val_mass_mape=0.2009
14:35:25 | INFO    | holoqpi.engine.trainer |   epoch 55 step 0/140 loss=0.4017
14:35:29 | INFO    | holoqpi.engine.trainer |   epoch 55 step 20/140 loss=0.5508
14:35:34 | INFO    | holoqpi.engine.trainer |   epoch 55 step 40/140 loss=0.5853
14:35:38 | INFO    | holoqpi.engine.trainer |   epoch 55 step 60/140 loss=0.3506
14:35:43 | INFO    | holoqpi.engine.trainer |   epoch 55 step 80/140 loss=0.4215
14:35:47 | INFO    | holoqpi.engine.trainer |   epoch 55 step 100/140 loss=0.3674
14:35:51 | INFO    | holoqpi.engine.trainer |   epoch 55 step 120/140 loss=0.4338
14:36:47 | INFO    | holoqpi.engine.trainer | epoch 55/60 (83s = 31s train + 52s val) | train_loss=0.4927  val_phase_mae=0.1732  val_dice=0.8263  val_cls_acc=nan  val_mass_mape=0.2022
14:36:48 | INFO    | holoqpi.engine.trainer |   epoch 56 step 0/140 loss=0.4286
14:36:53 | INFO    | holoqpi.engine.trainer |   epoch 56 step 20/140 loss=0.3950
14:36:57 | INFO    | holoqpi.engine.trainer |   epoch 56 step 40/140 loss=0.3956
14:37:02 | INFO    | holoqpi.engine.trainer |   epoch 56 step 60/140 loss=0.5572
14:37:06 | INFO    | holoqpi.engine.trainer |   epoch 56 step 80/140 loss=0.4272
14:37:10 | INFO    | holoqpi.engine.trainer |   epoch 56 step 100/140 loss=0.4414
14:37:14 | INFO    | holoqpi.engine.trainer |   epoch 56 step 120/140 loss=0.4218
14:38:10 | INFO    | holoqpi.engine.trainer | epoch 56/60 (83s = 31s train + 52s val) | train_loss=0.4812  val_phase_mae=0.1744  val_dice=0.8253  val_cls_acc=nan  val_mass_mape=0.1996
14:38:11 | INFO    | holoqpi.engine.trainer |   epoch 57 step 0/140 loss=0.4347
14:38:15 | INFO    | holoqpi.engine.trainer |   epoch 57 step 20/140 loss=0.3958
14:38:20 | INFO    | holoqpi.engine.trainer |   epoch 57 step 40/140 loss=0.5230
14:38:24 | INFO    | holoqpi.engine.trainer |   epoch 57 step 60/140 loss=0.3845
14:38:29 | INFO    | holoqpi.engine.trainer |   epoch 57 step 80/140 loss=0.4462
14:38:34 | INFO    | holoqpi.engine.trainer |   epoch 57 step 100/140 loss=0.4004
14:38:38 | INFO    | holoqpi.engine.trainer |   epoch 57 step 120/140 loss=0.4751
14:39:34 | INFO    | holoqpi.engine.trainer | epoch 57/60 (84s = 31s train + 53s val) | train_loss=0.4872  val_phase_mae=0.1924  val_dice=0.8197  val_cls_acc=nan  val_mass_mape=0.2219
14:39:35 | INFO    | holoqpi.engine.trainer |   epoch 58 step 0/140 loss=0.7301
14:39:39 | INFO    | holoqpi.engine.trainer |   epoch 58 step 20/140 loss=0.4175
14:39:44 | INFO    | holoqpi.engine.trainer |   epoch 58 step 40/140 loss=0.4368
14:39:48 | INFO    | holoqpi.engine.trainer |   epoch 58 step 60/140 loss=0.4276
14:39:53 | INFO    | holoqpi.engine.trainer |   epoch 58 step 80/140 loss=0.4898
14:39:57 | INFO    | holoqpi.engine.trainer |   epoch 58 step 100/140 loss=0.4573
14:40:02 | INFO    | holoqpi.engine.trainer |   epoch 58 step 120/140 loss=0.3771
14:40:58 | INFO    | holoqpi.engine.trainer | epoch 58/60 (84s = 31s train + 53s val) | train_loss=0.4855  val_phase_mae=0.1929  val_dice=0.8193  val_cls_acc=nan  val_mass_mape=0.2189
14:40:59 | INFO    | holoqpi.engine.trainer |   epoch 59 step 0/140 loss=0.3630
14:41:03 | INFO    | holoqpi.engine.trainer |   epoch 59 step 20/140 loss=0.3723
14:41:07 | INFO    | holoqpi.engine.trainer |   epoch 59 step 40/140 loss=0.7156
14:41:12 | INFO    | holoqpi.engine.trainer |   epoch 59 step 60/140 loss=0.6131
14:41:16 | INFO    | holoqpi.engine.trainer |   epoch 59 step 80/140 loss=0.4780
14:41:21 | INFO    | holoqpi.engine.trainer |   epoch 59 step 100/140 loss=0.3387
14:41:25 | INFO    | holoqpi.engine.trainer |   epoch 59 step 120/140 loss=0.4598
14:42:21 | INFO    | holoqpi.engine.trainer | epoch 59/60 (84s = 31s train + 53s val) | train_loss=0.4887  val_phase_mae=0.1735  val_dice=0.8262  val_cls_acc=nan  val_mass_mape=0.1979
14:42:22 | INFO    | holoqpi.engine.trainer |   epoch 60 step 0/140 loss=0.4896
14:42:27 | INFO    | holoqpi.engine.trainer |   epoch 60 step 20/140 loss=0.4873
14:42:31 | INFO    | holoqpi.engine.trainer |   epoch 60 step 40/140 loss=0.5786
14:42:36 | INFO    | holoqpi.engine.trainer |   epoch 60 step 60/140 loss=0.4030
14:42:41 | INFO    | holoqpi.engine.trainer |   epoch 60 step 80/140 loss=0.5044
14:42:45 | INFO    | holoqpi.engine.trainer |   epoch 60 step 100/140 loss=0.3774
14:42:49 | INFO    | holoqpi.engine.trainer |   epoch 60 step 120/140 loss=0.6861
14:43:45 | INFO    | holoqpi.engine.trainer | epoch 60/60 (84s = 31s train + 53s val) | train_loss=0.4772  val_phase_mae=0.1772  val_dice=0.8253  val_cls_acc=nan  val_mass_mape=0.2032
14:43:45 | INFO    | holoqpi.engine.trainer | training finished; best epoch 51 (composite=0.8093)
