07:40:59 | INFO    | holoqpi | training v2_learned_z on off_axis (device=cuda)
07:40:59 | INFO    | holoqpi.data.dataset | train split: 560 samples | modality=off_axis | crop=512 | augment=True
07:40:59 | INFO    | holoqpi.data.dataset | val split: 127 samples | modality=off_axis | crop=None | augment=False
07:41:00 | INFO    | holoqpi.models.encoders | loading pretrained mobilenet_v2 from weights/mobilenet_v2-b0353104.pth
07:41:00 | INFO    | holoqpi.models.encoders | loading pretrained mobilenet_v2 from weights/mobilenet_v2-b0353104.pth
07:41:00 | INFO    | holoqpi.models.encoders | encoder=mobilenet_v2 in_channels=1 pretrained=True weights=local (weights) stages=[16, 24, 32, 96, 1280]
07:41:00 | INFO    | holoqpi.models.holonet | HoloQPINet built: 9.61M parameters, 9.61M trainable (100.0%)
07:41:01 | INFO    | holoqpi.engine.trainer | optimising 1 parameter(s) of the objective itself (z and similar) at 100 x the base learning rate
07:41:01 | INFO    | holoqpi.engine.trainer | trainable 9.61M / 9.61M parameters (100.0%)
07:41:01 | INFO    | holoqpi.engine.trainer | objective: amplitude=0.1  cell_integrated_phase=1  forward_model=0.02  phase=1  segmentation=1
07:41:01 | INFO    | holoqpi.engine.trainer | active physics terms: ['forward_model', 'cell_integrated_phase']
07:41:09 | INFO    | holoqpi.engine.trainer |   epoch 1 step 0/140 loss=2.8776
07:41:12 | INFO    | holoqpi.engine.trainer |   epoch 1 step 20/140 loss=2.4846
07:41:17 | INFO    | holoqpi.engine.trainer |   epoch 1 step 40/140 loss=2.0655
07:41:21 | INFO    | holoqpi.engine.trainer |   epoch 1 step 60/140 loss=1.8470
07:41:26 | INFO    | holoqpi.engine.trainer |   epoch 1 step 80/140 loss=1.5693
07:41:30 | INFO    | holoqpi.engine.trainer |   epoch 1 step 100/140 loss=1.4762
07:41:35 | INFO    | holoqpi.engine.trainer |   epoch 1 step 120/140 loss=1.5736
07:42:36 | INFO    | holoqpi.engine.trainer |   new best composite=0.6189
07:42:36 | INFO    | holoqpi.engine.trainer | epoch 1/60 (95s = 38s train + 57s val) | train_loss=1.9649  val_phase_mae=0.3187  val_dice=0.6163  val_cls_acc=nan  val_mass_mape=0.2800
07:42:36 | INFO    | holoqpi.engine.trainer |   at this rate the full 60-epoch schedule takes about 95 min
07:42:38 | INFO    | holoqpi.engine.trainer |   epoch 2 step 0/140 loss=1.5641
07:42:42 | INFO    | holoqpi.engine.trainer |   epoch 2 step 20/140 loss=1.3593
07:42:46 | INFO    | holoqpi.engine.trainer |   epoch 2 step 40/140 loss=1.1116
07:42:51 | INFO    | holoqpi.engine.trainer |   epoch 2 step 60/140 loss=1.3199
07:42:55 | INFO    | holoqpi.engine.trainer |   epoch 2 step 80/140 loss=1.0640
07:43:00 | INFO    | holoqpi.engine.trainer |   epoch 2 step 100/140 loss=1.0725
07:43:04 | INFO    | holoqpi.engine.trainer |   epoch 2 step 120/140 loss=0.9335
07:44:05 | INFO    | holoqpi.engine.trainer |   new best composite=0.6696
07:44:05 | INFO    | holoqpi.engine.trainer | epoch 2/60 (88s = 31s train + 57s val) | train_loss=1.2580  val_phase_mae=0.2397  val_dice=0.7168  val_cls_acc=nan  val_mass_mape=0.3603
07:44:06 | INFO    | holoqpi.engine.trainer |   epoch 3 step 0/140 loss=1.0035
07:44:10 | INFO    | holoqpi.engine.trainer |   epoch 3 step 20/140 loss=1.0324
07:44:15 | INFO    | holoqpi.engine.trainer |   epoch 3 step 40/140 loss=0.9794
07:44:19 | INFO    | holoqpi.engine.trainer |   epoch 3 step 60/140 loss=1.0655
07:44:24 | INFO    | holoqpi.engine.trainer |   epoch 3 step 80/140 loss=1.0286
07:44:28 | INFO    | holoqpi.engine.trainer |   epoch 3 step 100/140 loss=1.0498
07:44:33 | INFO    | holoqpi.engine.trainer |   epoch 3 step 120/140 loss=0.8972
07:45:35 | INFO    | holoqpi.engine.trainer |   new best composite=0.6859
07:45:35 | INFO    | holoqpi.engine.trainer | epoch 3/60 (90s = 32s train + 59s val) | train_loss=0.9788  val_phase_mae=0.2221  val_dice=0.7654  val_cls_acc=nan  val_mass_mape=0.4737
07:45:36 | INFO    | holoqpi.engine.trainer |   epoch 4 step 0/140 loss=1.0699
07:45:41 | INFO    | holoqpi.engine.trainer |   epoch 4 step 20/140 loss=0.9176
07:45:45 | INFO    | holoqpi.engine.trainer |   epoch 4 step 40/140 loss=0.9301
07:45:50 | INFO    | holoqpi.engine.trainer |   epoch 4 step 60/140 loss=0.9668
07:45:54 | INFO    | holoqpi.engine.trainer |   epoch 4 step 80/140 loss=0.8369
07:45:58 | INFO    | holoqpi.engine.trainer |   epoch 4 step 100/140 loss=0.8543
07:46:02 | INFO    | holoqpi.engine.trainer |   epoch 4 step 120/140 loss=1.1127
07:47:05 | INFO    | holoqpi.engine.trainer |   new best composite=0.7097
07:47:05 | INFO    | holoqpi.engine.trainer | epoch 4/60 (90s = 31s train + 59s val) | train_loss=0.9063  val_phase_mae=0.2257  val_dice=0.7316  val_cls_acc=nan  val_mass_mape=0.2435
07:47:06 | INFO    | holoqpi.engine.trainer |   epoch 5 step 0/140 loss=0.8671
07:47:11 | INFO    | holoqpi.engine.trainer |   epoch 5 step 20/140 loss=0.6635
07:47:15 | INFO    | holoqpi.engine.trainer |   epoch 5 step 40/140 loss=0.7701
07:47:19 | INFO    | holoqpi.engine.trainer |   epoch 5 step 60/140 loss=0.7191
07:47:23 | INFO    | holoqpi.engine.trainer |   epoch 5 step 80/140 loss=0.7362
07:47:28 | INFO    | holoqpi.engine.trainer |   epoch 5 step 100/140 loss=0.9892
07:47:32 | INFO    | holoqpi.engine.trainer |   epoch 5 step 120/140 loss=1.0131
07:48:35 | INFO    | holoqpi.engine.trainer |   new best composite=0.7617
07:48:35 | INFO    | holoqpi.engine.trainer | epoch 5/60 (90s = 30s train + 59s val) | train_loss=0.8336  val_phase_mae=0.1981  val_dice=0.7896  val_cls_acc=nan  val_mass_mape=0.2425
07:48:36 | INFO    | holoqpi.engine.trainer |   epoch 6 step 0/140 loss=0.7468
07:48:40 | INFO    | holoqpi.engine.trainer |   epoch 6 step 20/140 loss=0.6233
07:48:44 | INFO    | holoqpi.engine.trainer |   epoch 6 step 40/140 loss=0.7295
07:48:49 | INFO    | holoqpi.engine.trainer |   epoch 6 step 60/140 loss=0.9348
07:48:53 | INFO    | holoqpi.engine.trainer |   epoch 6 step 80/140 loss=0.9577
07:48:57 | INFO    | holoqpi.engine.trainer |   epoch 6 step 100/140 loss=0.7162
07:49:01 | INFO    | holoqpi.engine.trainer |   epoch 6 step 120/140 loss=0.8823
07:50:03 | INFO    | holoqpi.engine.trainer | epoch 6/60 (87s = 30s train + 58s val) | train_loss=0.7852  val_phase_mae=0.1982  val_dice=0.7932  val_cls_acc=nan  val_mass_mape=0.3637
07:50:04 | INFO    | holoqpi.engine.trainer |   epoch 7 step 0/140 loss=0.9711
07:50:08 | INFO    | holoqpi.engine.trainer |   epoch 7 step 20/140 loss=0.6182
07:50:12 | INFO    | holoqpi.engine.trainer |   epoch 7 step 40/140 loss=0.8520
07:50:16 | INFO    | holoqpi.engine.trainer |   epoch 7 step 60/140 loss=0.5290
07:50:20 | INFO    | holoqpi.engine.trainer |   epoch 7 step 80/140 loss=0.7421
07:50:25 | INFO    | holoqpi.engine.trainer |   epoch 7 step 100/140 loss=0.8001
07:50:29 | INFO    | holoqpi.engine.trainer |   epoch 7 step 120/140 loss=0.9370
07:51:30 | INFO    | holoqpi.engine.trainer | epoch 7/60 (88s = 30s train + 58s val) | train_loss=0.7638  val_phase_mae=0.1966  val_dice=0.7996  val_cls_acc=nan  val_mass_mape=0.3498
07:51:31 | INFO    | holoqpi.engine.trainer |   epoch 8 step 0/140 loss=0.7095
07:51:36 | INFO    | holoqpi.engine.trainer |   epoch 8 step 20/140 loss=0.7146
07:51:40 | INFO    | holoqpi.engine.trainer |   epoch 8 step 40/140 loss=0.6047
07:51:44 | INFO    | holoqpi.engine.trainer |   epoch 8 step 60/140 loss=0.7030
07:51:49 | INFO    | holoqpi.engine.trainer |   epoch 8 step 80/140 loss=0.6170
07:51:53 | INFO    | holoqpi.engine.trainer |   epoch 8 step 100/140 loss=0.6923
07:51:57 | INFO    | holoqpi.engine.trainer |   epoch 8 step 120/140 loss=0.9047
07:52:59 | INFO    | holoqpi.engine.trainer |   new best composite=0.7741
07:52:59 | INFO    | holoqpi.engine.trainer | epoch 8/60 (88s = 30s train + 58s val) | train_loss=0.7447  val_phase_mae=0.1898  val_dice=0.8027  val_cls_acc=nan  val_mass_mape=0.2488
07:53:00 | INFO    | holoqpi.engine.trainer |   epoch 9 step 0/140 loss=0.5098
07:53:04 | INFO    | holoqpi.engine.trainer |   epoch 9 step 20/140 loss=0.7467
07:53:09 | INFO    | holoqpi.engine.trainer |   epoch 9 step 40/140 loss=0.5900
07:53:13 | INFO    | holoqpi.engine.trainer |   epoch 9 step 60/140 loss=0.5565
07:53:17 | INFO    | holoqpi.engine.trainer |   epoch 9 step 80/140 loss=0.5057
07:53:21 | INFO    | holoqpi.engine.trainer |   epoch 9 step 100/140 loss=0.5906
07:53:25 | INFO    | holoqpi.engine.trainer |   epoch 9 step 120/140 loss=0.7938
07:54:27 | INFO    | holoqpi.engine.trainer |   new best composite=0.7840
07:54:27 | INFO    | holoqpi.engine.trainer | epoch 9/60 (88s = 30s train + 58s val) | train_loss=0.7176  val_phase_mae=0.1842  val_dice=0.8059  val_cls_acc=nan  val_mass_mape=0.2101
07:54:28 | INFO    | holoqpi.engine.trainer |   epoch 10 step 0/140 loss=0.5073
07:54:33 | INFO    | holoqpi.engine.trainer |   epoch 10 step 20/140 loss=0.5474
07:54:37 | INFO    | holoqpi.engine.trainer |   epoch 10 step 40/140 loss=0.7891
07:54:41 | INFO    | holoqpi.engine.trainer |   epoch 10 step 60/140 loss=0.5626
07:54:45 | INFO    | holoqpi.engine.trainer |   epoch 10 step 80/140 loss=0.5883
07:54:50 | INFO    | holoqpi.engine.trainer |   epoch 10 step 100/140 loss=1.2347
07:54:54 | INFO    | holoqpi.engine.trainer |   epoch 10 step 120/140 loss=0.5044
07:55:56 | INFO    | holoqpi.engine.trainer | epoch 10/60 (88s = 30s train + 58s val) | train_loss=0.7089  val_phase_mae=0.1878  val_dice=0.8041  val_cls_acc=nan  val_mass_mape=0.2138
07:55:57 | INFO    | holoqpi.engine.trainer |   epoch 11 step 0/140 loss=0.5241
07:56:01 | INFO    | holoqpi.engine.trainer |   epoch 11 step 20/140 loss=0.7176
07:56:05 | INFO    | holoqpi.engine.trainer |   epoch 11 step 40/140 loss=0.8240
07:56:09 | INFO    | holoqpi.engine.trainer |   epoch 11 step 60/140 loss=0.8183
07:56:13 | INFO    | holoqpi.engine.trainer |   epoch 11 step 80/140 loss=0.6674
07:56:18 | INFO    | holoqpi.engine.trainer |   epoch 11 step 100/140 loss=0.6685
07:56:22 | INFO    | holoqpi.engine.trainer |   epoch 11 step 120/140 loss=0.6244
07:57:24 | INFO    | holoqpi.engine.trainer | epoch 11/60 (88s = 30s train + 58s val) | train_loss=0.6960  val_phase_mae=0.1910  val_dice=0.7988  val_cls_acc=nan  val_mass_mape=0.2207
07:57:25 | INFO    | holoqpi.engine.trainer |   epoch 12 step 0/140 loss=0.5643
07:57:29 | INFO    | holoqpi.engine.trainer |   epoch 12 step 20/140 loss=0.6627
07:57:33 | INFO    | holoqpi.engine.trainer |   epoch 12 step 40/140 loss=0.5500
07:57:38 | INFO    | holoqpi.engine.trainer |   epoch 12 step 60/140 loss=0.5676
07:57:42 | INFO    | holoqpi.engine.trainer |   epoch 12 step 80/140 loss=0.7212
07:57:46 | INFO    | holoqpi.engine.trainer |   epoch 12 step 100/140 loss=0.5783
07:57:50 | INFO    | holoqpi.engine.trainer |   epoch 12 step 120/140 loss=0.5394
07:58:52 | INFO    | holoqpi.engine.trainer |   new best composite=0.7846
07:58:52 | INFO    | holoqpi.engine.trainer | epoch 12/60 (88s = 30s train + 58s val) | train_loss=0.6635  val_phase_mae=0.1828  val_dice=0.8028  val_cls_acc=nan  val_mass_mape=0.2049
07:58:53 | INFO    | holoqpi.engine.trainer |   epoch 13 step 0/140 loss=0.5260
07:58:58 | INFO    | holoqpi.engine.trainer |   epoch 13 step 20/140 loss=0.6563
07:59:02 | INFO    | holoqpi.engine.trainer |   epoch 13 step 40/140 loss=0.7084
07:59:06 | INFO    | holoqpi.engine.trainer |   epoch 13 step 60/140 loss=0.6330
07:59:10 | INFO    | holoqpi.engine.trainer |   epoch 13 step 80/140 loss=0.8044
07:59:14 | INFO    | holoqpi.engine.trainer |   epoch 13 step 100/140 loss=0.6128
07:59:18 | INFO    | holoqpi.engine.trainer |   epoch 13 step 120/140 loss=0.6729
08:00:20 | INFO    | holoqpi.engine.trainer | epoch 13/60 (88s = 29s train + 58s val) | train_loss=0.6810  val_phase_mae=0.1841  val_dice=0.8038  val_cls_acc=nan  val_mass_mape=0.2070
08:00:21 | INFO    | holoqpi.engine.trainer |   epoch 14 step 0/140 loss=0.5111
08:00:25 | INFO    | holoqpi.engine.trainer |   epoch 14 step 20/140 loss=0.6301
08:00:30 | INFO    | holoqpi.engine.trainer |   epoch 14 step 40/140 loss=0.5169
08:00:34 | INFO    | holoqpi.engine.trainer |   epoch 14 step 60/140 loss=0.5906
08:00:38 | INFO    | holoqpi.engine.trainer |   epoch 14 step 80/140 loss=0.6743
08:00:42 | INFO    | holoqpi.engine.trainer |   epoch 14 step 100/140 loss=0.4763
08:00:46 | INFO    | holoqpi.engine.trainer |   epoch 14 step 120/140 loss=0.5833
08:01:48 | INFO    | holoqpi.engine.trainer |   new best composite=0.7931
08:01:48 | INFO    | holoqpi.engine.trainer | epoch 14/60 (88s = 29s train + 59s val) | train_loss=0.6514  val_phase_mae=0.1753  val_dice=0.8116  val_cls_acc=nan  val_mass_mape=0.2009
08:01:49 | INFO    | holoqpi.engine.trainer |   epoch 15 step 0/140 loss=0.5393
08:01:53 | INFO    | holoqpi.engine.trainer |   epoch 15 step 20/140 loss=0.4948
08:01:58 | INFO    | holoqpi.engine.trainer |   epoch 15 step 40/140 loss=1.0285
08:02:02 | INFO    | holoqpi.engine.trainer |   epoch 15 step 60/140 loss=0.7876
08:02:06 | INFO    | holoqpi.engine.trainer |   epoch 15 step 80/140 loss=0.6937
08:02:10 | INFO    | holoqpi.engine.trainer |   epoch 15 step 100/140 loss=0.5890
08:02:14 | INFO    | holoqpi.engine.trainer |   epoch 15 step 120/140 loss=0.5179
08:03:16 | INFO    | holoqpi.engine.trainer | epoch 15/60 (87s = 30s train + 58s val) | train_loss=0.6514  val_phase_mae=0.1774  val_dice=0.8087  val_cls_acc=nan  val_mass_mape=0.2059
08:03:17 | INFO    | holoqpi.engine.trainer |   epoch 16 step 0/140 loss=0.6132
08:03:21 | INFO    | holoqpi.engine.trainer |   epoch 16 step 20/140 loss=0.6297
08:03:25 | INFO    | holoqpi.engine.trainer |   epoch 16 step 40/140 loss=0.6620
08:03:30 | INFO    | holoqpi.engine.trainer |   epoch 16 step 60/140 loss=0.7804
08:03:34 | INFO    | holoqpi.engine.trainer |   epoch 16 step 80/140 loss=0.7442
08:03:38 | INFO    | holoqpi.engine.trainer |   epoch 16 step 100/140 loss=0.5281
08:03:43 | INFO    | holoqpi.engine.trainer |   epoch 16 step 120/140 loss=0.6003
08:04:44 | INFO    | holoqpi.engine.trainer |   new best composite=0.7947
08:04:44 | INFO    | holoqpi.engine.trainer | epoch 16/60 (88s = 31s train + 57s val) | train_loss=0.6327  val_phase_mae=0.1787  val_dice=0.8121  val_cls_acc=nan  val_mass_mape=0.2000
08:04:45 | INFO    | holoqpi.engine.trainer |   epoch 17 step 0/140 loss=0.4815
08:04:49 | INFO    | holoqpi.engine.trainer |   epoch 17 step 20/140 loss=0.6870
08:04:53 | INFO    | holoqpi.engine.trainer |   epoch 17 step 40/140 loss=0.6849
08:04:57 | INFO    | holoqpi.engine.trainer |   epoch 17 step 60/140 loss=0.4714
08:05:02 | INFO    | holoqpi.engine.trainer |   epoch 17 step 80/140 loss=0.6288
08:05:06 | INFO    | holoqpi.engine.trainer |   epoch 17 step 100/140 loss=0.6991
08:05:11 | INFO    | holoqpi.engine.trainer |   epoch 17 step 120/140 loss=0.5586
08:06:12 | INFO    | holoqpi.engine.trainer | epoch 17/60 (88s = 31s train + 57s val) | train_loss=0.6438  val_phase_mae=0.1856  val_dice=0.8053  val_cls_acc=nan  val_mass_mape=0.2465
08:06:13 | INFO    | holoqpi.engine.trainer |   epoch 18 step 0/140 loss=0.5843
08:06:17 | INFO    | holoqpi.engine.trainer |   epoch 18 step 20/140 loss=0.6146
08:06:21 | INFO    | holoqpi.engine.trainer |   epoch 18 step 40/140 loss=0.6164
08:06:25 | INFO    | holoqpi.engine.trainer |   epoch 18 step 60/140 loss=0.5069
08:06:30 | INFO    | holoqpi.engine.trainer |   epoch 18 step 80/140 loss=0.5909
08:06:34 | INFO    | holoqpi.engine.trainer |   epoch 18 step 100/140 loss=0.7571
08:06:39 | INFO    | holoqpi.engine.trainer |   epoch 18 step 120/140 loss=0.5038
08:07:39 | INFO    | holoqpi.engine.trainer | epoch 18/60 (87s = 31s train + 56s val) | train_loss=0.6382  val_phase_mae=0.1794  val_dice=0.8116  val_cls_acc=nan  val_mass_mape=0.2051
08:07:40 | INFO    | holoqpi.engine.trainer |   epoch 19 step 0/140 loss=0.6466
08:07:44 | INFO    | holoqpi.engine.trainer |   epoch 19 step 20/140 loss=0.7400
08:07:48 | INFO    | holoqpi.engine.trainer |   epoch 19 step 40/140 loss=0.5111
08:07:53 | INFO    | holoqpi.engine.trainer |   epoch 19 step 60/140 loss=0.8063
08:07:57 | INFO    | holoqpi.engine.trainer |   epoch 19 step 80/140 loss=0.5469
08:08:02 | INFO    | holoqpi.engine.trainer |   epoch 19 step 100/140 loss=0.4576
08:08:06 | INFO    | holoqpi.engine.trainer |   epoch 19 step 120/140 loss=0.4947
08:09:06 | INFO    | holoqpi.engine.trainer | epoch 19/60 (87s = 31s train + 56s val) | train_loss=0.6184  val_phase_mae=0.1835  val_dice=0.8075  val_cls_acc=nan  val_mass_mape=0.2319
08:09:07 | INFO    | holoqpi.engine.trainer |   epoch 20 step 0/140 loss=0.5878
08:09:11 | INFO    | holoqpi.engine.trainer |   epoch 20 step 20/140 loss=0.4862
08:09:15 | INFO    | holoqpi.engine.trainer |   epoch 20 step 40/140 loss=0.6474
08:09:20 | INFO    | holoqpi.engine.trainer |   epoch 20 step 60/140 loss=0.5515
08:09:24 | INFO    | holoqpi.engine.trainer |   epoch 20 step 80/140 loss=0.6173
08:09:29 | INFO    | holoqpi.engine.trainer |   epoch 20 step 100/140 loss=0.7337
08:09:33 | INFO    | holoqpi.engine.trainer |   epoch 20 step 120/140 loss=0.6937
08:10:33 | INFO    | holoqpi.engine.trainer |   new best composite=0.7951
08:10:33 | INFO    | holoqpi.engine.trainer | epoch 20/60 (87s = 32s train + 55s val) | train_loss=0.6104  val_phase_mae=0.1789  val_dice=0.8177  val_cls_acc=nan  val_mass_mape=0.2116
08:10:34 | INFO    | holoqpi.engine.trainer |   epoch 21 step 0/140 loss=0.7800
08:10:38 | INFO    | holoqpi.engine.trainer |   epoch 21 step 20/140 loss=0.6756
08:10:43 | INFO    | holoqpi.engine.trainer |   epoch 21 step 40/140 loss=0.5654
08:10:48 | INFO    | holoqpi.engine.trainer |   epoch 21 step 60/140 loss=0.6181
08:10:52 | INFO    | holoqpi.engine.trainer |   epoch 21 step 80/140 loss=0.4673
08:10:56 | INFO    | holoqpi.engine.trainer |   epoch 21 step 100/140 loss=0.6213
08:11:01 | INFO    | holoqpi.engine.trainer |   epoch 21 step 120/140 loss=0.6219
08:12:00 | INFO    | holoqpi.engine.trainer | epoch 21/60 (87s = 32s train + 55s val) | train_loss=0.6187  val_phase_mae=0.1804  val_dice=0.8158  val_cls_acc=nan  val_mass_mape=0.2198
08:12:01 | INFO    | holoqpi.engine.trainer |   epoch 22 step 0/140 loss=0.5620
08:12:05 | INFO    | holoqpi.engine.trainer |   epoch 22 step 20/140 loss=0.7999
08:12:10 | INFO    | holoqpi.engine.trainer |   epoch 22 step 40/140 loss=0.5593
08:12:14 | INFO    | holoqpi.engine.trainer |   epoch 22 step 60/140 loss=0.4939
08:12:19 | INFO    | holoqpi.engine.trainer |   epoch 22 step 80/140 loss=0.4275
08:12:23 | INFO    | holoqpi.engine.trainer |   epoch 22 step 100/140 loss=0.4752
08:12:28 | INFO    | holoqpi.engine.trainer |   epoch 22 step 120/140 loss=0.4733
08:13:27 | INFO    | holoqpi.engine.trainer |   new best composite=0.7967
08:13:27 | INFO    | holoqpi.engine.trainer | epoch 22/60 (87s = 32s train + 55s val) | train_loss=0.5986  val_phase_mae=0.1752  val_dice=0.8155  val_cls_acc=nan  val_mass_mape=0.2062
08:13:28 | INFO    | holoqpi.engine.trainer |   epoch 23 step 0/140 loss=0.5644
08:13:33 | INFO    | holoqpi.engine.trainer |   epoch 23 step 20/140 loss=0.6989
08:13:37 | INFO    | holoqpi.engine.trainer |   epoch 23 step 40/140 loss=0.4216
08:13:42 | INFO    | holoqpi.engine.trainer |   epoch 23 step 60/140 loss=0.5695
08:13:46 | INFO    | holoqpi.engine.trainer |   epoch 23 step 80/140 loss=0.6940
08:13:51 | INFO    | holoqpi.engine.trainer |   epoch 23 step 100/140 loss=0.6237
08:13:55 | INFO    | holoqpi.engine.trainer |   epoch 23 step 120/140 loss=0.4412
08:14:55 | INFO    | holoqpi.engine.trainer |   new best composite=0.7969
08:14:55 | INFO    | holoqpi.engine.trainer | epoch 23/60 (87s = 32s train + 56s val) | train_loss=0.6073  val_phase_mae=0.1832  val_dice=0.8153  val_cls_acc=nan  val_mass_mape=0.2055
08:14:56 | INFO    | holoqpi.engine.trainer |   epoch 24 step 0/140 loss=0.6730
08:15:00 | INFO    | holoqpi.engine.trainer |   epoch 24 step 20/140 loss=0.5416
08:15:05 | INFO    | holoqpi.engine.trainer |   epoch 24 step 40/140 loss=0.6693
08:15:09 | INFO    | holoqpi.engine.trainer |   epoch 24 step 60/140 loss=0.7107
08:15:14 | INFO    | holoqpi.engine.trainer |   epoch 24 step 80/140 loss=0.7874
08:15:18 | INFO    | holoqpi.engine.trainer |   epoch 24 step 100/140 loss=0.7625
08:15:22 | INFO    | holoqpi.engine.trainer |   epoch 24 step 120/140 loss=0.6278
08:16:23 | INFO    | holoqpi.engine.trainer | epoch 24/60 (88s = 31s train + 57s val) | train_loss=0.6091  val_phase_mae=0.1754  val_dice=0.8180  val_cls_acc=nan  val_mass_mape=0.2227
08:16:24 | INFO    | holoqpi.engine.trainer |   epoch 25 step 0/140 loss=0.5772
08:16:28 | INFO    | holoqpi.engine.trainer |   epoch 25 step 20/140 loss=0.6512
08:16:33 | INFO    | holoqpi.engine.trainer |   epoch 25 step 40/140 loss=0.5237
08:16:37 | INFO    | holoqpi.engine.trainer |   epoch 25 step 60/140 loss=0.6180
08:16:42 | INFO    | holoqpi.engine.trainer |   epoch 25 step 80/140 loss=0.6078
08:16:46 | INFO    | holoqpi.engine.trainer |   epoch 25 step 100/140 loss=0.5155
08:16:50 | INFO    | holoqpi.engine.trainer |   epoch 25 step 120/140 loss=0.5088
08:17:52 | INFO    | holoqpi.engine.trainer |   new best composite=0.8047
08:17:52 | INFO    | holoqpi.engine.trainer | epoch 25/60 (89s = 31s train + 58s val) | train_loss=0.5848  val_phase_mae=0.1677  val_dice=0.8217  val_cls_acc=nan  val_mass_mape=0.1977
08:17:53 | INFO    | holoqpi.engine.trainer |   epoch 26 step 0/140 loss=0.5748
08:17:58 | INFO    | holoqpi.engine.trainer |   epoch 26 step 20/140 loss=0.4311
08:18:02 | INFO    | holoqpi.engine.trainer |   epoch 26 step 40/140 loss=0.6007
08:18:06 | INFO    | holoqpi.engine.trainer |   epoch 26 step 60/140 loss=0.6211
08:18:11 | INFO    | holoqpi.engine.trainer |   epoch 26 step 80/140 loss=0.7005
08:18:15 | INFO    | holoqpi.engine.trainer |   epoch 26 step 100/140 loss=0.7445
08:18:19 | INFO    | holoqpi.engine.trainer |   epoch 26 step 120/140 loss=0.4792
08:19:20 | INFO    | holoqpi.engine.trainer | epoch 26/60 (88s = 30s train + 58s val) | train_loss=0.5787  val_phase_mae=0.1769  val_dice=0.8187  val_cls_acc=nan  val_mass_mape=0.2062
08:19:21 | INFO    | holoqpi.engine.trainer |   epoch 27 step 0/140 loss=0.5290
08:19:26 | INFO    | holoqpi.engine.trainer |   epoch 27 step 20/140 loss=0.5269
08:19:30 | INFO    | holoqpi.engine.trainer |   epoch 27 step 40/140 loss=0.6036
08:19:34 | INFO    | holoqpi.engine.trainer |   epoch 27 step 60/140 loss=0.7382
08:19:39 | INFO    | holoqpi.engine.trainer |   epoch 27 step 80/140 loss=0.7269
08:19:43 | INFO    | holoqpi.engine.trainer |   epoch 27 step 100/140 loss=0.4522
08:19:47 | INFO    | holoqpi.engine.trainer |   epoch 27 step 120/140 loss=0.5820
08:20:49 | INFO    | holoqpi.engine.trainer | epoch 27/60 (89s = 30s train + 58s val) | train_loss=0.5794  val_phase_mae=0.1757  val_dice=0.8211  val_cls_acc=nan  val_mass_mape=0.2265
08:20:50 | INFO    | holoqpi.engine.trainer |   epoch 28 step 0/140 loss=0.4877
08:20:55 | INFO    | holoqpi.engine.trainer |   epoch 28 step 20/140 loss=0.7681
08:20:59 | INFO    | holoqpi.engine.trainer |   epoch 28 step 40/140 loss=0.7087
08:21:03 | INFO    | holoqpi.engine.trainer |   epoch 28 step 60/140 loss=0.5232
08:21:07 | INFO    | holoqpi.engine.trainer |   epoch 28 step 80/140 loss=0.5860
08:21:12 | INFO    | holoqpi.engine.trainer |   epoch 28 step 100/140 loss=0.5683
08:21:16 | INFO    | holoqpi.engine.trainer |   epoch 28 step 120/140 loss=0.5834
08:22:18 | INFO    | holoqpi.engine.trainer | epoch 28/60 (89s = 30s train + 59s val) | train_loss=0.5787  val_phase_mae=0.1724  val_dice=0.8211  val_cls_acc=nan  val_mass_mape=0.2406
08:22:19 | INFO    | holoqpi.engine.trainer |   epoch 29 step 0/140 loss=0.5237
08:22:23 | INFO    | holoqpi.engine.trainer |   epoch 29 step 20/140 loss=0.9168
08:22:27 | INFO    | holoqpi.engine.trainer |   epoch 29 step 40/140 loss=0.5956
08:22:32 | INFO    | holoqpi.engine.trainer |   epoch 29 step 60/140 loss=0.7589
08:22:36 | INFO    | holoqpi.engine.trainer |   epoch 29 step 80/140 loss=0.4277
08:22:40 | INFO    | holoqpi.engine.trainer |   epoch 29 step 100/140 loss=0.7048
08:22:44 | INFO    | holoqpi.engine.trainer |   epoch 29 step 120/140 loss=0.5536
08:23:46 | INFO    | holoqpi.engine.trainer | epoch 29/60 (88s = 30s train + 58s val) | train_loss=0.5742  val_phase_mae=0.1757  val_dice=0.8150  val_cls_acc=nan  val_mass_mape=0.2029
08:23:47 | INFO    | holoqpi.engine.trainer |   epoch 30 step 0/140 loss=0.6876
08:23:52 | INFO    | holoqpi.engine.trainer |   epoch 30 step 20/140 loss=0.5851
08:23:56 | INFO    | holoqpi.engine.trainer |   epoch 30 step 40/140 loss=0.4647
08:24:00 | INFO    | holoqpi.engine.trainer |   epoch 30 step 60/140 loss=0.5012
08:24:04 | INFO    | holoqpi.engine.trainer |   epoch 30 step 80/140 loss=0.4943
08:24:09 | INFO    | holoqpi.engine.trainer |   epoch 30 step 100/140 loss=0.9066
08:24:13 | INFO    | holoqpi.engine.trainer |   epoch 30 step 120/140 loss=0.6162
08:25:15 | INFO    | holoqpi.engine.trainer | epoch 30/60 (89s = 30s train + 59s val) | train_loss=0.5677  val_phase_mae=0.1770  val_dice=0.8190  val_cls_acc=nan  val_mass_mape=0.2126
08:25:16 | INFO    | holoqpi.engine.trainer |   epoch 31 step 0/140 loss=0.4912
08:25:20 | INFO    | holoqpi.engine.trainer |   epoch 31 step 20/140 loss=0.6239
08:25:24 | INFO    | holoqpi.engine.trainer |   epoch 31 step 40/140 loss=0.4765
08:25:29 | INFO    | holoqpi.engine.trainer |   epoch 31 step 60/140 loss=0.5430
08:25:33 | INFO    | holoqpi.engine.trainer |   epoch 31 step 80/140 loss=0.6954
08:25:37 | INFO    | holoqpi.engine.trainer |   epoch 31 step 100/140 loss=0.6715
08:25:41 | INFO    | holoqpi.engine.trainer |   epoch 31 step 120/140 loss=0.6303
08:26:43 | INFO    | holoqpi.engine.trainer | epoch 31/60 (88s = 30s train + 59s val) | train_loss=0.5644  val_phase_mae=0.1721  val_dice=0.8215  val_cls_acc=nan  val_mass_mape=0.2076
08:26:44 | INFO    | holoqpi.engine.trainer |   epoch 32 step 0/140 loss=0.6409
08:26:49 | INFO    | holoqpi.engine.trainer |   epoch 32 step 20/140 loss=0.5059
08:26:53 | INFO    | holoqpi.engine.trainer |   epoch 32 step 40/140 loss=0.5621
08:26:57 | INFO    | holoqpi.engine.trainer |   epoch 32 step 60/140 loss=0.8126
08:27:01 | INFO    | holoqpi.engine.trainer |   epoch 32 step 80/140 loss=0.4741
08:27:05 | INFO    | holoqpi.engine.trainer |   epoch 32 step 100/140 loss=1.0194
08:27:10 | INFO    | holoqpi.engine.trainer |   epoch 32 step 120/140 loss=0.4457
08:28:12 | INFO    | holoqpi.engine.trainer | epoch 32/60 (89s = 30s train + 59s val) | train_loss=0.5606  val_phase_mae=0.1746  val_dice=0.8195  val_cls_acc=nan  val_mass_mape=0.1970
08:28:13 | INFO    | holoqpi.engine.trainer |   epoch 33 step 0/140 loss=0.6605
08:28:18 | INFO    | holoqpi.engine.trainer |   epoch 33 step 20/140 loss=0.4098
08:28:22 | INFO    | holoqpi.engine.trainer |   epoch 33 step 40/140 loss=0.4532
08:28:26 | INFO    | holoqpi.engine.trainer |   epoch 33 step 60/140 loss=0.5854
08:28:30 | INFO    | holoqpi.engine.trainer |   epoch 33 step 80/140 loss=0.4585
08:28:34 | INFO    | holoqpi.engine.trainer |   epoch 33 step 100/140 loss=0.4614
08:28:38 | INFO    | holoqpi.engine.trainer |   epoch 33 step 120/140 loss=0.5236
08:29:41 | INFO    | holoqpi.engine.trainer | epoch 33/60 (89s = 30s train + 59s val) | train_loss=0.5470  val_phase_mae=0.1732  val_dice=0.8204  val_cls_acc=nan  val_mass_mape=0.2045
08:29:42 | INFO    | holoqpi.engine.trainer |   epoch 34 step 0/140 loss=0.5443
08:29:46 | INFO    | holoqpi.engine.trainer |   epoch 34 step 20/140 loss=0.4941
08:29:50 | INFO    | holoqpi.engine.trainer |   epoch 34 step 40/140 loss=0.5121
08:29:54 | INFO    | holoqpi.engine.trainer |   epoch 34 step 60/140 loss=0.5456
08:29:58 | INFO    | holoqpi.engine.trainer |   epoch 34 step 80/140 loss=0.5143
08:30:03 | INFO    | holoqpi.engine.trainer |   epoch 34 step 100/140 loss=0.5256
08:30:07 | INFO    | holoqpi.engine.trainer |   epoch 34 step 120/140 loss=0.4089
08:31:10 | INFO    | holoqpi.engine.trainer | epoch 34/60 (89s = 30s train + 59s val) | train_loss=0.5487  val_phase_mae=0.1751  val_dice=0.8188  val_cls_acc=nan  val_mass_mape=0.2066
08:31:11 | INFO    | holoqpi.engine.trainer |   epoch 35 step 0/140 loss=0.4533
08:31:15 | INFO    | holoqpi.engine.trainer |   epoch 35 step 20/140 loss=0.6746
08:31:19 | INFO    | holoqpi.engine.trainer |   epoch 35 step 40/140 loss=0.6621
08:31:23 | INFO    | holoqpi.engine.trainer |   epoch 35 step 60/140 loss=0.4647
08:31:27 | INFO    | holoqpi.engine.trainer |   epoch 35 step 80/140 loss=0.4197
08:31:32 | INFO    | holoqpi.engine.trainer |   epoch 35 step 100/140 loss=0.5466
08:31:36 | INFO    | holoqpi.engine.trainer |   epoch 35 step 120/140 loss=0.7663
08:32:38 | INFO    | holoqpi.engine.trainer | epoch 35/60 (89s = 30s train + 59s val) | train_loss=0.5564  val_phase_mae=0.1776  val_dice=0.8088  val_cls_acc=nan  val_mass_mape=0.2244
08:32:39 | INFO    | holoqpi.engine.trainer |   epoch 36 step 0/140 loss=0.4300
08:32:44 | INFO    | holoqpi.engine.trainer |   epoch 36 step 20/140 loss=0.4156
08:32:48 | INFO    | holoqpi.engine.trainer |   epoch 36 step 40/140 loss=0.7957
08:32:52 | INFO    | holoqpi.engine.trainer |   epoch 36 step 60/140 loss=0.6724
08:32:56 | INFO    | holoqpi.engine.trainer |   epoch 36 step 80/140 loss=0.5653
08:33:00 | INFO    | holoqpi.engine.trainer |   epoch 36 step 100/140 loss=0.5713
08:33:04 | INFO    | holoqpi.engine.trainer |   epoch 36 step 120/140 loss=0.4962
08:34:06 | INFO    | holoqpi.engine.trainer | epoch 36/60 (88s = 29s train + 59s val) | train_loss=0.5393  val_phase_mae=0.1741  val_dice=0.8210  val_cls_acc=nan  val_mass_mape=0.2084
08:34:07 | INFO    | holoqpi.engine.trainer |   epoch 37 step 0/140 loss=0.6247
08:34:12 | INFO    | holoqpi.engine.trainer |   epoch 37 step 20/140 loss=0.6782
08:34:16 | INFO    | holoqpi.engine.trainer |   epoch 37 step 40/140 loss=0.5785
08:34:20 | INFO    | holoqpi.engine.trainer |   epoch 37 step 60/140 loss=0.4910
08:34:24 | INFO    | holoqpi.engine.trainer |   epoch 37 step 80/140 loss=0.5892
08:34:28 | INFO    | holoqpi.engine.trainer |   epoch 37 step 100/140 loss=0.5286
08:34:33 | INFO    | holoqpi.engine.trainer |   epoch 37 step 120/140 loss=0.4965
08:35:34 | INFO    | holoqpi.engine.trainer | epoch 37/60 (88s = 30s train + 58s val) | train_loss=0.5286  val_phase_mae=0.1704  val_dice=0.8239  val_cls_acc=nan  val_mass_mape=0.1974
08:35:35 | INFO    | holoqpi.engine.trainer |   epoch 38 step 0/140 loss=0.5423
08:35:40 | INFO    | holoqpi.engine.trainer |   epoch 38 step 20/140 loss=0.4320
08:35:44 | INFO    | holoqpi.engine.trainer |   epoch 38 step 40/140 loss=0.4265
08:35:48 | INFO    | holoqpi.engine.trainer |   epoch 38 step 60/140 loss=0.4801
08:35:52 | INFO    | holoqpi.engine.trainer |   epoch 38 step 80/140 loss=0.5090
08:35:57 | INFO    | holoqpi.engine.trainer |   epoch 38 step 100/140 loss=0.4259
08:36:01 | INFO    | holoqpi.engine.trainer |   epoch 38 step 120/140 loss=0.8283
08:37:02 | INFO    | holoqpi.engine.trainer | epoch 38/60 (88s = 31s train + 57s val) | train_loss=0.5342  val_phase_mae=0.1801  val_dice=0.8187  val_cls_acc=nan  val_mass_mape=0.2118
08:37:03 | INFO    | holoqpi.engine.trainer |   epoch 39 step 0/140 loss=0.6444
08:37:08 | INFO    | holoqpi.engine.trainer |   epoch 39 step 20/140 loss=0.8131
08:37:12 | INFO    | holoqpi.engine.trainer |   epoch 39 step 40/140 loss=0.6478
08:37:16 | INFO    | holoqpi.engine.trainer |   epoch 39 step 60/140 loss=0.3934
08:37:21 | INFO    | holoqpi.engine.trainer |   epoch 39 step 80/140 loss=0.6459
08:37:25 | INFO    | holoqpi.engine.trainer |   epoch 39 step 100/140 loss=0.4478
08:37:30 | INFO    | holoqpi.engine.trainer |   epoch 39 step 120/140 loss=0.5307
08:38:30 | INFO    | holoqpi.engine.trainer | epoch 39/60 (88s = 31s train + 57s val) | train_loss=0.5422  val_phase_mae=0.1756  val_dice=0.8216  val_cls_acc=nan  val_mass_mape=0.2054
08:38:31 | INFO    | holoqpi.engine.trainer |   epoch 40 step 0/140 loss=0.4578
08:38:35 | INFO    | holoqpi.engine.trainer |   epoch 40 step 20/140 loss=0.4170
08:38:39 | INFO    | holoqpi.engine.trainer |   epoch 40 step 40/140 loss=0.3973
08:38:44 | INFO    | holoqpi.engine.trainer |   epoch 40 step 60/140 loss=0.3920
08:38:48 | INFO    | holoqpi.engine.trainer |   epoch 40 step 80/140 loss=0.5192
08:38:53 | INFO    | holoqpi.engine.trainer |   epoch 40 step 100/140 loss=0.6134
08:38:57 | INFO    | holoqpi.engine.trainer |   epoch 40 step 120/140 loss=0.5498
08:39:57 | INFO    | holoqpi.engine.trainer | epoch 40/60 (87s = 31s train + 56s val) | train_loss=0.5209  val_phase_mae=0.1739  val_dice=0.8221  val_cls_acc=nan  val_mass_mape=0.1986
08:39:58 | INFO    | holoqpi.engine.trainer |   epoch 41 step 0/140 loss=0.4211
08:40:02 | INFO    | holoqpi.engine.trainer |   epoch 41 step 20/140 loss=0.5203
08:40:07 | INFO    | holoqpi.engine.trainer |   epoch 41 step 40/140 loss=0.5265
08:40:11 | INFO    | holoqpi.engine.trainer |   epoch 41 step 60/140 loss=0.4705
08:40:16 | INFO    | holoqpi.engine.trainer |   epoch 41 step 80/140 loss=0.5023
08:40:20 | INFO    | holoqpi.engine.trainer |   epoch 41 step 100/140 loss=0.7102
08:40:25 | INFO    | holoqpi.engine.trainer |   epoch 41 step 120/140 loss=0.3623
08:41:24 | INFO    | holoqpi.engine.trainer | epoch 41/60 (87s = 32s train + 56s val) | train_loss=0.5202  val_phase_mae=0.1740  val_dice=0.8244  val_cls_acc=nan  val_mass_mape=0.1984
08:41:26 | INFO    | holoqpi.engine.trainer |   epoch 42 step 0/140 loss=0.8820
08:41:30 | INFO    | holoqpi.engine.trainer |   epoch 42 step 20/140 loss=0.4462
08:41:35 | INFO    | holoqpi.engine.trainer |   epoch 42 step 40/140 loss=0.4813
08:41:39 | INFO    | holoqpi.engine.trainer |   epoch 42 step 60/140 loss=0.4285
08:41:44 | INFO    | holoqpi.engine.trainer |   epoch 42 step 80/140 loss=0.4533
08:41:48 | INFO    | holoqpi.engine.trainer |   epoch 42 step 100/140 loss=0.4732
08:41:53 | INFO    | holoqpi.engine.trainer |   epoch 42 step 120/140 loss=0.4284
08:42:52 | INFO    | holoqpi.engine.trainer | epoch 42/60 (88s = 32s train + 56s val) | train_loss=0.5232  val_phase_mae=0.1708  val_dice=0.8229  val_cls_acc=nan  val_mass_mape=0.2017
08:42:54 | INFO    | holoqpi.engine.trainer |   epoch 43 step 0/140 loss=0.7854
08:42:58 | INFO    | holoqpi.engine.trainer |   epoch 43 step 20/140 loss=0.5678
08:43:03 | INFO    | holoqpi.engine.trainer |   epoch 43 step 40/140 loss=0.4237
08:43:07 | INFO    | holoqpi.engine.trainer |   epoch 43 step 60/140 loss=0.5830
08:43:11 | INFO    | holoqpi.engine.trainer |   epoch 43 step 80/140 loss=0.5073
08:43:16 | INFO    | holoqpi.engine.trainer |   epoch 43 step 100/140 loss=0.5083
08:43:20 | INFO    | holoqpi.engine.trainer |   epoch 43 step 120/140 loss=0.5141
08:44:20 | INFO    | holoqpi.engine.trainer |   new best composite=0.8047
08:44:20 | INFO    | holoqpi.engine.trainer | epoch 43/60 (88s = 31s train + 56s val) | train_loss=0.5256  val_phase_mae=0.1701  val_dice=0.8248  val_cls_acc=nan  val_mass_mape=0.1958
08:44:21 | INFO    | holoqpi.engine.trainer |   epoch 44 step 0/140 loss=0.4372
08:44:26 | INFO    | holoqpi.engine.trainer |   epoch 44 step 20/140 loss=0.5040
08:44:30 | INFO    | holoqpi.engine.trainer |   epoch 44 step 40/140 loss=0.4172
08:44:35 | INFO    | holoqpi.engine.trainer |   epoch 44 step 60/140 loss=0.6426
08:44:39 | INFO    | holoqpi.engine.trainer |   epoch 44 step 80/140 loss=0.6721
08:44:44 | INFO    | holoqpi.engine.trainer |   epoch 44 step 100/140 loss=0.5740
08:44:48 | INFO    | holoqpi.engine.trainer |   epoch 44 step 120/140 loss=0.5634
08:45:48 | INFO    | holoqpi.engine.trainer |   new best composite=0.8076
08:45:48 | INFO    | holoqpi.engine.trainer | epoch 44/60 (88s = 31s train + 57s val) | train_loss=0.5138  val_phase_mae=0.1684  val_dice=0.8244  val_cls_acc=nan  val_mass_mape=0.1904
08:45:49 | INFO    | holoqpi.engine.trainer |   epoch 45 step 0/140 loss=0.4734
08:45:54 | INFO    | holoqpi.engine.trainer |   epoch 45 step 20/140 loss=0.4598
08:45:59 | INFO    | holoqpi.engine.trainer |   epoch 45 step 40/140 loss=0.5041
08:46:03 | INFO    | holoqpi.engine.trainer |   epoch 45 step 60/140 loss=0.4039
08:46:08 | INFO    | holoqpi.engine.trainer |   epoch 45 step 80/140 loss=0.6859
08:46:12 | INFO    | holoqpi.engine.trainer |   epoch 45 step 100/140 loss=0.5452
08:46:16 | INFO    | holoqpi.engine.trainer |   epoch 45 step 120/140 loss=0.4169
08:47:18 | INFO    | holoqpi.engine.trainer | epoch 45/60 (89s = 31s train + 58s val) | train_loss=0.5189  val_phase_mae=0.1680  val_dice=0.8252  val_cls_acc=nan  val_mass_mape=0.1945
08:47:19 | INFO    | holoqpi.engine.trainer |   epoch 46 step 0/140 loss=0.6177
08:47:23 | INFO    | holoqpi.engine.trainer |   epoch 46 step 20/140 loss=0.6395
08:47:28 | INFO    | holoqpi.engine.trainer |   epoch 46 step 40/140 loss=0.3851
08:47:32 | INFO    | holoqpi.engine.trainer |   epoch 46 step 60/140 loss=0.4679
08:47:36 | INFO    | holoqpi.engine.trainer |   epoch 46 step 80/140 loss=0.5342
08:47:40 | INFO    | holoqpi.engine.trainer |   epoch 46 step 100/140 loss=0.4849
08:47:44 | INFO    | holoqpi.engine.trainer |   epoch 46 step 120/140 loss=0.6721
08:48:46 | INFO    | holoqpi.engine.trainer | epoch 46/60 (89s = 30s train + 58s val) | train_loss=0.5059  val_phase_mae=0.1742  val_dice=0.8246  val_cls_acc=nan  val_mass_mape=0.1987
08:48:48 | INFO    | holoqpi.engine.trainer |   epoch 47 step 0/140 loss=0.4323
08:48:52 | INFO    | holoqpi.engine.trainer |   epoch 47 step 20/140 loss=0.4570
08:48:56 | INFO    | holoqpi.engine.trainer |   epoch 47 step 40/140 loss=0.4982
08:49:00 | INFO    | holoqpi.engine.trainer |   epoch 47 step 60/140 loss=0.6599
08:49:05 | INFO    | holoqpi.engine.trainer |   epoch 47 step 80/140 loss=0.3197
08:49:09 | INFO    | holoqpi.engine.trainer |   epoch 47 step 100/140 loss=0.4854
08:49:13 | INFO    | holoqpi.engine.trainer |   epoch 47 step 120/140 loss=0.6322
08:50:15 | INFO    | holoqpi.engine.trainer | epoch 47/60 (89s = 30s train + 59s val) | train_loss=0.5002  val_phase_mae=0.1695  val_dice=0.8254  val_cls_acc=nan  val_mass_mape=0.1907
08:50:16 | INFO    | holoqpi.engine.trainer |   epoch 48 step 0/140 loss=0.4811
08:50:21 | INFO    | holoqpi.engine.trainer |   epoch 48 step 20/140 loss=0.6244
08:50:25 | INFO    | holoqpi.engine.trainer |   epoch 48 step 40/140 loss=0.4518
08:50:29 | INFO    | holoqpi.engine.trainer |   epoch 48 step 60/140 loss=0.5328
08:50:33 | INFO    | holoqpi.engine.trainer |   epoch 48 step 80/140 loss=0.3698
08:50:37 | INFO    | holoqpi.engine.trainer |   epoch 48 step 100/140 loss=0.5132
08:50:42 | INFO    | holoqpi.engine.trainer |   epoch 48 step 120/140 loss=0.4391
08:51:44 | INFO    | holoqpi.engine.trainer | epoch 48/60 (88s = 30s train + 59s val) | train_loss=0.5043  val_phase_mae=0.1675  val_dice=0.8260  val_cls_acc=nan  val_mass_mape=0.1907
08:51:45 | INFO    | holoqpi.engine.trainer |   epoch 49 step 0/140 loss=0.3644
08:51:49 | INFO    | holoqpi.engine.trainer |   epoch 49 step 20/140 loss=0.4105
08:51:53 | INFO    | holoqpi.engine.trainer |   epoch 49 step 40/140 loss=0.5032
08:51:58 | INFO    | holoqpi.engine.trainer |   epoch 49 step 60/140 loss=0.4462
08:52:02 | INFO    | holoqpi.engine.trainer |   epoch 49 step 80/140 loss=0.5121
08:52:06 | INFO    | holoqpi.engine.trainer |   epoch 49 step 100/140 loss=0.5437
08:52:10 | INFO    | holoqpi.engine.trainer |   epoch 49 step 120/140 loss=0.4155
08:53:13 | INFO    | holoqpi.engine.trainer | epoch 49/60 (89s = 30s train + 59s val) | train_loss=0.4951  val_phase_mae=0.1703  val_dice=0.8257  val_cls_acc=nan  val_mass_mape=0.1995
08:53:14 | INFO    | holoqpi.engine.trainer |   epoch 50 step 0/140 loss=0.5904
08:53:18 | INFO    | holoqpi.engine.trainer |   epoch 50 step 20/140 loss=0.4074
08:53:22 | INFO    | holoqpi.engine.trainer |   epoch 50 step 40/140 loss=0.4043
08:53:27 | INFO    | holoqpi.engine.trainer |   epoch 50 step 60/140 loss=0.4295
08:53:31 | INFO    | holoqpi.engine.trainer |   epoch 50 step 80/140 loss=0.3749
08:53:35 | INFO    | holoqpi.engine.trainer |   epoch 50 step 100/140 loss=0.6221
08:53:39 | INFO    | holoqpi.engine.trainer |   epoch 50 step 120/140 loss=0.3958
08:54:41 | INFO    | holoqpi.engine.trainer | epoch 50/60 (88s = 30s train + 58s val) | train_loss=0.4986  val_phase_mae=0.1700  val_dice=0.8237  val_cls_acc=nan  val_mass_mape=0.1943
08:54:42 | INFO    | holoqpi.engine.trainer |   epoch 51 step 0/140 loss=0.5141
08:54:46 | INFO    | holoqpi.engine.trainer |   epoch 51 step 20/140 loss=0.5616
08:54:51 | INFO    | holoqpi.engine.trainer |   epoch 51 step 40/140 loss=0.6222
08:54:55 | INFO    | holoqpi.engine.trainer |   epoch 51 step 60/140 loss=0.4126
08:54:59 | INFO    | holoqpi.engine.trainer |   epoch 51 step 80/140 loss=0.3491
08:55:03 | INFO    | holoqpi.engine.trainer |   epoch 51 step 100/140 loss=0.5380
08:55:08 | INFO    | holoqpi.engine.trainer |   epoch 51 step 120/140 loss=0.4271
08:56:10 | INFO    | holoqpi.engine.trainer | epoch 51/60 (89s = 30s train + 58s val) | train_loss=0.5066  val_phase_mae=0.1709  val_dice=0.8214  val_cls_acc=nan  val_mass_mape=0.2089
08:56:11 | INFO    | holoqpi.engine.trainer |   epoch 52 step 0/140 loss=0.4873
08:56:15 | INFO    | holoqpi.engine.trainer |   epoch 52 step 20/140 loss=0.6159
08:56:19 | INFO    | holoqpi.engine.trainer |   epoch 52 step 40/140 loss=0.4557
08:56:23 | INFO    | holoqpi.engine.trainer |   epoch 52 step 60/140 loss=0.4958
08:56:28 | INFO    | holoqpi.engine.trainer |   epoch 52 step 80/140 loss=0.3368
08:56:32 | INFO    | holoqpi.engine.trainer |   epoch 52 step 100/140 loss=0.3943
08:56:36 | INFO    | holoqpi.engine.trainer |   epoch 52 step 120/140 loss=0.6297
08:57:38 | INFO    | holoqpi.engine.trainer | epoch 52/60 (89s = 30s train + 59s val) | train_loss=0.5072  val_phase_mae=0.1685  val_dice=0.8248  val_cls_acc=nan  val_mass_mape=0.1965
08:57:40 | INFO    | holoqpi.engine.trainer |   epoch 53 step 0/140 loss=0.4290
08:57:44 | INFO    | holoqpi.engine.trainer |   epoch 53 step 20/140 loss=0.6373
08:57:48 | INFO    | holoqpi.engine.trainer |   epoch 53 step 40/140 loss=0.3990
08:57:52 | INFO    | holoqpi.engine.trainer |   epoch 53 step 60/140 loss=0.4632
08:57:56 | INFO    | holoqpi.engine.trainer |   epoch 53 step 80/140 loss=0.4565
08:58:01 | INFO    | holoqpi.engine.trainer |   epoch 53 step 100/140 loss=0.4402
08:58:05 | INFO    | holoqpi.engine.trainer |   epoch 53 step 120/140 loss=0.5003
08:59:07 | INFO    | holoqpi.engine.trainer | epoch 53/60 (89s = 30s train + 59s val) | train_loss=0.5004  val_phase_mae=0.1723  val_dice=0.8255  val_cls_acc=nan  val_mass_mape=0.2015
08:59:08 | INFO    | holoqpi.engine.trainer |   epoch 54 step 0/140 loss=0.4386
08:59:12 | INFO    | holoqpi.engine.trainer |   epoch 54 step 20/140 loss=0.4430
08:59:16 | INFO    | holoqpi.engine.trainer |   epoch 54 step 40/140 loss=0.5238
08:59:21 | INFO    | holoqpi.engine.trainer |   epoch 54 step 60/140 loss=0.7196
08:59:25 | INFO    | holoqpi.engine.trainer |   epoch 54 step 80/140 loss=0.7112
08:59:29 | INFO    | holoqpi.engine.trainer |   epoch 54 step 100/140 loss=0.3456
08:59:33 | INFO    | holoqpi.engine.trainer |   epoch 54 step 120/140 loss=0.4320
09:00:36 | INFO    | holoqpi.engine.trainer | epoch 54/60 (89s = 30s train + 59s val) | train_loss=0.4971  val_phase_mae=0.1722  val_dice=0.8259  val_cls_acc=nan  val_mass_mape=0.1972
09:00:37 | INFO    | holoqpi.engine.trainer |   epoch 55 step 0/140 loss=0.4926
09:00:41 | INFO    | holoqpi.engine.trainer |   epoch 55 step 20/140 loss=0.3981
09:00:45 | INFO    | holoqpi.engine.trainer |   epoch 55 step 40/140 loss=0.5953
09:00:49 | INFO    | holoqpi.engine.trainer |   epoch 55 step 60/140 loss=0.5499
09:00:53 | INFO    | holoqpi.engine.trainer |   epoch 55 step 80/140 loss=0.4629
09:00:58 | INFO    | holoqpi.engine.trainer |   epoch 55 step 100/140 loss=0.4855
09:01:02 | INFO    | holoqpi.engine.trainer |   epoch 55 step 120/140 loss=0.4317
09:02:04 | INFO    | holoqpi.engine.trainer | epoch 55/60 (88s = 30s train + 59s val) | train_loss=0.4976  val_phase_mae=0.1698  val_dice=0.8255  val_cls_acc=nan  val_mass_mape=0.1988
09:02:05 | INFO    | holoqpi.engine.trainer |   epoch 56 step 0/140 loss=0.3684
09:02:09 | INFO    | holoqpi.engine.trainer |   epoch 56 step 20/140 loss=0.4558
09:02:14 | INFO    | holoqpi.engine.trainer |   epoch 56 step 40/140 loss=0.3746
09:02:18 | INFO    | holoqpi.engine.trainer |   epoch 56 step 60/140 loss=0.5699
09:02:22 | INFO    | holoqpi.engine.trainer |   epoch 56 step 80/140 loss=0.5407
09:02:26 | INFO    | holoqpi.engine.trainer |   epoch 56 step 100/140 loss=0.4278
09:02:30 | INFO    | holoqpi.engine.trainer |   epoch 56 step 120/140 loss=0.4747
09:03:33 | INFO    | holoqpi.engine.trainer | epoch 56/60 (89s = 30s train + 59s val) | train_loss=0.5002  val_phase_mae=0.1681  val_dice=0.8252  val_cls_acc=nan  val_mass_mape=0.1985
09:03:34 | INFO    | holoqpi.engine.trainer |   epoch 57 step 0/140 loss=0.4901
09:03:38 | INFO    | holoqpi.engine.trainer |   epoch 57 step 20/140 loss=0.6234
09:03:42 | INFO    | holoqpi.engine.trainer |   epoch 57 step 40/140 loss=0.4769
09:03:46 | INFO    | holoqpi.engine.trainer |   epoch 57 step 60/140 loss=0.5915
09:03:50 | INFO    | holoqpi.engine.trainer |   epoch 57 step 80/140 loss=0.4421
09:03:54 | INFO    | holoqpi.engine.trainer |   epoch 57 step 100/140 loss=0.4375
09:03:59 | INFO    | holoqpi.engine.trainer |   epoch 57 step 120/140 loss=0.4293
09:05:01 | INFO    | holoqpi.engine.trainer | epoch 57/60 (88s = 30s train + 58s val) | train_loss=0.5093  val_phase_mae=0.1705  val_dice=0.8226  val_cls_acc=nan  val_mass_mape=0.2062
09:05:02 | INFO    | holoqpi.engine.trainer |   epoch 58 step 0/140 loss=0.6011
09:05:06 | INFO    | holoqpi.engine.trainer |   epoch 58 step 20/140 loss=0.4903
09:05:10 | INFO    | holoqpi.engine.trainer |   epoch 58 step 40/140 loss=0.6031
09:05:15 | INFO    | holoqpi.engine.trainer |   epoch 58 step 60/140 loss=0.4171
09:05:19 | INFO    | holoqpi.engine.trainer |   epoch 58 step 80/140 loss=0.8127
09:05:23 | INFO    | holoqpi.engine.trainer |   epoch 58 step 100/140 loss=0.4262
09:05:27 | INFO    | holoqpi.engine.trainer |   epoch 58 step 120/140 loss=0.4434
09:06:27 | INFO    | holoqpi.engine.trainer | epoch 58/60 (86s = 30s train + 56s val) | train_loss=0.4988  val_phase_mae=0.1708  val_dice=0.8250  val_cls_acc=nan  val_mass_mape=0.1994
09:06:28 | INFO    | holoqpi.engine.trainer |   epoch 59 step 0/140 loss=0.3956
09:06:32 | INFO    | holoqpi.engine.trainer |   epoch 59 step 20/140 loss=0.4837
09:06:36 | INFO    | holoqpi.engine.trainer |   epoch 59 step 40/140 loss=0.4760
09:06:40 | INFO    | holoqpi.engine.trainer |   epoch 59 step 60/140 loss=0.4402
09:06:44 | INFO    | holoqpi.engine.trainer |   epoch 59 step 80/140 loss=0.3575
09:06:48 | INFO    | holoqpi.engine.trainer |   epoch 59 step 100/140 loss=0.4151
09:06:52 | INFO    | holoqpi.engine.trainer |   epoch 59 step 120/140 loss=0.4744
09:07:52 | INFO    | holoqpi.engine.trainer | epoch 59/60 (85s = 29s train + 56s val) | train_loss=0.4954  val_phase_mae=0.1685  val_dice=0.8252  val_cls_acc=nan  val_mass_mape=0.1944
09:07:53 | INFO    | holoqpi.engine.trainer |   epoch 60 step 0/140 loss=0.4062
09:07:59 | INFO    | holoqpi.engine.trainer |   epoch 60 step 20/140 loss=0.5051
09:08:04 | INFO    | holoqpi.engine.trainer |   epoch 60 step 40/140 loss=0.3928
09:08:08 | INFO    | holoqpi.engine.trainer |   epoch 60 step 60/140 loss=0.3895
09:08:12 | INFO    | holoqpi.engine.trainer |   epoch 60 step 80/140 loss=0.4138
09:08:16 | INFO    | holoqpi.engine.trainer |   epoch 60 step 100/140 loss=0.5039
09:08:20 | INFO    | holoqpi.engine.trainer |   epoch 60 step 120/140 loss=0.6015
09:09:20 | INFO    | holoqpi.engine.trainer | epoch 60/60 (88s = 32s train + 56s val) | train_loss=0.5012  val_phase_mae=0.1737  val_dice=0.8252  val_cls_acc=nan  val_mass_mape=0.1996
09:09:20 | INFO    | holoqpi.engine.trainer | training finished; best epoch 44 (composite=0.8076)
