07:03:49 | INFO    | holoqpi.data.dataset | test split: 113 samples | modality=off_axis | crop=None | augment=False

  modality off_axis   z 33.8 um   border 79 px   criterion l2
  aberration mode global   crop None   augmentation off
    batch 0   images 1   unity 0.978727   reference 0.961346   phase x0.9 0.979399
    batch 1   images 1   unity 0.592155   reference 0.569646   phase x0.9 0.599689
    batch 2   images 1   unity 0.733559   reference 0.672986   phase x0.9 0.735196
    batch 3   images 1   unity 0.970136   reference 0.956486   phase x0.9 0.969402
    batch 4   images 1   unity 0.979025   reference 0.954780   phase x0.9 0.979439
    batch 5   images 1   unity 0.678846   reference 0.625667   phase x0.9 0.679845
    batch 6   images 1   unity 0.692516   reference 0.638091   phase x0.9 0.693095
    batch 7   images 1   unity 0.978342   reference 0.968712   phase x0.9 0.978381
    batch 8   images 1   unity 0.940706   reference 0.933229   phase x0.9 0.940143
    batch 9   images 1   unity 0.955178   reference 0.940256   phase x0.9 0.955664
    batch 10  images 1   unity 0.979182   reference 0.969743   phase x0.9 0.978870
    batch 11  images 1   unity 0.982804   reference 0.974382   phase x0.9 0.982973
    batch 12  images 1   unity 0.693935   reference 0.645261   phase x0.9 0.695191
    batch 13  images 1   unity 0.935696   reference 0.913182   phase x0.9 0.935918
    batch 14  images 1   unity 0.973965   reference 0.963162   phase x0.9 0.973162
    batch 15  images 1   unity 0.976120   reference 0.966629   phase x0.9 0.975706
    batch 16  images 1   unity 0.986487   reference 0.977842   phase x0.9 0.986921
    batch 17  images 1   unity 0.977493   reference 0.962069   phase x0.9 0.977656
    batch 18  images 1   unity 0.979363   reference 0.959167   phase x0.9 0.978609
    batch 19  images 1   unity 0.839382   reference 0.800014   phase x0.9 0.840183
    batch 20  images 1   unity 0.971807   reference 0.943630   phase x0.9 0.970711
    batch 21  images 1   unity 0.969252   reference 0.944385   phase x0.9 0.967545
    batch 22  images 1   unity 0.985256   reference 0.967119   phase x0.9 0.985965
    batch 23  images 1   unity 0.981822   reference 0.959421   phase x0.9 0.981121
    batch 24  images 1   unity 0.968420   reference 0.950142   phase x0.9 0.967365
    batch 25  images 1   unity 0.635699   reference 0.576574   phase x0.9 0.637371
    batch 26  images 1   unity 0.973920   reference 0.949073   phase x0.9 0.973619
    batch 27  images 1   unity 0.968192   reference 0.938622   phase x0.9 0.967619
    batch 28  images 1   unity 0.983846   reference 0.985574   phase x0.9 0.984245
    batch 29  images 1   unity 0.967997   reference 0.961988   phase x0.9 0.967363
    batch 30  images 1   unity 0.981816   reference 0.972561   phase x0.9 0.981805
    batch 31  images 1   unity 0.598831   reference 0.565025   phase x0.9 0.601752
    batch 32  images 1   unity 0.985411   reference 0.982084   phase x0.9 0.984636
    batch 33  images 1   unity 0.733160   reference 0.696101   phase x0.9 0.734118
    batch 34  images 1   unity 0.968254   reference 0.971602   phase x0.9 0.969824
    batch 35  images 1   unity 0.982598   reference 0.953638   phase x0.9 0.982584
    batch 36  images 1   unity 0.961184   reference 0.942596   phase x0.9 0.961589
    batch 37  images 1   unity 0.982986   reference 0.957967   phase x0.9 0.982464
    batch 38  images 1   unity 0.633700   reference 0.589597   phase x0.9 0.634185
    batch 39  images 1   unity 0.976348   reference 0.949672   phase x0.9 0.975942
    batch 40  images 1   unity 0.983382   reference 0.956334   phase x0.9 0.983265
    batch 41  images 1   unity 0.990549   reference 0.971414   phase x0.9 0.990138
    batch 42  images 1   unity 0.640997   reference 0.584980   phase x0.9 0.640783
    batch 43  images 1   unity 0.985458   reference 0.964015   phase x0.9 0.985070
    batch 44  images 1   unity 0.578480   reference 0.524406   phase x0.9 0.578980
    batch 45  images 1   unity 0.968733   reference 0.941537   phase x0.9 0.968449
    batch 46  images 1   unity 0.766560   reference 0.708150   phase x0.9 0.766905
    batch 47  images 1   unity 0.976784   reference 0.953651   phase x0.9 0.977063
    batch 48  images 1   unity 0.984896   reference 0.973604   phase x0.9 0.985459
    batch 49  images 1   unity 0.972074   reference 0.962506   phase x0.9 0.972077
    batch 50  images 1   unity 0.981526   reference 0.967913   phase x0.9 0.981075
    batch 51  images 1   unity 0.978052   reference 0.966372   phase x0.9 0.977825
    batch 52  images 1   unity 0.826022   reference 0.788420   phase x0.9 0.826351
    batch 53  images 1   unity 0.496654   reference 0.472689   phase x0.9 0.497554
    batch 54  images 1   unity 0.622546   reference 0.584801   phase x0.9 0.624155
    batch 55  images 1   unity 0.972900   reference 0.960861   phase x0.9 0.972630
    batch 56  images 1   unity 0.971256   reference 0.957473   phase x0.9 0.971487
    batch 57  images 1   unity 0.705797   reference 0.668416   phase x0.9 0.707187
    batch 58  images 1   unity 0.670403   reference 0.626852   phase x0.9 0.671567
    batch 59  images 1   unity 0.974587   reference 0.959880   phase x0.9 0.973603
    batch 60  images 1   unity 0.771088   reference 0.729194   phase x0.9 0.771761
    batch 61  images 1   unity 0.988614   reference 0.981409   phase x0.9 0.987976
    batch 62  images 1   unity 0.651996   reference 0.616839   phase x0.9 0.653232
    batch 63  images 1   unity 0.989450   reference 0.988412   phase x0.9 0.988720
    batch 64  images 1   unity 0.974015   reference 0.932767   phase x0.9 0.974262
    batch 65  images 1   unity 0.972981   reference 0.944387   phase x0.9 0.972671
    batch 66  images 1   unity 0.702132   reference 0.646850   phase x0.9 0.702729
    batch 67  images 1   unity 0.990766   reference 0.966193   phase x0.9 0.990412
    batch 68  images 1   unity 0.986531   reference 0.964861   phase x0.9 0.986613
    batch 69  images 1   unity 0.728085   reference 0.674877   phase x0.9 0.728809
    batch 70  images 1   unity 0.718364   reference 0.661925   phase x0.9 0.718923
    batch 71  images 1   unity 0.984436   reference 0.968450   phase x0.9 0.984237
    batch 72  images 1   unity 0.978173   reference 0.959663   phase x0.9 0.977976
    batch 73  images 1   unity 0.967926   reference 0.941745   phase x0.9 0.967679
    batch 74  images 1   unity 0.671788   reference 0.626350   phase x0.9 0.672078
    batch 75  images 1   unity 0.980521   reference 0.968444   phase x0.9 0.980277
    batch 76  images 1   unity 0.675740   reference 0.624075   phase x0.9 0.675811
    batch 77  images 1   unity 0.976825   reference 0.954951   phase x0.9 0.976658
    batch 78  images 1   unity 0.978565   reference 0.924862   phase x0.9 0.978041
    batch 79  images 1   unity 0.979353   reference 0.923546   phase x0.9 0.979371
    batch 80  images 1   unity 0.993958   reference 0.923922   phase x0.9 0.993890
    batch 81  images 1   unity 0.980285   reference 0.940543   phase x0.9 0.980852
    batch 82  images 1   unity 0.959986   reference 0.907989   phase x0.9 0.959813
    batch 83  images 1   unity 0.978958   reference 0.937325   phase x0.9 0.978629
    batch 84  images 1   unity 0.979372   reference 0.935504   phase x0.9 0.978925
    batch 85  images 1   unity 0.971053   reference 0.924501   phase x0.9 0.970213
    batch 86  images 1   unity 0.970093   reference 0.912463   phase x0.9 0.969972
    batch 87  images 1   unity 0.983332   reference 0.915384   phase x0.9 0.983099
    batch 88  images 1   unity 0.982798   reference 0.926056   phase x0.9 0.982604
    batch 89  images 1   unity 0.973763   reference 0.913487   phase x0.9 0.973078
    batch 90  images 1   unity 0.975512   reference 0.946752   phase x0.9 0.974462
    batch 91  images 1   unity 0.976366   reference 0.954024   phase x0.9 0.976169
    batch 92  images 1   unity 0.982009   reference 0.956271   phase x0.9 0.982434
    batch 93  images 1   unity 0.983921   reference 0.953645   phase x0.9 0.984190
    batch 94  images 1   unity 0.987601   reference 0.954344   phase x0.9 0.987732
    batch 95  images 1   unity 0.949201   reference 0.911158   phase x0.9 0.949393
    batch 96  images 1   unity 0.986250   reference 0.949042   phase x0.9 0.986500
    batch 97  images 1   unity 0.964549   reference 0.932799   phase x0.9 0.964154
    batch 98  images 1   unity 0.963711   reference 0.926985   phase x0.9 0.962957
    batch 99  images 1   unity 0.757812   reference 0.272040   phase x0.9 0.759999
    batch 100 images 1   unity 0.968694   reference 0.937615   phase x0.9 0.969461
    batch 101 images 1   unity 0.984715   reference 0.962665   phase x0.9 0.984938
    batch 102 images 1   unity 0.589594   reference 0.540200   phase x0.9 0.590246
    batch 103 images 1   unity 0.981989   reference 0.948669   phase x0.9 0.981927
    batch 104 images 1   unity 0.974260   reference 0.932922   phase x0.9 0.974668
    batch 105 images 1   unity 0.756158   reference 0.719191   phase x0.9 0.757099
    batch 106 images 1   unity 0.676087   reference 0.630557   phase x0.9 0.677811
    batch 107 images 1   unity 0.634947   reference 0.593809   phase x0.9 0.637916
    batch 108 images 1   unity 0.755488   reference 0.715473   phase x0.9 0.758194
    batch 109 images 1   unity 0.783319   reference 0.746653   phase x0.9 0.785880
    batch 110 images 1   unity 0.640358   reference 0.597742   phase x0.9 0.642246
    batch 111 images 1   unity 0.954589   reference 0.944772   phase x0.9 0.954526
    batch 112 images 1   unity 0.975562   reference 0.965268   phase x0.9 0.974854

=== residual over 113 images ===
  variant                 residual   change vs unity
  amp_unity               0.891375                  
  amp_blend_0.25          0.876186         -0.015189
  amp_blend_0.50          0.866071         -0.025304
  amp_reference           0.856937         -0.034438
  amp_over_1.5            0.853183         -0.038192
  amp_inverted            0.901529         +0.010154
  phase_reference         0.891375         +0.000000
  phase_scaled_0.9        0.891646         +0.000270
  phase_scaled_0.5        0.898337         +0.006962

  READ THE DIFFERENCES, NOT THE LEVELS. The train loader shuffles and drops
  the short final batch, so which fields are seen changes between runs and
  the absolute residual moves with them -- measured here, 0.44 to 0.51 on
  the same configuration. Every difference in the right-hand column is
  computed within a run on identical pixels and is reproducible to the third
  decimal. Use --split test for a fixed set.

  amplitude response  unity -> reference        0.034438
  phase response      reference -> x0.9         +0.000270   (must be POSITIVE)
  phase response      reference -> x0.5         +0.006962   (must be POSITIVE)
  ratio, amplitude / |mild phase|               127.3966
  per-batch detail -> runs/amplitude_sensitivity_off_axis_global.csv

  -> the amplitude matters, and the classical reference explains the
     hologram BETTER than unity does (0.034438 lower, 127.40x the
     phase response). The unit-amplitude assumption was costing the term
     accuracy. Run experiment D0 with loss.weights.amplitude > 0. Say that
     the reference is a reconstruction, not a measurement.
