06:55:23 | INFO    | holoqpi.data.dataset | train split: 560 samples | modality=off_axis | crop=512 | augment=True
06:55:25 | INFO    | holoqpi.models.encoders | loading pretrained mobilenet_v2 from weights/mobilenet_v2-b0353104.pth
06:55:25 | INFO    | holoqpi.models.encoders | loading pretrained mobilenet_v2 from weights/mobilenet_v2-b0353104.pth
06:55:25 | INFO    | holoqpi.models.encoders | encoder=mobilenet_v2 in_channels=1 pretrained=True weights=local (weights) stages=[16, 24, 32, 96, 1280]
06:55:25 | INFO    | holoqpi.models.holonet | HoloQPINet built: 9.60M parameters, 9.60M trainable (100.0%)

  probing 37 segmentation parameters (segmentation_decoder.blocks.0.up.weight ... segmentation_head.project.bias)
    batch 0   cells 14   |g_meas|  1.4573e+02   |g_seg|  2.7326e+02   ratio 5.333e-01   cos -0.026
    batch 1   cells 22   |g_meas|  8.7311e+01   |g_seg|  2.8015e+02   ratio 3.117e-01   cos -0.047
    batch 2   cells 19   |g_meas|  1.1547e+02   |g_seg|  2.5593e+02   ratio 4.512e-01   cos +0.007
    batch 3   cells 12   |g_meas|  8.3474e+01   |g_seg|  2.5660e+02   ratio 3.253e-01   cos -0.188
    batch 4   cells 10   |g_meas|  1.3154e+02   |g_seg|  2.0075e+02   ratio 6.552e-01   cos -0.169
    batch 5   cells 14   |g_meas|  8.4846e+01   |g_seg|  2.7312e+02   ratio 3.107e-01   cos -0.301
    batch 6   cells 15   |g_meas|  9.5153e+01   |g_seg|  2.6255e+02   ratio 3.624e-01   cos -0.305
    batch 7   cells 21   |g_meas|  7.8789e+01   |g_seg|  2.9249e+02   ratio 2.694e-01   cos +0.238
    batch 8   cells 13   |g_meas|  1.2012e+02   |g_seg|  2.6042e+02   ratio 4.613e-01   cos -0.085
    batch 9   cells 17   |g_meas|  9.3892e+01   |g_seg|  2.3999e+02   ratio 3.912e-01   cos -0.086
    batch 10  cells 10   |g_meas|  8.8929e+01   |g_seg|  2.5761e+02   ratio 3.452e-01   cos -0.237
    batch 11  cells 9    |g_meas|  9.3245e+01   |g_seg|  2.2601e+02   ratio 4.126e-01   cos -0.221
    batch 12  cells 18   |g_meas|  1.0042e+02   |g_seg|  2.1760e+02   ratio 4.615e-01   cos -0.298
    batch 13  cells 17   |g_meas|  8.8765e+01   |g_seg|  2.4864e+02   ratio 3.570e-01   cos -0.205
    batch 14  cells 11   |g_meas|  9.2403e+01   |g_seg|  2.4697e+02   ratio 3.741e-01   cos -0.381
    batch 15  cells 17   |g_meas|  1.6440e+02   |g_seg|  2.7548e+02   ratio 5.968e-01   cos -0.143
    batch 16  cells 15   |g_meas|  6.5944e+01   |g_seg|  2.7132e+02   ratio 2.431e-01   cos -0.264
    batch 17  cells 18   |g_meas|  9.0347e+01   |g_seg|  2.4237e+02   ratio 3.728e-01   cos +0.037
    batch 18  cells 14   |g_meas|  1.1257e+02   |g_seg|  2.4863e+02   ratio 4.528e-01   cos -0.232
    batch 19  cells 18   |g_meas|  9.2093e+01   |g_seg|  2.7749e+02   ratio 3.319e-01   cos -0.387
    batch 20  cells 15   |g_meas|  8.4044e+01   |g_seg|  2.5779e+02   ratio 3.260e-01   cos -0.144
    batch 21  cells 11   |g_meas|  1.5130e+02   |g_seg|  2.8237e+02   ratio 5.358e-01   cos +0.029
    batch 22  cells 16   |g_meas|  1.4965e+02   |g_seg|  2.4949e+02   ratio 5.998e-01   cos -0.055
    batch 23  cells 15   |g_meas|  9.6865e+01   |g_seg|  2.8585e+02   ratio 3.389e-01   cos -0.174
    batch 24  cells 25   |g_meas|  1.1086e+02   |g_seg|  2.6502e+02   ratio 4.183e-01   cos -0.036
    batch 25  cells 17   |g_meas|  9.7624e+01   |g_seg|  2.5298e+02   ratio 3.859e-01   cos -0.029
    batch 26  cells 10   |g_meas|  8.1974e+01   |g_seg|  2.4936e+02   ratio 3.287e-01   cos -0.171
    batch 27  cells 12   |g_meas|  6.8175e+01   |g_seg|  2.6828e+02   ratio 2.541e-01   cos -0.324
    batch 28  cells 21   |g_meas|  1.0326e+02   |g_seg|  2.3392e+02   ratio 4.414e-01   cos -0.093
    batch 29  cells 14   |g_meas|  7.6155e+01   |g_seg|  2.5577e+02   ratio 2.977e-01   cos -0.186

=== over 30 batches ===
  magnitude ratio at weight 1.0   median 3.7345e-01   min 2.4305e-01   max 6.5524e-01
  cosine with the seg gradient    median -0.1697   min -0.3867   max +0.2375
  gradient into the phase decoder median 6.9821e+02   (sanity: must be non-zero)
  parameters never in the graph    0/37
  per-batch detail -> runs/gradient_path_b_cell_ipp_512.csv

=== the weight arithmetic ===
  the objective adds w * term, so the gradient the optimiser sees is
  w times the ratio above. THIS is the number to choose a weight from.

      weight w    effective ratio       seg : term
         0.100             0.0373        26.78 : 1
         0.300             0.1120         8.93 : 1
         1.000             0.3735         2.68 : 1
         3.000             1.1204         1 : 1.12

  parity (effective ratio 1.0) is at w = 2.678

  -> CONNECTED, comparable in scale (ratio 0.373, within an order of
     magnitude of the segmentation loss) and not collinear with it. The term
     can shape the boundary and is adding information. Choose the weight from
     the table above to set the intended balance.
