17:08:14 | INFO    | holoqpi.data.dataset | val split: 127 samples | modality=off_axis | crop=None | augment=False
field 900 px -> physically usable |z| <= 71.6 um; scanning [-71.6, +71.6] um in 101 steps
17:08:18 | INFO    | holoqpi.data.dataset | val split: 127 samples | modality=gabor | crop=None | augment=False

=== off_axis  (4 images) ===
  forward  (synthesise hologram from reference phase)  z =   +31.513 um   r = 0.1632   prominence 2.8
  inverse  (back-propagate hologram to reference phase) z =   -22.918 um   r = 0.0410   prominence 2.0
  grid step 1.432 um   estimators agree: False
  forward-model sensitivity to phase   at best z 0.5504 /rad   at z=0 0.5041 /rad

  -> the two estimators DISAGREE, so neither should be trusted yet.
     Widen or refine the grid, and check that the alignment between
     hologram and phase (data.align) is correct before reading further.

=== gabor  (4 images) ===
  forward  (synthesise hologram from reference phase)  z =   +34.377 um   r = 0.3543   prominence 2.3
  inverse  (back-propagate hologram to reference phase) z =   +54.431 um   r = 0.1369   prominence 2.0
  grid step 1.432 um   estimators agree: False
  forward-model sensitivity to phase   at best z 0.4649 /rad   at z=0 0.0000 /rad

  -> the two estimators DISAGREE, so neither should be trusted yet.
     Widen or refine the grid, and check that the alignment between
     hologram and phase (data.align) is correct before reading further.

curves and estimates -> runs/z_calibration.json

No modality produced an identifiable z. The forward-model loss cannot
be trained meaningfully until this is resolved; leave
loss.weights.forward_model at 0.0 and ask for the acquisition distance.
