HoloQPI v2 study, started Wed Sep 16 19:17:37 KST 2026
log directory logs/v2_20260916_191737
GPU 3   arms: D1 D2 G W01 W03 W30 KA KB   extra seeds: none

########## stage 6: training arms

=== train_D1  19:17:37
    python main.py train --config config/v2/d_forward_amplitude.yaml
    OK   -> logs/v2_20260916_191737/train_D1.log

=== evaluate_D1  20:54:07
    python main.py evaluate --config config/v2/d_forward_amplitude.yaml
    OK   -> logs/v2_20260916_191737/evaluate_D1.log

=== evaluate_D1_membrane  20:55:09
    python main.py evaluate --config config/v2/d_forward_amplitude.yaml --tag membrane --set paths.manual_mask_dir=membrane_mask
    OK   -> logs/v2_20260916_191737/evaluate_D1_membrane.log

=== train_D2  20:56:13
    python main.py train --config config/v2/d2_learned_z.yaml
    OK   -> logs/v2_20260916_191737/train_D2.log

=== evaluate_D2  22:27:54
    python main.py evaluate --config config/v2/d2_learned_z.yaml
    OK   -> logs/v2_20260916_191737/evaluate_D2.log

=== evaluate_D2_membrane  22:29:00
    python main.py evaluate --config config/v2/d2_learned_z.yaml --tag membrane --set paths.manual_mask_dir=membrane_mask
    OK   -> logs/v2_20260916_191737/evaluate_D2_membrane.log

=== train_G  22:30:05
    python main.py train --config config/v2/g_baseline_gabor.yaml
    OK   -> logs/v2_20260916_191737/train_G.log

=== evaluate_G  23:57:24
    python main.py evaluate --config config/v2/g_baseline_gabor.yaml
    OK   -> logs/v2_20260916_191737/evaluate_G.log

=== evaluate_G_membrane  23:58:27
    python main.py evaluate --config config/v2/g_baseline_gabor.yaml --tag membrane --set paths.manual_mask_dir=membrane_mask
    OK   -> logs/v2_20260916_191737/evaluate_G_membrane.log

=== train_W01  23:59:32
    python main.py train --config config/v2/w_ipp_01.yaml
    OK   -> logs/v2_20260916_191737/train_W01.log

=== evaluate_W01  01:30:29
    python main.py evaluate --config config/v2/w_ipp_01.yaml
    OK   -> logs/v2_20260916_191737/evaluate_W01.log

=== evaluate_W01_membrane  01:31:35
    python main.py evaluate --config config/v2/w_ipp_01.yaml --tag membrane --set paths.manual_mask_dir=membrane_mask
    OK   -> logs/v2_20260916_191737/evaluate_W01_membrane.log

=== train_W03  01:32:37
    python main.py train --config config/v2/w_ipp_03.yaml
    OK   -> logs/v2_20260916_191737/train_W03.log

=== evaluate_W03  03:03:08
    python main.py evaluate --config config/v2/w_ipp_03.yaml
    OK   -> logs/v2_20260916_191737/evaluate_W03.log

=== evaluate_W03_membrane  03:04:13
    python main.py evaluate --config config/v2/w_ipp_03.yaml --tag membrane --set paths.manual_mask_dir=membrane_mask
    OK   -> logs/v2_20260916_191737/evaluate_W03_membrane.log

=== train_W30  03:05:21
    python main.py train --config config/v2/w_ipp_30.yaml
    OK   -> logs/v2_20260916_191737/train_W30.log

=== evaluate_W30  04:40:30
    python main.py evaluate --config config/v2/w_ipp_30.yaml
    OK   -> logs/v2_20260916_191737/evaluate_W30.log

=== evaluate_W30_membrane  04:41:33
    python main.py evaluate --config config/v2/w_ipp_30.yaml --tag membrane --set paths.manual_mask_dir=membrane_mask
    OK   -> logs/v2_20260916_191737/evaluate_W30_membrane.log

=== train_KA  04:42:36
    python main.py train --config config/v2/k_compact_a.yaml
    OK   -> logs/v2_20260916_191737/train_KA.log

=== evaluate_KA  06:11:37
    python main.py evaluate --config config/v2/k_compact_a.yaml
    OK   -> logs/v2_20260916_191737/evaluate_KA.log

=== evaluate_KA_membrane  06:12:42
    python main.py evaluate --config config/v2/k_compact_a.yaml --tag membrane --set paths.manual_mask_dir=membrane_mask
    OK   -> logs/v2_20260916_191737/evaluate_KA_membrane.log

=== train_KB  06:13:44
    python main.py train --config config/v2/k_compact_b.yaml
    OK   -> logs/v2_20260916_191737/train_KB.log

=== evaluate_KB  07:44:23
    python main.py evaluate --config config/v2/k_compact_b.yaml
    OK   -> logs/v2_20260916_191737/evaluate_KB.log

=== evaluate_KB_membrane  07:45:22
    python main.py evaluate --config config/v2/k_compact_b.yaml --tag membrane --set paths.manual_mask_dir=membrane_mask
    OK   -> logs/v2_20260916_191737/evaluate_KB_membrane.log

=== compare_modalities  07:46:24
    python main.py compare --config config/v2/a_baseline.yaml --modalities off_axis gabor
    OK   -> logs/v2_20260916_191737/compare_modalities.log

########## done Thu Sep 17 07:48:11 KST 2026
summary  logs/v2_20260916_191737/SUMMARY.txt
logs     logs/v2_20260916_191737/

WHAT TO READ FIRST, in this order:
  1. logs/v2_20260916_191737/error_propagation.log     the label-free headline result
  2. logs/v2_20260916_191737/synthetic_validation.log  the floor under every other number
  3. logs/v2_20260916_191737/gradient_path.log         whether the loss weight was heard
  4. logs/v2_20260916_191737/amplitude_sensitivity_global.log   whether the forward model is usable
  5. runs/RESULTS.md                     every table, assembled

steps that failed: 0
HoloQPI v2 study, started Thu Sep 17 07:48:11 KST 2026
log directory logs/v2_20260917_074811
GPU 3   arms: B1   extra seeds: 1337 2024

########## stage 6: training arms

=== evaluate_B1  07:48:12
    python main.py evaluate --config config/v2/b1_image_volume.yaml
    OK   -> logs/v2_20260917_074811/evaluate_B1.log

=== evaluate_B1_membrane  07:49:13
    python main.py evaluate --config config/v2/b1_image_volume.yaml --tag membrane --set paths.manual_mask_dir=membrane_mask
    OK   -> logs/v2_20260917_074811/evaluate_B1_membrane.log

=== train_B1_seed1337  07:50:15
    python main.py train --config config/v2/b1_image_volume.yaml --set project.seed=1337 experiment_name=v2_B1_seed1337
    OK   -> logs/v2_20260917_074811/train_B1_seed1337.log

=== evaluate_B1_seed1337  09:20:18
    python main.py evaluate --config config/v2/b1_image_volume.yaml --set project.seed=1337 experiment_name=v2_B1_seed1337
    OK   -> logs/v2_20260917_074811/evaluate_B1_seed1337.log

=== train_B1_seed2024  09:21:19
    python main.py train --config config/v2/b1_image_volume.yaml --set project.seed=2024 experiment_name=v2_B1_seed2024
    OK   -> logs/v2_20260917_074811/train_B1_seed2024.log

=== evaluate_B1_seed2024  10:51:57
    python main.py evaluate --config config/v2/b1_image_volume.yaml --set project.seed=2024 experiment_name=v2_B1_seed2024
    OK   -> logs/v2_20260917_074811/evaluate_B1_seed2024.log

=== aggregate_seeds  10:52:56
    python scripts/aggregate_seeds.py --config config/base.yaml
    OK   -> logs/v2_20260917_074811/aggregate_seeds.log

=== compare_modalities  10:52:58
    python main.py compare --config config/v2/a_baseline.yaml --modalities off_axis gabor
    OK   -> logs/v2_20260917_074811/compare_modalities.log

########## done Thu Sep 17 10:54:42 KST 2026
summary  logs/v2_20260917_074811/SUMMARY.txt
logs     logs/v2_20260917_074811/

WHAT TO READ FIRST, in this order:
  1. logs/v2_20260917_074811/error_propagation.log     the label-free headline result
  2. logs/v2_20260917_074811/synthetic_validation.log  the floor under every other number
  3. logs/v2_20260917_074811/gradient_path.log         whether the loss weight was heard
  4. logs/v2_20260917_074811/amplitude_sensitivity_global.log   whether the forward model is usable
  5. runs/RESULTS.md                     every table, assembled

steps that failed: 0
