HoloQPI v2 study, started Wed Sep 16 18:12:45 KST 2026
log directory logs/v2_20260916_181245
GPU 2   arms: A B B1 B2 C D0 D1 D2 G W01 W03 W10 W30 KA KB   extra seeds: none

########## stage 1: prepare data

=== prepare  18:12:45
    python main.py prepare --config config/base.yaml
    OK   -> logs/v2_20260916_181245/prepare.log

=== audit_labels  18:12:46
    python scripts/audit_labels.py --config config/base.yaml
    OK   -> logs/v2_20260916_181245/audit_labels.log

=== membrane_registration  18:13:36
    python scripts/prepare_membrane.py --config config/base.yaml --estimate
    OK   -> logs/v2_20260916_181245/membrane_registration.log
      offset_y  median 314  sd 4.1  range 298..332
      offset_x  median 282  sd 6.2  range 266..308
      correlation  median 0.479  min 0.119
      config currently says offset_y=314, offset_x=280
      -> the offset VARIES between fields, so the two cameras were not in a
      per-field detail -> runs/membrane_registration.csv

=== membrane_prepare  18:56:45
    python scripts/prepare_membrane.py --config config/base.yaml --write-masks
    OK   -> logs/v2_20260916_181245/membrane_prepare.log
      illuminated fraction  median 0.907   min 0.869
      arrays -> data/membrane_aligned/<stem>_membrane.npy  (+ valid mask)
      PROVISIONAL masks -> data/membrane_mask
      foreground            median 0.254   min 0.247   max 0.363
      marginal phase        median +0.024 rad   (fraction negative 0.46)
      -> the added pixels carry positive optical path (+0.024 rad), so the
      per-field detail -> runs/membrane_prepare.csv

########## done Wed Sep 16 19:00:56 KST 2026
summary  logs/v2_20260916_181245/SUMMARY.txt
logs     logs/v2_20260916_181245/

WHAT TO READ FIRST, in this order:
  1. logs/v2_20260916_181245/error_propagation.log     the label-free headline result
  2. logs/v2_20260916_181245/synthetic_validation.log  the floor under every other number
  3. logs/v2_20260916_181245/gradient_path.log         whether the loss weight was heard
  4. logs/v2_20260916_181245/amplitude_sensitivity_global.log   whether the forward model is usable
  5. runs/RESULTS.md                     every table, assembled

steps that failed: 0
