17:17:14 | INFO    | holoqpi.engine.compare | ======================================================================
17:17:14 | INFO    | holoqpi.engine.compare | modality=off_axis  device=cuda  run_dir=runs/classification_only_off_axis
17:17:14 | INFO    | holoqpi.engine.compare | ======================================================================
17:17:14 | INFO    | holoqpi.data.dataset | train split: 560 samples | modality=off_axis | crop=512 | augment=True
17:17:14 | INFO    | holoqpi.data.dataset | val split: 127 samples | modality=off_axis | crop=None | augment=False
17:17:14 | INFO    | holoqpi.data.dataset | test split: 113 samples | modality=off_axis | crop=None | augment=False
17:17:15 | INFO    | holoqpi.models.encoders | encoder=mobilenet_v2 in_channels=1 pretrained=True stages=[16, 24, 32, 96, 1280]
17:17:15 | INFO    | holoqpi.models.holonet | HoloQPINet built: 9.76M parameters, 9.76M trainable (100.0%)
17:17:16 | INFO    | holoqpi.engine.trainer | checkpoint best_model.pt: 446/446 tensors matched
17:18:22 | INFO    | holoqpi.engine.compare | modality=off_axis test metrics written to runs/classification_only_off_axis
17:18:22 | INFO    | holoqpi.engine.compare | ======================================================================
17:18:22 | INFO    | holoqpi.engine.compare | modality=gabor  device=cuda  run_dir=runs/classification_only_gabor
17:18:22 | INFO    | holoqpi.engine.compare | ======================================================================
17:18:22 | INFO    | holoqpi.data.dataset | train split: 560 samples | modality=gabor | crop=512 | augment=True
17:18:22 | INFO    | holoqpi.data.dataset | val split: 127 samples | modality=gabor | crop=None | augment=False
17:18:22 | INFO    | holoqpi.data.dataset | test split: 113 samples | modality=gabor | crop=None | augment=False
17:18:22 | INFO    | holoqpi.models.encoders | encoder=mobilenet_v2 in_channels=1 pretrained=True stages=[16, 24, 32, 96, 1280]
17:18:22 | INFO    | holoqpi.models.holonet | HoloQPINet built: 9.76M parameters, 9.76M trainable (100.0%)
17:18:22 | INFO    | holoqpi.engine.trainer | checkpoint best_model.pt: 446/446 tensors matched
17:19:15 | INFO    | holoqpi.engine.compare | modality=gabor test metrics written to runs/classification_only_gabor
17:19:16 | INFO    | holoqpi.engine.compare | comparison table written to runs/classification_only_modality_comparison.csv
