17:26:09 | INFO    | holoqpi.models.encoders | encoder=mobilenet_v2 in_channels=1 pretrained=True stages=[16, 24, 32, 96, 1280]
17:26:09 | INFO    | holoqpi.models.holonet | HoloQPINet built: 9.76M parameters, 9.76M trainable (100.0%)
17:26:11 | INFO    | holoqpi.engine.trainer | checkpoint best_model.pt: 446/446 tensors matched
17:26:11 | INFO    | holoqpi.data.dataset | test split: 113 samples | modality=off_axis | crop=None | augment=False
17:26:19 | INFO    | holoqpi.models.encoders | encoder=mobilenet_v2 in_channels=1 pretrained=True stages=[16, 24, 32, 96, 1280]
17:26:19 | INFO    | holoqpi.models.holonet | HoloQPINet built: 9.76M parameters, 9.76M trainable (100.0%)
17:26:19 | INFO    | holoqpi.engine.trainer | checkpoint best_model.pt: 446/446 tensors matched
17:26:19 | INFO    | holoqpi.data.dataset | test split: 113 samples | modality=gabor | crop=None | augment=False

=== off_axis  (113 images) ===
  mass ratio  pred/ref        +0.8081   (-19.2% mass error)
    from the DOMAIN (boundary) +0.8896   (-11.0%)
    from the PHASE  (recon)    +0.9083   (-9.2%)
    domain x phase             +0.8081   (equals the mass ratio by construction)
  median mass ratio            +0.8179   (outlier-resistant cross-check)
  predicted / reference area   +0.8841   (-11.6% area error)
  phase bias inside cells      -0.2115 rad
  phase bias in background     +0.0349 rad

  -> both contribute comparably; neither head alone explains the error.
  per-image detail -> runs/base_off_axis/bias_diagnosis_test.csv

=== gabor  (110 images) ===
  3 images excluded: non-positive phase integral
  mass ratio  pred/ref        +0.8667   (-13.3% mass error)
    from the DOMAIN (boundary) +0.7689   (-23.1%)
    from the PHASE  (recon)    +1.1273   (+12.7%)
    domain x phase             +0.8667   (equals the mass ratio by construction)
  median mass ratio            +0.8738   (outlier-resistant cross-check)
  predicted / reference area   +0.8863   (-11.4% area error)
  phase bias inside cells      -0.1794 rad
  phase bias in background     +0.0161 rad

  -> both contribute comparably; neither head alone explains the error.
  per-image detail -> runs/base_gabor/bias_diagnosis_test.csv
