22:18:33 | INFO    | __main__ | thresholds: 100/800
22:18:39 | INFO    | __main__ | thresholds: 200/800
22:18:44 | INFO    | __main__ | thresholds: 300/800
22:18:50 | INFO    | __main__ | thresholds: 400/800
22:18:56 | INFO    | __main__ | thresholds: 500/800
22:19:01 | INFO    | __main__ | thresholds: 600/800
22:19:07 | INFO    | __main__ | thresholds: 700/800
22:19:12 | INFO    | __main__ | thresholds: 800/800
22:19:14 | WARNING | __main__ | no checkpoint at runs/base_off_axis/best_model.pt; skipping off_axis
22:19:14 | WARNING | __main__ | no checkpoint at runs/base_gabor/best_model.pt; skipping gabor

=== 1. Otsu threshold stability ===
  800 images
  level  0.4058 +/- 0.1506 rad [0.0638, 1.0657]  CV = 37.1%
  between-condition SD 0.0455 rad   within-condition SD 0.1457 rad
    blebbistatin           n=150  0.3633 +/- 0.1450 rad
    control                n=200  0.3747 +/- 0.1433 rad
    fccp                   n=150  0.4222 +/- 0.0953 rad
    rotenone               n=150  0.4781 +/- 0.1897 rad
    staurosporine          n=150  0.4010 +/- 0.1395 rad
  one-way ANOVA across conditions  F=15.265  p=4.936e-12
  Kruskal-Wallis                   H=56.095  p=1.915e-11

  -> the threshold DOES separate by condition. The label definition is
     partly confounded with the class label; report this, and consider
     mask_generation.threshold_method: fixed with fixed_threshold_rad
     set near 0.406 as a sensitivity check.

  per-image detail -> runs/label_audit_thresholds.csv

=== 2. Segmentation / phase head redundancy ===
  no checkpoints found; skipped.
