04:08:28 | INFO    | holoqpi.engine.compare | ======================================================================
04:08:28 | INFO    | holoqpi.engine.compare | modality=off_axis  device=cuda  run_dir=runs/no_measurement_off_axis
04:08:28 | INFO    | holoqpi.engine.compare | ======================================================================
04:08:28 | INFO    | holoqpi.data.dataset | train split: 560 samples | modality=off_axis | crop=512 | augment=True
04:08:28 | INFO    | holoqpi.data.dataset | val split: 127 samples | modality=off_axis | crop=None | augment=False
04:08:28 | INFO    | holoqpi.data.dataset | test split: 113 samples | modality=off_axis | crop=None | augment=False
04:08:29 | INFO    | holoqpi.models.encoders | encoder=mobilenet_v2 in_channels=1 pretrained=True stages=[16, 24, 32, 96, 1280]
04:08:29 | INFO    | holoqpi.models.holonet | HoloQPINet built: 9.76M parameters, 9.76M trainable (100.0%)
04:08:30 | INFO    | holoqpi.engine.trainer | trainable 9.76M / 9.76M parameters (100.0%)
04:08:30 | INFO    | holoqpi.engine.trainer | active physics terms: ['phase_mask_contrast', 'boundary_gradient_alignment', 'phase_volume']
04:08:36 | INFO    | holoqpi.engine.trainer |   epoch 1 step 0/140 loss=2.2810
04:08:38 | INFO    | holoqpi.engine.trainer |   epoch 1 step 20/140 loss=2.0826
04:08:40 | INFO    | holoqpi.engine.trainer |   epoch 1 step 40/140 loss=1.7791
04:08:42 | INFO    | holoqpi.engine.trainer |   epoch 1 step 60/140 loss=1.4948
04:08:44 | INFO    | holoqpi.engine.trainer |   epoch 1 step 80/140 loss=1.4848
04:08:46 | INFO    | holoqpi.engine.trainer |   epoch 1 step 100/140 loss=1.4151
04:08:48 | INFO    | holoqpi.engine.trainer |   epoch 1 step 120/140 loss=1.2816
04:09:42 | INFO    | holoqpi.engine.trainer |   new best composite=0.6274
04:09:42 | INFO    | holoqpi.engine.trainer | epoch 1/60 (72s = 20s train + 52s val) | train_loss=1.6229  val_phase_mae=0.2491  val_dice=0.6380  val_cls_acc=0.2835  val_mass_mape=0.2954
04:09:42 | INFO    | holoqpi.engine.trainer |   at this rate the full 60-epoch schedule takes about 72 min
04:09:43 | INFO    | holoqpi.engine.trainer |   epoch 2 step 0/140 loss=1.2209
04:09:45 | INFO    | holoqpi.engine.trainer |   epoch 2 step 20/140 loss=1.1905
04:09:47 | INFO    | holoqpi.engine.trainer |   epoch 2 step 40/140 loss=1.2167
04:09:49 | INFO    | holoqpi.engine.trainer |   epoch 2 step 60/140 loss=1.0772
04:09:52 | INFO    | holoqpi.engine.trainer |   epoch 2 step 80/140 loss=1.0318
04:09:54 | INFO    | holoqpi.engine.trainer |   epoch 2 step 100/140 loss=1.0401
04:09:56 | INFO    | holoqpi.engine.trainer |   epoch 2 step 120/140 loss=1.1273
04:10:44 | INFO    | holoqpi.engine.trainer |   new best composite=0.7216
04:10:44 | INFO    | holoqpi.engine.trainer | epoch 2/60 (61s = 15s train + 46s val) | train_loss=1.1116  val_phase_mae=0.2143  val_dice=0.7412  val_cls_acc=0.2520  val_mass_mape=0.2745
04:10:45 | INFO    | holoqpi.engine.trainer |   epoch 3 step 0/140 loss=0.9891
04:10:47 | INFO    | holoqpi.engine.trainer |   epoch 3 step 20/140 loss=0.8170
04:10:49 | INFO    | holoqpi.engine.trainer |   epoch 3 step 40/140 loss=0.9607
04:10:51 | INFO    | holoqpi.engine.trainer |   epoch 3 step 60/140 loss=1.0117
04:10:53 | INFO    | holoqpi.engine.trainer |   epoch 3 step 80/140 loss=0.9287
04:10:55 | INFO    | holoqpi.engine.trainer |   epoch 3 step 100/140 loss=0.9786
04:10:56 | INFO    | holoqpi.engine.trainer |   epoch 3 step 120/140 loss=0.8306
04:11:42 | INFO    | holoqpi.engine.trainer |   new best composite=0.7432
04:11:42 | INFO    | holoqpi.engine.trainer | epoch 3/60 (57s = 14s train + 43s val) | train_loss=0.9142  val_phase_mae=0.1990  val_dice=0.7568  val_cls_acc=0.3307  val_mass_mape=0.2525
04:11:42 | INFO    | holoqpi.engine.trainer |   epoch 4 step 0/140 loss=0.8767
04:11:44 | INFO    | holoqpi.engine.trainer |   epoch 4 step 20/140 loss=0.8168
04:11:46 | INFO    | holoqpi.engine.trainer |   epoch 4 step 40/140 loss=1.0329
04:11:48 | INFO    | holoqpi.engine.trainer |   epoch 4 step 60/140 loss=0.9065
04:11:50 | INFO    | holoqpi.engine.trainer |   epoch 4 step 80/140 loss=0.8442
04:11:52 | INFO    | holoqpi.engine.trainer |   epoch 4 step 100/140 loss=0.8670
04:11:54 | INFO    | holoqpi.engine.trainer |   epoch 4 step 120/140 loss=0.7976
04:12:39 | INFO    | holoqpi.engine.trainer |   new best composite=0.7676
04:12:39 | INFO    | holoqpi.engine.trainer | epoch 4/60 (57s = 14s train + 43s val) | train_loss=0.8634  val_phase_mae=0.1879  val_dice=0.7756  val_cls_acc=0.3150  val_mass_mape=0.2219
04:12:40 | INFO    | holoqpi.engine.trainer |   epoch 5 step 0/140 loss=0.8988
04:12:42 | INFO    | holoqpi.engine.trainer |   epoch 5 step 20/140 loss=0.8098
04:12:44 | INFO    | holoqpi.engine.trainer |   epoch 5 step 40/140 loss=0.8395
04:12:46 | INFO    | holoqpi.engine.trainer |   epoch 5 step 60/140 loss=0.7914
04:12:47 | INFO    | holoqpi.engine.trainer |   epoch 5 step 80/140 loss=0.8659
04:12:49 | INFO    | holoqpi.engine.trainer |   epoch 5 step 100/140 loss=0.8769
04:12:51 | INFO    | holoqpi.engine.trainer |   epoch 5 step 120/140 loss=0.7352
04:13:37 | INFO    | holoqpi.engine.trainer | epoch 5/60 (58s = 13s train + 44s val) | train_loss=0.8151  val_phase_mae=0.1902  val_dice=0.7723  val_cls_acc=0.3150  val_mass_mape=0.2263
04:13:38 | INFO    | holoqpi.engine.trainer |   epoch 6 step 0/140 loss=0.7755
04:13:39 | INFO    | holoqpi.engine.trainer |   epoch 6 step 20/140 loss=0.8868
04:13:41 | INFO    | holoqpi.engine.trainer |   epoch 6 step 40/140 loss=0.7871
04:13:43 | INFO    | holoqpi.engine.trainer |   epoch 6 step 60/140 loss=0.6660
04:13:45 | INFO    | holoqpi.engine.trainer |   epoch 6 step 80/140 loss=0.6749
04:13:47 | INFO    | holoqpi.engine.trainer |   epoch 6 step 100/140 loss=0.8673
04:13:49 | INFO    | holoqpi.engine.trainer |   epoch 6 step 120/140 loss=0.7646
04:14:34 | INFO    | holoqpi.engine.trainer | epoch 6/60 (57s = 13s train + 44s val) | train_loss=0.7841  val_phase_mae=0.1912  val_dice=0.7864  val_cls_acc=0.2913  val_mass_mape=0.2768
04:14:35 | INFO    | holoqpi.engine.trainer |   epoch 7 step 0/140 loss=0.7333
04:14:37 | INFO    | holoqpi.engine.trainer |   epoch 7 step 20/140 loss=0.7071
04:14:39 | INFO    | holoqpi.engine.trainer |   epoch 7 step 40/140 loss=0.7496
04:14:40 | INFO    | holoqpi.engine.trainer |   epoch 7 step 60/140 loss=0.6733
04:14:42 | INFO    | holoqpi.engine.trainer |   epoch 7 step 80/140 loss=0.7687
04:14:44 | INFO    | holoqpi.engine.trainer |   epoch 7 step 100/140 loss=0.7674
04:14:46 | INFO    | holoqpi.engine.trainer |   epoch 7 step 120/140 loss=0.9022
04:15:31 | INFO    | holoqpi.engine.trainer | epoch 7/60 (57s = 13s train + 44s val) | train_loss=0.7588  val_phase_mae=0.1892  val_dice=0.7910  val_cls_acc=0.3543  val_mass_mape=0.2871
04:15:32 | INFO    | holoqpi.engine.trainer |   epoch 8 step 0/140 loss=0.7348
04:15:34 | INFO    | holoqpi.engine.trainer |   epoch 8 step 20/140 loss=0.6898
04:15:36 | INFO    | holoqpi.engine.trainer |   epoch 8 step 40/140 loss=0.8462
04:15:38 | INFO    | holoqpi.engine.trainer |   epoch 8 step 60/140 loss=0.6665
04:15:39 | INFO    | holoqpi.engine.trainer |   epoch 8 step 80/140 loss=0.7503
04:15:41 | INFO    | holoqpi.engine.trainer |   epoch 8 step 100/140 loss=0.7949
04:15:43 | INFO    | holoqpi.engine.trainer |   epoch 8 step 120/140 loss=0.7942
04:16:28 | INFO    | holoqpi.engine.trainer |   new best composite=0.7786
04:16:28 | INFO    | holoqpi.engine.trainer | epoch 8/60 (56s = 13s train + 43s val) | train_loss=0.7426  val_phase_mae=0.1957  val_dice=0.7982  val_cls_acc=0.3386  val_mass_mape=0.2244
04:16:29 | INFO    | holoqpi.engine.trainer |   epoch 9 step 0/140 loss=0.7889
04:16:31 | INFO    | holoqpi.engine.trainer |   epoch 9 step 20/140 loss=0.5543
04:16:32 | INFO    | holoqpi.engine.trainer |   epoch 9 step 40/140 loss=0.6593
04:16:34 | INFO    | holoqpi.engine.trainer |   epoch 9 step 60/140 loss=0.7781
04:16:36 | INFO    | holoqpi.engine.trainer |   epoch 9 step 80/140 loss=0.8198
04:16:38 | INFO    | holoqpi.engine.trainer |   epoch 9 step 100/140 loss=0.7983
04:16:40 | INFO    | holoqpi.engine.trainer |   epoch 9 step 120/140 loss=0.7972
04:17:27 | INFO    | holoqpi.engine.trainer |   new best composite=0.7843
04:17:27 | INFO    | holoqpi.engine.trainer | epoch 9/60 (58s = 14s train + 44s val) | train_loss=0.7343  val_phase_mae=0.1773  val_dice=0.7984  val_cls_acc=0.4252  val_mass_mape=0.2234
04:17:27 | INFO    | holoqpi.engine.trainer |   epoch 10 step 0/140 loss=0.7486
04:17:29 | INFO    | holoqpi.engine.trainer |   epoch 10 step 20/140 loss=0.7361
04:17:31 | INFO    | holoqpi.engine.trainer |   epoch 10 step 40/140 loss=0.8385
04:17:33 | INFO    | holoqpi.engine.trainer |   epoch 10 step 60/140 loss=0.7779
04:17:35 | INFO    | holoqpi.engine.trainer |   epoch 10 step 80/140 loss=0.8894
04:17:36 | INFO    | holoqpi.engine.trainer |   epoch 10 step 100/140 loss=0.7591
04:17:38 | INFO    | holoqpi.engine.trainer |   epoch 10 step 120/140 loss=0.7651
04:18:24 | INFO    | holoqpi.engine.trainer |   new best composite=0.7884
04:18:24 | INFO    | holoqpi.engine.trainer | epoch 10/60 (57s = 13s train + 43s val) | train_loss=0.7281  val_phase_mae=0.1818  val_dice=0.8039  val_cls_acc=0.4173  val_mass_mape=0.2178
04:18:24 | INFO    | holoqpi.engine.trainer |   epoch 11 step 0/140 loss=0.6964
04:18:26 | INFO    | holoqpi.engine.trainer |   epoch 11 step 20/140 loss=0.7623
04:18:28 | INFO    | holoqpi.engine.trainer |   epoch 11 step 40/140 loss=0.9592
04:18:30 | INFO    | holoqpi.engine.trainer |   epoch 11 step 60/140 loss=0.6835
04:18:32 | INFO    | holoqpi.engine.trainer |   epoch 11 step 80/140 loss=0.6350
04:18:33 | INFO    | holoqpi.engine.trainer |   epoch 11 step 100/140 loss=0.6779
04:18:35 | INFO    | holoqpi.engine.trainer |   epoch 11 step 120/140 loss=0.7317
04:19:20 | INFO    | holoqpi.engine.trainer | epoch 11/60 (57s = 13s train + 43s val) | train_loss=0.7157  val_phase_mae=0.1816  val_dice=0.8049  val_cls_acc=0.2835  val_mass_mape=0.2374
04:19:21 | INFO    | holoqpi.engine.trainer |   epoch 12 step 0/140 loss=0.7239
04:19:23 | INFO    | holoqpi.engine.trainer |   epoch 12 step 20/140 loss=0.8554
04:19:25 | INFO    | holoqpi.engine.trainer |   epoch 12 step 40/140 loss=0.6934
04:19:27 | INFO    | holoqpi.engine.trainer |   epoch 12 step 60/140 loss=0.7027
04:19:28 | INFO    | holoqpi.engine.trainer |   epoch 12 step 80/140 loss=0.6343
04:19:30 | INFO    | holoqpi.engine.trainer |   epoch 12 step 100/140 loss=0.6203
04:19:32 | INFO    | holoqpi.engine.trainer |   epoch 12 step 120/140 loss=0.5997
04:20:18 | INFO    | holoqpi.engine.trainer |   new best composite=0.7931
04:20:18 | INFO    | holoqpi.engine.trainer | epoch 12/60 (57s = 14s train + 44s val) | train_loss=0.7046  val_phase_mae=0.1741  val_dice=0.8096  val_cls_acc=0.3386  val_mass_mape=0.2170
04:20:18 | INFO    | holoqpi.engine.trainer |   epoch 13 step 0/140 loss=0.6152
04:20:20 | INFO    | holoqpi.engine.trainer |   epoch 13 step 20/140 loss=0.8019
04:20:22 | INFO    | holoqpi.engine.trainer |   epoch 13 step 40/140 loss=0.7863
04:20:24 | INFO    | holoqpi.engine.trainer |   epoch 13 step 60/140 loss=0.7602
04:20:26 | INFO    | holoqpi.engine.trainer |   epoch 13 step 80/140 loss=0.6537
04:20:28 | INFO    | holoqpi.engine.trainer |   epoch 13 step 100/140 loss=0.6494
04:20:30 | INFO    | holoqpi.engine.trainer |   epoch 13 step 120/140 loss=0.7169
04:21:15 | INFO    | holoqpi.engine.trainer | epoch 13/60 (57s = 14s train + 43s val) | train_loss=0.7053  val_phase_mae=0.1814  val_dice=0.8084  val_cls_acc=0.5591  val_mass_mape=0.2783
04:21:15 | INFO    | holoqpi.engine.trainer |   epoch 14 step 0/140 loss=0.7158
04:21:17 | INFO    | holoqpi.engine.trainer |   epoch 14 step 20/140 loss=0.6371
04:21:19 | INFO    | holoqpi.engine.trainer |   epoch 14 step 40/140 loss=0.5821
04:21:21 | INFO    | holoqpi.engine.trainer |   epoch 14 step 60/140 loss=0.5907
04:21:23 | INFO    | holoqpi.engine.trainer |   epoch 14 step 80/140 loss=0.8569
04:21:25 | INFO    | holoqpi.engine.trainer |   epoch 14 step 100/140 loss=0.6145
04:21:27 | INFO    | holoqpi.engine.trainer |   epoch 14 step 120/140 loss=0.5541
04:22:11 | INFO    | holoqpi.engine.trainer | epoch 14/60 (57s = 14s train + 43s val) | train_loss=0.6887  val_phase_mae=0.1770  val_dice=0.8037  val_cls_acc=0.4567  val_mass_mape=0.2230
04:22:12 | INFO    | holoqpi.engine.trainer |   epoch 15 step 0/140 loss=0.7272
04:22:14 | INFO    | holoqpi.engine.trainer |   epoch 15 step 20/140 loss=0.6280
04:22:16 | INFO    | holoqpi.engine.trainer |   epoch 15 step 40/140 loss=0.6956
04:22:18 | INFO    | holoqpi.engine.trainer |   epoch 15 step 60/140 loss=0.6449
04:22:20 | INFO    | holoqpi.engine.trainer |   epoch 15 step 80/140 loss=0.7264
04:22:22 | INFO    | holoqpi.engine.trainer |   epoch 15 step 100/140 loss=0.5856
04:22:24 | INFO    | holoqpi.engine.trainer |   epoch 15 step 120/140 loss=0.7661
04:23:09 | INFO    | holoqpi.engine.trainer |   new best composite=0.7961
04:23:09 | INFO    | holoqpi.engine.trainer | epoch 15/60 (57s = 14s train + 43s val) | train_loss=0.6826  val_phase_mae=0.1785  val_dice=0.8112  val_cls_acc=0.5827  val_mass_mape=0.2123
04:23:09 | INFO    | holoqpi.engine.trainer |   epoch 16 step 0/140 loss=0.5702
04:23:11 | INFO    | holoqpi.engine.trainer |   epoch 16 step 20/140 loss=0.6775
04:23:13 | INFO    | holoqpi.engine.trainer |   epoch 16 step 40/140 loss=0.7526
04:23:15 | INFO    | holoqpi.engine.trainer |   epoch 16 step 60/140 loss=0.7099
04:23:17 | INFO    | holoqpi.engine.trainer |   epoch 16 step 80/140 loss=0.7064
04:23:19 | INFO    | holoqpi.engine.trainer |   epoch 16 step 100/140 loss=0.6327
04:23:20 | INFO    | holoqpi.engine.trainer |   epoch 16 step 120/140 loss=0.6612
04:24:05 | INFO    | holoqpi.engine.trainer | epoch 16/60 (56s = 13s train + 43s val) | train_loss=0.6752  val_phase_mae=0.1893  val_dice=0.8059  val_cls_acc=0.3858  val_mass_mape=0.2388
04:24:06 | INFO    | holoqpi.engine.trainer |   epoch 17 step 0/140 loss=0.9241
04:24:08 | INFO    | holoqpi.engine.trainer |   epoch 17 step 20/140 loss=0.8777
04:24:10 | INFO    | holoqpi.engine.trainer |   epoch 17 step 40/140 loss=0.6273
04:24:12 | INFO    | holoqpi.engine.trainer |   epoch 17 step 60/140 loss=0.6398
04:24:14 | INFO    | holoqpi.engine.trainer |   epoch 17 step 80/140 loss=0.6945
04:24:15 | INFO    | holoqpi.engine.trainer |   epoch 17 step 100/140 loss=0.6068
04:24:17 | INFO    | holoqpi.engine.trainer |   epoch 17 step 120/140 loss=0.4757
04:25:02 | INFO    | holoqpi.engine.trainer |   new best composite=0.7963
04:25:02 | INFO    | holoqpi.engine.trainer | epoch 17/60 (56s = 14s train + 43s val) | train_loss=0.6574  val_phase_mae=0.1798  val_dice=0.8113  val_cls_acc=0.3622  val_mass_mape=0.2102
04:25:03 | INFO    | holoqpi.engine.trainer |   epoch 18 step 0/140 loss=0.6744
04:25:04 | INFO    | holoqpi.engine.trainer |   epoch 18 step 20/140 loss=0.5265
04:25:06 | INFO    | holoqpi.engine.trainer |   epoch 18 step 40/140 loss=0.6737
04:25:08 | INFO    | holoqpi.engine.trainer |   epoch 18 step 60/140 loss=0.7687
04:25:10 | INFO    | holoqpi.engine.trainer |   epoch 18 step 80/140 loss=0.7391
04:25:12 | INFO    | holoqpi.engine.trainer |   epoch 18 step 100/140 loss=0.5382
04:25:14 | INFO    | holoqpi.engine.trainer |   epoch 18 step 120/140 loss=0.6093
04:25:59 | INFO    | holoqpi.engine.trainer | epoch 18/60 (57s = 14s train + 43s val) | train_loss=0.6546  val_phase_mae=0.1829  val_dice=0.8091  val_cls_acc=0.4488  val_mass_mape=0.2379
04:25:59 | INFO    | holoqpi.engine.trainer |   epoch 19 step 0/140 loss=0.6058
04:26:01 | INFO    | holoqpi.engine.trainer |   epoch 19 step 20/140 loss=0.5714
04:26:03 | INFO    | holoqpi.engine.trainer |   epoch 19 step 40/140 loss=0.7485
04:26:05 | INFO    | holoqpi.engine.trainer |   epoch 19 step 60/140 loss=0.7972
04:26:07 | INFO    | holoqpi.engine.trainer |   epoch 19 step 80/140 loss=0.7483
04:26:09 | INFO    | holoqpi.engine.trainer |   epoch 19 step 100/140 loss=0.6464
04:26:11 | INFO    | holoqpi.engine.trainer |   epoch 19 step 120/140 loss=0.7247
04:26:56 | INFO    | holoqpi.engine.trainer | epoch 19/60 (57s = 14s train + 43s val) | train_loss=0.6672  val_phase_mae=0.1753  val_dice=0.8094  val_cls_acc=0.4882  val_mass_mape=0.2297
04:26:56 | INFO    | holoqpi.engine.trainer |   epoch 20 step 0/140 loss=0.6767
04:26:58 | INFO    | holoqpi.engine.trainer |   epoch 20 step 20/140 loss=0.7818
04:27:00 | INFO    | holoqpi.engine.trainer |   epoch 20 step 40/140 loss=0.6737
04:27:02 | INFO    | holoqpi.engine.trainer |   epoch 20 step 60/140 loss=0.8183
04:27:04 | INFO    | holoqpi.engine.trainer |   epoch 20 step 80/140 loss=0.5136
04:27:06 | INFO    | holoqpi.engine.trainer |   epoch 20 step 100/140 loss=0.5670
04:27:08 | INFO    | holoqpi.engine.trainer |   epoch 20 step 120/140 loss=0.7225
04:27:53 | INFO    | holoqpi.engine.trainer |   new best composite=0.7998
04:27:53 | INFO    | holoqpi.engine.trainer | epoch 20/60 (57s = 14s train + 43s val) | train_loss=0.6347  val_phase_mae=0.1744  val_dice=0.8092  val_cls_acc=0.5827  val_mass_mape=0.1980
04:27:53 | INFO    | holoqpi.engine.trainer |   epoch 21 step 0/140 loss=0.6760
04:27:55 | INFO    | holoqpi.engine.trainer |   epoch 21 step 20/140 loss=0.6273
04:27:57 | INFO    | holoqpi.engine.trainer |   epoch 21 step 40/140 loss=1.1171
04:27:59 | INFO    | holoqpi.engine.trainer |   epoch 21 step 60/140 loss=0.6467
04:28:01 | INFO    | holoqpi.engine.trainer |   epoch 21 step 80/140 loss=0.7135
04:28:03 | INFO    | holoqpi.engine.trainer |   epoch 21 step 100/140 loss=0.5836
04:28:04 | INFO    | holoqpi.engine.trainer |   epoch 21 step 120/140 loss=0.6266
04:28:49 | INFO    | holoqpi.engine.trainer | epoch 21/60 (56s = 13s train + 43s val) | train_loss=0.6349  val_phase_mae=0.1785  val_dice=0.8153  val_cls_acc=0.5906  val_mass_mape=0.2563
04:28:50 | INFO    | holoqpi.engine.trainer |   epoch 22 step 0/140 loss=0.5710
04:28:52 | INFO    | holoqpi.engine.trainer |   epoch 22 step 20/140 loss=0.7305
04:28:53 | INFO    | holoqpi.engine.trainer |   epoch 22 step 40/140 loss=0.6727
04:28:55 | INFO    | holoqpi.engine.trainer |   epoch 22 step 60/140 loss=0.7312
04:28:57 | INFO    | holoqpi.engine.trainer |   epoch 22 step 80/140 loss=0.5192
04:28:59 | INFO    | holoqpi.engine.trainer |   epoch 22 step 100/140 loss=0.6380
04:29:01 | INFO    | holoqpi.engine.trainer |   epoch 22 step 120/140 loss=0.6161
04:29:46 | INFO    | holoqpi.engine.trainer | epoch 22/60 (57s = 14s train + 43s val) | train_loss=0.6413  val_phase_mae=0.1775  val_dice=0.8153  val_cls_acc=0.4094  val_mass_mape=0.2234
04:29:47 | INFO    | holoqpi.engine.trainer |   epoch 23 step 0/140 loss=0.5453
04:29:49 | INFO    | holoqpi.engine.trainer |   epoch 23 step 20/140 loss=0.5914
04:29:50 | INFO    | holoqpi.engine.trainer |   epoch 23 step 40/140 loss=0.6806
04:29:52 | INFO    | holoqpi.engine.trainer |   epoch 23 step 60/140 loss=0.6403
04:29:54 | INFO    | holoqpi.engine.trainer |   epoch 23 step 80/140 loss=0.5924
04:29:56 | INFO    | holoqpi.engine.trainer |   epoch 23 step 100/140 loss=0.6560
04:29:58 | INFO    | holoqpi.engine.trainer |   epoch 23 step 120/140 loss=0.6686
04:30:43 | INFO    | holoqpi.engine.trainer |   new best composite=0.8014
04:30:43 | INFO    | holoqpi.engine.trainer | epoch 23/60 (57s = 13s train + 43s val) | train_loss=0.6226  val_phase_mae=0.1686  val_dice=0.8169  val_cls_acc=0.5827  val_mass_mape=0.2046
04:30:44 | INFO    | holoqpi.engine.trainer |   epoch 24 step 0/140 loss=0.5683
04:30:46 | INFO    | holoqpi.engine.trainer |   epoch 24 step 20/140 loss=0.6564
04:30:47 | INFO    | holoqpi.engine.trainer |   epoch 24 step 40/140 loss=0.5893
04:30:49 | INFO    | holoqpi.engine.trainer |   epoch 24 step 60/140 loss=0.6550
04:30:51 | INFO    | holoqpi.engine.trainer |   epoch 24 step 80/140 loss=0.5464
04:30:53 | INFO    | holoqpi.engine.trainer |   epoch 24 step 100/140 loss=0.9989
04:30:55 | INFO    | holoqpi.engine.trainer |   epoch 24 step 120/140 loss=0.8887
04:31:39 | INFO    | holoqpi.engine.trainer | epoch 24/60 (56s = 13s train + 43s val) | train_loss=0.6298  val_phase_mae=0.1723  val_dice=0.8100  val_cls_acc=0.5197  val_mass_mape=0.2085
04:31:40 | INFO    | holoqpi.engine.trainer |   epoch 25 step 0/140 loss=0.7072
04:31:42 | INFO    | holoqpi.engine.trainer |   epoch 25 step 20/140 loss=0.6636
04:31:44 | INFO    | holoqpi.engine.trainer |   epoch 25 step 40/140 loss=0.5638
04:31:45 | INFO    | holoqpi.engine.trainer |   epoch 25 step 60/140 loss=0.5617
04:31:47 | INFO    | holoqpi.engine.trainer |   epoch 25 step 80/140 loss=0.6755
04:31:49 | INFO    | holoqpi.engine.trainer |   epoch 25 step 100/140 loss=0.7104
04:31:51 | INFO    | holoqpi.engine.trainer |   epoch 25 step 120/140 loss=0.6931
04:32:36 | INFO    | holoqpi.engine.trainer | epoch 25/60 (57s = 14s train + 43s val) | train_loss=0.6265  val_phase_mae=0.1784  val_dice=0.8166  val_cls_acc=0.5276  val_mass_mape=0.2180
04:32:37 | INFO    | holoqpi.engine.trainer |   epoch 26 step 0/140 loss=0.5845
04:32:39 | INFO    | holoqpi.engine.trainer |   epoch 26 step 20/140 loss=0.7357
04:32:41 | INFO    | holoqpi.engine.trainer |   epoch 26 step 40/140 loss=0.5902
04:32:43 | INFO    | holoqpi.engine.trainer |   epoch 26 step 60/140 loss=0.8192
04:32:45 | INFO    | holoqpi.engine.trainer |   epoch 26 step 80/140 loss=0.4794
04:32:47 | INFO    | holoqpi.engine.trainer |   epoch 26 step 100/140 loss=0.6600
04:32:49 | INFO    | holoqpi.engine.trainer |   epoch 26 step 120/140 loss=0.4510
04:33:34 | INFO    | holoqpi.engine.trainer | epoch 26/60 (58s = 15s train + 43s val) | train_loss=0.6112  val_phase_mae=0.1715  val_dice=0.8189  val_cls_acc=0.5197  val_mass_mape=0.2244
04:33:35 | INFO    | holoqpi.engine.trainer |   epoch 27 step 0/140 loss=0.7391
04:33:37 | INFO    | holoqpi.engine.trainer |   epoch 27 step 20/140 loss=0.5696
04:33:39 | INFO    | holoqpi.engine.trainer |   epoch 27 step 40/140 loss=0.8150
04:33:41 | INFO    | holoqpi.engine.trainer |   epoch 27 step 60/140 loss=0.5645
04:33:43 | INFO    | holoqpi.engine.trainer |   epoch 27 step 80/140 loss=0.6613
04:33:45 | INFO    | holoqpi.engine.trainer |   epoch 27 step 100/140 loss=0.7347
04:33:47 | INFO    | holoqpi.engine.trainer |   epoch 27 step 120/140 loss=0.5229
04:34:32 | INFO    | holoqpi.engine.trainer | epoch 27/60 (57s = 14s train + 43s val) | train_loss=0.6170  val_phase_mae=0.1783  val_dice=0.8152  val_cls_acc=0.6378  val_mass_mape=0.2450
04:34:32 | INFO    | holoqpi.engine.trainer |   epoch 28 step 0/140 loss=0.5808
04:34:34 | INFO    | holoqpi.engine.trainer |   epoch 28 step 20/140 loss=0.4712
04:34:36 | INFO    | holoqpi.engine.trainer |   epoch 28 step 40/140 loss=0.6469
04:34:38 | INFO    | holoqpi.engine.trainer |   epoch 28 step 60/140 loss=0.6094
04:34:40 | INFO    | holoqpi.engine.trainer |   epoch 28 step 80/140 loss=0.5621
04:34:42 | INFO    | holoqpi.engine.trainer |   epoch 28 step 100/140 loss=0.8306
04:34:44 | INFO    | holoqpi.engine.trainer |   epoch 28 step 120/140 loss=0.5308
04:35:30 | INFO    | holoqpi.engine.trainer |   new best composite=0.8054
04:35:30 | INFO    | holoqpi.engine.trainer | epoch 28/60 (57s = 14s train + 43s val) | train_loss=0.6017  val_phase_mae=0.1680  val_dice=0.8158  val_cls_acc=0.6693  val_mass_mape=0.1914
04:35:30 | INFO    | holoqpi.engine.trainer |   epoch 29 step 0/140 loss=0.6254
04:35:32 | INFO    | holoqpi.engine.trainer |   epoch 29 step 20/140 loss=0.4638
04:35:34 | INFO    | holoqpi.engine.trainer |   epoch 29 step 40/140 loss=0.4282
04:35:36 | INFO    | holoqpi.engine.trainer |   epoch 29 step 60/140 loss=0.5619
04:35:38 | INFO    | holoqpi.engine.trainer |   epoch 29 step 80/140 loss=0.5662
04:35:40 | INFO    | holoqpi.engine.trainer |   epoch 29 step 100/140 loss=0.5577
04:35:42 | INFO    | holoqpi.engine.trainer |   epoch 29 step 120/140 loss=0.5957
04:36:27 | INFO    | holoqpi.engine.trainer | epoch 29/60 (57s = 14s train + 43s val) | train_loss=0.5894  val_phase_mae=0.1732  val_dice=0.8182  val_cls_acc=0.5591  val_mass_mape=0.2156
04:36:28 | INFO    | holoqpi.engine.trainer |   epoch 30 step 0/140 loss=0.5806
04:36:30 | INFO    | holoqpi.engine.trainer |   epoch 30 step 20/140 loss=0.5501
04:36:31 | INFO    | holoqpi.engine.trainer |   epoch 30 step 40/140 loss=0.7444
04:36:33 | INFO    | holoqpi.engine.trainer |   epoch 30 step 60/140 loss=0.8231
04:36:35 | INFO    | holoqpi.engine.trainer |   epoch 30 step 80/140 loss=0.5979
04:36:37 | INFO    | holoqpi.engine.trainer |   epoch 30 step 100/140 loss=0.6772
04:36:39 | INFO    | holoqpi.engine.trainer |   epoch 30 step 120/140 loss=0.5060
04:37:24 | INFO    | holoqpi.engine.trainer | epoch 30/60 (57s = 13s train + 43s val) | train_loss=0.6007  val_phase_mae=0.1732  val_dice=0.8197  val_cls_acc=0.6299  val_mass_mape=0.2026
04:37:24 | INFO    | holoqpi.engine.trainer |   epoch 31 step 0/140 loss=0.6332
04:37:26 | INFO    | holoqpi.engine.trainer |   epoch 31 step 20/140 loss=0.6026
04:37:28 | INFO    | holoqpi.engine.trainer |   epoch 31 step 40/140 loss=0.7611
04:37:30 | INFO    | holoqpi.engine.trainer |   epoch 31 step 60/140 loss=0.5059
04:37:32 | INFO    | holoqpi.engine.trainer |   epoch 31 step 80/140 loss=0.7422
04:37:34 | INFO    | holoqpi.engine.trainer |   epoch 31 step 100/140 loss=0.8047
04:37:35 | INFO    | holoqpi.engine.trainer |   epoch 31 step 120/140 loss=0.5683
04:38:20 | INFO    | holoqpi.engine.trainer |   new best composite=0.8074
04:38:20 | INFO    | holoqpi.engine.trainer | epoch 31/60 (56s = 13s train + 43s val) | train_loss=0.5995  val_phase_mae=0.1724  val_dice=0.8189  val_cls_acc=0.5669  val_mass_mape=0.1919
04:38:21 | INFO    | holoqpi.engine.trainer |   epoch 32 step 0/140 loss=0.5300
04:38:23 | INFO    | holoqpi.engine.trainer |   epoch 32 step 20/140 loss=0.5674
04:38:25 | INFO    | holoqpi.engine.trainer |   epoch 32 step 40/140 loss=0.6947
04:38:26 | INFO    | holoqpi.engine.trainer |   epoch 32 step 60/140 loss=0.7529
04:38:28 | INFO    | holoqpi.engine.trainer |   epoch 32 step 80/140 loss=0.4951
04:38:30 | INFO    | holoqpi.engine.trainer |   epoch 32 step 100/140 loss=0.4997
04:38:32 | INFO    | holoqpi.engine.trainer |   epoch 32 step 120/140 loss=0.6777
04:39:17 | INFO    | holoqpi.engine.trainer | epoch 32/60 (56s = 14s train + 43s val) | train_loss=0.5827  val_phase_mae=0.1739  val_dice=0.8211  val_cls_acc=0.6614  val_mass_mape=0.1986
04:39:17 | INFO    | holoqpi.engine.trainer |   epoch 33 step 0/140 loss=0.5141
04:39:19 | INFO    | holoqpi.engine.trainer |   epoch 33 step 20/140 loss=0.5078
04:39:21 | INFO    | holoqpi.engine.trainer |   epoch 33 step 40/140 loss=0.6086
04:39:23 | INFO    | holoqpi.engine.trainer |   epoch 33 step 60/140 loss=0.6564
04:39:25 | INFO    | holoqpi.engine.trainer |   epoch 33 step 80/140 loss=0.6485
04:39:27 | INFO    | holoqpi.engine.trainer |   epoch 33 step 100/140 loss=0.5022
04:39:28 | INFO    | holoqpi.engine.trainer |   epoch 33 step 120/140 loss=0.4671
04:40:13 | INFO    | holoqpi.engine.trainer | epoch 33/60 (57s = 13s train + 43s val) | train_loss=0.5767  val_phase_mae=0.1695  val_dice=0.8213  val_cls_acc=0.5827  val_mass_mape=0.2077
04:40:14 | INFO    | holoqpi.engine.trainer |   epoch 34 step 0/140 loss=0.5398
04:40:16 | INFO    | holoqpi.engine.trainer |   epoch 34 step 20/140 loss=0.6065
04:40:18 | INFO    | holoqpi.engine.trainer |   epoch 34 step 40/140 loss=0.4859
04:40:20 | INFO    | holoqpi.engine.trainer |   epoch 34 step 60/140 loss=0.4879
04:40:22 | INFO    | holoqpi.engine.trainer |   epoch 34 step 80/140 loss=0.7003
04:40:23 | INFO    | holoqpi.engine.trainer |   epoch 34 step 100/140 loss=0.4767
04:40:25 | INFO    | holoqpi.engine.trainer |   epoch 34 step 120/140 loss=0.6005
04:41:11 | INFO    | holoqpi.engine.trainer |   new best composite=0.8083
04:41:11 | INFO    | holoqpi.engine.trainer | epoch 34/60 (57s = 14s train + 43s val) | train_loss=0.5629  val_phase_mae=0.1703  val_dice=0.8202  val_cls_acc=0.6142  val_mass_mape=0.1908
04:41:11 | INFO    | holoqpi.engine.trainer |   epoch 35 step 0/140 loss=0.4508
04:41:13 | INFO    | holoqpi.engine.trainer |   epoch 35 step 20/140 loss=0.5657
04:41:15 | INFO    | holoqpi.engine.trainer |   epoch 35 step 40/140 loss=0.9677
04:41:17 | INFO    | holoqpi.engine.trainer |   epoch 35 step 60/140 loss=0.8538
04:41:18 | INFO    | holoqpi.engine.trainer |   epoch 35 step 80/140 loss=0.5888
04:41:20 | INFO    | holoqpi.engine.trainer |   epoch 35 step 100/140 loss=0.5386
04:41:22 | INFO    | holoqpi.engine.trainer |   epoch 35 step 120/140 loss=0.6486
04:42:08 | INFO    | holoqpi.engine.trainer |   new best composite=0.8101
04:42:08 | INFO    | holoqpi.engine.trainer | epoch 35/60 (57s = 13s train + 43s val) | train_loss=0.5705  val_phase_mae=0.1718  val_dice=0.8227  val_cls_acc=0.5433  val_mass_mape=0.1908
04:42:08 | INFO    | holoqpi.engine.trainer |   epoch 36 step 0/140 loss=0.5164
04:42:10 | INFO    | holoqpi.engine.trainer |   epoch 36 step 20/140 loss=0.7242
04:42:12 | INFO    | holoqpi.engine.trainer |   epoch 36 step 40/140 loss=0.4939
04:42:14 | INFO    | holoqpi.engine.trainer |   epoch 36 step 60/140 loss=0.5652
04:42:16 | INFO    | holoqpi.engine.trainer |   epoch 36 step 80/140 loss=0.4026
04:42:17 | INFO    | holoqpi.engine.trainer |   epoch 36 step 100/140 loss=0.4061
04:42:19 | INFO    | holoqpi.engine.trainer |   epoch 36 step 120/140 loss=0.7226
04:43:04 | INFO    | holoqpi.engine.trainer | epoch 36/60 (57s = 13s train + 43s val) | train_loss=0.5717  val_phase_mae=0.1703  val_dice=0.8215  val_cls_acc=0.6614  val_mass_mape=0.1893
04:43:05 | INFO    | holoqpi.engine.trainer |   epoch 37 step 0/140 loss=0.5370
04:43:07 | INFO    | holoqpi.engine.trainer |   epoch 37 step 20/140 loss=0.5896
04:43:09 | INFO    | holoqpi.engine.trainer |   epoch 37 step 40/140 loss=0.4915
04:43:10 | INFO    | holoqpi.engine.trainer |   epoch 37 step 60/140 loss=0.6642
04:43:12 | INFO    | holoqpi.engine.trainer |   epoch 37 step 80/140 loss=0.6503
04:43:14 | INFO    | holoqpi.engine.trainer |   epoch 37 step 100/140 loss=0.4855
04:43:16 | INFO    | holoqpi.engine.trainer |   epoch 37 step 120/140 loss=0.5255
04:44:01 | INFO    | holoqpi.engine.trainer |   new best composite=0.8103
04:44:01 | INFO    | holoqpi.engine.trainer | epoch 37/60 (57s = 14s train + 43s val) | train_loss=0.5633  val_phase_mae=0.1676  val_dice=0.8200  val_cls_acc=0.6772  val_mass_mape=0.1846
04:44:02 | INFO    | holoqpi.engine.trainer |   epoch 38 step 0/140 loss=0.5668
04:44:04 | INFO    | holoqpi.engine.trainer |   epoch 38 step 20/140 loss=0.6281
04:44:06 | INFO    | holoqpi.engine.trainer |   epoch 38 step 40/140 loss=0.5262
04:44:08 | INFO    | holoqpi.engine.trainer |   epoch 38 step 60/140 loss=0.4852
04:44:10 | INFO    | holoqpi.engine.trainer |   epoch 38 step 80/140 loss=0.4694
04:44:12 | INFO    | holoqpi.engine.trainer |   epoch 38 step 100/140 loss=0.6660
04:44:14 | INFO    | holoqpi.engine.trainer |   epoch 38 step 120/140 loss=0.4853
04:44:58 | INFO    | holoqpi.engine.trainer | epoch 38/60 (57s = 14s train + 43s val) | train_loss=0.5625  val_phase_mae=0.1718  val_dice=0.8187  val_cls_acc=0.7008  val_mass_mape=0.2075
04:44:59 | INFO    | holoqpi.engine.trainer |   epoch 39 step 0/140 loss=0.6269
04:45:01 | INFO    | holoqpi.engine.trainer |   epoch 39 step 20/140 loss=0.4879
04:45:02 | INFO    | holoqpi.engine.trainer |   epoch 39 step 40/140 loss=0.4755
04:45:04 | INFO    | holoqpi.engine.trainer |   epoch 39 step 60/140 loss=0.5817
04:45:06 | INFO    | holoqpi.engine.trainer |   epoch 39 step 80/140 loss=0.4971
04:45:08 | INFO    | holoqpi.engine.trainer |   epoch 39 step 100/140 loss=0.6939
04:45:10 | INFO    | holoqpi.engine.trainer |   epoch 39 step 120/140 loss=0.5395
04:45:55 | INFO    | holoqpi.engine.trainer | epoch 39/60 (57s = 14s train + 43s val) | train_loss=0.5548  val_phase_mae=0.1675  val_dice=0.8148  val_cls_acc=0.6929  val_mass_mape=0.1997
04:45:56 | INFO    | holoqpi.engine.trainer |   epoch 40 step 0/140 loss=0.6204
04:45:58 | INFO    | holoqpi.engine.trainer |   epoch 40 step 20/140 loss=0.4239
04:46:00 | INFO    | holoqpi.engine.trainer |   epoch 40 step 40/140 loss=0.4531
04:46:01 | INFO    | holoqpi.engine.trainer |   epoch 40 step 60/140 loss=0.5296
04:46:03 | INFO    | holoqpi.engine.trainer |   epoch 40 step 80/140 loss=0.4959
04:46:05 | INFO    | holoqpi.engine.trainer |   epoch 40 step 100/140 loss=0.6175
04:46:07 | INFO    | holoqpi.engine.trainer |   epoch 40 step 120/140 loss=0.4559
04:46:52 | INFO    | holoqpi.engine.trainer | epoch 40/60 (57s = 13s train + 43s val) | train_loss=0.5409  val_phase_mae=0.1657  val_dice=0.8208  val_cls_acc=0.5276  val_mass_mape=0.2007
04:46:53 | INFO    | holoqpi.engine.trainer |   epoch 41 step 0/140 loss=0.6042
04:46:54 | INFO    | holoqpi.engine.trainer |   epoch 41 step 20/140 loss=0.4173
04:46:56 | INFO    | holoqpi.engine.trainer |   epoch 41 step 40/140 loss=0.5305
04:46:58 | INFO    | holoqpi.engine.trainer |   epoch 41 step 60/140 loss=0.6422
04:47:00 | INFO    | holoqpi.engine.trainer |   epoch 41 step 80/140 loss=0.4977
04:47:02 | INFO    | holoqpi.engine.trainer |   epoch 41 step 100/140 loss=0.4182
04:47:03 | INFO    | holoqpi.engine.trainer |   epoch 41 step 120/140 loss=0.4485
04:47:48 | INFO    | holoqpi.engine.trainer |   new best composite=0.8113
04:47:48 | INFO    | holoqpi.engine.trainer | epoch 41/60 (56s = 13s train + 43s val) | train_loss=0.5457  val_phase_mae=0.1684  val_dice=0.8232  val_cls_acc=0.6614  val_mass_mape=0.1850
04:47:49 | INFO    | holoqpi.engine.trainer |   epoch 42 step 0/140 loss=0.5226
04:47:51 | INFO    | holoqpi.engine.trainer |   epoch 42 step 20/140 loss=0.5942
04:47:52 | INFO    | holoqpi.engine.trainer |   epoch 42 step 40/140 loss=0.5503
04:47:54 | INFO    | holoqpi.engine.trainer |   epoch 42 step 60/140 loss=0.5903
04:47:56 | INFO    | holoqpi.engine.trainer |   epoch 42 step 80/140 loss=0.5574
04:47:58 | INFO    | holoqpi.engine.trainer |   epoch 42 step 100/140 loss=0.6040
04:48:00 | INFO    | holoqpi.engine.trainer |   epoch 42 step 120/140 loss=0.5921
04:48:45 | INFO    | holoqpi.engine.trainer | epoch 42/60 (57s = 14s train + 43s val) | train_loss=0.5343  val_phase_mae=0.1671  val_dice=0.8239  val_cls_acc=0.6457  val_mass_mape=0.1931
04:48:46 | INFO    | holoqpi.engine.trainer |   epoch 43 step 0/140 loss=0.7070
04:48:48 | INFO    | holoqpi.engine.trainer |   epoch 43 step 20/140 loss=0.6242
04:48:50 | INFO    | holoqpi.engine.trainer |   epoch 43 step 40/140 loss=0.5292
04:48:52 | INFO    | holoqpi.engine.trainer |   epoch 43 step 60/140 loss=0.5111
04:48:54 | INFO    | holoqpi.engine.trainer |   epoch 43 step 80/140 loss=0.5954
04:48:56 | INFO    | holoqpi.engine.trainer |   epoch 43 step 100/140 loss=0.5312
04:48:58 | INFO    | holoqpi.engine.trainer |   epoch 43 step 120/140 loss=0.4634
04:49:42 | INFO    | holoqpi.engine.trainer | epoch 43/60 (57s = 14s train + 43s val) | train_loss=0.5395  val_phase_mae=0.1695  val_dice=0.8217  val_cls_acc=0.7717  val_mass_mape=0.1885
04:49:43 | INFO    | holoqpi.engine.trainer |   epoch 44 step 0/140 loss=0.4766
04:49:45 | INFO    | holoqpi.engine.trainer |   epoch 44 step 20/140 loss=0.4714
04:49:47 | INFO    | holoqpi.engine.trainer |   epoch 44 step 40/140 loss=0.6842
04:49:49 | INFO    | holoqpi.engine.trainer |   epoch 44 step 60/140 loss=0.4195
04:49:51 | INFO    | holoqpi.engine.trainer |   epoch 44 step 80/140 loss=0.5039
04:49:53 | INFO    | holoqpi.engine.trainer |   epoch 44 step 100/140 loss=0.5767
04:49:55 | INFO    | holoqpi.engine.trainer |   epoch 44 step 120/140 loss=0.5492
04:50:40 | INFO    | holoqpi.engine.trainer | epoch 44/60 (57s = 14s train + 43s val) | train_loss=0.5310  val_phase_mae=0.1686  val_dice=0.8204  val_cls_acc=0.7795  val_mass_mape=0.1906
04:50:40 | INFO    | holoqpi.engine.trainer |   epoch 45 step 0/140 loss=0.4626
04:50:42 | INFO    | holoqpi.engine.trainer |   epoch 45 step 20/140 loss=0.4331
04:50:44 | INFO    | holoqpi.engine.trainer |   epoch 45 step 40/140 loss=0.7204
04:50:46 | INFO    | holoqpi.engine.trainer |   epoch 45 step 60/140 loss=0.4576
04:50:48 | INFO    | holoqpi.engine.trainer |   epoch 45 step 80/140 loss=0.5807
04:50:50 | INFO    | holoqpi.engine.trainer |   epoch 45 step 100/140 loss=0.6047
04:50:52 | INFO    | holoqpi.engine.trainer |   epoch 45 step 120/140 loss=0.5382
04:51:37 | INFO    | holoqpi.engine.trainer | epoch 45/60 (57s = 14s train + 43s val) | train_loss=0.5300  val_phase_mae=0.1687  val_dice=0.8177  val_cls_acc=0.6693  val_mass_mape=0.1944
04:51:37 | INFO    | holoqpi.engine.trainer |   epoch 46 step 0/140 loss=0.4225
04:51:39 | INFO    | holoqpi.engine.trainer |   epoch 46 step 20/140 loss=0.3958
04:51:41 | INFO    | holoqpi.engine.trainer |   epoch 46 step 40/140 loss=0.5869
04:51:43 | INFO    | holoqpi.engine.trainer |   epoch 46 step 60/140 loss=0.4002
04:51:45 | INFO    | holoqpi.engine.trainer |   epoch 46 step 80/140 loss=0.4733
04:51:47 | INFO    | holoqpi.engine.trainer |   epoch 46 step 100/140 loss=0.4359
04:51:49 | INFO    | holoqpi.engine.trainer |   epoch 46 step 120/140 loss=0.5335
04:52:33 | INFO    | holoqpi.engine.trainer | epoch 46/60 (57s = 14s train + 43s val) | train_loss=0.5128  val_phase_mae=0.1698  val_dice=0.8221  val_cls_acc=0.6929  val_mass_mape=0.1867
04:52:34 | INFO    | holoqpi.engine.trainer |   epoch 47 step 0/140 loss=0.4592
04:52:36 | INFO    | holoqpi.engine.trainer |   epoch 47 step 20/140 loss=0.5184
04:52:38 | INFO    | holoqpi.engine.trainer |   epoch 47 step 40/140 loss=0.4677
04:52:39 | INFO    | holoqpi.engine.trainer |   epoch 47 step 60/140 loss=0.4958
04:52:41 | INFO    | holoqpi.engine.trainer |   epoch 47 step 80/140 loss=0.5665
04:52:43 | INFO    | holoqpi.engine.trainer |   epoch 47 step 100/140 loss=0.5020
04:52:45 | INFO    | holoqpi.engine.trainer |   epoch 47 step 120/140 loss=0.4211
04:53:31 | INFO    | holoqpi.engine.trainer | epoch 47/60 (58s = 14s train + 44s val) | train_loss=0.5160  val_phase_mae=0.1690  val_dice=0.8210  val_cls_acc=0.6614  val_mass_mape=0.1909
04:53:32 | INFO    | holoqpi.engine.trainer |   epoch 48 step 0/140 loss=0.4235
04:53:33 | INFO    | holoqpi.engine.trainer |   epoch 48 step 20/140 loss=0.5142
04:53:35 | INFO    | holoqpi.engine.trainer |   epoch 48 step 40/140 loss=0.5401
04:53:37 | INFO    | holoqpi.engine.trainer |   epoch 48 step 60/140 loss=0.4966
04:53:39 | INFO    | holoqpi.engine.trainer |   epoch 48 step 80/140 loss=0.5635
04:53:41 | INFO    | holoqpi.engine.trainer |   epoch 48 step 100/140 loss=0.5477
04:53:43 | INFO    | holoqpi.engine.trainer |   epoch 48 step 120/140 loss=0.5220
04:54:28 | INFO    | holoqpi.engine.trainer | epoch 48/60 (57s = 14s train + 43s val) | train_loss=0.5135  val_phase_mae=0.1673  val_dice=0.8202  val_cls_acc=0.6535  val_mass_mape=0.1927
04:54:29 | INFO    | holoqpi.engine.trainer |   epoch 49 step 0/140 loss=0.4065
04:54:31 | INFO    | holoqpi.engine.trainer |   epoch 49 step 20/140 loss=0.5160
04:54:32 | INFO    | holoqpi.engine.trainer |   epoch 49 step 40/140 loss=0.5434
04:54:34 | INFO    | holoqpi.engine.trainer |   epoch 49 step 60/140 loss=0.3856
04:54:36 | INFO    | holoqpi.engine.trainer |   epoch 49 step 80/140 loss=0.4641
04:54:38 | INFO    | holoqpi.engine.trainer |   epoch 49 step 100/140 loss=0.5487
04:54:40 | INFO    | holoqpi.engine.trainer |   epoch 49 step 120/140 loss=0.4888
04:55:25 | INFO    | holoqpi.engine.trainer | epoch 49/60 (57s = 14s train + 43s val) | train_loss=0.5151  val_phase_mae=0.1694  val_dice=0.8234  val_cls_acc=0.6693  val_mass_mape=0.1923
04:55:26 | INFO    | holoqpi.engine.trainer |   epoch 50 step 0/140 loss=0.4836
04:55:28 | INFO    | holoqpi.engine.trainer |   epoch 50 step 20/140 loss=0.4041
04:55:30 | INFO    | holoqpi.engine.trainer |   epoch 50 step 40/140 loss=0.7453
04:55:32 | INFO    | holoqpi.engine.trainer |   epoch 50 step 60/140 loss=0.3506
04:55:34 | INFO    | holoqpi.engine.trainer |   epoch 50 step 80/140 loss=0.4485
04:55:36 | INFO    | holoqpi.engine.trainer |   epoch 50 step 100/140 loss=0.4802
04:55:38 | INFO    | holoqpi.engine.trainer |   epoch 50 step 120/140 loss=0.4902
04:56:22 | INFO    | holoqpi.engine.trainer | epoch 50/60 (57s = 14s train + 43s val) | train_loss=0.5164  val_phase_mae=0.1680  val_dice=0.8228  val_cls_acc=0.6378  val_mass_mape=0.1919
04:56:23 | INFO    | holoqpi.engine.trainer |   epoch 51 step 0/140 loss=0.4597
04:56:25 | INFO    | holoqpi.engine.trainer |   epoch 51 step 20/140 loss=0.7880
04:56:27 | INFO    | holoqpi.engine.trainer |   epoch 51 step 40/140 loss=0.4539
04:56:29 | INFO    | holoqpi.engine.trainer |   epoch 51 step 60/140 loss=0.4624
04:56:31 | INFO    | holoqpi.engine.trainer |   epoch 51 step 80/140 loss=0.4999
04:56:33 | INFO    | holoqpi.engine.trainer |   epoch 51 step 100/140 loss=0.5997
04:56:35 | INFO    | holoqpi.engine.trainer |   epoch 51 step 120/140 loss=0.4470
04:57:20 | INFO    | holoqpi.engine.trainer | epoch 51/60 (58s = 14s train + 43s val) | train_loss=0.5051  val_phase_mae=0.1694  val_dice=0.8223  val_cls_acc=0.6772  val_mass_mape=0.1954
04:57:21 | INFO    | holoqpi.engine.trainer |   epoch 52 step 0/140 loss=0.8490
04:57:22 | INFO    | holoqpi.engine.trainer |   epoch 52 step 20/140 loss=0.4325
04:57:24 | INFO    | holoqpi.engine.trainer |   epoch 52 step 40/140 loss=0.5022
04:57:26 | INFO    | holoqpi.engine.trainer |   epoch 52 step 60/140 loss=0.5443
04:57:28 | INFO    | holoqpi.engine.trainer |   epoch 52 step 80/140 loss=0.4987
04:57:30 | INFO    | holoqpi.engine.trainer |   epoch 52 step 100/140 loss=0.5129
04:57:32 | INFO    | holoqpi.engine.trainer |   epoch 52 step 120/140 loss=0.4912
04:58:16 | INFO    | holoqpi.engine.trainer | epoch 52/60 (56s = 13s train + 43s val) | train_loss=0.5191  val_phase_mae=0.1697  val_dice=0.8232  val_cls_acc=0.6299  val_mass_mape=0.1888
04:58:17 | INFO    | holoqpi.engine.trainer |   epoch 53 step 0/140 loss=0.5655
04:58:19 | INFO    | holoqpi.engine.trainer |   epoch 53 step 20/140 loss=0.4988
04:58:21 | INFO    | holoqpi.engine.trainer |   epoch 53 step 40/140 loss=0.5312
04:58:23 | INFO    | holoqpi.engine.trainer |   epoch 53 step 60/140 loss=0.4340
04:58:24 | INFO    | holoqpi.engine.trainer |   epoch 53 step 80/140 loss=0.5253
04:58:26 | INFO    | holoqpi.engine.trainer |   epoch 53 step 100/140 loss=0.4777
04:58:28 | INFO    | holoqpi.engine.trainer |   epoch 53 step 120/140 loss=0.4463
04:59:13 | INFO    | holoqpi.engine.trainer | epoch 53/60 (57s = 14s train + 43s val) | train_loss=0.4996  val_phase_mae=0.1686  val_dice=0.8237  val_cls_acc=0.6457  val_mass_mape=0.1881
04:59:14 | INFO    | holoqpi.engine.trainer |   epoch 54 step 0/140 loss=0.4959
04:59:16 | INFO    | holoqpi.engine.trainer |   epoch 54 step 20/140 loss=0.6055
04:59:18 | INFO    | holoqpi.engine.trainer |   epoch 54 step 40/140 loss=0.4600
04:59:20 | INFO    | holoqpi.engine.trainer |   epoch 54 step 60/140 loss=0.5225
04:59:22 | INFO    | holoqpi.engine.trainer |   epoch 54 step 80/140 loss=0.4503
04:59:24 | INFO    | holoqpi.engine.trainer |   epoch 54 step 100/140 loss=0.4341
04:59:26 | INFO    | holoqpi.engine.trainer |   epoch 54 step 120/140 loss=0.5198
05:00:11 | INFO    | holoqpi.engine.trainer | epoch 54/60 (58s = 14s train + 43s val) | train_loss=0.5047  val_phase_mae=0.1693  val_dice=0.8220  val_cls_acc=0.6063  val_mass_mape=0.1907
05:00:11 | INFO    | holoqpi.engine.trainer |   epoch 55 step 0/140 loss=0.4061
05:00:13 | INFO    | holoqpi.engine.trainer |   epoch 55 step 20/140 loss=0.5655
05:00:15 | INFO    | holoqpi.engine.trainer |   epoch 55 step 40/140 loss=0.5874
05:00:17 | INFO    | holoqpi.engine.trainer |   epoch 55 step 60/140 loss=0.4731
05:00:19 | INFO    | holoqpi.engine.trainer |   epoch 55 step 80/140 loss=0.3629
05:00:21 | INFO    | holoqpi.engine.trainer |   epoch 55 step 100/140 loss=0.3820
05:00:23 | INFO    | holoqpi.engine.trainer |   epoch 55 step 120/140 loss=0.4279
05:01:08 | INFO    | holoqpi.engine.trainer | epoch 55/60 (57s = 14s train + 43s val) | train_loss=0.5008  val_phase_mae=0.1684  val_dice=0.8234  val_cls_acc=0.5827  val_mass_mape=0.1876
05:01:08 | INFO    | holoqpi.engine.trainer |   epoch 56 step 0/140 loss=0.4676
05:01:10 | INFO    | holoqpi.engine.trainer |   epoch 56 step 20/140 loss=0.5676
05:01:12 | INFO    | holoqpi.engine.trainer |   epoch 56 step 40/140 loss=0.4437
05:01:14 | INFO    | holoqpi.engine.trainer |   epoch 56 step 60/140 loss=0.4660
05:01:16 | INFO    | holoqpi.engine.trainer |   epoch 56 step 80/140 loss=0.4296
05:01:18 | INFO    | holoqpi.engine.trainer |   epoch 56 step 100/140 loss=0.4533
05:01:20 | INFO    | holoqpi.engine.trainer |   epoch 56 step 120/140 loss=0.3915
05:02:05 | INFO    | holoqpi.engine.trainer | epoch 56/60 (58s = 14s train + 43s val) | train_loss=0.4975  val_phase_mae=0.1686  val_dice=0.8231  val_cls_acc=0.6693  val_mass_mape=0.1919
05:02:06 | INFO    | holoqpi.engine.trainer |   epoch 57 step 0/140 loss=0.4916
05:02:08 | INFO    | holoqpi.engine.trainer |   epoch 57 step 20/140 loss=0.4269
05:02:10 | INFO    | holoqpi.engine.trainer |   epoch 57 step 40/140 loss=0.3430
05:02:11 | INFO    | holoqpi.engine.trainer |   epoch 57 step 60/140 loss=0.5281
05:02:13 | INFO    | holoqpi.engine.trainer |   epoch 57 step 80/140 loss=0.5366
05:02:15 | INFO    | holoqpi.engine.trainer |   epoch 57 step 100/140 loss=0.4573
05:02:17 | INFO    | holoqpi.engine.trainer |   epoch 57 step 120/140 loss=0.4656
05:03:02 | INFO    | holoqpi.engine.trainer | epoch 57/60 (57s = 14s train + 43s val) | train_loss=0.4930  val_phase_mae=0.1688  val_dice=0.8233  val_cls_acc=0.6457  val_mass_mape=0.1900
05:03:03 | INFO    | holoqpi.engine.trainer |   epoch 58 step 0/140 loss=0.5837
05:03:05 | INFO    | holoqpi.engine.trainer |   epoch 58 step 20/140 loss=0.5664
05:03:06 | INFO    | holoqpi.engine.trainer |   epoch 58 step 40/140 loss=0.5857
05:03:09 | INFO    | holoqpi.engine.trainer |   epoch 58 step 60/140 loss=0.5661
05:03:11 | INFO    | holoqpi.engine.trainer |   epoch 58 step 80/140 loss=0.5467
05:03:13 | INFO    | holoqpi.engine.trainer |   epoch 58 step 100/140 loss=0.4670
05:03:15 | INFO    | holoqpi.engine.trainer |   epoch 58 step 120/140 loss=0.4386
05:04:00 | INFO    | holoqpi.engine.trainer | epoch 58/60 (57s = 14s train + 43s val) | train_loss=0.5085  val_phase_mae=0.1679  val_dice=0.8224  val_cls_acc=0.7244  val_mass_mape=0.1908
05:04:00 | INFO    | holoqpi.engine.trainer |   epoch 59 step 0/140 loss=0.4179
05:04:02 | INFO    | holoqpi.engine.trainer |   epoch 59 step 20/140 loss=0.4728
05:04:04 | INFO    | holoqpi.engine.trainer |   epoch 59 step 40/140 loss=0.4602
05:04:06 | INFO    | holoqpi.engine.trainer |   epoch 59 step 60/140 loss=0.5731
05:04:08 | INFO    | holoqpi.engine.trainer |   epoch 59 step 80/140 loss=0.4694
05:04:10 | INFO    | holoqpi.engine.trainer |   epoch 59 step 100/140 loss=0.3598
05:04:12 | INFO    | holoqpi.engine.trainer |   epoch 59 step 120/140 loss=0.4384
05:04:56 | INFO    | holoqpi.engine.trainer | epoch 59/60 (57s = 14s train + 43s val) | train_loss=0.4903  val_phase_mae=0.1685  val_dice=0.8233  val_cls_acc=0.6772  val_mass_mape=0.1920
05:04:57 | INFO    | holoqpi.engine.trainer |   epoch 60 step 0/140 loss=0.3856
05:04:59 | INFO    | holoqpi.engine.trainer |   epoch 60 step 20/140 loss=0.4299
05:05:01 | INFO    | holoqpi.engine.trainer |   epoch 60 step 40/140 loss=0.7635
05:05:03 | INFO    | holoqpi.engine.trainer |   epoch 60 step 60/140 loss=0.5212
05:05:04 | INFO    | holoqpi.engine.trainer |   epoch 60 step 80/140 loss=0.5036
05:05:06 | INFO    | holoqpi.engine.trainer |   epoch 60 step 100/140 loss=0.4407
05:05:08 | INFO    | holoqpi.engine.trainer |   epoch 60 step 120/140 loss=0.5647
05:05:53 | INFO    | holoqpi.engine.trainer | epoch 60/60 (57s = 14s train + 43s val) | train_loss=0.4951  val_phase_mae=0.1685  val_dice=0.8236  val_cls_acc=0.6457  val_mass_mape=0.1888
05:05:54 | INFO    | holoqpi.engine.trainer | training finished; best epoch 41 (composite=0.8113)
05:05:54 | INFO    | holoqpi.engine.trainer | checkpoint best_model.pt: 446/446 tensors matched
05:06:33 | INFO    | holoqpi.engine.compare | modality=off_axis test metrics written to runs/no_measurement_off_axis
05:06:34 | INFO    | holoqpi.engine.compare | ======================================================================
05:06:34 | INFO    | holoqpi.engine.compare | modality=gabor  device=cuda  run_dir=runs/no_measurement_gabor
05:06:34 | INFO    | holoqpi.engine.compare | ======================================================================
05:06:34 | INFO    | holoqpi.data.dataset | train split: 560 samples | modality=gabor | crop=512 | augment=True
05:06:34 | INFO    | holoqpi.data.dataset | val split: 127 samples | modality=gabor | crop=None | augment=False
05:06:34 | INFO    | holoqpi.data.dataset | test split: 113 samples | modality=gabor | crop=None | augment=False
05:06:34 | INFO    | holoqpi.models.encoders | encoder=mobilenet_v2 in_channels=1 pretrained=True stages=[16, 24, 32, 96, 1280]
05:06:34 | INFO    | holoqpi.models.holonet | HoloQPINet built: 9.76M parameters, 9.76M trainable (100.0%)
05:06:34 | INFO    | holoqpi.engine.trainer | trainable 9.76M / 9.76M parameters (100.0%)
05:06:34 | INFO    | holoqpi.engine.trainer | active physics terms: ['phase_mask_contrast', 'boundary_gradient_alignment', 'phase_volume']
05:06:35 | INFO    | holoqpi.engine.trainer |   epoch 1 step 0/140 loss=2.2876
05:06:37 | INFO    | holoqpi.engine.trainer |   epoch 1 step 20/140 loss=2.0479
05:06:38 | INFO    | holoqpi.engine.trainer |   epoch 1 step 40/140 loss=1.5081
05:06:40 | INFO    | holoqpi.engine.trainer |   epoch 1 step 60/140 loss=1.3706
05:06:42 | INFO    | holoqpi.engine.trainer |   epoch 1 step 80/140 loss=1.3041
05:06:44 | INFO    | holoqpi.engine.trainer |   epoch 1 step 100/140 loss=1.1587
05:06:46 | INFO    | holoqpi.engine.trainer |   epoch 1 step 120/140 loss=1.2633
05:07:34 | INFO    | holoqpi.engine.trainer |   new best composite=0.6688
05:07:34 | INFO    | holoqpi.engine.trainer | epoch 1/60 (60s = 14s train + 46s val) | train_loss=1.5041  val_phase_mae=0.2256  val_dice=0.6862  val_cls_acc=0.4567  val_mass_mape=0.3192
05:07:34 | INFO    | holoqpi.engine.trainer |   at this rate the full 60-epoch schedule takes about 60 min
05:07:35 | INFO    | holoqpi.engine.trainer |   epoch 2 step 0/140 loss=1.1373
05:07:37 | INFO    | holoqpi.engine.trainer |   epoch 2 step 20/140 loss=1.2126
05:07:38 | INFO    | holoqpi.engine.trainer |   epoch 2 step 40/140 loss=1.0284
05:07:40 | INFO    | holoqpi.engine.trainer |   epoch 2 step 60/140 loss=0.9579
05:07:43 | INFO    | holoqpi.engine.trainer |   epoch 2 step 80/140 loss=1.3086
05:07:45 | INFO    | holoqpi.engine.trainer |   epoch 2 step 100/140 loss=0.9068
05:07:46 | INFO    | holoqpi.engine.trainer |   epoch 2 step 120/140 loss=1.1756
05:08:33 | INFO    | holoqpi.engine.trainer |   new best composite=0.6896
05:08:33 | INFO    | holoqpi.engine.trainer | epoch 2/60 (59s = 14s train + 45s val) | train_loss=1.1160  val_phase_mae=0.2213  val_dice=0.6967  val_cls_acc=0.4803  val_mass_mape=0.2872
05:08:34 | INFO    | holoqpi.engine.trainer |   epoch 3 step 0/140 loss=0.9831
05:08:36 | INFO    | holoqpi.engine.trainer |   epoch 3 step 20/140 loss=0.8412
05:08:38 | INFO    | holoqpi.engine.trainer |   epoch 3 step 40/140 loss=1.1988
05:08:40 | INFO    | holoqpi.engine.trainer |   epoch 3 step 60/140 loss=0.9041
05:08:42 | INFO    | holoqpi.engine.trainer |   epoch 3 step 80/140 loss=0.8342
05:08:44 | INFO    | holoqpi.engine.trainer |   epoch 3 step 100/140 loss=1.2494
05:08:46 | INFO    | holoqpi.engine.trainer |   epoch 3 step 120/140 loss=1.1026
05:09:32 | INFO    | holoqpi.engine.trainer | epoch 3/60 (58s = 14s train + 44s val) | train_loss=0.9786  val_phase_mae=0.2133  val_dice=0.7340  val_cls_acc=0.4646  val_mass_mape=0.4417
05:09:32 | INFO    | holoqpi.engine.trainer |   epoch 4 step 0/140 loss=0.8759
05:09:34 | INFO    | holoqpi.engine.trainer |   epoch 4 step 20/140 loss=1.0511
05:09:36 | INFO    | holoqpi.engine.trainer |   epoch 4 step 40/140 loss=0.9797
05:09:38 | INFO    | holoqpi.engine.trainer |   epoch 4 step 60/140 loss=1.3949
05:09:40 | INFO    | holoqpi.engine.trainer |   epoch 4 step 80/140 loss=0.9545
05:09:42 | INFO    | holoqpi.engine.trainer |   epoch 4 step 100/140 loss=0.9249
05:09:43 | INFO    | holoqpi.engine.trainer |   epoch 4 step 120/140 loss=0.8035
05:10:30 | INFO    | holoqpi.engine.trainer |   new best composite=0.7090
05:10:30 | INFO    | holoqpi.engine.trainer | epoch 4/60 (58s = 13s train + 45s val) | train_loss=0.9636  val_phase_mae=0.2022  val_dice=0.7403  val_cls_acc=0.5906  val_mass_mape=0.3421
05:10:31 | INFO    | holoqpi.engine.trainer |   epoch 5 step 0/140 loss=0.8112
05:10:33 | INFO    | holoqpi.engine.trainer |   epoch 5 step 20/140 loss=0.7699
05:10:35 | INFO    | holoqpi.engine.trainer |   epoch 5 step 40/140 loss=0.8504
05:10:36 | INFO    | holoqpi.engine.trainer |   epoch 5 step 60/140 loss=1.0993
05:10:38 | INFO    | holoqpi.engine.trainer |   epoch 5 step 80/140 loss=0.9873
05:10:40 | INFO    | holoqpi.engine.trainer |   epoch 5 step 100/140 loss=0.8680
05:10:42 | INFO    | holoqpi.engine.trainer |   epoch 5 step 120/140 loss=1.0581
05:11:28 | INFO    | holoqpi.engine.trainer |   new best composite=0.7253
05:11:28 | INFO    | holoqpi.engine.trainer | epoch 5/60 (57s = 13s train + 44s val) | train_loss=0.9291  val_phase_mae=0.1982  val_dice=0.7546  val_cls_acc=0.5669  val_mass_mape=0.3174
05:11:28 | INFO    | holoqpi.engine.trainer |   epoch 6 step 0/140 loss=1.2027
05:11:30 | INFO    | holoqpi.engine.trainer |   epoch 6 step 20/140 loss=1.0717
05:11:32 | INFO    | holoqpi.engine.trainer |   epoch 6 step 40/140 loss=0.8880
05:11:34 | INFO    | holoqpi.engine.trainer |   epoch 6 step 60/140 loss=0.6486
05:11:36 | INFO    | holoqpi.engine.trainer |   epoch 6 step 80/140 loss=0.7494
05:11:38 | INFO    | holoqpi.engine.trainer |   epoch 6 step 100/140 loss=0.7575
05:11:40 | INFO    | holoqpi.engine.trainer |   epoch 6 step 120/140 loss=0.7924
05:12:26 | INFO    | holoqpi.engine.trainer | epoch 6/60 (58s = 13s train + 44s val) | train_loss=0.9071  val_phase_mae=0.1998  val_dice=0.7459  val_cls_acc=0.5984  val_mass_mape=0.3100
05:12:26 | INFO    | holoqpi.engine.trainer |   epoch 7 step 0/140 loss=0.7429
05:12:28 | INFO    | holoqpi.engine.trainer |   epoch 7 step 20/140 loss=0.9579
05:12:30 | INFO    | holoqpi.engine.trainer |   epoch 7 step 40/140 loss=1.0604
05:12:32 | INFO    | holoqpi.engine.trainer |   epoch 7 step 60/140 loss=0.8562
05:12:34 | INFO    | holoqpi.engine.trainer |   epoch 7 step 80/140 loss=0.7886
05:12:36 | INFO    | holoqpi.engine.trainer |   epoch 7 step 100/140 loss=0.9946
05:12:37 | INFO    | holoqpi.engine.trainer |   epoch 7 step 120/140 loss=0.9839
05:13:24 | INFO    | holoqpi.engine.trainer | epoch 7/60 (58s = 14s train + 44s val) | train_loss=0.8915  val_phase_mae=0.2172  val_dice=0.7339  val_cls_acc=0.5984  val_mass_mape=0.4845
05:13:24 | INFO    | holoqpi.engine.trainer |   epoch 8 step 0/140 loss=0.8084
05:13:26 | INFO    | holoqpi.engine.trainer |   epoch 8 step 20/140 loss=0.9871
05:13:28 | INFO    | holoqpi.engine.trainer |   epoch 8 step 40/140 loss=0.8691
05:13:30 | INFO    | holoqpi.engine.trainer |   epoch 8 step 60/140 loss=0.6992
05:13:31 | INFO    | holoqpi.engine.trainer |   epoch 8 step 80/140 loss=1.0980
05:13:33 | INFO    | holoqpi.engine.trainer |   epoch 8 step 100/140 loss=0.8568
05:13:35 | INFO    | holoqpi.engine.trainer |   epoch 8 step 120/140 loss=0.8078
05:14:21 | INFO    | holoqpi.engine.trainer |   new best composite=0.7309
05:14:21 | INFO    | holoqpi.engine.trainer | epoch 8/60 (57s = 13s train + 44s val) | train_loss=0.8830  val_phase_mae=0.2013  val_dice=0.7390  val_cls_acc=0.6614  val_mass_mape=0.2612
05:14:22 | INFO    | holoqpi.engine.trainer |   epoch 9 step 0/140 loss=0.8488
05:14:23 | INFO    | holoqpi.engine.trainer |   epoch 9 step 20/140 loss=0.6501
05:14:25 | INFO    | holoqpi.engine.trainer |   epoch 9 step 40/140 loss=1.0408
05:14:27 | INFO    | holoqpi.engine.trainer |   epoch 9 step 60/140 loss=0.9202
05:14:29 | INFO    | holoqpi.engine.trainer |   epoch 9 step 80/140 loss=0.8422
05:14:31 | INFO    | holoqpi.engine.trainer |   epoch 9 step 100/140 loss=0.7447
05:14:32 | INFO    | holoqpi.engine.trainer |   epoch 9 step 120/140 loss=0.8292
05:15:19 | INFO    | holoqpi.engine.trainer |   new best composite=0.7390
05:15:19 | INFO    | holoqpi.engine.trainer | epoch 9/60 (57s = 13s train + 44s val) | train_loss=0.8781  val_phase_mae=0.1901  val_dice=0.7444  val_cls_acc=0.6378  val_mass_mape=0.2488
05:15:19 | INFO    | holoqpi.engine.trainer |   epoch 10 step 0/140 loss=0.8746
05:15:21 | INFO    | holoqpi.engine.trainer |   epoch 10 step 20/140 loss=0.7321
05:15:23 | INFO    | holoqpi.engine.trainer |   epoch 10 step 40/140 loss=1.0247
05:15:25 | INFO    | holoqpi.engine.trainer |   epoch 10 step 60/140 loss=0.9106
05:15:27 | INFO    | holoqpi.engine.trainer |   epoch 10 step 80/140 loss=1.0656
05:15:28 | INFO    | holoqpi.engine.trainer |   epoch 10 step 100/140 loss=1.0716
05:15:30 | INFO    | holoqpi.engine.trainer |   epoch 10 step 120/140 loss=0.8872
05:16:16 | INFO    | holoqpi.engine.trainer |   new best composite=0.7492
05:16:16 | INFO    | holoqpi.engine.trainer | epoch 10/60 (57s = 13s train + 44s val) | train_loss=0.8846  val_phase_mae=0.1896  val_dice=0.7574  val_cls_acc=0.4331  val_mass_mape=0.2400
05:16:17 | INFO    | holoqpi.engine.trainer |   epoch 11 step 0/140 loss=0.8303
05:16:18 | INFO    | holoqpi.engine.trainer |   epoch 11 step 20/140 loss=0.8940
05:16:20 | INFO    | holoqpi.engine.trainer |   epoch 11 step 40/140 loss=1.0109
05:16:22 | INFO    | holoqpi.engine.trainer |   epoch 11 step 60/140 loss=0.7027
05:16:24 | INFO    | holoqpi.engine.trainer |   epoch 11 step 80/140 loss=0.6708
05:16:25 | INFO    | holoqpi.engine.trainer |   epoch 11 step 100/140 loss=0.7025
05:16:27 | INFO    | holoqpi.engine.trainer |   epoch 11 step 120/140 loss=0.7711
05:17:13 | INFO    | holoqpi.engine.trainer | epoch 11/60 (57s = 13s train + 44s val) | train_loss=0.8668  val_phase_mae=0.1994  val_dice=0.7472  val_cls_acc=0.6457  val_mass_mape=0.2819
05:17:14 | INFO    | holoqpi.engine.trainer |   epoch 12 step 0/140 loss=0.7073
05:17:16 | INFO    | holoqpi.engine.trainer |   epoch 12 step 20/140 loss=1.2774
05:17:17 | INFO    | holoqpi.engine.trainer |   epoch 12 step 40/140 loss=0.7547
05:17:19 | INFO    | holoqpi.engine.trainer |   epoch 12 step 60/140 loss=1.5352
05:17:21 | INFO    | holoqpi.engine.trainer |   epoch 12 step 80/140 loss=1.0193
05:17:23 | INFO    | holoqpi.engine.trainer |   epoch 12 step 100/140 loss=0.7421
05:17:25 | INFO    | holoqpi.engine.trainer |   epoch 12 step 120/140 loss=0.6794
05:18:11 | INFO    | holoqpi.engine.trainer | epoch 12/60 (58s = 14s train + 45s val) | train_loss=0.8516  val_phase_mae=0.2014  val_dice=0.7348  val_cls_acc=0.5669  val_mass_mape=0.2739
05:18:12 | INFO    | holoqpi.engine.trainer |   epoch 13 step 0/140 loss=0.8718
05:18:14 | INFO    | holoqpi.engine.trainer |   epoch 13 step 20/140 loss=0.8634
05:18:15 | INFO    | holoqpi.engine.trainer |   epoch 13 step 40/140 loss=1.1909
05:18:17 | INFO    | holoqpi.engine.trainer |   epoch 13 step 60/140 loss=0.8391
05:18:19 | INFO    | holoqpi.engine.trainer |   epoch 13 step 80/140 loss=1.1253
05:18:21 | INFO    | holoqpi.engine.trainer |   epoch 13 step 100/140 loss=0.8427
05:18:23 | INFO    | holoqpi.engine.trainer |   epoch 13 step 120/140 loss=0.7773
05:19:08 | INFO    | holoqpi.engine.trainer | epoch 13/60 (56s = 13s train + 44s val) | train_loss=0.8601  val_phase_mae=0.1902  val_dice=0.7545  val_cls_acc=0.4803  val_mass_mape=0.2446
05:19:08 | INFO    | holoqpi.engine.trainer |   epoch 14 step 0/140 loss=0.8727
05:19:10 | INFO    | holoqpi.engine.trainer |   epoch 14 step 20/140 loss=1.0213
05:19:12 | INFO    | holoqpi.engine.trainer |   epoch 14 step 40/140 loss=0.9383
05:19:14 | INFO    | holoqpi.engine.trainer |   epoch 14 step 60/140 loss=0.6982
05:19:15 | INFO    | holoqpi.engine.trainer |   epoch 14 step 80/140 loss=1.0103
05:19:17 | INFO    | holoqpi.engine.trainer |   epoch 14 step 100/140 loss=0.6853
05:19:19 | INFO    | holoqpi.engine.trainer |   epoch 14 step 120/140 loss=0.7751
05:20:05 | INFO    | holoqpi.engine.trainer |   new best composite=0.7503
05:20:05 | INFO    | holoqpi.engine.trainer | epoch 14/60 (57s = 13s train + 44s val) | train_loss=0.8490  val_phase_mae=0.1885  val_dice=0.7572  val_cls_acc=0.4252  val_mass_mape=0.2344
05:20:05 | INFO    | holoqpi.engine.trainer |   epoch 15 step 0/140 loss=0.7721
05:20:07 | INFO    | holoqpi.engine.trainer |   epoch 15 step 20/140 loss=0.6749
05:20:09 | INFO    | holoqpi.engine.trainer |   epoch 15 step 40/140 loss=0.6530
05:20:11 | INFO    | holoqpi.engine.trainer |   epoch 15 step 60/140 loss=1.0720
05:20:13 | INFO    | holoqpi.engine.trainer |   epoch 15 step 80/140 loss=1.0752
05:20:15 | INFO    | holoqpi.engine.trainer |   epoch 15 step 100/140 loss=0.6782
05:20:16 | INFO    | holoqpi.engine.trainer |   epoch 15 step 120/140 loss=0.7817
05:21:01 | INFO    | holoqpi.engine.trainer | epoch 15/60 (56s = 13s train + 43s val) | train_loss=0.8375  val_phase_mae=0.1914  val_dice=0.7473  val_cls_acc=0.6142  val_mass_mape=0.2493
05:21:02 | INFO    | holoqpi.engine.trainer |   epoch 16 step 0/140 loss=0.9237
05:21:04 | INFO    | holoqpi.engine.trainer |   epoch 16 step 20/140 loss=0.9716
05:21:05 | INFO    | holoqpi.engine.trainer |   epoch 16 step 40/140 loss=0.7296
05:21:07 | INFO    | holoqpi.engine.trainer |   epoch 16 step 60/140 loss=0.8367
05:21:09 | INFO    | holoqpi.engine.trainer |   epoch 16 step 80/140 loss=0.7375
05:21:11 | INFO    | holoqpi.engine.trainer |   epoch 16 step 100/140 loss=1.0772
05:21:13 | INFO    | holoqpi.engine.trainer |   epoch 16 step 120/140 loss=0.8465
05:21:58 | INFO    | holoqpi.engine.trainer | epoch 16/60 (57s = 13s train + 44s val) | train_loss=0.8338  val_phase_mae=0.1900  val_dice=0.7543  val_cls_acc=0.5984  val_mass_mape=0.2541
05:21:59 | INFO    | holoqpi.engine.trainer |   epoch 17 step 0/140 loss=1.0485
05:22:00 | INFO    | holoqpi.engine.trainer |   epoch 17 step 20/140 loss=1.2233
05:22:02 | INFO    | holoqpi.engine.trainer |   epoch 17 step 40/140 loss=1.2794
05:22:04 | INFO    | holoqpi.engine.trainer |   epoch 17 step 60/140 loss=0.6977
05:22:06 | INFO    | holoqpi.engine.trainer |   epoch 17 step 80/140 loss=0.6823
05:22:08 | INFO    | holoqpi.engine.trainer |   epoch 17 step 100/140 loss=1.1192
05:22:09 | INFO    | holoqpi.engine.trainer |   epoch 17 step 120/140 loss=0.6796
05:22:55 | INFO    | holoqpi.engine.trainer | epoch 17/60 (57s = 13s train + 44s val) | train_loss=0.8204  val_phase_mae=0.1917  val_dice=0.7487  val_cls_acc=0.6220  val_mass_mape=0.2379
05:22:55 | INFO    | holoqpi.engine.trainer |   epoch 18 step 0/140 loss=0.6241
05:22:57 | INFO    | holoqpi.engine.trainer |   epoch 18 step 20/140 loss=0.7709
05:22:59 | INFO    | holoqpi.engine.trainer |   epoch 18 step 40/140 loss=0.6523
05:23:01 | INFO    | holoqpi.engine.trainer |   epoch 18 step 60/140 loss=0.7752
05:23:03 | INFO    | holoqpi.engine.trainer |   epoch 18 step 80/140 loss=1.0985
05:23:04 | INFO    | holoqpi.engine.trainer |   epoch 18 step 100/140 loss=0.8002
05:23:06 | INFO    | holoqpi.engine.trainer |   epoch 18 step 120/140 loss=0.9806
05:23:51 | INFO    | holoqpi.engine.trainer | epoch 18/60 (56s = 13s train + 43s val) | train_loss=0.8106  val_phase_mae=0.1920  val_dice=0.7470  val_cls_acc=0.6850  val_mass_mape=0.2366
05:23:52 | INFO    | holoqpi.engine.trainer |   epoch 19 step 0/140 loss=0.6239
05:23:54 | INFO    | holoqpi.engine.trainer |   epoch 19 step 20/140 loss=0.6328
05:23:55 | INFO    | holoqpi.engine.trainer |   epoch 19 step 40/140 loss=0.6737
05:23:57 | INFO    | holoqpi.engine.trainer |   epoch 19 step 60/140 loss=0.7233
05:23:59 | INFO    | holoqpi.engine.trainer |   epoch 19 step 80/140 loss=0.9018
05:24:01 | INFO    | holoqpi.engine.trainer |   epoch 19 step 100/140 loss=0.6840
05:24:03 | INFO    | holoqpi.engine.trainer |   epoch 19 step 120/140 loss=0.9988
05:24:48 | INFO    | holoqpi.engine.trainer |   new best composite=0.7554
05:24:48 | INFO    | holoqpi.engine.trainer | epoch 19/60 (56s = 13s train + 43s val) | train_loss=0.8186  val_phase_mae=0.1850  val_dice=0.7659  val_cls_acc=0.6142  val_mass_mape=0.2425
05:24:48 | INFO    | holoqpi.engine.trainer |   epoch 20 step 0/140 loss=0.8612
05:24:50 | INFO    | holoqpi.engine.trainer |   epoch 20 step 20/140 loss=0.8855
05:24:52 | INFO    | holoqpi.engine.trainer |   epoch 20 step 40/140 loss=0.8013
05:24:54 | INFO    | holoqpi.engine.trainer |   epoch 20 step 60/140 loss=0.8924
05:24:55 | INFO    | holoqpi.engine.trainer |   epoch 20 step 80/140 loss=0.5633
05:24:57 | INFO    | holoqpi.engine.trainer |   epoch 20 step 100/140 loss=1.0278
05:24:59 | INFO    | holoqpi.engine.trainer |   epoch 20 step 120/140 loss=0.7542
05:25:44 | INFO    | holoqpi.engine.trainer | epoch 20/60 (57s = 13s train + 44s val) | train_loss=0.8045  val_phase_mae=0.1901  val_dice=0.7625  val_cls_acc=0.6929  val_mass_mape=0.2870
05:25:45 | INFO    | holoqpi.engine.trainer |   epoch 21 step 0/140 loss=0.8129
05:25:47 | INFO    | holoqpi.engine.trainer |   epoch 21 step 20/140 loss=0.8996
05:25:49 | INFO    | holoqpi.engine.trainer |   epoch 21 step 40/140 loss=0.9185
05:25:50 | INFO    | holoqpi.engine.trainer |   epoch 21 step 60/140 loss=0.7103
05:25:52 | INFO    | holoqpi.engine.trainer |   epoch 21 step 80/140 loss=0.7305
05:25:54 | INFO    | holoqpi.engine.trainer |   epoch 21 step 100/140 loss=0.6526
05:25:56 | INFO    | holoqpi.engine.trainer |   epoch 21 step 120/140 loss=0.6664
05:26:42 | INFO    | holoqpi.engine.trainer | epoch 21/60 (57s = 13s train + 44s val) | train_loss=0.8060  val_phase_mae=0.1874  val_dice=0.7570  val_cls_acc=0.5984  val_mass_mape=0.2387
05:26:42 | INFO    | holoqpi.engine.trainer |   epoch 22 step 0/140 loss=0.7007
05:26:44 | INFO    | holoqpi.engine.trainer |   epoch 22 step 20/140 loss=0.7588
05:26:46 | INFO    | holoqpi.engine.trainer |   epoch 22 step 40/140 loss=0.6705
05:26:48 | INFO    | holoqpi.engine.trainer |   epoch 22 step 60/140 loss=0.6635
05:26:49 | INFO    | holoqpi.engine.trainer |   epoch 22 step 80/140 loss=0.6353
05:26:51 | INFO    | holoqpi.engine.trainer |   epoch 22 step 100/140 loss=0.7720
05:26:53 | INFO    | holoqpi.engine.trainer |   epoch 22 step 120/140 loss=1.3227
05:27:39 | INFO    | holoqpi.engine.trainer |   new best composite=0.7587
05:27:39 | INFO    | holoqpi.engine.trainer | epoch 22/60 (57s = 13s train + 44s val) | train_loss=0.7989  val_phase_mae=0.1843  val_dice=0.7676  val_cls_acc=0.6535  val_mass_mape=0.2288
05:27:40 | INFO    | holoqpi.engine.trainer |   epoch 23 step 0/140 loss=0.9361
05:27:41 | INFO    | holoqpi.engine.trainer |   epoch 23 step 20/140 loss=0.7053
05:27:43 | INFO    | holoqpi.engine.trainer |   epoch 23 step 40/140 loss=0.7733
05:27:45 | INFO    | holoqpi.engine.trainer |   epoch 23 step 60/140 loss=1.0813
05:27:47 | INFO    | holoqpi.engine.trainer |   epoch 23 step 80/140 loss=1.2114
05:27:48 | INFO    | holoqpi.engine.trainer |   epoch 23 step 100/140 loss=0.6907
05:27:50 | INFO    | holoqpi.engine.trainer |   epoch 23 step 120/140 loss=1.0567
05:28:36 | INFO    | holoqpi.engine.trainer | epoch 23/60 (57s = 13s train + 44s val) | train_loss=0.7933  val_phase_mae=0.1907  val_dice=0.7609  val_cls_acc=0.6929  val_mass_mape=0.2956
05:28:36 | INFO    | holoqpi.engine.trainer |   epoch 24 step 0/140 loss=0.7260
05:28:38 | INFO    | holoqpi.engine.trainer |   epoch 24 step 20/140 loss=0.5672
05:28:40 | INFO    | holoqpi.engine.trainer |   epoch 24 step 40/140 loss=0.6669
05:28:41 | INFO    | holoqpi.engine.trainer |   epoch 24 step 60/140 loss=0.7820
05:28:43 | INFO    | holoqpi.engine.trainer |   epoch 24 step 80/140 loss=0.7249
05:28:45 | INFO    | holoqpi.engine.trainer |   epoch 24 step 100/140 loss=1.0150
05:28:47 | INFO    | holoqpi.engine.trainer |   epoch 24 step 120/140 loss=0.9002
05:29:32 | INFO    | holoqpi.engine.trainer | epoch 24/60 (57s = 13s train + 44s val) | train_loss=0.7933  val_phase_mae=0.1877  val_dice=0.7560  val_cls_acc=0.6299  val_mass_mape=0.2308
05:29:33 | INFO    | holoqpi.engine.trainer |   epoch 25 step 0/140 loss=0.7684
05:29:35 | INFO    | holoqpi.engine.trainer |   epoch 25 step 20/140 loss=0.6980
05:29:37 | INFO    | holoqpi.engine.trainer |   epoch 25 step 40/140 loss=0.6458
05:29:38 | INFO    | holoqpi.engine.trainer |   epoch 25 step 60/140 loss=0.6556
05:29:40 | INFO    | holoqpi.engine.trainer |   epoch 25 step 80/140 loss=0.8610
05:29:42 | INFO    | holoqpi.engine.trainer |   epoch 25 step 100/140 loss=0.8505
05:29:44 | INFO    | holoqpi.engine.trainer |   epoch 25 step 120/140 loss=1.6239
05:30:29 | INFO    | holoqpi.engine.trainer | epoch 25/60 (57s = 13s train + 44s val) | train_loss=0.7926  val_phase_mae=0.1919  val_dice=0.7487  val_cls_acc=0.6693  val_mass_mape=0.2380
05:30:30 | INFO    | holoqpi.engine.trainer |   epoch 26 step 0/140 loss=0.7882
05:30:31 | INFO    | holoqpi.engine.trainer |   epoch 26 step 20/140 loss=0.6114
05:30:33 | INFO    | holoqpi.engine.trainer |   epoch 26 step 40/140 loss=0.7171
05:30:35 | INFO    | holoqpi.engine.trainer |   epoch 26 step 60/140 loss=0.7701
05:30:37 | INFO    | holoqpi.engine.trainer |   epoch 26 step 80/140 loss=0.8738
05:30:39 | INFO    | holoqpi.engine.trainer |   epoch 26 step 100/140 loss=0.7824
05:30:40 | INFO    | holoqpi.engine.trainer |   epoch 26 step 120/140 loss=0.6247
05:31:26 | INFO    | holoqpi.engine.trainer | epoch 26/60 (57s = 13s train + 44s val) | train_loss=0.7809  val_phase_mae=0.1814  val_dice=0.7678  val_cls_acc=0.6850  val_mass_mape=0.2431
05:31:26 | INFO    | holoqpi.engine.trainer |   epoch 27 step 0/140 loss=0.6424
05:31:28 | INFO    | holoqpi.engine.trainer |   epoch 27 step 20/140 loss=0.6282
05:31:30 | INFO    | holoqpi.engine.trainer |   epoch 27 step 40/140 loss=0.8975
05:31:31 | INFO    | holoqpi.engine.trainer |   epoch 27 step 60/140 loss=0.8860
05:31:33 | INFO    | holoqpi.engine.trainer |   epoch 27 step 80/140 loss=0.6111
05:31:35 | INFO    | holoqpi.engine.trainer |   epoch 27 step 100/140 loss=0.8680
05:31:37 | INFO    | holoqpi.engine.trainer |   epoch 27 step 120/140 loss=0.5561
05:32:23 | INFO    | holoqpi.engine.trainer | epoch 27/60 (57s = 13s train + 44s val) | train_loss=0.7642  val_phase_mae=0.1866  val_dice=0.7574  val_cls_acc=0.7087  val_mass_mape=0.2470
05:32:23 | INFO    | holoqpi.engine.trainer |   epoch 28 step 0/140 loss=0.6885
05:32:25 | INFO    | holoqpi.engine.trainer |   epoch 28 step 20/140 loss=0.7098
05:32:27 | INFO    | holoqpi.engine.trainer |   epoch 28 step 40/140 loss=0.6967
05:32:28 | INFO    | holoqpi.engine.trainer |   epoch 28 step 60/140 loss=0.7161
05:32:30 | INFO    | holoqpi.engine.trainer |   epoch 28 step 80/140 loss=0.6840
05:32:32 | INFO    | holoqpi.engine.trainer |   epoch 28 step 100/140 loss=0.8069
05:32:34 | INFO    | holoqpi.engine.trainer |   epoch 28 step 120/140 loss=0.5715
05:33:19 | INFO    | holoqpi.engine.trainer | epoch 28/60 (57s = 13s train + 44s val) | train_loss=0.7697  val_phase_mae=0.1856  val_dice=0.7604  val_cls_acc=0.6929  val_mass_mape=0.2319
05:33:20 | INFO    | holoqpi.engine.trainer |   epoch 29 step 0/140 loss=0.7030
05:33:21 | INFO    | holoqpi.engine.trainer |   epoch 29 step 20/140 loss=0.9274
05:33:23 | INFO    | holoqpi.engine.trainer |   epoch 29 step 40/140 loss=0.8399
05:33:25 | INFO    | holoqpi.engine.trainer |   epoch 29 step 60/140 loss=0.6182
05:33:27 | INFO    | holoqpi.engine.trainer |   epoch 29 step 80/140 loss=1.1998
05:33:29 | INFO    | holoqpi.engine.trainer |   epoch 29 step 100/140 loss=0.6853
05:33:30 | INFO    | holoqpi.engine.trainer |   epoch 29 step 120/140 loss=0.6773
05:34:16 | INFO    | holoqpi.engine.trainer | epoch 29/60 (57s = 13s train + 44s val) | train_loss=0.7453  val_phase_mae=0.1839  val_dice=0.7641  val_cls_acc=0.7323  val_mass_mape=0.2329
05:34:17 | INFO    | holoqpi.engine.trainer |   epoch 30 step 0/140 loss=0.5942
05:34:18 | INFO    | holoqpi.engine.trainer |   epoch 30 step 20/140 loss=0.7314
05:34:20 | INFO    | holoqpi.engine.trainer |   epoch 30 step 40/140 loss=2.0363
05:34:22 | INFO    | holoqpi.engine.trainer |   epoch 30 step 60/140 loss=0.6476
05:34:24 | INFO    | holoqpi.engine.trainer |   epoch 30 step 80/140 loss=0.6904
05:34:26 | INFO    | holoqpi.engine.trainer |   epoch 30 step 100/140 loss=0.8930
05:34:27 | INFO    | holoqpi.engine.trainer |   epoch 30 step 120/140 loss=0.9669
05:35:13 | INFO    | holoqpi.engine.trainer | epoch 30/60 (57s = 13s train + 44s val) | train_loss=0.7584  val_phase_mae=0.1852  val_dice=0.7655  val_cls_acc=0.7008  val_mass_mape=0.2537
05:35:13 | INFO    | holoqpi.engine.trainer |   epoch 31 step 0/140 loss=0.8548
05:35:15 | INFO    | holoqpi.engine.trainer |   epoch 31 step 20/140 loss=0.6769
05:35:17 | INFO    | holoqpi.engine.trainer |   epoch 31 step 40/140 loss=0.8126
05:35:19 | INFO    | holoqpi.engine.trainer |   epoch 31 step 60/140 loss=0.6810
05:35:21 | INFO    | holoqpi.engine.trainer |   epoch 31 step 80/140 loss=0.6222
05:35:22 | INFO    | holoqpi.engine.trainer |   epoch 31 step 100/140 loss=0.8418
05:35:24 | INFO    | holoqpi.engine.trainer |   epoch 31 step 120/140 loss=0.6531
05:36:09 | INFO    | holoqpi.engine.trainer | epoch 31/60 (57s = 13s train + 44s val) | train_loss=0.7586  val_phase_mae=0.1875  val_dice=0.7542  val_cls_acc=0.7008  val_mass_mape=0.2369
05:36:10 | INFO    | holoqpi.engine.trainer |   epoch 32 step 0/140 loss=0.5324
05:36:12 | INFO    | holoqpi.engine.trainer |   epoch 32 step 20/140 loss=1.1960
05:36:14 | INFO    | holoqpi.engine.trainer |   epoch 32 step 40/140 loss=0.7079
05:36:15 | INFO    | holoqpi.engine.trainer |   epoch 32 step 60/140 loss=0.7291
05:36:17 | INFO    | holoqpi.engine.trainer |   epoch 32 step 80/140 loss=0.6390
05:36:19 | INFO    | holoqpi.engine.trainer |   epoch 32 step 100/140 loss=0.9479
05:36:21 | INFO    | holoqpi.engine.trainer |   epoch 32 step 120/140 loss=1.3872
05:37:07 | INFO    | holoqpi.engine.trainer |   new best composite=0.7594
05:37:07 | INFO    | holoqpi.engine.trainer | epoch 32/60 (57s = 13s train + 44s val) | train_loss=0.7536  val_phase_mae=0.1826  val_dice=0.7671  val_cls_acc=0.7244  val_mass_mape=0.2351
05:37:07 | INFO    | holoqpi.engine.trainer |   epoch 33 step 0/140 loss=0.5774
05:37:09 | INFO    | holoqpi.engine.trainer |   epoch 33 step 20/140 loss=0.6005
05:37:11 | INFO    | holoqpi.engine.trainer |   epoch 33 step 40/140 loss=0.7101
05:37:13 | INFO    | holoqpi.engine.trainer |   epoch 33 step 60/140 loss=0.6695
05:37:14 | INFO    | holoqpi.engine.trainer |   epoch 33 step 80/140 loss=0.7217
05:37:16 | INFO    | holoqpi.engine.trainer |   epoch 33 step 100/140 loss=0.6843
05:37:18 | INFO    | holoqpi.engine.trainer |   epoch 33 step 120/140 loss=0.5078
05:38:04 | INFO    | holoqpi.engine.trainer | epoch 33/60 (57s = 13s train + 44s val) | train_loss=0.7451  val_phase_mae=0.1817  val_dice=0.7688  val_cls_acc=0.7559  val_mass_mape=0.2418
05:38:04 | INFO    | holoqpi.engine.trainer |   epoch 34 step 0/140 loss=1.1171
05:38:06 | INFO    | holoqpi.engine.trainer |   epoch 34 step 20/140 loss=0.6574
05:38:08 | INFO    | holoqpi.engine.trainer |   epoch 34 step 40/140 loss=0.5113
05:38:09 | INFO    | holoqpi.engine.trainer |   epoch 34 step 60/140 loss=0.6169
05:38:11 | INFO    | holoqpi.engine.trainer |   epoch 34 step 80/140 loss=0.6894
05:38:13 | INFO    | holoqpi.engine.trainer |   epoch 34 step 100/140 loss=0.8944
05:38:15 | INFO    | holoqpi.engine.trainer |   epoch 34 step 120/140 loss=0.5712
05:39:00 | INFO    | holoqpi.engine.trainer | epoch 34/60 (57s = 13s train + 44s val) | train_loss=0.7292  val_phase_mae=0.1878  val_dice=0.7619  val_cls_acc=0.7480  val_mass_mape=0.2851
05:39:01 | INFO    | holoqpi.engine.trainer |   epoch 35 step 0/140 loss=0.5564
05:39:03 | INFO    | holoqpi.engine.trainer |   epoch 35 step 20/140 loss=0.6123
05:39:05 | INFO    | holoqpi.engine.trainer |   epoch 35 step 40/140 loss=1.2327
05:39:06 | INFO    | holoqpi.engine.trainer |   epoch 35 step 60/140 loss=0.8944
05:39:08 | INFO    | holoqpi.engine.trainer |   epoch 35 step 80/140 loss=0.8034
05:39:10 | INFO    | holoqpi.engine.trainer |   epoch 35 step 100/140 loss=0.7521
05:39:12 | INFO    | holoqpi.engine.trainer |   epoch 35 step 120/140 loss=0.6615
05:39:57 | INFO    | holoqpi.engine.trainer | epoch 35/60 (57s = 13s train + 44s val) | train_loss=0.7302  val_phase_mae=0.1834  val_dice=0.7645  val_cls_acc=0.7480  val_mass_mape=0.2370
05:39:58 | INFO    | holoqpi.engine.trainer |   epoch 36 step 0/140 loss=0.5738
05:39:59 | INFO    | holoqpi.engine.trainer |   epoch 36 step 20/140 loss=0.8164
05:40:01 | INFO    | holoqpi.engine.trainer |   epoch 36 step 40/140 loss=0.5268
05:40:03 | INFO    | holoqpi.engine.trainer |   epoch 36 step 60/140 loss=0.6093
05:40:05 | INFO    | holoqpi.engine.trainer |   epoch 36 step 80/140 loss=1.1700
05:40:06 | INFO    | holoqpi.engine.trainer |   epoch 36 step 100/140 loss=1.2083
05:40:08 | INFO    | holoqpi.engine.trainer |   epoch 36 step 120/140 loss=0.8390
05:40:54 | INFO    | holoqpi.engine.trainer | epoch 36/60 (57s = 13s train + 44s val) | train_loss=0.7326  val_phase_mae=0.1846  val_dice=0.7632  val_cls_acc=0.6614  val_mass_mape=0.2497
05:40:54 | INFO    | holoqpi.engine.trainer |   epoch 37 step 0/140 loss=1.0401
05:40:56 | INFO    | holoqpi.engine.trainer |   epoch 37 step 20/140 loss=0.6382
05:40:58 | INFO    | holoqpi.engine.trainer |   epoch 37 step 40/140 loss=0.5539
05:41:00 | INFO    | holoqpi.engine.trainer |   epoch 37 step 60/140 loss=0.7164
05:41:01 | INFO    | holoqpi.engine.trainer |   epoch 37 step 80/140 loss=0.6639
05:41:03 | INFO    | holoqpi.engine.trainer |   epoch 37 step 100/140 loss=0.5508
05:41:05 | INFO    | holoqpi.engine.trainer |   epoch 37 step 120/140 loss=0.5347
05:41:50 | INFO    | holoqpi.engine.trainer | epoch 37/60 (57s = 13s train + 44s val) | train_loss=0.7243  val_phase_mae=0.1827  val_dice=0.7624  val_cls_acc=0.7244  val_mass_mape=0.2306
05:41:51 | INFO    | holoqpi.engine.trainer |   epoch 38 step 0/140 loss=0.7014
05:41:53 | INFO    | holoqpi.engine.trainer |   epoch 38 step 20/140 loss=0.7473
05:41:55 | INFO    | holoqpi.engine.trainer |   epoch 38 step 40/140 loss=0.6857
05:41:56 | INFO    | holoqpi.engine.trainer |   epoch 38 step 60/140 loss=0.6332
05:41:58 | INFO    | holoqpi.engine.trainer |   epoch 38 step 80/140 loss=0.6137
05:42:00 | INFO    | holoqpi.engine.trainer |   epoch 38 step 100/140 loss=0.6585
05:42:02 | INFO    | holoqpi.engine.trainer |   epoch 38 step 120/140 loss=0.5627
05:42:47 | INFO    | holoqpi.engine.trainer | epoch 38/60 (57s = 13s train + 44s val) | train_loss=0.7230  val_phase_mae=0.1856  val_dice=0.7570  val_cls_acc=0.7402  val_mass_mape=0.2278
05:42:48 | INFO    | holoqpi.engine.trainer |   epoch 39 step 0/140 loss=0.6764
05:42:50 | INFO    | holoqpi.engine.trainer |   epoch 39 step 20/140 loss=0.4900
05:42:51 | INFO    | holoqpi.engine.trainer |   epoch 39 step 40/140 loss=0.8184
05:42:53 | INFO    | holoqpi.engine.trainer |   epoch 39 step 60/140 loss=0.6951
05:42:55 | INFO    | holoqpi.engine.trainer |   epoch 39 step 80/140 loss=0.4779
05:42:57 | INFO    | holoqpi.engine.trainer |   epoch 39 step 100/140 loss=0.5831
05:42:59 | INFO    | holoqpi.engine.trainer |   epoch 39 step 120/140 loss=0.7000
05:43:44 | INFO    | holoqpi.engine.trainer | epoch 39/60 (56s = 13s train + 44s val) | train_loss=0.7162  val_phase_mae=0.1866  val_dice=0.7609  val_cls_acc=0.7638  val_mass_mape=0.2624
05:43:44 | INFO    | holoqpi.engine.trainer |   epoch 40 step 0/140 loss=1.0277
05:43:46 | INFO    | holoqpi.engine.trainer |   epoch 40 step 20/140 loss=0.7051
05:43:48 | INFO    | holoqpi.engine.trainer |   epoch 40 step 40/140 loss=1.3480
05:43:50 | INFO    | holoqpi.engine.trainer |   epoch 40 step 60/140 loss=0.6001
05:43:51 | INFO    | holoqpi.engine.trainer |   epoch 40 step 80/140 loss=0.9298
05:43:53 | INFO    | holoqpi.engine.trainer |   epoch 40 step 100/140 loss=0.8464
05:43:55 | INFO    | holoqpi.engine.trainer |   epoch 40 step 120/140 loss=0.5430
05:44:40 | INFO    | holoqpi.engine.trainer | epoch 40/60 (56s = 13s train + 43s val) | train_loss=0.7121  val_phase_mae=0.1855  val_dice=0.7612  val_cls_acc=0.7480  val_mass_mape=0.2531
05:44:40 | INFO    | holoqpi.engine.trainer |   epoch 41 step 0/140 loss=0.6862
05:44:42 | INFO    | holoqpi.engine.trainer |   epoch 41 step 20/140 loss=0.5435
05:44:44 | INFO    | holoqpi.engine.trainer |   epoch 41 step 40/140 loss=0.5742
05:44:46 | INFO    | holoqpi.engine.trainer |   epoch 41 step 60/140 loss=0.7327
05:44:48 | INFO    | holoqpi.engine.trainer |   epoch 41 step 80/140 loss=0.8071
05:44:49 | INFO    | holoqpi.engine.trainer |   epoch 41 step 100/140 loss=0.8312
05:44:51 | INFO    | holoqpi.engine.trainer |   epoch 41 step 120/140 loss=0.5698
05:45:36 | INFO    | holoqpi.engine.trainer | epoch 41/60 (56s = 13s train + 43s val) | train_loss=0.7109  val_phase_mae=0.1870  val_dice=0.7613  val_cls_acc=0.7087  val_mass_mape=0.2697
05:45:37 | INFO    | holoqpi.engine.trainer |   epoch 42 step 0/140 loss=0.5789
05:45:38 | INFO    | holoqpi.engine.trainer |   epoch 42 step 20/140 loss=0.5533
05:45:40 | INFO    | holoqpi.engine.trainer |   epoch 42 step 40/140 loss=0.5495
05:45:42 | INFO    | holoqpi.engine.trainer |   epoch 42 step 60/140 loss=0.9423
05:45:44 | INFO    | holoqpi.engine.trainer |   epoch 42 step 80/140 loss=1.5806
05:45:46 | INFO    | holoqpi.engine.trainer |   epoch 42 step 100/140 loss=0.9056
05:45:47 | INFO    | holoqpi.engine.trainer |   epoch 42 step 120/140 loss=0.6231
05:46:33 | INFO    | holoqpi.engine.trainer |   new best composite=0.7599
05:46:33 | INFO    | holoqpi.engine.trainer | epoch 42/60 (57s = 13s train + 44s val) | train_loss=0.6924  val_phase_mae=0.1819  val_dice=0.7683  val_cls_acc=0.7874  val_mass_mape=0.2296
05:46:34 | INFO    | holoqpi.engine.trainer |   epoch 43 step 0/140 loss=0.5277
05:46:35 | INFO    | holoqpi.engine.trainer |   epoch 43 step 20/140 loss=0.6450
05:46:37 | INFO    | holoqpi.engine.trainer |   epoch 43 step 40/140 loss=1.4959
05:46:39 | INFO    | holoqpi.engine.trainer |   epoch 43 step 60/140 loss=0.6999
05:46:41 | INFO    | holoqpi.engine.trainer |   epoch 43 step 80/140 loss=0.7525
05:46:43 | INFO    | holoqpi.engine.trainer |   epoch 43 step 100/140 loss=0.4722
05:46:45 | INFO    | holoqpi.engine.trainer |   epoch 43 step 120/140 loss=0.9514
05:47:30 | INFO    | holoqpi.engine.trainer | epoch 43/60 (57s = 13s train + 44s val) | train_loss=0.7092  val_phase_mae=0.1819  val_dice=0.7646  val_cls_acc=0.7244  val_mass_mape=0.2283
05:47:30 | INFO    | holoqpi.engine.trainer |   epoch 44 step 0/140 loss=0.5486
05:47:32 | INFO    | holoqpi.engine.trainer |   epoch 44 step 20/140 loss=0.5201
05:47:34 | INFO    | holoqpi.engine.trainer |   epoch 44 step 40/140 loss=0.6916
05:47:36 | INFO    | holoqpi.engine.trainer |   epoch 44 step 60/140 loss=0.4723
05:47:37 | INFO    | holoqpi.engine.trainer |   epoch 44 step 80/140 loss=0.8620
05:47:39 | INFO    | holoqpi.engine.trainer |   epoch 44 step 100/140 loss=0.7706
05:47:41 | INFO    | holoqpi.engine.trainer |   epoch 44 step 120/140 loss=0.5754
05:48:26 | INFO    | holoqpi.engine.trainer | epoch 44/60 (56s = 13s train + 44s val) | train_loss=0.6925  val_phase_mae=0.1813  val_dice=0.7671  val_cls_acc=0.7795  val_mass_mape=0.2332
05:48:27 | INFO    | holoqpi.engine.trainer |   epoch 45 step 0/140 loss=0.7095
05:48:29 | INFO    | holoqpi.engine.trainer |   epoch 45 step 20/140 loss=0.4540
05:48:30 | INFO    | holoqpi.engine.trainer |   epoch 45 step 40/140 loss=0.7254
05:48:32 | INFO    | holoqpi.engine.trainer |   epoch 45 step 60/140 loss=0.6500
05:48:34 | INFO    | holoqpi.engine.trainer |   epoch 45 step 80/140 loss=0.8709
05:48:36 | INFO    | holoqpi.engine.trainer |   epoch 45 step 100/140 loss=0.6897
05:48:38 | INFO    | holoqpi.engine.trainer |   epoch 45 step 120/140 loss=0.8273
05:49:23 | INFO    | holoqpi.engine.trainer | epoch 45/60 (56s = 13s train + 43s val) | train_loss=0.7012  val_phase_mae=0.1805  val_dice=0.7686  val_cls_acc=0.7638  val_mass_mape=0.2320
05:49:23 | INFO    | holoqpi.engine.trainer |   epoch 46 step 0/140 loss=0.5731
05:49:25 | INFO    | holoqpi.engine.trainer |   epoch 46 step 20/140 loss=0.8981
05:49:27 | INFO    | holoqpi.engine.trainer |   epoch 46 step 40/140 loss=0.5769
05:49:28 | INFO    | holoqpi.engine.trainer |   epoch 46 step 60/140 loss=0.5388
05:49:30 | INFO    | holoqpi.engine.trainer |   epoch 46 step 80/140 loss=0.5364
05:49:32 | INFO    | holoqpi.engine.trainer |   epoch 46 step 100/140 loss=1.3570
05:49:34 | INFO    | holoqpi.engine.trainer |   epoch 46 step 120/140 loss=0.5645
05:50:19 | INFO    | holoqpi.engine.trainer | epoch 46/60 (56s = 13s train + 43s val) | train_loss=0.6769  val_phase_mae=0.1820  val_dice=0.7655  val_cls_acc=0.7953  val_mass_mape=0.2407
05:50:19 | INFO    | holoqpi.engine.trainer |   epoch 47 step 0/140 loss=0.6168
05:50:21 | INFO    | holoqpi.engine.trainer |   epoch 47 step 20/140 loss=0.6274
05:50:23 | INFO    | holoqpi.engine.trainer |   epoch 47 step 40/140 loss=0.4847
05:50:25 | INFO    | holoqpi.engine.trainer |   epoch 47 step 60/140 loss=0.5529
05:50:27 | INFO    | holoqpi.engine.trainer |   epoch 47 step 80/140 loss=0.8240
05:50:28 | INFO    | holoqpi.engine.trainer |   epoch 47 step 100/140 loss=0.6374
05:50:30 | INFO    | holoqpi.engine.trainer |   epoch 47 step 120/140 loss=0.8575
05:51:15 | INFO    | holoqpi.engine.trainer | epoch 47/60 (57s = 13s train + 44s val) | train_loss=0.6818  val_phase_mae=0.1821  val_dice=0.7668  val_cls_acc=0.7559  val_mass_mape=0.2329
05:51:16 | INFO    | holoqpi.engine.trainer |   epoch 48 step 0/140 loss=0.5263
05:51:18 | INFO    | holoqpi.engine.trainer |   epoch 48 step 20/140 loss=0.7847
05:51:20 | INFO    | holoqpi.engine.trainer |   epoch 48 step 40/140 loss=0.6669
05:51:21 | INFO    | holoqpi.engine.trainer |   epoch 48 step 60/140 loss=0.6476
05:51:23 | INFO    | holoqpi.engine.trainer |   epoch 48 step 80/140 loss=0.5895
05:51:25 | INFO    | holoqpi.engine.trainer |   epoch 48 step 100/140 loss=0.5543
05:51:27 | INFO    | holoqpi.engine.trainer |   epoch 48 step 120/140 loss=0.5443
05:52:12 | INFO    | holoqpi.engine.trainer |   new best composite=0.7601
05:52:12 | INFO    | holoqpi.engine.trainer | epoch 48/60 (57s = 13s train + 44s val) | train_loss=0.6710  val_phase_mae=0.1807  val_dice=0.7664  val_cls_acc=0.7402  val_mass_mape=0.2257
05:52:13 | INFO    | holoqpi.engine.trainer |   epoch 49 step 0/140 loss=0.6708
05:52:15 | INFO    | holoqpi.engine.trainer |   epoch 49 step 20/140 loss=0.5870
05:52:17 | INFO    | holoqpi.engine.trainer |   epoch 49 step 40/140 loss=0.5250
05:52:18 | INFO    | holoqpi.engine.trainer |   epoch 49 step 60/140 loss=0.8025
05:52:20 | INFO    | holoqpi.engine.trainer |   epoch 49 step 80/140 loss=0.5352
05:52:22 | INFO    | holoqpi.engine.trainer |   epoch 49 step 100/140 loss=0.7211
05:52:24 | INFO    | holoqpi.engine.trainer |   epoch 49 step 120/140 loss=0.9164
05:53:09 | INFO    | holoqpi.engine.trainer | epoch 49/60 (57s = 13s train + 44s val) | train_loss=0.6776  val_phase_mae=0.1817  val_dice=0.7651  val_cls_acc=0.7795  val_mass_mape=0.2247
05:53:10 | INFO    | holoqpi.engine.trainer |   epoch 50 step 0/140 loss=0.8275
05:53:12 | INFO    | holoqpi.engine.trainer |   epoch 50 step 20/140 loss=0.7270
05:53:14 | INFO    | holoqpi.engine.trainer |   epoch 50 step 40/140 loss=0.6777
05:53:15 | INFO    | holoqpi.engine.trainer |   epoch 50 step 60/140 loss=0.6361
05:53:17 | INFO    | holoqpi.engine.trainer |   epoch 50 step 80/140 loss=0.5025
05:53:19 | INFO    | holoqpi.engine.trainer |   epoch 50 step 100/140 loss=0.9629
05:53:21 | INFO    | holoqpi.engine.trainer |   epoch 50 step 120/140 loss=0.5664
05:54:06 | INFO    | holoqpi.engine.trainer |   new best composite=0.7602
05:54:06 | INFO    | holoqpi.engine.trainer | epoch 50/60 (57s = 13s train + 44s val) | train_loss=0.6801  val_phase_mae=0.1800  val_dice=0.7690  val_cls_acc=0.7717  val_mass_mape=0.2350
05:54:07 | INFO    | holoqpi.engine.trainer |   epoch 51 step 0/140 loss=0.5991
05:54:09 | INFO    | holoqpi.engine.trainer |   epoch 51 step 20/140 loss=0.5574
05:54:10 | INFO    | holoqpi.engine.trainer |   epoch 51 step 40/140 loss=0.5560
05:54:12 | INFO    | holoqpi.engine.trainer |   epoch 51 step 60/140 loss=0.5189
05:54:14 | INFO    | holoqpi.engine.trainer |   epoch 51 step 80/140 loss=0.5926
05:54:16 | INFO    | holoqpi.engine.trainer |   epoch 51 step 100/140 loss=0.5176
05:54:18 | INFO    | holoqpi.engine.trainer |   epoch 51 step 120/140 loss=0.5212
05:55:04 | INFO    | holoqpi.engine.trainer |   new best composite=0.7618
05:55:04 | INFO    | holoqpi.engine.trainer | epoch 51/60 (57s = 13s train + 44s val) | train_loss=0.6676  val_phase_mae=0.1800  val_dice=0.7678  val_cls_acc=0.7795  val_mass_mape=0.2257
05:55:04 | INFO    | holoqpi.engine.trainer |   epoch 52 step 0/140 loss=0.7743
05:55:06 | INFO    | holoqpi.engine.trainer |   epoch 52 step 20/140 loss=0.6037
05:55:08 | INFO    | holoqpi.engine.trainer |   epoch 52 step 40/140 loss=0.6496
05:55:10 | INFO    | holoqpi.engine.trainer |   epoch 52 step 60/140 loss=0.8491
05:55:11 | INFO    | holoqpi.engine.trainer |   epoch 52 step 80/140 loss=0.5098
05:55:13 | INFO    | holoqpi.engine.trainer |   epoch 52 step 100/140 loss=0.5017
05:55:15 | INFO    | holoqpi.engine.trainer |   epoch 52 step 120/140 loss=0.4076
05:56:00 | INFO    | holoqpi.engine.trainer | epoch 52/60 (57s = 13s train + 44s val) | train_loss=0.6651  val_phase_mae=0.1799  val_dice=0.7700  val_cls_acc=0.8346  val_mass_mape=0.2327
05:56:01 | INFO    | holoqpi.engine.trainer |   epoch 53 step 0/140 loss=0.7582
05:56:03 | INFO    | holoqpi.engine.trainer |   epoch 53 step 20/140 loss=0.8875
05:56:04 | INFO    | holoqpi.engine.trainer |   epoch 53 step 40/140 loss=0.8024
05:56:06 | INFO    | holoqpi.engine.trainer |   epoch 53 step 60/140 loss=0.4319
05:56:08 | INFO    | holoqpi.engine.trainer |   epoch 53 step 80/140 loss=0.5123
05:56:10 | INFO    | holoqpi.engine.trainer |   epoch 53 step 100/140 loss=0.6110
05:56:12 | INFO    | holoqpi.engine.trainer |   epoch 53 step 120/140 loss=0.6296
05:56:57 | INFO    | holoqpi.engine.trainer | epoch 53/60 (57s = 13s train + 44s val) | train_loss=0.6629  val_phase_mae=0.1809  val_dice=0.7696  val_cls_acc=0.7953  val_mass_mape=0.2311
05:56:58 | INFO    | holoqpi.engine.trainer |   epoch 54 step 0/140 loss=0.5674
05:57:00 | INFO    | holoqpi.engine.trainer |   epoch 54 step 20/140 loss=1.0573
05:57:01 | INFO    | holoqpi.engine.trainer |   epoch 54 step 40/140 loss=0.8610
05:57:03 | INFO    | holoqpi.engine.trainer |   epoch 54 step 60/140 loss=0.9612
05:57:05 | INFO    | holoqpi.engine.trainer |   epoch 54 step 80/140 loss=0.4669
05:57:07 | INFO    | holoqpi.engine.trainer |   epoch 54 step 100/140 loss=0.7746
05:57:08 | INFO    | holoqpi.engine.trainer |   epoch 54 step 120/140 loss=0.4453
05:57:54 | INFO    | holoqpi.engine.trainer | epoch 54/60 (57s = 13s train + 44s val) | train_loss=0.6806  val_phase_mae=0.1805  val_dice=0.7687  val_cls_acc=0.7953  val_mass_mape=0.2318
05:57:55 | INFO    | holoqpi.engine.trainer |   epoch 55 step 0/140 loss=0.5724
05:57:57 | INFO    | holoqpi.engine.trainer |   epoch 55 step 20/140 loss=0.5808
05:57:58 | INFO    | holoqpi.engine.trainer |   epoch 55 step 40/140 loss=0.6383
05:58:00 | INFO    | holoqpi.engine.trainer |   epoch 55 step 60/140 loss=0.5530
05:58:02 | INFO    | holoqpi.engine.trainer |   epoch 55 step 80/140 loss=0.4622
05:58:04 | INFO    | holoqpi.engine.trainer |   epoch 55 step 100/140 loss=0.5114
05:58:05 | INFO    | holoqpi.engine.trainer |   epoch 55 step 120/140 loss=0.7900
05:58:51 | INFO    | holoqpi.engine.trainer | epoch 55/60 (57s = 13s train + 44s val) | train_loss=0.6619  val_phase_mae=0.1807  val_dice=0.7692  val_cls_acc=0.7795  val_mass_mape=0.2304
05:58:51 | INFO    | holoqpi.engine.trainer |   epoch 56 step 0/140 loss=0.5730
05:58:53 | INFO    | holoqpi.engine.trainer |   epoch 56 step 20/140 loss=0.6836
05:58:55 | INFO    | holoqpi.engine.trainer |   epoch 56 step 40/140 loss=0.5646
05:58:57 | INFO    | holoqpi.engine.trainer |   epoch 56 step 60/140 loss=0.5087
05:58:58 | INFO    | holoqpi.engine.trainer |   epoch 56 step 80/140 loss=0.9596
05:59:00 | INFO    | holoqpi.engine.trainer |   epoch 56 step 100/140 loss=0.5865
05:59:02 | INFO    | holoqpi.engine.trainer |   epoch 56 step 120/140 loss=0.8724
05:59:48 | INFO    | holoqpi.engine.trainer |   new best composite=0.7622
05:59:48 | INFO    | holoqpi.engine.trainer | epoch 56/60 (57s = 13s train + 44s val) | train_loss=0.6612  val_phase_mae=0.1799  val_dice=0.7688  val_cls_acc=0.8031  val_mass_mape=0.2243
05:59:49 | INFO    | holoqpi.engine.trainer |   epoch 57 step 0/140 loss=0.5542
05:59:50 | INFO    | holoqpi.engine.trainer |   epoch 57 step 20/140 loss=0.7618
05:59:52 | INFO    | holoqpi.engine.trainer |   epoch 57 step 40/140 loss=0.7315
05:59:54 | INFO    | holoqpi.engine.trainer |   epoch 57 step 60/140 loss=0.6178
05:59:56 | INFO    | holoqpi.engine.trainer |   epoch 57 step 80/140 loss=0.5660
05:59:58 | INFO    | holoqpi.engine.trainer |   epoch 57 step 100/140 loss=0.5652
05:59:59 | INFO    | holoqpi.engine.trainer |   epoch 57 step 120/140 loss=0.5411
06:00:45 | INFO    | holoqpi.engine.trainer |   new best composite=0.7627
06:00:45 | INFO    | holoqpi.engine.trainer | epoch 57/60 (57s = 13s train + 44s val) | train_loss=0.6502  val_phase_mae=0.1799  val_dice=0.7687  val_cls_acc=0.7559  val_mass_mape=0.2250
06:00:46 | INFO    | holoqpi.engine.trainer |   epoch 58 step 0/140 loss=0.7294
06:00:48 | INFO    | holoqpi.engine.trainer |   epoch 58 step 20/140 loss=0.6615
06:00:50 | INFO    | holoqpi.engine.trainer |   epoch 58 step 40/140 loss=0.7122
06:00:51 | INFO    | holoqpi.engine.trainer |   epoch 58 step 60/140 loss=0.6835
06:00:53 | INFO    | holoqpi.engine.trainer |   epoch 58 step 80/140 loss=0.8623
06:00:55 | INFO    | holoqpi.engine.trainer |   epoch 58 step 100/140 loss=0.5707
06:00:57 | INFO    | holoqpi.engine.trainer |   epoch 58 step 120/140 loss=0.7118
06:01:42 | INFO    | holoqpi.engine.trainer | epoch 58/60 (57s = 13s train + 44s val) | train_loss=0.6627  val_phase_mae=0.1804  val_dice=0.7682  val_cls_acc=0.8031  val_mass_mape=0.2277
06:01:43 | INFO    | holoqpi.engine.trainer |   epoch 59 step 0/140 loss=0.5567
06:01:45 | INFO    | holoqpi.engine.trainer |   epoch 59 step 20/140 loss=0.6426
06:01:46 | INFO    | holoqpi.engine.trainer |   epoch 59 step 40/140 loss=0.5088
06:01:48 | INFO    | holoqpi.engine.trainer |   epoch 59 step 60/140 loss=0.6284
06:01:50 | INFO    | holoqpi.engine.trainer |   epoch 59 step 80/140 loss=0.5075
06:01:52 | INFO    | holoqpi.engine.trainer |   epoch 59 step 100/140 loss=0.4526
06:01:54 | INFO    | holoqpi.engine.trainer |   epoch 59 step 120/140 loss=0.5163
06:02:39 | INFO    | holoqpi.engine.trainer |   new best composite=0.7634
06:02:39 | INFO    | holoqpi.engine.trainer | epoch 59/60 (57s = 13s train + 44s val) | train_loss=0.6449  val_phase_mae=0.1800  val_dice=0.7696  val_cls_acc=0.7717  val_mass_mape=0.2232
06:02:40 | INFO    | holoqpi.engine.trainer |   epoch 60 step 0/140 loss=0.4772
06:02:42 | INFO    | holoqpi.engine.trainer |   epoch 60 step 20/140 loss=1.1490
06:02:43 | INFO    | holoqpi.engine.trainer |   epoch 60 step 40/140 loss=1.5865
06:02:45 | INFO    | holoqpi.engine.trainer |   epoch 60 step 60/140 loss=0.5773
06:02:47 | INFO    | holoqpi.engine.trainer |   epoch 60 step 80/140 loss=0.5217
06:02:49 | INFO    | holoqpi.engine.trainer |   epoch 60 step 100/140 loss=0.6760
06:02:51 | INFO    | holoqpi.engine.trainer |   epoch 60 step 120/140 loss=0.6229
06:03:36 | INFO    | holoqpi.engine.trainer | epoch 60/60 (56s = 13s train + 43s val) | train_loss=0.6516  val_phase_mae=0.1805  val_dice=0.7692  val_cls_acc=0.7874  val_mass_mape=0.2316
06:03:36 | INFO    | holoqpi.engine.trainer | training finished; best epoch 59 (composite=0.7634)
06:03:36 | INFO    | holoqpi.engine.trainer | checkpoint best_model.pt: 446/446 tensors matched
06:04:16 | INFO    | holoqpi.engine.compare | modality=gabor test metrics written to runs/no_measurement_gabor
06:04:17 | INFO    | holoqpi.engine.compare | comparison table written to runs/no_measurement_modality_comparison.csv
