08:31:01 | INFO    | __main__ | --- figure 01 (qualitative_panel, ESSENTIAL) ---
08:31:03 | INFO    | holoqpi.models.encoders | encoder=mobilenet_v2 in_channels=1 pretrained=True stages=[16, 24, 32, 96, 1280]
08:31:03 | INFO    | holoqpi.models.holonet | HoloQPINet built: 9.76M parameters, 9.76M trainable (100.0%)
08:31:05 | INFO    | holoqpi.engine.trainer | checkpoint best_model.pt: 446/446 tensors matched
08:31:05 | INFO    | holoqpi.data.dataset | test split: 113 samples | modality=off_axis | crop=None | augment=False
08:31:08 | INFO    | holoqpi.models.encoders | encoder=mobilenet_v2 in_channels=1 pretrained=True stages=[16, 24, 32, 96, 1280]
08:31:08 | INFO    | holoqpi.models.holonet | HoloQPINet built: 9.76M parameters, 9.76M trainable (100.0%)
08:31:08 | INFO    | holoqpi.engine.trainer | checkpoint best_model.pt: 446/446 tensors matched
08:31:08 | INFO    | holoqpi.data.dataset | test split: 113 samples | modality=gabor | crop=None | augment=False
08:31:14 | INFO    | __main__ | wrote figures/fig01_qualitative_panel.png / .pdf
08:31:15 | INFO    | __main__ | --- figure 02 (bland_altman, ESSENTIAL) ---
08:31:16 | INFO    | __main__ | wrote figures/fig02_bland_altman.png / .pdf
08:31:16 | INFO    | __main__ | --- figure 03 (error_decomposition, ESSENTIAL) ---
08:31:17 | INFO    | __main__ | wrote figures/fig03_error_decomposition.png / .pdf
08:31:17 | INFO    | __main__ | --- figure 04 (detection_gap, ESSENTIAL) ---
08:31:18 | INFO    | __main__ | wrote figures/fig04_detection_gap.png / .pdf
08:31:18 | INFO    | __main__ | --- figure 05 (modality_comparison, ESSENTIAL) ---
08:31:19 | INFO    | __main__ | wrote figures/fig05_modality_comparison.png / .pdf
08:31:19 | INFO    | __main__ | --- figure 06 (loss_composition, ESSENTIAL) ---
08:31:21 | INFO    | __main__ | wrote figures/fig06_loss_composition.png / .pdf
08:31:21 | INFO    | __main__ | --- figure 07 (ablation_deltas, ESSENTIAL) ---
08:31:22 | INFO    | __main__ | wrote figures/fig07_ablation_deltas.png / .pdf
08:31:22 | INFO    | __main__ | --- figure 08 (efficiency_tradeoff, ESSENTIAL) ---
08:31:23 | INFO    | __main__ | wrote figures/fig08_efficiency_tradeoff.png / .pdf
08:31:23 | INFO    | __main__ | --- figure 09 (phase_error_structure, OPTIONAL) ---
08:31:23 | INFO    | holoqpi.models.encoders | encoder=mobilenet_v2 in_channels=1 pretrained=True stages=[16, 24, 32, 96, 1280]
08:31:23 | INFO    | holoqpi.models.holonet | HoloQPINet built: 9.76M parameters, 9.76M trainable (100.0%)
08:31:23 | INFO    | holoqpi.engine.trainer | checkpoint best_model.pt: 446/446 tensors matched
08:31:23 | INFO    | holoqpi.data.dataset | test split: 113 samples | modality=off_axis | crop=None | augment=False
08:31:24 | INFO    | holoqpi.models.encoders | encoder=mobilenet_v2 in_channels=1 pretrained=True stages=[16, 24, 32, 96, 1280]
08:31:24 | INFO    | holoqpi.models.holonet | HoloQPINet built: 9.76M parameters, 9.76M trainable (100.0%)
08:31:25 | INFO    | holoqpi.engine.trainer | checkpoint best_model.pt: 446/446 tensors matched
08:31:25 | INFO    | holoqpi.data.dataset | test split: 113 samples | modality=gabor | crop=None | augment=False
08:31:27 | INFO    | __main__ | wrote figures/fig09_phase_error_structure.png / .pdf
08:31:27 | INFO    | __main__ | --- figure 10 (label_audit, IMPORTANT) ---
08:31:27 | INFO    | __main__ | wrote figures/fig10_label_audit.png / .pdf
08:31:27 | INFO    | __main__ | --- figure 11 (confusion_matrices, IMPORTANT) ---
08:31:28 | INFO    | __main__ | wrote figures/fig11_confusion_matrices.png / .pdf
08:31:28 | INFO    | __main__ | --- figure 12 (convergence, IMPORTANT) ---
08:31:49 | INFO    | __main__ | wrote figures/fig12_convergence.png / .pdf
08:31:49 | INFO    | __main__ | --- figure 13 (forward_model_consistency, ESSENTIAL) ---
08:31:49 | WARNING | __main__ | figure 13 (forward_model) skipped: no run reports forward_residual; set loss.forward_model.distance_um and re-evaluate
08:31:49 | INFO    | __main__ | --- figure 14 (learned_vs_classical, ESSENTIAL) ---
08:31:50 | INFO    | __main__ | wrote figures/fig14_learned_vs_classical.png / .pdf
08:31:50 | INFO    | __main__ | --- figure 15 (recall_by_cell_size, IMPORTANT) ---
08:31:51 | INFO    | __main__ | wrote figures/fig15_recall_by_cell_size.png / .pdf

figures written to /sda/usama/QPI_Extended/figures
  fig01_qualitative_panel.png
  fig02_bland_altman.png
  fig03_error_decomposition.png
  fig04_detection_gap.png
  fig05_modality_comparison.png
  fig06_loss_composition.png
  fig07_ablation_deltas.png
  fig08_efficiency_tradeoff.png
  fig09_phase_error_structure.png
  fig10_label_audit.png
  fig11_confusion_matrices.png
  fig12_convergence.png
  fig14_learned_vs_classical.png
  fig15_recall_by_cell_size.png
