05:45:26 | INFO    | __main__ | estimating registration over 800 fields at scale 1.343769
05:46:48 | INFO    | __main__ |   25/800
05:48:08 | INFO    | __main__ |   50/800
05:49:29 | INFO    | __main__ |   75/800
05:50:50 | INFO    | __main__ |   100/800
05:52:11 | INFO    | __main__ |   125/800
05:53:31 | INFO    | __main__ |   150/800
05:54:52 | INFO    | __main__ |   175/800
05:56:12 | INFO    | __main__ |   200/800
05:57:33 | INFO    | __main__ |   225/800
05:58:54 | INFO    | __main__ |   250/800
06:00:14 | INFO    | __main__ |   275/800
06:01:35 | INFO    | __main__ |   300/800
06:02:56 | INFO    | __main__ |   325/800
06:04:17 | INFO    | __main__ |   350/800
06:05:37 | INFO    | __main__ |   375/800
06:06:57 | INFO    | __main__ |   400/800
06:08:17 | INFO    | __main__ |   425/800
06:09:37 | INFO    | __main__ |   450/800
06:10:58 | INFO    | __main__ |   475/800
06:12:18 | INFO    | __main__ |   500/800
06:13:39 | INFO    | __main__ |   525/800
06:15:00 | INFO    | __main__ |   550/800
06:16:20 | INFO    | __main__ |   575/800
06:17:40 | INFO    | __main__ |   600/800
06:19:00 | INFO    | __main__ |   625/800
06:20:21 | INFO    | __main__ |   650/800
06:21:41 | INFO    | __main__ |   675/800
06:23:02 | INFO    | __main__ |   700/800
06:24:22 | INFO    | __main__ |   725/800
06:25:42 | INFO    | __main__ |   750/800
06:27:02 | INFO    | __main__ |   775/800
06:28:22 | INFO    | __main__ |   800/800

=== membrane registration, 800 fields, scale 1.343769 ===
  offset_y  median 314  sd 4.1  range 298..332
  offset_x  median 282  sd 6.2  range 266..308
  correlation  median 0.479  min 0.119
  config currently says offset_y=314, offset_x=280

  -> the offset VARIES between fields, so the two cameras were not in a
     fixed relationship and a single transform will not do. Per-field
     offsets would need the phase to fit them, which destroys the
     independence that makes these labels worth having. Stop and
     resolve the acquisition geometry before using them.

  per-field detail -> runs/membrane_registration.csv
