07:11:56 | INFO    | __main__ | propagating boundary shifts -5..5 px (-1.424..1.424 um) over 800 fields
07:12:42 | INFO    | __main__ |   20/800
07:13:25 | INFO    | __main__ |   40/800
07:14:14 | INFO    | __main__ |   60/800
07:14:58 | INFO    | __main__ |   80/800
07:15:42 | INFO    | __main__ |   100/800
07:16:27 | INFO    | __main__ |   120/800
07:17:11 | INFO    | __main__ |   140/800
07:17:54 | INFO    | __main__ |   160/800
07:18:37 | INFO    | __main__ |   180/800
07:19:17 | INFO    | __main__ |   200/800
07:20:01 | INFO    | __main__ |   220/800
07:20:46 | INFO    | __main__ |   240/800
07:21:28 | INFO    | __main__ |   260/800
07:22:10 | INFO    | __main__ |   280/800
07:22:51 | INFO    | __main__ |   300/800
07:23:31 | INFO    | __main__ |   320/800
07:24:15 | INFO    | __main__ |   340/800
07:24:57 | INFO    | __main__ |   360/800
07:25:39 | INFO    | __main__ |   380/800
07:26:20 | INFO    | __main__ |   400/800
07:27:04 | INFO    | __main__ |   420/800
07:27:50 | INFO    | __main__ |   440/800
07:28:36 | INFO    | __main__ |   460/800
07:29:23 | INFO    | __main__ |   480/800
07:30:07 | INFO    | __main__ |   500/800
07:30:53 | INFO    | __main__ |   520/800
07:31:38 | INFO    | __main__ |   540/800
07:32:20 | INFO    | __main__ |   560/800
07:33:02 | INFO    | __main__ |   580/800
07:33:45 | INFO    | __main__ |   600/800
07:34:27 | INFO    | __main__ |   620/800
07:35:14 | INFO    | __main__ |   640/800
07:35:58 | INFO    | __main__ |   660/800
07:36:39 | INFO    | __main__ |   680/800
07:37:24 | INFO    | __main__ |   700/800
07:38:01 | INFO    | __main__ |   720/800
07:38:40 | INFO    | __main__ |   740/800
07:39:20 | INFO    | __main__ |   760/800
07:40:03 | INFO    | __main__ |   780/800
07:40:45 | INFO    | __main__ |   800/800

=== boundary error -> measurement error, 800 fields ===
  pixel pitch 0.284871 um, so one pixel of boundary is 0.285 um of radius

    shift      um    Dice    |dA/A|    |dm/m|      dA/A      dm/m  mass/area
       -5  -1.424  0.8452    0.2749    0.1972   -0.2748   -0.1966      0.717
       -4  -1.139  0.8831    0.2277    0.1659   -0.2269   -0.1651      0.729
       -3  -0.855  0.9127    0.1828    0.1340   -0.1818   -0.1332      0.733
       -2  -0.570  0.9453    0.1250    0.0934   -0.1229   -0.0902      0.747
       -1  -0.285  0.9731    0.0664    0.0488   -0.0649   -0.0474      0.735
        0   0.000  1.0000    0.0000    0.0000   +0.0000   +0.0000        nan
        1   0.285  0.9741    0.0707    0.0497   +0.0693   +0.0484      0.703
        2   0.570  0.9493    0.1621    0.1098   +0.1503   +0.0964      0.678
        3   0.855  0.9255    0.2165    0.1244   +0.2138   +0.1194      0.575
        4   1.139  0.9056    0.2654    0.1376   +0.2636   +0.1317      0.518
        5   1.424  0.8808    0.3277    0.1474   +0.3262   +0.1416      0.450

  ONE PIXEL of boundary error, which is 0.285 um:
    dilated  by 1 px   Dice 0.9741   area +6.93%   mass +4.84%
    eroded   by 1 px   Dice 0.9731   area -6.49%   mass -4.74%
    asymmetry in mass  +0.10%   (outward minus inward, in magnitude)

  mass error / area error   median 0.710   min 0.450   max 0.747

  per-field detail -> runs/error_propagation.csv
  summary -> runs/error_propagation_summary.csv

  -> mass and area inherit the boundary error at about the same rate (ratio
     0.71). The robustness claim is NOT available on this data, and
     the honest statement is that dry mass carries the segmentation error
     directly. Quote the exchange rate at one pixel and move on.
