06:34:48 | INFO    | holoqpi.engine.compare | ======================================================================
06:34:48 | INFO    | holoqpi.engine.compare | modality=off_axis  device=cuda  run_dir=runs/base_off_axis
06:34:48 | INFO    | holoqpi.engine.compare | ======================================================================
06:34:48 | INFO    | holoqpi.data.dataset | train split: 560 samples | modality=off_axis | crop=512 | augment=True
06:34:48 | INFO    | holoqpi.data.dataset | val split: 127 samples | modality=off_axis | crop=None | augment=False
06:34:48 | INFO    | holoqpi.data.dataset | test split: 113 samples | modality=off_axis | crop=None | augment=False
06:34:49 | INFO    | holoqpi.models.encoders | encoder=mobilenet_v2 in_channels=1 pretrained=True stages=[16, 24, 32, 96, 1280]
06:34:49 | INFO    | holoqpi.models.holonet | HoloQPINet built: 9.76M parameters, 9.76M trainable (100.0%)
06:34:51 | INFO    | holoqpi.engine.trainer | trainable 9.76M / 9.76M parameters (100.0%)
06:34:51 | INFO    | holoqpi.engine.trainer | active physics terms: ['phase_mask_contrast', 'boundary_gradient_alignment', 'phase_volume', 'dry_mass_consistency', 'projected_area_consistency']
06:34:57 | INFO    | holoqpi.engine.trainer |   epoch 1 step 0/140 loss=2.5160
06:34:58 | INFO    | holoqpi.engine.trainer |   epoch 1 step 20/140 loss=2.3144
06:35:01 | INFO    | holoqpi.engine.trainer |   epoch 1 step 40/140 loss=1.9272
06:35:03 | INFO    | holoqpi.engine.trainer |   epoch 1 step 60/140 loss=1.6536
06:35:05 | INFO    | holoqpi.engine.trainer |   epoch 1 step 80/140 loss=1.5418
06:35:07 | INFO    | holoqpi.engine.trainer |   epoch 1 step 100/140 loss=1.4513
06:35:09 | INFO    | holoqpi.engine.trainer |   epoch 1 step 120/140 loss=1.3494
06:36:02 | INFO    | holoqpi.engine.trainer |   new best composite=0.6246
06:36:02 | INFO    | holoqpi.engine.trainer | epoch 1/60 (71s = 20s train + 51s val) | train_loss=1.7838  val_phase_mae=0.2562  val_dice=0.6361  val_cls_acc=0.2362  val_mass_mape=0.2988
06:36:02 | INFO    | holoqpi.engine.trainer |   at this rate the full 60-epoch schedule takes about 71 min
06:36:03 | INFO    | holoqpi.engine.trainer |   epoch 2 step 0/140 loss=1.3663
06:36:04 | INFO    | holoqpi.engine.trainer |   epoch 2 step 20/140 loss=1.3040
06:36:06 | INFO    | holoqpi.engine.trainer |   epoch 2 step 40/140 loss=1.3446
06:36:08 | INFO    | holoqpi.engine.trainer |   epoch 2 step 60/140 loss=1.1712
06:36:10 | INFO    | holoqpi.engine.trainer |   epoch 2 step 80/140 loss=1.0940
06:36:12 | INFO    | holoqpi.engine.trainer |   epoch 2 step 100/140 loss=1.0706
06:36:13 | INFO    | holoqpi.engine.trainer |   epoch 2 step 120/140 loss=1.1460
06:37:03 | INFO    | holoqpi.engine.trainer |   new best composite=0.7203
06:37:03 | INFO    | holoqpi.engine.trainer | epoch 2/60 (61s = 13s train + 47s val) | train_loss=1.1700  val_phase_mae=0.2169  val_dice=0.7376  val_cls_acc=0.2520  val_mass_mape=0.2747
06:37:04 | INFO    | holoqpi.engine.trainer |   epoch 3 step 0/140 loss=0.9970
06:37:06 | INFO    | holoqpi.engine.trainer |   epoch 3 step 20/140 loss=0.8576
06:37:07 | INFO    | holoqpi.engine.trainer |   epoch 3 step 40/140 loss=0.9701
06:37:09 | INFO    | holoqpi.engine.trainer |   epoch 3 step 60/140 loss=1.0346
06:37:11 | INFO    | holoqpi.engine.trainer |   epoch 3 step 80/140 loss=0.9383
06:37:13 | INFO    | holoqpi.engine.trainer |   epoch 3 step 100/140 loss=0.9298
06:37:15 | INFO    | holoqpi.engine.trainer |   epoch 3 step 120/140 loss=0.8509
06:38:05 | INFO    | holoqpi.engine.trainer |   new best composite=0.7429
06:38:05 | INFO    | holoqpi.engine.trainer | epoch 3/60 (62s = 14s train + 48s val) | train_loss=0.9405  val_phase_mae=0.1990  val_dice=0.7548  val_cls_acc=0.2598  val_mass_mape=0.2449
06:38:06 | INFO    | holoqpi.engine.trainer |   epoch 4 step 0/140 loss=0.9510
06:38:08 | INFO    | holoqpi.engine.trainer |   epoch 4 step 20/140 loss=0.8178
06:38:10 | INFO    | holoqpi.engine.trainer |   epoch 4 step 40/140 loss=1.0662
06:38:12 | INFO    | holoqpi.engine.trainer |   epoch 4 step 60/140 loss=0.9179
06:38:14 | INFO    | holoqpi.engine.trainer |   epoch 4 step 80/140 loss=0.8556
06:38:16 | INFO    | holoqpi.engine.trainer |   epoch 4 step 100/140 loss=0.8695
06:38:18 | INFO    | holoqpi.engine.trainer |   epoch 4 step 120/140 loss=0.8355
06:39:07 | INFO    | holoqpi.engine.trainer |   new best composite=0.7701
06:39:07 | INFO    | holoqpi.engine.trainer | epoch 4/60 (61s = 14s train + 47s val) | train_loss=0.8834  val_phase_mae=0.1873  val_dice=0.7792  val_cls_acc=0.3150  val_mass_mape=0.2221
06:39:07 | INFO    | holoqpi.engine.trainer |   epoch 5 step 0/140 loss=0.9031
06:39:09 | INFO    | holoqpi.engine.trainer |   epoch 5 step 20/140 loss=0.8724
06:39:11 | INFO    | holoqpi.engine.trainer |   epoch 5 step 40/140 loss=0.8157
06:39:13 | INFO    | holoqpi.engine.trainer |   epoch 5 step 60/140 loss=0.7887
06:39:15 | INFO    | holoqpi.engine.trainer |   epoch 5 step 80/140 loss=0.8764
06:39:17 | INFO    | holoqpi.engine.trainer |   epoch 5 step 100/140 loss=0.8848
06:39:19 | INFO    | holoqpi.engine.trainer |   epoch 5 step 120/140 loss=0.7219
06:40:09 | INFO    | holoqpi.engine.trainer | epoch 5/60 (62s = 14s train + 48s val) | train_loss=0.8328  val_phase_mae=0.1909  val_dice=0.7754  val_cls_acc=0.3228  val_mass_mape=0.2329
06:40:09 | INFO    | holoqpi.engine.trainer |   epoch 6 step 0/140 loss=0.7904
06:40:11 | INFO    | holoqpi.engine.trainer |   epoch 6 step 20/140 loss=0.9068
06:40:13 | INFO    | holoqpi.engine.trainer |   epoch 6 step 40/140 loss=0.7822
06:40:15 | INFO    | holoqpi.engine.trainer |   epoch 6 step 60/140 loss=0.6929
06:40:17 | INFO    | holoqpi.engine.trainer |   epoch 6 step 80/140 loss=0.6690
06:40:19 | INFO    | holoqpi.engine.trainer |   epoch 6 step 100/140 loss=0.9059
06:40:21 | INFO    | holoqpi.engine.trainer |   epoch 6 step 120/140 loss=0.7271
06:41:10 | INFO    | holoqpi.engine.trainer | epoch 6/60 (61s = 13s train + 48s val) | train_loss=0.7971  val_phase_mae=0.1893  val_dice=0.7869  val_cls_acc=0.2835  val_mass_mape=0.2876
06:41:10 | INFO    | holoqpi.engine.trainer |   epoch 7 step 0/140 loss=0.7665
06:41:12 | INFO    | holoqpi.engine.trainer |   epoch 7 step 20/140 loss=0.7189
06:41:14 | INFO    | holoqpi.engine.trainer |   epoch 7 step 40/140 loss=0.7464
06:41:16 | INFO    | holoqpi.engine.trainer |   epoch 7 step 60/140 loss=0.6918
06:41:18 | INFO    | holoqpi.engine.trainer |   epoch 7 step 80/140 loss=0.8127
06:41:20 | INFO    | holoqpi.engine.trainer |   epoch 7 step 100/140 loss=0.8100
06:41:22 | INFO    | holoqpi.engine.trainer |   epoch 7 step 120/140 loss=0.9066
06:42:12 | INFO    | holoqpi.engine.trainer | epoch 7/60 (62s = 14s train + 48s val) | train_loss=0.7730  val_phase_mae=0.1898  val_dice=0.7858  val_cls_acc=0.4961  val_mass_mape=0.2603
06:42:12 | INFO    | holoqpi.engine.trainer |   epoch 8 step 0/140 loss=0.7537
06:42:14 | INFO    | holoqpi.engine.trainer |   epoch 8 step 20/140 loss=0.6822
06:42:16 | INFO    | holoqpi.engine.trainer |   epoch 8 step 40/140 loss=0.8556
06:42:18 | INFO    | holoqpi.engine.trainer |   epoch 8 step 60/140 loss=0.6649
06:42:20 | INFO    | holoqpi.engine.trainer |   epoch 8 step 80/140 loss=0.7124
06:42:22 | INFO    | holoqpi.engine.trainer |   epoch 8 step 100/140 loss=0.8049
06:42:24 | INFO    | holoqpi.engine.trainer |   epoch 8 step 120/140 loss=0.8000
06:43:13 | INFO    | holoqpi.engine.trainer |   new best composite=0.7778
06:43:13 | INFO    | holoqpi.engine.trainer | epoch 8/60 (61s = 14s train + 47s val) | train_loss=0.7543  val_phase_mae=0.1946  val_dice=0.7951  val_cls_acc=0.3228  val_mass_mape=0.2232
06:43:13 | INFO    | holoqpi.engine.trainer |   epoch 9 step 0/140 loss=0.7907
06:43:15 | INFO    | holoqpi.engine.trainer |   epoch 9 step 20/140 loss=0.6080
06:43:17 | INFO    | holoqpi.engine.trainer |   epoch 9 step 40/140 loss=0.6456
06:43:19 | INFO    | holoqpi.engine.trainer |   epoch 9 step 60/140 loss=0.8224
06:43:21 | INFO    | holoqpi.engine.trainer |   epoch 9 step 80/140 loss=0.8625
06:43:23 | INFO    | holoqpi.engine.trainer |   epoch 9 step 100/140 loss=0.7626
06:43:25 | INFO    | holoqpi.engine.trainer |   epoch 9 step 120/140 loss=0.8325
06:44:14 | INFO    | holoqpi.engine.trainer | epoch 9/60 (61s = 14s train + 47s val) | train_loss=0.7489  val_phase_mae=0.1789  val_dice=0.7995  val_cls_acc=0.4252  val_mass_mape=0.2513
06:44:14 | INFO    | holoqpi.engine.trainer |   epoch 10 step 0/140 loss=0.7690
06:44:16 | INFO    | holoqpi.engine.trainer |   epoch 10 step 20/140 loss=0.7643
06:44:18 | INFO    | holoqpi.engine.trainer |   epoch 10 step 40/140 loss=0.8449
06:44:20 | INFO    | holoqpi.engine.trainer |   epoch 10 step 60/140 loss=0.7960
06:44:22 | INFO    | holoqpi.engine.trainer |   epoch 10 step 80/140 loss=0.8628
06:44:24 | INFO    | holoqpi.engine.trainer |   epoch 10 step 100/140 loss=0.7882
06:44:26 | INFO    | holoqpi.engine.trainer |   epoch 10 step 120/140 loss=0.7919
06:45:14 | INFO    | holoqpi.engine.trainer |   new best composite=0.7848
06:45:14 | INFO    | holoqpi.engine.trainer | epoch 10/60 (61s = 14s train + 47s val) | train_loss=0.7420  val_phase_mae=0.1836  val_dice=0.8033  val_cls_acc=0.4567  val_mass_mape=0.2306
06:45:15 | INFO    | holoqpi.engine.trainer |   epoch 11 step 0/140 loss=0.7195
06:45:17 | INFO    | holoqpi.engine.trainer |   epoch 11 step 20/140 loss=0.7872
06:45:19 | INFO    | holoqpi.engine.trainer |   epoch 11 step 40/140 loss=0.9383
06:45:21 | INFO    | holoqpi.engine.trainer |   epoch 11 step 60/140 loss=0.7050
06:45:23 | INFO    | holoqpi.engine.trainer |   epoch 11 step 80/140 loss=0.6633
06:45:25 | INFO    | holoqpi.engine.trainer |   epoch 11 step 100/140 loss=0.7110
06:45:27 | INFO    | holoqpi.engine.trainer |   epoch 11 step 120/140 loss=0.7352
06:46:15 | INFO    | holoqpi.engine.trainer | epoch 11/60 (61s = 15s train + 46s val) | train_loss=0.7302  val_phase_mae=0.1827  val_dice=0.8025  val_cls_acc=0.3150  val_mass_mape=0.2335
06:46:16 | INFO    | holoqpi.engine.trainer |   epoch 12 step 0/140 loss=0.7703
06:46:18 | INFO    | holoqpi.engine.trainer |   epoch 12 step 20/140 loss=0.8393
06:46:20 | INFO    | holoqpi.engine.trainer |   epoch 12 step 40/140 loss=0.6923
06:46:22 | INFO    | holoqpi.engine.trainer |   epoch 12 step 60/140 loss=0.7176
06:46:24 | INFO    | holoqpi.engine.trainer |   epoch 12 step 80/140 loss=0.6686
06:46:26 | INFO    | holoqpi.engine.trainer |   epoch 12 step 100/140 loss=0.6273
06:46:28 | INFO    | holoqpi.engine.trainer |   epoch 12 step 120/140 loss=0.5850
06:47:16 | INFO    | holoqpi.engine.trainer |   new best composite=0.7949
06:47:16 | INFO    | holoqpi.engine.trainer | epoch 12/60 (61s = 14s train + 47s val) | train_loss=0.7193  val_phase_mae=0.1749  val_dice=0.8105  val_cls_acc=0.3228  val_mass_mape=0.2089
06:47:17 | INFO    | holoqpi.engine.trainer |   epoch 13 step 0/140 loss=0.6423
06:47:19 | INFO    | holoqpi.engine.trainer |   epoch 13 step 20/140 loss=0.8415
06:47:21 | INFO    | holoqpi.engine.trainer |   epoch 13 step 40/140 loss=0.8094
06:47:23 | INFO    | holoqpi.engine.trainer |   epoch 13 step 60/140 loss=0.7638
06:47:25 | INFO    | holoqpi.engine.trainer |   epoch 13 step 80/140 loss=0.6700
06:47:27 | INFO    | holoqpi.engine.trainer |   epoch 13 step 100/140 loss=0.6544
06:47:28 | INFO    | holoqpi.engine.trainer |   epoch 13 step 120/140 loss=0.6950
06:48:17 | INFO    | holoqpi.engine.trainer | epoch 13/60 (60s = 14s train + 46s val) | train_loss=0.7180  val_phase_mae=0.1864  val_dice=0.8025  val_cls_acc=0.5039  val_mass_mape=0.3100
06:48:17 | INFO    | holoqpi.engine.trainer |   epoch 14 step 0/140 loss=0.6930
06:48:19 | INFO    | holoqpi.engine.trainer |   epoch 14 step 20/140 loss=0.6271
06:48:21 | INFO    | holoqpi.engine.trainer |   epoch 14 step 40/140 loss=0.5768
06:48:23 | INFO    | holoqpi.engine.trainer |   epoch 14 step 60/140 loss=0.6042
06:48:25 | INFO    | holoqpi.engine.trainer |   epoch 14 step 80/140 loss=0.8454
06:48:27 | INFO    | holoqpi.engine.trainer |   epoch 14 step 100/140 loss=0.6048
06:48:29 | INFO    | holoqpi.engine.trainer |   epoch 14 step 120/140 loss=0.5752
06:49:17 | INFO    | holoqpi.engine.trainer | epoch 14/60 (60s = 14s train + 46s val) | train_loss=0.6957  val_phase_mae=0.1782  val_dice=0.8051  val_cls_acc=0.3701  val_mass_mape=0.2181
06:49:17 | INFO    | holoqpi.engine.trainer |   epoch 15 step 0/140 loss=0.7221
06:49:19 | INFO    | holoqpi.engine.trainer |   epoch 15 step 20/140 loss=0.6433
06:49:21 | INFO    | holoqpi.engine.trainer |   epoch 15 step 40/140 loss=0.6962
06:49:23 | INFO    | holoqpi.engine.trainer |   epoch 15 step 60/140 loss=0.6677
06:49:25 | INFO    | holoqpi.engine.trainer |   epoch 15 step 80/140 loss=0.7694
06:49:27 | INFO    | holoqpi.engine.trainer |   epoch 15 step 100/140 loss=0.6081
06:49:29 | INFO    | holoqpi.engine.trainer |   epoch 15 step 120/140 loss=0.7922
06:50:17 | INFO    | holoqpi.engine.trainer |   new best composite=0.7977
06:50:17 | INFO    | holoqpi.engine.trainer | epoch 15/60 (60s = 14s train + 46s val) | train_loss=0.6955  val_phase_mae=0.1758  val_dice=0.8104  val_cls_acc=0.4882  val_mass_mape=0.2150
06:50:18 | INFO    | holoqpi.engine.trainer |   epoch 16 step 0/140 loss=0.5688
06:50:20 | INFO    | holoqpi.engine.trainer |   epoch 16 step 20/140 loss=0.6870
06:50:22 | INFO    | holoqpi.engine.trainer |   epoch 16 step 40/140 loss=0.7102
06:50:24 | INFO    | holoqpi.engine.trainer |   epoch 16 step 60/140 loss=0.7496
06:50:26 | INFO    | holoqpi.engine.trainer |   epoch 16 step 80/140 loss=0.6901
06:50:28 | INFO    | holoqpi.engine.trainer |   epoch 16 step 100/140 loss=0.6253
06:50:30 | INFO    | holoqpi.engine.trainer |   epoch 16 step 120/140 loss=0.6615
06:51:18 | INFO    | holoqpi.engine.trainer | epoch 16/60 (61s = 14s train + 47s val) | train_loss=0.6815  val_phase_mae=0.1802  val_dice=0.8099  val_cls_acc=0.4016  val_mass_mape=0.2214
06:51:18 | INFO    | holoqpi.engine.trainer |   epoch 17 step 0/140 loss=0.9731
06:51:20 | INFO    | holoqpi.engine.trainer |   epoch 17 step 20/140 loss=0.8618
06:51:22 | INFO    | holoqpi.engine.trainer |   epoch 17 step 40/140 loss=0.5963
06:51:24 | INFO    | holoqpi.engine.trainer |   epoch 17 step 60/140 loss=0.6645
06:51:26 | INFO    | holoqpi.engine.trainer |   epoch 17 step 80/140 loss=0.7026
06:51:28 | INFO    | holoqpi.engine.trainer |   epoch 17 step 100/140 loss=0.6221
06:51:30 | INFO    | holoqpi.engine.trainer |   epoch 17 step 120/140 loss=0.4899
06:52:18 | INFO    | holoqpi.engine.trainer | epoch 17/60 (61s = 14s train + 47s val) | train_loss=0.6685  val_phase_mae=0.1762  val_dice=0.8131  val_cls_acc=0.4252  val_mass_mape=0.2164
06:52:19 | INFO    | holoqpi.engine.trainer |   epoch 18 step 0/140 loss=0.5634
06:52:21 | INFO    | holoqpi.engine.trainer |   epoch 18 step 20/140 loss=0.5361
06:52:23 | INFO    | holoqpi.engine.trainer |   epoch 18 step 40/140 loss=0.6926
06:52:25 | INFO    | holoqpi.engine.trainer |   epoch 18 step 60/140 loss=0.7560
06:52:27 | INFO    | holoqpi.engine.trainer |   epoch 18 step 80/140 loss=0.7691
06:52:29 | INFO    | holoqpi.engine.trainer |   epoch 18 step 100/140 loss=0.5494
06:52:31 | INFO    | holoqpi.engine.trainer |   epoch 18 step 120/140 loss=0.6123
06:53:19 | INFO    | holoqpi.engine.trainer | epoch 18/60 (61s = 14s train + 47s val) | train_loss=0.6667  val_phase_mae=0.1859  val_dice=0.8064  val_cls_acc=0.4488  val_mass_mape=0.2682
06:53:20 | INFO    | holoqpi.engine.trainer |   epoch 19 step 0/140 loss=0.6156
06:53:22 | INFO    | holoqpi.engine.trainer |   epoch 19 step 20/140 loss=0.6076
06:53:24 | INFO    | holoqpi.engine.trainer |   epoch 19 step 40/140 loss=0.7140
06:53:26 | INFO    | holoqpi.engine.trainer |   epoch 19 step 60/140 loss=0.7790
06:53:28 | INFO    | holoqpi.engine.trainer |   epoch 19 step 80/140 loss=0.7526
06:53:29 | INFO    | holoqpi.engine.trainer |   epoch 19 step 100/140 loss=0.6449
06:53:31 | INFO    | holoqpi.engine.trainer |   epoch 19 step 120/140 loss=0.7208
06:54:20 | INFO    | holoqpi.engine.trainer | epoch 19/60 (60s = 14s train + 47s val) | train_loss=0.6775  val_phase_mae=0.1739  val_dice=0.8075  val_cls_acc=0.4567  val_mass_mape=0.2230
06:54:20 | INFO    | holoqpi.engine.trainer |   epoch 20 step 0/140 loss=0.6657
06:54:22 | INFO    | holoqpi.engine.trainer |   epoch 20 step 20/140 loss=0.8232
06:54:24 | INFO    | holoqpi.engine.trainer |   epoch 20 step 40/140 loss=0.6548
06:54:26 | INFO    | holoqpi.engine.trainer |   epoch 20 step 60/140 loss=0.8579
06:54:28 | INFO    | holoqpi.engine.trainer |   epoch 20 step 80/140 loss=0.5503
06:54:30 | INFO    | holoqpi.engine.trainer |   epoch 20 step 100/140 loss=0.5879
06:54:32 | INFO    | holoqpi.engine.trainer |   epoch 20 step 120/140 loss=0.7139
06:55:20 | INFO    | holoqpi.engine.trainer | epoch 20/60 (60s = 14s train + 46s val) | train_loss=0.6454  val_phase_mae=0.1758  val_dice=0.8001  val_cls_acc=0.5512  val_mass_mape=0.2047
06:55:21 | INFO    | holoqpi.engine.trainer |   epoch 21 step 0/140 loss=0.7231
06:55:22 | INFO    | holoqpi.engine.trainer |   epoch 21 step 20/140 loss=0.6412
06:55:24 | INFO    | holoqpi.engine.trainer |   epoch 21 step 40/140 loss=1.1209
06:55:26 | INFO    | holoqpi.engine.trainer |   epoch 21 step 60/140 loss=0.6411
06:55:28 | INFO    | holoqpi.engine.trainer |   epoch 21 step 80/140 loss=0.7266
06:55:30 | INFO    | holoqpi.engine.trainer |   epoch 21 step 100/140 loss=0.5905
06:55:32 | INFO    | holoqpi.engine.trainer |   epoch 21 step 120/140 loss=0.6567
06:56:20 | INFO    | holoqpi.engine.trainer | epoch 21/60 (61s = 14s train + 46s val) | train_loss=0.6489  val_phase_mae=0.1733  val_dice=0.8131  val_cls_acc=0.5512  val_mass_mape=0.2265
06:56:21 | INFO    | holoqpi.engine.trainer |   epoch 22 step 0/140 loss=0.6107
06:56:23 | INFO    | holoqpi.engine.trainer |   epoch 22 step 20/140 loss=0.7241
06:56:25 | INFO    | holoqpi.engine.trainer |   epoch 22 step 40/140 loss=0.6522
06:56:27 | INFO    | holoqpi.engine.trainer |   epoch 22 step 60/140 loss=0.7571
06:56:29 | INFO    | holoqpi.engine.trainer |   epoch 22 step 80/140 loss=0.5511
06:56:31 | INFO    | holoqpi.engine.trainer |   epoch 22 step 100/140 loss=0.6611
06:56:33 | INFO    | holoqpi.engine.trainer |   epoch 22 step 120/140 loss=0.6294
06:57:22 | INFO    | holoqpi.engine.trainer | epoch 22/60 (61s = 14s train + 47s val) | train_loss=0.6527  val_phase_mae=0.1780  val_dice=0.8115  val_cls_acc=0.3622  val_mass_mape=0.2281
06:57:22 | INFO    | holoqpi.engine.trainer |   epoch 23 step 0/140 loss=0.5728
06:57:24 | INFO    | holoqpi.engine.trainer |   epoch 23 step 20/140 loss=0.6173
06:57:26 | INFO    | holoqpi.engine.trainer |   epoch 23 step 40/140 loss=0.7034
06:57:28 | INFO    | holoqpi.engine.trainer |   epoch 23 step 60/140 loss=0.6452
06:57:30 | INFO    | holoqpi.engine.trainer |   epoch 23 step 80/140 loss=0.6038
06:57:32 | INFO    | holoqpi.engine.trainer |   epoch 23 step 100/140 loss=0.6861
06:57:34 | INFO    | holoqpi.engine.trainer |   epoch 23 step 120/140 loss=0.6602
06:58:22 | INFO    | holoqpi.engine.trainer |   new best composite=0.8013
06:58:22 | INFO    | holoqpi.engine.trainer | epoch 23/60 (60s = 14s train + 46s val) | train_loss=0.6322  val_phase_mae=0.1691  val_dice=0.8164  val_cls_acc=0.5276  val_mass_mape=0.2066
06:58:23 | INFO    | holoqpi.engine.trainer |   epoch 24 step 0/140 loss=0.5644
06:58:24 | INFO    | holoqpi.engine.trainer |   epoch 24 step 20/140 loss=0.6498
06:58:26 | INFO    | holoqpi.engine.trainer |   epoch 24 step 40/140 loss=0.6366
06:58:28 | INFO    | holoqpi.engine.trainer |   epoch 24 step 60/140 loss=0.6419
06:58:30 | INFO    | holoqpi.engine.trainer |   epoch 24 step 80/140 loss=0.5883
06:58:32 | INFO    | holoqpi.engine.trainer |   epoch 24 step 100/140 loss=0.9903
06:58:34 | INFO    | holoqpi.engine.trainer |   epoch 24 step 120/140 loss=0.9146
06:59:22 | INFO    | holoqpi.engine.trainer | epoch 24/60 (60s = 14s train + 46s val) | train_loss=0.6428  val_phase_mae=0.1721  val_dice=0.8118  val_cls_acc=0.4646  val_mass_mape=0.1996
06:59:23 | INFO    | holoqpi.engine.trainer |   epoch 25 step 0/140 loss=0.6810
06:59:24 | INFO    | holoqpi.engine.trainer |   epoch 25 step 20/140 loss=0.6844
06:59:26 | INFO    | holoqpi.engine.trainer |   epoch 25 step 40/140 loss=0.5657
06:59:28 | INFO    | holoqpi.engine.trainer |   epoch 25 step 60/140 loss=0.5434
06:59:30 | INFO    | holoqpi.engine.trainer |   epoch 25 step 80/140 loss=0.7192
06:59:32 | INFO    | holoqpi.engine.trainer |   epoch 25 step 100/140 loss=0.7085
06:59:33 | INFO    | holoqpi.engine.trainer |   epoch 25 step 120/140 loss=0.6765
07:00:22 | INFO    | holoqpi.engine.trainer |   new best composite=0.8037
07:00:22 | INFO    | holoqpi.engine.trainer | epoch 25/60 (59s = 13s train + 46s val) | train_loss=0.6363  val_phase_mae=0.1737  val_dice=0.8176  val_cls_acc=0.4724  val_mass_mape=0.1977
07:00:22 | INFO    | holoqpi.engine.trainer |   epoch 26 step 0/140 loss=0.6060
07:00:24 | INFO    | holoqpi.engine.trainer |   epoch 26 step 20/140 loss=0.7699
07:00:26 | INFO    | holoqpi.engine.trainer |   epoch 26 step 40/140 loss=0.5967
07:00:28 | INFO    | holoqpi.engine.trainer |   epoch 26 step 60/140 loss=0.8469
07:00:29 | INFO    | holoqpi.engine.trainer |   epoch 26 step 80/140 loss=0.4900
07:00:31 | INFO    | holoqpi.engine.trainer |   epoch 26 step 100/140 loss=0.6797
07:00:33 | INFO    | holoqpi.engine.trainer |   epoch 26 step 120/140 loss=0.4843
07:01:22 | INFO    | holoqpi.engine.trainer | epoch 26/60 (60s = 13s train + 47s val) | train_loss=0.6208  val_phase_mae=0.1713  val_dice=0.8178  val_cls_acc=0.5118  val_mass_mape=0.2107
07:01:22 | INFO    | holoqpi.engine.trainer |   epoch 27 step 0/140 loss=0.7842
07:01:24 | INFO    | holoqpi.engine.trainer |   epoch 27 step 20/140 loss=0.5978
07:01:26 | INFO    | holoqpi.engine.trainer |   epoch 27 step 40/140 loss=0.8819
07:01:28 | INFO    | holoqpi.engine.trainer |   epoch 27 step 60/140 loss=0.6183
07:01:30 | INFO    | holoqpi.engine.trainer |   epoch 27 step 80/140 loss=0.6753
07:01:31 | INFO    | holoqpi.engine.trainer |   epoch 27 step 100/140 loss=0.6942
07:01:33 | INFO    | holoqpi.engine.trainer |   epoch 27 step 120/140 loss=0.5137
07:02:22 | INFO    | holoqpi.engine.trainer | epoch 27/60 (60s = 13s train + 47s val) | train_loss=0.6269  val_phase_mae=0.1741  val_dice=0.8162  val_cls_acc=0.6220  val_mass_mape=0.2210
07:02:22 | INFO    | holoqpi.engine.trainer |   epoch 28 step 0/140 loss=0.5577
07:02:24 | INFO    | holoqpi.engine.trainer |   epoch 28 step 20/140 loss=0.4982
07:02:26 | INFO    | holoqpi.engine.trainer |   epoch 28 step 40/140 loss=0.6629
07:02:28 | INFO    | holoqpi.engine.trainer |   epoch 28 step 60/140 loss=0.6908
07:02:29 | INFO    | holoqpi.engine.trainer |   epoch 28 step 80/140 loss=0.5605
07:02:31 | INFO    | holoqpi.engine.trainer |   epoch 28 step 100/140 loss=0.8690
07:02:33 | INFO    | holoqpi.engine.trainer |   epoch 28 step 120/140 loss=0.5214
07:03:22 | INFO    | holoqpi.engine.trainer | epoch 28/60 (60s = 13s train + 47s val) | train_loss=0.6105  val_phase_mae=0.1713  val_dice=0.8130  val_cls_acc=0.5906  val_mass_mape=0.1964
07:03:22 | INFO    | holoqpi.engine.trainer |   epoch 29 step 0/140 loss=0.6068
07:03:24 | INFO    | holoqpi.engine.trainer |   epoch 29 step 20/140 loss=0.4774
07:03:26 | INFO    | holoqpi.engine.trainer |   epoch 29 step 40/140 loss=0.5025
07:03:28 | INFO    | holoqpi.engine.trainer |   epoch 29 step 60/140 loss=0.5820
07:03:29 | INFO    | holoqpi.engine.trainer |   epoch 29 step 80/140 loss=0.5589
07:03:31 | INFO    | holoqpi.engine.trainer |   epoch 29 step 100/140 loss=0.5492
07:03:33 | INFO    | holoqpi.engine.trainer |   epoch 29 step 120/140 loss=0.6717
07:04:21 | INFO    | holoqpi.engine.trainer | epoch 29/60 (60s = 13s train + 47s val) | train_loss=0.6027  val_phase_mae=0.1759  val_dice=0.8181  val_cls_acc=0.5118  val_mass_mape=0.2249
07:04:22 | INFO    | holoqpi.engine.trainer |   epoch 30 step 0/140 loss=0.6013
07:04:24 | INFO    | holoqpi.engine.trainer |   epoch 30 step 20/140 loss=0.6090
07:04:25 | INFO    | holoqpi.engine.trainer |   epoch 30 step 40/140 loss=0.8105
07:04:27 | INFO    | holoqpi.engine.trainer |   epoch 30 step 60/140 loss=0.8950
07:04:29 | INFO    | holoqpi.engine.trainer |   epoch 30 step 80/140 loss=0.6110
07:04:31 | INFO    | holoqpi.engine.trainer |   epoch 30 step 100/140 loss=0.7291
07:04:33 | INFO    | holoqpi.engine.trainer |   epoch 30 step 120/140 loss=0.5465
07:05:21 | INFO    | holoqpi.engine.trainer | epoch 30/60 (60s = 13s train + 46s val) | train_loss=0.6135  val_phase_mae=0.1761  val_dice=0.8212  val_cls_acc=0.6378  val_mass_mape=0.2211
07:05:21 | INFO    | holoqpi.engine.trainer |   epoch 31 step 0/140 loss=0.6610
07:05:23 | INFO    | holoqpi.engine.trainer |   epoch 31 step 20/140 loss=0.6020
07:05:25 | INFO    | holoqpi.engine.trainer |   epoch 31 step 40/140 loss=0.7648
07:05:27 | INFO    | holoqpi.engine.trainer |   epoch 31 step 60/140 loss=0.5298
07:05:29 | INFO    | holoqpi.engine.trainer |   epoch 31 step 80/140 loss=0.7412
07:05:31 | INFO    | holoqpi.engine.trainer |   epoch 31 step 100/140 loss=0.7354
07:05:33 | INFO    | holoqpi.engine.trainer |   epoch 31 step 120/140 loss=0.5303
07:06:21 | INFO    | holoqpi.engine.trainer |   new best composite=0.8047
07:06:21 | INFO    | holoqpi.engine.trainer | epoch 31/60 (60s = 13s train + 47s val) | train_loss=0.6083  val_phase_mae=0.1713  val_dice=0.8166  val_cls_acc=0.4724  val_mass_mape=0.1973
07:06:22 | INFO    | holoqpi.engine.trainer |   epoch 32 step 0/140 loss=0.5405
07:06:23 | INFO    | holoqpi.engine.trainer |   epoch 32 step 20/140 loss=0.6244
07:06:25 | INFO    | holoqpi.engine.trainer |   epoch 32 step 40/140 loss=0.7447
07:06:27 | INFO    | holoqpi.engine.trainer |   epoch 32 step 60/140 loss=0.7368
07:06:29 | INFO    | holoqpi.engine.trainer |   epoch 32 step 80/140 loss=0.4988
07:06:31 | INFO    | holoqpi.engine.trainer |   epoch 32 step 100/140 loss=0.5296
07:06:32 | INFO    | holoqpi.engine.trainer |   epoch 32 step 120/140 loss=0.6505
07:07:21 | INFO    | holoqpi.engine.trainer | epoch 32/60 (60s = 13s train + 46s val) | train_loss=0.5940  val_phase_mae=0.1768  val_dice=0.8196  val_cls_acc=0.5512  val_mass_mape=0.2262
07:07:21 | INFO    | holoqpi.engine.trainer |   epoch 33 step 0/140 loss=0.5288
07:07:23 | INFO    | holoqpi.engine.trainer |   epoch 33 step 20/140 loss=0.4988
07:07:25 | INFO    | holoqpi.engine.trainer |   epoch 33 step 40/140 loss=0.6132
07:07:26 | INFO    | holoqpi.engine.trainer |   epoch 33 step 60/140 loss=0.6563
07:07:28 | INFO    | holoqpi.engine.trainer |   epoch 33 step 80/140 loss=0.6550
07:07:30 | INFO    | holoqpi.engine.trainer |   epoch 33 step 100/140 loss=0.5366
07:07:32 | INFO    | holoqpi.engine.trainer |   epoch 33 step 120/140 loss=0.5039
07:08:20 | INFO    | holoqpi.engine.trainer |   new best composite=0.8071
07:08:20 | INFO    | holoqpi.engine.trainer | epoch 33/60 (60s = 13s train + 47s val) | train_loss=0.5840  val_phase_mae=0.1692  val_dice=0.8209  val_cls_acc=0.5984  val_mass_mape=0.1991
07:08:21 | INFO    | holoqpi.engine.trainer |   epoch 34 step 0/140 loss=0.5983
07:08:23 | INFO    | holoqpi.engine.trainer |   epoch 34 step 20/140 loss=0.6184
07:08:25 | INFO    | holoqpi.engine.trainer |   epoch 34 step 40/140 loss=0.4577
07:08:27 | INFO    | holoqpi.engine.trainer |   epoch 34 step 60/140 loss=0.5087
07:08:29 | INFO    | holoqpi.engine.trainer |   epoch 34 step 80/140 loss=0.6613
07:08:30 | INFO    | holoqpi.engine.trainer |   epoch 34 step 100/140 loss=0.4776
07:08:32 | INFO    | holoqpi.engine.trainer |   epoch 34 step 120/140 loss=0.5768
07:09:21 | INFO    | holoqpi.engine.trainer | epoch 34/60 (60s = 13s train + 47s val) | train_loss=0.5743  val_phase_mae=0.1696  val_dice=0.8201  val_cls_acc=0.6299  val_mass_mape=0.2002
07:09:21 | INFO    | holoqpi.engine.trainer |   epoch 35 step 0/140 loss=0.4376
07:09:23 | INFO    | holoqpi.engine.trainer |   epoch 35 step 20/140 loss=0.5874
07:09:25 | INFO    | holoqpi.engine.trainer |   epoch 35 step 40/140 loss=0.8937
07:09:27 | INFO    | holoqpi.engine.trainer |   epoch 35 step 60/140 loss=0.8806
07:09:28 | INFO    | holoqpi.engine.trainer |   epoch 35 step 80/140 loss=0.5857
07:09:30 | INFO    | holoqpi.engine.trainer |   epoch 35 step 100/140 loss=0.5431
07:09:32 | INFO    | holoqpi.engine.trainer |   epoch 35 step 120/140 loss=0.6458
07:10:21 | INFO    | holoqpi.engine.trainer |   new best composite=0.8097
07:10:21 | INFO    | holoqpi.engine.trainer | epoch 35/60 (60s = 13s train + 47s val) | train_loss=0.5785  val_phase_mae=0.1667  val_dice=0.8224  val_cls_acc=0.5512  val_mass_mape=0.1896
07:10:21 | INFO    | holoqpi.engine.trainer |   epoch 36 step 0/140 loss=0.5265
07:10:23 | INFO    | holoqpi.engine.trainer |   epoch 36 step 20/140 loss=0.7399
07:10:25 | INFO    | holoqpi.engine.trainer |   epoch 36 step 40/140 loss=0.4987
07:10:27 | INFO    | holoqpi.engine.trainer |   epoch 36 step 60/140 loss=0.5986
07:10:28 | INFO    | holoqpi.engine.trainer |   epoch 36 step 80/140 loss=0.3869
07:10:30 | INFO    | holoqpi.engine.trainer |   epoch 36 step 100/140 loss=0.4079
07:10:32 | INFO    | holoqpi.engine.trainer |   epoch 36 step 120/140 loss=0.7384
07:11:20 | INFO    | holoqpi.engine.trainer | epoch 36/60 (60s = 13s train + 47s val) | train_loss=0.5790  val_phase_mae=0.1723  val_dice=0.8200  val_cls_acc=0.5906  val_mass_mape=0.1918
07:11:21 | INFO    | holoqpi.engine.trainer |   epoch 37 step 0/140 loss=0.5594
07:11:23 | INFO    | holoqpi.engine.trainer |   epoch 37 step 20/140 loss=0.6317
07:11:24 | INFO    | holoqpi.engine.trainer |   epoch 37 step 40/140 loss=0.5222
07:11:26 | INFO    | holoqpi.engine.trainer |   epoch 37 step 60/140 loss=0.6639
07:11:28 | INFO    | holoqpi.engine.trainer |   epoch 37 step 80/140 loss=0.6891
07:11:30 | INFO    | holoqpi.engine.trainer |   epoch 37 step 100/140 loss=0.5319
07:11:32 | INFO    | holoqpi.engine.trainer |   epoch 37 step 120/140 loss=0.5848
07:12:20 | INFO    | holoqpi.engine.trainer | epoch 37/60 (59s = 13s train + 46s val) | train_loss=0.5747  val_phase_mae=0.1690  val_dice=0.8185  val_cls_acc=0.7008  val_mass_mape=0.1886
07:12:20 | INFO    | holoqpi.engine.trainer |   epoch 38 step 0/140 loss=0.5991
07:12:22 | INFO    | holoqpi.engine.trainer |   epoch 38 step 20/140 loss=0.6601
07:12:24 | INFO    | holoqpi.engine.trainer |   epoch 38 step 40/140 loss=0.5082
07:12:26 | INFO    | holoqpi.engine.trainer |   epoch 38 step 60/140 loss=0.5268
07:12:28 | INFO    | holoqpi.engine.trainer |   epoch 38 step 80/140 loss=0.4955
07:12:29 | INFO    | holoqpi.engine.trainer |   epoch 38 step 100/140 loss=0.6874
07:12:31 | INFO    | holoqpi.engine.trainer |   epoch 38 step 120/140 loss=0.5391
07:13:19 | INFO    | holoqpi.engine.trainer | epoch 38/60 (60s = 13s train + 47s val) | train_loss=0.5743  val_phase_mae=0.1727  val_dice=0.8183  val_cls_acc=0.6772  val_mass_mape=0.2093
07:13:20 | INFO    | holoqpi.engine.trainer |   epoch 39 step 0/140 loss=0.6076
07:13:22 | INFO    | holoqpi.engine.trainer |   epoch 39 step 20/140 loss=0.5147
07:13:24 | INFO    | holoqpi.engine.trainer |   epoch 39 step 40/140 loss=0.4891
07:13:25 | INFO    | holoqpi.engine.trainer |   epoch 39 step 60/140 loss=0.5700
07:13:27 | INFO    | holoqpi.engine.trainer |   epoch 39 step 80/140 loss=0.4879
07:13:29 | INFO    | holoqpi.engine.trainer |   epoch 39 step 100/140 loss=0.7313
07:13:31 | INFO    | holoqpi.engine.trainer |   epoch 39 step 120/140 loss=0.5108
07:14:19 | INFO    | holoqpi.engine.trainer | epoch 39/60 (60s = 13s train + 47s val) | train_loss=0.5608  val_phase_mae=0.1663  val_dice=0.8211  val_cls_acc=0.6929  val_mass_mape=0.2007
07:14:20 | INFO    | holoqpi.engine.trainer |   epoch 40 step 0/140 loss=0.6311
07:14:22 | INFO    | holoqpi.engine.trainer |   epoch 40 step 20/140 loss=0.4490
07:14:24 | INFO    | holoqpi.engine.trainer |   epoch 40 step 40/140 loss=0.4418
07:14:25 | INFO    | holoqpi.engine.trainer |   epoch 40 step 60/140 loss=0.5414
07:14:27 | INFO    | holoqpi.engine.trainer |   epoch 40 step 80/140 loss=0.4983
07:14:29 | INFO    | holoqpi.engine.trainer |   epoch 40 step 100/140 loss=0.6178
07:14:31 | INFO    | holoqpi.engine.trainer |   epoch 40 step 120/140 loss=0.4829
07:15:19 | INFO    | holoqpi.engine.trainer | epoch 40/60 (60s = 13s train + 46s val) | train_loss=0.5537  val_phase_mae=0.1661  val_dice=0.8204  val_cls_acc=0.6457  val_mass_mape=0.1987
07:15:19 | INFO    | holoqpi.engine.trainer |   epoch 41 step 0/140 loss=0.6298
07:15:21 | INFO    | holoqpi.engine.trainer |   epoch 41 step 20/140 loss=0.4297
07:15:23 | INFO    | holoqpi.engine.trainer |   epoch 41 step 40/140 loss=0.5558
07:15:25 | INFO    | holoqpi.engine.trainer |   epoch 41 step 60/140 loss=0.6435
07:15:27 | INFO    | holoqpi.engine.trainer |   epoch 41 step 80/140 loss=0.5145
07:15:29 | INFO    | holoqpi.engine.trainer |   epoch 41 step 100/140 loss=0.5043
07:15:30 | INFO    | holoqpi.engine.trainer |   epoch 41 step 120/140 loss=0.4904
07:16:19 | INFO    | holoqpi.engine.trainer |   new best composite=0.8105
07:16:19 | INFO    | holoqpi.engine.trainer | epoch 41/60 (60s = 13s train + 47s val) | train_loss=0.5576  val_phase_mae=0.1666  val_dice=0.8227  val_cls_acc=0.7087  val_mass_mape=0.1893
07:16:19 | INFO    | holoqpi.engine.trainer |   epoch 42 step 0/140 loss=0.5084
07:16:21 | INFO    | holoqpi.engine.trainer |   epoch 42 step 20/140 loss=0.5754
07:16:23 | INFO    | holoqpi.engine.trainer |   epoch 42 step 40/140 loss=0.5620
07:16:25 | INFO    | holoqpi.engine.trainer |   epoch 42 step 60/140 loss=0.6240
07:16:27 | INFO    | holoqpi.engine.trainer |   epoch 42 step 80/140 loss=0.5756
07:16:28 | INFO    | holoqpi.engine.trainer |   epoch 42 step 100/140 loss=0.5664
07:16:30 | INFO    | holoqpi.engine.trainer |   epoch 42 step 120/140 loss=0.6510
07:17:19 | INFO    | holoqpi.engine.trainer | epoch 42/60 (60s = 13s train + 47s val) | train_loss=0.5442  val_phase_mae=0.1669  val_dice=0.8222  val_cls_acc=0.6378  val_mass_mape=0.1972
07:17:19 | INFO    | holoqpi.engine.trainer |   epoch 43 step 0/140 loss=0.5910
07:17:21 | INFO    | holoqpi.engine.trainer |   epoch 43 step 20/140 loss=0.6355
07:17:23 | INFO    | holoqpi.engine.trainer |   epoch 43 step 40/140 loss=0.5839
07:17:25 | INFO    | holoqpi.engine.trainer |   epoch 43 step 60/140 loss=0.4937
07:17:27 | INFO    | holoqpi.engine.trainer |   epoch 43 step 80/140 loss=0.5753
07:17:29 | INFO    | holoqpi.engine.trainer |   epoch 43 step 100/140 loss=0.5309
07:17:31 | INFO    | holoqpi.engine.trainer |   epoch 43 step 120/140 loss=0.4461
07:18:19 | INFO    | holoqpi.engine.trainer | epoch 43/60 (60s = 13s train + 47s val) | train_loss=0.5487  val_phase_mae=0.1660  val_dice=0.8228  val_cls_acc=0.7165  val_mass_mape=0.1908
07:18:20 | INFO    | holoqpi.engine.trainer |   epoch 44 step 0/140 loss=0.5068
07:18:21 | INFO    | holoqpi.engine.trainer |   epoch 44 step 20/140 loss=0.4786
07:18:23 | INFO    | holoqpi.engine.trainer |   epoch 44 step 40/140 loss=0.6568
07:18:25 | INFO    | holoqpi.engine.trainer |   epoch 44 step 60/140 loss=0.4586
07:18:27 | INFO    | holoqpi.engine.trainer |   epoch 44 step 80/140 loss=0.5334
07:18:29 | INFO    | holoqpi.engine.trainer |   epoch 44 step 100/140 loss=0.5673
07:18:31 | INFO    | holoqpi.engine.trainer |   epoch 44 step 120/140 loss=0.5601
07:19:19 | INFO    | holoqpi.engine.trainer | epoch 44/60 (60s = 13s train + 47s val) | train_loss=0.5431  val_phase_mae=0.1668  val_dice=0.8231  val_cls_acc=0.7874  val_mass_mape=0.1956
07:19:20 | INFO    | holoqpi.engine.trainer |   epoch 45 step 0/140 loss=0.4558
07:19:21 | INFO    | holoqpi.engine.trainer |   epoch 45 step 20/140 loss=0.4161
07:19:23 | INFO    | holoqpi.engine.trainer |   epoch 45 step 40/140 loss=0.7313
07:19:25 | INFO    | holoqpi.engine.trainer |   epoch 45 step 60/140 loss=0.5223
07:19:27 | INFO    | holoqpi.engine.trainer |   epoch 45 step 80/140 loss=0.6265
07:19:29 | INFO    | holoqpi.engine.trainer |   epoch 45 step 100/140 loss=0.6387
07:19:31 | INFO    | holoqpi.engine.trainer |   epoch 45 step 120/140 loss=0.5279
07:20:19 | INFO    | holoqpi.engine.trainer | epoch 45/60 (60s = 13s train + 47s val) | train_loss=0.5453  val_phase_mae=0.1678  val_dice=0.8204  val_cls_acc=0.7008  val_mass_mape=0.1963
07:20:20 | INFO    | holoqpi.engine.trainer |   epoch 46 step 0/140 loss=0.4501
07:20:21 | INFO    | holoqpi.engine.trainer |   epoch 46 step 20/140 loss=0.4201
07:20:23 | INFO    | holoqpi.engine.trainer |   epoch 46 step 40/140 loss=0.5959
07:20:25 | INFO    | holoqpi.engine.trainer |   epoch 46 step 60/140 loss=0.4339
07:20:27 | INFO    | holoqpi.engine.trainer |   epoch 46 step 80/140 loss=0.4897
07:20:29 | INFO    | holoqpi.engine.trainer |   epoch 46 step 100/140 loss=0.4545
07:20:30 | INFO    | holoqpi.engine.trainer |   epoch 46 step 120/140 loss=0.6642
07:21:19 | INFO    | holoqpi.engine.trainer | epoch 46/60 (60s = 13s train + 47s val) | train_loss=0.5245  val_phase_mae=0.1701  val_dice=0.8211  val_cls_acc=0.7087  val_mass_mape=0.1967
07:21:19 | INFO    | holoqpi.engine.trainer |   epoch 47 step 0/140 loss=0.4790
07:21:21 | INFO    | holoqpi.engine.trainer |   epoch 47 step 20/140 loss=0.5410
07:21:23 | INFO    | holoqpi.engine.trainer |   epoch 47 step 40/140 loss=0.5278
07:21:25 | INFO    | holoqpi.engine.trainer |   epoch 47 step 60/140 loss=0.5795
07:21:27 | INFO    | holoqpi.engine.trainer |   epoch 47 step 80/140 loss=0.6202
07:21:28 | INFO    | holoqpi.engine.trainer |   epoch 47 step 100/140 loss=0.5167
07:21:30 | INFO    | holoqpi.engine.trainer |   epoch 47 step 120/140 loss=0.4180
07:22:19 | INFO    | holoqpi.engine.trainer | epoch 47/60 (60s = 13s train + 47s val) | train_loss=0.5305  val_phase_mae=0.1701  val_dice=0.8218  val_cls_acc=0.6850  val_mass_mape=0.1987
07:22:19 | INFO    | holoqpi.engine.trainer |   epoch 48 step 0/140 loss=0.4386
07:22:21 | INFO    | holoqpi.engine.trainer |   epoch 48 step 20/140 loss=0.5733
07:22:23 | INFO    | holoqpi.engine.trainer |   epoch 48 step 40/140 loss=0.5684
07:22:25 | INFO    | holoqpi.engine.trainer |   epoch 48 step 60/140 loss=0.5632
07:22:27 | INFO    | holoqpi.engine.trainer |   epoch 48 step 80/140 loss=0.5416
07:22:28 | INFO    | holoqpi.engine.trainer |   epoch 48 step 100/140 loss=0.5275
07:22:30 | INFO    | holoqpi.engine.trainer |   epoch 48 step 120/140 loss=0.5017
07:23:19 | INFO    | holoqpi.engine.trainer | epoch 48/60 (60s = 13s train + 47s val) | train_loss=0.5217  val_phase_mae=0.1684  val_dice=0.8225  val_cls_acc=0.7087  val_mass_mape=0.1943
07:23:19 | INFO    | holoqpi.engine.trainer |   epoch 49 step 0/140 loss=0.4237
07:23:21 | INFO    | holoqpi.engine.trainer |   epoch 49 step 20/140 loss=0.5440
07:23:23 | INFO    | holoqpi.engine.trainer |   epoch 49 step 40/140 loss=0.5408
07:23:25 | INFO    | holoqpi.engine.trainer |   epoch 49 step 60/140 loss=0.4204
07:23:26 | INFO    | holoqpi.engine.trainer |   epoch 49 step 80/140 loss=0.5495
07:23:28 | INFO    | holoqpi.engine.trainer |   epoch 49 step 100/140 loss=0.5721
07:23:30 | INFO    | holoqpi.engine.trainer |   epoch 49 step 120/140 loss=0.4953
07:24:18 | INFO    | holoqpi.engine.trainer | epoch 49/60 (60s = 13s train + 46s val) | train_loss=0.5282  val_phase_mae=0.1700  val_dice=0.8225  val_cls_acc=0.7008  val_mass_mape=0.1994
07:24:19 | INFO    | holoqpi.engine.trainer |   epoch 50 step 0/140 loss=0.4313
07:24:21 | INFO    | holoqpi.engine.trainer |   epoch 50 step 20/140 loss=0.4380
07:24:22 | INFO    | holoqpi.engine.trainer |   epoch 50 step 40/140 loss=0.7158
07:24:24 | INFO    | holoqpi.engine.trainer |   epoch 50 step 60/140 loss=0.3658
07:24:26 | INFO    | holoqpi.engine.trainer |   epoch 50 step 80/140 loss=0.4421
07:24:28 | INFO    | holoqpi.engine.trainer |   epoch 50 step 100/140 loss=0.4911
07:24:30 | INFO    | holoqpi.engine.trainer |   epoch 50 step 120/140 loss=0.5047
07:25:18 | INFO    | holoqpi.engine.trainer | epoch 50/60 (60s = 13s train + 46s val) | train_loss=0.5255  val_phase_mae=0.1683  val_dice=0.8225  val_cls_acc=0.6693  val_mass_mape=0.1952
07:25:18 | INFO    | holoqpi.engine.trainer |   epoch 51 step 0/140 loss=0.4736
07:25:20 | INFO    | holoqpi.engine.trainer |   epoch 51 step 20/140 loss=0.7652
07:25:22 | INFO    | holoqpi.engine.trainer |   epoch 51 step 40/140 loss=0.4728
07:25:24 | INFO    | holoqpi.engine.trainer |   epoch 51 step 60/140 loss=0.4789
07:25:26 | INFO    | holoqpi.engine.trainer |   epoch 51 step 80/140 loss=0.4927
07:25:27 | INFO    | holoqpi.engine.trainer |   epoch 51 step 100/140 loss=0.6098
07:25:29 | INFO    | holoqpi.engine.trainer |   epoch 51 step 120/140 loss=0.4552
07:26:18 | INFO    | holoqpi.engine.trainer | epoch 51/60 (60s = 13s train + 47s val) | train_loss=0.5124  val_phase_mae=0.1676  val_dice=0.8222  val_cls_acc=0.6850  val_mass_mape=0.1898
07:26:18 | INFO    | holoqpi.engine.trainer |   epoch 52 step 0/140 loss=0.8330
07:26:20 | INFO    | holoqpi.engine.trainer |   epoch 52 step 20/140 loss=0.4269
07:26:22 | INFO    | holoqpi.engine.trainer |   epoch 52 step 40/140 loss=0.5445
07:26:23 | INFO    | holoqpi.engine.trainer |   epoch 52 step 60/140 loss=0.5754
07:26:25 | INFO    | holoqpi.engine.trainer |   epoch 52 step 80/140 loss=0.5114
07:26:27 | INFO    | holoqpi.engine.trainer |   epoch 52 step 100/140 loss=0.5709
07:26:29 | INFO    | holoqpi.engine.trainer |   epoch 52 step 120/140 loss=0.5031
07:27:18 | INFO    | holoqpi.engine.trainer |   new best composite=0.8116
07:27:18 | INFO    | holoqpi.engine.trainer | epoch 52/60 (60s = 13s train + 47s val) | train_loss=0.5283  val_phase_mae=0.1680  val_dice=0.8233  val_cls_acc=0.6850  val_mass_mape=0.1871
07:27:18 | INFO    | holoqpi.engine.trainer |   epoch 53 step 0/140 loss=0.5904
07:27:20 | INFO    | holoqpi.engine.trainer |   epoch 53 step 20/140 loss=0.5282
07:27:22 | INFO    | holoqpi.engine.trainer |   epoch 53 step 40/140 loss=0.4989
07:27:24 | INFO    | holoqpi.engine.trainer |   epoch 53 step 60/140 loss=0.4168
07:27:26 | INFO    | holoqpi.engine.trainer |   epoch 53 step 80/140 loss=0.5241
07:27:28 | INFO    | holoqpi.engine.trainer |   epoch 53 step 100/140 loss=0.5214
07:27:30 | INFO    | holoqpi.engine.trainer |   epoch 53 step 120/140 loss=0.4674
07:28:18 | INFO    | holoqpi.engine.trainer | epoch 53/60 (60s = 13s train + 46s val) | train_loss=0.5110  val_phase_mae=0.1670  val_dice=0.8232  val_cls_acc=0.6535  val_mass_mape=0.1865
07:28:18 | INFO    | holoqpi.engine.trainer |   epoch 54 step 0/140 loss=0.5130
07:28:20 | INFO    | holoqpi.engine.trainer |   epoch 54 step 20/140 loss=0.6061
07:28:22 | INFO    | holoqpi.engine.trainer |   epoch 54 step 40/140 loss=0.4924
07:28:24 | INFO    | holoqpi.engine.trainer |   epoch 54 step 60/140 loss=0.5337
07:28:26 | INFO    | holoqpi.engine.trainer |   epoch 54 step 80/140 loss=0.4880
07:28:27 | INFO    | holoqpi.engine.trainer |   epoch 54 step 100/140 loss=0.4568
07:28:29 | INFO    | holoqpi.engine.trainer |   epoch 54 step 120/140 loss=0.5033
07:29:17 | INFO    | holoqpi.engine.trainer | epoch 54/60 (60s = 13s train + 46s val) | train_loss=0.5207  val_phase_mae=0.1675  val_dice=0.8235  val_cls_acc=0.6535  val_mass_mape=0.1876
07:29:18 | INFO    | holoqpi.engine.trainer |   epoch 55 step 0/140 loss=0.4068
07:29:20 | INFO    | holoqpi.engine.trainer |   epoch 55 step 20/140 loss=0.5712
07:29:21 | INFO    | holoqpi.engine.trainer |   epoch 55 step 40/140 loss=0.5928
07:29:23 | INFO    | holoqpi.engine.trainer |   epoch 55 step 60/140 loss=0.5025
07:29:25 | INFO    | holoqpi.engine.trainer |   epoch 55 step 80/140 loss=0.3697
07:29:27 | INFO    | holoqpi.engine.trainer |   epoch 55 step 100/140 loss=0.4125
07:29:28 | INFO    | holoqpi.engine.trainer |   epoch 55 step 120/140 loss=0.4360
07:30:16 | INFO    | holoqpi.engine.trainer | epoch 55/60 (59s = 13s train + 46s val) | train_loss=0.5111  val_phase_mae=0.1668  val_dice=0.8238  val_cls_acc=0.6299  val_mass_mape=0.1921
07:30:17 | INFO    | holoqpi.engine.trainer |   epoch 56 step 0/140 loss=0.4777
07:30:19 | INFO    | holoqpi.engine.trainer |   epoch 56 step 20/140 loss=0.5878
07:30:20 | INFO    | holoqpi.engine.trainer |   epoch 56 step 40/140 loss=0.4665
07:30:22 | INFO    | holoqpi.engine.trainer |   epoch 56 step 60/140 loss=0.4831
07:30:24 | INFO    | holoqpi.engine.trainer |   epoch 56 step 80/140 loss=0.4335
07:30:26 | INFO    | holoqpi.engine.trainer |   epoch 56 step 100/140 loss=0.5479
07:30:28 | INFO    | holoqpi.engine.trainer |   epoch 56 step 120/140 loss=0.3967
07:31:16 | INFO    | holoqpi.engine.trainer | epoch 56/60 (60s = 13s train + 46s val) | train_loss=0.5087  val_phase_mae=0.1690  val_dice=0.8233  val_cls_acc=0.7165  val_mass_mape=0.1966
07:31:16 | INFO    | holoqpi.engine.trainer |   epoch 57 step 0/140 loss=0.5080
07:31:18 | INFO    | holoqpi.engine.trainer |   epoch 57 step 20/140 loss=0.4747
07:31:20 | INFO    | holoqpi.engine.trainer |   epoch 57 step 40/140 loss=0.3590
07:31:22 | INFO    | holoqpi.engine.trainer |   epoch 57 step 60/140 loss=0.4811
07:31:23 | INFO    | holoqpi.engine.trainer |   epoch 57 step 80/140 loss=0.5272
07:31:25 | INFO    | holoqpi.engine.trainer |   epoch 57 step 100/140 loss=0.4650
07:31:27 | INFO    | holoqpi.engine.trainer |   epoch 57 step 120/140 loss=0.4886
07:32:15 | INFO    | holoqpi.engine.trainer | epoch 57/60 (59s = 13s train + 46s val) | train_loss=0.5046  val_phase_mae=0.1680  val_dice=0.8234  val_cls_acc=0.6457  val_mass_mape=0.1871
07:32:16 | INFO    | holoqpi.engine.trainer |   epoch 58 step 0/140 loss=0.6023
07:32:17 | INFO    | holoqpi.engine.trainer |   epoch 58 step 20/140 loss=0.5304
07:32:19 | INFO    | holoqpi.engine.trainer |   epoch 58 step 40/140 loss=0.6198
07:32:21 | INFO    | holoqpi.engine.trainer |   epoch 58 step 60/140 loss=0.5994
07:32:23 | INFO    | holoqpi.engine.trainer |   epoch 58 step 80/140 loss=0.6212
07:32:25 | INFO    | holoqpi.engine.trainer |   epoch 58 step 100/140 loss=0.4436
07:32:27 | INFO    | holoqpi.engine.trainer |   epoch 58 step 120/140 loss=0.4546
07:33:14 | INFO    | holoqpi.engine.trainer | epoch 58/60 (59s = 13s train + 46s val) | train_loss=0.5238  val_phase_mae=0.1672  val_dice=0.8238  val_cls_acc=0.7559  val_mass_mape=0.1903
07:33:15 | INFO    | holoqpi.engine.trainer |   epoch 59 step 0/140 loss=0.4161
07:33:17 | INFO    | holoqpi.engine.trainer |   epoch 59 step 20/140 loss=0.5657
07:33:19 | INFO    | holoqpi.engine.trainer |   epoch 59 step 40/140 loss=0.4585
07:33:20 | INFO    | holoqpi.engine.trainer |   epoch 59 step 60/140 loss=0.5836
07:33:22 | INFO    | holoqpi.engine.trainer |   epoch 59 step 80/140 loss=0.5389
07:33:24 | INFO    | holoqpi.engine.trainer |   epoch 59 step 100/140 loss=0.3796
07:33:26 | INFO    | holoqpi.engine.trainer |   epoch 59 step 120/140 loss=0.4631
07:34:14 | INFO    | holoqpi.engine.trainer | epoch 59/60 (60s = 13s train + 47s val) | train_loss=0.5040  val_phase_mae=0.1680  val_dice=0.8235  val_cls_acc=0.7165  val_mass_mape=0.1918
07:34:15 | INFO    | holoqpi.engine.trainer |   epoch 60 step 0/140 loss=0.4007
07:34:17 | INFO    | holoqpi.engine.trainer |   epoch 60 step 20/140 loss=0.4544
07:34:18 | INFO    | holoqpi.engine.trainer |   epoch 60 step 40/140 loss=0.7779
07:34:20 | INFO    | holoqpi.engine.trainer |   epoch 60 step 60/140 loss=0.5028
07:34:22 | INFO    | holoqpi.engine.trainer |   epoch 60 step 80/140 loss=0.4809
07:34:24 | INFO    | holoqpi.engine.trainer |   epoch 60 step 100/140 loss=0.4391
07:34:26 | INFO    | holoqpi.engine.trainer |   epoch 60 step 120/140 loss=0.5488
07:35:14 | INFO    | holoqpi.engine.trainer | epoch 60/60 (60s = 13s train + 47s val) | train_loss=0.5079  val_phase_mae=0.1679  val_dice=0.8237  val_cls_acc=0.6772  val_mass_mape=0.1892
07:35:14 | INFO    | holoqpi.engine.trainer | training finished; best epoch 52 (composite=0.8116)
07:35:15 | INFO    | holoqpi.engine.trainer | checkpoint best_model.pt: 446/446 tensors matched
07:35:57 | INFO    | holoqpi.engine.compare | modality=off_axis test metrics written to runs/base_off_axis
07:35:57 | INFO    | holoqpi.engine.compare | ======================================================================
07:35:57 | INFO    | holoqpi.engine.compare | modality=gabor  device=cuda  run_dir=runs/base_gabor
07:35:57 | INFO    | holoqpi.engine.compare | ======================================================================
07:35:57 | INFO    | holoqpi.data.dataset | train split: 560 samples | modality=gabor | crop=512 | augment=True
07:35:57 | INFO    | holoqpi.data.dataset | val split: 127 samples | modality=gabor | crop=None | augment=False
07:35:57 | INFO    | holoqpi.data.dataset | test split: 113 samples | modality=gabor | crop=None | augment=False
07:35:57 | INFO    | holoqpi.models.encoders | encoder=mobilenet_v2 in_channels=1 pretrained=True stages=[16, 24, 32, 96, 1280]
07:35:57 | INFO    | holoqpi.models.holonet | HoloQPINet built: 9.76M parameters, 9.76M trainable (100.0%)
07:35:57 | INFO    | holoqpi.engine.trainer | trainable 9.76M / 9.76M parameters (100.0%)
07:35:57 | INFO    | holoqpi.engine.trainer | active physics terms: ['phase_mask_contrast', 'boundary_gradient_alignment', 'phase_volume', 'dry_mass_consistency', 'projected_area_consistency']
07:35:58 | INFO    | holoqpi.engine.trainer |   epoch 1 step 0/140 loss=2.5198
07:36:00 | INFO    | holoqpi.engine.trainer |   epoch 1 step 20/140 loss=2.2503
07:36:02 | INFO    | holoqpi.engine.trainer |   epoch 1 step 40/140 loss=1.6467
07:36:04 | INFO    | holoqpi.engine.trainer |   epoch 1 step 60/140 loss=1.4933
07:36:05 | INFO    | holoqpi.engine.trainer |   epoch 1 step 80/140 loss=1.3875
07:36:07 | INFO    | holoqpi.engine.trainer |   epoch 1 step 100/140 loss=1.1844
07:36:09 | INFO    | holoqpi.engine.trainer |   epoch 1 step 120/140 loss=1.2971
07:36:57 | INFO    | holoqpi.engine.trainer |   new best composite=0.6739
07:36:57 | INFO    | holoqpi.engine.trainer | epoch 1/60 (60s = 13s train + 46s val) | train_loss=1.6442  val_phase_mae=0.2266  val_dice=0.6898  val_cls_acc=0.4094  val_mass_mape=0.3018
07:36:57 | INFO    | holoqpi.engine.trainer |   at this rate the full 60-epoch schedule takes about 60 min
07:36:58 | INFO    | holoqpi.engine.trainer |   epoch 2 step 0/140 loss=1.2237
07:37:00 | INFO    | holoqpi.engine.trainer |   epoch 2 step 20/140 loss=1.2845
07:37:01 | INFO    | holoqpi.engine.trainer |   epoch 2 step 40/140 loss=1.0855
07:37:03 | INFO    | holoqpi.engine.trainer |   epoch 2 step 60/140 loss=1.0309
07:37:05 | INFO    | holoqpi.engine.trainer |   epoch 2 step 80/140 loss=1.3429
07:37:07 | INFO    | holoqpi.engine.trainer |   epoch 2 step 100/140 loss=0.8760
07:37:08 | INFO    | holoqpi.engine.trainer |   epoch 2 step 120/140 loss=1.2279
07:37:56 | INFO    | holoqpi.engine.trainer |   new best composite=0.6815
07:37:56 | INFO    | holoqpi.engine.trainer | epoch 2/60 (59s = 13s train + 46s val) | train_loss=1.1630  val_phase_mae=0.2245  val_dice=0.6849  val_cls_acc=0.4488  val_mass_mape=0.2907
07:37:57 | INFO    | holoqpi.engine.trainer |   epoch 3 step 0/140 loss=1.0340
07:37:59 | INFO    | holoqpi.engine.trainer |   epoch 3 step 20/140 loss=0.8736
07:38:00 | INFO    | holoqpi.engine.trainer |   epoch 3 step 40/140 loss=1.2140
07:38:02 | INFO    | holoqpi.engine.trainer |   epoch 3 step 60/140 loss=0.9787
07:38:04 | INFO    | holoqpi.engine.trainer |   epoch 3 step 80/140 loss=0.8434
07:38:06 | INFO    | holoqpi.engine.trainer |   epoch 3 step 100/140 loss=1.2615
07:38:07 | INFO    | holoqpi.engine.trainer |   epoch 3 step 120/140 loss=1.1378
07:38:54 | INFO    | holoqpi.engine.trainer |   new best composite=0.7097
07:38:54 | INFO    | holoqpi.engine.trainer | epoch 3/60 (57s = 13s train + 45s val) | train_loss=1.0076  val_phase_mae=0.2052  val_dice=0.7351  val_cls_acc=0.4724  val_mass_mape=0.3250
07:38:55 | INFO    | holoqpi.engine.trainer |   epoch 4 step 0/140 loss=0.9399
07:38:56 | INFO    | holoqpi.engine.trainer |   epoch 4 step 20/140 loss=1.0749
07:38:58 | INFO    | holoqpi.engine.trainer |   epoch 4 step 40/140 loss=0.9960
07:39:00 | INFO    | holoqpi.engine.trainer |   epoch 4 step 60/140 loss=1.4112
07:39:02 | INFO    | holoqpi.engine.trainer |   epoch 4 step 80/140 loss=0.9591
07:39:04 | INFO    | holoqpi.engine.trainer |   epoch 4 step 100/140 loss=0.9287
07:39:06 | INFO    | holoqpi.engine.trainer |   epoch 4 step 120/140 loss=0.7956
07:39:52 | INFO    | holoqpi.engine.trainer | epoch 4/60 (58s = 13s train + 45s val) | train_loss=0.9886  val_phase_mae=0.2086  val_dice=0.7398  val_cls_acc=0.5512  val_mass_mape=0.4045
07:39:52 | INFO    | holoqpi.engine.trainer |   epoch 5 step 0/140 loss=0.8432
07:39:54 | INFO    | holoqpi.engine.trainer |   epoch 5 step 20/140 loss=0.7783
07:39:56 | INFO    | holoqpi.engine.trainer |   epoch 5 step 40/140 loss=0.8661
07:39:58 | INFO    | holoqpi.engine.trainer |   epoch 5 step 60/140 loss=1.1151
07:40:00 | INFO    | holoqpi.engine.trainer |   epoch 5 step 80/140 loss=1.0452
07:40:01 | INFO    | holoqpi.engine.trainer |   epoch 5 step 100/140 loss=0.8952
07:40:03 | INFO    | holoqpi.engine.trainer |   epoch 5 step 120/140 loss=1.1135
07:40:49 | INFO    | holoqpi.engine.trainer |   new best composite=0.7352
07:40:49 | INFO    | holoqpi.engine.trainer | epoch 5/60 (57s = 13s train + 44s val) | train_loss=0.9524  val_phase_mae=0.1944  val_dice=0.7493  val_cls_acc=0.5354  val_mass_mape=0.2676
07:40:49 | INFO    | holoqpi.engine.trainer |   epoch 6 step 0/140 loss=1.2083
07:40:51 | INFO    | holoqpi.engine.trainer |   epoch 6 step 20/140 loss=1.1400
07:40:53 | INFO    | holoqpi.engine.trainer |   epoch 6 step 40/140 loss=0.9645
07:40:55 | INFO    | holoqpi.engine.trainer |   epoch 6 step 60/140 loss=0.6775
07:40:57 | INFO    | holoqpi.engine.trainer |   epoch 6 step 80/140 loss=0.7705
07:40:59 | INFO    | holoqpi.engine.trainer |   epoch 6 step 100/140 loss=0.7643
07:41:01 | INFO    | holoqpi.engine.trainer |   epoch 6 step 120/140 loss=0.8019
07:41:47 | INFO    | holoqpi.engine.trainer |   new best composite=0.7367
07:41:47 | INFO    | holoqpi.engine.trainer | epoch 6/60 (57s = 13s train + 44s val) | train_loss=0.9304  val_phase_mae=0.1971  val_dice=0.7485  val_cls_acc=0.6299  val_mass_mape=0.2631
07:41:47 | INFO    | holoqpi.engine.trainer |   epoch 7 step 0/140 loss=0.7407
07:41:49 | INFO    | holoqpi.engine.trainer |   epoch 7 step 20/140 loss=1.0956
07:41:51 | INFO    | holoqpi.engine.trainer |   epoch 7 step 40/140 loss=1.0873
07:41:52 | INFO    | holoqpi.engine.trainer |   epoch 7 step 60/140 loss=0.8868
07:41:54 | INFO    | holoqpi.engine.trainer |   epoch 7 step 80/140 loss=0.8068
07:41:56 | INFO    | holoqpi.engine.trainer |   epoch 7 step 100/140 loss=1.0592
07:41:58 | INFO    | holoqpi.engine.trainer |   epoch 7 step 120/140 loss=0.9531
07:42:44 | INFO    | holoqpi.engine.trainer | epoch 7/60 (57s = 13s train + 44s val) | train_loss=0.9097  val_phase_mae=0.2281  val_dice=0.7390  val_cls_acc=0.5984  val_mass_mape=0.6367
07:42:44 | INFO    | holoqpi.engine.trainer |   epoch 8 step 0/140 loss=0.8405
07:42:46 | INFO    | holoqpi.engine.trainer |   epoch 8 step 20/140 loss=0.9801
07:42:48 | INFO    | holoqpi.engine.trainer |   epoch 8 step 40/140 loss=0.9209
07:42:50 | INFO    | holoqpi.engine.trainer |   epoch 8 step 60/140 loss=0.7424
07:42:51 | INFO    | holoqpi.engine.trainer |   epoch 8 step 80/140 loss=1.0849
07:42:53 | INFO    | holoqpi.engine.trainer |   epoch 8 step 100/140 loss=0.8607
07:42:55 | INFO    | holoqpi.engine.trainer |   epoch 8 step 120/140 loss=0.8551
07:43:41 | INFO    | holoqpi.engine.trainer | epoch 8/60 (58s = 13s train + 44s val) | train_loss=0.8989  val_phase_mae=0.2087  val_dice=0.7368  val_cls_acc=0.5827  val_mass_mape=0.3402
07:43:42 | INFO    | holoqpi.engine.trainer |   epoch 9 step 0/140 loss=0.8116
07:43:44 | INFO    | holoqpi.engine.trainer |   epoch 9 step 20/140 loss=0.6899
07:43:45 | INFO    | holoqpi.engine.trainer |   epoch 9 step 40/140 loss=1.0822
07:43:47 | INFO    | holoqpi.engine.trainer |   epoch 9 step 60/140 loss=0.9289
07:43:49 | INFO    | holoqpi.engine.trainer |   epoch 9 step 80/140 loss=0.8667
07:43:51 | INFO    | holoqpi.engine.trainer |   epoch 9 step 100/140 loss=0.7775
07:43:53 | INFO    | holoqpi.engine.trainer |   epoch 9 step 120/140 loss=0.8392
07:44:40 | INFO    | holoqpi.engine.trainer |   new best composite=0.7396
07:44:40 | INFO    | holoqpi.engine.trainer | epoch 9/60 (58s = 13s train + 45s val) | train_loss=0.8999  val_phase_mae=0.1905  val_dice=0.7519  val_cls_acc=0.5827  val_mass_mape=0.2553
07:44:40 | INFO    | holoqpi.engine.trainer |   epoch 10 step 0/140 loss=0.8662
07:44:42 | INFO    | holoqpi.engine.trainer |   epoch 10 step 20/140 loss=0.7305
07:44:44 | INFO    | holoqpi.engine.trainer |   epoch 10 step 40/140 loss=1.0041
07:44:45 | INFO    | holoqpi.engine.trainer |   epoch 10 step 60/140 loss=0.9598
07:44:47 | INFO    | holoqpi.engine.trainer |   epoch 10 step 80/140 loss=1.0771
07:44:49 | INFO    | holoqpi.engine.trainer |   epoch 10 step 100/140 loss=1.0901
07:44:51 | INFO    | holoqpi.engine.trainer |   epoch 10 step 120/140 loss=0.8874
07:45:37 | INFO    | holoqpi.engine.trainer |   new best composite=0.7493
07:45:37 | INFO    | holoqpi.engine.trainer | epoch 10/60 (57s = 13s train + 44s val) | train_loss=0.8994  val_phase_mae=0.1868  val_dice=0.7599  val_cls_acc=0.5118  val_mass_mape=0.2468
07:45:38 | INFO    | holoqpi.engine.trainer |   epoch 11 step 0/140 loss=0.8313
07:45:40 | INFO    | holoqpi.engine.trainer |   epoch 11 step 20/140 loss=0.8592
07:45:41 | INFO    | holoqpi.engine.trainer |   epoch 11 step 40/140 loss=1.1319
07:45:43 | INFO    | holoqpi.engine.trainer |   epoch 11 step 60/140 loss=0.7221
07:45:45 | INFO    | holoqpi.engine.trainer |   epoch 11 step 80/140 loss=0.7038
07:45:47 | INFO    | holoqpi.engine.trainer |   epoch 11 step 100/140 loss=0.6747
07:45:49 | INFO    | holoqpi.engine.trainer |   epoch 11 step 120/140 loss=0.8002
07:46:34 | INFO    | holoqpi.engine.trainer | epoch 11/60 (57s = 13s train + 44s val) | train_loss=0.8854  val_phase_mae=0.2017  val_dice=0.7410  val_cls_acc=0.5906  val_mass_mape=0.2969
07:46:35 | INFO    | holoqpi.engine.trainer |   epoch 12 step 0/140 loss=0.7430
07:46:37 | INFO    | holoqpi.engine.trainer |   epoch 12 step 20/140 loss=1.2742
07:46:39 | INFO    | holoqpi.engine.trainer |   epoch 12 step 40/140 loss=0.7595
07:46:40 | INFO    | holoqpi.engine.trainer |   epoch 12 step 60/140 loss=1.5278
07:46:42 | INFO    | holoqpi.engine.trainer |   epoch 12 step 80/140 loss=1.0349
07:46:44 | INFO    | holoqpi.engine.trainer |   epoch 12 step 100/140 loss=0.7229
07:46:46 | INFO    | holoqpi.engine.trainer |   epoch 12 step 120/140 loss=0.6956
07:47:33 | INFO    | holoqpi.engine.trainer | epoch 12/60 (58s = 13s train + 45s val) | train_loss=0.8699  val_phase_mae=0.1998  val_dice=0.7390  val_cls_acc=0.6378  val_mass_mape=0.2680
07:47:33 | INFO    | holoqpi.engine.trainer |   epoch 13 step 0/140 loss=0.9036
07:47:35 | INFO    | holoqpi.engine.trainer |   epoch 13 step 20/140 loss=0.9269
07:47:37 | INFO    | holoqpi.engine.trainer |   epoch 13 step 40/140 loss=1.1757
07:47:39 | INFO    | holoqpi.engine.trainer |   epoch 13 step 60/140 loss=0.8651
07:47:41 | INFO    | holoqpi.engine.trainer |   epoch 13 step 80/140 loss=1.1563
07:47:42 | INFO    | holoqpi.engine.trainer |   epoch 13 step 100/140 loss=0.8399
07:47:44 | INFO    | holoqpi.engine.trainer |   epoch 13 step 120/140 loss=0.7862
07:48:30 | INFO    | holoqpi.engine.trainer | epoch 13/60 (58s = 13s train + 45s val) | train_loss=0.8783  val_phase_mae=0.1916  val_dice=0.7535  val_cls_acc=0.4724  val_mass_mape=0.2442
07:48:31 | INFO    | holoqpi.engine.trainer |   epoch 14 step 0/140 loss=0.8599
07:48:33 | INFO    | holoqpi.engine.trainer |   epoch 14 step 20/140 loss=1.0584
07:48:34 | INFO    | holoqpi.engine.trainer |   epoch 14 step 40/140 loss=1.0033
07:48:36 | INFO    | holoqpi.engine.trainer |   epoch 14 step 60/140 loss=0.6884
07:48:38 | INFO    | holoqpi.engine.trainer |   epoch 14 step 80/140 loss=1.0176
07:48:40 | INFO    | holoqpi.engine.trainer |   epoch 14 step 100/140 loss=0.6939
07:48:42 | INFO    | holoqpi.engine.trainer |   epoch 14 step 120/140 loss=0.8128
07:49:28 | INFO    | holoqpi.engine.trainer | epoch 14/60 (58s = 13s train + 45s val) | train_loss=0.8623  val_phase_mae=0.1902  val_dice=0.7588  val_cls_acc=0.5354  val_mass_mape=0.2455
07:49:29 | INFO    | holoqpi.engine.trainer |   epoch 15 step 0/140 loss=0.7522
07:49:31 | INFO    | holoqpi.engine.trainer |   epoch 15 step 20/140 loss=0.6543
07:49:32 | INFO    | holoqpi.engine.trainer |   epoch 15 step 40/140 loss=0.5845
07:49:34 | INFO    | holoqpi.engine.trainer |   epoch 15 step 60/140 loss=1.0670
07:49:36 | INFO    | holoqpi.engine.trainer |   epoch 15 step 80/140 loss=1.1160
07:49:38 | INFO    | holoqpi.engine.trainer |   epoch 15 step 100/140 loss=0.7087
07:49:40 | INFO    | holoqpi.engine.trainer |   epoch 15 step 120/140 loss=0.8098
07:50:26 | INFO    | holoqpi.engine.trainer | epoch 15/60 (57s = 13s train + 44s val) | train_loss=0.8509  val_phase_mae=0.1899  val_dice=0.7448  val_cls_acc=0.6299  val_mass_mape=0.2348
07:50:26 | INFO    | holoqpi.engine.trainer |   epoch 16 step 0/140 loss=0.9265
07:50:28 | INFO    | holoqpi.engine.trainer |   epoch 16 step 20/140 loss=1.0378
07:50:30 | INFO    | holoqpi.engine.trainer |   epoch 16 step 40/140 loss=0.7875
07:50:31 | INFO    | holoqpi.engine.trainer |   epoch 16 step 60/140 loss=0.8184
07:50:33 | INFO    | holoqpi.engine.trainer |   epoch 16 step 80/140 loss=0.7352
07:50:35 | INFO    | holoqpi.engine.trainer |   epoch 16 step 100/140 loss=1.0908
07:50:37 | INFO    | holoqpi.engine.trainer |   epoch 16 step 120/140 loss=0.8210
07:51:23 | INFO    | holoqpi.engine.trainer | epoch 16/60 (57s = 13s train + 44s val) | train_loss=0.8456  val_phase_mae=0.1902  val_dice=0.7549  val_cls_acc=0.6142  val_mass_mape=0.2413
07:51:24 | INFO    | holoqpi.engine.trainer |   epoch 17 step 0/140 loss=1.0572
07:51:25 | INFO    | holoqpi.engine.trainer |   epoch 17 step 20/140 loss=1.2133
07:51:27 | INFO    | holoqpi.engine.trainer |   epoch 17 step 40/140 loss=1.2995
07:51:29 | INFO    | holoqpi.engine.trainer |   epoch 17 step 60/140 loss=0.6739
07:51:31 | INFO    | holoqpi.engine.trainer |   epoch 17 step 80/140 loss=0.6616
07:51:33 | INFO    | holoqpi.engine.trainer |   epoch 17 step 100/140 loss=1.2209
07:51:34 | INFO    | holoqpi.engine.trainer |   epoch 17 step 120/140 loss=0.6938
07:52:20 | INFO    | holoqpi.engine.trainer | epoch 17/60 (57s = 13s train + 44s val) | train_loss=0.8342  val_phase_mae=0.1905  val_dice=0.7499  val_cls_acc=0.6535  val_mass_mape=0.2533
07:52:21 | INFO    | holoqpi.engine.trainer |   epoch 18 step 0/140 loss=0.6508
07:52:22 | INFO    | holoqpi.engine.trainer |   epoch 18 step 20/140 loss=0.7946
07:52:24 | INFO    | holoqpi.engine.trainer |   epoch 18 step 40/140 loss=0.6578
07:52:26 | INFO    | holoqpi.engine.trainer |   epoch 18 step 60/140 loss=0.7684
07:52:28 | INFO    | holoqpi.engine.trainer |   epoch 18 step 80/140 loss=1.1459
07:52:30 | INFO    | holoqpi.engine.trainer |   epoch 18 step 100/140 loss=0.7573
07:52:31 | INFO    | holoqpi.engine.trainer |   epoch 18 step 120/140 loss=1.0253
07:53:17 | INFO    | holoqpi.engine.trainer | epoch 18/60 (57s = 13s train + 44s val) | train_loss=0.8229  val_phase_mae=0.1935  val_dice=0.7414  val_cls_acc=0.6299  val_mass_mape=0.2353
07:53:17 | INFO    | holoqpi.engine.trainer |   epoch 19 step 0/140 loss=0.6481
07:53:19 | INFO    | holoqpi.engine.trainer |   epoch 19 step 20/140 loss=0.6259
07:53:21 | INFO    | holoqpi.engine.trainer |   epoch 19 step 40/140 loss=0.6449
07:53:23 | INFO    | holoqpi.engine.trainer |   epoch 19 step 60/140 loss=0.7573
07:53:24 | INFO    | holoqpi.engine.trainer |   epoch 19 step 80/140 loss=0.8515
07:53:26 | INFO    | holoqpi.engine.trainer |   epoch 19 step 100/140 loss=0.6630
07:53:28 | INFO    | holoqpi.engine.trainer |   epoch 19 step 120/140 loss=0.9657
07:54:14 | INFO    | holoqpi.engine.trainer |   new best composite=0.7544
07:54:14 | INFO    | holoqpi.engine.trainer | epoch 19/60 (57s = 13s train + 44s val) | train_loss=0.8318  val_phase_mae=0.1853  val_dice=0.7646  val_cls_acc=0.6535  val_mass_mape=0.2394
07:54:14 | INFO    | holoqpi.engine.trainer |   epoch 20 step 0/140 loss=0.8929
07:54:16 | INFO    | holoqpi.engine.trainer |   epoch 20 step 20/140 loss=0.8754
07:54:18 | INFO    | holoqpi.engine.trainer |   epoch 20 step 40/140 loss=0.8503
07:54:20 | INFO    | holoqpi.engine.trainer |   epoch 20 step 60/140 loss=0.9185
07:54:22 | INFO    | holoqpi.engine.trainer |   epoch 20 step 80/140 loss=0.5959
07:54:23 | INFO    | holoqpi.engine.trainer |   epoch 20 step 100/140 loss=1.0435
07:54:25 | INFO    | holoqpi.engine.trainer |   epoch 20 step 120/140 loss=0.7797
07:55:11 | INFO    | holoqpi.engine.trainer | epoch 20/60 (57s = 13s train + 44s val) | train_loss=0.8183  val_phase_mae=0.1861  val_dice=0.7640  val_cls_acc=0.6850  val_mass_mape=0.2476
07:55:12 | INFO    | holoqpi.engine.trainer |   epoch 21 step 0/140 loss=0.8097
07:55:13 | INFO    | holoqpi.engine.trainer |   epoch 21 step 20/140 loss=0.9939
07:55:15 | INFO    | holoqpi.engine.trainer |   epoch 21 step 40/140 loss=0.9085
07:55:17 | INFO    | holoqpi.engine.trainer |   epoch 21 step 60/140 loss=0.7197
07:55:19 | INFO    | holoqpi.engine.trainer |   epoch 21 step 80/140 loss=0.7572
07:55:20 | INFO    | holoqpi.engine.trainer |   epoch 21 step 100/140 loss=0.6032
07:55:22 | INFO    | holoqpi.engine.trainer |   epoch 21 step 120/140 loss=0.6694
07:56:09 | INFO    | holoqpi.engine.trainer | epoch 21/60 (57s = 13s train + 45s val) | train_loss=0.8173  val_phase_mae=0.1885  val_dice=0.7535  val_cls_acc=0.6299  val_mass_mape=0.2383
07:56:09 | INFO    | holoqpi.engine.trainer |   epoch 22 step 0/140 loss=0.6692
07:56:11 | INFO    | holoqpi.engine.trainer |   epoch 22 step 20/140 loss=0.7180
07:56:13 | INFO    | holoqpi.engine.trainer |   epoch 22 step 40/140 loss=0.6754
07:56:14 | INFO    | holoqpi.engine.trainer |   epoch 22 step 60/140 loss=0.6492
07:56:16 | INFO    | holoqpi.engine.trainer |   epoch 22 step 80/140 loss=0.6734
07:56:18 | INFO    | holoqpi.engine.trainer |   epoch 22 step 100/140 loss=0.7391
07:56:20 | INFO    | holoqpi.engine.trainer |   epoch 22 step 120/140 loss=1.3805
07:57:06 | INFO    | holoqpi.engine.trainer |   new best composite=0.7552
07:57:06 | INFO    | holoqpi.engine.trainer | epoch 22/60 (57s = 13s train + 44s val) | train_loss=0.8092  val_phase_mae=0.1838  val_dice=0.7667  val_cls_acc=0.6299  val_mass_mape=0.2440
07:57:06 | INFO    | holoqpi.engine.trainer |   epoch 23 step 0/140 loss=0.9474
07:57:08 | INFO    | holoqpi.engine.trainer |   epoch 23 step 20/140 loss=0.7124
07:57:10 | INFO    | holoqpi.engine.trainer |   epoch 23 step 40/140 loss=0.7388
07:57:12 | INFO    | holoqpi.engine.trainer |   epoch 23 step 60/140 loss=1.0981
07:57:13 | INFO    | holoqpi.engine.trainer |   epoch 23 step 80/140 loss=1.2615
07:57:15 | INFO    | holoqpi.engine.trainer |   epoch 23 step 100/140 loss=0.7045
07:57:17 | INFO    | holoqpi.engine.trainer |   epoch 23 step 120/140 loss=1.0782
07:58:03 | INFO    | holoqpi.engine.trainer | epoch 23/60 (57s = 13s train + 45s val) | train_loss=0.8035  val_phase_mae=0.1926  val_dice=0.7579  val_cls_acc=0.6850  val_mass_mape=0.2975
07:58:04 | INFO    | holoqpi.engine.trainer |   epoch 24 step 0/140 loss=0.7336
07:58:05 | INFO    | holoqpi.engine.trainer |   epoch 24 step 20/140 loss=0.5594
07:58:07 | INFO    | holoqpi.engine.trainer |   epoch 24 step 40/140 loss=0.7288
07:58:09 | INFO    | holoqpi.engine.trainer |   epoch 24 step 60/140 loss=0.8328
07:58:11 | INFO    | holoqpi.engine.trainer |   epoch 24 step 80/140 loss=0.7954
07:58:13 | INFO    | holoqpi.engine.trainer |   epoch 24 step 100/140 loss=1.0087
07:58:15 | INFO    | holoqpi.engine.trainer |   epoch 24 step 120/140 loss=0.9377
07:59:01 | INFO    | holoqpi.engine.trainer | epoch 24/60 (57s = 13s train + 44s val) | train_loss=0.8086  val_phase_mae=0.1886  val_dice=0.7528  val_cls_acc=0.6772  val_mass_mape=0.2365
07:59:01 | INFO    | holoqpi.engine.trainer |   epoch 25 step 0/140 loss=0.7774
07:59:03 | INFO    | holoqpi.engine.trainer |   epoch 25 step 20/140 loss=0.7330
07:59:05 | INFO    | holoqpi.engine.trainer |   epoch 25 step 40/140 loss=0.6558
07:59:06 | INFO    | holoqpi.engine.trainer |   epoch 25 step 60/140 loss=0.6472
07:59:08 | INFO    | holoqpi.engine.trainer |   epoch 25 step 80/140 loss=0.9286
07:59:10 | INFO    | holoqpi.engine.trainer |   epoch 25 step 100/140 loss=0.8687
07:59:12 | INFO    | holoqpi.engine.trainer |   epoch 25 step 120/140 loss=1.6387
07:59:57 | INFO    | holoqpi.engine.trainer | epoch 25/60 (57s = 13s train + 44s val) | train_loss=0.8015  val_phase_mae=0.1920  val_dice=0.7501  val_cls_acc=0.6378  val_mass_mape=0.2581
07:59:58 | INFO    | holoqpi.engine.trainer |   epoch 26 step 0/140 loss=0.8360
08:00:00 | INFO    | holoqpi.engine.trainer |   epoch 26 step 20/140 loss=0.6418
08:00:02 | INFO    | holoqpi.engine.trainer |   epoch 26 step 40/140 loss=0.6913
08:00:03 | INFO    | holoqpi.engine.trainer |   epoch 26 step 60/140 loss=0.7669
08:00:05 | INFO    | holoqpi.engine.trainer |   epoch 26 step 80/140 loss=0.9356
08:00:07 | INFO    | holoqpi.engine.trainer |   epoch 26 step 100/140 loss=0.7478
08:00:09 | INFO    | holoqpi.engine.trainer |   epoch 26 step 120/140 loss=0.6356
08:00:55 | INFO    | holoqpi.engine.trainer | epoch 26/60 (57s = 13s train + 44s val) | train_loss=0.7943  val_phase_mae=0.1822  val_dice=0.7676  val_cls_acc=0.6535  val_mass_mape=0.2513
08:00:55 | INFO    | holoqpi.engine.trainer |   epoch 27 step 0/140 loss=0.6666
08:00:57 | INFO    | holoqpi.engine.trainer |   epoch 27 step 20/140 loss=0.6518
08:00:59 | INFO    | holoqpi.engine.trainer |   epoch 27 step 40/140 loss=0.9278
08:01:01 | INFO    | holoqpi.engine.trainer |   epoch 27 step 60/140 loss=0.9178
08:01:02 | INFO    | holoqpi.engine.trainer |   epoch 27 step 80/140 loss=0.6379
08:01:04 | INFO    | holoqpi.engine.trainer |   epoch 27 step 100/140 loss=0.8942
08:01:06 | INFO    | holoqpi.engine.trainer |   epoch 27 step 120/140 loss=0.5600
08:01:51 | INFO    | holoqpi.engine.trainer | epoch 27/60 (57s = 13s train + 44s val) | train_loss=0.7774  val_phase_mae=0.1882  val_dice=0.7557  val_cls_acc=0.6693  val_mass_mape=0.2602
08:01:52 | INFO    | holoqpi.engine.trainer |   epoch 28 step 0/140 loss=0.6704
08:01:54 | INFO    | holoqpi.engine.trainer |   epoch 28 step 20/140 loss=0.6731
08:01:56 | INFO    | holoqpi.engine.trainer |   epoch 28 step 40/140 loss=0.6988
08:01:57 | INFO    | holoqpi.engine.trainer |   epoch 28 step 60/140 loss=0.6339
08:01:59 | INFO    | holoqpi.engine.trainer |   epoch 28 step 80/140 loss=0.6757
08:02:01 | INFO    | holoqpi.engine.trainer |   epoch 28 step 100/140 loss=0.7261
08:02:03 | INFO    | holoqpi.engine.trainer |   epoch 28 step 120/140 loss=0.5679
08:02:48 | INFO    | holoqpi.engine.trainer | epoch 28/60 (57s = 13s train + 44s val) | train_loss=0.7752  val_phase_mae=0.1868  val_dice=0.7579  val_cls_acc=0.7008  val_mass_mape=0.2346
08:02:49 | INFO    | holoqpi.engine.trainer |   epoch 29 step 0/140 loss=0.7097
08:02:51 | INFO    | holoqpi.engine.trainer |   epoch 29 step 20/140 loss=0.9678
08:02:52 | INFO    | holoqpi.engine.trainer |   epoch 29 step 40/140 loss=0.8419
08:02:54 | INFO    | holoqpi.engine.trainer |   epoch 29 step 60/140 loss=0.6557
08:02:56 | INFO    | holoqpi.engine.trainer |   epoch 29 step 80/140 loss=1.2292
08:02:58 | INFO    | holoqpi.engine.trainer |   epoch 29 step 100/140 loss=0.6649
08:03:00 | INFO    | holoqpi.engine.trainer |   epoch 29 step 120/140 loss=0.6982
08:03:46 | INFO    | holoqpi.engine.trainer |   new best composite=0.7562
08:03:46 | INFO    | holoqpi.engine.trainer | epoch 29/60 (57s = 13s train + 44s val) | train_loss=0.7577  val_phase_mae=0.1849  val_dice=0.7644  val_cls_acc=0.7008  val_mass_mape=0.2345
08:03:46 | INFO    | holoqpi.engine.trainer |   epoch 30 step 0/140 loss=0.5923
08:03:48 | INFO    | holoqpi.engine.trainer |   epoch 30 step 20/140 loss=0.7898
08:03:50 | INFO    | holoqpi.engine.trainer |   epoch 30 step 40/140 loss=2.1007
08:03:52 | INFO    | holoqpi.engine.trainer |   epoch 30 step 60/140 loss=0.6614
08:03:54 | INFO    | holoqpi.engine.trainer |   epoch 30 step 80/140 loss=0.6560
08:03:56 | INFO    | holoqpi.engine.trainer |   epoch 30 step 100/140 loss=0.8514
08:03:57 | INFO    | holoqpi.engine.trainer |   epoch 30 step 120/140 loss=0.9561
08:04:44 | INFO    | holoqpi.engine.trainer | epoch 30/60 (58s = 13s train + 45s val) | train_loss=0.7695  val_phase_mae=0.1858  val_dice=0.7617  val_cls_acc=0.6457  val_mass_mape=0.2591
08:04:45 | INFO    | holoqpi.engine.trainer |   epoch 31 step 0/140 loss=0.8282
08:04:46 | INFO    | holoqpi.engine.trainer |   epoch 31 step 20/140 loss=0.6734
08:04:48 | INFO    | holoqpi.engine.trainer |   epoch 31 step 40/140 loss=0.7829
08:04:50 | INFO    | holoqpi.engine.trainer |   epoch 31 step 60/140 loss=0.6049
08:04:52 | INFO    | holoqpi.engine.trainer |   epoch 31 step 80/140 loss=0.6028
08:04:54 | INFO    | holoqpi.engine.trainer |   epoch 31 step 100/140 loss=0.9219
08:04:55 | INFO    | holoqpi.engine.trainer |   epoch 31 step 120/140 loss=0.6391
08:05:41 | INFO    | holoqpi.engine.trainer | epoch 31/60 (57s = 13s train + 44s val) | train_loss=0.7698  val_phase_mae=0.1904  val_dice=0.7506  val_cls_acc=0.7008  val_mass_mape=0.2618
08:05:42 | INFO    | holoqpi.engine.trainer |   epoch 32 step 0/140 loss=0.5761
08:05:44 | INFO    | holoqpi.engine.trainer |   epoch 32 step 20/140 loss=1.3653
08:05:45 | INFO    | holoqpi.engine.trainer |   epoch 32 step 40/140 loss=0.7291
08:05:47 | INFO    | holoqpi.engine.trainer |   epoch 32 step 60/140 loss=0.7134
08:05:49 | INFO    | holoqpi.engine.trainer |   epoch 32 step 80/140 loss=0.6440
08:05:51 | INFO    | holoqpi.engine.trainer |   epoch 32 step 100/140 loss=0.9842
08:05:53 | INFO    | holoqpi.engine.trainer |   epoch 32 step 120/140 loss=1.4145
08:06:39 | INFO    | holoqpi.engine.trainer |   new best composite=0.7568
08:06:39 | INFO    | holoqpi.engine.trainer | epoch 32/60 (57s = 13s train + 45s val) | train_loss=0.7648  val_phase_mae=0.1835  val_dice=0.7671  val_cls_acc=0.6850  val_mass_mape=0.2425
08:06:40 | INFO    | holoqpi.engine.trainer |   epoch 33 step 0/140 loss=0.5850
08:06:41 | INFO    | holoqpi.engine.trainer |   epoch 33 step 20/140 loss=0.6536
08:06:43 | INFO    | holoqpi.engine.trainer |   epoch 33 step 40/140 loss=0.7454
08:06:45 | INFO    | holoqpi.engine.trainer |   epoch 33 step 60/140 loss=0.6539
08:06:47 | INFO    | holoqpi.engine.trainer |   epoch 33 step 80/140 loss=0.7666
08:06:48 | INFO    | holoqpi.engine.trainer |   epoch 33 step 100/140 loss=0.6931
08:06:50 | INFO    | holoqpi.engine.trainer |   epoch 33 step 120/140 loss=0.5156
08:07:37 | INFO    | holoqpi.engine.trainer | epoch 33/60 (57s = 13s train + 45s val) | train_loss=0.7548  val_phase_mae=0.1818  val_dice=0.7695  val_cls_acc=0.7480  val_mass_mape=0.2449
08:07:37 | INFO    | holoqpi.engine.trainer |   epoch 34 step 0/140 loss=1.1181
08:07:39 | INFO    | holoqpi.engine.trainer |   epoch 34 step 20/140 loss=0.7008
08:07:41 | INFO    | holoqpi.engine.trainer |   epoch 34 step 40/140 loss=0.5397
08:07:42 | INFO    | holoqpi.engine.trainer |   epoch 34 step 60/140 loss=0.5870
08:07:44 | INFO    | holoqpi.engine.trainer |   epoch 34 step 80/140 loss=0.6737
08:07:46 | INFO    | holoqpi.engine.trainer |   epoch 34 step 100/140 loss=0.9055
08:07:48 | INFO    | holoqpi.engine.trainer |   epoch 34 step 120/140 loss=0.5584
08:08:34 | INFO    | holoqpi.engine.trainer | epoch 34/60 (58s = 13s train + 45s val) | train_loss=0.7406  val_phase_mae=0.1876  val_dice=0.7608  val_cls_acc=0.7323  val_mass_mape=0.2757
08:08:35 | INFO    | holoqpi.engine.trainer |   epoch 35 step 0/140 loss=0.5622
08:08:36 | INFO    | holoqpi.engine.trainer |   epoch 35 step 20/140 loss=0.6403
08:08:38 | INFO    | holoqpi.engine.trainer |   epoch 35 step 40/140 loss=1.2605
08:08:40 | INFO    | holoqpi.engine.trainer |   epoch 35 step 60/140 loss=0.8837
08:08:41 | INFO    | holoqpi.engine.trainer |   epoch 35 step 80/140 loss=0.7990
08:08:43 | INFO    | holoqpi.engine.trainer |   epoch 35 step 100/140 loss=0.7161
08:08:45 | INFO    | holoqpi.engine.trainer |   epoch 35 step 120/140 loss=0.6110
08:09:31 | INFO    | holoqpi.engine.trainer |   new best composite=0.7571
08:09:31 | INFO    | holoqpi.engine.trainer | epoch 35/60 (57s = 13s train + 45s val) | train_loss=0.7401  val_phase_mae=0.1827  val_dice=0.7644  val_cls_acc=0.7717  val_mass_mape=0.2347
08:09:32 | INFO    | holoqpi.engine.trainer |   epoch 36 step 0/140 loss=0.5909
08:09:34 | INFO    | holoqpi.engine.trainer |   epoch 36 step 20/140 loss=0.8528
08:09:35 | INFO    | holoqpi.engine.trainer |   epoch 36 step 40/140 loss=0.5309
08:09:37 | INFO    | holoqpi.engine.trainer |   epoch 36 step 60/140 loss=0.6375
08:09:39 | INFO    | holoqpi.engine.trainer |   epoch 36 step 80/140 loss=1.1914
08:09:41 | INFO    | holoqpi.engine.trainer |   epoch 36 step 100/140 loss=1.2289
08:09:42 | INFO    | holoqpi.engine.trainer |   epoch 36 step 120/140 loss=0.8119
08:10:29 | INFO    | holoqpi.engine.trainer | epoch 36/60 (57s = 13s train + 44s val) | train_loss=0.7466  val_phase_mae=0.1839  val_dice=0.7639  val_cls_acc=0.6220  val_mass_mape=0.2428
08:10:29 | INFO    | holoqpi.engine.trainer |   epoch 37 step 0/140 loss=1.0625
08:10:31 | INFO    | holoqpi.engine.trainer |   epoch 37 step 20/140 loss=0.6163
08:10:33 | INFO    | holoqpi.engine.trainer |   epoch 37 step 40/140 loss=0.5712
08:10:34 | INFO    | holoqpi.engine.trainer |   epoch 37 step 60/140 loss=0.7520
08:10:36 | INFO    | holoqpi.engine.trainer |   epoch 37 step 80/140 loss=0.6994
08:10:38 | INFO    | holoqpi.engine.trainer |   epoch 37 step 100/140 loss=0.5896
08:10:40 | INFO    | holoqpi.engine.trainer |   epoch 37 step 120/140 loss=0.5455
08:11:26 | INFO    | holoqpi.engine.trainer | epoch 37/60 (57s = 13s train + 45s val) | train_loss=0.7347  val_phase_mae=0.1859  val_dice=0.7613  val_cls_acc=0.6693  val_mass_mape=0.2617
08:11:27 | INFO    | holoqpi.engine.trainer |   epoch 38 step 0/140 loss=0.7169
08:11:28 | INFO    | holoqpi.engine.trainer |   epoch 38 step 20/140 loss=0.7855
08:11:30 | INFO    | holoqpi.engine.trainer |   epoch 38 step 40/140 loss=0.6447
08:11:32 | INFO    | holoqpi.engine.trainer |   epoch 38 step 60/140 loss=0.6986
08:11:34 | INFO    | holoqpi.engine.trainer |   epoch 38 step 80/140 loss=0.6378
08:11:36 | INFO    | holoqpi.engine.trainer |   epoch 38 step 100/140 loss=0.6668
08:11:37 | INFO    | holoqpi.engine.trainer |   epoch 38 step 120/140 loss=0.5824
08:12:24 | INFO    | holoqpi.engine.trainer | epoch 38/60 (58s = 13s train + 45s val) | train_loss=0.7375  val_phase_mae=0.1859  val_dice=0.7591  val_cls_acc=0.7717  val_mass_mape=0.2318
08:12:24 | INFO    | holoqpi.engine.trainer |   epoch 39 step 0/140 loss=0.7000
08:12:26 | INFO    | holoqpi.engine.trainer |   epoch 39 step 20/140 loss=0.5372
08:12:28 | INFO    | holoqpi.engine.trainer |   epoch 39 step 40/140 loss=0.9157
08:12:29 | INFO    | holoqpi.engine.trainer |   epoch 39 step 60/140 loss=0.6614
08:12:31 | INFO    | holoqpi.engine.trainer |   epoch 39 step 80/140 loss=0.5029
08:12:33 | INFO    | holoqpi.engine.trainer |   epoch 39 step 100/140 loss=0.5692
08:12:35 | INFO    | holoqpi.engine.trainer |   epoch 39 step 120/140 loss=0.7415
08:13:21 | INFO    | holoqpi.engine.trainer | epoch 39/60 (57s = 13s train + 45s val) | train_loss=0.7298  val_phase_mae=0.1859  val_dice=0.7614  val_cls_acc=0.7480  val_mass_mape=0.2583
08:13:22 | INFO    | holoqpi.engine.trainer |   epoch 40 step 0/140 loss=1.0523
08:13:23 | INFO    | holoqpi.engine.trainer |   epoch 40 step 20/140 loss=0.6465
08:13:25 | INFO    | holoqpi.engine.trainer |   epoch 40 step 40/140 loss=1.4688
08:13:27 | INFO    | holoqpi.engine.trainer |   epoch 40 step 60/140 loss=0.5982
08:13:29 | INFO    | holoqpi.engine.trainer |   epoch 40 step 80/140 loss=0.9691
08:13:30 | INFO    | holoqpi.engine.trainer |   epoch 40 step 100/140 loss=0.8473
08:13:32 | INFO    | holoqpi.engine.trainer |   epoch 40 step 120/140 loss=0.5266
08:14:18 | INFO    | holoqpi.engine.trainer | epoch 40/60 (57s = 13s train + 44s val) | train_loss=0.7241  val_phase_mae=0.1860  val_dice=0.7626  val_cls_acc=0.7953  val_mass_mape=0.2642
08:14:19 | INFO    | holoqpi.engine.trainer |   epoch 41 step 0/140 loss=0.7139
08:14:20 | INFO    | holoqpi.engine.trainer |   epoch 41 step 20/140 loss=0.5183
08:14:22 | INFO    | holoqpi.engine.trainer |   epoch 41 step 40/140 loss=0.6093
08:14:24 | INFO    | holoqpi.engine.trainer |   epoch 41 step 60/140 loss=0.7320
08:14:26 | INFO    | holoqpi.engine.trainer |   epoch 41 step 80/140 loss=0.8070
08:14:28 | INFO    | holoqpi.engine.trainer |   epoch 41 step 100/140 loss=0.8640
08:14:30 | INFO    | holoqpi.engine.trainer |   epoch 41 step 120/140 loss=0.5651
08:15:16 | INFO    | holoqpi.engine.trainer | epoch 41/60 (58s = 13s train + 45s val) | train_loss=0.7232  val_phase_mae=0.1876  val_dice=0.7596  val_cls_acc=0.7480  val_mass_mape=0.2662
08:15:16 | INFO    | holoqpi.engine.trainer |   epoch 42 step 0/140 loss=0.5915
08:15:18 | INFO    | holoqpi.engine.trainer |   epoch 42 step 20/140 loss=0.5924
08:15:20 | INFO    | holoqpi.engine.trainer |   epoch 42 step 40/140 loss=0.5396
08:15:21 | INFO    | holoqpi.engine.trainer |   epoch 42 step 60/140 loss=0.8999
08:15:23 | INFO    | holoqpi.engine.trainer |   epoch 42 step 80/140 loss=1.6156
08:15:25 | INFO    | holoqpi.engine.trainer |   epoch 42 step 100/140 loss=0.9664
08:15:27 | INFO    | holoqpi.engine.trainer |   epoch 42 step 120/140 loss=0.6384
08:16:14 | INFO    | holoqpi.engine.trainer |   new best composite=0.7590
08:16:14 | INFO    | holoqpi.engine.trainer | epoch 42/60 (58s = 13s train + 45s val) | train_loss=0.7021  val_phase_mae=0.1817  val_dice=0.7681  val_cls_acc=0.8189  val_mass_mape=0.2316
08:16:14 | INFO    | holoqpi.engine.trainer |   epoch 43 step 0/140 loss=0.5354
08:16:16 | INFO    | holoqpi.engine.trainer |   epoch 43 step 20/140 loss=0.5937
08:16:18 | INFO    | holoqpi.engine.trainer |   epoch 43 step 40/140 loss=1.5504
08:16:20 | INFO    | holoqpi.engine.trainer |   epoch 43 step 60/140 loss=0.7150
08:16:22 | INFO    | holoqpi.engine.trainer |   epoch 43 step 80/140 loss=0.7339
08:16:23 | INFO    | holoqpi.engine.trainer |   epoch 43 step 100/140 loss=0.5191
08:16:25 | INFO    | holoqpi.engine.trainer |   epoch 43 step 120/140 loss=0.9929
08:17:11 | INFO    | holoqpi.engine.trainer | epoch 43/60 (57s = 13s train + 44s val) | train_loss=0.7217  val_phase_mae=0.1824  val_dice=0.7632  val_cls_acc=0.7559  val_mass_mape=0.2309
08:17:12 | INFO    | holoqpi.engine.trainer |   epoch 44 step 0/140 loss=0.5540
08:17:14 | INFO    | holoqpi.engine.trainer |   epoch 44 step 20/140 loss=0.5248
08:17:15 | INFO    | holoqpi.engine.trainer |   epoch 44 step 40/140 loss=0.7011
08:17:17 | INFO    | holoqpi.engine.trainer |   epoch 44 step 60/140 loss=0.4900
08:17:19 | INFO    | holoqpi.engine.trainer |   epoch 44 step 80/140 loss=0.8916
08:17:21 | INFO    | holoqpi.engine.trainer |   epoch 44 step 100/140 loss=0.8201
08:17:23 | INFO    | holoqpi.engine.trainer |   epoch 44 step 120/140 loss=0.5447
08:18:09 | INFO    | holoqpi.engine.trainer | epoch 44/60 (58s = 13s train + 45s val) | train_loss=0.7055  val_phase_mae=0.1824  val_dice=0.7660  val_cls_acc=0.7638  val_mass_mape=0.2427
08:18:09 | INFO    | holoqpi.engine.trainer |   epoch 45 step 0/140 loss=0.7075
08:18:11 | INFO    | holoqpi.engine.trainer |   epoch 45 step 20/140 loss=0.4435
08:18:13 | INFO    | holoqpi.engine.trainer |   epoch 45 step 40/140 loss=0.6973
08:18:15 | INFO    | holoqpi.engine.trainer |   epoch 45 step 60/140 loss=0.6386
08:18:17 | INFO    | holoqpi.engine.trainer |   epoch 45 step 80/140 loss=0.9694
08:18:19 | INFO    | holoqpi.engine.trainer |   epoch 45 step 100/140 loss=0.6797
08:18:20 | INFO    | holoqpi.engine.trainer |   epoch 45 step 120/140 loss=0.8351
08:19:06 | INFO    | holoqpi.engine.trainer | epoch 45/60 (57s = 13s train + 44s val) | train_loss=0.7135  val_phase_mae=0.1814  val_dice=0.7681  val_cls_acc=0.7244  val_mass_mape=0.2429
08:19:07 | INFO    | holoqpi.engine.trainer |   epoch 46 step 0/140 loss=0.5839
08:19:08 | INFO    | holoqpi.engine.trainer |   epoch 46 step 20/140 loss=0.9275
08:19:10 | INFO    | holoqpi.engine.trainer |   epoch 46 step 40/140 loss=0.5921
08:19:12 | INFO    | holoqpi.engine.trainer |   epoch 46 step 60/140 loss=0.5206
08:19:14 | INFO    | holoqpi.engine.trainer |   epoch 46 step 80/140 loss=0.5496
08:19:16 | INFO    | holoqpi.engine.trainer |   epoch 46 step 100/140 loss=1.3788
08:19:18 | INFO    | holoqpi.engine.trainer |   epoch 46 step 120/140 loss=0.5138
08:20:04 | INFO    | holoqpi.engine.trainer | epoch 46/60 (58s = 13s train + 45s val) | train_loss=0.6879  val_phase_mae=0.1826  val_dice=0.7658  val_cls_acc=0.7874  val_mass_mape=0.2465
08:20:04 | INFO    | holoqpi.engine.trainer |   epoch 47 step 0/140 loss=0.6422
08:20:06 | INFO    | holoqpi.engine.trainer |   epoch 47 step 20/140 loss=0.6490
08:20:08 | INFO    | holoqpi.engine.trainer |   epoch 47 step 40/140 loss=0.4894
08:20:10 | INFO    | holoqpi.engine.trainer |   epoch 47 step 60/140 loss=0.5477
08:20:12 | INFO    | holoqpi.engine.trainer |   epoch 47 step 80/140 loss=0.7779
08:20:13 | INFO    | holoqpi.engine.trainer |   epoch 47 step 100/140 loss=0.6133
08:20:15 | INFO    | holoqpi.engine.trainer |   epoch 47 step 120/140 loss=0.8585
08:21:02 | INFO    | holoqpi.engine.trainer | epoch 47/60 (58s = 13s train + 45s val) | train_loss=0.6939  val_phase_mae=0.1820  val_dice=0.7666  val_cls_acc=0.7480  val_mass_mape=0.2369
08:21:02 | INFO    | holoqpi.engine.trainer |   epoch 48 step 0/140 loss=0.5143
08:21:04 | INFO    | holoqpi.engine.trainer |   epoch 48 step 20/140 loss=0.8127
08:21:06 | INFO    | holoqpi.engine.trainer |   epoch 48 step 40/140 loss=0.7067
08:21:08 | INFO    | holoqpi.engine.trainer |   epoch 48 step 60/140 loss=0.6160
08:21:10 | INFO    | holoqpi.engine.trainer |   epoch 48 step 80/140 loss=0.6437
08:21:11 | INFO    | holoqpi.engine.trainer |   epoch 48 step 100/140 loss=0.5952
08:21:13 | INFO    | holoqpi.engine.trainer |   epoch 48 step 120/140 loss=0.5622
08:21:59 | INFO    | holoqpi.engine.trainer | epoch 48/60 (57s = 13s train + 44s val) | train_loss=0.6840  val_phase_mae=0.1809  val_dice=0.7657  val_cls_acc=0.7874  val_mass_mape=0.2327
08:22:00 | INFO    | holoqpi.engine.trainer |   epoch 49 step 0/140 loss=0.6749
08:22:02 | INFO    | holoqpi.engine.trainer |   epoch 49 step 20/140 loss=0.5515
08:22:03 | INFO    | holoqpi.engine.trainer |   epoch 49 step 40/140 loss=0.5301
08:22:05 | INFO    | holoqpi.engine.trainer |   epoch 49 step 60/140 loss=0.8058
08:22:07 | INFO    | holoqpi.engine.trainer |   epoch 49 step 80/140 loss=0.5304
08:22:09 | INFO    | holoqpi.engine.trainer |   epoch 49 step 100/140 loss=0.7406
08:22:11 | INFO    | holoqpi.engine.trainer |   epoch 49 step 120/140 loss=0.9767
08:22:56 | INFO    | holoqpi.engine.trainer | epoch 49/60 (57s = 13s train + 44s val) | train_loss=0.6889  val_phase_mae=0.1821  val_dice=0.7637  val_cls_acc=0.8268  val_mass_mape=0.2275
08:22:57 | INFO    | holoqpi.engine.trainer |   epoch 50 step 0/140 loss=0.8476
08:22:59 | INFO    | holoqpi.engine.trainer |   epoch 50 step 20/140 loss=0.7433
08:23:01 | INFO    | holoqpi.engine.trainer |   epoch 50 step 40/140 loss=0.6296
08:23:02 | INFO    | holoqpi.engine.trainer |   epoch 50 step 60/140 loss=0.6489
08:23:04 | INFO    | holoqpi.engine.trainer |   epoch 50 step 80/140 loss=0.4918
08:23:06 | INFO    | holoqpi.engine.trainer |   epoch 50 step 100/140 loss=1.0040
08:23:08 | INFO    | holoqpi.engine.trainer |   epoch 50 step 120/140 loss=0.6132
08:23:54 | INFO    | holoqpi.engine.trainer | epoch 50/60 (58s = 13s train + 45s val) | train_loss=0.6924  val_phase_mae=0.1804  val_dice=0.7679  val_cls_acc=0.8031  val_mass_mape=0.2378
08:23:55 | INFO    | holoqpi.engine.trainer |   epoch 51 step 0/140 loss=0.6205
08:23:57 | INFO    | holoqpi.engine.trainer |   epoch 51 step 20/140 loss=0.5575
08:23:58 | INFO    | holoqpi.engine.trainer |   epoch 51 step 40/140 loss=0.5744
08:24:00 | INFO    | holoqpi.engine.trainer |   epoch 51 step 60/140 loss=0.5395
08:24:02 | INFO    | holoqpi.engine.trainer |   epoch 51 step 80/140 loss=0.6071
08:24:04 | INFO    | holoqpi.engine.trainer |   epoch 51 step 100/140 loss=0.5473
08:24:06 | INFO    | holoqpi.engine.trainer |   epoch 51 step 120/140 loss=0.5542
08:24:52 | INFO    | holoqpi.engine.trainer |   new best composite=0.7601
08:24:52 | INFO    | holoqpi.engine.trainer | epoch 51/60 (58s = 13s train + 45s val) | train_loss=0.6795  val_phase_mae=0.1805  val_dice=0.7660  val_cls_acc=0.8346  val_mass_mape=0.2275
08:24:53 | INFO    | holoqpi.engine.trainer |   epoch 52 step 0/140 loss=0.8053
08:24:55 | INFO    | holoqpi.engine.trainer |   epoch 52 step 20/140 loss=0.5646
08:24:56 | INFO    | holoqpi.engine.trainer |   epoch 52 step 40/140 loss=0.6755
08:24:58 | INFO    | holoqpi.engine.trainer |   epoch 52 step 60/140 loss=0.8869
08:25:00 | INFO    | holoqpi.engine.trainer |   epoch 52 step 80/140 loss=0.4897
08:25:02 | INFO    | holoqpi.engine.trainer |   epoch 52 step 100/140 loss=0.5311
08:25:04 | INFO    | holoqpi.engine.trainer |   epoch 52 step 120/140 loss=0.4186
08:25:50 | INFO    | holoqpi.engine.trainer | epoch 52/60 (57s = 13s train + 44s val) | train_loss=0.6799  val_phase_mae=0.1801  val_dice=0.7695  val_cls_acc=0.8346  val_mass_mape=0.2379
08:25:50 | INFO    | holoqpi.engine.trainer |   epoch 53 step 0/140 loss=0.7411
08:25:52 | INFO    | holoqpi.engine.trainer |   epoch 53 step 20/140 loss=0.9179
08:25:54 | INFO    | holoqpi.engine.trainer |   epoch 53 step 40/140 loss=0.9123
08:25:56 | INFO    | holoqpi.engine.trainer |   epoch 53 step 60/140 loss=0.4529
08:25:58 | INFO    | holoqpi.engine.trainer |   epoch 53 step 80/140 loss=0.5253
08:25:59 | INFO    | holoqpi.engine.trainer |   epoch 53 step 100/140 loss=0.6371
08:26:01 | INFO    | holoqpi.engine.trainer |   epoch 53 step 120/140 loss=0.5945
08:26:47 | INFO    | holoqpi.engine.trainer |   new best composite=0.7601
08:26:47 | INFO    | holoqpi.engine.trainer | epoch 53/60 (57s = 13s train + 44s val) | train_loss=0.6756  val_phase_mae=0.1810  val_dice=0.7700  val_cls_acc=0.8031  val_mass_mape=0.2336
08:26:48 | INFO    | holoqpi.engine.trainer |   epoch 54 step 0/140 loss=0.5789
08:26:50 | INFO    | holoqpi.engine.trainer |   epoch 54 step 20/140 loss=1.1223
08:26:51 | INFO    | holoqpi.engine.trainer |   epoch 54 step 40/140 loss=0.8608
08:26:53 | INFO    | holoqpi.engine.trainer |   epoch 54 step 60/140 loss=0.9858
08:26:55 | INFO    | holoqpi.engine.trainer |   epoch 54 step 80/140 loss=0.4967
08:26:57 | INFO    | holoqpi.engine.trainer |   epoch 54 step 100/140 loss=0.8547
08:26:59 | INFO    | holoqpi.engine.trainer |   epoch 54 step 120/140 loss=0.4663
08:27:45 | INFO    | holoqpi.engine.trainer | epoch 54/60 (57s = 13s train + 45s val) | train_loss=0.6926  val_phase_mae=0.1805  val_dice=0.7686  val_cls_acc=0.8031  val_mass_mape=0.2328
08:27:45 | INFO    | holoqpi.engine.trainer |   epoch 55 step 0/140 loss=0.5533
08:27:47 | INFO    | holoqpi.engine.trainer |   epoch 55 step 20/140 loss=0.5681
08:27:49 | INFO    | holoqpi.engine.trainer |   epoch 55 step 40/140 loss=0.6359
08:27:51 | INFO    | holoqpi.engine.trainer |   epoch 55 step 60/140 loss=0.5717
08:27:52 | INFO    | holoqpi.engine.trainer |   epoch 55 step 80/140 loss=0.4790
08:27:54 | INFO    | holoqpi.engine.trainer |   epoch 55 step 100/140 loss=0.4953
08:27:56 | INFO    | holoqpi.engine.trainer |   epoch 55 step 120/140 loss=0.8393
08:28:42 | INFO    | holoqpi.engine.trainer | epoch 55/60 (58s = 13s train + 45s val) | train_loss=0.6743  val_phase_mae=0.1808  val_dice=0.7695  val_cls_acc=0.7874  val_mass_mape=0.2398
08:28:43 | INFO    | holoqpi.engine.trainer |   epoch 56 step 0/140 loss=0.5742
08:28:45 | INFO    | holoqpi.engine.trainer |   epoch 56 step 20/140 loss=0.7186
08:28:46 | INFO    | holoqpi.engine.trainer |   epoch 56 step 40/140 loss=0.6039
08:28:48 | INFO    | holoqpi.engine.trainer |   epoch 56 step 60/140 loss=0.4991
08:28:50 | INFO    | holoqpi.engine.trainer |   epoch 56 step 80/140 loss=0.9894
08:28:52 | INFO    | holoqpi.engine.trainer |   epoch 56 step 100/140 loss=0.6493
08:28:54 | INFO    | holoqpi.engine.trainer |   epoch 56 step 120/140 loss=0.9301
08:29:40 | INFO    | holoqpi.engine.trainer |   new best composite=0.7610
08:29:40 | INFO    | holoqpi.engine.trainer | epoch 56/60 (57s = 13s train + 44s val) | train_loss=0.6726  val_phase_mae=0.1799  val_dice=0.7687  val_cls_acc=0.8031  val_mass_mape=0.2280
08:29:41 | INFO    | holoqpi.engine.trainer |   epoch 57 step 0/140 loss=0.5589
08:29:42 | INFO    | holoqpi.engine.trainer |   epoch 57 step 20/140 loss=0.7963
08:29:44 | INFO    | holoqpi.engine.trainer |   epoch 57 step 40/140 loss=0.7428
08:29:46 | INFO    | holoqpi.engine.trainer |   epoch 57 step 60/140 loss=0.5628
08:29:48 | INFO    | holoqpi.engine.trainer |   epoch 57 step 80/140 loss=0.5607
08:29:49 | INFO    | holoqpi.engine.trainer |   epoch 57 step 100/140 loss=0.5818
08:29:51 | INFO    | holoqpi.engine.trainer |   epoch 57 step 120/140 loss=0.5602
08:30:38 | INFO    | holoqpi.engine.trainer | epoch 57/60 (58s = 13s train + 45s val) | train_loss=0.6618  val_phase_mae=0.1801  val_dice=0.7685  val_cls_acc=0.7559  val_mass_mape=0.2319
08:30:38 | INFO    | holoqpi.engine.trainer |   epoch 58 step 0/140 loss=0.7381
08:30:40 | INFO    | holoqpi.engine.trainer |   epoch 58 step 20/140 loss=0.6780
08:30:42 | INFO    | holoqpi.engine.trainer |   epoch 58 step 40/140 loss=0.6866
08:30:44 | INFO    | holoqpi.engine.trainer |   epoch 58 step 60/140 loss=0.6348
08:30:45 | INFO    | holoqpi.engine.trainer |   epoch 58 step 80/140 loss=0.9134
08:30:47 | INFO    | holoqpi.engine.trainer |   epoch 58 step 100/140 loss=0.5156
08:30:49 | INFO    | holoqpi.engine.trainer |   epoch 58 step 120/140 loss=0.7606
08:31:35 | INFO    | holoqpi.engine.trainer | epoch 58/60 (58s = 13s train + 45s val) | train_loss=0.6765  val_phase_mae=0.1805  val_dice=0.7683  val_cls_acc=0.8031  val_mass_mape=0.2340
08:31:36 | INFO    | holoqpi.engine.trainer |   epoch 59 step 0/140 loss=0.5673
08:31:38 | INFO    | holoqpi.engine.trainer |   epoch 59 step 20/140 loss=0.6215
08:31:40 | INFO    | holoqpi.engine.trainer |   epoch 59 step 40/140 loss=0.5208
08:31:42 | INFO    | holoqpi.engine.trainer |   epoch 59 step 60/140 loss=0.6142
08:31:43 | INFO    | holoqpi.engine.trainer |   epoch 59 step 80/140 loss=0.5357
08:31:45 | INFO    | holoqpi.engine.trainer |   epoch 59 step 100/140 loss=0.4628
08:31:47 | INFO    | holoqpi.engine.trainer |   epoch 59 step 120/140 loss=0.5172
08:32:33 | INFO    | holoqpi.engine.trainer |   new best composite=0.7613
08:32:33 | INFO    | holoqpi.engine.trainer | epoch 59/60 (58s = 13s train + 45s val) | train_loss=0.6599  val_phase_mae=0.1802  val_dice=0.7694  val_cls_acc=0.7795  val_mass_mape=0.2302
08:32:34 | INFO    | holoqpi.engine.trainer |   epoch 60 step 0/140 loss=0.4858
08:32:36 | INFO    | holoqpi.engine.trainer |   epoch 60 step 20/140 loss=1.1748
08:32:38 | INFO    | holoqpi.engine.trainer |   epoch 60 step 40/140 loss=1.6663
08:32:40 | INFO    | holoqpi.engine.trainer |   epoch 60 step 60/140 loss=0.6016
08:32:41 | INFO    | holoqpi.engine.trainer |   epoch 60 step 80/140 loss=0.5499
08:32:43 | INFO    | holoqpi.engine.trainer |   epoch 60 step 100/140 loss=0.6497
08:32:45 | INFO    | holoqpi.engine.trainer |   epoch 60 step 120/140 loss=0.6575
08:33:31 | INFO    | holoqpi.engine.trainer | epoch 60/60 (57s = 13s train + 44s val) | train_loss=0.6662  val_phase_mae=0.1807  val_dice=0.7689  val_cls_acc=0.7874  val_mass_mape=0.2400
08:33:31 | INFO    | holoqpi.engine.trainer | training finished; best epoch 59 (composite=0.7613)
08:33:31 | INFO    | holoqpi.engine.trainer | checkpoint best_model.pt: 446/446 tensors matched
08:34:11 | INFO    | holoqpi.engine.compare | modality=gabor test metrics written to runs/base_gabor
08:34:11 | INFO    | holoqpi.engine.compare | comparison table written to runs/base_modality_comparison.csv
