08:34:16 | INFO    | holoqpi.engine.compare | ======================================================================
08:34:16 | INFO    | holoqpi.engine.compare | modality=off_axis  device=cuda  run_dir=runs/no_physics_off_axis
08:34:16 | INFO    | holoqpi.engine.compare | ======================================================================
08:34:16 | INFO    | holoqpi.data.dataset | train split: 560 samples | modality=off_axis | crop=512 | augment=True
08:34:16 | INFO    | holoqpi.data.dataset | val split: 127 samples | modality=off_axis | crop=None | augment=False
08:34:16 | INFO    | holoqpi.data.dataset | test split: 113 samples | modality=off_axis | crop=None | augment=False
08:34:17 | INFO    | holoqpi.models.encoders | encoder=mobilenet_v2 in_channels=1 pretrained=True stages=[16, 24, 32, 96, 1280]
08:34:17 | INFO    | holoqpi.models.holonet | HoloQPINet built: 9.76M parameters, 9.76M trainable (100.0%)
08:34:18 | INFO    | holoqpi.engine.trainer | trainable 9.76M / 9.76M parameters (100.0%)
08:34:18 | INFO    | holoqpi.engine.trainer | active physics terms: none
08:34:24 | INFO    | holoqpi.engine.trainer |   epoch 1 step 0/140 loss=2.0715
08:34:26 | INFO    | holoqpi.engine.trainer |   epoch 1 step 20/140 loss=1.8827
08:34:28 | INFO    | holoqpi.engine.trainer |   epoch 1 step 40/140 loss=1.6229
08:34:30 | INFO    | holoqpi.engine.trainer |   epoch 1 step 60/140 loss=1.4423
08:34:32 | INFO    | holoqpi.engine.trainer |   epoch 1 step 80/140 loss=1.4082
08:34:34 | INFO    | holoqpi.engine.trainer |   epoch 1 step 100/140 loss=1.3615
08:34:36 | INFO    | holoqpi.engine.trainer |   epoch 1 step 120/140 loss=1.2311
08:35:29 | INFO    | holoqpi.engine.trainer |   new best composite=0.5928
08:35:29 | INFO    | holoqpi.engine.trainer | epoch 1/60 (70s = 20s train + 51s val) | train_loss=1.5170  val_phase_mae=0.2743  val_dice=0.6335  val_cls_acc=0.2835  val_mass_mape=0.4215
08:35:29 | INFO    | holoqpi.engine.trainer |   at this rate the full 60-epoch schedule takes about 70 min
08:35:29 | INFO    | holoqpi.engine.trainer |   epoch 2 step 0/140 loss=1.2030
08:35:31 | INFO    | holoqpi.engine.trainer |   epoch 2 step 20/140 loss=1.1403
08:35:33 | INFO    | holoqpi.engine.trainer |   epoch 2 step 40/140 loss=1.1800
08:35:35 | INFO    | holoqpi.engine.trainer |   epoch 2 step 60/140 loss=1.0321
08:35:37 | INFO    | holoqpi.engine.trainer |   epoch 2 step 80/140 loss=1.0431
08:35:39 | INFO    | holoqpi.engine.trainer |   epoch 2 step 100/140 loss=0.9915
08:35:41 | INFO    | holoqpi.engine.trainer |   epoch 2 step 120/140 loss=1.0951
08:36:30 | INFO    | holoqpi.engine.trainer |   new best composite=0.6584
08:36:30 | INFO    | holoqpi.engine.trainer | epoch 2/60 (61s = 14s train + 47s val) | train_loss=1.0701  val_phase_mae=0.2275  val_dice=0.7398  val_cls_acc=0.2441  val_mass_mape=0.5427
08:36:31 | INFO    | holoqpi.engine.trainer |   epoch 3 step 0/140 loss=0.9476
08:36:33 | INFO    | holoqpi.engine.trainer |   epoch 3 step 20/140 loss=0.7907
08:36:35 | INFO    | holoqpi.engine.trainer |   epoch 3 step 40/140 loss=0.9070
08:36:36 | INFO    | holoqpi.engine.trainer |   epoch 3 step 60/140 loss=0.9628
08:36:38 | INFO    | holoqpi.engine.trainer |   epoch 3 step 80/140 loss=0.8770
08:36:40 | INFO    | holoqpi.engine.trainer |   epoch 3 step 100/140 loss=0.9248
08:36:42 | INFO    | holoqpi.engine.trainer |   epoch 3 step 120/140 loss=0.8095
08:37:31 | INFO    | holoqpi.engine.trainer |   new best composite=0.7421
08:37:31 | INFO    | holoqpi.engine.trainer | epoch 3/60 (61s = 14s train + 47s val) | train_loss=0.8778  val_phase_mae=0.1982  val_dice=0.7563  val_cls_acc=0.3780  val_mass_mape=0.2617
08:37:32 | INFO    | holoqpi.engine.trainer |   epoch 4 step 0/140 loss=0.8371
08:37:34 | INFO    | holoqpi.engine.trainer |   epoch 4 step 20/140 loss=0.8014
08:37:36 | INFO    | holoqpi.engine.trainer |   epoch 4 step 40/140 loss=1.0090
08:37:37 | INFO    | holoqpi.engine.trainer |   epoch 4 step 60/140 loss=0.8248
08:37:39 | INFO    | holoqpi.engine.trainer |   epoch 4 step 80/140 loss=0.8434
08:37:41 | INFO    | holoqpi.engine.trainer |   epoch 4 step 100/140 loss=0.8307
08:37:43 | INFO    | holoqpi.engine.trainer |   epoch 4 step 120/140 loss=0.7014
08:38:31 | INFO    | holoqpi.engine.trainer |   new best composite=0.7682
08:38:31 | INFO    | holoqpi.engine.trainer | epoch 4/60 (60s = 13s train + 47s val) | train_loss=0.8287  val_phase_mae=0.1868  val_dice=0.7793  val_cls_acc=0.3386  val_mass_mape=0.2230
08:38:32 | INFO    | holoqpi.engine.trainer |   epoch 5 step 0/140 loss=0.8405
08:38:34 | INFO    | holoqpi.engine.trainer |   epoch 5 step 20/140 loss=0.8037
08:38:35 | INFO    | holoqpi.engine.trainer |   epoch 5 step 40/140 loss=0.8205
08:38:37 | INFO    | holoqpi.engine.trainer |   epoch 5 step 60/140 loss=0.7042
08:38:39 | INFO    | holoqpi.engine.trainer |   epoch 5 step 80/140 loss=0.8491
08:38:41 | INFO    | holoqpi.engine.trainer |   epoch 5 step 100/140 loss=0.8310
08:38:43 | INFO    | holoqpi.engine.trainer |   epoch 5 step 120/140 loss=0.6684
08:39:32 | INFO    | holoqpi.engine.trainer | epoch 5/60 (60s = 13s train + 47s val) | train_loss=0.7806  val_phase_mae=0.1862  val_dice=0.7745  val_cls_acc=0.2992  val_mass_mape=0.2740
08:39:32 | INFO    | holoqpi.engine.trainer |   epoch 6 step 0/140 loss=0.7547
08:39:34 | INFO    | holoqpi.engine.trainer |   epoch 6 step 20/140 loss=0.8293
08:39:36 | INFO    | holoqpi.engine.trainer |   epoch 6 step 40/140 loss=0.7658
08:39:38 | INFO    | holoqpi.engine.trainer |   epoch 6 step 60/140 loss=0.6061
08:39:39 | INFO    | holoqpi.engine.trainer |   epoch 6 step 80/140 loss=0.6296
08:39:41 | INFO    | holoqpi.engine.trainer |   epoch 6 step 100/140 loss=0.8406
08:39:43 | INFO    | holoqpi.engine.trainer |   epoch 6 step 120/140 loss=0.7030
08:40:32 | INFO    | holoqpi.engine.trainer | epoch 6/60 (60s = 13s train + 47s val) | train_loss=0.7528  val_phase_mae=0.2010  val_dice=0.7834  val_cls_acc=0.2598  val_mass_mape=0.3635
08:40:32 | INFO    | holoqpi.engine.trainer |   epoch 7 step 0/140 loss=0.7010
08:40:34 | INFO    | holoqpi.engine.trainer |   epoch 7 step 20/140 loss=0.6767
08:40:36 | INFO    | holoqpi.engine.trainer |   epoch 7 step 40/140 loss=0.7018
08:40:38 | INFO    | holoqpi.engine.trainer |   epoch 7 step 60/140 loss=0.6725
08:40:40 | INFO    | holoqpi.engine.trainer |   epoch 7 step 80/140 loss=0.7521
08:40:41 | INFO    | holoqpi.engine.trainer |   epoch 7 step 100/140 loss=0.7471
08:40:43 | INFO    | holoqpi.engine.trainer |   epoch 7 step 120/140 loss=0.8800
08:41:32 | INFO    | holoqpi.engine.trainer |   new best composite=0.7742
08:41:32 | INFO    | holoqpi.engine.trainer | epoch 7/60 (60s = 13s train + 47s val) | train_loss=0.7310  val_phase_mae=0.1807  val_dice=0.7941  val_cls_acc=0.3858  val_mass_mape=0.2414
08:41:32 | INFO    | holoqpi.engine.trainer |   epoch 8 step 0/140 loss=0.7004
08:41:34 | INFO    | holoqpi.engine.trainer |   epoch 8 step 20/140 loss=0.6415
08:41:36 | INFO    | holoqpi.engine.trainer |   epoch 8 step 40/140 loss=0.8457
08:41:38 | INFO    | holoqpi.engine.trainer |   epoch 8 step 60/140 loss=0.6807
08:41:40 | INFO    | holoqpi.engine.trainer |   epoch 8 step 80/140 loss=0.6887
08:41:41 | INFO    | holoqpi.engine.trainer |   epoch 8 step 100/140 loss=0.7388
08:41:43 | INFO    | holoqpi.engine.trainer |   epoch 8 step 120/140 loss=0.7925
08:42:32 | INFO    | holoqpi.engine.trainer |   new best composite=0.7881
08:42:32 | INFO    | holoqpi.engine.trainer | epoch 8/60 (60s = 13s train + 47s val) | train_loss=0.7128  val_phase_mae=0.1865  val_dice=0.7995  val_cls_acc=0.3150  val_mass_mape=0.2059
08:42:32 | INFO    | holoqpi.engine.trainer |   epoch 9 step 0/140 loss=0.7585
08:42:34 | INFO    | holoqpi.engine.trainer |   epoch 9 step 20/140 loss=0.5596
08:42:36 | INFO    | holoqpi.engine.trainer |   epoch 9 step 40/140 loss=0.6182
08:42:38 | INFO    | holoqpi.engine.trainer |   epoch 9 step 60/140 loss=0.8146
08:42:40 | INFO    | holoqpi.engine.trainer |   epoch 9 step 80/140 loss=0.8149
08:42:41 | INFO    | holoqpi.engine.trainer |   epoch 9 step 100/140 loss=0.7382
08:42:43 | INFO    | holoqpi.engine.trainer |   epoch 9 step 120/140 loss=0.8199
08:43:32 | INFO    | holoqpi.engine.trainer | epoch 9/60 (60s = 13s train + 47s val) | train_loss=0.7071  val_phase_mae=0.1816  val_dice=0.7992  val_cls_acc=0.4567  val_mass_mape=0.2245
08:43:32 | INFO    | holoqpi.engine.trainer |   epoch 10 step 0/140 loss=0.7352
08:43:34 | INFO    | holoqpi.engine.trainer |   epoch 10 step 20/140 loss=0.6974
08:43:36 | INFO    | holoqpi.engine.trainer |   epoch 10 step 40/140 loss=0.8183
08:43:38 | INFO    | holoqpi.engine.trainer |   epoch 10 step 60/140 loss=0.7343
08:43:40 | INFO    | holoqpi.engine.trainer |   epoch 10 step 80/140 loss=0.8826
08:43:42 | INFO    | holoqpi.engine.trainer |   epoch 10 step 100/140 loss=0.7515
08:43:44 | INFO    | holoqpi.engine.trainer |   epoch 10 step 120/140 loss=0.7528
08:44:32 | INFO    | holoqpi.engine.trainer | epoch 10/60 (60s = 13s train + 46s val) | train_loss=0.7039  val_phase_mae=0.1836  val_dice=0.8001  val_cls_acc=0.3937  val_mass_mape=0.2324
08:44:32 | INFO    | holoqpi.engine.trainer |   epoch 11 step 0/140 loss=0.6754
08:44:34 | INFO    | holoqpi.engine.trainer |   epoch 11 step 20/140 loss=0.7379
08:44:36 | INFO    | holoqpi.engine.trainer |   epoch 11 step 40/140 loss=0.8430
08:44:37 | INFO    | holoqpi.engine.trainer |   epoch 11 step 60/140 loss=0.6316
08:44:39 | INFO    | holoqpi.engine.trainer |   epoch 11 step 80/140 loss=0.6383
08:44:41 | INFO    | holoqpi.engine.trainer |   epoch 11 step 100/140 loss=0.6928
08:44:43 | INFO    | holoqpi.engine.trainer |   epoch 11 step 120/140 loss=0.6898
08:45:31 | INFO    | holoqpi.engine.trainer | epoch 11/60 (60s = 13s train + 47s val) | train_loss=0.6888  val_phase_mae=0.1877  val_dice=0.8062  val_cls_acc=0.2835  val_mass_mape=0.2500
08:45:32 | INFO    | holoqpi.engine.trainer |   epoch 12 step 0/140 loss=0.7179
08:45:34 | INFO    | holoqpi.engine.trainer |   epoch 12 step 20/140 loss=0.8280
08:45:36 | INFO    | holoqpi.engine.trainer |   epoch 12 step 40/140 loss=0.6651
08:45:37 | INFO    | holoqpi.engine.trainer |   epoch 12 step 60/140 loss=0.6969
08:45:39 | INFO    | holoqpi.engine.trainer |   epoch 12 step 80/140 loss=0.6062
08:45:41 | INFO    | holoqpi.engine.trainer |   epoch 12 step 100/140 loss=0.5988
08:45:43 | INFO    | holoqpi.engine.trainer |   epoch 12 step 120/140 loss=0.5782
08:46:32 | INFO    | holoqpi.engine.trainer |   new best composite=0.7932
08:46:32 | INFO    | holoqpi.engine.trainer | epoch 12/60 (60s = 13s train + 47s val) | train_loss=0.6833  val_phase_mae=0.1782  val_dice=0.8101  val_cls_acc=0.3937  val_mass_mape=0.2211
08:46:33 | INFO    | holoqpi.engine.trainer |   epoch 13 step 0/140 loss=0.6333
08:46:34 | INFO    | holoqpi.engine.trainer |   epoch 13 step 20/140 loss=0.8167
08:46:36 | INFO    | holoqpi.engine.trainer |   epoch 13 step 40/140 loss=0.7714
08:46:38 | INFO    | holoqpi.engine.trainer |   epoch 13 step 60/140 loss=0.7405
08:46:40 | INFO    | holoqpi.engine.trainer |   epoch 13 step 80/140 loss=0.6651
08:46:41 | INFO    | holoqpi.engine.trainer |   epoch 13 step 100/140 loss=0.6340
08:46:43 | INFO    | holoqpi.engine.trainer |   epoch 13 step 120/140 loss=0.6751
08:47:32 | INFO    | holoqpi.engine.trainer |   new best composite=0.7932
08:47:32 | INFO    | holoqpi.engine.trainer | epoch 13/60 (59s = 13s train + 46s val) | train_loss=0.6791  val_phase_mae=0.1773  val_dice=0.8107  val_cls_acc=0.5354  val_mass_mape=0.2263
08:47:32 | INFO    | holoqpi.engine.trainer |   epoch 14 step 0/140 loss=0.6516
08:47:34 | INFO    | holoqpi.engine.trainer |   epoch 14 step 20/140 loss=0.5925
08:47:36 | INFO    | holoqpi.engine.trainer |   epoch 14 step 40/140 loss=0.5584
08:47:38 | INFO    | holoqpi.engine.trainer |   epoch 14 step 60/140 loss=0.5866
08:47:39 | INFO    | holoqpi.engine.trainer |   epoch 14 step 80/140 loss=0.7796
08:47:41 | INFO    | holoqpi.engine.trainer |   epoch 14 step 100/140 loss=0.5835
08:47:43 | INFO    | holoqpi.engine.trainer |   epoch 14 step 120/140 loss=0.5481
08:48:31 | INFO    | holoqpi.engine.trainer | epoch 14/60 (59s = 13s train + 46s val) | train_loss=0.6629  val_phase_mae=0.1798  val_dice=0.8031  val_cls_acc=0.4409  val_mass_mape=0.2125
08:48:31 | INFO    | holoqpi.engine.trainer |   epoch 15 step 0/140 loss=0.6991
08:48:33 | INFO    | holoqpi.engine.trainer |   epoch 15 step 20/140 loss=0.6118
08:48:35 | INFO    | holoqpi.engine.trainer |   epoch 15 step 40/140 loss=0.6111
08:48:37 | INFO    | holoqpi.engine.trainer |   epoch 15 step 60/140 loss=0.6227
08:48:39 | INFO    | holoqpi.engine.trainer |   epoch 15 step 80/140 loss=0.6858
08:48:41 | INFO    | holoqpi.engine.trainer |   epoch 15 step 100/140 loss=0.5554
08:48:42 | INFO    | holoqpi.engine.trainer |   epoch 15 step 120/140 loss=0.7214
08:49:31 | INFO    | holoqpi.engine.trainer |   new best composite=0.8026
08:49:31 | INFO    | holoqpi.engine.trainer | epoch 15/60 (59s = 13s train + 46s val) | train_loss=0.6591  val_phase_mae=0.1767  val_dice=0.8128  val_cls_acc=0.5748  val_mass_mape=0.2007
08:49:31 | INFO    | holoqpi.engine.trainer |   epoch 16 step 0/140 loss=0.5759
08:49:33 | INFO    | holoqpi.engine.trainer |   epoch 16 step 20/140 loss=0.6429
08:49:35 | INFO    | holoqpi.engine.trainer |   epoch 16 step 40/140 loss=0.7211
08:49:36 | INFO    | holoqpi.engine.trainer |   epoch 16 step 60/140 loss=0.7517
08:49:38 | INFO    | holoqpi.engine.trainer |   epoch 16 step 80/140 loss=0.6690
08:49:40 | INFO    | holoqpi.engine.trainer |   epoch 16 step 100/140 loss=0.5851
08:49:42 | INFO    | holoqpi.engine.trainer |   epoch 16 step 120/140 loss=0.6243
08:50:30 | INFO    | holoqpi.engine.trainer | epoch 16/60 (60s = 13s train + 47s val) | train_loss=0.6481  val_phase_mae=0.1839  val_dice=0.8078  val_cls_acc=0.4173  val_mass_mape=0.2231
08:50:31 | INFO    | holoqpi.engine.trainer |   epoch 17 step 0/140 loss=0.8974
08:50:33 | INFO    | holoqpi.engine.trainer |   epoch 17 step 20/140 loss=0.8108
08:50:34 | INFO    | holoqpi.engine.trainer |   epoch 17 step 40/140 loss=0.5984
08:50:36 | INFO    | holoqpi.engine.trainer |   epoch 17 step 60/140 loss=0.6601
08:50:38 | INFO    | holoqpi.engine.trainer |   epoch 17 step 80/140 loss=0.6985
08:50:40 | INFO    | holoqpi.engine.trainer |   epoch 17 step 100/140 loss=0.5704
08:50:42 | INFO    | holoqpi.engine.trainer |   epoch 17 step 120/140 loss=0.4947
08:51:31 | INFO    | holoqpi.engine.trainer | epoch 17/60 (60s = 13s train + 47s val) | train_loss=0.6363  val_phase_mae=0.1721  val_dice=0.8124  val_cls_acc=0.3386  val_mass_mape=0.2032
08:51:31 | INFO    | holoqpi.engine.trainer |   epoch 18 step 0/140 loss=0.6289
08:51:33 | INFO    | holoqpi.engine.trainer |   epoch 18 step 20/140 loss=0.5113
08:51:35 | INFO    | holoqpi.engine.trainer |   epoch 18 step 40/140 loss=0.6705
08:51:36 | INFO    | holoqpi.engine.trainer |   epoch 18 step 60/140 loss=0.7896
08:51:38 | INFO    | holoqpi.engine.trainer |   epoch 18 step 80/140 loss=0.6991
08:51:40 | INFO    | holoqpi.engine.trainer |   epoch 18 step 100/140 loss=0.5168
08:51:42 | INFO    | holoqpi.engine.trainer |   epoch 18 step 120/140 loss=0.6101
08:52:30 | INFO    | holoqpi.engine.trainer | epoch 18/60 (59s = 13s train + 46s val) | train_loss=0.6328  val_phase_mae=0.1842  val_dice=0.8116  val_cls_acc=0.4331  val_mass_mape=0.2334
08:52:30 | INFO    | holoqpi.engine.trainer |   epoch 19 step 0/140 loss=0.5414
08:52:32 | INFO    | holoqpi.engine.trainer |   epoch 19 step 20/140 loss=0.5476
08:52:34 | INFO    | holoqpi.engine.trainer |   epoch 19 step 40/140 loss=0.7059
08:52:35 | INFO    | holoqpi.engine.trainer |   epoch 19 step 60/140 loss=0.7495
08:52:37 | INFO    | holoqpi.engine.trainer |   epoch 19 step 80/140 loss=0.7452
08:52:39 | INFO    | holoqpi.engine.trainer |   epoch 19 step 100/140 loss=0.5917
08:52:41 | INFO    | holoqpi.engine.trainer |   epoch 19 step 120/140 loss=0.6807
08:53:29 | INFO    | holoqpi.engine.trainer | epoch 19/60 (60s = 13s train + 47s val) | train_loss=0.6485  val_phase_mae=0.1789  val_dice=0.8068  val_cls_acc=0.5039  val_mass_mape=0.2496
08:53:30 | INFO    | holoqpi.engine.trainer |   epoch 20 step 0/140 loss=0.6108
08:53:31 | INFO    | holoqpi.engine.trainer |   epoch 20 step 20/140 loss=0.7777
08:53:33 | INFO    | holoqpi.engine.trainer |   epoch 20 step 40/140 loss=0.6482
08:53:35 | INFO    | holoqpi.engine.trainer |   epoch 20 step 60/140 loss=0.7504
08:53:37 | INFO    | holoqpi.engine.trainer |   epoch 20 step 80/140 loss=0.5112
08:53:39 | INFO    | holoqpi.engine.trainer |   epoch 20 step 100/140 loss=0.6005
08:53:41 | INFO    | holoqpi.engine.trainer |   epoch 20 step 120/140 loss=0.7079
08:54:29 | INFO    | holoqpi.engine.trainer | epoch 20/60 (59s = 13s train + 46s val) | train_loss=0.6148  val_phase_mae=0.1724  val_dice=0.8063  val_cls_acc=0.6063  val_mass_mape=0.2041
08:54:29 | INFO    | holoqpi.engine.trainer |   epoch 21 step 0/140 loss=0.5655
08:54:31 | INFO    | holoqpi.engine.trainer |   epoch 21 step 20/140 loss=0.5869
08:54:33 | INFO    | holoqpi.engine.trainer |   epoch 21 step 40/140 loss=1.1491
08:54:35 | INFO    | holoqpi.engine.trainer |   epoch 21 step 60/140 loss=0.5718
08:54:36 | INFO    | holoqpi.engine.trainer |   epoch 21 step 80/140 loss=0.6993
08:54:38 | INFO    | holoqpi.engine.trainer |   epoch 21 step 100/140 loss=0.5252
08:54:40 | INFO    | holoqpi.engine.trainer |   epoch 21 step 120/140 loss=0.6412
08:55:28 | INFO    | holoqpi.engine.trainer |   new best composite=0.8039
08:55:28 | INFO    | holoqpi.engine.trainer | epoch 21/60 (59s = 13s train + 46s val) | train_loss=0.6174  val_phase_mae=0.1644  val_dice=0.8155  val_cls_acc=0.5984  val_mass_mape=0.2039
08:55:29 | INFO    | holoqpi.engine.trainer |   epoch 22 step 0/140 loss=0.5149
08:55:31 | INFO    | holoqpi.engine.trainer |   epoch 22 step 20/140 loss=0.7028
08:55:32 | INFO    | holoqpi.engine.trainer |   epoch 22 step 40/140 loss=0.6495
08:55:34 | INFO    | holoqpi.engine.trainer |   epoch 22 step 60/140 loss=0.6819
08:55:36 | INFO    | holoqpi.engine.trainer |   epoch 22 step 80/140 loss=0.5052
08:55:38 | INFO    | holoqpi.engine.trainer |   epoch 22 step 100/140 loss=0.6380
08:55:40 | INFO    | holoqpi.engine.trainer |   epoch 22 step 120/140 loss=0.5142
08:56:27 | INFO    | holoqpi.engine.trainer | epoch 22/60 (59s = 13s train + 46s val) | train_loss=0.6254  val_phase_mae=0.1754  val_dice=0.8113  val_cls_acc=0.4173  val_mass_mape=0.2279
08:56:28 | INFO    | holoqpi.engine.trainer |   epoch 23 step 0/140 loss=0.4999
08:56:30 | INFO    | holoqpi.engine.trainer |   epoch 23 step 20/140 loss=0.5957
08:56:31 | INFO    | holoqpi.engine.trainer |   epoch 23 step 40/140 loss=0.6387
08:56:33 | INFO    | holoqpi.engine.trainer |   epoch 23 step 60/140 loss=0.6209
08:56:35 | INFO    | holoqpi.engine.trainer |   epoch 23 step 80/140 loss=0.5707
08:56:37 | INFO    | holoqpi.engine.trainer |   epoch 23 step 100/140 loss=0.6818
08:56:39 | INFO    | holoqpi.engine.trainer |   epoch 23 step 120/140 loss=0.6303
08:57:27 | INFO    | holoqpi.engine.trainer | epoch 23/60 (59s = 13s train + 46s val) | train_loss=0.6098  val_phase_mae=0.1678  val_dice=0.8158  val_cls_acc=0.5906  val_mass_mape=0.2213
08:57:27 | INFO    | holoqpi.engine.trainer |   epoch 24 step 0/140 loss=0.5422
08:57:29 | INFO    | holoqpi.engine.trainer |   epoch 24 step 20/140 loss=0.6223
08:57:31 | INFO    | holoqpi.engine.trainer |   epoch 24 step 40/140 loss=0.5381
08:57:33 | INFO    | holoqpi.engine.trainer |   epoch 24 step 60/140 loss=0.6513
08:57:34 | INFO    | holoqpi.engine.trainer |   epoch 24 step 80/140 loss=0.5382
08:57:36 | INFO    | holoqpi.engine.trainer |   epoch 24 step 100/140 loss=0.9971
08:57:38 | INFO    | holoqpi.engine.trainer |   epoch 24 step 120/140 loss=0.8853
08:58:26 | INFO    | holoqpi.engine.trainer | epoch 24/60 (59s = 13s train + 46s val) | train_loss=0.6097  val_phase_mae=0.1663  val_dice=0.8098  val_cls_acc=0.5984  val_mass_mape=0.2009
08:58:26 | INFO    | holoqpi.engine.trainer |   epoch 25 step 0/140 loss=0.6647
08:58:28 | INFO    | holoqpi.engine.trainer |   epoch 25 step 20/140 loss=0.6401
08:58:30 | INFO    | holoqpi.engine.trainer |   epoch 25 step 40/140 loss=0.5670
08:58:31 | INFO    | holoqpi.engine.trainer |   epoch 25 step 60/140 loss=0.5364
08:58:33 | INFO    | holoqpi.engine.trainer |   epoch 25 step 80/140 loss=0.6263
08:58:35 | INFO    | holoqpi.engine.trainer |   epoch 25 step 100/140 loss=0.6619
08:58:37 | INFO    | holoqpi.engine.trainer |   epoch 25 step 120/140 loss=0.6229
08:59:26 | INFO    | holoqpi.engine.trainer | epoch 25/60 (60s = 13s train + 47s val) | train_loss=0.6127  val_phase_mae=0.1669  val_dice=0.8191  val_cls_acc=0.5039  val_mass_mape=0.2080
08:59:26 | INFO    | holoqpi.engine.trainer |   epoch 26 step 0/140 loss=0.5898
08:59:28 | INFO    | holoqpi.engine.trainer |   epoch 26 step 20/140 loss=0.7231
08:59:30 | INFO    | holoqpi.engine.trainer |   epoch 26 step 40/140 loss=0.6150
08:59:31 | INFO    | holoqpi.engine.trainer |   epoch 26 step 60/140 loss=0.8326
08:59:33 | INFO    | holoqpi.engine.trainer |   epoch 26 step 80/140 loss=0.4493
08:59:35 | INFO    | holoqpi.engine.trainer |   epoch 26 step 100/140 loss=0.6015
08:59:37 | INFO    | holoqpi.engine.trainer |   epoch 26 step 120/140 loss=0.4607
09:00:25 | INFO    | holoqpi.engine.trainer | epoch 26/60 (60s = 13s train + 46s val) | train_loss=0.5971  val_phase_mae=0.1665  val_dice=0.8174  val_cls_acc=0.5827  val_mass_mape=0.2069
09:00:26 | INFO    | holoqpi.engine.trainer |   epoch 27 step 0/140 loss=0.7354
09:00:27 | INFO    | holoqpi.engine.trainer |   epoch 27 step 20/140 loss=0.5392
09:00:29 | INFO    | holoqpi.engine.trainer |   epoch 27 step 40/140 loss=0.8282
09:00:31 | INFO    | holoqpi.engine.trainer |   epoch 27 step 60/140 loss=0.5426
09:00:33 | INFO    | holoqpi.engine.trainer |   epoch 27 step 80/140 loss=0.6132
09:00:35 | INFO    | holoqpi.engine.trainer |   epoch 27 step 100/140 loss=0.6772
09:00:36 | INFO    | holoqpi.engine.trainer |   epoch 27 step 120/140 loss=0.5070
09:01:24 | INFO    | holoqpi.engine.trainer | epoch 27/60 (59s = 13s train + 46s val) | train_loss=0.5989  val_phase_mae=0.1700  val_dice=0.8157  val_cls_acc=0.6457  val_mass_mape=0.2132
09:01:25 | INFO    | holoqpi.engine.trainer |   epoch 28 step 0/140 loss=0.5184
09:01:27 | INFO    | holoqpi.engine.trainer |   epoch 28 step 20/140 loss=0.4805
09:01:28 | INFO    | holoqpi.engine.trainer |   epoch 28 step 40/140 loss=0.6255
09:01:30 | INFO    | holoqpi.engine.trainer |   epoch 28 step 60/140 loss=0.6034
09:01:32 | INFO    | holoqpi.engine.trainer |   epoch 28 step 80/140 loss=0.5237
09:01:34 | INFO    | holoqpi.engine.trainer |   epoch 28 step 100/140 loss=0.8010
09:01:36 | INFO    | holoqpi.engine.trainer |   epoch 28 step 120/140 loss=0.5074
09:02:24 | INFO    | holoqpi.engine.trainer | epoch 28/60 (59s = 13s train + 46s val) | train_loss=0.5842  val_phase_mae=0.1685  val_dice=0.8165  val_cls_acc=0.6614  val_mass_mape=0.2082
09:02:24 | INFO    | holoqpi.engine.trainer |   epoch 29 step 0/140 loss=0.6230
09:02:26 | INFO    | holoqpi.engine.trainer |   epoch 29 step 20/140 loss=0.4487
09:02:28 | INFO    | holoqpi.engine.trainer |   epoch 29 step 40/140 loss=0.4367
09:02:30 | INFO    | holoqpi.engine.trainer |   epoch 29 step 60/140 loss=0.5498
09:02:31 | INFO    | holoqpi.engine.trainer |   epoch 29 step 80/140 loss=0.5507
09:02:33 | INFO    | holoqpi.engine.trainer |   epoch 29 step 100/140 loss=0.4895
09:02:35 | INFO    | holoqpi.engine.trainer |   epoch 29 step 120/140 loss=0.6188
09:03:23 | INFO    | holoqpi.engine.trainer |   new best composite=0.8074
09:03:23 | INFO    | holoqpi.engine.trainer | epoch 29/60 (59s = 13s train + 46s val) | train_loss=0.5746  val_phase_mae=0.1671  val_dice=0.8205  val_cls_acc=0.5906  val_mass_mape=0.1971
09:03:24 | INFO    | holoqpi.engine.trainer |   epoch 30 step 0/140 loss=0.5891
09:03:25 | INFO    | holoqpi.engine.trainer |   epoch 30 step 20/140 loss=0.5481
09:03:27 | INFO    | holoqpi.engine.trainer |   epoch 30 step 40/140 loss=0.7152
09:03:29 | INFO    | holoqpi.engine.trainer |   epoch 30 step 60/140 loss=0.8550
09:03:31 | INFO    | holoqpi.engine.trainer |   epoch 30 step 80/140 loss=0.5878
09:03:33 | INFO    | holoqpi.engine.trainer |   epoch 30 step 100/140 loss=0.6621
09:03:34 | INFO    | holoqpi.engine.trainer |   epoch 30 step 120/140 loss=0.4862
09:04:22 | INFO    | holoqpi.engine.trainer |   new best composite=0.8086
09:04:22 | INFO    | holoqpi.engine.trainer | epoch 30/60 (59s = 13s train + 46s val) | train_loss=0.5845  val_phase_mae=0.1701  val_dice=0.8211  val_cls_acc=0.6535  val_mass_mape=0.1937
09:04:23 | INFO    | holoqpi.engine.trainer |   epoch 31 step 0/140 loss=0.6659
09:04:25 | INFO    | holoqpi.engine.trainer |   epoch 31 step 20/140 loss=0.5791
09:04:27 | INFO    | holoqpi.engine.trainer |   epoch 31 step 40/140 loss=0.7555
09:04:28 | INFO    | holoqpi.engine.trainer |   epoch 31 step 60/140 loss=0.4758
09:04:30 | INFO    | holoqpi.engine.trainer |   epoch 31 step 80/140 loss=0.7428
09:04:32 | INFO    | holoqpi.engine.trainer |   epoch 31 step 100/140 loss=0.7823
09:04:34 | INFO    | holoqpi.engine.trainer |   epoch 31 step 120/140 loss=0.5119
09:05:21 | INFO    | holoqpi.engine.trainer | epoch 31/60 (59s = 13s train + 46s val) | train_loss=0.5832  val_phase_mae=0.1687  val_dice=0.8191  val_cls_acc=0.6142  val_mass_mape=0.1903
09:05:22 | INFO    | holoqpi.engine.trainer |   epoch 32 step 0/140 loss=0.5187
09:05:23 | INFO    | holoqpi.engine.trainer |   epoch 32 step 20/140 loss=0.5997
09:05:25 | INFO    | holoqpi.engine.trainer |   epoch 32 step 40/140 loss=0.6852
09:05:27 | INFO    | holoqpi.engine.trainer |   epoch 32 step 60/140 loss=0.7580
09:05:29 | INFO    | holoqpi.engine.trainer |   epoch 32 step 80/140 loss=0.4534
09:05:31 | INFO    | holoqpi.engine.trainer |   epoch 32 step 100/140 loss=0.4772
09:05:32 | INFO    | holoqpi.engine.trainer |   epoch 32 step 120/140 loss=0.6288
09:06:20 | INFO    | holoqpi.engine.trainer | epoch 32/60 (59s = 13s train + 45s val) | train_loss=0.5705  val_phase_mae=0.1693  val_dice=0.8222  val_cls_acc=0.6693  val_mass_mape=0.1981
09:06:20 | INFO    | holoqpi.engine.trainer |   epoch 33 step 0/140 loss=0.4868
09:06:22 | INFO    | holoqpi.engine.trainer |   epoch 33 step 20/140 loss=0.5194
09:06:24 | INFO    | holoqpi.engine.trainer |   epoch 33 step 40/140 loss=0.6140
09:06:25 | INFO    | holoqpi.engine.trainer |   epoch 33 step 60/140 loss=0.6160
09:06:27 | INFO    | holoqpi.engine.trainer |   epoch 33 step 80/140 loss=0.6312
09:06:29 | INFO    | holoqpi.engine.trainer |   epoch 33 step 100/140 loss=0.5206
09:06:31 | INFO    | holoqpi.engine.trainer |   epoch 33 step 120/140 loss=0.4776
09:07:18 | INFO    | holoqpi.engine.trainer | epoch 33/60 (59s = 13s train + 46s val) | train_loss=0.5590  val_phase_mae=0.1660  val_dice=0.8207  val_cls_acc=0.6142  val_mass_mape=0.2064
09:07:19 | INFO    | holoqpi.engine.trainer |   epoch 34 step 0/140 loss=0.5211
09:07:21 | INFO    | holoqpi.engine.trainer |   epoch 34 step 20/140 loss=0.5263
09:07:22 | INFO    | holoqpi.engine.trainer |   epoch 34 step 40/140 loss=0.4766
09:07:24 | INFO    | holoqpi.engine.trainer |   epoch 34 step 60/140 loss=0.4840
09:07:26 | INFO    | holoqpi.engine.trainer |   epoch 34 step 80/140 loss=0.6242
09:07:28 | INFO    | holoqpi.engine.trainer |   epoch 34 step 100/140 loss=0.4711
09:07:30 | INFO    | holoqpi.engine.trainer |   epoch 34 step 120/140 loss=0.5740
09:08:18 | INFO    | holoqpi.engine.trainer |   new best composite=0.8086
09:08:18 | INFO    | holoqpi.engine.trainer | epoch 34/60 (59s = 13s train + 46s val) | train_loss=0.5508  val_phase_mae=0.1705  val_dice=0.8202  val_cls_acc=0.6693  val_mass_mape=0.1916
09:08:18 | INFO    | holoqpi.engine.trainer |   epoch 35 step 0/140 loss=0.4244
09:08:20 | INFO    | holoqpi.engine.trainer |   epoch 35 step 20/140 loss=0.5904
09:08:22 | INFO    | holoqpi.engine.trainer |   epoch 35 step 40/140 loss=0.8861
09:08:24 | INFO    | holoqpi.engine.trainer |   epoch 35 step 60/140 loss=0.8104
09:08:25 | INFO    | holoqpi.engine.trainer |   epoch 35 step 80/140 loss=0.5487
09:08:27 | INFO    | holoqpi.engine.trainer |   epoch 35 step 100/140 loss=0.5066
09:08:29 | INFO    | holoqpi.engine.trainer |   epoch 35 step 120/140 loss=0.6142
09:09:17 | INFO    | holoqpi.engine.trainer | epoch 35/60 (59s = 13s train + 46s val) | train_loss=0.5517  val_phase_mae=0.1726  val_dice=0.8238  val_cls_acc=0.5276  val_mass_mape=0.2081
09:09:17 | INFO    | holoqpi.engine.trainer |   epoch 36 step 0/140 loss=0.5171
09:09:19 | INFO    | holoqpi.engine.trainer |   epoch 36 step 20/140 loss=0.7267
09:09:21 | INFO    | holoqpi.engine.trainer |   epoch 36 step 40/140 loss=0.4655
09:09:23 | INFO    | holoqpi.engine.trainer |   epoch 36 step 60/140 loss=0.5567
09:09:25 | INFO    | holoqpi.engine.trainer |   epoch 36 step 80/140 loss=0.3895
09:09:27 | INFO    | holoqpi.engine.trainer |   epoch 36 step 100/140 loss=0.3851
09:09:28 | INFO    | holoqpi.engine.trainer |   epoch 36 step 120/140 loss=0.7035
09:10:16 | INFO    | holoqpi.engine.trainer |   new best composite=0.8093
09:10:16 | INFO    | holoqpi.engine.trainer | epoch 36/60 (59s = 13s train + 46s val) | train_loss=0.5526  val_phase_mae=0.1688  val_dice=0.8212  val_cls_acc=0.5984  val_mass_mape=0.1917
09:10:17 | INFO    | holoqpi.engine.trainer |   epoch 37 step 0/140 loss=0.5398
09:10:18 | INFO    | holoqpi.engine.trainer |   epoch 37 step 20/140 loss=0.5519
09:10:20 | INFO    | holoqpi.engine.trainer |   epoch 37 step 40/140 loss=0.4759
09:10:22 | INFO    | holoqpi.engine.trainer |   epoch 37 step 60/140 loss=0.6226
09:10:24 | INFO    | holoqpi.engine.trainer |   epoch 37 step 80/140 loss=0.6641
09:10:26 | INFO    | holoqpi.engine.trainer |   epoch 37 step 100/140 loss=0.4761
09:10:27 | INFO    | holoqpi.engine.trainer |   epoch 37 step 120/140 loss=0.4996
09:11:16 | INFO    | holoqpi.engine.trainer |   new best composite=0.8109
09:11:16 | INFO    | holoqpi.engine.trainer | epoch 37/60 (59s = 13s train + 46s val) | train_loss=0.5473  val_phase_mae=0.1660  val_dice=0.8201  val_cls_acc=0.6614  val_mass_mape=0.1853
09:11:16 | INFO    | holoqpi.engine.trainer |   epoch 38 step 0/140 loss=0.5447
09:11:18 | INFO    | holoqpi.engine.trainer |   epoch 38 step 20/140 loss=0.6186
09:11:20 | INFO    | holoqpi.engine.trainer |   epoch 38 step 40/140 loss=0.4928
09:11:22 | INFO    | holoqpi.engine.trainer |   epoch 38 step 60/140 loss=0.4743
09:11:23 | INFO    | holoqpi.engine.trainer |   epoch 38 step 80/140 loss=0.4504
09:11:25 | INFO    | holoqpi.engine.trainer |   epoch 38 step 100/140 loss=0.6370
09:11:27 | INFO    | holoqpi.engine.trainer |   epoch 38 step 120/140 loss=0.4848
09:12:15 | INFO    | holoqpi.engine.trainer | epoch 38/60 (59s = 13s train + 46s val) | train_loss=0.5498  val_phase_mae=0.1731  val_dice=0.8202  val_cls_acc=0.7087  val_mass_mape=0.1985
09:12:15 | INFO    | holoqpi.engine.trainer |   epoch 39 step 0/140 loss=0.6187
09:12:17 | INFO    | holoqpi.engine.trainer |   epoch 39 step 20/140 loss=0.4948
09:12:19 | INFO    | holoqpi.engine.trainer |   epoch 39 step 40/140 loss=0.5087
09:12:21 | INFO    | holoqpi.engine.trainer |   epoch 39 step 60/140 loss=0.5531
09:12:23 | INFO    | holoqpi.engine.trainer |   epoch 39 step 80/140 loss=0.4490
09:12:25 | INFO    | holoqpi.engine.trainer |   epoch 39 step 100/140 loss=0.7570
09:12:26 | INFO    | holoqpi.engine.trainer |   epoch 39 step 120/140 loss=0.5283
09:13:14 | INFO    | holoqpi.engine.trainer | epoch 39/60 (60s = 13s train + 46s val) | train_loss=0.5367  val_phase_mae=0.1680  val_dice=0.8199  val_cls_acc=0.6929  val_mass_mape=0.2028
09:13:15 | INFO    | holoqpi.engine.trainer |   epoch 40 step 0/140 loss=0.6232
09:13:17 | INFO    | holoqpi.engine.trainer |   epoch 40 step 20/140 loss=0.4140
09:13:19 | INFO    | holoqpi.engine.trainer |   epoch 40 step 40/140 loss=0.4437
09:13:20 | INFO    | holoqpi.engine.trainer |   epoch 40 step 60/140 loss=0.5316
09:13:22 | INFO    | holoqpi.engine.trainer |   epoch 40 step 80/140 loss=0.4699
09:13:24 | INFO    | holoqpi.engine.trainer |   epoch 40 step 100/140 loss=0.5696
09:13:26 | INFO    | holoqpi.engine.trainer |   epoch 40 step 120/140 loss=0.4453
09:14:14 | INFO    | holoqpi.engine.trainer | epoch 40/60 (59s = 13s train + 46s val) | train_loss=0.5286  val_phase_mae=0.1660  val_dice=0.8208  val_cls_acc=0.5669  val_mass_mape=0.1940
09:14:14 | INFO    | holoqpi.engine.trainer |   epoch 41 step 0/140 loss=0.5672
09:14:16 | INFO    | holoqpi.engine.trainer |   epoch 41 step 20/140 loss=0.4123
09:14:18 | INFO    | holoqpi.engine.trainer |   epoch 41 step 40/140 loss=0.4993
09:14:20 | INFO    | holoqpi.engine.trainer |   epoch 41 step 60/140 loss=0.6209
09:14:22 | INFO    | holoqpi.engine.trainer |   epoch 41 step 80/140 loss=0.4793
09:14:23 | INFO    | holoqpi.engine.trainer |   epoch 41 step 100/140 loss=0.4089
09:14:25 | INFO    | holoqpi.engine.trainer |   epoch 41 step 120/140 loss=0.4514
09:15:13 | INFO    | holoqpi.engine.trainer |   new best composite=0.8127
09:15:13 | INFO    | holoqpi.engine.trainer | epoch 41/60 (59s = 13s train + 46s val) | train_loss=0.5304  val_phase_mae=0.1679  val_dice=0.8226  val_cls_acc=0.6535  val_mass_mape=0.1847
09:15:14 | INFO    | holoqpi.engine.trainer |   epoch 42 step 0/140 loss=0.5307
09:15:16 | INFO    | holoqpi.engine.trainer |   epoch 42 step 20/140 loss=0.5522
09:15:18 | INFO    | holoqpi.engine.trainer |   epoch 42 step 40/140 loss=0.5076
09:15:19 | INFO    | holoqpi.engine.trainer |   epoch 42 step 60/140 loss=0.5393
09:15:21 | INFO    | holoqpi.engine.trainer |   epoch 42 step 80/140 loss=0.5665
09:15:23 | INFO    | holoqpi.engine.trainer |   epoch 42 step 100/140 loss=0.5575
09:15:25 | INFO    | holoqpi.engine.trainer |   epoch 42 step 120/140 loss=0.5791
09:16:13 | INFO    | holoqpi.engine.trainer | epoch 42/60 (59s = 13s train + 46s val) | train_loss=0.5171  val_phase_mae=0.1667  val_dice=0.8232  val_cls_acc=0.6772  val_mass_mape=0.1982
09:16:13 | INFO    | holoqpi.engine.trainer |   epoch 43 step 0/140 loss=0.6401
09:16:15 | INFO    | holoqpi.engine.trainer |   epoch 43 step 20/140 loss=0.6266
09:16:17 | INFO    | holoqpi.engine.trainer |   epoch 43 step 40/140 loss=0.5062
09:16:19 | INFO    | holoqpi.engine.trainer |   epoch 43 step 60/140 loss=0.4734
09:16:21 | INFO    | holoqpi.engine.trainer |   epoch 43 step 80/140 loss=0.5527
09:16:23 | INFO    | holoqpi.engine.trainer |   epoch 43 step 100/140 loss=0.5542
09:16:24 | INFO    | holoqpi.engine.trainer |   epoch 43 step 120/140 loss=0.4241
09:17:12 | INFO    | holoqpi.engine.trainer | epoch 43/60 (59s = 13s train + 46s val) | train_loss=0.5207  val_phase_mae=0.1680  val_dice=0.8236  val_cls_acc=0.7795  val_mass_mape=0.1874
09:17:13 | INFO    | holoqpi.engine.trainer |   epoch 44 step 0/140 loss=0.4549
09:17:14 | INFO    | holoqpi.engine.trainer |   epoch 44 step 20/140 loss=0.4673
09:17:16 | INFO    | holoqpi.engine.trainer |   epoch 44 step 40/140 loss=0.6647
09:17:18 | INFO    | holoqpi.engine.trainer |   epoch 44 step 60/140 loss=0.3963
09:17:20 | INFO    | holoqpi.engine.trainer |   epoch 44 step 80/140 loss=0.4245
09:17:22 | INFO    | holoqpi.engine.trainer |   epoch 44 step 100/140 loss=0.5753
09:17:24 | INFO    | holoqpi.engine.trainer |   epoch 44 step 120/140 loss=0.5171
09:18:11 | INFO    | holoqpi.engine.trainer | epoch 44/60 (59s = 13s train + 46s val) | train_loss=0.5142  val_phase_mae=0.1689  val_dice=0.8241  val_cls_acc=0.8031  val_mass_mape=0.1960
09:18:12 | INFO    | holoqpi.engine.trainer |   epoch 45 step 0/140 loss=0.4895
09:18:14 | INFO    | holoqpi.engine.trainer |   epoch 45 step 20/140 loss=0.4031
09:18:16 | INFO    | holoqpi.engine.trainer |   epoch 45 step 40/140 loss=0.7046
09:18:17 | INFO    | holoqpi.engine.trainer |   epoch 45 step 60/140 loss=0.4502
09:18:19 | INFO    | holoqpi.engine.trainer |   epoch 45 step 80/140 loss=0.6240
09:18:21 | INFO    | holoqpi.engine.trainer |   epoch 45 step 100/140 loss=0.6229
09:18:23 | INFO    | holoqpi.engine.trainer |   epoch 45 step 120/140 loss=0.5215
09:19:11 | INFO    | holoqpi.engine.trainer | epoch 45/60 (60s = 13s train + 47s val) | train_loss=0.5185  val_phase_mae=0.1681  val_dice=0.8221  val_cls_acc=0.6535  val_mass_mape=0.1941
09:19:12 | INFO    | holoqpi.engine.trainer |   epoch 46 step 0/140 loss=0.4638
09:19:13 | INFO    | holoqpi.engine.trainer |   epoch 46 step 20/140 loss=0.3835
09:19:15 | INFO    | holoqpi.engine.trainer |   epoch 46 step 40/140 loss=0.5655
09:19:17 | INFO    | holoqpi.engine.trainer |   epoch 46 step 60/140 loss=0.3896
09:19:19 | INFO    | holoqpi.engine.trainer |   epoch 46 step 80/140 loss=0.4751
09:19:21 | INFO    | holoqpi.engine.trainer |   epoch 46 step 100/140 loss=0.4313
09:19:23 | INFO    | holoqpi.engine.trainer |   epoch 46 step 120/140 loss=0.4714
09:20:10 | INFO    | holoqpi.engine.trainer | epoch 46/60 (59s = 13s train + 46s val) | train_loss=0.5003  val_phase_mae=0.1726  val_dice=0.8230  val_cls_acc=0.6929  val_mass_mape=0.1908
09:20:11 | INFO    | holoqpi.engine.trainer |   epoch 47 step 0/140 loss=0.4281
09:20:13 | INFO    | holoqpi.engine.trainer |   epoch 47 step 20/140 loss=0.5648
09:20:15 | INFO    | holoqpi.engine.trainer |   epoch 47 step 40/140 loss=0.5158
09:20:16 | INFO    | holoqpi.engine.trainer |   epoch 47 step 60/140 loss=0.4987
09:20:18 | INFO    | holoqpi.engine.trainer |   epoch 47 step 80/140 loss=0.5572
09:20:20 | INFO    | holoqpi.engine.trainer |   epoch 47 step 100/140 loss=0.4798
09:20:22 | INFO    | holoqpi.engine.trainer |   epoch 47 step 120/140 loss=0.4080
09:21:10 | INFO    | holoqpi.engine.trainer |   new best composite=0.8139
09:21:10 | INFO    | holoqpi.engine.trainer | epoch 47/60 (59s = 13s train + 46s val) | train_loss=0.5046  val_phase_mae=0.1699  val_dice=0.8239  val_cls_acc=0.6457  val_mass_mape=0.1844
09:21:10 | INFO    | holoqpi.engine.trainer |   epoch 48 step 0/140 loss=0.4051
09:21:12 | INFO    | holoqpi.engine.trainer |   epoch 48 step 20/140 loss=0.4874
09:21:14 | INFO    | holoqpi.engine.trainer |   epoch 48 step 40/140 loss=0.5738
09:21:16 | INFO    | holoqpi.engine.trainer |   epoch 48 step 60/140 loss=0.5220
09:21:18 | INFO    | holoqpi.engine.trainer |   epoch 48 step 80/140 loss=0.5723
09:21:19 | INFO    | holoqpi.engine.trainer |   epoch 48 step 100/140 loss=0.5436
09:21:21 | INFO    | holoqpi.engine.trainer |   epoch 48 step 120/140 loss=0.4948
09:22:09 | INFO    | holoqpi.engine.trainer | epoch 48/60 (59s = 13s train + 46s val) | train_loss=0.4975  val_phase_mae=0.1696  val_dice=0.8239  val_cls_acc=0.6614  val_mass_mape=0.1979
09:22:09 | INFO    | holoqpi.engine.trainer |   epoch 49 step 0/140 loss=0.3923
09:22:11 | INFO    | holoqpi.engine.trainer |   epoch 49 step 20/140 loss=0.5225
09:22:13 | INFO    | holoqpi.engine.trainer |   epoch 49 step 40/140 loss=0.5305
09:22:15 | INFO    | holoqpi.engine.trainer |   epoch 49 step 60/140 loss=0.3574
09:22:16 | INFO    | holoqpi.engine.trainer |   epoch 49 step 80/140 loss=0.4591
09:22:18 | INFO    | holoqpi.engine.trainer |   epoch 49 step 100/140 loss=0.5413
09:22:20 | INFO    | holoqpi.engine.trainer |   epoch 49 step 120/140 loss=0.4901
09:23:08 | INFO    | holoqpi.engine.trainer | epoch 49/60 (59s = 13s train + 46s val) | train_loss=0.4998  val_phase_mae=0.1700  val_dice=0.8246  val_cls_acc=0.6850  val_mass_mape=0.1913
09:23:08 | INFO    | holoqpi.engine.trainer |   epoch 50 step 0/140 loss=0.4294
09:23:10 | INFO    | holoqpi.engine.trainer |   epoch 50 step 20/140 loss=0.4734
09:23:12 | INFO    | holoqpi.engine.trainer |   epoch 50 step 40/140 loss=0.7019
09:23:14 | INFO    | holoqpi.engine.trainer |   epoch 50 step 60/140 loss=0.3579
09:23:16 | INFO    | holoqpi.engine.trainer |   epoch 50 step 80/140 loss=0.4186
09:23:18 | INFO    | holoqpi.engine.trainer |   epoch 50 step 100/140 loss=0.4463
09:23:19 | INFO    | holoqpi.engine.trainer |   epoch 50 step 120/140 loss=0.4754
09:24:08 | INFO    | holoqpi.engine.trainer | epoch 50/60 (60s = 13s train + 47s val) | train_loss=0.5080  val_phase_mae=0.1703  val_dice=0.8235  val_cls_acc=0.6142  val_mass_mape=0.1863
09:24:08 | INFO    | holoqpi.engine.trainer |   epoch 51 step 0/140 loss=0.4516
09:24:10 | INFO    | holoqpi.engine.trainer |   epoch 51 step 20/140 loss=0.7608
09:24:12 | INFO    | holoqpi.engine.trainer |   epoch 51 step 40/140 loss=0.4399
09:24:14 | INFO    | holoqpi.engine.trainer |   epoch 51 step 60/140 loss=0.4841
09:24:15 | INFO    | holoqpi.engine.trainer |   epoch 51 step 80/140 loss=0.4673
09:24:17 | INFO    | holoqpi.engine.trainer |   epoch 51 step 100/140 loss=0.5419
09:24:19 | INFO    | holoqpi.engine.trainer |   epoch 51 step 120/140 loss=0.4449
09:25:07 | INFO    | holoqpi.engine.trainer | epoch 51/60 (59s = 13s train + 46s val) | train_loss=0.4889  val_phase_mae=0.1693  val_dice=0.8237  val_cls_acc=0.6457  val_mass_mape=0.1900
09:25:07 | INFO    | holoqpi.engine.trainer |   epoch 52 step 0/140 loss=0.8846
09:25:09 | INFO    | holoqpi.engine.trainer |   epoch 52 step 20/140 loss=0.4504
09:25:11 | INFO    | holoqpi.engine.trainer |   epoch 52 step 40/140 loss=0.5024
09:25:13 | INFO    | holoqpi.engine.trainer |   epoch 52 step 60/140 loss=0.4871
09:25:14 | INFO    | holoqpi.engine.trainer |   epoch 52 step 80/140 loss=0.4918
09:25:16 | INFO    | holoqpi.engine.trainer |   epoch 52 step 100/140 loss=0.5073
09:25:18 | INFO    | holoqpi.engine.trainer |   epoch 52 step 120/140 loss=0.5074
09:26:06 | INFO    | holoqpi.engine.trainer | epoch 52/60 (59s = 13s train + 46s val) | train_loss=0.5063  val_phase_mae=0.1698  val_dice=0.8246  val_cls_acc=0.5748  val_mass_mape=0.1853
09:26:06 | INFO    | holoqpi.engine.trainer |   epoch 53 step 0/140 loss=0.5394
09:26:08 | INFO    | holoqpi.engine.trainer |   epoch 53 step 20/140 loss=0.5719
09:26:10 | INFO    | holoqpi.engine.trainer |   epoch 53 step 40/140 loss=0.4918
09:26:12 | INFO    | holoqpi.engine.trainer |   epoch 53 step 60/140 loss=0.4310
09:26:13 | INFO    | holoqpi.engine.trainer |   epoch 53 step 80/140 loss=0.5211
09:26:15 | INFO    | holoqpi.engine.trainer |   epoch 53 step 100/140 loss=0.4781
09:26:17 | INFO    | holoqpi.engine.trainer |   epoch 53 step 120/140 loss=0.4230
09:27:05 | INFO    | holoqpi.engine.trainer | epoch 53/60 (59s = 13s train + 46s val) | train_loss=0.4859  val_phase_mae=0.1697  val_dice=0.8243  val_cls_acc=0.6378  val_mass_mape=0.1836
09:27:06 | INFO    | holoqpi.engine.trainer |   epoch 54 step 0/140 loss=0.4842
09:27:07 | INFO    | holoqpi.engine.trainer |   epoch 54 step 20/140 loss=0.6369
09:27:09 | INFO    | holoqpi.engine.trainer |   epoch 54 step 40/140 loss=0.4448
09:27:11 | INFO    | holoqpi.engine.trainer |   epoch 54 step 60/140 loss=0.5030
09:27:13 | INFO    | holoqpi.engine.trainer |   epoch 54 step 80/140 loss=0.4459
09:27:14 | INFO    | holoqpi.engine.trainer |   epoch 54 step 100/140 loss=0.4420
09:27:16 | INFO    | holoqpi.engine.trainer |   epoch 54 step 120/140 loss=0.4392
09:28:04 | INFO    | holoqpi.engine.trainer | epoch 54/60 (59s = 13s train + 46s val) | train_loss=0.4964  val_phase_mae=0.1703  val_dice=0.8249  val_cls_acc=0.6142  val_mass_mape=0.1857
09:28:04 | INFO    | holoqpi.engine.trainer |   epoch 55 step 0/140 loss=0.3812
09:28:06 | INFO    | holoqpi.engine.trainer |   epoch 55 step 20/140 loss=0.4873
09:28:08 | INFO    | holoqpi.engine.trainer |   epoch 55 step 40/140 loss=0.5484
09:28:10 | INFO    | holoqpi.engine.trainer |   epoch 55 step 60/140 loss=0.4921
09:28:11 | INFO    | holoqpi.engine.trainer |   epoch 55 step 80/140 loss=0.3442
09:28:13 | INFO    | holoqpi.engine.trainer |   epoch 55 step 100/140 loss=0.3686
09:28:15 | INFO    | holoqpi.engine.trainer |   epoch 55 step 120/140 loss=0.3946
09:29:03 | INFO    | holoqpi.engine.trainer |   new best composite=0.8139
09:29:03 | INFO    | holoqpi.engine.trainer | epoch 55/60 (59s = 13s train + 46s val) | train_loss=0.4860  val_phase_mae=0.1677  val_dice=0.8247  val_cls_acc=0.5748  val_mass_mape=0.1847
09:29:04 | INFO    | holoqpi.engine.trainer |   epoch 56 step 0/140 loss=0.4549
09:29:05 | INFO    | holoqpi.engine.trainer |   epoch 56 step 20/140 loss=0.6331
09:29:07 | INFO    | holoqpi.engine.trainer |   epoch 56 step 40/140 loss=0.4498
09:29:09 | INFO    | holoqpi.engine.trainer |   epoch 56 step 60/140 loss=0.5011
09:29:11 | INFO    | holoqpi.engine.trainer |   epoch 56 step 80/140 loss=0.4191
09:29:13 | INFO    | holoqpi.engine.trainer |   epoch 56 step 100/140 loss=0.4680
09:29:15 | INFO    | holoqpi.engine.trainer |   epoch 56 step 120/140 loss=0.4008
09:30:02 | INFO    | holoqpi.engine.trainer | epoch 56/60 (59s = 13s train + 46s val) | train_loss=0.4849  val_phase_mae=0.1680  val_dice=0.8250  val_cls_acc=0.6378  val_mass_mape=0.1912
09:30:03 | INFO    | holoqpi.engine.trainer |   epoch 57 step 0/140 loss=0.4890
09:30:04 | INFO    | holoqpi.engine.trainer |   epoch 57 step 20/140 loss=0.4235
09:30:06 | INFO    | holoqpi.engine.trainer |   epoch 57 step 40/140 loss=0.3218
09:30:08 | INFO    | holoqpi.engine.trainer |   epoch 57 step 60/140 loss=0.5654
09:30:10 | INFO    | holoqpi.engine.trainer |   epoch 57 step 80/140 loss=0.5212
09:30:12 | INFO    | holoqpi.engine.trainer |   epoch 57 step 100/140 loss=0.4421
09:30:14 | INFO    | holoqpi.engine.trainer |   epoch 57 step 120/140 loss=0.4912
09:31:02 | INFO    | holoqpi.engine.trainer |   new best composite=0.8141
09:31:02 | INFO    | holoqpi.engine.trainer | epoch 57/60 (59s = 13s train + 46s val) | train_loss=0.4810  val_phase_mae=0.1706  val_dice=0.8247  val_cls_acc=0.6535  val_mass_mape=0.1838
09:31:02 | INFO    | holoqpi.engine.trainer |   epoch 58 step 0/140 loss=0.5444
09:31:04 | INFO    | holoqpi.engine.trainer |   epoch 58 step 20/140 loss=0.4821
09:31:06 | INFO    | holoqpi.engine.trainer |   epoch 58 step 40/140 loss=0.6056
09:31:08 | INFO    | holoqpi.engine.trainer |   epoch 58 step 60/140 loss=0.5822
09:31:09 | INFO    | holoqpi.engine.trainer |   epoch 58 step 80/140 loss=0.5952
09:31:11 | INFO    | holoqpi.engine.trainer |   epoch 58 step 100/140 loss=0.3993
09:31:13 | INFO    | holoqpi.engine.trainer |   epoch 58 step 120/140 loss=0.4345
09:32:01 | INFO    | holoqpi.engine.trainer | epoch 58/60 (59s = 13s train + 46s val) | train_loss=0.4947  val_phase_mae=0.1689  val_dice=0.8252  val_cls_acc=0.6929  val_mass_mape=0.1864
09:32:01 | INFO    | holoqpi.engine.trainer |   epoch 59 step 0/140 loss=0.3988
09:32:03 | INFO    | holoqpi.engine.trainer |   epoch 59 step 20/140 loss=0.4093
09:32:05 | INFO    | holoqpi.engine.trainer |   epoch 59 step 40/140 loss=0.4507
09:32:07 | INFO    | holoqpi.engine.trainer |   epoch 59 step 60/140 loss=0.6288
09:32:08 | INFO    | holoqpi.engine.trainer |   epoch 59 step 80/140 loss=0.5112
09:32:10 | INFO    | holoqpi.engine.trainer |   epoch 59 step 100/140 loss=0.3572
09:32:12 | INFO    | holoqpi.engine.trainer |   epoch 59 step 120/140 loss=0.4206
09:33:00 | INFO    | holoqpi.engine.trainer | epoch 59/60 (59s = 13s train + 46s val) | train_loss=0.4794  val_phase_mae=0.1686  val_dice=0.8251  val_cls_acc=0.6693  val_mass_mape=0.1894
09:33:01 | INFO    | holoqpi.engine.trainer |   epoch 60 step 0/140 loss=0.3797
09:33:02 | INFO    | holoqpi.engine.trainer |   epoch 60 step 20/140 loss=0.4156
09:33:04 | INFO    | holoqpi.engine.trainer |   epoch 60 step 40/140 loss=0.7320
09:33:06 | INFO    | holoqpi.engine.trainer |   epoch 60 step 60/140 loss=0.4850
09:33:08 | INFO    | holoqpi.engine.trainer |   epoch 60 step 80/140 loss=0.4738
09:33:10 | INFO    | holoqpi.engine.trainer |   epoch 60 step 100/140 loss=0.4409
09:33:11 | INFO    | holoqpi.engine.trainer |   epoch 60 step 120/140 loss=0.5467
09:33:59 | INFO    | holoqpi.engine.trainer |   new best composite=0.8147
09:33:59 | INFO    | holoqpi.engine.trainer | epoch 60/60 (59s = 13s train + 46s val) | train_loss=0.4836  val_phase_mae=0.1691  val_dice=0.8252  val_cls_acc=0.6457  val_mass_mape=0.1849
09:34:00 | INFO    | holoqpi.engine.trainer | training finished; best epoch 60 (composite=0.8147)
09:34:00 | INFO    | holoqpi.engine.trainer | checkpoint best_model.pt: 446/446 tensors matched
09:34:42 | INFO    | holoqpi.engine.compare | modality=off_axis test metrics written to runs/no_physics_off_axis
09:34:42 | INFO    | holoqpi.engine.compare | ======================================================================
09:34:42 | INFO    | holoqpi.engine.compare | modality=gabor  device=cuda  run_dir=runs/no_physics_gabor
09:34:42 | INFO    | holoqpi.engine.compare | ======================================================================
09:34:42 | INFO    | holoqpi.data.dataset | train split: 560 samples | modality=gabor | crop=512 | augment=True
09:34:42 | INFO    | holoqpi.data.dataset | val split: 127 samples | modality=gabor | crop=None | augment=False
09:34:42 | INFO    | holoqpi.data.dataset | test split: 113 samples | modality=gabor | crop=None | augment=False
09:34:42 | INFO    | holoqpi.models.encoders | encoder=mobilenet_v2 in_channels=1 pretrained=True stages=[16, 24, 32, 96, 1280]
09:34:43 | INFO    | holoqpi.models.holonet | HoloQPINet built: 9.76M parameters, 9.76M trainable (100.0%)
09:34:43 | INFO    | holoqpi.engine.trainer | trainable 9.76M / 9.76M parameters (100.0%)
09:34:43 | INFO    | holoqpi.engine.trainer | active physics terms: none
09:34:43 | INFO    | holoqpi.engine.trainer |   epoch 1 step 0/140 loss=2.0809
09:34:45 | INFO    | holoqpi.engine.trainer |   epoch 1 step 20/140 loss=1.8712
09:34:47 | INFO    | holoqpi.engine.trainer |   epoch 1 step 40/140 loss=1.4281
09:34:49 | INFO    | holoqpi.engine.trainer |   epoch 1 step 60/140 loss=1.3134
09:34:51 | INFO    | holoqpi.engine.trainer |   epoch 1 step 80/140 loss=1.2750
09:34:53 | INFO    | holoqpi.engine.trainer |   epoch 1 step 100/140 loss=1.1261
09:34:54 | INFO    | holoqpi.engine.trainer |   epoch 1 step 120/140 loss=1.2157
09:35:42 | INFO    | holoqpi.engine.trainer |   new best composite=0.6715
09:35:42 | INFO    | holoqpi.engine.trainer | epoch 1/60 (60s = 13s train + 46s val) | train_loss=1.4204  val_phase_mae=0.2260  val_dice=0.6847  val_cls_acc=0.4646  val_mass_mape=0.3022
09:35:42 | INFO    | holoqpi.engine.trainer |   at this rate the full 60-epoch schedule takes about 60 min
09:35:43 | INFO    | holoqpi.engine.trainer |   epoch 2 step 0/140 loss=1.0852
09:35:45 | INFO    | holoqpi.engine.trainer |   epoch 2 step 20/140 loss=1.1749
09:35:47 | INFO    | holoqpi.engine.trainer |   epoch 2 step 40/140 loss=0.9853
09:35:48 | INFO    | holoqpi.engine.trainer |   epoch 2 step 60/140 loss=0.9188
09:35:50 | INFO    | holoqpi.engine.trainer |   epoch 2 step 80/140 loss=1.2306
09:35:52 | INFO    | holoqpi.engine.trainer |   epoch 2 step 100/140 loss=0.8914
09:35:54 | INFO    | holoqpi.engine.trainer |   epoch 2 step 120/140 loss=1.1149
09:36:41 | INFO    | holoqpi.engine.trainer |   new best composite=0.6904
09:36:41 | INFO    | holoqpi.engine.trainer | epoch 2/60 (58s = 13s train + 45s val) | train_loss=1.0728  val_phase_mae=0.2216  val_dice=0.7080  val_cls_acc=0.4803  val_mass_mape=0.3201
09:36:42 | INFO    | holoqpi.engine.trainer |   epoch 3 step 0/140 loss=0.9207
09:36:43 | INFO    | holoqpi.engine.trainer |   epoch 3 step 20/140 loss=0.8274
09:36:45 | INFO    | holoqpi.engine.trainer |   epoch 3 step 40/140 loss=1.1528
09:36:47 | INFO    | holoqpi.engine.trainer |   epoch 3 step 60/140 loss=0.9260
09:36:49 | INFO    | holoqpi.engine.trainer |   epoch 3 step 80/140 loss=0.8038
09:36:51 | INFO    | holoqpi.engine.trainer |   epoch 3 step 100/140 loss=1.1954
09:36:53 | INFO    | holoqpi.engine.trainer |   epoch 3 step 120/140 loss=1.0699
09:37:39 | INFO    | holoqpi.engine.trainer |   new best composite=0.7209
09:37:39 | INFO    | holoqpi.engine.trainer | epoch 3/60 (58s = 13s train + 44s val) | train_loss=0.9467  val_phase_mae=0.1999  val_dice=0.7380  val_cls_acc=0.5039  val_mass_mape=0.2980
09:37:39 | INFO    | holoqpi.engine.trainer |   epoch 4 step 0/140 loss=0.8765
09:37:41 | INFO    | holoqpi.engine.trainer |   epoch 4 step 20/140 loss=1.0111
09:37:43 | INFO    | holoqpi.engine.trainer |   epoch 4 step 40/140 loss=0.9154
09:37:45 | INFO    | holoqpi.engine.trainer |   epoch 4 step 60/140 loss=1.3064
09:37:47 | INFO    | holoqpi.engine.trainer |   epoch 4 step 80/140 loss=0.9231
09:37:49 | INFO    | holoqpi.engine.trainer |   epoch 4 step 100/140 loss=0.9086
09:37:50 | INFO    | holoqpi.engine.trainer |   epoch 4 step 120/140 loss=0.7775
09:38:37 | INFO    | holoqpi.engine.trainer | epoch 4/60 (58s = 13s train + 45s val) | train_loss=0.9299  val_phase_mae=0.2007  val_dice=0.7423  val_cls_acc=0.5669  val_mass_mape=0.3373
09:38:37 | INFO    | holoqpi.engine.trainer |   epoch 5 step 0/140 loss=0.7893
09:38:39 | INFO    | holoqpi.engine.trainer |   epoch 5 step 20/140 loss=0.7264
09:38:41 | INFO    | holoqpi.engine.trainer |   epoch 5 step 40/140 loss=0.8208
09:38:42 | INFO    | holoqpi.engine.trainer |   epoch 5 step 60/140 loss=1.0809
09:38:44 | INFO    | holoqpi.engine.trainer |   epoch 5 step 80/140 loss=0.9876
09:38:46 | INFO    | holoqpi.engine.trainer |   epoch 5 step 100/140 loss=0.8270
09:38:48 | INFO    | holoqpi.engine.trainer |   epoch 5 step 120/140 loss=0.9567
09:39:34 | INFO    | holoqpi.engine.trainer |   new best composite=0.7396
09:39:34 | INFO    | holoqpi.engine.trainer | epoch 5/60 (57s = 13s train + 44s val) | train_loss=0.8993  val_phase_mae=0.1927  val_dice=0.7547  val_cls_acc=0.5433  val_mass_mape=0.2696
09:39:35 | INFO    | holoqpi.engine.trainer |   epoch 6 step 0/140 loss=1.1683
09:39:36 | INFO    | holoqpi.engine.trainer |   epoch 6 step 20/140 loss=0.9788
09:39:38 | INFO    | holoqpi.engine.trainer |   epoch 6 step 40/140 loss=0.8017
09:39:40 | INFO    | holoqpi.engine.trainer |   epoch 6 step 60/140 loss=0.6241
09:39:42 | INFO    | holoqpi.engine.trainer |   epoch 6 step 80/140 loss=0.7052
09:39:43 | INFO    | holoqpi.engine.trainer |   epoch 6 step 100/140 loss=0.7258
09:39:45 | INFO    | holoqpi.engine.trainer |   epoch 6 step 120/140 loss=0.7423
09:40:31 | INFO    | holoqpi.engine.trainer | epoch 6/60 (57s = 13s train + 44s val) | train_loss=0.8790  val_phase_mae=0.1950  val_dice=0.7465  val_cls_acc=0.6063  val_mass_mape=0.2743
09:40:32 | INFO    | holoqpi.engine.trainer |   epoch 7 step 0/140 loss=0.7239
09:40:34 | INFO    | holoqpi.engine.trainer |   epoch 7 step 20/140 loss=0.8942
09:40:35 | INFO    | holoqpi.engine.trainer |   epoch 7 step 40/140 loss=0.9809
09:40:37 | INFO    | holoqpi.engine.trainer |   epoch 7 step 60/140 loss=0.8611
09:40:39 | INFO    | holoqpi.engine.trainer |   epoch 7 step 80/140 loss=0.7471
09:40:41 | INFO    | holoqpi.engine.trainer |   epoch 7 step 100/140 loss=0.9705
09:40:43 | INFO    | holoqpi.engine.trainer |   epoch 7 step 120/140 loss=0.9421
09:41:29 | INFO    | holoqpi.engine.trainer | epoch 7/60 (57s = 13s train + 44s val) | train_loss=0.8608  val_phase_mae=0.2163  val_dice=0.7372  val_cls_acc=0.5591  val_mass_mape=0.5226
09:41:29 | INFO    | holoqpi.engine.trainer |   epoch 8 step 0/140 loss=0.8043
09:41:31 | INFO    | holoqpi.engine.trainer |   epoch 8 step 20/140 loss=0.9650
09:41:32 | INFO    | holoqpi.engine.trainer |   epoch 8 step 40/140 loss=0.8665
09:41:34 | INFO    | holoqpi.engine.trainer |   epoch 8 step 60/140 loss=0.7007
09:41:36 | INFO    | holoqpi.engine.trainer |   epoch 8 step 80/140 loss=1.0960
09:41:38 | INFO    | holoqpi.engine.trainer |   epoch 8 step 100/140 loss=0.8233
09:41:40 | INFO    | holoqpi.engine.trainer |   epoch 8 step 120/140 loss=0.7910
09:42:25 | INFO    | holoqpi.engine.trainer | epoch 8/60 (57s = 13s train + 44s val) | train_loss=0.8586  val_phase_mae=0.2045  val_dice=0.7383  val_cls_acc=0.6535  val_mass_mape=0.2657
09:42:26 | INFO    | holoqpi.engine.trainer |   epoch 9 step 0/140 loss=0.8669
09:42:28 | INFO    | holoqpi.engine.trainer |   epoch 9 step 20/140 loss=0.6431
09:42:30 | INFO    | holoqpi.engine.trainer |   epoch 9 step 40/140 loss=0.9779
09:42:31 | INFO    | holoqpi.engine.trainer |   epoch 9 step 60/140 loss=0.9088
09:42:33 | INFO    | holoqpi.engine.trainer |   epoch 9 step 80/140 loss=0.8113
09:42:35 | INFO    | holoqpi.engine.trainer |   epoch 9 step 100/140 loss=0.7001
09:42:37 | INFO    | holoqpi.engine.trainer |   epoch 9 step 120/140 loss=0.8463
09:43:23 | INFO    | holoqpi.engine.trainer | epoch 9/60 (58s = 13s train + 45s val) | train_loss=0.8521  val_phase_mae=0.1900  val_dice=0.7457  val_cls_acc=0.5906  val_mass_mape=0.2521
09:43:24 | INFO    | holoqpi.engine.trainer |   epoch 10 step 0/140 loss=0.8448
09:43:25 | INFO    | holoqpi.engine.trainer |   epoch 10 step 20/140 loss=0.6919
09:43:27 | INFO    | holoqpi.engine.trainer |   epoch 10 step 40/140 loss=1.0103
09:43:29 | INFO    | holoqpi.engine.trainer |   epoch 10 step 60/140 loss=0.8864
09:43:31 | INFO    | holoqpi.engine.trainer |   epoch 10 step 80/140 loss=1.0405
09:43:32 | INFO    | holoqpi.engine.trainer |   epoch 10 step 100/140 loss=1.0391
09:43:34 | INFO    | holoqpi.engine.trainer |   epoch 10 step 120/140 loss=0.8324
09:44:20 | INFO    | holoqpi.engine.trainer |   new best composite=0.7497
09:44:20 | INFO    | holoqpi.engine.trainer | epoch 10/60 (57s = 13s train + 44s val) | train_loss=0.8612  val_phase_mae=0.1879  val_dice=0.7588  val_cls_acc=0.5748  val_mass_mape=0.2434
09:44:21 | INFO    | holoqpi.engine.trainer |   epoch 11 step 0/140 loss=0.7923
09:44:23 | INFO    | holoqpi.engine.trainer |   epoch 11 step 20/140 loss=0.8246
09:44:25 | INFO    | holoqpi.engine.trainer |   epoch 11 step 40/140 loss=0.9182
09:44:26 | INFO    | holoqpi.engine.trainer |   epoch 11 step 60/140 loss=0.6627
09:44:28 | INFO    | holoqpi.engine.trainer |   epoch 11 step 80/140 loss=0.6705
09:44:30 | INFO    | holoqpi.engine.trainer |   epoch 11 step 100/140 loss=0.6493
09:44:32 | INFO    | holoqpi.engine.trainer |   epoch 11 step 120/140 loss=0.7662
09:45:18 | INFO    | holoqpi.engine.trainer | epoch 11/60 (58s = 13s train + 45s val) | train_loss=0.8360  val_phase_mae=0.1983  val_dice=0.7468  val_cls_acc=0.6378  val_mass_mape=0.2640
09:45:19 | INFO    | holoqpi.engine.trainer |   epoch 12 step 0/140 loss=0.6966
09:45:20 | INFO    | holoqpi.engine.trainer |   epoch 12 step 20/140 loss=1.2185
09:45:22 | INFO    | holoqpi.engine.trainer |   epoch 12 step 40/140 loss=0.7450
09:45:24 | INFO    | holoqpi.engine.trainer |   epoch 12 step 60/140 loss=1.3877
09:45:26 | INFO    | holoqpi.engine.trainer |   epoch 12 step 80/140 loss=1.0384
09:45:28 | INFO    | holoqpi.engine.trainer |   epoch 12 step 100/140 loss=0.6605
09:45:29 | INFO    | holoqpi.engine.trainer |   epoch 12 step 120/140 loss=0.6371
09:46:16 | INFO    | holoqpi.engine.trainer | epoch 12/60 (58s = 13s train + 45s val) | train_loss=0.8259  val_phase_mae=0.1977  val_dice=0.7386  val_cls_acc=0.6535  val_mass_mape=0.2682
09:46:17 | INFO    | holoqpi.engine.trainer |   epoch 13 step 0/140 loss=0.8434
09:46:19 | INFO    | holoqpi.engine.trainer |   epoch 13 step 20/140 loss=0.8189
09:46:20 | INFO    | holoqpi.engine.trainer |   epoch 13 step 40/140 loss=1.1019
09:46:22 | INFO    | holoqpi.engine.trainer |   epoch 13 step 60/140 loss=0.8158
09:46:24 | INFO    | holoqpi.engine.trainer |   epoch 13 step 80/140 loss=1.1373
09:46:26 | INFO    | holoqpi.engine.trainer |   epoch 13 step 100/140 loss=0.8179
09:46:28 | INFO    | holoqpi.engine.trainer |   epoch 13 step 120/140 loss=0.7992
09:47:13 | INFO    | holoqpi.engine.trainer | epoch 13/60 (57s = 13s train + 44s val) | train_loss=0.8344  val_phase_mae=0.1900  val_dice=0.7579  val_cls_acc=0.4882  val_mass_mape=0.2712
09:47:14 | INFO    | holoqpi.engine.trainer |   epoch 14 step 0/140 loss=0.8384
09:47:16 | INFO    | holoqpi.engine.trainer |   epoch 14 step 20/140 loss=0.9772
09:47:17 | INFO    | holoqpi.engine.trainer |   epoch 14 step 40/140 loss=0.9005
09:47:19 | INFO    | holoqpi.engine.trainer |   epoch 14 step 60/140 loss=0.6517
09:47:21 | INFO    | holoqpi.engine.trainer |   epoch 14 step 80/140 loss=0.9895
09:47:23 | INFO    | holoqpi.engine.trainer |   epoch 14 step 100/140 loss=0.6634
09:47:24 | INFO    | holoqpi.engine.trainer |   epoch 14 step 120/140 loss=0.7282
09:48:10 | INFO    | holoqpi.engine.trainer | epoch 14/60 (57s = 13s train + 44s val) | train_loss=0.8247  val_phase_mae=0.1890  val_dice=0.7544  val_cls_acc=0.5906  val_mass_mape=0.2415
09:48:10 | INFO    | holoqpi.engine.trainer |   epoch 15 step 0/140 loss=0.7238
09:48:12 | INFO    | holoqpi.engine.trainer |   epoch 15 step 20/140 loss=0.6468
09:48:14 | INFO    | holoqpi.engine.trainer |   epoch 15 step 40/140 loss=0.5806
09:48:16 | INFO    | holoqpi.engine.trainer |   epoch 15 step 60/140 loss=0.9889
09:48:18 | INFO    | holoqpi.engine.trainer |   epoch 15 step 80/140 loss=1.0362
09:48:20 | INFO    | holoqpi.engine.trainer |   epoch 15 step 100/140 loss=0.6624
09:48:22 | INFO    | holoqpi.engine.trainer |   epoch 15 step 120/140 loss=0.7434
09:49:07 | INFO    | holoqpi.engine.trainer | epoch 15/60 (57s = 13s train + 44s val) | train_loss=0.8095  val_phase_mae=0.1911  val_dice=0.7521  val_cls_acc=0.5748  val_mass_mape=0.2735
09:49:07 | INFO    | holoqpi.engine.trainer |   epoch 16 step 0/140 loss=0.9166
09:49:09 | INFO    | holoqpi.engine.trainer |   epoch 16 step 20/140 loss=0.9783
09:49:11 | INFO    | holoqpi.engine.trainer |   epoch 16 step 40/140 loss=0.6573
09:49:13 | INFO    | holoqpi.engine.trainer |   epoch 16 step 60/140 loss=0.7553
09:49:14 | INFO    | holoqpi.engine.trainer |   epoch 16 step 80/140 loss=0.7080
09:49:16 | INFO    | holoqpi.engine.trainer |   epoch 16 step 100/140 loss=1.0537
09:49:18 | INFO    | holoqpi.engine.trainer |   epoch 16 step 120/140 loss=0.8323
09:50:04 | INFO    | holoqpi.engine.trainer | epoch 16/60 (57s = 13s train + 44s val) | train_loss=0.8077  val_phase_mae=0.1901  val_dice=0.7553  val_cls_acc=0.5984  val_mass_mape=0.2546
09:50:04 | INFO    | holoqpi.engine.trainer |   epoch 17 step 0/140 loss=1.0038
09:50:06 | INFO    | holoqpi.engine.trainer |   epoch 17 step 20/140 loss=1.1251
09:50:08 | INFO    | holoqpi.engine.trainer |   epoch 17 step 40/140 loss=1.2453
09:50:10 | INFO    | holoqpi.engine.trainer |   epoch 17 step 60/140 loss=0.6836
09:50:12 | INFO    | holoqpi.engine.trainer |   epoch 17 step 80/140 loss=0.6490
09:50:13 | INFO    | holoqpi.engine.trainer |   epoch 17 step 100/140 loss=1.1338
09:50:15 | INFO    | holoqpi.engine.trainer |   epoch 17 step 120/140 loss=0.6506
09:51:00 | INFO    | holoqpi.engine.trainer | epoch 17/60 (57s = 13s train + 44s val) | train_loss=0.7986  val_phase_mae=0.1892  val_dice=0.7515  val_cls_acc=0.6693  val_mass_mape=0.2471
09:51:01 | INFO    | holoqpi.engine.trainer |   epoch 18 step 0/140 loss=0.6016
09:51:02 | INFO    | holoqpi.engine.trainer |   epoch 18 step 20/140 loss=0.7547
09:51:04 | INFO    | holoqpi.engine.trainer |   epoch 18 step 40/140 loss=0.6185
09:51:06 | INFO    | holoqpi.engine.trainer |   epoch 18 step 60/140 loss=0.7288
09:51:08 | INFO    | holoqpi.engine.trainer |   epoch 18 step 80/140 loss=1.0530
09:51:10 | INFO    | holoqpi.engine.trainer |   epoch 18 step 100/140 loss=0.6904
09:51:11 | INFO    | holoqpi.engine.trainer |   epoch 18 step 120/140 loss=0.9323
09:51:56 | INFO    | holoqpi.engine.trainer | epoch 18/60 (56s = 13s train + 43s val) | train_loss=0.7884  val_phase_mae=0.1914  val_dice=0.7460  val_cls_acc=0.7008  val_mass_mape=0.2456
09:51:57 | INFO    | holoqpi.engine.trainer |   epoch 19 step 0/140 loss=0.5985
09:51:59 | INFO    | holoqpi.engine.trainer |   epoch 19 step 20/140 loss=0.6278
09:52:00 | INFO    | holoqpi.engine.trainer |   epoch 19 step 40/140 loss=0.7002
09:52:02 | INFO    | holoqpi.engine.trainer |   epoch 19 step 60/140 loss=0.7232
09:52:04 | INFO    | holoqpi.engine.trainer |   epoch 19 step 80/140 loss=0.8450
09:52:06 | INFO    | holoqpi.engine.trainer |   epoch 19 step 100/140 loss=0.6551
09:52:08 | INFO    | holoqpi.engine.trainer |   epoch 19 step 120/140 loss=0.9087
09:52:53 | INFO    | holoqpi.engine.trainer | epoch 19/60 (57s = 13s train + 44s val) | train_loss=0.7966  val_phase_mae=0.1890  val_dice=0.7656  val_cls_acc=0.6378  val_mass_mape=0.2768
09:52:54 | INFO    | holoqpi.engine.trainer |   epoch 20 step 0/140 loss=0.8175
09:52:56 | INFO    | holoqpi.engine.trainer |   epoch 20 step 20/140 loss=0.9293
09:52:57 | INFO    | holoqpi.engine.trainer |   epoch 20 step 40/140 loss=0.7830
09:52:59 | INFO    | holoqpi.engine.trainer |   epoch 20 step 60/140 loss=0.8240
09:53:01 | INFO    | holoqpi.engine.trainer |   epoch 20 step 80/140 loss=0.5637
09:53:03 | INFO    | holoqpi.engine.trainer |   epoch 20 step 100/140 loss=1.0003
09:53:05 | INFO    | holoqpi.engine.trainer |   epoch 20 step 120/140 loss=0.7737
09:53:51 | INFO    | holoqpi.engine.trainer | epoch 20/60 (57s = 13s train + 44s val) | train_loss=0.7823  val_phase_mae=0.1862  val_dice=0.7629  val_cls_acc=0.6772  val_mass_mape=0.2815
09:53:51 | INFO    | holoqpi.engine.trainer |   epoch 21 step 0/140 loss=0.7720
09:53:53 | INFO    | holoqpi.engine.trainer |   epoch 21 step 20/140 loss=0.8262
09:53:55 | INFO    | holoqpi.engine.trainer |   epoch 21 step 40/140 loss=0.9093
09:53:57 | INFO    | holoqpi.engine.trainer |   epoch 21 step 60/140 loss=0.6624
09:53:58 | INFO    | holoqpi.engine.trainer |   epoch 21 step 80/140 loss=0.7321
09:54:00 | INFO    | holoqpi.engine.trainer |   epoch 21 step 100/140 loss=0.6251
09:54:02 | INFO    | holoqpi.engine.trainer |   epoch 21 step 120/140 loss=0.6539
09:54:48 | INFO    | holoqpi.engine.trainer |   new best composite=0.7514
09:54:48 | INFO    | holoqpi.engine.trainer | epoch 21/60 (57s = 13s train + 44s val) | train_loss=0.7833  val_phase_mae=0.1870  val_dice=0.7580  val_cls_acc=0.6299  val_mass_mape=0.2399
09:54:48 | INFO    | holoqpi.engine.trainer |   epoch 22 step 0/140 loss=0.6585
09:54:50 | INFO    | holoqpi.engine.trainer |   epoch 22 step 20/140 loss=0.6707
09:54:52 | INFO    | holoqpi.engine.trainer |   epoch 22 step 40/140 loss=0.6359
09:54:54 | INFO    | holoqpi.engine.trainer |   epoch 22 step 60/140 loss=0.6441
09:54:56 | INFO    | holoqpi.engine.trainer |   epoch 22 step 80/140 loss=0.6499
09:54:57 | INFO    | holoqpi.engine.trainer |   epoch 22 step 100/140 loss=0.7123
09:54:59 | INFO    | holoqpi.engine.trainer |   epoch 22 step 120/140 loss=1.3003
09:55:45 | INFO    | holoqpi.engine.trainer |   new best composite=0.7572
09:55:45 | INFO    | holoqpi.engine.trainer | epoch 22/60 (57s = 13s train + 44s val) | train_loss=0.7748  val_phase_mae=0.1828  val_dice=0.7677  val_cls_acc=0.6457  val_mass_mape=0.2412
09:55:46 | INFO    | holoqpi.engine.trainer |   epoch 23 step 0/140 loss=0.9324
09:55:47 | INFO    | holoqpi.engine.trainer |   epoch 23 step 20/140 loss=0.7109
09:55:49 | INFO    | holoqpi.engine.trainer |   epoch 23 step 40/140 loss=0.7797
09:55:51 | INFO    | holoqpi.engine.trainer |   epoch 23 step 60/140 loss=0.9960
09:55:53 | INFO    | holoqpi.engine.trainer |   epoch 23 step 80/140 loss=1.1402
09:55:55 | INFO    | holoqpi.engine.trainer |   epoch 23 step 100/140 loss=0.6789
09:55:56 | INFO    | holoqpi.engine.trainer |   epoch 23 step 120/140 loss=1.0552
09:56:42 | INFO    | holoqpi.engine.trainer | epoch 23/60 (57s = 13s train + 44s val) | train_loss=0.7735  val_phase_mae=0.1888  val_dice=0.7599  val_cls_acc=0.7008  val_mass_mape=0.2590
09:56:43 | INFO    | holoqpi.engine.trainer |   epoch 24 step 0/140 loss=0.7035
09:56:44 | INFO    | holoqpi.engine.trainer |   epoch 24 step 20/140 loss=0.5507
09:56:46 | INFO    | holoqpi.engine.trainer |   epoch 24 step 40/140 loss=0.6553
09:56:48 | INFO    | holoqpi.engine.trainer |   epoch 24 step 60/140 loss=0.7803
09:56:50 | INFO    | holoqpi.engine.trainer |   epoch 24 step 80/140 loss=0.6166
09:56:51 | INFO    | holoqpi.engine.trainer |   epoch 24 step 100/140 loss=0.9239
09:56:53 | INFO    | holoqpi.engine.trainer |   epoch 24 step 120/140 loss=0.9124
09:57:39 | INFO    | holoqpi.engine.trainer | epoch 24/60 (57s = 13s train + 44s val) | train_loss=0.7721  val_phase_mae=0.1883  val_dice=0.7533  val_cls_acc=0.6378  val_mass_mape=0.2421
09:57:39 | INFO    | holoqpi.engine.trainer |   epoch 25 step 0/140 loss=0.7597
09:57:41 | INFO    | holoqpi.engine.trainer |   epoch 25 step 20/140 loss=0.6752
09:57:43 | INFO    | holoqpi.engine.trainer |   epoch 25 step 40/140 loss=0.6343
09:57:44 | INFO    | holoqpi.engine.trainer |   epoch 25 step 60/140 loss=0.6442
09:57:46 | INFO    | holoqpi.engine.trainer |   epoch 25 step 80/140 loss=0.8763
09:57:48 | INFO    | holoqpi.engine.trainer |   epoch 25 step 100/140 loss=0.7929
09:57:50 | INFO    | holoqpi.engine.trainer |   epoch 25 step 120/140 loss=1.5734
09:58:36 | INFO    | holoqpi.engine.trainer | epoch 25/60 (57s = 13s train + 44s val) | train_loss=0.7694  val_phase_mae=0.1928  val_dice=0.7520  val_cls_acc=0.6457  val_mass_mape=0.2754
09:58:36 | INFO    | holoqpi.engine.trainer |   epoch 26 step 0/140 loss=0.7544
09:58:38 | INFO    | holoqpi.engine.trainer |   epoch 26 step 20/140 loss=0.5782
09:58:40 | INFO    | holoqpi.engine.trainer |   epoch 26 step 40/140 loss=0.6827
09:58:41 | INFO    | holoqpi.engine.trainer |   epoch 26 step 60/140 loss=0.7660
09:58:43 | INFO    | holoqpi.engine.trainer |   epoch 26 step 80/140 loss=0.8447
09:58:45 | INFO    | holoqpi.engine.trainer |   epoch 26 step 100/140 loss=0.7126
09:58:47 | INFO    | holoqpi.engine.trainer |   epoch 26 step 120/140 loss=0.6636
09:59:33 | INFO    | holoqpi.engine.trainer |   new best composite=0.7578
09:59:33 | INFO    | holoqpi.engine.trainer | epoch 26/60 (57s = 13s train + 44s val) | train_loss=0.7572  val_phase_mae=0.1805  val_dice=0.7693  val_cls_acc=0.7402  val_mass_mape=0.2433
09:59:33 | INFO    | holoqpi.engine.trainer |   epoch 27 step 0/140 loss=0.6494
09:59:35 | INFO    | holoqpi.engine.trainer |   epoch 27 step 20/140 loss=0.5870
09:59:37 | INFO    | holoqpi.engine.trainer |   epoch 27 step 40/140 loss=0.8745
09:59:38 | INFO    | holoqpi.engine.trainer |   epoch 27 step 60/140 loss=0.8286
09:59:40 | INFO    | holoqpi.engine.trainer |   epoch 27 step 80/140 loss=0.5922
09:59:42 | INFO    | holoqpi.engine.trainer |   epoch 27 step 100/140 loss=0.8602
09:59:44 | INFO    | holoqpi.engine.trainer |   epoch 27 step 120/140 loss=0.5485
10:00:29 | INFO    | holoqpi.engine.trainer | epoch 27/60 (57s = 13s train + 44s val) | train_loss=0.7452  val_phase_mae=0.1872  val_dice=0.7598  val_cls_acc=0.7323  val_mass_mape=0.2650
10:00:30 | INFO    | holoqpi.engine.trainer |   epoch 28 step 0/140 loss=0.6731
10:00:32 | INFO    | holoqpi.engine.trainer |   epoch 28 step 20/140 loss=0.7067
10:00:33 | INFO    | holoqpi.engine.trainer |   epoch 28 step 40/140 loss=0.6974
10:00:35 | INFO    | holoqpi.engine.trainer |   epoch 28 step 60/140 loss=0.6497
10:00:37 | INFO    | holoqpi.engine.trainer |   epoch 28 step 80/140 loss=0.6777
10:00:39 | INFO    | holoqpi.engine.trainer |   epoch 28 step 100/140 loss=0.7880
10:00:41 | INFO    | holoqpi.engine.trainer |   epoch 28 step 120/140 loss=0.5413
10:01:27 | INFO    | holoqpi.engine.trainer | epoch 28/60 (57s = 13s train + 44s val) | train_loss=0.7459  val_phase_mae=0.1851  val_dice=0.7636  val_cls_acc=0.7087  val_mass_mape=0.2519
10:01:27 | INFO    | holoqpi.engine.trainer |   epoch 29 step 0/140 loss=0.6763
10:01:29 | INFO    | holoqpi.engine.trainer |   epoch 29 step 20/140 loss=0.9150
10:01:31 | INFO    | holoqpi.engine.trainer |   epoch 29 step 40/140 loss=0.7805
10:01:33 | INFO    | holoqpi.engine.trainer |   epoch 29 step 60/140 loss=0.6139
10:01:34 | INFO    | holoqpi.engine.trainer |   epoch 29 step 80/140 loss=1.1238
10:01:36 | INFO    | holoqpi.engine.trainer |   epoch 29 step 100/140 loss=0.6653
10:01:38 | INFO    | holoqpi.engine.trainer |   epoch 29 step 120/140 loss=0.6440
10:02:24 | INFO    | holoqpi.engine.trainer | epoch 29/60 (57s = 13s train + 44s val) | train_loss=0.7250  val_phase_mae=0.1840  val_dice=0.7640  val_cls_acc=0.7087  val_mass_mape=0.2343
10:02:24 | INFO    | holoqpi.engine.trainer |   epoch 30 step 0/140 loss=0.5325
10:02:26 | INFO    | holoqpi.engine.trainer |   epoch 30 step 20/140 loss=0.6791
10:02:28 | INFO    | holoqpi.engine.trainer |   epoch 30 step 40/140 loss=2.0260
10:02:30 | INFO    | holoqpi.engine.trainer |   epoch 30 step 60/140 loss=0.6712
10:02:31 | INFO    | holoqpi.engine.trainer |   epoch 30 step 80/140 loss=0.6358
10:02:33 | INFO    | holoqpi.engine.trainer |   epoch 30 step 100/140 loss=0.7714
10:02:35 | INFO    | holoqpi.engine.trainer |   epoch 30 step 120/140 loss=0.9255
10:03:21 | INFO    | holoqpi.engine.trainer | epoch 30/60 (57s = 13s train + 44s val) | train_loss=0.7407  val_phase_mae=0.1831  val_dice=0.7667  val_cls_acc=0.7165  val_mass_mape=0.2514
10:03:21 | INFO    | holoqpi.engine.trainer |   epoch 31 step 0/140 loss=0.7918
10:03:23 | INFO    | holoqpi.engine.trainer |   epoch 31 step 20/140 loss=0.6602
10:03:25 | INFO    | holoqpi.engine.trainer |   epoch 31 step 40/140 loss=0.7585
10:03:27 | INFO    | holoqpi.engine.trainer |   epoch 31 step 60/140 loss=0.5792
10:03:29 | INFO    | holoqpi.engine.trainer |   epoch 31 step 80/140 loss=0.6191
10:03:30 | INFO    | holoqpi.engine.trainer |   epoch 31 step 100/140 loss=0.8373
10:03:32 | INFO    | holoqpi.engine.trainer |   epoch 31 step 120/140 loss=0.5617
10:04:17 | INFO    | holoqpi.engine.trainer | epoch 31/60 (56s = 13s train + 44s val) | train_loss=0.7314  val_phase_mae=0.1867  val_dice=0.7564  val_cls_acc=0.7244  val_mass_mape=0.2450
10:04:18 | INFO    | holoqpi.engine.trainer |   epoch 32 step 0/140 loss=0.5180
10:04:20 | INFO    | holoqpi.engine.trainer |   epoch 32 step 20/140 loss=1.0233
10:04:21 | INFO    | holoqpi.engine.trainer |   epoch 32 step 40/140 loss=0.6891
10:04:23 | INFO    | holoqpi.engine.trainer |   epoch 32 step 60/140 loss=0.6960
10:04:25 | INFO    | holoqpi.engine.trainer |   epoch 32 step 80/140 loss=0.6385
10:04:27 | INFO    | holoqpi.engine.trainer |   epoch 32 step 100/140 loss=0.9293
10:04:28 | INFO    | holoqpi.engine.trainer |   epoch 32 step 120/140 loss=1.3628
10:05:14 | INFO    | holoqpi.engine.trainer |   new best composite=0.7630
10:05:14 | INFO    | holoqpi.engine.trainer | epoch 32/60 (57s = 13s train + 44s val) | train_loss=0.7333  val_phase_mae=0.1817  val_dice=0.7682  val_cls_acc=0.7244  val_mass_mape=0.2262
10:05:15 | INFO    | holoqpi.engine.trainer |   epoch 33 step 0/140 loss=0.5642
10:05:17 | INFO    | holoqpi.engine.trainer |   epoch 33 step 20/140 loss=0.6451
10:05:19 | INFO    | holoqpi.engine.trainer |   epoch 33 step 40/140 loss=0.6940
10:05:20 | INFO    | holoqpi.engine.trainer |   epoch 33 step 60/140 loss=0.6499
10:05:22 | INFO    | holoqpi.engine.trainer |   epoch 33 step 80/140 loss=0.7259
10:05:24 | INFO    | holoqpi.engine.trainer |   epoch 33 step 100/140 loss=0.6843
10:05:26 | INFO    | holoqpi.engine.trainer |   epoch 33 step 120/140 loss=0.5074
10:06:11 | INFO    | holoqpi.engine.trainer | epoch 33/60 (57s = 13s train + 44s val) | train_loss=0.7265  val_phase_mae=0.1819  val_dice=0.7703  val_cls_acc=0.7165  val_mass_mape=0.2719
10:06:12 | INFO    | holoqpi.engine.trainer |   epoch 34 step 0/140 loss=1.0321
10:06:14 | INFO    | holoqpi.engine.trainer |   epoch 34 step 20/140 loss=0.6669
10:06:15 | INFO    | holoqpi.engine.trainer |   epoch 34 step 40/140 loss=0.5025
10:06:17 | INFO    | holoqpi.engine.trainer |   epoch 34 step 60/140 loss=0.6212
10:06:19 | INFO    | holoqpi.engine.trainer |   epoch 34 step 80/140 loss=0.6478
10:06:21 | INFO    | holoqpi.engine.trainer |   epoch 34 step 100/140 loss=0.8881
10:06:23 | INFO    | holoqpi.engine.trainer |   epoch 34 step 120/140 loss=0.5277
10:07:08 | INFO    | holoqpi.engine.trainer | epoch 34/60 (57s = 13s train + 44s val) | train_loss=0.7115  val_phase_mae=0.1862  val_dice=0.7632  val_cls_acc=0.7795  val_mass_mape=0.2646
10:07:09 | INFO    | holoqpi.engine.trainer |   epoch 35 step 0/140 loss=0.5294
10:07:11 | INFO    | holoqpi.engine.trainer |   epoch 35 step 20/140 loss=0.6082
10:07:12 | INFO    | holoqpi.engine.trainer |   epoch 35 step 40/140 loss=1.2047
10:07:14 | INFO    | holoqpi.engine.trainer |   epoch 35 step 60/140 loss=0.8856
10:07:16 | INFO    | holoqpi.engine.trainer |   epoch 35 step 80/140 loss=0.7594
10:07:18 | INFO    | holoqpi.engine.trainer |   epoch 35 step 100/140 loss=0.6920
10:07:20 | INFO    | holoqpi.engine.trainer |   epoch 35 step 120/140 loss=0.6535
10:08:05 | INFO    | holoqpi.engine.trainer | epoch 35/60 (57s = 13s train + 44s val) | train_loss=0.7043  val_phase_mae=0.1816  val_dice=0.7654  val_cls_acc=0.7559  val_mass_mape=0.2258
10:08:05 | INFO    | holoqpi.engine.trainer |   epoch 36 step 0/140 loss=0.5736
10:08:07 | INFO    | holoqpi.engine.trainer |   epoch 36 step 20/140 loss=0.7868
10:08:09 | INFO    | holoqpi.engine.trainer |   epoch 36 step 40/140 loss=0.5191
10:08:11 | INFO    | holoqpi.engine.trainer |   epoch 36 step 60/140 loss=0.6206
10:08:13 | INFO    | holoqpi.engine.trainer |   epoch 36 step 80/140 loss=1.1835
10:08:14 | INFO    | holoqpi.engine.trainer |   epoch 36 step 100/140 loss=1.1701
10:08:16 | INFO    | holoqpi.engine.trainer |   epoch 36 step 120/140 loss=0.7471
10:09:03 | INFO    | holoqpi.engine.trainer | epoch 36/60 (58s = 13s train + 45s val) | train_loss=0.7120  val_phase_mae=0.1830  val_dice=0.7658  val_cls_acc=0.7087  val_mass_mape=0.2406
10:09:03 | INFO    | holoqpi.engine.trainer |   epoch 37 step 0/140 loss=1.0038
10:09:05 | INFO    | holoqpi.engine.trainer |   epoch 37 step 20/140 loss=0.6070
10:09:07 | INFO    | holoqpi.engine.trainer |   epoch 37 step 40/140 loss=0.5375
10:09:09 | INFO    | holoqpi.engine.trainer |   epoch 37 step 60/140 loss=0.7178
10:09:10 | INFO    | holoqpi.engine.trainer |   epoch 37 step 80/140 loss=0.6793
10:09:12 | INFO    | holoqpi.engine.trainer |   epoch 37 step 100/140 loss=0.5377
10:09:14 | INFO    | holoqpi.engine.trainer |   epoch 37 step 120/140 loss=0.5302
10:10:00 | INFO    | holoqpi.engine.trainer | epoch 37/60 (57s = 13s train + 44s val) | train_loss=0.6987  val_phase_mae=0.1828  val_dice=0.7629  val_cls_acc=0.7244  val_mass_mape=0.2287
10:10:00 | INFO    | holoqpi.engine.trainer |   epoch 38 step 0/140 loss=0.7109
10:10:02 | INFO    | holoqpi.engine.trainer |   epoch 38 step 20/140 loss=0.7599
10:10:04 | INFO    | holoqpi.engine.trainer |   epoch 38 step 40/140 loss=0.6157
10:10:06 | INFO    | holoqpi.engine.trainer |   epoch 38 step 60/140 loss=0.6607
10:10:07 | INFO    | holoqpi.engine.trainer |   epoch 38 step 80/140 loss=0.6007
10:10:09 | INFO    | holoqpi.engine.trainer |   epoch 38 step 100/140 loss=0.6543
10:10:11 | INFO    | holoqpi.engine.trainer |   epoch 38 step 120/140 loss=0.5216
10:10:57 | INFO    | holoqpi.engine.trainer | epoch 38/60 (58s = 13s train + 44s val) | train_loss=0.7040  val_phase_mae=0.1845  val_dice=0.7606  val_cls_acc=0.7165  val_mass_mape=0.2283
10:10:58 | INFO    | holoqpi.engine.trainer |   epoch 39 step 0/140 loss=0.6315
10:11:00 | INFO    | holoqpi.engine.trainer |   epoch 39 step 20/140 loss=0.4924
10:11:01 | INFO    | holoqpi.engine.trainer |   epoch 39 step 40/140 loss=0.7868
10:11:03 | INFO    | holoqpi.engine.trainer |   epoch 39 step 60/140 loss=0.6395
10:11:05 | INFO    | holoqpi.engine.trainer |   epoch 39 step 80/140 loss=0.5058
10:11:07 | INFO    | holoqpi.engine.trainer |   epoch 39 step 100/140 loss=0.5587
10:11:09 | INFO    | holoqpi.engine.trainer |   epoch 39 step 120/140 loss=0.7372
10:11:54 | INFO    | holoqpi.engine.trainer | epoch 39/60 (57s = 13s train + 44s val) | train_loss=0.6986  val_phase_mae=0.1850  val_dice=0.7605  val_cls_acc=0.7717  val_mass_mape=0.2416
10:11:55 | INFO    | holoqpi.engine.trainer |   epoch 40 step 0/140 loss=1.0034
10:11:57 | INFO    | holoqpi.engine.trainer |   epoch 40 step 20/140 loss=0.6456
10:11:59 | INFO    | holoqpi.engine.trainer |   epoch 40 step 40/140 loss=1.3078
10:12:01 | INFO    | holoqpi.engine.trainer |   epoch 40 step 60/140 loss=0.5646
10:12:02 | INFO    | holoqpi.engine.trainer |   epoch 40 step 80/140 loss=0.9112
10:12:04 | INFO    | holoqpi.engine.trainer |   epoch 40 step 100/140 loss=0.8110
10:12:06 | INFO    | holoqpi.engine.trainer |   epoch 40 step 120/140 loss=0.5159
10:12:52 | INFO    | holoqpi.engine.trainer | epoch 40/60 (57s = 13s train + 44s val) | train_loss=0.6928  val_phase_mae=0.1836  val_dice=0.7646  val_cls_acc=0.7795  val_mass_mape=0.2493
10:12:52 | INFO    | holoqpi.engine.trainer |   epoch 41 step 0/140 loss=0.6861
10:12:54 | INFO    | holoqpi.engine.trainer |   epoch 41 step 20/140 loss=0.4788
10:12:56 | INFO    | holoqpi.engine.trainer |   epoch 41 step 40/140 loss=0.5774
10:12:58 | INFO    | holoqpi.engine.trainer |   epoch 41 step 60/140 loss=0.7726
10:13:00 | INFO    | holoqpi.engine.trainer |   epoch 41 step 80/140 loss=0.7774
10:13:01 | INFO    | holoqpi.engine.trainer |   epoch 41 step 100/140 loss=0.7733
10:13:03 | INFO    | holoqpi.engine.trainer |   epoch 41 step 120/140 loss=0.5837
10:13:49 | INFO    | holoqpi.engine.trainer | epoch 41/60 (58s = 13s train + 45s val) | train_loss=0.6896  val_phase_mae=0.1833  val_dice=0.7642  val_cls_acc=0.7480  val_mass_mape=0.2430
10:13:50 | INFO    | holoqpi.engine.trainer |   epoch 42 step 0/140 loss=0.5544
10:13:52 | INFO    | holoqpi.engine.trainer |   epoch 42 step 20/140 loss=0.5077
10:13:54 | INFO    | holoqpi.engine.trainer |   epoch 42 step 40/140 loss=0.5477
10:13:55 | INFO    | holoqpi.engine.trainer |   epoch 42 step 60/140 loss=0.9077
10:13:57 | INFO    | holoqpi.engine.trainer |   epoch 42 step 80/140 loss=1.5229
10:13:59 | INFO    | holoqpi.engine.trainer |   epoch 42 step 100/140 loss=0.9056
10:14:01 | INFO    | holoqpi.engine.trainer |   epoch 42 step 120/140 loss=0.6415
10:14:47 | INFO    | holoqpi.engine.trainer | epoch 42/60 (57s = 13s train + 44s val) | train_loss=0.6739  val_phase_mae=0.1814  val_dice=0.7712  val_cls_acc=0.8031  val_mass_mape=0.2357
10:14:47 | INFO    | holoqpi.engine.trainer |   epoch 43 step 0/140 loss=0.4898
10:14:49 | INFO    | holoqpi.engine.trainer |   epoch 43 step 20/140 loss=0.5881
10:14:51 | INFO    | holoqpi.engine.trainer |   epoch 43 step 40/140 loss=1.4877
10:14:53 | INFO    | holoqpi.engine.trainer |   epoch 43 step 60/140 loss=0.6647
10:14:55 | INFO    | holoqpi.engine.trainer |   epoch 43 step 80/140 loss=0.6875
10:14:57 | INFO    | holoqpi.engine.trainer |   epoch 43 step 100/140 loss=0.4671
10:14:58 | INFO    | holoqpi.engine.trainer |   epoch 43 step 120/140 loss=0.9279
10:15:44 | INFO    | holoqpi.engine.trainer | epoch 43/60 (57s = 13s train + 44s val) | train_loss=0.6896  val_phase_mae=0.1809  val_dice=0.7678  val_cls_acc=0.7087  val_mass_mape=0.2342
10:15:45 | INFO    | holoqpi.engine.trainer |   epoch 44 step 0/140 loss=0.5201
10:15:46 | INFO    | holoqpi.engine.trainer |   epoch 44 step 20/140 loss=0.5487
10:15:48 | INFO    | holoqpi.engine.trainer |   epoch 44 step 40/140 loss=0.6977
10:15:50 | INFO    | holoqpi.engine.trainer |   epoch 44 step 60/140 loss=0.4597
10:15:52 | INFO    | holoqpi.engine.trainer |   epoch 44 step 80/140 loss=0.8092
10:15:54 | INFO    | holoqpi.engine.trainer |   epoch 44 step 100/140 loss=0.8270
10:15:56 | INFO    | holoqpi.engine.trainer |   epoch 44 step 120/140 loss=0.5576
10:16:41 | INFO    | holoqpi.engine.trainer | epoch 44/60 (57s = 13s train + 44s val) | train_loss=0.6732  val_phase_mae=0.1812  val_dice=0.7679  val_cls_acc=0.7638  val_mass_mape=0.2303
10:16:42 | INFO    | holoqpi.engine.trainer |   epoch 45 step 0/140 loss=0.6725
10:16:44 | INFO    | holoqpi.engine.trainer |   epoch 45 step 20/140 loss=0.4259
10:16:46 | INFO    | holoqpi.engine.trainer |   epoch 45 step 40/140 loss=0.7380
10:16:47 | INFO    | holoqpi.engine.trainer |   epoch 45 step 60/140 loss=0.6237
10:16:49 | INFO    | holoqpi.engine.trainer |   epoch 45 step 80/140 loss=0.8915
10:16:51 | INFO    | holoqpi.engine.trainer |   epoch 45 step 100/140 loss=0.6457
10:16:53 | INFO    | holoqpi.engine.trainer |   epoch 45 step 120/140 loss=0.8283
10:17:39 | INFO    | holoqpi.engine.trainer | epoch 45/60 (57s = 13s train + 45s val) | train_loss=0.6810  val_phase_mae=0.1805  val_dice=0.7699  val_cls_acc=0.7323  val_mass_mape=0.2330
10:17:39 | INFO    | holoqpi.engine.trainer |   epoch 46 step 0/140 loss=0.5734
10:17:41 | INFO    | holoqpi.engine.trainer |   epoch 46 step 20/140 loss=0.8959
10:17:43 | INFO    | holoqpi.engine.trainer |   epoch 46 step 40/140 loss=0.5577
10:17:45 | INFO    | holoqpi.engine.trainer |   epoch 46 step 60/140 loss=0.5822
10:17:46 | INFO    | holoqpi.engine.trainer |   epoch 46 step 80/140 loss=0.5520
10:17:48 | INFO    | holoqpi.engine.trainer |   epoch 46 step 100/140 loss=1.3058
10:17:50 | INFO    | holoqpi.engine.trainer |   epoch 46 step 120/140 loss=0.6057
10:18:36 | INFO    | holoqpi.engine.trainer | epoch 46/60 (57s = 13s train + 44s val) | train_loss=0.6628  val_phase_mae=0.1808  val_dice=0.7681  val_cls_acc=0.7559  val_mass_mape=0.2312
10:18:36 | INFO    | holoqpi.engine.trainer |   epoch 47 step 0/140 loss=0.5837
10:18:38 | INFO    | holoqpi.engine.trainer |   epoch 47 step 20/140 loss=0.5975
10:18:40 | INFO    | holoqpi.engine.trainer |   epoch 47 step 40/140 loss=0.4694
10:18:42 | INFO    | holoqpi.engine.trainer |   epoch 47 step 60/140 loss=0.5293
10:18:44 | INFO    | holoqpi.engine.trainer |   epoch 47 step 80/140 loss=0.7880
10:18:45 | INFO    | holoqpi.engine.trainer |   epoch 47 step 100/140 loss=0.5665
10:18:47 | INFO    | holoqpi.engine.trainer |   epoch 47 step 120/140 loss=0.8360
10:19:33 | INFO    | holoqpi.engine.trainer | epoch 47/60 (57s = 13s train + 44s val) | train_loss=0.6603  val_phase_mae=0.1810  val_dice=0.7691  val_cls_acc=0.7402  val_mass_mape=0.2361
10:19:34 | INFO    | holoqpi.engine.trainer |   epoch 48 step 0/140 loss=0.4854
10:19:35 | INFO    | holoqpi.engine.trainer |   epoch 48 step 20/140 loss=0.7599
10:19:37 | INFO    | holoqpi.engine.trainer |   epoch 48 step 40/140 loss=0.6625
10:19:39 | INFO    | holoqpi.engine.trainer |   epoch 48 step 60/140 loss=0.5647
10:19:41 | INFO    | holoqpi.engine.trainer |   epoch 48 step 80/140 loss=0.5910
10:19:43 | INFO    | holoqpi.engine.trainer |   epoch 48 step 100/140 loss=0.6189
10:19:44 | INFO    | holoqpi.engine.trainer |   epoch 48 step 120/140 loss=0.5247
10:20:30 | INFO    | holoqpi.engine.trainer | epoch 48/60 (57s = 13s train + 44s val) | train_loss=0.6532  val_phase_mae=0.1799  val_dice=0.7688  val_cls_acc=0.7402  val_mass_mape=0.2295
10:20:31 | INFO    | holoqpi.engine.trainer |   epoch 49 step 0/140 loss=0.6461
10:20:33 | INFO    | holoqpi.engine.trainer |   epoch 49 step 20/140 loss=0.5394
10:20:35 | INFO    | holoqpi.engine.trainer |   epoch 49 step 40/140 loss=0.5065
10:20:37 | INFO    | holoqpi.engine.trainer |   epoch 49 step 60/140 loss=0.7687
10:20:38 | INFO    | holoqpi.engine.trainer |   epoch 49 step 80/140 loss=0.5026
10:20:40 | INFO    | holoqpi.engine.trainer |   epoch 49 step 100/140 loss=0.6603
10:20:42 | INFO    | holoqpi.engine.trainer |   epoch 49 step 120/140 loss=0.8613
10:21:28 | INFO    | holoqpi.engine.trainer | epoch 49/60 (58s = 14s train + 44s val) | train_loss=0.6567  val_phase_mae=0.1814  val_dice=0.7677  val_cls_acc=0.7717  val_mass_mape=0.2305
10:21:28 | INFO    | holoqpi.engine.trainer |   epoch 50 step 0/140 loss=0.7801
10:21:30 | INFO    | holoqpi.engine.trainer |   epoch 50 step 20/140 loss=0.6919
10:21:32 | INFO    | holoqpi.engine.trainer |   epoch 50 step 40/140 loss=0.6738
10:21:34 | INFO    | holoqpi.engine.trainer |   epoch 50 step 60/140 loss=0.6211
10:21:36 | INFO    | holoqpi.engine.trainer |   epoch 50 step 80/140 loss=0.5046
10:21:37 | INFO    | holoqpi.engine.trainer |   epoch 50 step 100/140 loss=0.9216
10:21:39 | INFO    | holoqpi.engine.trainer |   epoch 50 step 120/140 loss=0.6005
10:22:25 | INFO    | holoqpi.engine.trainer | epoch 50/60 (57s = 13s train + 44s val) | train_loss=0.6617  val_phase_mae=0.1793  val_dice=0.7707  val_cls_acc=0.7795  val_mass_mape=0.2350
10:22:26 | INFO    | holoqpi.engine.trainer |   epoch 51 step 0/140 loss=0.5412
10:22:27 | INFO    | holoqpi.engine.trainer |   epoch 51 step 20/140 loss=0.5406
10:22:29 | INFO    | holoqpi.engine.trainer |   epoch 51 step 40/140 loss=0.5148
10:22:31 | INFO    | holoqpi.engine.trainer |   epoch 51 step 60/140 loss=0.5006
10:22:34 | INFO    | holoqpi.engine.trainer |   epoch 51 step 80/140 loss=0.5517
10:22:36 | INFO    | holoqpi.engine.trainer |   epoch 51 step 100/140 loss=0.4966
10:22:37 | INFO    | holoqpi.engine.trainer |   epoch 51 step 120/140 loss=0.4718
10:23:23 | INFO    | holoqpi.engine.trainer | epoch 51/60 (58s = 14s train + 44s val) | train_loss=0.6444  val_phase_mae=0.1798  val_dice=0.7691  val_cls_acc=0.7638  val_mass_mape=0.2308
10:23:24 | INFO    | holoqpi.engine.trainer |   epoch 52 step 0/140 loss=0.7184
10:23:26 | INFO    | holoqpi.engine.trainer |   epoch 52 step 20/140 loss=0.5360
10:23:28 | INFO    | holoqpi.engine.trainer |   epoch 52 step 40/140 loss=0.6443
10:23:30 | INFO    | holoqpi.engine.trainer |   epoch 52 step 60/140 loss=0.8484
10:23:31 | INFO    | holoqpi.engine.trainer |   epoch 52 step 80/140 loss=0.4843
10:23:33 | INFO    | holoqpi.engine.trainer |   epoch 52 step 100/140 loss=0.4953
10:23:35 | INFO    | holoqpi.engine.trainer |   epoch 52 step 120/140 loss=0.4459
10:24:21 | INFO    | holoqpi.engine.trainer |   new best composite=0.7632
10:24:21 | INFO    | holoqpi.engine.trainer | epoch 52/60 (57s = 13s train + 44s val) | train_loss=0.6507  val_phase_mae=0.1787  val_dice=0.7721  val_cls_acc=0.8189  val_mass_mape=0.2325
10:24:22 | INFO    | holoqpi.engine.trainer |   epoch 53 step 0/140 loss=0.7293
10:24:23 | INFO    | holoqpi.engine.trainer |   epoch 53 step 20/140 loss=0.8667
10:24:25 | INFO    | holoqpi.engine.trainer |   epoch 53 step 40/140 loss=0.7489
10:24:27 | INFO    | holoqpi.engine.trainer |   epoch 53 step 60/140 loss=0.4352
10:24:29 | INFO    | holoqpi.engine.trainer |   epoch 53 step 80/140 loss=0.4996
10:24:31 | INFO    | holoqpi.engine.trainer |   epoch 53 step 100/140 loss=0.6647
10:24:32 | INFO    | holoqpi.engine.trainer |   epoch 53 step 120/140 loss=0.5600
10:25:18 | INFO    | holoqpi.engine.trainer | epoch 53/60 (57s = 13s train + 44s val) | train_loss=0.6422  val_phase_mae=0.1797  val_dice=0.7720  val_cls_acc=0.7953  val_mass_mape=0.2321
10:25:19 | INFO    | holoqpi.engine.trainer |   epoch 54 step 0/140 loss=0.5522
10:25:20 | INFO    | holoqpi.engine.trainer |   epoch 54 step 20/140 loss=1.0196
10:25:22 | INFO    | holoqpi.engine.trainer |   epoch 54 step 40/140 loss=0.7965
10:25:24 | INFO    | holoqpi.engine.trainer |   epoch 54 step 60/140 loss=0.9140
10:25:26 | INFO    | holoqpi.engine.trainer |   epoch 54 step 80/140 loss=0.4600
10:25:27 | INFO    | holoqpi.engine.trainer |   epoch 54 step 100/140 loss=0.7788
10:25:29 | INFO    | holoqpi.engine.trainer |   epoch 54 step 120/140 loss=0.4339
10:26:15 | INFO    | holoqpi.engine.trainer | epoch 54/60 (57s = 13s train + 44s val) | train_loss=0.6579  val_phase_mae=0.1796  val_dice=0.7706  val_cls_acc=0.7874  val_mass_mape=0.2325
10:26:15 | INFO    | holoqpi.engine.trainer |   epoch 55 step 0/140 loss=0.5450
10:26:17 | INFO    | holoqpi.engine.trainer |   epoch 55 step 20/140 loss=0.5829
10:26:19 | INFO    | holoqpi.engine.trainer |   epoch 55 step 40/140 loss=0.5668
10:26:21 | INFO    | holoqpi.engine.trainer |   epoch 55 step 60/140 loss=0.5556
10:26:23 | INFO    | holoqpi.engine.trainer |   epoch 55 step 80/140 loss=0.4440
10:26:25 | INFO    | holoqpi.engine.trainer |   epoch 55 step 100/140 loss=0.4969
10:26:26 | INFO    | holoqpi.engine.trainer |   epoch 55 step 120/140 loss=0.7629
10:27:12 | INFO    | holoqpi.engine.trainer | epoch 55/60 (57s = 13s train + 44s val) | train_loss=0.6446  val_phase_mae=0.1794  val_dice=0.7713  val_cls_acc=0.7795  val_mass_mape=0.2302
10:27:13 | INFO    | holoqpi.engine.trainer |   epoch 56 step 0/140 loss=0.5589
10:27:15 | INFO    | holoqpi.engine.trainer |   epoch 56 step 20/140 loss=0.6911
10:27:16 | INFO    | holoqpi.engine.trainer |   epoch 56 step 40/140 loss=0.5508
10:27:18 | INFO    | holoqpi.engine.trainer |   epoch 56 step 60/140 loss=0.5041
10:27:20 | INFO    | holoqpi.engine.trainer |   epoch 56 step 80/140 loss=0.9338
10:27:22 | INFO    | holoqpi.engine.trainer |   epoch 56 step 100/140 loss=0.5804
10:27:24 | INFO    | holoqpi.engine.trainer |   epoch 56 step 120/140 loss=0.8271
10:28:09 | INFO    | holoqpi.engine.trainer | epoch 56/60 (57s = 13s train + 44s val) | train_loss=0.6407  val_phase_mae=0.1795  val_dice=0.7705  val_cls_acc=0.7953  val_mass_mape=0.2321
10:28:10 | INFO    | holoqpi.engine.trainer |   epoch 57 step 0/140 loss=0.5385
10:28:12 | INFO    | holoqpi.engine.trainer |   epoch 57 step 20/140 loss=0.7442
10:28:14 | INFO    | holoqpi.engine.trainer |   epoch 57 step 40/140 loss=0.7175
10:28:15 | INFO    | holoqpi.engine.trainer |   epoch 57 step 60/140 loss=0.5617
10:28:17 | INFO    | holoqpi.engine.trainer |   epoch 57 step 80/140 loss=0.5331
10:28:19 | INFO    | holoqpi.engine.trainer |   epoch 57 step 100/140 loss=0.5795
10:28:21 | INFO    | holoqpi.engine.trainer |   epoch 57 step 120/140 loss=0.5479
10:29:07 | INFO    | holoqpi.engine.trainer | epoch 57/60 (57s = 13s train + 44s val) | train_loss=0.6310  val_phase_mae=0.1793  val_dice=0.7706  val_cls_acc=0.7480  val_mass_mape=0.2276
10:29:07 | INFO    | holoqpi.engine.trainer |   epoch 58 step 0/140 loss=0.6987
10:29:09 | INFO    | holoqpi.engine.trainer |   epoch 58 step 20/140 loss=0.6137
10:29:11 | INFO    | holoqpi.engine.trainer |   epoch 58 step 40/140 loss=0.6511
10:29:12 | INFO    | holoqpi.engine.trainer |   epoch 58 step 60/140 loss=0.5969
10:29:14 | INFO    | holoqpi.engine.trainer |   epoch 58 step 80/140 loss=0.8087
10:29:16 | INFO    | holoqpi.engine.trainer |   epoch 58 step 100/140 loss=0.5117
10:29:18 | INFO    | holoqpi.engine.trainer |   epoch 58 step 120/140 loss=0.6963
10:30:03 | INFO    | holoqpi.engine.trainer | epoch 58/60 (57s = 13s train + 44s val) | train_loss=0.6438  val_phase_mae=0.1798  val_dice=0.7703  val_cls_acc=0.8031  val_mass_mape=0.2307
10:30:04 | INFO    | holoqpi.engine.trainer |   epoch 59 step 0/140 loss=0.5522
10:30:06 | INFO    | holoqpi.engine.trainer |   epoch 59 step 20/140 loss=0.6329
10:30:07 | INFO    | holoqpi.engine.trainer |   epoch 59 step 40/140 loss=0.5274
10:30:09 | INFO    | holoqpi.engine.trainer |   epoch 59 step 60/140 loss=0.5946
10:30:11 | INFO    | holoqpi.engine.trainer |   epoch 59 step 80/140 loss=0.5118
10:30:13 | INFO    | holoqpi.engine.trainer |   epoch 59 step 100/140 loss=0.4465
10:30:14 | INFO    | holoqpi.engine.trainer |   epoch 59 step 120/140 loss=0.5155
10:31:00 | INFO    | holoqpi.engine.trainer |   new best composite=0.7641
10:31:00 | INFO    | holoqpi.engine.trainer | epoch 59/60 (56s = 13s train + 44s val) | train_loss=0.6297  val_phase_mae=0.1794  val_dice=0.7712  val_cls_acc=0.7402  val_mass_mape=0.2273
10:31:01 | INFO    | holoqpi.engine.trainer |   epoch 60 step 0/140 loss=0.4585
10:31:02 | INFO    | holoqpi.engine.trainer |   epoch 60 step 20/140 loss=1.1157
10:31:04 | INFO    | holoqpi.engine.trainer |   epoch 60 step 40/140 loss=1.5998
10:31:06 | INFO    | holoqpi.engine.trainer |   epoch 60 step 60/140 loss=0.5566
10:31:08 | INFO    | holoqpi.engine.trainer |   epoch 60 step 80/140 loss=0.5017
10:31:10 | INFO    | holoqpi.engine.trainer |   epoch 60 step 100/140 loss=0.6530
10:31:11 | INFO    | holoqpi.engine.trainer |   epoch 60 step 120/140 loss=0.5755
10:31:57 | INFO    | holoqpi.engine.trainer | epoch 60/60 (57s = 13s train + 44s val) | train_loss=0.6300  val_phase_mae=0.1793  val_dice=0.7708  val_cls_acc=0.7559  val_mass_mape=0.2312
10:31:57 | INFO    | holoqpi.engine.trainer | training finished; best epoch 59 (composite=0.7641)
10:31:57 | INFO    | holoqpi.engine.trainer | checkpoint best_model.pt: 446/446 tensors matched
10:32:36 | INFO    | holoqpi.engine.compare | modality=gabor test metrics written to runs/no_physics_gabor
10:32:36 | INFO    | holoqpi.engine.compare | comparison table written to runs/no_physics_modality_comparison.csv
