12:31:01 | INFO    | holoqpi.engine.compare | ======================================================================
12:31:01 | INFO    | holoqpi.engine.compare | modality=off_axis  device=cuda  run_dir=runs/no_measurement_off_axis
12:31:01 | INFO    | holoqpi.engine.compare | ======================================================================
12:31:01 | INFO    | holoqpi.data.dataset | train split: 560 samples | modality=off_axis | crop=512 | augment=True
12:31:01 | INFO    | holoqpi.data.dataset | val split: 127 samples | modality=off_axis | crop=None | augment=False
12:31:01 | INFO    | holoqpi.data.dataset | test split: 113 samples | modality=off_axis | crop=None | augment=False
12:31:02 | INFO    | holoqpi.models.encoders | encoder=mobilenet_v2 in_channels=1 pretrained=True stages=[16, 24, 32, 96, 1280]
12:31:02 | INFO    | holoqpi.models.holonet | HoloQPINet built: 9.76M parameters, 9.76M trainable (100.0%)
12:31:03 | INFO    | holoqpi.engine.trainer | trainable 9.76M / 9.76M parameters (100.0%)
12:31:03 | INFO    | holoqpi.engine.trainer | active physics terms: ['phase_mask_contrast', 'boundary_gradient_alignment', 'phase_volume']
12:31:09 | INFO    | holoqpi.engine.trainer |   epoch 1 step 0/140 loss=2.2810
12:31:11 | INFO    | holoqpi.engine.trainer |   epoch 1 step 20/140 loss=2.0849
12:31:13 | INFO    | holoqpi.engine.trainer |   epoch 1 step 40/140 loss=1.7845
12:31:15 | INFO    | holoqpi.engine.trainer |   epoch 1 step 60/140 loss=1.5169
12:31:17 | INFO    | holoqpi.engine.trainer |   epoch 1 step 80/140 loss=1.4834
12:31:19 | INFO    | holoqpi.engine.trainer |   epoch 1 step 100/140 loss=1.4119
12:31:21 | INFO    | holoqpi.engine.trainer |   epoch 1 step 120/140 loss=1.3075
12:32:16 | INFO    | holoqpi.engine.trainer |   new best composite=0.6138
12:32:16 | INFO    | holoqpi.engine.trainer | epoch 1/60 (73s = 19s train + 54s val) | train_loss=1.6271  val_phase_mae=0.2560  val_dice=0.6204  val_cls_acc=0.2835  val_mass_mape=0.2834
12:32:16 | INFO    | holoqpi.engine.trainer |   at this rate the full 60-epoch schedule takes about 73 min
12:32:17 | INFO    | holoqpi.engine.trainer |   epoch 2 step 0/140 loss=1.2394
12:32:19 | INFO    | holoqpi.engine.trainer |   epoch 2 step 20/140 loss=1.2036
12:32:21 | INFO    | holoqpi.engine.trainer |   epoch 2 step 40/140 loss=1.2192
12:32:23 | INFO    | holoqpi.engine.trainer |   epoch 2 step 60/140 loss=1.0848
12:32:25 | INFO    | holoqpi.engine.trainer |   epoch 2 step 80/140 loss=1.0513
12:32:27 | INFO    | holoqpi.engine.trainer |   epoch 2 step 100/140 loss=1.0386
12:32:29 | INFO    | holoqpi.engine.trainer |   epoch 2 step 120/140 loss=1.1205
12:33:18 | INFO    | holoqpi.engine.trainer |   new best composite=0.7254
12:33:18 | INFO    | holoqpi.engine.trainer | epoch 2/60 (61s = 14s train + 47s val) | train_loss=1.1135  val_phase_mae=0.2134  val_dice=0.7350  val_cls_acc=0.2362  val_mass_mape=0.2575
12:33:19 | INFO    | holoqpi.engine.trainer |   epoch 3 step 0/140 loss=0.9948
12:33:20 | INFO    | holoqpi.engine.trainer |   epoch 3 step 20/140 loss=0.8048
12:33:22 | INFO    | holoqpi.engine.trainer |   epoch 3 step 40/140 loss=0.9560
12:33:24 | INFO    | holoqpi.engine.trainer |   epoch 3 step 60/140 loss=1.0222
12:33:26 | INFO    | holoqpi.engine.trainer |   epoch 3 step 80/140 loss=0.9330
12:33:28 | INFO    | holoqpi.engine.trainer |   epoch 3 step 100/140 loss=0.9596
12:33:30 | INFO    | holoqpi.engine.trainer |   epoch 3 step 120/140 loss=0.8287
12:34:19 | INFO    | holoqpi.engine.trainer |   new best composite=0.7443
12:34:19 | INFO    | holoqpi.engine.trainer | epoch 3/60 (61s = 14s train + 47s val) | train_loss=0.9136  val_phase_mae=0.2004  val_dice=0.7580  val_cls_acc=0.2677  val_mass_mape=0.2506
12:34:20 | INFO    | holoqpi.engine.trainer |   epoch 4 step 0/140 loss=0.9189
12:34:22 | INFO    | holoqpi.engine.trainer |   epoch 4 step 20/140 loss=0.7992
12:34:24 | INFO    | holoqpi.engine.trainer |   epoch 4 step 40/140 loss=1.0309
12:34:26 | INFO    | holoqpi.engine.trainer |   epoch 4 step 60/140 loss=0.8760
12:34:28 | INFO    | holoqpi.engine.trainer |   epoch 4 step 80/140 loss=0.8551
12:34:30 | INFO    | holoqpi.engine.trainer |   epoch 4 step 100/140 loss=0.8491
12:34:31 | INFO    | holoqpi.engine.trainer |   epoch 4 step 120/140 loss=0.7738
12:35:20 | INFO    | holoqpi.engine.trainer |   new best composite=0.7593
12:35:20 | INFO    | holoqpi.engine.trainer | epoch 4/60 (60s = 14s train + 47s val) | train_loss=0.8631  val_phase_mae=0.1909  val_dice=0.7797  val_cls_acc=0.3858  val_mass_mape=0.2524
12:35:21 | INFO    | holoqpi.engine.trainer |   epoch 5 step 0/140 loss=0.8583
12:35:22 | INFO    | holoqpi.engine.trainer |   epoch 5 step 20/140 loss=0.8266
12:35:24 | INFO    | holoqpi.engine.trainer |   epoch 5 step 40/140 loss=0.8415
12:35:26 | INFO    | holoqpi.engine.trainer |   epoch 5 step 60/140 loss=0.7784
12:35:28 | INFO    | holoqpi.engine.trainer |   epoch 5 step 80/140 loss=0.8563
12:35:30 | INFO    | holoqpi.engine.trainer |   epoch 5 step 100/140 loss=0.8976
12:35:32 | INFO    | holoqpi.engine.trainer |   epoch 5 step 120/140 loss=0.7165
12:36:21 | INFO    | holoqpi.engine.trainer |   new best composite=0.7644
12:36:21 | INFO    | holoqpi.engine.trainer | epoch 5/60 (60s = 13s train + 47s val) | train_loss=0.8148  val_phase_mae=0.1881  val_dice=0.7816  val_cls_acc=0.2598  val_mass_mape=0.2281
12:36:21 | INFO    | holoqpi.engine.trainer |   epoch 6 step 0/140 loss=0.7915
12:36:23 | INFO    | holoqpi.engine.trainer |   epoch 6 step 20/140 loss=0.9056
12:36:25 | INFO    | holoqpi.engine.trainer |   epoch 6 step 40/140 loss=0.7771
12:36:27 | INFO    | holoqpi.engine.trainer |   epoch 6 step 60/140 loss=0.6645
12:36:28 | INFO    | holoqpi.engine.trainer |   epoch 6 step 80/140 loss=0.6775
12:36:30 | INFO    | holoqpi.engine.trainer |   epoch 6 step 100/140 loss=0.8845
12:36:32 | INFO    | holoqpi.engine.trainer |   epoch 6 step 120/140 loss=0.7190
12:37:20 | INFO    | holoqpi.engine.trainer | epoch 6/60 (59s = 13s train + 47s val) | train_loss=0.7834  val_phase_mae=0.1905  val_dice=0.7917  val_cls_acc=0.2441  val_mass_mape=0.3203
12:37:21 | INFO    | holoqpi.engine.trainer |   epoch 7 step 0/140 loss=0.7368
12:37:22 | INFO    | holoqpi.engine.trainer |   epoch 7 step 20/140 loss=0.7053
12:37:24 | INFO    | holoqpi.engine.trainer |   epoch 7 step 40/140 loss=0.7506
12:37:26 | INFO    | holoqpi.engine.trainer |   epoch 7 step 60/140 loss=0.6934
12:37:28 | INFO    | holoqpi.engine.trainer |   epoch 7 step 80/140 loss=0.7699
12:37:30 | INFO    | holoqpi.engine.trainer |   epoch 7 step 100/140 loss=0.7578
12:37:32 | INFO    | holoqpi.engine.trainer |   epoch 7 step 120/140 loss=0.8890
12:38:20 | INFO    | holoqpi.engine.trainer |   new best composite=0.7657
12:38:20 | INFO    | holoqpi.engine.trainer | epoch 7/60 (60s = 13s train + 47s val) | train_loss=0.7607  val_phase_mae=0.1885  val_dice=0.7932  val_cls_acc=0.4331  val_mass_mape=0.2725
12:38:21 | INFO    | holoqpi.engine.trainer |   epoch 8 step 0/140 loss=0.7373
12:38:23 | INFO    | holoqpi.engine.trainer |   epoch 8 step 20/140 loss=0.7121
12:38:24 | INFO    | holoqpi.engine.trainer |   epoch 8 step 40/140 loss=0.8633
12:38:26 | INFO    | holoqpi.engine.trainer |   epoch 8 step 60/140 loss=0.6710
12:38:28 | INFO    | holoqpi.engine.trainer |   epoch 8 step 80/140 loss=0.7237
12:38:30 | INFO    | holoqpi.engine.trainer |   epoch 8 step 100/140 loss=0.8143
12:38:32 | INFO    | holoqpi.engine.trainer |   epoch 8 step 120/140 loss=0.8220
12:39:20 | INFO    | holoqpi.engine.trainer |   new best composite=0.7797
12:39:20 | INFO    | holoqpi.engine.trainer | epoch 8/60 (60s = 13s train + 47s val) | train_loss=0.7447  val_phase_mae=0.1928  val_dice=0.7975  val_cls_acc=0.3858  val_mass_mape=0.2150
12:39:21 | INFO    | holoqpi.engine.trainer |   epoch 9 step 0/140 loss=0.7853
12:39:23 | INFO    | holoqpi.engine.trainer |   epoch 9 step 20/140 loss=0.5758
12:39:25 | INFO    | holoqpi.engine.trainer |   epoch 9 step 40/140 loss=0.6212
12:39:26 | INFO    | holoqpi.engine.trainer |   epoch 9 step 60/140 loss=0.8489
12:39:28 | INFO    | holoqpi.engine.trainer |   epoch 9 step 80/140 loss=0.8140
12:39:30 | INFO    | holoqpi.engine.trainer |   epoch 9 step 100/140 loss=0.7489
12:39:32 | INFO    | holoqpi.engine.trainer |   epoch 9 step 120/140 loss=0.8617
12:40:20 | INFO    | holoqpi.engine.trainer |   new best composite=0.7799
12:40:20 | INFO    | holoqpi.engine.trainer | epoch 9/60 (60s = 13s train + 47s val) | train_loss=0.7350  val_phase_mae=0.1766  val_dice=0.8008  val_cls_acc=0.4803  val_mass_mape=0.2479
12:40:21 | INFO    | holoqpi.engine.trainer |   epoch 10 step 0/140 loss=0.7395
12:40:23 | INFO    | holoqpi.engine.trainer |   epoch 10 step 20/140 loss=0.7291
12:40:24 | INFO    | holoqpi.engine.trainer |   epoch 10 step 40/140 loss=0.8436
12:40:26 | INFO    | holoqpi.engine.trainer |   epoch 10 step 60/140 loss=0.7705
12:40:28 | INFO    | holoqpi.engine.trainer |   epoch 10 step 80/140 loss=0.8779
12:40:30 | INFO    | holoqpi.engine.trainer |   epoch 10 step 100/140 loss=0.7672
12:40:32 | INFO    | holoqpi.engine.trainer |   epoch 10 step 120/140 loss=0.7836
12:41:19 | INFO    | holoqpi.engine.trainer |   new best composite=0.7835
12:41:19 | INFO    | holoqpi.engine.trainer | epoch 10/60 (59s = 13s train + 46s val) | train_loss=0.7272  val_phase_mae=0.1820  val_dice=0.8031  val_cls_acc=0.3780  val_mass_mape=0.2338
12:41:20 | INFO    | holoqpi.engine.trainer |   epoch 11 step 0/140 loss=0.7057
12:41:22 | INFO    | holoqpi.engine.trainer |   epoch 11 step 20/140 loss=0.7940
12:41:24 | INFO    | holoqpi.engine.trainer |   epoch 11 step 40/140 loss=0.9348
12:41:25 | INFO    | holoqpi.engine.trainer |   epoch 11 step 60/140 loss=0.6991
12:41:27 | INFO    | holoqpi.engine.trainer |   epoch 11 step 80/140 loss=0.6507
12:41:29 | INFO    | holoqpi.engine.trainer |   epoch 11 step 100/140 loss=0.6816
12:41:31 | INFO    | holoqpi.engine.trainer |   epoch 11 step 120/140 loss=0.7168
12:42:19 | INFO    | holoqpi.engine.trainer |   new best composite=0.7869
12:42:19 | INFO    | holoqpi.engine.trainer | epoch 11/60 (59s = 13s train + 46s val) | train_loss=0.7158  val_phase_mae=0.1816  val_dice=0.8054  val_cls_acc=0.2598  val_mass_mape=0.2268
12:42:19 | INFO    | holoqpi.engine.trainer |   epoch 12 step 0/140 loss=0.7357
12:42:21 | INFO    | holoqpi.engine.trainer |   epoch 12 step 20/140 loss=0.8513
12:42:23 | INFO    | holoqpi.engine.trainer |   epoch 12 step 40/140 loss=0.6809
12:42:25 | INFO    | holoqpi.engine.trainer |   epoch 12 step 60/140 loss=0.6831
12:42:27 | INFO    | holoqpi.engine.trainer |   epoch 12 step 80/140 loss=0.5965
12:42:28 | INFO    | holoqpi.engine.trainer |   epoch 12 step 100/140 loss=0.6183
12:42:30 | INFO    | holoqpi.engine.trainer |   epoch 12 step 120/140 loss=0.5849
12:43:18 | INFO    | holoqpi.engine.trainer |   new best composite=0.7892
12:43:18 | INFO    | holoqpi.engine.trainer | epoch 12/60 (59s = 13s train + 46s val) | train_loss=0.7036  val_phase_mae=0.1750  val_dice=0.8085  val_cls_acc=0.3228  val_mass_mape=0.2286
12:43:18 | INFO    | holoqpi.engine.trainer |   epoch 13 step 0/140 loss=0.6130
12:43:20 | INFO    | holoqpi.engine.trainer |   epoch 13 step 20/140 loss=0.8439
12:43:22 | INFO    | holoqpi.engine.trainer |   epoch 13 step 40/140 loss=0.7897
12:43:24 | INFO    | holoqpi.engine.trainer |   epoch 13 step 60/140 loss=0.7511
12:43:25 | INFO    | holoqpi.engine.trainer |   epoch 13 step 80/140 loss=0.6467
12:43:27 | INFO    | holoqpi.engine.trainer |   epoch 13 step 100/140 loss=0.6527
12:43:29 | INFO    | holoqpi.engine.trainer |   epoch 13 step 120/140 loss=0.6990
12:44:16 | INFO    | holoqpi.engine.trainer | epoch 13/60 (58s = 13s train + 45s val) | train_loss=0.7049  val_phase_mae=0.1814  val_dice=0.8057  val_cls_acc=0.5276  val_mass_mape=0.2805
12:44:17 | INFO    | holoqpi.engine.trainer |   epoch 14 step 0/140 loss=0.7056
12:44:18 | INFO    | holoqpi.engine.trainer |   epoch 14 step 20/140 loss=0.6186
12:44:20 | INFO    | holoqpi.engine.trainer |   epoch 14 step 40/140 loss=0.5721
12:44:22 | INFO    | holoqpi.engine.trainer |   epoch 14 step 60/140 loss=0.6063
12:44:24 | INFO    | holoqpi.engine.trainer |   epoch 14 step 80/140 loss=0.8233
12:44:26 | INFO    | holoqpi.engine.trainer |   epoch 14 step 100/140 loss=0.6151
12:44:28 | INFO    | holoqpi.engine.trainer |   epoch 14 step 120/140 loss=0.5720
12:45:15 | INFO    | holoqpi.engine.trainer |   new best composite=0.7935
12:45:15 | INFO    | holoqpi.engine.trainer | epoch 14/60 (59s = 13s train + 46s val) | train_loss=0.6881  val_phase_mae=0.1746  val_dice=0.8085  val_cls_acc=0.3543  val_mass_mape=0.2183
12:45:16 | INFO    | holoqpi.engine.trainer |   epoch 15 step 0/140 loss=0.7274
12:45:18 | INFO    | holoqpi.engine.trainer |   epoch 15 step 20/140 loss=0.6292
12:45:19 | INFO    | holoqpi.engine.trainer |   epoch 15 step 40/140 loss=0.7103
12:45:21 | INFO    | holoqpi.engine.trainer |   epoch 15 step 60/140 loss=0.6726
12:45:23 | INFO    | holoqpi.engine.trainer |   epoch 15 step 80/140 loss=0.6763
12:45:25 | INFO    | holoqpi.engine.trainer |   epoch 15 step 100/140 loss=0.6010
12:45:27 | INFO    | holoqpi.engine.trainer |   epoch 15 step 120/140 loss=0.7630
12:46:14 | INFO    | holoqpi.engine.trainer |   new best composite=0.7980
12:46:14 | INFO    | holoqpi.engine.trainer | epoch 15/60 (59s = 13s train + 46s val) | train_loss=0.6833  val_phase_mae=0.1742  val_dice=0.8144  val_cls_acc=0.5591  val_mass_mape=0.2159
12:46:15 | INFO    | holoqpi.engine.trainer |   epoch 16 step 0/140 loss=0.5849
12:46:16 | INFO    | holoqpi.engine.trainer |   epoch 16 step 20/140 loss=0.6858
12:46:18 | INFO    | holoqpi.engine.trainer |   epoch 16 step 40/140 loss=0.7543
12:46:20 | INFO    | holoqpi.engine.trainer |   epoch 16 step 60/140 loss=0.7155
12:46:22 | INFO    | holoqpi.engine.trainer |   epoch 16 step 80/140 loss=0.7059
12:46:24 | INFO    | holoqpi.engine.trainer |   epoch 16 step 100/140 loss=0.5870
12:46:26 | INFO    | holoqpi.engine.trainer |   epoch 16 step 120/140 loss=0.6367
12:47:13 | INFO    | holoqpi.engine.trainer | epoch 16/60 (59s = 13s train + 46s val) | train_loss=0.6716  val_phase_mae=0.1785  val_dice=0.8087  val_cls_acc=0.3937  val_mass_mape=0.2062
12:47:13 | INFO    | holoqpi.engine.trainer |   epoch 17 step 0/140 loss=0.9287
12:47:15 | INFO    | holoqpi.engine.trainer |   epoch 17 step 20/140 loss=0.8779
12:47:17 | INFO    | holoqpi.engine.trainer |   epoch 17 step 40/140 loss=0.6256
12:47:19 | INFO    | holoqpi.engine.trainer |   epoch 17 step 60/140 loss=0.6531
12:47:21 | INFO    | holoqpi.engine.trainer |   epoch 17 step 80/140 loss=0.6815
12:47:23 | INFO    | holoqpi.engine.trainer |   epoch 17 step 100/140 loss=0.5735
12:47:24 | INFO    | holoqpi.engine.trainer |   epoch 17 step 120/140 loss=0.4966
12:48:12 | INFO    | holoqpi.engine.trainer | epoch 17/60 (59s = 13s train + 46s val) | train_loss=0.6560  val_phase_mae=0.1749  val_dice=0.8105  val_cls_acc=0.4409  val_mass_mape=0.2144
12:48:12 | INFO    | holoqpi.engine.trainer |   epoch 18 step 0/140 loss=0.6012
12:48:14 | INFO    | holoqpi.engine.trainer |   epoch 18 step 20/140 loss=0.5269
12:48:16 | INFO    | holoqpi.engine.trainer |   epoch 18 step 40/140 loss=0.6696
12:48:18 | INFO    | holoqpi.engine.trainer |   epoch 18 step 60/140 loss=0.7985
12:48:20 | INFO    | holoqpi.engine.trainer |   epoch 18 step 80/140 loss=0.7148
12:48:22 | INFO    | holoqpi.engine.trainer |   epoch 18 step 100/140 loss=0.5333
12:48:24 | INFO    | holoqpi.engine.trainer |   epoch 18 step 120/140 loss=0.5857
12:49:12 | INFO    | holoqpi.engine.trainer | epoch 18/60 (60s = 14s train + 46s val) | train_loss=0.6546  val_phase_mae=0.1786  val_dice=0.8104  val_cls_acc=0.4724  val_mass_mape=0.2261
12:49:12 | INFO    | holoqpi.engine.trainer |   epoch 19 step 0/140 loss=0.5861
12:49:14 | INFO    | holoqpi.engine.trainer |   epoch 19 step 20/140 loss=0.5923
12:49:16 | INFO    | holoqpi.engine.trainer |   epoch 19 step 40/140 loss=0.7608
12:49:18 | INFO    | holoqpi.engine.trainer |   epoch 19 step 60/140 loss=0.7622
12:49:19 | INFO    | holoqpi.engine.trainer |   epoch 19 step 80/140 loss=0.7643
12:49:21 | INFO    | holoqpi.engine.trainer |   epoch 19 step 100/140 loss=0.6653
12:49:23 | INFO    | holoqpi.engine.trainer |   epoch 19 step 120/140 loss=0.6911
12:50:10 | INFO    | holoqpi.engine.trainer | epoch 19/60 (58s = 13s train + 45s val) | train_loss=0.6694  val_phase_mae=0.1756  val_dice=0.8096  val_cls_acc=0.4016  val_mass_mape=0.2380
12:50:11 | INFO    | holoqpi.engine.trainer |   epoch 20 step 0/140 loss=0.6545
12:50:12 | INFO    | holoqpi.engine.trainer |   epoch 20 step 20/140 loss=0.7737
12:50:14 | INFO    | holoqpi.engine.trainer |   epoch 20 step 40/140 loss=0.6471
12:50:16 | INFO    | holoqpi.engine.trainer |   epoch 20 step 60/140 loss=0.7978
12:50:18 | INFO    | holoqpi.engine.trainer |   epoch 20 step 80/140 loss=0.5216
12:50:20 | INFO    | holoqpi.engine.trainer |   epoch 20 step 100/140 loss=0.6433
12:50:22 | INFO    | holoqpi.engine.trainer |   epoch 20 step 120/140 loss=0.7497
12:51:09 | INFO    | holoqpi.engine.trainer | epoch 20/60 (59s = 13s train + 46s val) | train_loss=0.6323  val_phase_mae=0.1726  val_dice=0.8066  val_cls_acc=0.5748  val_mass_mape=0.2034
12:51:10 | INFO    | holoqpi.engine.trainer |   epoch 21 step 0/140 loss=0.7131
12:51:11 | INFO    | holoqpi.engine.trainer |   epoch 21 step 20/140 loss=0.6471
12:51:13 | INFO    | holoqpi.engine.trainer |   epoch 21 step 40/140 loss=1.1166
12:51:15 | INFO    | holoqpi.engine.trainer |   epoch 21 step 60/140 loss=0.6349
12:51:17 | INFO    | holoqpi.engine.trainer |   epoch 21 step 80/140 loss=0.7132
12:51:19 | INFO    | holoqpi.engine.trainer |   epoch 21 step 100/140 loss=0.5733
12:51:21 | INFO    | holoqpi.engine.trainer |   epoch 21 step 120/140 loss=0.6368
12:52:09 | INFO    | holoqpi.engine.trainer |   new best composite=0.8010
12:52:09 | INFO    | holoqpi.engine.trainer | epoch 21/60 (59s = 13s train + 46s val) | train_loss=0.6383  val_phase_mae=0.1696  val_dice=0.8168  val_cls_acc=0.6142  val_mass_mape=0.2134
12:52:09 | INFO    | holoqpi.engine.trainer |   epoch 22 step 0/140 loss=0.5953
12:52:11 | INFO    | holoqpi.engine.trainer |   epoch 22 step 20/140 loss=0.7194
12:52:13 | INFO    | holoqpi.engine.trainer |   epoch 22 step 40/140 loss=0.6409
12:52:15 | INFO    | holoqpi.engine.trainer |   epoch 22 step 60/140 loss=0.7110
12:52:16 | INFO    | holoqpi.engine.trainer |   epoch 22 step 80/140 loss=0.5020
12:52:18 | INFO    | holoqpi.engine.trainer |   epoch 22 step 100/140 loss=0.6207
12:52:20 | INFO    | holoqpi.engine.trainer |   epoch 22 step 120/140 loss=0.5978
12:53:07 | INFO    | holoqpi.engine.trainer | epoch 22/60 (59s = 13s train + 46s val) | train_loss=0.6398  val_phase_mae=0.1800  val_dice=0.8069  val_cls_acc=0.2913  val_mass_mape=0.2449
12:53:08 | INFO    | holoqpi.engine.trainer |   epoch 23 step 0/140 loss=0.5169
12:53:10 | INFO    | holoqpi.engine.trainer |   epoch 23 step 20/140 loss=0.5792
12:53:12 | INFO    | holoqpi.engine.trainer |   epoch 23 step 40/140 loss=0.6633
12:53:13 | INFO    | holoqpi.engine.trainer |   epoch 23 step 60/140 loss=0.6234
12:53:15 | INFO    | holoqpi.engine.trainer |   epoch 23 step 80/140 loss=0.5945
12:53:17 | INFO    | holoqpi.engine.trainer |   epoch 23 step 100/140 loss=0.7409
12:53:19 | INFO    | holoqpi.engine.trainer |   epoch 23 step 120/140 loss=0.6725
12:54:06 | INFO    | holoqpi.engine.trainer | epoch 23/60 (59s = 13s train + 46s val) | train_loss=0.6258  val_phase_mae=0.1707  val_dice=0.8181  val_cls_acc=0.5591  val_mass_mape=0.2144
12:54:07 | INFO    | holoqpi.engine.trainer |   epoch 24 step 0/140 loss=0.5624
12:54:09 | INFO    | holoqpi.engine.trainer |   epoch 24 step 20/140 loss=0.6244
12:54:11 | INFO    | holoqpi.engine.trainer |   epoch 24 step 40/140 loss=0.5691
12:54:12 | INFO    | holoqpi.engine.trainer |   epoch 24 step 60/140 loss=0.6261
12:54:14 | INFO    | holoqpi.engine.trainer |   epoch 24 step 80/140 loss=0.5304
12:54:16 | INFO    | holoqpi.engine.trainer |   epoch 24 step 100/140 loss=1.0110
12:54:18 | INFO    | holoqpi.engine.trainer |   epoch 24 step 120/140 loss=0.9182
12:55:05 | INFO    | holoqpi.engine.trainer | epoch 24/60 (59s = 13s train + 45s val) | train_loss=0.6287  val_phase_mae=0.1738  val_dice=0.8073  val_cls_acc=0.5118  val_mass_mape=0.2120
12:55:05 | INFO    | holoqpi.engine.trainer |   epoch 25 step 0/140 loss=0.6813
12:55:07 | INFO    | holoqpi.engine.trainer |   epoch 25 step 20/140 loss=0.6777
12:55:09 | INFO    | holoqpi.engine.trainer |   epoch 25 step 40/140 loss=0.5573
12:55:11 | INFO    | holoqpi.engine.trainer |   epoch 25 step 60/140 loss=0.5794
12:55:13 | INFO    | holoqpi.engine.trainer |   epoch 25 step 80/140 loss=0.6679
12:55:15 | INFO    | holoqpi.engine.trainer |   epoch 25 step 100/140 loss=0.6905
12:55:16 | INFO    | holoqpi.engine.trainer |   epoch 25 step 120/140 loss=0.6690
12:56:04 | INFO    | holoqpi.engine.trainer | epoch 25/60 (59s = 13s train + 46s val) | train_loss=0.6271  val_phase_mae=0.1757  val_dice=0.8141  val_cls_acc=0.4724  val_mass_mape=0.2127
12:56:04 | INFO    | holoqpi.engine.trainer |   epoch 26 step 0/140 loss=0.5968
12:56:06 | INFO    | holoqpi.engine.trainer |   epoch 26 step 20/140 loss=0.7275
12:56:08 | INFO    | holoqpi.engine.trainer |   epoch 26 step 40/140 loss=0.5897
12:56:09 | INFO    | holoqpi.engine.trainer |   epoch 26 step 60/140 loss=0.8576
12:56:11 | INFO    | holoqpi.engine.trainer |   epoch 26 step 80/140 loss=0.4973
12:56:13 | INFO    | holoqpi.engine.trainer |   epoch 26 step 100/140 loss=0.6022
12:56:15 | INFO    | holoqpi.engine.trainer |   epoch 26 step 120/140 loss=0.4717
12:57:02 | INFO    | holoqpi.engine.trainer |   new best composite=0.8022
12:57:02 | INFO    | holoqpi.engine.trainer | epoch 26/60 (59s = 13s train + 45s val) | train_loss=0.6126  val_phase_mae=0.1698  val_dice=0.8203  val_cls_acc=0.4488  val_mass_mape=0.2159
12:57:03 | INFO    | holoqpi.engine.trainer |   epoch 27 step 0/140 loss=0.7880
12:57:05 | INFO    | holoqpi.engine.trainer |   epoch 27 step 20/140 loss=0.5579
12:57:07 | INFO    | holoqpi.engine.trainer |   epoch 27 step 40/140 loss=0.8178
12:57:08 | INFO    | holoqpi.engine.trainer |   epoch 27 step 60/140 loss=0.6325
12:57:10 | INFO    | holoqpi.engine.trainer |   epoch 27 step 80/140 loss=0.6467
12:57:12 | INFO    | holoqpi.engine.trainer |   epoch 27 step 100/140 loss=0.6854
12:57:14 | INFO    | holoqpi.engine.trainer |   epoch 27 step 120/140 loss=0.5048
12:58:01 | INFO    | holoqpi.engine.trainer | epoch 27/60 (59s = 13s train + 46s val) | train_loss=0.6167  val_phase_mae=0.1725  val_dice=0.8147  val_cls_acc=0.5906  val_mass_mape=0.2162
12:58:02 | INFO    | holoqpi.engine.trainer |   epoch 28 step 0/140 loss=0.5413
12:58:04 | INFO    | holoqpi.engine.trainer |   epoch 28 step 20/140 loss=0.4833
12:58:06 | INFO    | holoqpi.engine.trainer |   epoch 28 step 40/140 loss=0.6564
12:58:07 | INFO    | holoqpi.engine.trainer |   epoch 28 step 60/140 loss=0.6202
12:58:09 | INFO    | holoqpi.engine.trainer |   epoch 28 step 80/140 loss=0.5659
12:58:11 | INFO    | holoqpi.engine.trainer |   epoch 28 step 100/140 loss=0.8398
12:58:13 | INFO    | holoqpi.engine.trainer |   epoch 28 step 120/140 loss=0.5232
12:59:00 | INFO    | holoqpi.engine.trainer |   new best composite=0.8059
12:59:00 | INFO    | holoqpi.engine.trainer | epoch 28/60 (59s = 13s train + 46s val) | train_loss=0.6007  val_phase_mae=0.1700  val_dice=0.8162  val_cls_acc=0.5984  val_mass_mape=0.1872
12:59:01 | INFO    | holoqpi.engine.trainer |   epoch 29 step 0/140 loss=0.6321
12:59:03 | INFO    | holoqpi.engine.trainer |   epoch 29 step 20/140 loss=0.4466
12:59:05 | INFO    | holoqpi.engine.trainer |   epoch 29 step 40/140 loss=0.4348
12:59:07 | INFO    | holoqpi.engine.trainer |   epoch 29 step 60/140 loss=0.5548
12:59:09 | INFO    | holoqpi.engine.trainer |   epoch 29 step 80/140 loss=0.5315
12:59:10 | INFO    | holoqpi.engine.trainer |   epoch 29 step 100/140 loss=0.5078
12:59:12 | INFO    | holoqpi.engine.trainer |   epoch 29 step 120/140 loss=0.6327
12:59:59 | INFO    | holoqpi.engine.trainer | epoch 29/60 (59s = 13s train + 46s val) | train_loss=0.5910  val_phase_mae=0.1733  val_dice=0.8196  val_cls_acc=0.5748  val_mass_mape=0.2113
13:00:00 | INFO    | holoqpi.engine.trainer |   epoch 30 step 0/140 loss=0.5784
13:00:02 | INFO    | holoqpi.engine.trainer |   epoch 30 step 20/140 loss=0.5876
13:00:03 | INFO    | holoqpi.engine.trainer |   epoch 30 step 40/140 loss=0.7414
13:00:05 | INFO    | holoqpi.engine.trainer |   epoch 30 step 60/140 loss=0.8211
13:00:07 | INFO    | holoqpi.engine.trainer |   epoch 30 step 80/140 loss=0.5924
13:00:09 | INFO    | holoqpi.engine.trainer |   epoch 30 step 100/140 loss=0.6630
13:00:11 | INFO    | holoqpi.engine.trainer |   epoch 30 step 120/140 loss=0.4965
13:00:58 | INFO    | holoqpi.engine.trainer | epoch 30/60 (59s = 13s train + 46s val) | train_loss=0.5998  val_phase_mae=0.1716  val_dice=0.8220  val_cls_acc=0.6142  val_mass_mape=0.2099
13:00:58 | INFO    | holoqpi.engine.trainer |   epoch 31 step 0/140 loss=0.6339
13:01:00 | INFO    | holoqpi.engine.trainer |   epoch 31 step 20/140 loss=0.6061
13:01:02 | INFO    | holoqpi.engine.trainer |   epoch 31 step 40/140 loss=0.7545
13:01:04 | INFO    | holoqpi.engine.trainer |   epoch 31 step 60/140 loss=0.5194
13:01:06 | INFO    | holoqpi.engine.trainer |   epoch 31 step 80/140 loss=0.7527
13:01:07 | INFO    | holoqpi.engine.trainer |   epoch 31 step 100/140 loss=0.7691
13:01:09 | INFO    | holoqpi.engine.trainer |   epoch 31 step 120/140 loss=0.5621
13:01:57 | INFO    | holoqpi.engine.trainer |   new best composite=0.8065
13:01:57 | INFO    | holoqpi.engine.trainer | epoch 31/60 (59s = 13s train + 46s val) | train_loss=0.6004  val_phase_mae=0.1726  val_dice=0.8179  val_cls_acc=0.5591  val_mass_mape=0.1978
13:01:57 | INFO    | holoqpi.engine.trainer |   epoch 32 step 0/140 loss=0.5384
13:01:59 | INFO    | holoqpi.engine.trainer |   epoch 32 step 20/140 loss=0.5967
13:02:01 | INFO    | holoqpi.engine.trainer |   epoch 32 step 40/140 loss=0.7006
13:02:03 | INFO    | holoqpi.engine.trainer |   epoch 32 step 60/140 loss=0.7183
13:02:05 | INFO    | holoqpi.engine.trainer |   epoch 32 step 80/140 loss=0.4959
13:02:07 | INFO    | holoqpi.engine.trainer |   epoch 32 step 100/140 loss=0.4963
13:02:09 | INFO    | holoqpi.engine.trainer |   epoch 32 step 120/140 loss=0.6328
13:02:56 | INFO    | holoqpi.engine.trainer | epoch 32/60 (59s = 13s train + 46s val) | train_loss=0.5813  val_phase_mae=0.1743  val_dice=0.8217  val_cls_acc=0.6614  val_mass_mape=0.2102
13:02:56 | INFO    | holoqpi.engine.trainer |   epoch 33 step 0/140 loss=0.5185
13:02:58 | INFO    | holoqpi.engine.trainer |   epoch 33 step 20/140 loss=0.4970
13:03:00 | INFO    | holoqpi.engine.trainer |   epoch 33 step 40/140 loss=0.6061
13:03:02 | INFO    | holoqpi.engine.trainer |   epoch 33 step 60/140 loss=0.6375
13:03:04 | INFO    | holoqpi.engine.trainer |   epoch 33 step 80/140 loss=0.6501
13:03:06 | INFO    | holoqpi.engine.trainer |   epoch 33 step 100/140 loss=0.5355
13:03:07 | INFO    | holoqpi.engine.trainer |   epoch 33 step 120/140 loss=0.4740
13:03:54 | INFO    | holoqpi.engine.trainer | epoch 33/60 (59s = 13s train + 45s val) | train_loss=0.5767  val_phase_mae=0.1676  val_dice=0.8207  val_cls_acc=0.6299  val_mass_mape=0.2005
13:03:55 | INFO    | holoqpi.engine.trainer |   epoch 34 step 0/140 loss=0.5029
13:03:57 | INFO    | holoqpi.engine.trainer |   epoch 34 step 20/140 loss=0.5739
13:03:59 | INFO    | holoqpi.engine.trainer |   epoch 34 step 40/140 loss=0.4588
13:04:00 | INFO    | holoqpi.engine.trainer |   epoch 34 step 60/140 loss=0.5024
13:04:02 | INFO    | holoqpi.engine.trainer |   epoch 34 step 80/140 loss=0.6381
13:04:04 | INFO    | holoqpi.engine.trainer |   epoch 34 step 100/140 loss=0.4507
13:04:06 | INFO    | holoqpi.engine.trainer |   epoch 34 step 120/140 loss=0.5878
13:04:53 | INFO    | holoqpi.engine.trainer | epoch 34/60 (59s = 13s train + 45s val) | train_loss=0.5627  val_phase_mae=0.1710  val_dice=0.8192  val_cls_acc=0.5827  val_mass_mape=0.2018
13:04:54 | INFO    | holoqpi.engine.trainer |   epoch 35 step 0/140 loss=0.4363
13:04:55 | INFO    | holoqpi.engine.trainer |   epoch 35 step 20/140 loss=0.5779
13:04:57 | INFO    | holoqpi.engine.trainer |   epoch 35 step 40/140 loss=0.9288
13:04:59 | INFO    | holoqpi.engine.trainer |   epoch 35 step 60/140 loss=0.8712
13:05:01 | INFO    | holoqpi.engine.trainer |   epoch 35 step 80/140 loss=0.5907
13:05:03 | INFO    | holoqpi.engine.trainer |   epoch 35 step 100/140 loss=0.5183
13:05:05 | INFO    | holoqpi.engine.trainer |   epoch 35 step 120/140 loss=0.6917
13:05:52 | INFO    | holoqpi.engine.trainer |   new best composite=0.8089
13:05:52 | INFO    | holoqpi.engine.trainer | epoch 35/60 (59s = 13s train + 46s val) | train_loss=0.5692  val_phase_mae=0.1693  val_dice=0.8209  val_cls_acc=0.5512  val_mass_mape=0.1912
13:05:53 | INFO    | holoqpi.engine.trainer |   epoch 36 step 0/140 loss=0.5246
13:05:55 | INFO    | holoqpi.engine.trainer |   epoch 36 step 20/140 loss=0.7280
13:05:56 | INFO    | holoqpi.engine.trainer |   epoch 36 step 40/140 loss=0.4823
13:05:58 | INFO    | holoqpi.engine.trainer |   epoch 36 step 60/140 loss=0.5778
13:06:00 | INFO    | holoqpi.engine.trainer |   epoch 36 step 80/140 loss=0.4381
13:06:02 | INFO    | holoqpi.engine.trainer |   epoch 36 step 100/140 loss=0.4448
13:06:04 | INFO    | holoqpi.engine.trainer |   epoch 36 step 120/140 loss=0.7416
13:06:51 | INFO    | holoqpi.engine.trainer | epoch 36/60 (59s = 13s train + 46s val) | train_loss=0.5667  val_phase_mae=0.1733  val_dice=0.8203  val_cls_acc=0.5354  val_mass_mape=0.1961
13:06:52 | INFO    | holoqpi.engine.trainer |   epoch 37 step 0/140 loss=0.5449
13:06:53 | INFO    | holoqpi.engine.trainer |   epoch 37 step 20/140 loss=0.5762
13:06:55 | INFO    | holoqpi.engine.trainer |   epoch 37 step 40/140 loss=0.4995
13:06:57 | INFO    | holoqpi.engine.trainer |   epoch 37 step 60/140 loss=0.6328
13:06:59 | INFO    | holoqpi.engine.trainer |   epoch 37 step 80/140 loss=0.6578
13:07:01 | INFO    | holoqpi.engine.trainer |   epoch 37 step 100/140 loss=0.5174
13:07:02 | INFO    | holoqpi.engine.trainer |   epoch 37 step 120/140 loss=0.5224
13:07:50 | INFO    | holoqpi.engine.trainer | epoch 37/60 (58s = 13s train + 45s val) | train_loss=0.5619  val_phase_mae=0.1692  val_dice=0.8189  val_cls_acc=0.7165  val_mass_mape=0.1872
13:07:50 | INFO    | holoqpi.engine.trainer |   epoch 38 step 0/140 loss=0.5671
13:07:52 | INFO    | holoqpi.engine.trainer |   epoch 38 step 20/140 loss=0.6502
13:07:54 | INFO    | holoqpi.engine.trainer |   epoch 38 step 40/140 loss=0.5208
13:07:56 | INFO    | holoqpi.engine.trainer |   epoch 38 step 60/140 loss=0.5396
13:07:57 | INFO    | holoqpi.engine.trainer |   epoch 38 step 80/140 loss=0.4715
13:07:59 | INFO    | holoqpi.engine.trainer |   epoch 38 step 100/140 loss=0.6912
13:08:01 | INFO    | holoqpi.engine.trainer |   epoch 38 step 120/140 loss=0.5063
13:08:49 | INFO    | holoqpi.engine.trainer | epoch 38/60 (59s = 13s train + 46s val) | train_loss=0.5635  val_phase_mae=0.1713  val_dice=0.8148  val_cls_acc=0.6378  val_mass_mape=0.2005
13:08:49 | INFO    | holoqpi.engine.trainer |   epoch 39 step 0/140 loss=0.6474
13:08:51 | INFO    | holoqpi.engine.trainer |   epoch 39 step 20/140 loss=0.4851
13:08:53 | INFO    | holoqpi.engine.trainer |   epoch 39 step 40/140 loss=0.5052
13:08:55 | INFO    | holoqpi.engine.trainer |   epoch 39 step 60/140 loss=0.5532
13:08:57 | INFO    | holoqpi.engine.trainer |   epoch 39 step 80/140 loss=0.4999
13:08:58 | INFO    | holoqpi.engine.trainer |   epoch 39 step 100/140 loss=0.7268
13:09:00 | INFO    | holoqpi.engine.trainer |   epoch 39 step 120/140 loss=0.5092
13:09:48 | INFO    | holoqpi.engine.trainer | epoch 39/60 (60s = 13s train + 46s val) | train_loss=0.5540  val_phase_mae=0.1696  val_dice=0.8181  val_cls_acc=0.7244  val_mass_mape=0.1926
13:09:49 | INFO    | holoqpi.engine.trainer |   epoch 40 step 0/140 loss=0.6278
13:09:51 | INFO    | holoqpi.engine.trainer |   epoch 40 step 20/140 loss=0.4327
13:09:52 | INFO    | holoqpi.engine.trainer |   epoch 40 step 40/140 loss=0.4155
13:09:54 | INFO    | holoqpi.engine.trainer |   epoch 40 step 60/140 loss=0.5450
13:09:56 | INFO    | holoqpi.engine.trainer |   epoch 40 step 80/140 loss=0.4953
13:09:58 | INFO    | holoqpi.engine.trainer |   epoch 40 step 100/140 loss=0.6084
13:10:00 | INFO    | holoqpi.engine.trainer |   epoch 40 step 120/140 loss=0.4523
13:10:48 | INFO    | holoqpi.engine.trainer | epoch 40/60 (59s = 13s train + 46s val) | train_loss=0.5405  val_phase_mae=0.1681  val_dice=0.8218  val_cls_acc=0.6850  val_mass_mape=0.1922
13:10:48 | INFO    | holoqpi.engine.trainer |   epoch 41 step 0/140 loss=0.6257
13:10:50 | INFO    | holoqpi.engine.trainer |   epoch 41 step 20/140 loss=0.4176
13:10:52 | INFO    | holoqpi.engine.trainer |   epoch 41 step 40/140 loss=0.4501
13:10:54 | INFO    | holoqpi.engine.trainer |   epoch 41 step 60/140 loss=0.6802
13:10:56 | INFO    | holoqpi.engine.trainer |   epoch 41 step 80/140 loss=0.4661
13:10:57 | INFO    | holoqpi.engine.trainer |   epoch 41 step 100/140 loss=0.4469
13:10:59 | INFO    | holoqpi.engine.trainer |   epoch 41 step 120/140 loss=0.4800
13:11:47 | INFO    | holoqpi.engine.trainer |   new best composite=0.8099
13:11:47 | INFO    | holoqpi.engine.trainer | epoch 41/60 (59s = 13s train + 46s val) | train_loss=0.5424  val_phase_mae=0.1682  val_dice=0.8219  val_cls_acc=0.7480  val_mass_mape=0.1856
13:11:48 | INFO    | holoqpi.engine.trainer |   epoch 42 step 0/140 loss=0.5625
13:11:50 | INFO    | holoqpi.engine.trainer |   epoch 42 step 20/140 loss=0.5548
13:11:52 | INFO    | holoqpi.engine.trainer |   epoch 42 step 40/140 loss=0.5080
13:11:53 | INFO    | holoqpi.engine.trainer |   epoch 42 step 60/140 loss=0.5834
13:11:55 | INFO    | holoqpi.engine.trainer |   epoch 42 step 80/140 loss=0.5400
13:11:57 | INFO    | holoqpi.engine.trainer |   epoch 42 step 100/140 loss=0.5893
13:11:59 | INFO    | holoqpi.engine.trainer |   epoch 42 step 120/140 loss=0.5636
13:12:46 | INFO    | holoqpi.engine.trainer | epoch 42/60 (59s = 13s train + 46s val) | train_loss=0.5275  val_phase_mae=0.1683  val_dice=0.8232  val_cls_acc=0.6535  val_mass_mape=0.1950
13:12:47 | INFO    | holoqpi.engine.trainer |   epoch 43 step 0/140 loss=0.5876
13:12:49 | INFO    | holoqpi.engine.trainer |   epoch 43 step 20/140 loss=0.6362
13:12:51 | INFO    | holoqpi.engine.trainer |   epoch 43 step 40/140 loss=0.5256
13:12:53 | INFO    | holoqpi.engine.trainer |   epoch 43 step 60/140 loss=0.4845
13:12:54 | INFO    | holoqpi.engine.trainer |   epoch 43 step 80/140 loss=0.5787
13:12:56 | INFO    | holoqpi.engine.trainer |   epoch 43 step 100/140 loss=0.5304
13:12:58 | INFO    | holoqpi.engine.trainer |   epoch 43 step 120/140 loss=0.4094
13:13:46 | INFO    | holoqpi.engine.trainer | epoch 43/60 (59s = 13s train + 46s val) | train_loss=0.5314  val_phase_mae=0.1683  val_dice=0.8133  val_cls_acc=0.7402  val_mass_mape=0.1901
13:13:46 | INFO    | holoqpi.engine.trainer |   epoch 44 step 0/140 loss=0.4694
13:13:48 | INFO    | holoqpi.engine.trainer |   epoch 44 step 20/140 loss=0.4716
13:13:50 | INFO    | holoqpi.engine.trainer |   epoch 44 step 40/140 loss=0.6637
13:13:52 | INFO    | holoqpi.engine.trainer |   epoch 44 step 60/140 loss=0.4159
13:13:53 | INFO    | holoqpi.engine.trainer |   epoch 44 step 80/140 loss=0.4728
13:13:55 | INFO    | holoqpi.engine.trainer |   epoch 44 step 100/140 loss=0.5520
13:13:57 | INFO    | holoqpi.engine.trainer |   epoch 44 step 120/140 loss=0.5590
13:14:45 | INFO    | holoqpi.engine.trainer | epoch 44/60 (59s = 13s train + 46s val) | train_loss=0.5235  val_phase_mae=0.1687  val_dice=0.8121  val_cls_acc=0.7795  val_mass_mape=0.1938
13:14:45 | INFO    | holoqpi.engine.trainer |   epoch 45 step 0/140 loss=0.4808
13:14:47 | INFO    | holoqpi.engine.trainer |   epoch 45 step 20/140 loss=0.3894
13:14:49 | INFO    | holoqpi.engine.trainer |   epoch 45 step 40/140 loss=0.7307
13:14:51 | INFO    | holoqpi.engine.trainer |   epoch 45 step 60/140 loss=0.5023
13:14:53 | INFO    | holoqpi.engine.trainer |   epoch 45 step 80/140 loss=0.6244
13:14:54 | INFO    | holoqpi.engine.trainer |   epoch 45 step 100/140 loss=0.5704
13:14:56 | INFO    | holoqpi.engine.trainer |   epoch 45 step 120/140 loss=0.5292
13:15:44 | INFO    | holoqpi.engine.trainer | epoch 45/60 (60s = 13s train + 46s val) | train_loss=0.5300  val_phase_mae=0.1678  val_dice=0.8140  val_cls_acc=0.6614  val_mass_mape=0.2024
13:15:45 | INFO    | holoqpi.engine.trainer |   epoch 46 step 0/140 loss=0.4868
13:15:47 | INFO    | holoqpi.engine.trainer |   epoch 46 step 20/140 loss=0.3935
13:15:48 | INFO    | holoqpi.engine.trainer |   epoch 46 step 40/140 loss=0.5723
13:15:50 | INFO    | holoqpi.engine.trainer |   epoch 46 step 60/140 loss=0.3972
13:15:52 | INFO    | holoqpi.engine.trainer |   epoch 46 step 80/140 loss=0.4828
13:15:54 | INFO    | holoqpi.engine.trainer |   epoch 46 step 100/140 loss=0.4514
13:15:56 | INFO    | holoqpi.engine.trainer |   epoch 46 step 120/140 loss=0.5150
13:16:44 | INFO    | holoqpi.engine.trainer | epoch 46/60 (60s = 13s train + 46s val) | train_loss=0.5124  val_phase_mae=0.1697  val_dice=0.8176  val_cls_acc=0.7165  val_mass_mape=0.1944
13:16:44 | INFO    | holoqpi.engine.trainer |   epoch 47 step 0/140 loss=0.4093
13:16:46 | INFO    | holoqpi.engine.trainer |   epoch 47 step 20/140 loss=0.5309
13:16:48 | INFO    | holoqpi.engine.trainer |   epoch 47 step 40/140 loss=0.5113
13:16:50 | INFO    | holoqpi.engine.trainer |   epoch 47 step 60/140 loss=0.5737
13:16:52 | INFO    | holoqpi.engine.trainer |   epoch 47 step 80/140 loss=0.5434
13:16:53 | INFO    | holoqpi.engine.trainer |   epoch 47 step 100/140 loss=0.5108
13:16:55 | INFO    | holoqpi.engine.trainer |   epoch 47 step 120/140 loss=0.4134
13:17:43 | INFO    | holoqpi.engine.trainer | epoch 47/60 (59s = 13s train + 46s val) | train_loss=0.5170  val_phase_mae=0.1707  val_dice=0.8133  val_cls_acc=0.6535  val_mass_mape=0.1982
13:17:43 | INFO    | holoqpi.engine.trainer |   epoch 48 step 0/140 loss=0.3997
13:17:45 | INFO    | holoqpi.engine.trainer |   epoch 48 step 20/140 loss=0.5365
13:17:47 | INFO    | holoqpi.engine.trainer |   epoch 48 step 40/140 loss=0.5678
13:17:49 | INFO    | holoqpi.engine.trainer |   epoch 48 step 60/140 loss=0.5375
13:17:51 | INFO    | holoqpi.engine.trainer |   epoch 48 step 80/140 loss=0.5579
13:17:52 | INFO    | holoqpi.engine.trainer |   epoch 48 step 100/140 loss=0.5184
13:17:54 | INFO    | holoqpi.engine.trainer |   epoch 48 step 120/140 loss=0.5544
13:18:42 | INFO    | holoqpi.engine.trainer | epoch 48/60 (60s = 13s train + 46s val) | train_loss=0.5117  val_phase_mae=0.1681  val_dice=0.8094  val_cls_acc=0.6850  val_mass_mape=0.1929
13:18:43 | INFO    | holoqpi.engine.trainer |   epoch 49 step 0/140 loss=0.4196
13:18:45 | INFO    | holoqpi.engine.trainer |   epoch 49 step 20/140 loss=0.4909
13:18:46 | INFO    | holoqpi.engine.trainer |   epoch 49 step 40/140 loss=0.4835
13:18:48 | INFO    | holoqpi.engine.trainer |   epoch 49 step 60/140 loss=0.4366
13:18:50 | INFO    | holoqpi.engine.trainer |   epoch 49 step 80/140 loss=0.4317
13:18:52 | INFO    | holoqpi.engine.trainer |   epoch 49 step 100/140 loss=0.5006
13:18:54 | INFO    | holoqpi.engine.trainer |   epoch 49 step 120/140 loss=0.4953
13:19:41 | INFO    | holoqpi.engine.trainer | epoch 49/60 (59s = 13s train + 46s val) | train_loss=0.5099  val_phase_mae=0.1688  val_dice=0.8167  val_cls_acc=0.6929  val_mass_mape=0.1949
13:19:41 | INFO    | holoqpi.engine.trainer |   epoch 50 step 0/140 loss=0.4575
13:19:43 | INFO    | holoqpi.engine.trainer |   epoch 50 step 20/140 loss=0.4296
13:19:45 | INFO    | holoqpi.engine.trainer |   epoch 50 step 40/140 loss=0.7508
13:19:47 | INFO    | holoqpi.engine.trainer |   epoch 50 step 60/140 loss=0.3623
13:19:49 | INFO    | holoqpi.engine.trainer |   epoch 50 step 80/140 loss=0.4600
13:19:51 | INFO    | holoqpi.engine.trainer |   epoch 50 step 100/140 loss=0.4720
13:19:52 | INFO    | holoqpi.engine.trainer |   epoch 50 step 120/140 loss=0.4807
13:20:40 | INFO    | holoqpi.engine.trainer | epoch 50/60 (59s = 13s train + 46s val) | train_loss=0.5141  val_phase_mae=0.1684  val_dice=0.8180  val_cls_acc=0.6299  val_mass_mape=0.1946
13:20:41 | INFO    | holoqpi.engine.trainer |   epoch 51 step 0/140 loss=0.4759
13:20:42 | INFO    | holoqpi.engine.trainer |   epoch 51 step 20/140 loss=0.8095
13:20:44 | INFO    | holoqpi.engine.trainer |   epoch 51 step 40/140 loss=0.4351
13:20:46 | INFO    | holoqpi.engine.trainer |   epoch 51 step 60/140 loss=0.4465
13:20:48 | INFO    | holoqpi.engine.trainer |   epoch 51 step 80/140 loss=0.4838
13:20:50 | INFO    | holoqpi.engine.trainer |   epoch 51 step 100/140 loss=0.5645
13:20:52 | INFO    | holoqpi.engine.trainer |   epoch 51 step 120/140 loss=0.4745
13:21:39 | INFO    | holoqpi.engine.trainer | epoch 51/60 (59s = 13s train + 46s val) | train_loss=0.5039  val_phase_mae=0.1710  val_dice=0.8054  val_cls_acc=0.7165  val_mass_mape=0.1989
13:21:40 | INFO    | holoqpi.engine.trainer |   epoch 52 step 0/140 loss=0.8365
13:21:41 | INFO    | holoqpi.engine.trainer |   epoch 52 step 20/140 loss=0.4586
13:21:43 | INFO    | holoqpi.engine.trainer |   epoch 52 step 40/140 loss=0.4886
13:21:45 | INFO    | holoqpi.engine.trainer |   epoch 52 step 60/140 loss=0.5218
13:21:47 | INFO    | holoqpi.engine.trainer |   epoch 52 step 80/140 loss=0.5374
13:21:49 | INFO    | holoqpi.engine.trainer |   epoch 52 step 100/140 loss=0.5086
13:21:50 | INFO    | holoqpi.engine.trainer |   epoch 52 step 120/140 loss=0.4939
13:22:37 | INFO    | holoqpi.engine.trainer | epoch 52/60 (58s = 13s train + 45s val) | train_loss=0.5218  val_phase_mae=0.1702  val_dice=0.8146  val_cls_acc=0.6142  val_mass_mape=0.1942
13:22:38 | INFO    | holoqpi.engine.trainer |   epoch 53 step 0/140 loss=0.5617
13:22:39 | INFO    | holoqpi.engine.trainer |   epoch 53 step 20/140 loss=0.5144
13:22:41 | INFO    | holoqpi.engine.trainer |   epoch 53 step 40/140 loss=0.4588
13:22:43 | INFO    | holoqpi.engine.trainer |   epoch 53 step 60/140 loss=0.3898
13:22:45 | INFO    | holoqpi.engine.trainer |   epoch 53 step 80/140 loss=0.5407
13:22:47 | INFO    | holoqpi.engine.trainer |   epoch 53 step 100/140 loss=0.5364
13:22:48 | INFO    | holoqpi.engine.trainer |   epoch 53 step 120/140 loss=0.4135
13:23:35 | INFO    | holoqpi.engine.trainer | epoch 53/60 (58s = 13s train + 45s val) | train_loss=0.4994  val_phase_mae=0.1694  val_dice=0.8092  val_cls_acc=0.6457  val_mass_mape=0.1997
13:23:36 | INFO    | holoqpi.engine.trainer |   epoch 54 step 0/140 loss=0.5314
13:23:38 | INFO    | holoqpi.engine.trainer |   epoch 54 step 20/140 loss=0.6108
13:23:40 | INFO    | holoqpi.engine.trainer |   epoch 54 step 40/140 loss=0.4479
13:23:41 | INFO    | holoqpi.engine.trainer |   epoch 54 step 60/140 loss=0.5045
13:23:43 | INFO    | holoqpi.engine.trainer |   epoch 54 step 80/140 loss=0.4485
13:23:45 | INFO    | holoqpi.engine.trainer |   epoch 54 step 100/140 loss=0.4226
13:23:47 | INFO    | holoqpi.engine.trainer |   epoch 54 step 120/140 loss=0.4716
13:24:35 | INFO    | holoqpi.engine.trainer | epoch 54/60 (59s = 13s train + 46s val) | train_loss=0.4990  val_phase_mae=0.1713  val_dice=0.8047  val_cls_acc=0.6142  val_mass_mape=0.1955
13:24:35 | INFO    | holoqpi.engine.trainer |   epoch 55 step 0/140 loss=0.3923
13:24:37 | INFO    | holoqpi.engine.trainer |   epoch 55 step 20/140 loss=0.5131
13:24:39 | INFO    | holoqpi.engine.trainer |   epoch 55 step 40/140 loss=0.5764
13:24:40 | INFO    | holoqpi.engine.trainer |   epoch 55 step 60/140 loss=0.4880
13:24:42 | INFO    | holoqpi.engine.trainer |   epoch 55 step 80/140 loss=0.3723
13:24:44 | INFO    | holoqpi.engine.trainer |   epoch 55 step 100/140 loss=0.3783
13:24:46 | INFO    | holoqpi.engine.trainer |   epoch 55 step 120/140 loss=0.4289
13:25:33 | INFO    | holoqpi.engine.trainer | epoch 55/60 (59s = 13s train + 46s val) | train_loss=0.4995  val_phase_mae=0.1692  val_dice=0.8105  val_cls_acc=0.5669  val_mass_mape=0.1926
13:25:34 | INFO    | holoqpi.engine.trainer |   epoch 56 step 0/140 loss=0.4537
13:25:36 | INFO    | holoqpi.engine.trainer |   epoch 56 step 20/140 loss=0.6199
13:25:37 | INFO    | holoqpi.engine.trainer |   epoch 56 step 40/140 loss=0.4357
13:25:39 | INFO    | holoqpi.engine.trainer |   epoch 56 step 60/140 loss=0.4172
13:25:41 | INFO    | holoqpi.engine.trainer |   epoch 56 step 80/140 loss=0.4220
13:25:43 | INFO    | holoqpi.engine.trainer |   epoch 56 step 100/140 loss=0.4561
13:25:45 | INFO    | holoqpi.engine.trainer |   epoch 56 step 120/140 loss=0.4164
13:26:31 | INFO    | holoqpi.engine.trainer | epoch 56/60 (58s = 13s train + 45s val) | train_loss=0.4955  val_phase_mae=0.1700  val_dice=0.8166  val_cls_acc=0.6378  val_mass_mape=0.1977
13:26:32 | INFO    | holoqpi.engine.trainer |   epoch 57 step 0/140 loss=0.4783
13:26:34 | INFO    | holoqpi.engine.trainer |   epoch 57 step 20/140 loss=0.4012
13:26:35 | INFO    | holoqpi.engine.trainer |   epoch 57 step 40/140 loss=0.3542
13:26:37 | INFO    | holoqpi.engine.trainer |   epoch 57 step 60/140 loss=0.5133
13:26:39 | INFO    | holoqpi.engine.trainer |   epoch 57 step 80/140 loss=0.4916
13:26:41 | INFO    | holoqpi.engine.trainer |   epoch 57 step 100/140 loss=0.4563
13:26:43 | INFO    | holoqpi.engine.trainer |   epoch 57 step 120/140 loss=0.5079
13:27:29 | INFO    | holoqpi.engine.trainer | epoch 57/60 (58s = 13s train + 45s val) | train_loss=0.4914  val_phase_mae=0.1694  val_dice=0.8129  val_cls_acc=0.6299  val_mass_mape=0.1931
13:27:30 | INFO    | holoqpi.engine.trainer |   epoch 58 step 0/140 loss=0.5914
13:27:32 | INFO    | holoqpi.engine.trainer |   epoch 58 step 20/140 loss=0.4796
13:27:34 | INFO    | holoqpi.engine.trainer |   epoch 58 step 40/140 loss=0.5389
13:27:35 | INFO    | holoqpi.engine.trainer |   epoch 58 step 60/140 loss=0.5721
13:27:37 | INFO    | holoqpi.engine.trainer |   epoch 58 step 80/140 loss=0.6090
13:27:39 | INFO    | holoqpi.engine.trainer |   epoch 58 step 100/140 loss=0.4593
13:27:41 | INFO    | holoqpi.engine.trainer |   epoch 58 step 120/140 loss=0.4472
13:28:28 | INFO    | holoqpi.engine.trainer | epoch 58/60 (58s = 13s train + 45s val) | train_loss=0.5059  val_phase_mae=0.1688  val_dice=0.8093  val_cls_acc=0.7087  val_mass_mape=0.1961
13:28:28 | INFO    | holoqpi.engine.trainer |   epoch 59 step 0/140 loss=0.4085
13:28:30 | INFO    | holoqpi.engine.trainer |   epoch 59 step 20/140 loss=0.4358
13:28:32 | INFO    | holoqpi.engine.trainer |   epoch 59 step 40/140 loss=0.4625
13:28:34 | INFO    | holoqpi.engine.trainer |   epoch 59 step 60/140 loss=0.5970
13:28:36 | INFO    | holoqpi.engine.trainer |   epoch 59 step 80/140 loss=0.5430
13:28:38 | INFO    | holoqpi.engine.trainer |   epoch 59 step 100/140 loss=0.3488
13:28:39 | INFO    | holoqpi.engine.trainer |   epoch 59 step 120/140 loss=0.4078
13:29:27 | INFO    | holoqpi.engine.trainer | epoch 59/60 (59s = 13s train + 46s val) | train_loss=0.4884  val_phase_mae=0.1688  val_dice=0.8160  val_cls_acc=0.6614  val_mass_mape=0.1941
13:29:27 | INFO    | holoqpi.engine.trainer |   epoch 60 step 0/140 loss=0.3945
13:29:29 | INFO    | holoqpi.engine.trainer |   epoch 60 step 20/140 loss=0.4313
13:29:31 | INFO    | holoqpi.engine.trainer |   epoch 60 step 40/140 loss=0.7210
13:29:32 | INFO    | holoqpi.engine.trainer |   epoch 60 step 60/140 loss=0.4524
13:29:34 | INFO    | holoqpi.engine.trainer |   epoch 60 step 80/140 loss=0.4836
13:29:36 | INFO    | holoqpi.engine.trainer |   epoch 60 step 100/140 loss=0.4576
13:29:38 | INFO    | holoqpi.engine.trainer |   epoch 60 step 120/140 loss=0.5348
13:30:25 | INFO    | holoqpi.engine.trainer | epoch 60/60 (58s = 13s train + 46s val) | train_loss=0.4916  val_phase_mae=0.1681  val_dice=0.8159  val_cls_acc=0.6378  val_mass_mape=0.1919
13:30:25 | INFO    | holoqpi.engine.trainer | training finished; best epoch 41 (composite=0.8099)
13:30:26 | INFO    | holoqpi.engine.trainer | checkpoint best_model.pt: 446/446 tensors matched
13:31:08 | INFO    | holoqpi.engine.compare | modality=off_axis test metrics written to runs/no_measurement_off_axis
13:31:08 | INFO    | holoqpi.engine.compare | ======================================================================
13:31:08 | INFO    | holoqpi.engine.compare | modality=gabor  device=cuda  run_dir=runs/no_measurement_gabor
13:31:08 | INFO    | holoqpi.engine.compare | ======================================================================
13:31:08 | INFO    | holoqpi.data.dataset | train split: 560 samples | modality=gabor | crop=512 | augment=True
13:31:08 | INFO    | holoqpi.data.dataset | val split: 127 samples | modality=gabor | crop=None | augment=False
13:31:08 | INFO    | holoqpi.data.dataset | test split: 113 samples | modality=gabor | crop=None | augment=False
13:31:08 | INFO    | holoqpi.models.encoders | encoder=mobilenet_v2 in_channels=1 pretrained=True stages=[16, 24, 32, 96, 1280]
13:31:08 | INFO    | holoqpi.models.holonet | HoloQPINet built: 9.76M parameters, 9.76M trainable (100.0%)
13:31:08 | INFO    | holoqpi.engine.trainer | trainable 9.76M / 9.76M parameters (100.0%)
13:31:08 | INFO    | holoqpi.engine.trainer | active physics terms: ['phase_mask_contrast', 'boundary_gradient_alignment', 'phase_volume']
13:31:09 | INFO    | holoqpi.engine.trainer |   epoch 1 step 0/140 loss=2.2876
13:31:11 | INFO    | holoqpi.engine.trainer |   epoch 1 step 20/140 loss=2.0495
13:31:13 | INFO    | holoqpi.engine.trainer |   epoch 1 step 40/140 loss=1.5135
13:31:15 | INFO    | holoqpi.engine.trainer |   epoch 1 step 60/140 loss=1.3632
13:31:17 | INFO    | holoqpi.engine.trainer |   epoch 1 step 80/140 loss=1.3059
13:31:18 | INFO    | holoqpi.engine.trainer |   epoch 1 step 100/140 loss=1.1395
13:31:20 | INFO    | holoqpi.engine.trainer |   epoch 1 step 120/140 loss=1.2550
13:32:09 | INFO    | holoqpi.engine.trainer |   new best composite=0.6742
13:32:09 | INFO    | holoqpi.engine.trainer | epoch 1/60 (60s = 14s train + 46s val) | train_loss=1.5034  val_phase_mae=0.2243  val_dice=0.6857  val_cls_acc=0.3937  val_mass_mape=0.2959
13:32:09 | INFO    | holoqpi.engine.trainer |   at this rate the full 60-epoch schedule takes about 60 min
13:32:09 | INFO    | holoqpi.engine.trainer |   epoch 2 step 0/140 loss=1.1289
13:32:11 | INFO    | holoqpi.engine.trainer |   epoch 2 step 20/140 loss=1.2236
13:32:13 | INFO    | holoqpi.engine.trainer |   epoch 2 step 40/140 loss=1.0476
13:32:15 | INFO    | holoqpi.engine.trainer |   epoch 2 step 60/140 loss=0.9999
13:32:17 | INFO    | holoqpi.engine.trainer |   epoch 2 step 80/140 loss=1.3057
13:32:19 | INFO    | holoqpi.engine.trainer |   epoch 2 step 100/140 loss=0.8840
13:32:20 | INFO    | holoqpi.engine.trainer |   epoch 2 step 120/140 loss=1.1433
13:33:07 | INFO    | holoqpi.engine.trainer |   new best composite=0.6952
13:33:07 | INFO    | holoqpi.engine.trainer | epoch 2/60 (58s = 13s train + 45s val) | train_loss=1.1136  val_phase_mae=0.2295  val_dice=0.7028  val_cls_acc=0.4094  val_mass_mape=0.2683
13:33:08 | INFO    | holoqpi.engine.trainer |   epoch 3 step 0/140 loss=0.9864
13:33:10 | INFO    | holoqpi.engine.trainer |   epoch 3 step 20/140 loss=0.8202
13:33:12 | INFO    | holoqpi.engine.trainer |   epoch 3 step 40/140 loss=1.1974
13:33:14 | INFO    | holoqpi.engine.trainer |   epoch 3 step 60/140 loss=0.9659
13:33:15 | INFO    | holoqpi.engine.trainer |   epoch 3 step 80/140 loss=0.8459
13:33:17 | INFO    | holoqpi.engine.trainer |   epoch 3 step 100/140 loss=1.2468
13:33:19 | INFO    | holoqpi.engine.trainer |   epoch 3 step 120/140 loss=1.1214
13:34:06 | INFO    | holoqpi.engine.trainer |   new best composite=0.6955
13:34:06 | INFO    | holoqpi.engine.trainer | epoch 3/60 (59s = 14s train + 45s val) | train_loss=0.9827  val_phase_mae=0.2088  val_dice=0.7392  val_cls_acc=0.4488  val_mass_mape=0.3949
13:34:07 | INFO    | holoqpi.engine.trainer |   epoch 4 step 0/140 loss=0.8966
13:34:09 | INFO    | holoqpi.engine.trainer |   epoch 4 step 20/140 loss=1.0362
13:34:11 | INFO    | holoqpi.engine.trainer |   epoch 4 step 40/140 loss=0.9926
13:34:13 | INFO    | holoqpi.engine.trainer |   epoch 4 step 60/140 loss=1.3892
13:34:14 | INFO    | holoqpi.engine.trainer |   epoch 4 step 80/140 loss=0.9596
13:34:16 | INFO    | holoqpi.engine.trainer |   epoch 4 step 100/140 loss=0.9183
13:34:18 | INFO    | holoqpi.engine.trainer |   epoch 4 step 120/140 loss=0.8116
13:35:05 | INFO    | holoqpi.engine.trainer |   new best composite=0.7162
13:35:05 | INFO    | holoqpi.engine.trainer | epoch 4/60 (59s = 14s train + 45s val) | train_loss=0.9642  val_phase_mae=0.2006  val_dice=0.7356  val_cls_acc=0.5827  val_mass_mape=0.3058
13:35:06 | INFO    | holoqpi.engine.trainer |   epoch 5 step 0/140 loss=0.8331
13:35:08 | INFO    | holoqpi.engine.trainer |   epoch 5 step 20/140 loss=0.7625
13:35:09 | INFO    | holoqpi.engine.trainer |   epoch 5 step 40/140 loss=0.8377
13:35:11 | INFO    | holoqpi.engine.trainer |   epoch 5 step 60/140 loss=1.0883
13:35:13 | INFO    | holoqpi.engine.trainer |   epoch 5 step 80/140 loss=1.0002
13:35:15 | INFO    | holoqpi.engine.trainer |   epoch 5 step 100/140 loss=0.8580
13:35:17 | INFO    | holoqpi.engine.trainer |   epoch 5 step 120/140 loss=1.0401
13:36:03 | INFO    | holoqpi.engine.trainer |   new best composite=0.7301
13:36:03 | INFO    | holoqpi.engine.trainer | epoch 5/60 (58s = 14s train + 44s val) | train_loss=0.9324  val_phase_mae=0.1980  val_dice=0.7550  val_cls_acc=0.5984  val_mass_mape=0.3038
13:36:04 | INFO    | holoqpi.engine.trainer |   epoch 6 step 0/140 loss=1.2090
13:36:05 | INFO    | holoqpi.engine.trainer |   epoch 6 step 20/140 loss=1.0732
13:36:07 | INFO    | holoqpi.engine.trainer |   epoch 6 step 40/140 loss=0.8553
13:36:09 | INFO    | holoqpi.engine.trainer |   epoch 6 step 60/140 loss=0.6921
13:36:11 | INFO    | holoqpi.engine.trainer |   epoch 6 step 80/140 loss=0.7377
13:36:13 | INFO    | holoqpi.engine.trainer |   epoch 6 step 100/140 loss=0.7368
13:36:15 | INFO    | holoqpi.engine.trainer |   epoch 6 step 120/140 loss=0.7869
13:37:01 | INFO    | holoqpi.engine.trainer | epoch 6/60 (58s = 13s train + 44s val) | train_loss=0.9109  val_phase_mae=0.2016  val_dice=0.7447  val_cls_acc=0.5748  val_mass_mape=0.3419
13:37:01 | INFO    | holoqpi.engine.trainer |   epoch 7 step 0/140 loss=0.7373
13:37:03 | INFO    | holoqpi.engine.trainer |   epoch 7 step 20/140 loss=0.9894
13:37:05 | INFO    | holoqpi.engine.trainer |   epoch 7 step 40/140 loss=1.0918
13:37:07 | INFO    | holoqpi.engine.trainer |   epoch 7 step 60/140 loss=0.8591
13:37:08 | INFO    | holoqpi.engine.trainer |   epoch 7 step 80/140 loss=0.7835
13:37:10 | INFO    | holoqpi.engine.trainer |   epoch 7 step 100/140 loss=1.0041
13:37:12 | INFO    | holoqpi.engine.trainer |   epoch 7 step 120/140 loss=0.9425
13:37:58 | INFO    | holoqpi.engine.trainer | epoch 7/60 (58s = 13s train + 44s val) | train_loss=0.8929  val_phase_mae=0.2226  val_dice=0.7358  val_cls_acc=0.6142  val_mass_mape=0.5621
13:37:59 | INFO    | holoqpi.engine.trainer |   epoch 8 step 0/140 loss=0.8092
13:38:00 | INFO    | holoqpi.engine.trainer |   epoch 8 step 20/140 loss=1.0248
13:38:02 | INFO    | holoqpi.engine.trainer |   epoch 8 step 40/140 loss=0.8888
13:38:04 | INFO    | holoqpi.engine.trainer |   epoch 8 step 60/140 loss=0.7274
13:38:06 | INFO    | holoqpi.engine.trainer |   epoch 8 step 80/140 loss=1.0909
13:38:08 | INFO    | holoqpi.engine.trainer |   epoch 8 step 100/140 loss=0.8764
13:38:09 | INFO    | holoqpi.engine.trainer |   epoch 8 step 120/140 loss=0.8599
13:38:55 | INFO    | holoqpi.engine.trainer |   new best composite=0.7317
13:38:55 | INFO    | holoqpi.engine.trainer | epoch 8/60 (57s = 13s train + 44s val) | train_loss=0.8870  val_phase_mae=0.2013  val_dice=0.7380  val_cls_acc=0.5984  val_mass_mape=0.2493
13:38:56 | INFO    | holoqpi.engine.trainer |   epoch 9 step 0/140 loss=0.8066
13:38:57 | INFO    | holoqpi.engine.trainer |   epoch 9 step 20/140 loss=0.6693
13:38:59 | INFO    | holoqpi.engine.trainer |   epoch 9 step 40/140 loss=1.0368
13:39:01 | INFO    | holoqpi.engine.trainer |   epoch 9 step 60/140 loss=0.8782
13:39:03 | INFO    | holoqpi.engine.trainer |   epoch 9 step 80/140 loss=0.8516
13:39:05 | INFO    | holoqpi.engine.trainer |   epoch 9 step 100/140 loss=0.7551
13:39:07 | INFO    | holoqpi.engine.trainer |   epoch 9 step 120/140 loss=0.8583
13:39:53 | INFO    | holoqpi.engine.trainer |   new best composite=0.7402
13:39:53 | INFO    | holoqpi.engine.trainer | epoch 9/60 (58s = 13s train + 45s val) | train_loss=0.8805  val_phase_mae=0.1909  val_dice=0.7446  val_cls_acc=0.6142  val_mass_mape=0.2413
13:39:54 | INFO    | holoqpi.engine.trainer |   epoch 10 step 0/140 loss=0.9042
13:39:56 | INFO    | holoqpi.engine.trainer |   epoch 10 step 20/140 loss=0.7303
13:39:57 | INFO    | holoqpi.engine.trainer |   epoch 10 step 40/140 loss=1.0384
13:39:59 | INFO    | holoqpi.engine.trainer |   epoch 10 step 60/140 loss=0.8626
13:40:01 | INFO    | holoqpi.engine.trainer |   epoch 10 step 80/140 loss=1.0640
13:40:03 | INFO    | holoqpi.engine.trainer |   epoch 10 step 100/140 loss=1.0509
13:40:05 | INFO    | holoqpi.engine.trainer |   epoch 10 step 120/140 loss=0.8931
13:40:51 | INFO    | holoqpi.engine.trainer |   new best composite=0.7473
13:40:51 | INFO    | holoqpi.engine.trainer | epoch 10/60 (57s = 13s train + 44s val) | train_loss=0.8820  val_phase_mae=0.1876  val_dice=0.7577  val_cls_acc=0.5354  val_mass_mape=0.2484
13:40:51 | INFO    | holoqpi.engine.trainer |   epoch 11 step 0/140 loss=0.8208
13:40:53 | INFO    | holoqpi.engine.trainer |   epoch 11 step 20/140 loss=0.8792
13:40:55 | INFO    | holoqpi.engine.trainer |   epoch 11 step 40/140 loss=1.0171
13:40:57 | INFO    | holoqpi.engine.trainer |   epoch 11 step 60/140 loss=0.7046
13:40:58 | INFO    | holoqpi.engine.trainer |   epoch 11 step 80/140 loss=0.6709
13:41:00 | INFO    | holoqpi.engine.trainer |   epoch 11 step 100/140 loss=0.6851
13:41:02 | INFO    | holoqpi.engine.trainer |   epoch 11 step 120/140 loss=0.7507
13:41:48 | INFO    | holoqpi.engine.trainer | epoch 11/60 (57s = 13s train + 44s val) | train_loss=0.8681  val_phase_mae=0.1997  val_dice=0.7445  val_cls_acc=0.6772  val_mass_mape=0.2852
13:41:48 | INFO    | holoqpi.engine.trainer |   epoch 12 step 0/140 loss=0.7370
13:41:50 | INFO    | holoqpi.engine.trainer |   epoch 12 step 20/140 loss=1.2706
13:41:52 | INFO    | holoqpi.engine.trainer |   epoch 12 step 40/140 loss=0.7523
13:41:54 | INFO    | holoqpi.engine.trainer |   epoch 12 step 60/140 loss=1.4748
13:41:55 | INFO    | holoqpi.engine.trainer |   epoch 12 step 80/140 loss=1.1166
13:41:57 | INFO    | holoqpi.engine.trainer |   epoch 12 step 100/140 loss=0.6898
13:41:59 | INFO    | holoqpi.engine.trainer |   epoch 12 step 120/140 loss=0.6718
13:42:45 | INFO    | holoqpi.engine.trainer | epoch 12/60 (58s = 13s train + 45s val) | train_loss=0.8508  val_phase_mae=0.1989  val_dice=0.7397  val_cls_acc=0.5827  val_mass_mape=0.2712
13:42:46 | INFO    | holoqpi.engine.trainer |   epoch 13 step 0/140 loss=0.8717
13:42:48 | INFO    | holoqpi.engine.trainer |   epoch 13 step 20/140 loss=0.8785
13:42:49 | INFO    | holoqpi.engine.trainer |   epoch 13 step 40/140 loss=1.1602
13:42:51 | INFO    | holoqpi.engine.trainer |   epoch 13 step 60/140 loss=0.8583
13:42:53 | INFO    | holoqpi.engine.trainer |   epoch 13 step 80/140 loss=1.1383
13:42:55 | INFO    | holoqpi.engine.trainer |   epoch 13 step 100/140 loss=0.8565
13:42:57 | INFO    | holoqpi.engine.trainer |   epoch 13 step 120/140 loss=0.7744
13:43:42 | INFO    | holoqpi.engine.trainer |   new best composite=0.7504
13:43:42 | INFO    | holoqpi.engine.trainer | epoch 13/60 (57s = 13s train + 44s val) | train_loss=0.8632  val_phase_mae=0.1878  val_dice=0.7560  val_cls_acc=0.4961  val_mass_mape=0.2347
13:43:43 | INFO    | holoqpi.engine.trainer |   epoch 14 step 0/140 loss=0.8905
13:43:45 | INFO    | holoqpi.engine.trainer |   epoch 14 step 20/140 loss=1.0074
13:43:47 | INFO    | holoqpi.engine.trainer |   epoch 14 step 40/140 loss=0.9420
13:43:48 | INFO    | holoqpi.engine.trainer |   epoch 14 step 60/140 loss=0.6851
13:43:50 | INFO    | holoqpi.engine.trainer |   epoch 14 step 80/140 loss=0.9878
13:43:52 | INFO    | holoqpi.engine.trainer |   epoch 14 step 100/140 loss=0.7072
13:43:54 | INFO    | holoqpi.engine.trainer |   epoch 14 step 120/140 loss=0.7618
13:44:40 | INFO    | holoqpi.engine.trainer | epoch 14/60 (58s = 13s train + 44s val) | train_loss=0.8480  val_phase_mae=0.1889  val_dice=0.7574  val_cls_acc=0.4882  val_mass_mape=0.2391
13:44:41 | INFO    | holoqpi.engine.trainer |   epoch 15 step 0/140 loss=0.7628
13:44:42 | INFO    | holoqpi.engine.trainer |   epoch 15 step 20/140 loss=0.6923
13:44:44 | INFO    | holoqpi.engine.trainer |   epoch 15 step 40/140 loss=0.6384
13:44:46 | INFO    | holoqpi.engine.trainer |   epoch 15 step 60/140 loss=1.0612
13:44:48 | INFO    | holoqpi.engine.trainer |   epoch 15 step 80/140 loss=1.1853
13:44:50 | INFO    | holoqpi.engine.trainer |   epoch 15 step 100/140 loss=0.6922
13:44:52 | INFO    | holoqpi.engine.trainer |   epoch 15 step 120/140 loss=0.8070
13:45:37 | INFO    | holoqpi.engine.trainer | epoch 15/60 (57s = 13s train + 44s val) | train_loss=0.8394  val_phase_mae=0.1900  val_dice=0.7486  val_cls_acc=0.5984  val_mass_mape=0.2416
13:45:37 | INFO    | holoqpi.engine.trainer |   epoch 16 step 0/140 loss=0.9414
13:45:39 | INFO    | holoqpi.engine.trainer |   epoch 16 step 20/140 loss=0.9992
13:45:41 | INFO    | holoqpi.engine.trainer |   epoch 16 step 40/140 loss=0.7199
13:45:43 | INFO    | holoqpi.engine.trainer |   epoch 16 step 60/140 loss=0.7823
13:45:45 | INFO    | holoqpi.engine.trainer |   epoch 16 step 80/140 loss=0.7268
13:45:46 | INFO    | holoqpi.engine.trainer |   epoch 16 step 100/140 loss=1.1074
13:45:48 | INFO    | holoqpi.engine.trainer |   epoch 16 step 120/140 loss=0.8514
13:46:34 | INFO    | holoqpi.engine.trainer | epoch 16/60 (57s = 13s train + 44s val) | train_loss=0.8328  val_phase_mae=0.1906  val_dice=0.7543  val_cls_acc=0.6220  val_mass_mape=0.2410
13:46:34 | INFO    | holoqpi.engine.trainer |   epoch 17 step 0/140 loss=0.9928
13:46:36 | INFO    | holoqpi.engine.trainer |   epoch 17 step 20/140 loss=1.1948
13:46:38 | INFO    | holoqpi.engine.trainer |   epoch 17 step 40/140 loss=1.2484
13:46:40 | INFO    | holoqpi.engine.trainer |   epoch 17 step 60/140 loss=0.6588
13:46:42 | INFO    | holoqpi.engine.trainer |   epoch 17 step 80/140 loss=0.7246
13:46:44 | INFO    | holoqpi.engine.trainer |   epoch 17 step 100/140 loss=1.1218
13:46:45 | INFO    | holoqpi.engine.trainer |   epoch 17 step 120/140 loss=0.6800
13:47:31 | INFO    | holoqpi.engine.trainer | epoch 17/60 (57s = 13s train + 44s val) | train_loss=0.8226  val_phase_mae=0.1902  val_dice=0.7512  val_cls_acc=0.6693  val_mass_mape=0.2332
13:47:32 | INFO    | holoqpi.engine.trainer |   epoch 18 step 0/140 loss=0.6278
13:47:33 | INFO    | holoqpi.engine.trainer |   epoch 18 step 20/140 loss=0.7660
13:47:35 | INFO    | holoqpi.engine.trainer |   epoch 18 step 40/140 loss=0.6414
13:47:37 | INFO    | holoqpi.engine.trainer |   epoch 18 step 60/140 loss=0.7785
13:47:39 | INFO    | holoqpi.engine.trainer |   epoch 18 step 80/140 loss=1.1147
13:47:41 | INFO    | holoqpi.engine.trainer |   epoch 18 step 100/140 loss=0.7539
13:47:43 | INFO    | holoqpi.engine.trainer |   epoch 18 step 120/140 loss=0.9804
13:48:28 | INFO    | holoqpi.engine.trainer | epoch 18/60 (57s = 13s train + 43s val) | train_loss=0.8132  val_phase_mae=0.1918  val_dice=0.7471  val_cls_acc=0.6693  val_mass_mape=0.2419
13:48:29 | INFO    | holoqpi.engine.trainer |   epoch 19 step 0/140 loss=0.6268
13:48:30 | INFO    | holoqpi.engine.trainer |   epoch 19 step 20/140 loss=0.6897
13:48:32 | INFO    | holoqpi.engine.trainer |   epoch 19 step 40/140 loss=0.6607
13:48:34 | INFO    | holoqpi.engine.trainer |   epoch 19 step 60/140 loss=0.8019
13:48:36 | INFO    | holoqpi.engine.trainer |   epoch 19 step 80/140 loss=0.8403
13:48:38 | INFO    | holoqpi.engine.trainer |   epoch 19 step 100/140 loss=0.6588
13:48:39 | INFO    | holoqpi.engine.trainer |   epoch 19 step 120/140 loss=0.9827
13:49:25 | INFO    | holoqpi.engine.trainer |   new best composite=0.7549
13:49:25 | INFO    | holoqpi.engine.trainer | epoch 19/60 (57s = 13s train + 44s val) | train_loss=0.8223  val_phase_mae=0.1847  val_dice=0.7663  val_cls_acc=0.6063  val_mass_mape=0.2438
13:49:26 | INFO    | holoqpi.engine.trainer |   epoch 20 step 0/140 loss=0.8621
13:49:27 | INFO    | holoqpi.engine.trainer |   epoch 20 step 20/140 loss=0.9746
13:49:29 | INFO    | holoqpi.engine.trainer |   epoch 20 step 40/140 loss=0.7941
13:49:31 | INFO    | holoqpi.engine.trainer |   epoch 20 step 60/140 loss=0.9105
13:49:33 | INFO    | holoqpi.engine.trainer |   epoch 20 step 80/140 loss=0.5993
13:49:35 | INFO    | holoqpi.engine.trainer |   epoch 20 step 100/140 loss=0.9757
13:49:37 | INFO    | holoqpi.engine.trainer |   epoch 20 step 120/140 loss=0.7814
13:50:23 | INFO    | holoqpi.engine.trainer | epoch 20/60 (58s = 13s train + 44s val) | train_loss=0.8074  val_phase_mae=0.1881  val_dice=0.7617  val_cls_acc=0.7244  val_mass_mape=0.2678
13:50:23 | INFO    | holoqpi.engine.trainer |   epoch 21 step 0/140 loss=0.7653
13:50:25 | INFO    | holoqpi.engine.trainer |   epoch 21 step 20/140 loss=0.9129
13:50:27 | INFO    | holoqpi.engine.trainer |   epoch 21 step 40/140 loss=0.9148
13:50:29 | INFO    | holoqpi.engine.trainer |   epoch 21 step 60/140 loss=0.6877
13:50:30 | INFO    | holoqpi.engine.trainer |   epoch 21 step 80/140 loss=0.7482
13:50:32 | INFO    | holoqpi.engine.trainer |   epoch 21 step 100/140 loss=0.6751
13:50:34 | INFO    | holoqpi.engine.trainer |   epoch 21 step 120/140 loss=0.6688
13:51:20 | INFO    | holoqpi.engine.trainer | epoch 21/60 (57s = 13s train + 44s val) | train_loss=0.8059  val_phase_mae=0.1884  val_dice=0.7571  val_cls_acc=0.6772  val_mass_mape=0.2434
13:51:20 | INFO    | holoqpi.engine.trainer |   epoch 22 step 0/140 loss=0.6637
13:51:22 | INFO    | holoqpi.engine.trainer |   epoch 22 step 20/140 loss=0.7304
13:51:24 | INFO    | holoqpi.engine.trainer |   epoch 22 step 40/140 loss=0.6720
13:51:26 | INFO    | holoqpi.engine.trainer |   epoch 22 step 60/140 loss=0.7206
13:51:28 | INFO    | holoqpi.engine.trainer |   epoch 22 step 80/140 loss=0.6471
13:51:30 | INFO    | holoqpi.engine.trainer |   epoch 22 step 100/140 loss=0.7644
13:51:31 | INFO    | holoqpi.engine.trainer |   epoch 22 step 120/140 loss=1.3246
13:52:17 | INFO    | holoqpi.engine.trainer |   new best composite=0.7567
13:52:17 | INFO    | holoqpi.engine.trainer | epoch 22/60 (57s = 13s train + 44s val) | train_loss=0.7991  val_phase_mae=0.1846  val_dice=0.7666  val_cls_acc=0.6693  val_mass_mape=0.2365
13:52:18 | INFO    | holoqpi.engine.trainer |   epoch 23 step 0/140 loss=0.9744
13:52:20 | INFO    | holoqpi.engine.trainer |   epoch 23 step 20/140 loss=0.7595
13:52:21 | INFO    | holoqpi.engine.trainer |   epoch 23 step 40/140 loss=0.7279
13:52:23 | INFO    | holoqpi.engine.trainer |   epoch 23 step 60/140 loss=1.0454
13:52:25 | INFO    | holoqpi.engine.trainer |   epoch 23 step 80/140 loss=1.2245
13:52:27 | INFO    | holoqpi.engine.trainer |   epoch 23 step 100/140 loss=0.7060
13:52:29 | INFO    | holoqpi.engine.trainer |   epoch 23 step 120/140 loss=1.0388
13:53:14 | INFO    | holoqpi.engine.trainer | epoch 23/60 (57s = 13s train + 44s val) | train_loss=0.7934  val_phase_mae=0.1909  val_dice=0.7608  val_cls_acc=0.6772  val_mass_mape=0.2870
13:53:15 | INFO    | holoqpi.engine.trainer |   epoch 24 step 0/140 loss=0.7156
13:53:17 | INFO    | holoqpi.engine.trainer |   epoch 24 step 20/140 loss=0.5763
13:53:18 | INFO    | holoqpi.engine.trainer |   epoch 24 step 40/140 loss=0.6878
13:53:20 | INFO    | holoqpi.engine.trainer |   epoch 24 step 60/140 loss=0.7577
13:53:22 | INFO    | holoqpi.engine.trainer |   epoch 24 step 80/140 loss=0.7445
13:53:24 | INFO    | holoqpi.engine.trainer |   epoch 24 step 100/140 loss=0.9569
13:53:26 | INFO    | holoqpi.engine.trainer |   epoch 24 step 120/140 loss=0.8660
13:54:11 | INFO    | holoqpi.engine.trainer | epoch 24/60 (57s = 13s train + 44s val) | train_loss=0.7950  val_phase_mae=0.1867  val_dice=0.7582  val_cls_acc=0.5906  val_mass_mape=0.2387
13:54:12 | INFO    | holoqpi.engine.trainer |   epoch 25 step 0/140 loss=0.7425
13:54:13 | INFO    | holoqpi.engine.trainer |   epoch 25 step 20/140 loss=0.6906
13:54:15 | INFO    | holoqpi.engine.trainer |   epoch 25 step 40/140 loss=0.6527
13:54:17 | INFO    | holoqpi.engine.trainer |   epoch 25 step 60/140 loss=0.6576
13:54:19 | INFO    | holoqpi.engine.trainer |   epoch 25 step 80/140 loss=0.8062
13:54:21 | INFO    | holoqpi.engine.trainer |   epoch 25 step 100/140 loss=0.8621
13:54:23 | INFO    | holoqpi.engine.trainer |   epoch 25 step 120/140 loss=1.6250
13:55:08 | INFO    | holoqpi.engine.trainer | epoch 25/60 (57s = 13s train + 44s val) | train_loss=0.7932  val_phase_mae=0.1926  val_dice=0.7493  val_cls_acc=0.6457  val_mass_mape=0.2351
13:55:09 | INFO    | holoqpi.engine.trainer |   epoch 26 step 0/140 loss=0.7673
13:55:10 | INFO    | holoqpi.engine.trainer |   epoch 26 step 20/140 loss=0.6133
13:55:12 | INFO    | holoqpi.engine.trainer |   epoch 26 step 40/140 loss=0.6920
13:55:14 | INFO    | holoqpi.engine.trainer |   epoch 26 step 60/140 loss=0.7353
13:55:16 | INFO    | holoqpi.engine.trainer |   epoch 26 step 80/140 loss=0.9073
13:55:17 | INFO    | holoqpi.engine.trainer |   epoch 26 step 100/140 loss=0.7291
13:55:19 | INFO    | holoqpi.engine.trainer |   epoch 26 step 120/140 loss=0.6838
13:56:05 | INFO    | holoqpi.engine.trainer | epoch 26/60 (57s = 13s train + 44s val) | train_loss=0.7825  val_phase_mae=0.1821  val_dice=0.7688  val_cls_acc=0.7087  val_mass_mape=0.2470
13:56:05 | INFO    | holoqpi.engine.trainer |   epoch 27 step 0/140 loss=0.6609
13:56:07 | INFO    | holoqpi.engine.trainer |   epoch 27 step 20/140 loss=0.7076
13:56:09 | INFO    | holoqpi.engine.trainer |   epoch 27 step 40/140 loss=0.9388
13:56:11 | INFO    | holoqpi.engine.trainer |   epoch 27 step 60/140 loss=0.8271
13:56:13 | INFO    | holoqpi.engine.trainer |   epoch 27 step 80/140 loss=0.6550
13:56:14 | INFO    | holoqpi.engine.trainer |   epoch 27 step 100/140 loss=0.8588
13:56:16 | INFO    | holoqpi.engine.trainer |   epoch 27 step 120/140 loss=0.5590
13:57:02 | INFO    | holoqpi.engine.trainer | epoch 27/60 (57s = 13s train + 44s val) | train_loss=0.7674  val_phase_mae=0.1865  val_dice=0.7595  val_cls_acc=0.6929  val_mass_mape=0.2590
13:57:03 | INFO    | holoqpi.engine.trainer |   epoch 28 step 0/140 loss=0.7038
13:57:05 | INFO    | holoqpi.engine.trainer |   epoch 28 step 20/140 loss=0.7010
13:57:06 | INFO    | holoqpi.engine.trainer |   epoch 28 step 40/140 loss=0.7148
13:57:08 | INFO    | holoqpi.engine.trainer |   epoch 28 step 60/140 loss=0.6991
13:57:10 | INFO    | holoqpi.engine.trainer |   epoch 28 step 80/140 loss=0.7052
13:57:12 | INFO    | holoqpi.engine.trainer |   epoch 28 step 100/140 loss=0.7752
13:57:13 | INFO    | holoqpi.engine.trainer |   epoch 28 step 120/140 loss=0.5662
13:57:59 | INFO    | holoqpi.engine.trainer | epoch 28/60 (57s = 13s train + 44s val) | train_loss=0.7672  val_phase_mae=0.1863  val_dice=0.7611  val_cls_acc=0.7008  val_mass_mape=0.2434
13:58:00 | INFO    | holoqpi.engine.trainer |   epoch 29 step 0/140 loss=0.6757
13:58:02 | INFO    | holoqpi.engine.trainer |   epoch 29 step 20/140 loss=0.9535
13:58:04 | INFO    | holoqpi.engine.trainer |   epoch 29 step 40/140 loss=0.8270
13:58:05 | INFO    | holoqpi.engine.trainer |   epoch 29 step 60/140 loss=0.6432
13:58:07 | INFO    | holoqpi.engine.trainer |   epoch 29 step 80/140 loss=1.1455
13:58:09 | INFO    | holoqpi.engine.trainer |   epoch 29 step 100/140 loss=0.7113
13:58:11 | INFO    | holoqpi.engine.trainer |   epoch 29 step 120/140 loss=0.6760
13:58:57 | INFO    | holoqpi.engine.trainer | epoch 29/60 (57s = 13s train + 44s val) | train_loss=0.7474  val_phase_mae=0.1847  val_dice=0.7640  val_cls_acc=0.7244  val_mass_mape=0.2397
13:58:57 | INFO    | holoqpi.engine.trainer |   epoch 30 step 0/140 loss=0.5954
13:58:59 | INFO    | holoqpi.engine.trainer |   epoch 30 step 20/140 loss=0.7482
13:59:01 | INFO    | holoqpi.engine.trainer |   epoch 30 step 40/140 loss=2.0364
13:59:03 | INFO    | holoqpi.engine.trainer |   epoch 30 step 60/140 loss=0.6448
13:59:05 | INFO    | holoqpi.engine.trainer |   epoch 30 step 80/140 loss=0.6949
13:59:06 | INFO    | holoqpi.engine.trainer |   epoch 30 step 100/140 loss=0.8277
13:59:08 | INFO    | holoqpi.engine.trainer |   epoch 30 step 120/140 loss=0.9560
13:59:54 | INFO    | holoqpi.engine.trainer | epoch 30/60 (57s = 13s train + 44s val) | train_loss=0.7581  val_phase_mae=0.1838  val_dice=0.7640  val_cls_acc=0.6693  val_mass_mape=0.2403
13:59:54 | INFO    | holoqpi.engine.trainer |   epoch 31 step 0/140 loss=0.8543
13:59:56 | INFO    | holoqpi.engine.trainer |   epoch 31 step 20/140 loss=0.6729
13:59:58 | INFO    | holoqpi.engine.trainer |   epoch 31 step 40/140 loss=0.8065
14:00:00 | INFO    | holoqpi.engine.trainer |   epoch 31 step 60/140 loss=0.6232
14:00:02 | INFO    | holoqpi.engine.trainer |   epoch 31 step 80/140 loss=0.6862
14:00:03 | INFO    | holoqpi.engine.trainer |   epoch 31 step 100/140 loss=1.0176
14:00:05 | INFO    | holoqpi.engine.trainer |   epoch 31 step 120/140 loss=0.6432
14:00:51 | INFO    | holoqpi.engine.trainer | epoch 31/60 (57s = 13s train + 44s val) | train_loss=0.7615  val_phase_mae=0.1891  val_dice=0.7510  val_cls_acc=0.7244  val_mass_mape=0.2366
14:00:51 | INFO    | holoqpi.engine.trainer |   epoch 32 step 0/140 loss=0.5789
14:00:53 | INFO    | holoqpi.engine.trainer |   epoch 32 step 20/140 loss=1.1444
14:00:55 | INFO    | holoqpi.engine.trainer |   epoch 32 step 40/140 loss=0.7217
14:00:57 | INFO    | holoqpi.engine.trainer |   epoch 32 step 60/140 loss=0.7026
14:00:59 | INFO    | holoqpi.engine.trainer |   epoch 32 step 80/140 loss=0.6033
14:01:01 | INFO    | holoqpi.engine.trainer |   epoch 32 step 100/140 loss=1.0260
14:01:02 | INFO    | holoqpi.engine.trainer |   epoch 32 step 120/140 loss=1.3939
14:01:48 | INFO    | holoqpi.engine.trainer |   new best composite=0.7600
14:01:48 | INFO    | holoqpi.engine.trainer | epoch 32/60 (57s = 13s train + 44s val) | train_loss=0.7522  val_phase_mae=0.1822  val_dice=0.7673  val_cls_acc=0.7402  val_mass_mape=0.2292
14:01:49 | INFO    | holoqpi.engine.trainer |   epoch 33 step 0/140 loss=0.6054
14:01:51 | INFO    | holoqpi.engine.trainer |   epoch 33 step 20/140 loss=0.6469
14:01:53 | INFO    | holoqpi.engine.trainer |   epoch 33 step 40/140 loss=0.7282
14:01:54 | INFO    | holoqpi.engine.trainer |   epoch 33 step 60/140 loss=0.6812
14:01:56 | INFO    | holoqpi.engine.trainer |   epoch 33 step 80/140 loss=0.7268
14:01:58 | INFO    | holoqpi.engine.trainer |   epoch 33 step 100/140 loss=0.7790
14:02:00 | INFO    | holoqpi.engine.trainer |   epoch 33 step 120/140 loss=0.5015
14:02:46 | INFO    | holoqpi.engine.trainer | epoch 33/60 (57s = 13s train + 44s val) | train_loss=0.7470  val_phase_mae=0.1820  val_dice=0.7691  val_cls_acc=0.7717  val_mass_mape=0.2478
14:02:46 | INFO    | holoqpi.engine.trainer |   epoch 34 step 0/140 loss=1.0490
14:02:48 | INFO    | holoqpi.engine.trainer |   epoch 34 step 20/140 loss=0.6497
14:02:50 | INFO    | holoqpi.engine.trainer |   epoch 34 step 40/140 loss=0.5099
14:02:52 | INFO    | holoqpi.engine.trainer |   epoch 34 step 60/140 loss=0.6430
14:02:53 | INFO    | holoqpi.engine.trainer |   epoch 34 step 80/140 loss=0.7275
14:02:55 | INFO    | holoqpi.engine.trainer |   epoch 34 step 100/140 loss=0.8817
14:02:57 | INFO    | holoqpi.engine.trainer |   epoch 34 step 120/140 loss=0.5802
14:03:43 | INFO    | holoqpi.engine.trainer | epoch 34/60 (57s = 13s train + 44s val) | train_loss=0.7256  val_phase_mae=0.1871  val_dice=0.7608  val_cls_acc=0.7559  val_mass_mape=0.2737
14:03:43 | INFO    | holoqpi.engine.trainer |   epoch 35 step 0/140 loss=0.5248
14:03:45 | INFO    | holoqpi.engine.trainer |   epoch 35 step 20/140 loss=0.6461
14:03:47 | INFO    | holoqpi.engine.trainer |   epoch 35 step 40/140 loss=1.2532
14:03:49 | INFO    | holoqpi.engine.trainer |   epoch 35 step 60/140 loss=0.8610
14:03:50 | INFO    | holoqpi.engine.trainer |   epoch 35 step 80/140 loss=0.7608
14:03:52 | INFO    | holoqpi.engine.trainer |   epoch 35 step 100/140 loss=0.7337
14:03:54 | INFO    | holoqpi.engine.trainer |   epoch 35 step 120/140 loss=0.6284
14:04:40 | INFO    | holoqpi.engine.trainer | epoch 35/60 (57s = 13s train + 44s val) | train_loss=0.7298  val_phase_mae=0.1828  val_dice=0.7641  val_cls_acc=0.7480  val_mass_mape=0.2369
14:04:40 | INFO    | holoqpi.engine.trainer |   epoch 36 step 0/140 loss=0.6026
14:04:42 | INFO    | holoqpi.engine.trainer |   epoch 36 step 20/140 loss=0.8330
14:04:44 | INFO    | holoqpi.engine.trainer |   epoch 36 step 40/140 loss=0.5159
14:04:46 | INFO    | holoqpi.engine.trainer |   epoch 36 step 60/140 loss=0.6032
14:04:48 | INFO    | holoqpi.engine.trainer |   epoch 36 step 80/140 loss=1.2046
14:04:49 | INFO    | holoqpi.engine.trainer |   epoch 36 step 100/140 loss=1.2337
14:04:51 | INFO    | holoqpi.engine.trainer |   epoch 36 step 120/140 loss=0.8052
14:05:37 | INFO    | holoqpi.engine.trainer | epoch 36/60 (57s = 13s train + 44s val) | train_loss=0.7335  val_phase_mae=0.1839  val_dice=0.7644  val_cls_acc=0.6535  val_mass_mape=0.2491
14:05:37 | INFO    | holoqpi.engine.trainer |   epoch 37 step 0/140 loss=1.0435
14:05:39 | INFO    | holoqpi.engine.trainer |   epoch 37 step 20/140 loss=0.6234
14:05:41 | INFO    | holoqpi.engine.trainer |   epoch 37 step 40/140 loss=0.5629
14:05:43 | INFO    | holoqpi.engine.trainer |   epoch 37 step 60/140 loss=0.7152
14:05:45 | INFO    | holoqpi.engine.trainer |   epoch 37 step 80/140 loss=0.6735
14:05:46 | INFO    | holoqpi.engine.trainer |   epoch 37 step 100/140 loss=0.5701
14:05:48 | INFO    | holoqpi.engine.trainer |   epoch 37 step 120/140 loss=0.5397
14:06:33 | INFO    | holoqpi.engine.trainer | epoch 37/60 (56s = 13s train + 44s val) | train_loss=0.7244  val_phase_mae=0.1850  val_dice=0.7627  val_cls_acc=0.7244  val_mass_mape=0.2533
14:06:34 | INFO    | holoqpi.engine.trainer |   epoch 38 step 0/140 loss=0.6887
14:06:36 | INFO    | holoqpi.engine.trainer |   epoch 38 step 20/140 loss=0.6876
14:06:37 | INFO    | holoqpi.engine.trainer |   epoch 38 step 40/140 loss=0.6467
14:06:39 | INFO    | holoqpi.engine.trainer |   epoch 38 step 60/140 loss=0.6876
14:06:41 | INFO    | holoqpi.engine.trainer |   epoch 38 step 80/140 loss=0.5965
14:06:43 | INFO    | holoqpi.engine.trainer |   epoch 38 step 100/140 loss=0.6764
14:06:45 | INFO    | holoqpi.engine.trainer |   epoch 38 step 120/140 loss=0.5609
14:07:30 | INFO    | holoqpi.engine.trainer | epoch 38/60 (57s = 13s train + 43s val) | train_loss=0.7231  val_phase_mae=0.1857  val_dice=0.7579  val_cls_acc=0.7165  val_mass_mape=0.2334
14:07:30 | INFO    | holoqpi.engine.trainer |   epoch 39 step 0/140 loss=0.6358
14:07:32 | INFO    | holoqpi.engine.trainer |   epoch 39 step 20/140 loss=0.5222
14:07:34 | INFO    | holoqpi.engine.trainer |   epoch 39 step 40/140 loss=0.8779
14:07:36 | INFO    | holoqpi.engine.trainer |   epoch 39 step 60/140 loss=0.7092
14:07:38 | INFO    | holoqpi.engine.trainer |   epoch 39 step 80/140 loss=0.4948
14:07:39 | INFO    | holoqpi.engine.trainer |   epoch 39 step 100/140 loss=0.6074
14:07:41 | INFO    | holoqpi.engine.trainer |   epoch 39 step 120/140 loss=0.7048
14:08:26 | INFO    | holoqpi.engine.trainer | epoch 39/60 (56s = 13s train + 44s val) | train_loss=0.7239  val_phase_mae=0.1863  val_dice=0.7613  val_cls_acc=0.7559  val_mass_mape=0.2608
14:08:27 | INFO    | holoqpi.engine.trainer |   epoch 40 step 0/140 loss=1.0488
14:08:29 | INFO    | holoqpi.engine.trainer |   epoch 40 step 20/140 loss=0.7430
14:08:31 | INFO    | holoqpi.engine.trainer |   epoch 40 step 40/140 loss=1.3778
14:08:32 | INFO    | holoqpi.engine.trainer |   epoch 40 step 60/140 loss=0.5880
14:08:34 | INFO    | holoqpi.engine.trainer |   epoch 40 step 80/140 loss=0.9316
14:08:36 | INFO    | holoqpi.engine.trainer |   epoch 40 step 100/140 loss=0.8294
14:08:38 | INFO    | holoqpi.engine.trainer |   epoch 40 step 120/140 loss=0.5405
14:09:23 | INFO    | holoqpi.engine.trainer | epoch 40/60 (57s = 13s train + 44s val) | train_loss=0.7151  val_phase_mae=0.1857  val_dice=0.7622  val_cls_acc=0.8031  val_mass_mape=0.2564
14:09:23 | INFO    | holoqpi.engine.trainer |   epoch 41 step 0/140 loss=0.7062
14:09:25 | INFO    | holoqpi.engine.trainer |   epoch 41 step 20/140 loss=0.5050
14:09:27 | INFO    | holoqpi.engine.trainer |   epoch 41 step 40/140 loss=0.5876
14:09:29 | INFO    | holoqpi.engine.trainer |   epoch 41 step 60/140 loss=0.7385
14:09:31 | INFO    | holoqpi.engine.trainer |   epoch 41 step 80/140 loss=0.8109
14:09:32 | INFO    | holoqpi.engine.trainer |   epoch 41 step 100/140 loss=0.8331
14:09:34 | INFO    | holoqpi.engine.trainer |   epoch 41 step 120/140 loss=0.5441
14:10:19 | INFO    | holoqpi.engine.trainer | epoch 41/60 (56s = 13s train + 44s val) | train_loss=0.7150  val_phase_mae=0.1858  val_dice=0.7618  val_cls_acc=0.7559  val_mass_mape=0.2567
14:10:20 | INFO    | holoqpi.engine.trainer |   epoch 42 step 0/140 loss=0.5945
14:10:22 | INFO    | holoqpi.engine.trainer |   epoch 42 step 20/140 loss=0.5198
14:10:24 | INFO    | holoqpi.engine.trainer |   epoch 42 step 40/140 loss=0.5500
14:10:26 | INFO    | holoqpi.engine.trainer |   epoch 42 step 60/140 loss=0.9046
14:10:28 | INFO    | holoqpi.engine.trainer |   epoch 42 step 80/140 loss=1.6321
14:10:30 | INFO    | holoqpi.engine.trainer |   epoch 42 step 100/140 loss=0.9280
14:10:32 | INFO    | holoqpi.engine.trainer |   epoch 42 step 120/140 loss=0.6412
14:11:17 | INFO    | holoqpi.engine.trainer | epoch 42/60 (58s = 14s train + 44s val) | train_loss=0.6938  val_phase_mae=0.1826  val_dice=0.7666  val_cls_acc=0.7795  val_mass_mape=0.2289
14:11:18 | INFO    | holoqpi.engine.trainer |   epoch 43 step 0/140 loss=0.5213
14:11:19 | INFO    | holoqpi.engine.trainer |   epoch 43 step 20/140 loss=0.5738
14:11:22 | INFO    | holoqpi.engine.trainer |   epoch 43 step 40/140 loss=1.4972
14:11:23 | INFO    | holoqpi.engine.trainer |   epoch 43 step 60/140 loss=0.7127
14:11:25 | INFO    | holoqpi.engine.trainer |   epoch 43 step 80/140 loss=0.7186
14:11:27 | INFO    | holoqpi.engine.trainer |   epoch 43 step 100/140 loss=0.4882
14:11:29 | INFO    | holoqpi.engine.trainer |   epoch 43 step 120/140 loss=0.9852
14:12:15 | INFO    | holoqpi.engine.trainer | epoch 43/60 (58s = 13s train + 44s val) | train_loss=0.7127  val_phase_mae=0.1823  val_dice=0.7650  val_cls_acc=0.7165  val_mass_mape=0.2345
14:12:15 | INFO    | holoqpi.engine.trainer |   epoch 44 step 0/140 loss=0.5715
14:12:17 | INFO    | holoqpi.engine.trainer |   epoch 44 step 20/140 loss=0.5310
14:12:19 | INFO    | holoqpi.engine.trainer |   epoch 44 step 40/140 loss=0.6879
14:12:21 | INFO    | holoqpi.engine.trainer |   epoch 44 step 60/140 loss=0.4701
14:12:22 | INFO    | holoqpi.engine.trainer |   epoch 44 step 80/140 loss=0.8747
14:12:24 | INFO    | holoqpi.engine.trainer |   epoch 44 step 100/140 loss=0.8176
14:12:26 | INFO    | holoqpi.engine.trainer |   epoch 44 step 120/140 loss=0.5808
14:13:11 | INFO    | holoqpi.engine.trainer | epoch 44/60 (57s = 13s train + 44s val) | train_loss=0.6956  val_phase_mae=0.1814  val_dice=0.7673  val_cls_acc=0.7795  val_mass_mape=0.2360
14:13:12 | INFO    | holoqpi.engine.trainer |   epoch 45 step 0/140 loss=0.6644
14:13:14 | INFO    | holoqpi.engine.trainer |   epoch 45 step 20/140 loss=0.4733
14:13:16 | INFO    | holoqpi.engine.trainer |   epoch 45 step 40/140 loss=0.6976
14:13:17 | INFO    | holoqpi.engine.trainer |   epoch 45 step 60/140 loss=0.6445
14:13:19 | INFO    | holoqpi.engine.trainer |   epoch 45 step 80/140 loss=0.9125
14:13:21 | INFO    | holoqpi.engine.trainer |   epoch 45 step 100/140 loss=0.6742
14:13:23 | INFO    | holoqpi.engine.trainer |   epoch 45 step 120/140 loss=0.8144
14:14:08 | INFO    | holoqpi.engine.trainer | epoch 45/60 (57s = 13s train + 44s val) | train_loss=0.7044  val_phase_mae=0.1808  val_dice=0.7684  val_cls_acc=0.7480  val_mass_mape=0.2332
14:14:09 | INFO    | holoqpi.engine.trainer |   epoch 46 step 0/140 loss=0.5169
14:14:10 | INFO    | holoqpi.engine.trainer |   epoch 46 step 20/140 loss=0.9226
14:14:12 | INFO    | holoqpi.engine.trainer |   epoch 46 step 40/140 loss=0.6257
14:14:14 | INFO    | holoqpi.engine.trainer |   epoch 46 step 60/140 loss=0.6257
14:14:16 | INFO    | holoqpi.engine.trainer |   epoch 46 step 80/140 loss=0.5252
14:14:17 | INFO    | holoqpi.engine.trainer |   epoch 46 step 100/140 loss=1.3440
14:14:19 | INFO    | holoqpi.engine.trainer |   epoch 46 step 120/140 loss=0.5724
14:15:05 | INFO    | holoqpi.engine.trainer | epoch 46/60 (57s = 13s train + 44s val) | train_loss=0.6811  val_phase_mae=0.1826  val_dice=0.7653  val_cls_acc=0.7717  val_mass_mape=0.2452
14:15:05 | INFO    | holoqpi.engine.trainer |   epoch 47 step 0/140 loss=0.5982
14:15:07 | INFO    | holoqpi.engine.trainer |   epoch 47 step 20/140 loss=0.6159
14:15:09 | INFO    | holoqpi.engine.trainer |   epoch 47 step 40/140 loss=0.4725
14:15:11 | INFO    | holoqpi.engine.trainer |   epoch 47 step 60/140 loss=0.5595
14:15:12 | INFO    | holoqpi.engine.trainer |   epoch 47 step 80/140 loss=0.7852
14:15:14 | INFO    | holoqpi.engine.trainer |   epoch 47 step 100/140 loss=0.6008
14:15:16 | INFO    | holoqpi.engine.trainer |   epoch 47 step 120/140 loss=0.8674
14:16:01 | INFO    | holoqpi.engine.trainer | epoch 47/60 (56s = 13s train + 44s val) | train_loss=0.6826  val_phase_mae=0.1820  val_dice=0.7669  val_cls_acc=0.7165  val_mass_mape=0.2370
14:16:02 | INFO    | holoqpi.engine.trainer |   epoch 48 step 0/140 loss=0.4982
14:16:04 | INFO    | holoqpi.engine.trainer |   epoch 48 step 20/140 loss=0.7908
14:16:05 | INFO    | holoqpi.engine.trainer |   epoch 48 step 40/140 loss=0.6556
14:16:07 | INFO    | holoqpi.engine.trainer |   epoch 48 step 60/140 loss=0.5614
14:16:09 | INFO    | holoqpi.engine.trainer |   epoch 48 step 80/140 loss=0.5860
14:16:11 | INFO    | holoqpi.engine.trainer |   epoch 48 step 100/140 loss=0.5780
14:16:13 | INFO    | holoqpi.engine.trainer |   epoch 48 step 120/140 loss=0.5681
14:16:58 | INFO    | holoqpi.engine.trainer | epoch 48/60 (57s = 13s train + 44s val) | train_loss=0.6740  val_phase_mae=0.1807  val_dice=0.7666  val_cls_acc=0.7323  val_mass_mape=0.2290
14:16:59 | INFO    | holoqpi.engine.trainer |   epoch 49 step 0/140 loss=0.6633
14:17:00 | INFO    | holoqpi.engine.trainer |   epoch 49 step 20/140 loss=0.6017
14:17:02 | INFO    | holoqpi.engine.trainer |   epoch 49 step 40/140 loss=0.5186
14:17:04 | INFO    | holoqpi.engine.trainer |   epoch 49 step 60/140 loss=0.8069
14:17:06 | INFO    | holoqpi.engine.trainer |   epoch 49 step 80/140 loss=0.5327
14:17:08 | INFO    | holoqpi.engine.trainer |   epoch 49 step 100/140 loss=0.7184
14:17:09 | INFO    | holoqpi.engine.trainer |   epoch 49 step 120/140 loss=0.8721
14:17:55 | INFO    | holoqpi.engine.trainer | epoch 49/60 (57s = 13s train + 44s val) | train_loss=0.6825  val_phase_mae=0.1822  val_dice=0.7652  val_cls_acc=0.7559  val_mass_mape=0.2263
14:17:55 | INFO    | holoqpi.engine.trainer |   epoch 50 step 0/140 loss=0.8294
14:17:57 | INFO    | holoqpi.engine.trainer |   epoch 50 step 20/140 loss=0.7142
14:17:59 | INFO    | holoqpi.engine.trainer |   epoch 50 step 40/140 loss=0.6869
14:18:01 | INFO    | holoqpi.engine.trainer |   epoch 50 step 60/140 loss=0.6386
14:18:02 | INFO    | holoqpi.engine.trainer |   epoch 50 step 80/140 loss=0.4953
14:18:04 | INFO    | holoqpi.engine.trainer |   epoch 50 step 100/140 loss=0.9544
14:18:06 | INFO    | holoqpi.engine.trainer |   epoch 50 step 120/140 loss=0.6251
14:18:52 | INFO    | holoqpi.engine.trainer | epoch 50/60 (57s = 13s train + 44s val) | train_loss=0.6839  val_phase_mae=0.1805  val_dice=0.7690  val_cls_acc=0.7717  val_mass_mape=0.2360
14:18:52 | INFO    | holoqpi.engine.trainer |   epoch 51 step 0/140 loss=0.5576
14:18:54 | INFO    | holoqpi.engine.trainer |   epoch 51 step 20/140 loss=0.5649
14:18:56 | INFO    | holoqpi.engine.trainer |   epoch 51 step 40/140 loss=0.5799
14:18:57 | INFO    | holoqpi.engine.trainer |   epoch 51 step 60/140 loss=0.5146
14:18:59 | INFO    | holoqpi.engine.trainer |   epoch 51 step 80/140 loss=0.5983
14:19:01 | INFO    | holoqpi.engine.trainer |   epoch 51 step 100/140 loss=0.5173
14:19:03 | INFO    | holoqpi.engine.trainer |   epoch 51 step 120/140 loss=0.5169
14:19:49 | INFO    | holoqpi.engine.trainer |   new best composite=0.7611
14:19:49 | INFO    | holoqpi.engine.trainer | epoch 51/60 (57s = 13s train + 44s val) | train_loss=0.6670  val_phase_mae=0.1802  val_dice=0.7683  val_cls_acc=0.7638  val_mass_mape=0.2276
14:19:50 | INFO    | holoqpi.engine.trainer |   epoch 52 step 0/140 loss=0.7474
14:19:51 | INFO    | holoqpi.engine.trainer |   epoch 52 step 20/140 loss=0.5537
14:19:53 | INFO    | holoqpi.engine.trainer |   epoch 52 step 40/140 loss=0.6593
14:19:55 | INFO    | holoqpi.engine.trainer |   epoch 52 step 60/140 loss=0.8779
14:19:57 | INFO    | holoqpi.engine.trainer |   epoch 52 step 80/140 loss=0.4819
14:19:58 | INFO    | holoqpi.engine.trainer |   epoch 52 step 100/140 loss=0.5150
14:20:00 | INFO    | holoqpi.engine.trainer |   epoch 52 step 120/140 loss=0.4354
14:20:46 | INFO    | holoqpi.engine.trainer |   new best composite=0.7617
14:20:46 | INFO    | holoqpi.engine.trainer | epoch 52/60 (57s = 13s train + 44s val) | train_loss=0.6737  val_phase_mae=0.1798  val_dice=0.7706  val_cls_acc=0.8110  val_mass_mape=0.2318
14:20:47 | INFO    | holoqpi.engine.trainer |   epoch 53 step 0/140 loss=0.7627
14:20:49 | INFO    | holoqpi.engine.trainer |   epoch 53 step 20/140 loss=0.9032
14:20:51 | INFO    | holoqpi.engine.trainer |   epoch 53 step 40/140 loss=0.8054
14:20:53 | INFO    | holoqpi.engine.trainer |   epoch 53 step 60/140 loss=0.4385
14:20:54 | INFO    | holoqpi.engine.trainer |   epoch 53 step 80/140 loss=0.5216
14:20:56 | INFO    | holoqpi.engine.trainer |   epoch 53 step 100/140 loss=0.6388
14:20:58 | INFO    | holoqpi.engine.trainer |   epoch 53 step 120/140 loss=0.6046
14:21:44 | INFO    | holoqpi.engine.trainer | epoch 53/60 (57s = 13s train + 44s val) | train_loss=0.6619  val_phase_mae=0.1808  val_dice=0.7701  val_cls_acc=0.7559  val_mass_mape=0.2321
14:21:45 | INFO    | holoqpi.engine.trainer |   epoch 54 step 0/140 loss=0.5685
14:21:46 | INFO    | holoqpi.engine.trainer |   epoch 54 step 20/140 loss=1.0309
14:21:48 | INFO    | holoqpi.engine.trainer |   epoch 54 step 40/140 loss=0.8179
14:21:50 | INFO    | holoqpi.engine.trainer |   epoch 54 step 60/140 loss=0.9119
14:21:52 | INFO    | holoqpi.engine.trainer |   epoch 54 step 80/140 loss=0.4630
14:21:54 | INFO    | holoqpi.engine.trainer |   epoch 54 step 100/140 loss=0.8179
14:21:56 | INFO    | holoqpi.engine.trainer |   epoch 54 step 120/140 loss=0.4389
14:22:42 | INFO    | holoqpi.engine.trainer | epoch 54/60 (58s = 13s train + 45s val) | train_loss=0.6818  val_phase_mae=0.1804  val_dice=0.7694  val_cls_acc=0.7874  val_mass_mape=0.2293
14:22:42 | INFO    | holoqpi.engine.trainer |   epoch 55 step 0/140 loss=0.6097
14:22:44 | INFO    | holoqpi.engine.trainer |   epoch 55 step 20/140 loss=0.5674
14:22:46 | INFO    | holoqpi.engine.trainer |   epoch 55 step 40/140 loss=0.6277
14:22:48 | INFO    | holoqpi.engine.trainer |   epoch 55 step 60/140 loss=0.5736
14:22:50 | INFO    | holoqpi.engine.trainer |   epoch 55 step 80/140 loss=0.4635
14:22:51 | INFO    | holoqpi.engine.trainer |   epoch 55 step 100/140 loss=0.4946
14:22:53 | INFO    | holoqpi.engine.trainer |   epoch 55 step 120/140 loss=0.7998
14:23:39 | INFO    | holoqpi.engine.trainer | epoch 55/60 (57s = 13s train + 44s val) | train_loss=0.6643  val_phase_mae=0.1807  val_dice=0.7697  val_cls_acc=0.7795  val_mass_mape=0.2315
14:23:40 | INFO    | holoqpi.engine.trainer |   epoch 56 step 0/140 loss=0.5794
14:23:42 | INFO    | holoqpi.engine.trainer |   epoch 56 step 20/140 loss=0.6984
14:23:43 | INFO    | holoqpi.engine.trainer |   epoch 56 step 40/140 loss=0.5756
14:23:45 | INFO    | holoqpi.engine.trainer |   epoch 56 step 60/140 loss=0.5011
14:23:47 | INFO    | holoqpi.engine.trainer |   epoch 56 step 80/140 loss=0.9719
14:23:49 | INFO    | holoqpi.engine.trainer |   epoch 56 step 100/140 loss=0.6130
14:23:51 | INFO    | holoqpi.engine.trainer |   epoch 56 step 120/140 loss=0.8175
14:24:37 | INFO    | holoqpi.engine.trainer |   new best composite=0.7620
14:24:37 | INFO    | holoqpi.engine.trainer | epoch 56/60 (57s = 13s train + 44s val) | train_loss=0.6612  val_phase_mae=0.1801  val_dice=0.7693  val_cls_acc=0.8031  val_mass_mape=0.2261
14:24:37 | INFO    | holoqpi.engine.trainer |   epoch 57 step 0/140 loss=0.5687
14:24:39 | INFO    | holoqpi.engine.trainer |   epoch 57 step 20/140 loss=0.7676
14:24:41 | INFO    | holoqpi.engine.trainer |   epoch 57 step 40/140 loss=0.7300
14:24:43 | INFO    | holoqpi.engine.trainer |   epoch 57 step 60/140 loss=0.6174
14:24:44 | INFO    | holoqpi.engine.trainer |   epoch 57 step 80/140 loss=0.5342
14:24:46 | INFO    | holoqpi.engine.trainer |   epoch 57 step 100/140 loss=0.5945
14:24:48 | INFO    | holoqpi.engine.trainer |   epoch 57 step 120/140 loss=0.5371
14:25:34 | INFO    | holoqpi.engine.trainer | epoch 57/60 (57s = 13s train + 44s val) | train_loss=0.6542  val_phase_mae=0.1800  val_dice=0.7691  val_cls_acc=0.7638  val_mass_mape=0.2284
14:25:34 | INFO    | holoqpi.engine.trainer |   epoch 58 step 0/140 loss=0.7371
14:25:36 | INFO    | holoqpi.engine.trainer |   epoch 58 step 20/140 loss=0.6254
14:25:38 | INFO    | holoqpi.engine.trainer |   epoch 58 step 40/140 loss=0.6724
14:25:39 | INFO    | holoqpi.engine.trainer |   epoch 58 step 60/140 loss=0.6634
14:25:41 | INFO    | holoqpi.engine.trainer |   epoch 58 step 80/140 loss=0.8501
14:25:43 | INFO    | holoqpi.engine.trainer |   epoch 58 step 100/140 loss=0.5610
14:25:45 | INFO    | holoqpi.engine.trainer |   epoch 58 step 120/140 loss=0.7229
14:26:31 | INFO    | holoqpi.engine.trainer | epoch 58/60 (57s = 13s train + 44s val) | train_loss=0.6703  val_phase_mae=0.1804  val_dice=0.7688  val_cls_acc=0.7874  val_mass_mape=0.2292
14:26:31 | INFO    | holoqpi.engine.trainer |   epoch 59 step 0/140 loss=0.5496
14:26:33 | INFO    | holoqpi.engine.trainer |   epoch 59 step 20/140 loss=0.6512
14:26:35 | INFO    | holoqpi.engine.trainer |   epoch 59 step 40/140 loss=0.5182
14:26:36 | INFO    | holoqpi.engine.trainer |   epoch 59 step 60/140 loss=0.6133
14:26:38 | INFO    | holoqpi.engine.trainer |   epoch 59 step 80/140 loss=0.5457
14:26:40 | INFO    | holoqpi.engine.trainer |   epoch 59 step 100/140 loss=0.4587
14:26:42 | INFO    | holoqpi.engine.trainer |   epoch 59 step 120/140 loss=0.5180
14:27:28 | INFO    | holoqpi.engine.trainer | epoch 59/60 (57s = 13s train + 44s val) | train_loss=0.6452  val_phase_mae=0.1801  val_dice=0.7696  val_cls_acc=0.7795  val_mass_mape=0.2273
14:27:28 | INFO    | holoqpi.engine.trainer |   epoch 60 step 0/140 loss=0.4707
14:27:30 | INFO    | holoqpi.engine.trainer |   epoch 60 step 20/140 loss=1.1450
14:27:32 | INFO    | holoqpi.engine.trainer |   epoch 60 step 40/140 loss=1.6066
14:27:34 | INFO    | holoqpi.engine.trainer |   epoch 60 step 60/140 loss=0.5882
14:27:35 | INFO    | holoqpi.engine.trainer |   epoch 60 step 80/140 loss=0.5242
14:27:37 | INFO    | holoqpi.engine.trainer |   epoch 60 step 100/140 loss=0.6469
14:27:39 | INFO    | holoqpi.engine.trainer |   epoch 60 step 120/140 loss=0.6002
14:28:25 | INFO    | holoqpi.engine.trainer | epoch 60/60 (57s = 13s train + 45s val) | train_loss=0.6528  val_phase_mae=0.1807  val_dice=0.7696  val_cls_acc=0.7795  val_mass_mape=0.2386
14:28:25 | INFO    | holoqpi.engine.trainer | training finished; best epoch 56 (composite=0.7620)
14:28:26 | INFO    | holoqpi.engine.trainer | checkpoint best_model.pt: 446/446 tensors matched
14:29:05 | INFO    | holoqpi.engine.compare | modality=gabor test metrics written to runs/no_measurement_gabor
14:29:06 | INFO    | holoqpi.engine.compare | comparison table written to runs/no_measurement_modality_comparison.csv
