14:29:10 | INFO    | holoqpi.engine.compare | ======================================================================
14:29:10 | INFO    | holoqpi.engine.compare | modality=off_axis  device=cuda  run_dir=runs/classification_only_off_axis
14:29:10 | INFO    | holoqpi.engine.compare | ======================================================================
14:29:10 | INFO    | holoqpi.data.dataset | train split: 560 samples | modality=off_axis | crop=512 | augment=True
14:29:10 | INFO    | holoqpi.data.dataset | val split: 127 samples | modality=off_axis | crop=None | augment=False
14:29:10 | INFO    | holoqpi.data.dataset | test split: 113 samples | modality=off_axis | crop=None | augment=False
14:29:11 | INFO    | holoqpi.models.encoders | encoder=mobilenet_v2 in_channels=1 pretrained=True stages=[16, 24, 32, 96, 1280]
14:29:11 | INFO    | holoqpi.models.holonet | HoloQPINet built: 9.76M parameters, 9.76M trainable (100.0%)
14:29:13 | INFO    | holoqpi.engine.trainer | trainable 9.76M / 9.76M parameters (100.0%)
14:29:13 | INFO    | holoqpi.engine.trainer | active physics terms: none
14:29:18 | INFO    | holoqpi.engine.trainer |   epoch 1 step 0/140 loss=1.5531
14:29:20 | INFO    | holoqpi.engine.trainer |   epoch 1 step 20/140 loss=1.6994
14:29:22 | INFO    | holoqpi.engine.trainer |   epoch 1 step 40/140 loss=1.5984
14:29:24 | INFO    | holoqpi.engine.trainer |   epoch 1 step 60/140 loss=1.6668
14:29:26 | INFO    | holoqpi.engine.trainer |   epoch 1 step 80/140 loss=1.6619
14:29:28 | INFO    | holoqpi.engine.trainer |   epoch 1 step 100/140 loss=1.4912
14:29:30 | INFO    | holoqpi.engine.trainer |   epoch 1 step 120/140 loss=1.6584
14:30:37 | INFO    | holoqpi.engine.trainer |   new best cls_accuracy=0.2598
14:30:37 | INFO    | holoqpi.engine.trainer | epoch 1/60 (84s = 20s train + 65s val) | train_loss=1.6524  val_phase_mae=0.5018  val_dice=0.1831  val_cls_acc=0.2598  val_mass_mape=nan
14:30:37 | INFO    | holoqpi.engine.trainer |   at this rate the full 60-epoch schedule takes about 84 min
14:30:38 | INFO    | holoqpi.engine.trainer |   epoch 2 step 0/140 loss=1.3950
14:30:39 | INFO    | holoqpi.engine.trainer |   epoch 2 step 20/140 loss=1.7127
14:30:41 | INFO    | holoqpi.engine.trainer |   epoch 2 step 40/140 loss=1.7471
14:30:43 | INFO    | holoqpi.engine.trainer |   epoch 2 step 60/140 loss=1.5793
14:30:45 | INFO    | holoqpi.engine.trainer |   epoch 2 step 80/140 loss=1.6165
14:30:47 | INFO    | holoqpi.engine.trainer |   epoch 2 step 100/140 loss=1.7325
14:30:49 | INFO    | holoqpi.engine.trainer |   epoch 2 step 120/140 loss=1.6774
14:31:47 | INFO    | holoqpi.engine.trainer | epoch 2/60 (70s = 14s train + 56s val) | train_loss=1.6457  val_phase_mae=0.4697  val_dice=0.1623  val_cls_acc=0.2126  val_mass_mape=nan
14:31:48 | INFO    | holoqpi.engine.trainer |   epoch 3 step 0/140 loss=1.6190
14:31:50 | INFO    | holoqpi.engine.trainer |   epoch 3 step 20/140 loss=1.3732
14:31:51 | INFO    | holoqpi.engine.trainer |   epoch 3 step 40/140 loss=1.4914
14:31:53 | INFO    | holoqpi.engine.trainer |   epoch 3 step 60/140 loss=1.5202
14:31:55 | INFO    | holoqpi.engine.trainer |   epoch 3 step 80/140 loss=1.6916
14:31:57 | INFO    | holoqpi.engine.trainer |   epoch 3 step 100/140 loss=1.4818
14:31:59 | INFO    | holoqpi.engine.trainer |   epoch 3 step 120/140 loss=1.4353
14:32:59 | INFO    | holoqpi.engine.trainer | epoch 3/60 (71s = 14s train + 58s val) | train_loss=1.6237  val_phase_mae=0.4800  val_dice=0.1771  val_cls_acc=0.1969  val_mass_mape=nan
14:32:59 | INFO    | holoqpi.engine.trainer |   epoch 4 step 0/140 loss=1.3721
14:33:01 | INFO    | holoqpi.engine.trainer |   epoch 4 step 20/140 loss=1.6466
14:33:03 | INFO    | holoqpi.engine.trainer |   epoch 4 step 40/140 loss=1.6428
14:33:05 | INFO    | holoqpi.engine.trainer |   epoch 4 step 60/140 loss=1.6804
14:33:07 | INFO    | holoqpi.engine.trainer |   epoch 4 step 80/140 loss=1.5258
14:33:08 | INFO    | holoqpi.engine.trainer |   epoch 4 step 100/140 loss=1.6570
14:33:10 | INFO    | holoqpi.engine.trainer |   epoch 4 step 120/140 loss=1.7672
14:34:17 | INFO    | holoqpi.engine.trainer | epoch 4/60 (79s = 14s train + 65s val) | train_loss=1.6459  val_phase_mae=0.4862  val_dice=0.1777  val_cls_acc=0.2441  val_mass_mape=2.3434
14:34:18 | INFO    | holoqpi.engine.trainer |   epoch 5 step 0/140 loss=1.6807
14:34:19 | INFO    | holoqpi.engine.trainer |   epoch 5 step 20/140 loss=1.6370
14:34:21 | INFO    | holoqpi.engine.trainer |   epoch 5 step 40/140 loss=1.7591
14:34:23 | INFO    | holoqpi.engine.trainer |   epoch 5 step 60/140 loss=1.6787
14:34:25 | INFO    | holoqpi.engine.trainer |   epoch 5 step 80/140 loss=1.6971
14:34:27 | INFO    | holoqpi.engine.trainer |   epoch 5 step 100/140 loss=1.7664
14:34:29 | INFO    | holoqpi.engine.trainer |   epoch 5 step 120/140 loss=1.5430
14:35:35 | INFO    | holoqpi.engine.trainer | epoch 5/60 (78s = 13s train + 65s val) | train_loss=1.6144  val_phase_mae=0.4887  val_dice=0.2004  val_cls_acc=0.2283  val_mass_mape=nan
14:35:36 | INFO    | holoqpi.engine.trainer |   epoch 6 step 0/140 loss=1.4736
14:35:38 | INFO    | holoqpi.engine.trainer |   epoch 6 step 20/140 loss=1.5064
14:35:39 | INFO    | holoqpi.engine.trainer |   epoch 6 step 40/140 loss=1.5279
14:35:41 | INFO    | holoqpi.engine.trainer |   epoch 6 step 60/140 loss=1.5782
14:35:43 | INFO    | holoqpi.engine.trainer |   epoch 6 step 80/140 loss=1.6627
14:35:45 | INFO    | holoqpi.engine.trainer |   epoch 6 step 100/140 loss=1.6840
14:35:47 | INFO    | holoqpi.engine.trainer |   epoch 6 step 120/140 loss=1.5516
14:36:54 | INFO    | holoqpi.engine.trainer | epoch 6/60 (79s = 13s train + 66s val) | train_loss=1.6166  val_phase_mae=0.4961  val_dice=0.1984  val_cls_acc=0.2441  val_mass_mape=nan
14:36:55 | INFO    | holoqpi.engine.trainer |   epoch 7 step 0/140 loss=1.7611
14:36:56 | INFO    | holoqpi.engine.trainer |   epoch 7 step 20/140 loss=1.5050
14:36:58 | INFO    | holoqpi.engine.trainer |   epoch 7 step 40/140 loss=1.3974
14:37:00 | INFO    | holoqpi.engine.trainer |   epoch 7 step 60/140 loss=1.6461
14:37:02 | INFO    | holoqpi.engine.trainer |   epoch 7 step 80/140 loss=1.6226
14:37:04 | INFO    | holoqpi.engine.trainer |   epoch 7 step 100/140 loss=1.5709
14:37:05 | INFO    | holoqpi.engine.trainer |   epoch 7 step 120/140 loss=1.6860
14:38:10 | INFO    | holoqpi.engine.trainer | epoch 7/60 (76s = 13s train + 63s val) | train_loss=1.6083  val_phase_mae=0.4908  val_dice=0.1950  val_cls_acc=0.2441  val_mass_mape=nan
14:38:11 | INFO    | holoqpi.engine.trainer |   epoch 8 step 0/140 loss=1.7113
14:38:13 | INFO    | holoqpi.engine.trainer |   epoch 8 step 20/140 loss=1.5760
14:38:14 | INFO    | holoqpi.engine.trainer |   epoch 8 step 40/140 loss=1.4368
14:38:16 | INFO    | holoqpi.engine.trainer |   epoch 8 step 60/140 loss=1.5107
14:38:18 | INFO    | holoqpi.engine.trainer |   epoch 8 step 80/140 loss=1.3811
14:38:20 | INFO    | holoqpi.engine.trainer |   epoch 8 step 100/140 loss=1.6491
14:38:22 | INFO    | holoqpi.engine.trainer |   epoch 8 step 120/140 loss=1.8778
14:39:26 | INFO    | holoqpi.engine.trainer | epoch 8/60 (76s = 13s train + 63s val) | train_loss=1.5830  val_phase_mae=0.4868  val_dice=0.1982  val_cls_acc=0.2441  val_mass_mape=nan
14:39:27 | INFO    | holoqpi.engine.trainer |   epoch 9 step 0/140 loss=1.6807
14:39:29 | INFO    | holoqpi.engine.trainer |   epoch 9 step 20/140 loss=1.3422
14:39:30 | INFO    | holoqpi.engine.trainer |   epoch 9 step 40/140 loss=1.5555
14:39:32 | INFO    | holoqpi.engine.trainer |   epoch 9 step 60/140 loss=1.7293
14:39:34 | INFO    | holoqpi.engine.trainer |   epoch 9 step 80/140 loss=1.5421
14:39:36 | INFO    | holoqpi.engine.trainer |   epoch 9 step 100/140 loss=1.4569
14:39:38 | INFO    | holoqpi.engine.trainer |   epoch 9 step 120/140 loss=1.7508
14:40:42 | INFO    | holoqpi.engine.trainer | epoch 9/60 (76s = 13s train + 63s val) | train_loss=1.5748  val_phase_mae=0.4860  val_dice=0.1910  val_cls_acc=0.2441  val_mass_mape=nan
14:40:43 | INFO    | holoqpi.engine.trainer |   epoch 10 step 0/140 loss=1.8292
14:40:45 | INFO    | holoqpi.engine.trainer |   epoch 10 step 20/140 loss=1.5454
14:40:46 | INFO    | holoqpi.engine.trainer |   epoch 10 step 40/140 loss=1.7545
14:40:48 | INFO    | holoqpi.engine.trainer |   epoch 10 step 60/140 loss=1.4435
14:40:50 | INFO    | holoqpi.engine.trainer |   epoch 10 step 80/140 loss=1.5579
14:40:52 | INFO    | holoqpi.engine.trainer |   epoch 10 step 100/140 loss=1.6781
14:40:54 | INFO    | holoqpi.engine.trainer |   epoch 10 step 120/140 loss=1.7854
14:41:57 | INFO    | holoqpi.engine.trainer |   new best cls_accuracy=0.3465
14:41:57 | INFO    | holoqpi.engine.trainer | epoch 10/60 (74s = 13s train + 61s val) | train_loss=1.5698  val_phase_mae=0.4842  val_dice=0.1918  val_cls_acc=0.3465  val_mass_mape=nan
14:41:57 | INFO    | holoqpi.engine.trainer |   epoch 11 step 0/140 loss=1.6399
14:41:59 | INFO    | holoqpi.engine.trainer |   epoch 11 step 20/140 loss=1.5032
14:42:01 | INFO    | holoqpi.engine.trainer |   epoch 11 step 40/140 loss=1.7037
14:42:03 | INFO    | holoqpi.engine.trainer |   epoch 11 step 60/140 loss=1.6530
14:42:05 | INFO    | holoqpi.engine.trainer |   epoch 11 step 80/140 loss=1.6018
14:42:06 | INFO    | holoqpi.engine.trainer |   epoch 11 step 100/140 loss=1.7040
14:42:08 | INFO    | holoqpi.engine.trainer |   epoch 11 step 120/140 loss=1.4832
14:43:12 | INFO    | holoqpi.engine.trainer | epoch 11/60 (75s = 13s train + 62s val) | train_loss=1.5614  val_phase_mae=0.4844  val_dice=0.2002  val_cls_acc=0.2441  val_mass_mape=nan
14:43:13 | INFO    | holoqpi.engine.trainer |   epoch 12 step 0/140 loss=1.5698
14:43:14 | INFO    | holoqpi.engine.trainer |   epoch 12 step 20/140 loss=1.4049
14:43:16 | INFO    | holoqpi.engine.trainer |   epoch 12 step 40/140 loss=1.8333
14:43:18 | INFO    | holoqpi.engine.trainer |   epoch 12 step 60/140 loss=1.6069
14:43:20 | INFO    | holoqpi.engine.trainer |   epoch 12 step 80/140 loss=1.6137
14:43:22 | INFO    | holoqpi.engine.trainer |   epoch 12 step 100/140 loss=1.7052
14:43:23 | INFO    | holoqpi.engine.trainer |   epoch 12 step 120/140 loss=1.5889
14:44:28 | INFO    | holoqpi.engine.trainer | epoch 12/60 (76s = 13s train + 63s val) | train_loss=1.5667  val_phase_mae=0.4805  val_dice=0.1985  val_cls_acc=0.2441  val_mass_mape=nan
14:44:29 | INFO    | holoqpi.engine.trainer |   epoch 13 step 0/140 loss=1.2656
14:44:31 | INFO    | holoqpi.engine.trainer |   epoch 13 step 20/140 loss=1.6255
14:44:33 | INFO    | holoqpi.engine.trainer |   epoch 13 step 40/140 loss=1.3431
14:44:34 | INFO    | holoqpi.engine.trainer |   epoch 13 step 60/140 loss=1.6650
14:44:36 | INFO    | holoqpi.engine.trainer |   epoch 13 step 80/140 loss=1.6304
14:44:38 | INFO    | holoqpi.engine.trainer |   epoch 13 step 100/140 loss=1.5061
14:44:40 | INFO    | holoqpi.engine.trainer |   epoch 13 step 120/140 loss=1.5177
14:45:43 | INFO    | holoqpi.engine.trainer | epoch 13/60 (75s = 13s train + 62s val) | train_loss=1.5400  val_phase_mae=0.4795  val_dice=0.1923  val_cls_acc=0.2756  val_mass_mape=1.5397
14:45:44 | INFO    | holoqpi.engine.trainer |   epoch 14 step 0/140 loss=1.6721
14:45:45 | INFO    | holoqpi.engine.trainer |   epoch 14 step 20/140 loss=1.4324
14:45:47 | INFO    | holoqpi.engine.trainer |   epoch 14 step 40/140 loss=0.9375
14:45:49 | INFO    | holoqpi.engine.trainer |   epoch 14 step 60/140 loss=0.9804
14:45:51 | INFO    | holoqpi.engine.trainer |   epoch 14 step 80/140 loss=1.8034
14:45:53 | INFO    | holoqpi.engine.trainer |   epoch 14 step 100/140 loss=1.6880
14:45:54 | INFO    | holoqpi.engine.trainer |   epoch 14 step 120/140 loss=1.2924
14:47:01 | INFO    | holoqpi.engine.trainer | epoch 14/60 (78s = 13s train + 65s val) | train_loss=1.5158  val_phase_mae=0.4845  val_dice=0.1930  val_cls_acc=0.3386  val_mass_mape=nan
14:47:02 | INFO    | holoqpi.engine.trainer |   epoch 15 step 0/140 loss=1.4750
14:47:04 | INFO    | holoqpi.engine.trainer |   epoch 15 step 20/140 loss=1.5018
14:47:06 | INFO    | holoqpi.engine.trainer |   epoch 15 step 40/140 loss=1.6628
14:47:07 | INFO    | holoqpi.engine.trainer |   epoch 15 step 60/140 loss=1.3508
14:47:09 | INFO    | holoqpi.engine.trainer |   epoch 15 step 80/140 loss=1.6815
14:47:11 | INFO    | holoqpi.engine.trainer |   epoch 15 step 100/140 loss=1.2980
14:47:13 | INFO    | holoqpi.engine.trainer |   epoch 15 step 120/140 loss=1.4367
14:48:15 | INFO    | holoqpi.engine.trainer | epoch 15/60 (73s = 13s train + 60s val) | train_loss=1.4899  val_phase_mae=0.4786  val_dice=0.1867  val_cls_acc=0.3307  val_mass_mape=nan
14:48:15 | INFO    | holoqpi.engine.trainer |   epoch 16 step 0/140 loss=1.3595
14:48:17 | INFO    | holoqpi.engine.trainer |   epoch 16 step 20/140 loss=1.6893
14:48:19 | INFO    | holoqpi.engine.trainer |   epoch 16 step 40/140 loss=1.2743
14:48:21 | INFO    | holoqpi.engine.trainer |   epoch 16 step 60/140 loss=2.4567
14:48:23 | INFO    | holoqpi.engine.trainer |   epoch 16 step 80/140 loss=1.6823
14:48:25 | INFO    | holoqpi.engine.trainer |   epoch 16 step 100/140 loss=1.2378
14:48:26 | INFO    | holoqpi.engine.trainer |   epoch 16 step 120/140 loss=1.0591
14:49:33 | INFO    | holoqpi.engine.trainer | epoch 16/60 (78s = 13s train + 65s val) | train_loss=1.4906  val_phase_mae=0.4768  val_dice=0.1958  val_cls_acc=0.2756  val_mass_mape=1.6746
14:49:33 | INFO    | holoqpi.engine.trainer |   epoch 17 step 0/140 loss=1.6175
14:49:35 | INFO    | holoqpi.engine.trainer |   epoch 17 step 20/140 loss=1.3995
14:49:37 | INFO    | holoqpi.engine.trainer |   epoch 17 step 40/140 loss=1.5359
14:49:39 | INFO    | holoqpi.engine.trainer |   epoch 17 step 60/140 loss=1.6441
14:49:41 | INFO    | holoqpi.engine.trainer |   epoch 17 step 80/140 loss=1.2267
14:49:42 | INFO    | holoqpi.engine.trainer |   epoch 17 step 100/140 loss=1.3889
14:49:44 | INFO    | holoqpi.engine.trainer |   epoch 17 step 120/140 loss=1.4074
14:50:49 | INFO    | holoqpi.engine.trainer |   new best cls_accuracy=0.3701
14:50:49 | INFO    | holoqpi.engine.trainer | epoch 17/60 (76s = 13s train + 63s val) | train_loss=1.4928  val_phase_mae=0.4813  val_dice=0.1940  val_cls_acc=0.3701  val_mass_mape=nan
14:50:50 | INFO    | holoqpi.engine.trainer |   epoch 18 step 0/140 loss=1.7187
14:50:52 | INFO    | holoqpi.engine.trainer |   epoch 18 step 20/140 loss=1.3491
14:50:54 | INFO    | holoqpi.engine.trainer |   epoch 18 step 40/140 loss=1.7457
14:50:55 | INFO    | holoqpi.engine.trainer |   epoch 18 step 60/140 loss=2.2004
14:50:57 | INFO    | holoqpi.engine.trainer |   epoch 18 step 80/140 loss=1.5988
14:50:59 | INFO    | holoqpi.engine.trainer |   epoch 18 step 100/140 loss=1.3564
14:51:01 | INFO    | holoqpi.engine.trainer |   epoch 18 step 120/140 loss=1.1315
14:52:06 | INFO    | holoqpi.engine.trainer | epoch 18/60 (76s = 13s train + 63s val) | train_loss=1.4749  val_phase_mae=0.4741  val_dice=0.1926  val_cls_acc=0.3386  val_mass_mape=nan
14:52:06 | INFO    | holoqpi.engine.trainer |   epoch 19 step 0/140 loss=1.8100
14:52:08 | INFO    | holoqpi.engine.trainer |   epoch 19 step 20/140 loss=1.5230
14:52:10 | INFO    | holoqpi.engine.trainer |   epoch 19 step 40/140 loss=1.6744
14:52:12 | INFO    | holoqpi.engine.trainer |   epoch 19 step 60/140 loss=1.0856
14:52:14 | INFO    | holoqpi.engine.trainer |   epoch 19 step 80/140 loss=1.4455
14:52:15 | INFO    | holoqpi.engine.trainer |   epoch 19 step 100/140 loss=2.1871
14:52:17 | INFO    | holoqpi.engine.trainer |   epoch 19 step 120/140 loss=1.5856
14:53:24 | INFO    | holoqpi.engine.trainer | epoch 19/60 (78s = 13s train + 65s val) | train_loss=1.5158  val_phase_mae=0.4724  val_dice=0.1962  val_cls_acc=0.3465  val_mass_mape=1.7140
14:53:25 | INFO    | holoqpi.engine.trainer |   epoch 20 step 0/140 loss=1.7248
14:53:26 | INFO    | holoqpi.engine.trainer |   epoch 20 step 20/140 loss=1.3463
14:53:28 | INFO    | holoqpi.engine.trainer |   epoch 20 step 40/140 loss=1.2580
14:53:30 | INFO    | holoqpi.engine.trainer |   epoch 20 step 60/140 loss=1.6113
14:53:32 | INFO    | holoqpi.engine.trainer |   epoch 20 step 80/140 loss=1.6465
14:53:34 | INFO    | holoqpi.engine.trainer |   epoch 20 step 100/140 loss=1.4540
14:53:35 | INFO    | holoqpi.engine.trainer |   epoch 20 step 120/140 loss=1.6834
14:54:41 | INFO    | holoqpi.engine.trainer | epoch 20/60 (77s = 13s train + 64s val) | train_loss=1.4426  val_phase_mae=0.4767  val_dice=0.1973  val_cls_acc=0.3622  val_mass_mape=1.5292
14:54:41 | INFO    | holoqpi.engine.trainer |   epoch 21 step 0/140 loss=1.1237
14:54:43 | INFO    | holoqpi.engine.trainer |   epoch 21 step 20/140 loss=1.3363
14:54:45 | INFO    | holoqpi.engine.trainer |   epoch 21 step 40/140 loss=1.5361
14:54:47 | INFO    | holoqpi.engine.trainer |   epoch 21 step 60/140 loss=1.5452
14:54:49 | INFO    | holoqpi.engine.trainer |   epoch 21 step 80/140 loss=1.1621
14:54:50 | INFO    | holoqpi.engine.trainer |   epoch 21 step 100/140 loss=1.1695
14:54:52 | INFO    | holoqpi.engine.trainer |   epoch 21 step 120/140 loss=1.9648
14:55:58 | INFO    | holoqpi.engine.trainer | epoch 21/60 (77s = 13s train + 64s val) | train_loss=1.4506  val_phase_mae=0.4781  val_dice=0.1988  val_cls_acc=0.3465  val_mass_mape=nan
14:55:58 | INFO    | holoqpi.engine.trainer |   epoch 22 step 0/140 loss=1.7095
14:56:00 | INFO    | holoqpi.engine.trainer |   epoch 22 step 20/140 loss=1.4394
14:56:02 | INFO    | holoqpi.engine.trainer |   epoch 22 step 40/140 loss=1.8177
14:56:04 | INFO    | holoqpi.engine.trainer |   epoch 22 step 60/140 loss=1.5606
14:56:05 | INFO    | holoqpi.engine.trainer |   epoch 22 step 80/140 loss=1.5161
14:56:07 | INFO    | holoqpi.engine.trainer |   epoch 22 step 100/140 loss=1.5272
14:56:09 | INFO    | holoqpi.engine.trainer |   epoch 22 step 120/140 loss=1.3984
14:57:15 | INFO    | holoqpi.engine.trainer | epoch 22/60 (77s = 13s train + 64s val) | train_loss=1.4404  val_phase_mae=0.4760  val_dice=0.2002  val_cls_acc=0.3465  val_mass_mape=nan
14:57:15 | INFO    | holoqpi.engine.trainer |   epoch 23 step 0/140 loss=1.7118
14:57:17 | INFO    | holoqpi.engine.trainer |   epoch 23 step 20/140 loss=1.1571
14:57:19 | INFO    | holoqpi.engine.trainer |   epoch 23 step 40/140 loss=1.0893
14:57:21 | INFO    | holoqpi.engine.trainer |   epoch 23 step 60/140 loss=1.1497
14:57:22 | INFO    | holoqpi.engine.trainer |   epoch 23 step 80/140 loss=1.1555
14:57:24 | INFO    | holoqpi.engine.trainer |   epoch 23 step 100/140 loss=1.5217
14:57:26 | INFO    | holoqpi.engine.trainer |   epoch 23 step 120/140 loss=1.5364
14:58:31 | INFO    | holoqpi.engine.trainer |   new best cls_accuracy=0.4331
14:58:31 | INFO    | holoqpi.engine.trainer | epoch 23/60 (76s = 13s train + 62s val) | train_loss=1.4023  val_phase_mae=0.4814  val_dice=0.1957  val_cls_acc=0.4331  val_mass_mape=nan
14:58:31 | INFO    | holoqpi.engine.trainer |   epoch 24 step 0/140 loss=1.2038
14:58:33 | INFO    | holoqpi.engine.trainer |   epoch 24 step 20/140 loss=1.1096
14:58:35 | INFO    | holoqpi.engine.trainer |   epoch 24 step 40/140 loss=1.5210
14:58:36 | INFO    | holoqpi.engine.trainer |   epoch 24 step 60/140 loss=1.0206
14:58:38 | INFO    | holoqpi.engine.trainer |   epoch 24 step 80/140 loss=1.5330
14:58:40 | INFO    | holoqpi.engine.trainer |   epoch 24 step 100/140 loss=1.5332
14:58:42 | INFO    | holoqpi.engine.trainer |   epoch 24 step 120/140 loss=1.7111
14:59:46 | INFO    | holoqpi.engine.trainer | epoch 24/60 (76s = 13s train + 63s val) | train_loss=1.4069  val_phase_mae=0.4796  val_dice=0.1957  val_cls_acc=0.3465  val_mass_mape=nan
14:59:47 | INFO    | holoqpi.engine.trainer |   epoch 25 step 0/140 loss=1.6187
14:59:49 | INFO    | holoqpi.engine.trainer |   epoch 25 step 20/140 loss=1.4076
14:59:50 | INFO    | holoqpi.engine.trainer |   epoch 25 step 40/140 loss=1.4265
14:59:52 | INFO    | holoqpi.engine.trainer |   epoch 25 step 60/140 loss=1.1874
14:59:54 | INFO    | holoqpi.engine.trainer |   epoch 25 step 80/140 loss=2.0375
14:59:56 | INFO    | holoqpi.engine.trainer |   epoch 25 step 100/140 loss=2.3195
14:59:58 | INFO    | holoqpi.engine.trainer |   epoch 25 step 120/140 loss=1.5731
15:01:02 | INFO    | holoqpi.engine.trainer | epoch 25/60 (76s = 13s train + 63s val) | train_loss=1.4361  val_phase_mae=0.4759  val_dice=0.1967  val_cls_acc=0.3228  val_mass_mape=nan
15:01:02 | INFO    | holoqpi.engine.trainer |   epoch 26 step 0/140 loss=1.0698
15:01:04 | INFO    | holoqpi.engine.trainer |   epoch 26 step 20/140 loss=1.6114
15:01:06 | INFO    | holoqpi.engine.trainer |   epoch 26 step 40/140 loss=2.0878
15:01:08 | INFO    | holoqpi.engine.trainer |   epoch 26 step 60/140 loss=1.6464
15:01:09 | INFO    | holoqpi.engine.trainer |   epoch 26 step 80/140 loss=1.3442
15:01:11 | INFO    | holoqpi.engine.trainer |   epoch 26 step 100/140 loss=1.2186
15:01:13 | INFO    | holoqpi.engine.trainer |   epoch 26 step 120/140 loss=1.6105
15:02:17 | INFO    | holoqpi.engine.trainer | epoch 26/60 (75s = 13s train + 62s val) | train_loss=1.4440  val_phase_mae=0.4782  val_dice=0.1947  val_cls_acc=0.4016  val_mass_mape=nan
15:02:18 | INFO    | holoqpi.engine.trainer |   epoch 27 step 0/140 loss=2.2195
15:02:20 | INFO    | holoqpi.engine.trainer |   epoch 27 step 20/140 loss=1.5852
15:02:21 | INFO    | holoqpi.engine.trainer |   epoch 27 step 40/140 loss=1.2248
15:02:23 | INFO    | holoqpi.engine.trainer |   epoch 27 step 60/140 loss=1.1009
15:02:25 | INFO    | holoqpi.engine.trainer |   epoch 27 step 80/140 loss=1.2077
15:02:27 | INFO    | holoqpi.engine.trainer |   epoch 27 step 100/140 loss=1.7666
15:02:29 | INFO    | holoqpi.engine.trainer |   epoch 27 step 120/140 loss=0.9937
15:03:34 | INFO    | holoqpi.engine.trainer | epoch 27/60 (77s = 13s train + 64s val) | train_loss=1.3903  val_phase_mae=0.4797  val_dice=0.1991  val_cls_acc=0.3307  val_mass_mape=nan
15:03:35 | INFO    | holoqpi.engine.trainer |   epoch 28 step 0/140 loss=1.5115
15:03:37 | INFO    | holoqpi.engine.trainer |   epoch 28 step 20/140 loss=1.8087
15:03:38 | INFO    | holoqpi.engine.trainer |   epoch 28 step 40/140 loss=1.8165
15:03:40 | INFO    | holoqpi.engine.trainer |   epoch 28 step 60/140 loss=1.8169
15:03:42 | INFO    | holoqpi.engine.trainer |   epoch 28 step 80/140 loss=0.9170
15:03:44 | INFO    | holoqpi.engine.trainer |   epoch 28 step 100/140 loss=1.9332
15:03:46 | INFO    | holoqpi.engine.trainer |   epoch 28 step 120/140 loss=1.0740
15:04:51 | INFO    | holoqpi.engine.trainer | epoch 28/60 (76s = 13s train + 63s val) | train_loss=1.3876  val_phase_mae=0.4786  val_dice=0.1949  val_cls_acc=0.3937  val_mass_mape=nan
15:04:51 | INFO    | holoqpi.engine.trainer |   epoch 29 step 0/140 loss=1.1336
15:04:53 | INFO    | holoqpi.engine.trainer |   epoch 29 step 20/140 loss=0.9022
15:04:55 | INFO    | holoqpi.engine.trainer |   epoch 29 step 40/140 loss=1.1472
15:04:57 | INFO    | holoqpi.engine.trainer |   epoch 29 step 60/140 loss=1.2415
15:04:58 | INFO    | holoqpi.engine.trainer |   epoch 29 step 80/140 loss=1.1671
15:05:00 | INFO    | holoqpi.engine.trainer |   epoch 29 step 100/140 loss=1.0674
15:05:02 | INFO    | holoqpi.engine.trainer |   epoch 29 step 120/140 loss=1.8139
15:06:06 | INFO    | holoqpi.engine.trainer | epoch 29/60 (75s = 13s train + 62s val) | train_loss=1.3932  val_phase_mae=0.4808  val_dice=0.2003  val_cls_acc=0.3543  val_mass_mape=nan
15:06:06 | INFO    | holoqpi.engine.trainer |   epoch 30 step 0/140 loss=1.2755
15:06:08 | INFO    | holoqpi.engine.trainer |   epoch 30 step 20/140 loss=1.4311
15:06:10 | INFO    | holoqpi.engine.trainer |   epoch 30 step 40/140 loss=1.6526
15:06:12 | INFO    | holoqpi.engine.trainer |   epoch 30 step 60/140 loss=1.8108
15:06:14 | INFO    | holoqpi.engine.trainer |   epoch 30 step 80/140 loss=1.6671
15:06:16 | INFO    | holoqpi.engine.trainer |   epoch 30 step 100/140 loss=1.1641
15:06:17 | INFO    | holoqpi.engine.trainer |   epoch 30 step 120/140 loss=1.2757
15:07:23 | INFO    | holoqpi.engine.trainer | epoch 30/60 (77s = 13s train + 64s val) | train_loss=1.3383  val_phase_mae=0.4764  val_dice=0.2008  val_cls_acc=0.4331  val_mass_mape=nan
15:07:24 | INFO    | holoqpi.engine.trainer |   epoch 31 step 0/140 loss=1.4751
15:07:26 | INFO    | holoqpi.engine.trainer |   epoch 31 step 20/140 loss=1.1568
15:07:27 | INFO    | holoqpi.engine.trainer |   epoch 31 step 40/140 loss=1.5428
15:07:29 | INFO    | holoqpi.engine.trainer |   epoch 31 step 60/140 loss=1.2007
15:07:31 | INFO    | holoqpi.engine.trainer |   epoch 31 step 80/140 loss=1.0860
15:07:33 | INFO    | holoqpi.engine.trainer |   epoch 31 step 100/140 loss=1.8829
15:07:35 | INFO    | holoqpi.engine.trainer |   epoch 31 step 120/140 loss=1.2146
15:08:39 | INFO    | holoqpi.engine.trainer | epoch 31/60 (75s = 13s train + 62s val) | train_loss=1.3841  val_phase_mae=0.4736  val_dice=0.1954  val_cls_acc=0.3622  val_mass_mape=nan
15:08:39 | INFO    | holoqpi.engine.trainer |   epoch 32 step 0/140 loss=1.1899
15:08:41 | INFO    | holoqpi.engine.trainer |   epoch 32 step 20/140 loss=0.9425
15:08:43 | INFO    | holoqpi.engine.trainer |   epoch 32 step 40/140 loss=1.5870
15:08:44 | INFO    | holoqpi.engine.trainer |   epoch 32 step 60/140 loss=1.7331
15:08:46 | INFO    | holoqpi.engine.trainer |   epoch 32 step 80/140 loss=1.2857
15:08:48 | INFO    | holoqpi.engine.trainer |   epoch 32 step 100/140 loss=1.2206
15:08:50 | INFO    | holoqpi.engine.trainer |   epoch 32 step 120/140 loss=1.6495
15:09:55 | INFO    | holoqpi.engine.trainer | epoch 32/60 (76s = 13s train + 63s val) | train_loss=1.3090  val_phase_mae=0.4779  val_dice=0.2018  val_cls_acc=0.3071  val_mass_mape=1.8171
15:09:55 | INFO    | holoqpi.engine.trainer |   epoch 33 step 0/140 loss=1.0122
15:09:57 | INFO    | holoqpi.engine.trainer |   epoch 33 step 20/140 loss=0.9677
15:09:59 | INFO    | holoqpi.engine.trainer |   epoch 33 step 40/140 loss=1.5082
15:10:01 | INFO    | holoqpi.engine.trainer |   epoch 33 step 60/140 loss=1.1520
15:10:03 | INFO    | holoqpi.engine.trainer |   epoch 33 step 80/140 loss=1.0626
15:10:04 | INFO    | holoqpi.engine.trainer |   epoch 33 step 100/140 loss=1.2456
15:10:06 | INFO    | holoqpi.engine.trainer |   epoch 33 step 120/140 loss=1.0444
15:11:09 | INFO    | holoqpi.engine.trainer |   new best cls_accuracy=0.4488
15:11:09 | INFO    | holoqpi.engine.trainer | epoch 33/60 (74s = 13s train + 61s val) | train_loss=1.3056  val_phase_mae=0.4780  val_dice=0.1975  val_cls_acc=0.4488  val_mass_mape=nan
15:11:10 | INFO    | holoqpi.engine.trainer |   epoch 34 step 0/140 loss=1.4402
15:11:12 | INFO    | holoqpi.engine.trainer |   epoch 34 step 20/140 loss=1.8772
15:11:14 | INFO    | holoqpi.engine.trainer |   epoch 34 step 40/140 loss=1.2655
15:11:16 | INFO    | holoqpi.engine.trainer |   epoch 34 step 60/140 loss=1.1961
15:11:17 | INFO    | holoqpi.engine.trainer |   epoch 34 step 80/140 loss=1.0646
15:11:19 | INFO    | holoqpi.engine.trainer |   epoch 34 step 100/140 loss=1.2134
15:11:21 | INFO    | holoqpi.engine.trainer |   epoch 34 step 120/140 loss=0.8965
15:12:25 | INFO    | holoqpi.engine.trainer | epoch 34/60 (75s = 13s train + 62s val) | train_loss=1.3176  val_phase_mae=0.4798  val_dice=0.1994  val_cls_acc=0.4252  val_mass_mape=nan
15:12:26 | INFO    | holoqpi.engine.trainer |   epoch 35 step 0/140 loss=0.7743
15:12:27 | INFO    | holoqpi.engine.trainer |   epoch 35 step 20/140 loss=1.3305
15:12:29 | INFO    | holoqpi.engine.trainer |   epoch 35 step 40/140 loss=1.8993
15:12:31 | INFO    | holoqpi.engine.trainer |   epoch 35 step 60/140 loss=2.0643
15:12:33 | INFO    | holoqpi.engine.trainer |   epoch 35 step 80/140 loss=1.1788
15:12:35 | INFO    | holoqpi.engine.trainer |   epoch 35 step 100/140 loss=1.0005
15:12:36 | INFO    | holoqpi.engine.trainer |   epoch 35 step 120/140 loss=1.4762
15:13:41 | INFO    | holoqpi.engine.trainer | epoch 35/60 (76s = 13s train + 63s val) | train_loss=1.3062  val_phase_mae=0.4796  val_dice=0.1976  val_cls_acc=0.4331  val_mass_mape=nan
15:13:41 | INFO    | holoqpi.engine.trainer |   epoch 36 step 0/140 loss=0.9277
15:13:43 | INFO    | holoqpi.engine.trainer |   epoch 36 step 20/140 loss=1.8514
15:13:45 | INFO    | holoqpi.engine.trainer |   epoch 36 step 40/140 loss=1.1086
15:13:46 | INFO    | holoqpi.engine.trainer |   epoch 36 step 60/140 loss=1.0902
15:13:48 | INFO    | holoqpi.engine.trainer |   epoch 36 step 80/140 loss=0.6423
15:13:50 | INFO    | holoqpi.engine.trainer |   epoch 36 step 100/140 loss=1.8782
15:13:52 | INFO    | holoqpi.engine.trainer |   epoch 36 step 120/140 loss=1.4361
15:14:57 | INFO    | holoqpi.engine.trainer | epoch 36/60 (76s = 13s train + 63s val) | train_loss=1.2646  val_phase_mae=0.4802  val_dice=0.1965  val_cls_acc=0.4016  val_mass_mape=nan
15:14:57 | INFO    | holoqpi.engine.trainer |   epoch 37 step 0/140 loss=1.1555
15:14:59 | INFO    | holoqpi.engine.trainer |   epoch 37 step 20/140 loss=1.3988
15:15:01 | INFO    | holoqpi.engine.trainer |   epoch 37 step 40/140 loss=1.5700
15:15:03 | INFO    | holoqpi.engine.trainer |   epoch 37 step 60/140 loss=1.5569
15:15:05 | INFO    | holoqpi.engine.trainer |   epoch 37 step 80/140 loss=1.3961
15:15:06 | INFO    | holoqpi.engine.trainer |   epoch 37 step 100/140 loss=1.0886
15:15:08 | INFO    | holoqpi.engine.trainer |   epoch 37 step 120/140 loss=0.7869
15:16:12 | INFO    | holoqpi.engine.trainer | epoch 37/60 (76s = 13s train + 62s val) | train_loss=1.2656  val_phase_mae=0.4766  val_dice=0.1979  val_cls_acc=0.2835  val_mass_mape=nan
15:16:13 | INFO    | holoqpi.engine.trainer |   epoch 38 step 0/140 loss=1.4913
15:16:15 | INFO    | holoqpi.engine.trainer |   epoch 38 step 20/140 loss=2.1434
15:16:17 | INFO    | holoqpi.engine.trainer |   epoch 38 step 40/140 loss=0.6226
15:16:18 | INFO    | holoqpi.engine.trainer |   epoch 38 step 60/140 loss=1.1208
15:16:20 | INFO    | holoqpi.engine.trainer |   epoch 38 step 80/140 loss=1.0754
15:16:22 | INFO    | holoqpi.engine.trainer |   epoch 38 step 100/140 loss=1.4342
15:16:24 | INFO    | holoqpi.engine.trainer |   epoch 38 step 120/140 loss=1.5149
15:17:27 | INFO    | holoqpi.engine.trainer | epoch 38/60 (75s = 13s train + 62s val) | train_loss=1.2696  val_phase_mae=0.4783  val_dice=0.1958  val_cls_acc=0.4409  val_mass_mape=nan
15:17:28 | INFO    | holoqpi.engine.trainer |   epoch 39 step 0/140 loss=0.8406
15:17:29 | INFO    | holoqpi.engine.trainer |   epoch 39 step 20/140 loss=1.8594
15:17:31 | INFO    | holoqpi.engine.trainer |   epoch 39 step 40/140 loss=1.3723
15:17:33 | INFO    | holoqpi.engine.trainer |   epoch 39 step 60/140 loss=1.3875
15:17:35 | INFO    | holoqpi.engine.trainer |   epoch 39 step 80/140 loss=0.7157
15:17:37 | INFO    | holoqpi.engine.trainer |   epoch 39 step 100/140 loss=1.7348
15:17:39 | INFO    | holoqpi.engine.trainer |   epoch 39 step 120/140 loss=1.4329
15:18:43 | INFO    | holoqpi.engine.trainer |   new best cls_accuracy=0.5276
15:18:43 | INFO    | holoqpi.engine.trainer | epoch 39/60 (75s = 13s train + 62s val) | train_loss=1.2777  val_phase_mae=0.4828  val_dice=0.1953  val_cls_acc=0.5276  val_mass_mape=nan
15:18:43 | INFO    | holoqpi.engine.trainer |   epoch 40 step 0/140 loss=1.6664
15:18:45 | INFO    | holoqpi.engine.trainer |   epoch 40 step 20/140 loss=1.5164
15:18:47 | INFO    | holoqpi.engine.trainer |   epoch 40 step 40/140 loss=1.2365
15:18:49 | INFO    | holoqpi.engine.trainer |   epoch 40 step 60/140 loss=1.5440
15:18:51 | INFO    | holoqpi.engine.trainer |   epoch 40 step 80/140 loss=1.6784
15:18:52 | INFO    | holoqpi.engine.trainer |   epoch 40 step 100/140 loss=1.5393
15:18:54 | INFO    | holoqpi.engine.trainer |   epoch 40 step 120/140 loss=1.0506
15:19:59 | INFO    | holoqpi.engine.trainer | epoch 40/60 (76s = 13s train + 63s val) | train_loss=1.2044  val_phase_mae=0.4787  val_dice=0.1980  val_cls_acc=0.4016  val_mass_mape=1.8298
15:19:59 | INFO    | holoqpi.engine.trainer |   epoch 41 step 0/140 loss=1.3892
15:20:01 | INFO    | holoqpi.engine.trainer |   epoch 41 step 20/140 loss=0.9536
15:20:03 | INFO    | holoqpi.engine.trainer |   epoch 41 step 40/140 loss=0.6582
15:20:05 | INFO    | holoqpi.engine.trainer |   epoch 41 step 60/140 loss=1.5956
15:20:07 | INFO    | holoqpi.engine.trainer |   epoch 41 step 80/140 loss=1.2585
15:20:08 | INFO    | holoqpi.engine.trainer |   epoch 41 step 100/140 loss=1.2274
15:20:10 | INFO    | holoqpi.engine.trainer |   epoch 41 step 120/140 loss=1.4131
15:21:14 | INFO    | holoqpi.engine.trainer | epoch 41/60 (75s = 13s train + 62s val) | train_loss=1.1988  val_phase_mae=0.4830  val_dice=0.1983  val_cls_acc=0.4409  val_mass_mape=nan
15:21:14 | INFO    | holoqpi.engine.trainer |   epoch 42 step 0/140 loss=1.3225
15:21:16 | INFO    | holoqpi.engine.trainer |   epoch 42 step 20/140 loss=1.4580
15:21:18 | INFO    | holoqpi.engine.trainer |   epoch 42 step 40/140 loss=1.6799
15:21:19 | INFO    | holoqpi.engine.trainer |   epoch 42 step 60/140 loss=0.9870
15:21:21 | INFO    | holoqpi.engine.trainer |   epoch 42 step 80/140 loss=1.8512
15:21:23 | INFO    | holoqpi.engine.trainer |   epoch 42 step 100/140 loss=0.6405
15:21:25 | INFO    | holoqpi.engine.trainer |   epoch 42 step 120/140 loss=1.6985
15:22:30 | INFO    | holoqpi.engine.trainer | epoch 42/60 (76s = 13s train + 63s val) | train_loss=1.2014  val_phase_mae=0.4807  val_dice=0.1987  val_cls_acc=0.3937  val_mass_mape=1.7540
15:22:30 | INFO    | holoqpi.engine.trainer |   epoch 43 step 0/140 loss=1.4603
15:22:32 | INFO    | holoqpi.engine.trainer |   epoch 43 step 20/140 loss=1.3747
15:22:34 | INFO    | holoqpi.engine.trainer |   epoch 43 step 40/140 loss=1.3594
15:22:36 | INFO    | holoqpi.engine.trainer |   epoch 43 step 60/140 loss=1.3011
15:22:38 | INFO    | holoqpi.engine.trainer |   epoch 43 step 80/140 loss=1.1108
15:22:39 | INFO    | holoqpi.engine.trainer |   epoch 43 step 100/140 loss=1.0918
15:22:41 | INFO    | holoqpi.engine.trainer |   epoch 43 step 120/140 loss=1.2137
15:23:44 | INFO    | holoqpi.engine.trainer |   new best cls_accuracy=0.5433
15:23:44 | INFO    | holoqpi.engine.trainer | epoch 43/60 (74s = 13s train + 61s val) | train_loss=1.1785  val_phase_mae=0.4775  val_dice=0.1956  val_cls_acc=0.5433  val_mass_mape=1.7841
15:23:44 | INFO    | holoqpi.engine.trainer |   epoch 44 step 0/140 loss=1.2290
15:23:46 | INFO    | holoqpi.engine.trainer |   epoch 44 step 20/140 loss=1.0618
15:23:48 | INFO    | holoqpi.engine.trainer |   epoch 44 step 40/140 loss=1.4090
15:23:50 | INFO    | holoqpi.engine.trainer |   epoch 44 step 60/140 loss=1.7458
15:23:52 | INFO    | holoqpi.engine.trainer |   epoch 44 step 80/140 loss=0.6268
15:23:53 | INFO    | holoqpi.engine.trainer |   epoch 44 step 100/140 loss=1.2900
15:23:55 | INFO    | holoqpi.engine.trainer |   epoch 44 step 120/140 loss=1.7733
15:24:57 | INFO    | holoqpi.engine.trainer | epoch 44/60 (73s = 13s train + 60s val) | train_loss=1.1326  val_phase_mae=0.4772  val_dice=0.1943  val_cls_acc=0.5354  val_mass_mape=1.8952
15:24:58 | INFO    | holoqpi.engine.trainer |   epoch 45 step 0/140 loss=1.1889
15:25:00 | INFO    | holoqpi.engine.trainer |   epoch 45 step 20/140 loss=1.1861
15:25:01 | INFO    | holoqpi.engine.trainer |   epoch 45 step 40/140 loss=1.8026
15:25:03 | INFO    | holoqpi.engine.trainer |   epoch 45 step 60/140 loss=0.7872
15:25:05 | INFO    | holoqpi.engine.trainer |   epoch 45 step 80/140 loss=2.3085
15:25:07 | INFO    | holoqpi.engine.trainer |   epoch 45 step 100/140 loss=1.0903
15:25:09 | INFO    | holoqpi.engine.trainer |   epoch 45 step 120/140 loss=1.3400
15:26:12 | INFO    | holoqpi.engine.trainer | epoch 45/60 (75s = 13s train + 62s val) | train_loss=1.1738  val_phase_mae=0.4791  val_dice=0.1982  val_cls_acc=0.3622  val_mass_mape=nan
15:26:13 | INFO    | holoqpi.engine.trainer |   epoch 46 step 0/140 loss=1.3613
15:26:14 | INFO    | holoqpi.engine.trainer |   epoch 46 step 20/140 loss=0.8030
15:26:16 | INFO    | holoqpi.engine.trainer |   epoch 46 step 40/140 loss=0.6877
15:26:18 | INFO    | holoqpi.engine.trainer |   epoch 46 step 60/140 loss=0.8599
15:26:20 | INFO    | holoqpi.engine.trainer |   epoch 46 step 80/140 loss=0.6504
15:26:22 | INFO    | holoqpi.engine.trainer |   epoch 46 step 100/140 loss=0.6974
15:26:23 | INFO    | holoqpi.engine.trainer |   epoch 46 step 120/140 loss=1.0396
15:27:27 | INFO    | holoqpi.engine.trainer | epoch 46/60 (74s = 13s train + 61s val) | train_loss=1.1237  val_phase_mae=0.4789  val_dice=0.1977  val_cls_acc=0.4173  val_mass_mape=nan
15:27:27 | INFO    | holoqpi.engine.trainer |   epoch 47 step 0/140 loss=1.4066
15:27:29 | INFO    | holoqpi.engine.trainer |   epoch 47 step 20/140 loss=1.7586
15:27:31 | INFO    | holoqpi.engine.trainer |   epoch 47 step 40/140 loss=1.1563
15:27:32 | INFO    | holoqpi.engine.trainer |   epoch 47 step 60/140 loss=1.7615
15:27:34 | INFO    | holoqpi.engine.trainer |   epoch 47 step 80/140 loss=1.4234
15:27:36 | INFO    | holoqpi.engine.trainer |   epoch 47 step 100/140 loss=1.0310
15:27:38 | INFO    | holoqpi.engine.trainer |   epoch 47 step 120/140 loss=1.3620
15:28:41 | INFO    | holoqpi.engine.trainer | epoch 47/60 (74s = 13s train + 61s val) | train_loss=1.1583  val_phase_mae=0.4785  val_dice=0.1947  val_cls_acc=0.5276  val_mass_mape=1.8592
15:28:41 | INFO    | holoqpi.engine.trainer |   epoch 48 step 0/140 loss=0.7656
15:28:43 | INFO    | holoqpi.engine.trainer |   epoch 48 step 20/140 loss=0.6937
15:28:45 | INFO    | holoqpi.engine.trainer |   epoch 48 step 40/140 loss=1.2074
15:28:47 | INFO    | holoqpi.engine.trainer |   epoch 48 step 60/140 loss=0.8421
15:28:49 | INFO    | holoqpi.engine.trainer |   epoch 48 step 80/140 loss=1.8572
15:28:50 | INFO    | holoqpi.engine.trainer |   epoch 48 step 100/140 loss=1.4246
15:28:52 | INFO    | holoqpi.engine.trainer |   epoch 48 step 120/140 loss=0.8085
15:29:55 | INFO    | holoqpi.engine.trainer | epoch 48/60 (74s = 13s train + 61s val) | train_loss=1.0693  val_phase_mae=0.4794  val_dice=0.1944  val_cls_acc=0.4961  val_mass_mape=1.7946
15:29:55 | INFO    | holoqpi.engine.trainer |   epoch 49 step 0/140 loss=0.7663
15:29:57 | INFO    | holoqpi.engine.trainer |   epoch 49 step 20/140 loss=1.6793
15:29:59 | INFO    | holoqpi.engine.trainer |   epoch 49 step 40/140 loss=1.7012
15:30:01 | INFO    | holoqpi.engine.trainer |   epoch 49 step 60/140 loss=0.7556
15:30:03 | INFO    | holoqpi.engine.trainer |   epoch 49 step 80/140 loss=1.3573
15:30:04 | INFO    | holoqpi.engine.trainer |   epoch 49 step 100/140 loss=1.8605
15:30:06 | INFO    | holoqpi.engine.trainer |   epoch 49 step 120/140 loss=0.6229
15:31:10 | INFO    | holoqpi.engine.trainer | epoch 49/60 (76s = 13s train + 62s val) | train_loss=1.1784  val_phase_mae=0.4764  val_dice=0.1981  val_cls_acc=0.5433  val_mass_mape=1.8601
15:31:11 | INFO    | holoqpi.engine.trainer |   epoch 50 step 0/140 loss=1.0400
15:31:13 | INFO    | holoqpi.engine.trainer |   epoch 50 step 20/140 loss=0.6800
15:31:14 | INFO    | holoqpi.engine.trainer |   epoch 50 step 40/140 loss=0.8564
15:31:16 | INFO    | holoqpi.engine.trainer |   epoch 50 step 60/140 loss=0.6700
15:31:18 | INFO    | holoqpi.engine.trainer |   epoch 50 step 80/140 loss=1.0038
15:31:20 | INFO    | holoqpi.engine.trainer |   epoch 50 step 100/140 loss=0.4964
15:31:22 | INFO    | holoqpi.engine.trainer |   epoch 50 step 120/140 loss=0.7967
15:32:26 | INFO    | holoqpi.engine.trainer | epoch 50/60 (76s = 13s train + 63s val) | train_loss=1.1786  val_phase_mae=0.4803  val_dice=0.1970  val_cls_acc=0.4567  val_mass_mape=nan
15:32:27 | INFO    | holoqpi.engine.trainer |   epoch 51 step 0/140 loss=0.7050
15:32:29 | INFO    | holoqpi.engine.trainer |   epoch 51 step 20/140 loss=1.3181
15:32:31 | INFO    | holoqpi.engine.trainer |   epoch 51 step 40/140 loss=0.9108
15:32:32 | INFO    | holoqpi.engine.trainer |   epoch 51 step 60/140 loss=0.8705
15:32:34 | INFO    | holoqpi.engine.trainer |   epoch 51 step 80/140 loss=1.5799
15:32:36 | INFO    | holoqpi.engine.trainer |   epoch 51 step 100/140 loss=1.1495
15:32:38 | INFO    | holoqpi.engine.trainer |   epoch 51 step 120/140 loss=1.6120
15:33:41 | INFO    | holoqpi.engine.trainer | epoch 51/60 (75s = 13s train + 62s val) | train_loss=1.0738  val_phase_mae=0.4773  val_dice=0.1955  val_cls_acc=0.5276  val_mass_mape=nan
15:33:42 | INFO    | holoqpi.engine.trainer |   epoch 52 step 0/140 loss=1.1623
15:33:43 | INFO    | holoqpi.engine.trainer |   epoch 52 step 20/140 loss=1.2405
15:33:45 | INFO    | holoqpi.engine.trainer |   epoch 52 step 40/140 loss=1.2273
15:33:47 | INFO    | holoqpi.engine.trainer |   epoch 52 step 60/140 loss=0.7760
15:33:49 | INFO    | holoqpi.engine.trainer |   epoch 52 step 80/140 loss=0.8310
15:33:51 | INFO    | holoqpi.engine.trainer |   epoch 52 step 100/140 loss=0.9454
15:33:52 | INFO    | holoqpi.engine.trainer |   epoch 52 step 120/140 loss=0.7389
15:34:56 | INFO    | holoqpi.engine.trainer | epoch 52/60 (75s = 13s train + 62s val) | train_loss=1.1408  val_phase_mae=0.4794  val_dice=0.1957  val_cls_acc=0.3858  val_mass_mape=nan
15:34:57 | INFO    | holoqpi.engine.trainer |   epoch 53 step 0/140 loss=1.0683
15:34:58 | INFO    | holoqpi.engine.trainer |   epoch 53 step 20/140 loss=0.8342
15:35:00 | INFO    | holoqpi.engine.trainer |   epoch 53 step 40/140 loss=0.6813
15:35:02 | INFO    | holoqpi.engine.trainer |   epoch 53 step 60/140 loss=0.9153
15:35:04 | INFO    | holoqpi.engine.trainer |   epoch 53 step 80/140 loss=1.7096
15:35:06 | INFO    | holoqpi.engine.trainer |   epoch 53 step 100/140 loss=1.3082
15:35:07 | INFO    | holoqpi.engine.trainer |   epoch 53 step 120/140 loss=0.8936
15:36:11 | INFO    | holoqpi.engine.trainer | epoch 53/60 (75s = 13s train + 62s val) | train_loss=1.0191  val_phase_mae=0.4783  val_dice=0.1950  val_cls_acc=0.4724  val_mass_mape=nan
15:36:11 | INFO    | holoqpi.engine.trainer |   epoch 54 step 0/140 loss=1.4694
15:36:13 | INFO    | holoqpi.engine.trainer |   epoch 54 step 20/140 loss=1.4819
15:36:15 | INFO    | holoqpi.engine.trainer |   epoch 54 step 40/140 loss=0.9068
15:36:17 | INFO    | holoqpi.engine.trainer |   epoch 54 step 60/140 loss=0.9067
15:36:19 | INFO    | holoqpi.engine.trainer |   epoch 54 step 80/140 loss=2.1363
15:36:21 | INFO    | holoqpi.engine.trainer |   epoch 54 step 100/140 loss=0.7652
15:36:22 | INFO    | holoqpi.engine.trainer |   epoch 54 step 120/140 loss=1.2067
15:37:26 | INFO    | holoqpi.engine.trainer | epoch 54/60 (75s = 13s train + 62s val) | train_loss=1.0784  val_phase_mae=0.4792  val_dice=0.1964  val_cls_acc=0.4173  val_mass_mape=nan
15:37:27 | INFO    | holoqpi.engine.trainer |   epoch 55 step 0/140 loss=1.1546
15:37:29 | INFO    | holoqpi.engine.trainer |   epoch 55 step 20/140 loss=1.4032
15:37:30 | INFO    | holoqpi.engine.trainer |   epoch 55 step 40/140 loss=1.1806
15:37:32 | INFO    | holoqpi.engine.trainer |   epoch 55 step 60/140 loss=1.0110
15:37:34 | INFO    | holoqpi.engine.trainer |   epoch 55 step 80/140 loss=0.5797
15:37:36 | INFO    | holoqpi.engine.trainer |   epoch 55 step 100/140 loss=0.7559
15:37:38 | INFO    | holoqpi.engine.trainer |   epoch 55 step 120/140 loss=0.7322
15:38:43 | INFO    | holoqpi.engine.trainer | epoch 55/60 (77s = 13s train + 64s val) | train_loss=1.0619  val_phase_mae=0.4803  val_dice=0.1968  val_cls_acc=0.3307  val_mass_mape=nan
15:38:44 | INFO    | holoqpi.engine.trainer |   epoch 56 step 0/140 loss=1.0746
15:38:46 | INFO    | holoqpi.engine.trainer |   epoch 56 step 20/140 loss=0.9508
15:38:47 | INFO    | holoqpi.engine.trainer |   epoch 56 step 40/140 loss=0.8056
15:38:49 | INFO    | holoqpi.engine.trainer |   epoch 56 step 60/140 loss=0.4880
15:38:51 | INFO    | holoqpi.engine.trainer |   epoch 56 step 80/140 loss=1.1295
15:38:53 | INFO    | holoqpi.engine.trainer |   epoch 56 step 100/140 loss=0.9903
15:38:55 | INFO    | holoqpi.engine.trainer |   epoch 56 step 120/140 loss=0.7957
15:40:00 | INFO    | holoqpi.engine.trainer | epoch 56/60 (76s = 13s train + 63s val) | train_loss=1.0245  val_phase_mae=0.4786  val_dice=0.1959  val_cls_acc=0.4724  val_mass_mape=nan
15:40:00 | INFO    | holoqpi.engine.trainer |   epoch 57 step 0/140 loss=1.5581
15:40:02 | INFO    | holoqpi.engine.trainer |   epoch 57 step 20/140 loss=1.2634
15:40:04 | INFO    | holoqpi.engine.trainer |   epoch 57 step 40/140 loss=0.9397
15:40:06 | INFO    | holoqpi.engine.trainer |   epoch 57 step 60/140 loss=1.9501
15:40:07 | INFO    | holoqpi.engine.trainer |   epoch 57 step 80/140 loss=1.6222
15:40:09 | INFO    | holoqpi.engine.trainer |   epoch 57 step 100/140 loss=0.3866
15:40:11 | INFO    | holoqpi.engine.trainer |   epoch 57 step 120/140 loss=1.2719
15:41:15 | INFO    | holoqpi.engine.trainer | epoch 57/60 (75s = 13s train + 62s val) | train_loss=1.0821  val_phase_mae=0.4786  val_dice=0.1968  val_cls_acc=0.4331  val_mass_mape=1.9085
15:41:16 | INFO    | holoqpi.engine.trainer |   epoch 58 step 0/140 loss=0.5936
15:41:17 | INFO    | holoqpi.engine.trainer |   epoch 58 step 20/140 loss=1.4004
15:41:19 | INFO    | holoqpi.engine.trainer |   epoch 58 step 40/140 loss=1.5832
15:41:21 | INFO    | holoqpi.engine.trainer |   epoch 58 step 60/140 loss=1.3675
15:41:23 | INFO    | holoqpi.engine.trainer |   epoch 58 step 80/140 loss=1.5528
15:41:25 | INFO    | holoqpi.engine.trainer |   epoch 58 step 100/140 loss=1.1370
15:41:27 | INFO    | holoqpi.engine.trainer |   epoch 58 step 120/140 loss=1.5108
15:42:31 | INFO    | holoqpi.engine.trainer |   new best cls_accuracy=0.6063
15:42:31 | INFO    | holoqpi.engine.trainer | epoch 58/60 (76s = 13s train + 62s val) | train_loss=1.1272  val_phase_mae=0.4776  val_dice=0.1966  val_cls_acc=0.6063  val_mass_mape=1.8715
15:42:31 | INFO    | holoqpi.engine.trainer |   epoch 59 step 0/140 loss=1.4255
15:42:33 | INFO    | holoqpi.engine.trainer |   epoch 59 step 20/140 loss=1.2216
15:42:35 | INFO    | holoqpi.engine.trainer |   epoch 59 step 40/140 loss=0.7723
15:42:37 | INFO    | holoqpi.engine.trainer |   epoch 59 step 60/140 loss=1.3024
15:42:39 | INFO    | holoqpi.engine.trainer |   epoch 59 step 80/140 loss=1.1496
15:42:40 | INFO    | holoqpi.engine.trainer |   epoch 59 step 100/140 loss=1.0226
15:42:42 | INFO    | holoqpi.engine.trainer |   epoch 59 step 120/140 loss=1.0715
15:43:47 | INFO    | holoqpi.engine.trainer | epoch 59/60 (76s = 13s train + 63s val) | train_loss=1.1076  val_phase_mae=0.4780  val_dice=0.1969  val_cls_acc=0.5512  val_mass_mape=nan
15:43:47 | INFO    | holoqpi.engine.trainer |   epoch 60 step 0/140 loss=0.6065
15:43:49 | INFO    | holoqpi.engine.trainer |   epoch 60 step 20/140 loss=0.5032
15:43:51 | INFO    | holoqpi.engine.trainer |   epoch 60 step 40/140 loss=1.4531
15:43:53 | INFO    | holoqpi.engine.trainer |   epoch 60 step 60/140 loss=0.8705
15:43:54 | INFO    | holoqpi.engine.trainer |   epoch 60 step 80/140 loss=1.2108
15:43:56 | INFO    | holoqpi.engine.trainer |   epoch 60 step 100/140 loss=0.7285
15:43:58 | INFO    | holoqpi.engine.trainer |   epoch 60 step 120/140 loss=1.0536
15:45:03 | INFO    | holoqpi.engine.trainer | epoch 60/60 (76s = 13s train + 63s val) | train_loss=1.0919  val_phase_mae=0.4781  val_dice=0.1960  val_cls_acc=0.4724  val_mass_mape=nan
15:45:03 | INFO    | holoqpi.engine.trainer | training finished; best epoch 58 (cls_accuracy=0.6063)
15:45:04 | INFO    | holoqpi.engine.trainer | checkpoint best_model.pt: 446/446 tensors matched
15:45:59 | INFO    | holoqpi.engine.compare | modality=off_axis test metrics written to runs/classification_only_off_axis
15:46:00 | INFO    | holoqpi.engine.compare | ======================================================================
15:46:00 | INFO    | holoqpi.engine.compare | modality=gabor  device=cuda  run_dir=runs/classification_only_gabor
15:46:00 | INFO    | holoqpi.engine.compare | ======================================================================
15:46:00 | INFO    | holoqpi.data.dataset | train split: 560 samples | modality=gabor | crop=512 | augment=True
15:46:00 | INFO    | holoqpi.data.dataset | val split: 127 samples | modality=gabor | crop=None | augment=False
15:46:00 | INFO    | holoqpi.data.dataset | test split: 113 samples | modality=gabor | crop=None | augment=False
15:46:00 | INFO    | holoqpi.models.encoders | encoder=mobilenet_v2 in_channels=1 pretrained=True stages=[16, 24, 32, 96, 1280]
15:46:00 | INFO    | holoqpi.models.holonet | HoloQPINet built: 9.76M parameters, 9.76M trainable (100.0%)
15:46:00 | INFO    | holoqpi.engine.trainer | trainable 9.76M / 9.76M parameters (100.0%)
15:46:00 | INFO    | holoqpi.engine.trainer | active physics terms: none
15:46:01 | INFO    | holoqpi.engine.trainer |   epoch 1 step 0/140 loss=1.5137
15:46:03 | INFO    | holoqpi.engine.trainer |   epoch 1 step 20/140 loss=1.8277
15:46:05 | INFO    | holoqpi.engine.trainer |   epoch 1 step 40/140 loss=1.3994
15:46:07 | INFO    | holoqpi.engine.trainer |   epoch 1 step 60/140 loss=1.6054
15:46:08 | INFO    | holoqpi.engine.trainer |   epoch 1 step 80/140 loss=1.4956
15:46:10 | INFO    | holoqpi.engine.trainer |   epoch 1 step 100/140 loss=1.4606
15:46:12 | INFO    | holoqpi.engine.trainer |   epoch 1 step 120/140 loss=1.0558
15:47:09 | INFO    | holoqpi.engine.trainer |   new best cls_accuracy=0.3937
15:47:09 | INFO    | holoqpi.engine.trainer | epoch 1/60 (69s = 14s train + 55s val) | train_loss=1.5326  val_phase_mae=0.4717  val_dice=0.1471  val_cls_acc=0.3937  val_mass_mape=nan
15:47:09 | INFO    | holoqpi.engine.trainer |   at this rate the full 60-epoch schedule takes about 69 min
15:47:10 | INFO    | holoqpi.engine.trainer |   epoch 2 step 0/140 loss=1.2126
15:47:11 | INFO    | holoqpi.engine.trainer |   epoch 2 step 20/140 loss=1.5261
15:47:13 | INFO    | holoqpi.engine.trainer |   epoch 2 step 40/140 loss=1.0106
15:47:15 | INFO    | holoqpi.engine.trainer |   epoch 2 step 60/140 loss=1.2522
15:47:17 | INFO    | holoqpi.engine.trainer |   epoch 2 step 80/140 loss=0.9684
15:47:19 | INFO    | holoqpi.engine.trainer |   epoch 2 step 100/140 loss=0.9472
15:47:21 | INFO    | holoqpi.engine.trainer |   epoch 2 step 120/140 loss=1.4922
15:48:19 | INFO    | holoqpi.engine.trainer |   new best cls_accuracy=0.4567
15:48:19 | INFO    | holoqpi.engine.trainer | epoch 2/60 (70s = 13s train + 57s val) | train_loss=1.4779  val_phase_mae=0.4714  val_dice=0.1433  val_cls_acc=0.4567  val_mass_mape=nan
15:48:20 | INFO    | holoqpi.engine.trainer |   epoch 3 step 0/140 loss=1.0614
15:48:22 | INFO    | holoqpi.engine.trainer |   epoch 3 step 20/140 loss=1.8066
15:48:23 | INFO    | holoqpi.engine.trainer |   epoch 3 step 40/140 loss=1.2746
15:48:25 | INFO    | holoqpi.engine.trainer |   epoch 3 step 60/140 loss=1.0711
15:48:27 | INFO    | holoqpi.engine.trainer |   epoch 3 step 80/140 loss=1.2506
15:48:29 | INFO    | holoqpi.engine.trainer |   epoch 3 step 100/140 loss=1.6478
15:48:31 | INFO    | holoqpi.engine.trainer |   epoch 3 step 120/140 loss=0.7733
15:49:28 | INFO    | holoqpi.engine.trainer |   new best cls_accuracy=0.5039
15:49:28 | INFO    | holoqpi.engine.trainer | epoch 3/60 (68s = 13s train + 55s val) | train_loss=1.3767  val_phase_mae=0.4709  val_dice=0.1342  val_cls_acc=0.5039  val_mass_mape=nan
15:49:28 | INFO    | holoqpi.engine.trainer |   epoch 4 step 0/140 loss=1.7863
15:49:30 | INFO    | holoqpi.engine.trainer |   epoch 4 step 20/140 loss=0.7919
15:49:32 | INFO    | holoqpi.engine.trainer |   epoch 4 step 40/140 loss=1.5130
15:49:34 | INFO    | holoqpi.engine.trainer |   epoch 4 step 60/140 loss=1.5146
15:49:36 | INFO    | holoqpi.engine.trainer |   epoch 4 step 80/140 loss=1.5746
15:49:37 | INFO    | holoqpi.engine.trainer |   epoch 4 step 100/140 loss=1.1779
15:49:39 | INFO    | holoqpi.engine.trainer |   epoch 4 step 120/140 loss=1.8436
15:50:36 | INFO    | holoqpi.engine.trainer |   new best cls_accuracy=0.5591
15:50:36 | INFO    | holoqpi.engine.trainer | epoch 4/60 (68s = 13s train + 55s val) | train_loss=1.4066  val_phase_mae=0.4785  val_dice=0.1477  val_cls_acc=0.5591  val_mass_mape=nan
15:50:37 | INFO    | holoqpi.engine.trainer |   epoch 5 step 0/140 loss=1.3353
15:50:39 | INFO    | holoqpi.engine.trainer |   epoch 5 step 20/140 loss=1.0254
15:50:41 | INFO    | holoqpi.engine.trainer |   epoch 5 step 40/140 loss=1.5616
15:50:42 | INFO    | holoqpi.engine.trainer |   epoch 5 step 60/140 loss=1.3774
15:50:44 | INFO    | holoqpi.engine.trainer |   epoch 5 step 80/140 loss=1.6025
15:50:46 | INFO    | holoqpi.engine.trainer |   epoch 5 step 100/140 loss=1.6918
15:50:48 | INFO    | holoqpi.engine.trainer |   epoch 5 step 120/140 loss=1.1513
15:51:45 | INFO    | holoqpi.engine.trainer |   new best cls_accuracy=0.6220
15:51:45 | INFO    | holoqpi.engine.trainer | epoch 5/60 (68s = 13s train + 55s val) | train_loss=1.3866  val_phase_mae=0.4765  val_dice=0.1492  val_cls_acc=0.6220  val_mass_mape=nan
15:51:45 | INFO    | holoqpi.engine.trainer |   epoch 6 step 0/140 loss=0.9494
15:51:47 | INFO    | holoqpi.engine.trainer |   epoch 6 step 20/140 loss=1.3864
15:51:49 | INFO    | holoqpi.engine.trainer |   epoch 6 step 40/140 loss=2.1337
15:51:51 | INFO    | holoqpi.engine.trainer |   epoch 6 step 60/140 loss=0.7176
15:51:53 | INFO    | holoqpi.engine.trainer |   epoch 6 step 80/140 loss=1.3021
15:51:55 | INFO    | holoqpi.engine.trainer |   epoch 6 step 100/140 loss=0.8981
15:51:57 | INFO    | holoqpi.engine.trainer |   epoch 6 step 120/140 loss=1.0953
15:52:54 | INFO    | holoqpi.engine.trainer |   new best cls_accuracy=0.6535
15:52:54 | INFO    | holoqpi.engine.trainer | epoch 6/60 (69s = 13s train + 56s val) | train_loss=1.3685  val_phase_mae=0.4759  val_dice=0.1469  val_cls_acc=0.6535  val_mass_mape=1.5425
15:52:55 | INFO    | holoqpi.engine.trainer |   epoch 7 step 0/140 loss=1.0020
15:52:56 | INFO    | holoqpi.engine.trainer |   epoch 7 step 20/140 loss=1.0694
15:52:58 | INFO    | holoqpi.engine.trainer |   epoch 7 step 40/140 loss=1.3381
15:53:00 | INFO    | holoqpi.engine.trainer |   epoch 7 step 60/140 loss=1.9414
15:53:02 | INFO    | holoqpi.engine.trainer |   epoch 7 step 80/140 loss=1.2933
15:53:04 | INFO    | holoqpi.engine.trainer |   epoch 7 step 100/140 loss=0.9890
15:53:06 | INFO    | holoqpi.engine.trainer |   epoch 7 step 120/140 loss=1.8237
15:54:02 | INFO    | holoqpi.engine.trainer | epoch 7/60 (68s = 13s train + 55s val) | train_loss=1.3337  val_phase_mae=0.4728  val_dice=0.1400  val_cls_acc=0.5669  val_mass_mape=1.5812
15:54:03 | INFO    | holoqpi.engine.trainer |   epoch 8 step 0/140 loss=1.5504
15:54:04 | INFO    | holoqpi.engine.trainer |   epoch 8 step 20/140 loss=1.0153
15:54:06 | INFO    | holoqpi.engine.trainer |   epoch 8 step 40/140 loss=1.4933
15:54:08 | INFO    | holoqpi.engine.trainer |   epoch 8 step 60/140 loss=1.0353
15:54:10 | INFO    | holoqpi.engine.trainer |   epoch 8 step 80/140 loss=1.4090
15:54:12 | INFO    | holoqpi.engine.trainer |   epoch 8 step 100/140 loss=1.6086
15:54:14 | INFO    | holoqpi.engine.trainer |   epoch 8 step 120/140 loss=1.3525
15:55:10 | INFO    | holoqpi.engine.trainer | epoch 8/60 (68s = 13s train + 55s val) | train_loss=1.3125  val_phase_mae=0.4741  val_dice=0.1398  val_cls_acc=0.5669  val_mass_mape=nan
15:55:11 | INFO    | holoqpi.engine.trainer |   epoch 9 step 0/140 loss=1.2875
15:55:13 | INFO    | holoqpi.engine.trainer |   epoch 9 step 20/140 loss=0.8921
15:55:14 | INFO    | holoqpi.engine.trainer |   epoch 9 step 40/140 loss=1.2818
15:55:16 | INFO    | holoqpi.engine.trainer |   epoch 9 step 60/140 loss=2.0298
15:55:18 | INFO    | holoqpi.engine.trainer |   epoch 9 step 80/140 loss=1.2401
15:55:20 | INFO    | holoqpi.engine.trainer |   epoch 9 step 100/140 loss=1.2143
15:55:22 | INFO    | holoqpi.engine.trainer |   epoch 9 step 120/140 loss=1.1965
15:56:17 | INFO    | holoqpi.engine.trainer | epoch 9/60 (67s = 13s train + 54s val) | train_loss=1.2889  val_phase_mae=0.4793  val_dice=0.1464  val_cls_acc=0.5984  val_mass_mape=nan
15:56:18 | INFO    | holoqpi.engine.trainer |   epoch 10 step 0/140 loss=2.0419
15:56:20 | INFO    | holoqpi.engine.trainer |   epoch 10 step 20/140 loss=1.2723
15:56:21 | INFO    | holoqpi.engine.trainer |   epoch 10 step 40/140 loss=1.6609
15:56:23 | INFO    | holoqpi.engine.trainer |   epoch 10 step 60/140 loss=1.6262
15:56:25 | INFO    | holoqpi.engine.trainer |   epoch 10 step 80/140 loss=2.1812
15:56:27 | INFO    | holoqpi.engine.trainer |   epoch 10 step 100/140 loss=1.2277
15:56:29 | INFO    | holoqpi.engine.trainer |   epoch 10 step 120/140 loss=1.6462
15:57:25 | INFO    | holoqpi.engine.trainer | epoch 10/60 (67s = 13s train + 54s val) | train_loss=1.3427  val_phase_mae=0.4764  val_dice=0.1414  val_cls_acc=0.5276  val_mass_mape=nan
15:57:25 | INFO    | holoqpi.engine.trainer |   epoch 11 step 0/140 loss=1.2703
15:57:27 | INFO    | holoqpi.engine.trainer |   epoch 11 step 20/140 loss=1.1338
15:57:29 | INFO    | holoqpi.engine.trainer |   epoch 11 step 40/140 loss=0.8823
15:57:31 | INFO    | holoqpi.engine.trainer |   epoch 11 step 60/140 loss=1.0548
15:57:32 | INFO    | holoqpi.engine.trainer |   epoch 11 step 80/140 loss=0.6918
15:57:34 | INFO    | holoqpi.engine.trainer |   epoch 11 step 100/140 loss=1.0547
15:57:36 | INFO    | holoqpi.engine.trainer |   epoch 11 step 120/140 loss=0.9797
15:58:33 | INFO    | holoqpi.engine.trainer |   new best cls_accuracy=0.6850
15:58:33 | INFO    | holoqpi.engine.trainer | epoch 11/60 (68s = 13s train + 55s val) | train_loss=1.2451  val_phase_mae=0.4749  val_dice=0.1455  val_cls_acc=0.6850  val_mass_mape=nan
15:58:33 | INFO    | holoqpi.engine.trainer |   epoch 12 step 0/140 loss=0.7692
15:58:35 | INFO    | holoqpi.engine.trainer |   epoch 12 step 20/140 loss=1.3012
15:58:37 | INFO    | holoqpi.engine.trainer |   epoch 12 step 40/140 loss=0.9835
15:58:39 | INFO    | holoqpi.engine.trainer |   epoch 12 step 60/140 loss=1.6098
15:58:40 | INFO    | holoqpi.engine.trainer |   epoch 12 step 80/140 loss=0.8114
15:58:42 | INFO    | holoqpi.engine.trainer |   epoch 12 step 100/140 loss=1.4582
15:58:44 | INFO    | holoqpi.engine.trainer |   epoch 12 step 120/140 loss=0.9951
15:59:40 | INFO    | holoqpi.engine.trainer | epoch 12/60 (68s = 13s train + 55s val) | train_loss=1.2623  val_phase_mae=0.4747  val_dice=0.1468  val_cls_acc=0.6220  val_mass_mape=nan
15:59:41 | INFO    | holoqpi.engine.trainer |   epoch 13 step 0/140 loss=0.8358
15:59:43 | INFO    | holoqpi.engine.trainer |   epoch 13 step 20/140 loss=2.0696
15:59:45 | INFO    | holoqpi.engine.trainer |   epoch 13 step 40/140 loss=0.9636
15:59:46 | INFO    | holoqpi.engine.trainer |   epoch 13 step 60/140 loss=1.5072
15:59:48 | INFO    | holoqpi.engine.trainer |   epoch 13 step 80/140 loss=1.3635
15:59:50 | INFO    | holoqpi.engine.trainer |   epoch 13 step 100/140 loss=1.4437
15:59:52 | INFO    | holoqpi.engine.trainer |   epoch 13 step 120/140 loss=1.8725
16:00:48 | INFO    | holoqpi.engine.trainer | epoch 13/60 (68s = 13s train + 55s val) | train_loss=1.2791  val_phase_mae=0.4748  val_dice=0.1442  val_cls_acc=0.4961  val_mass_mape=nan
16:00:49 | INFO    | holoqpi.engine.trainer |   epoch 14 step 0/140 loss=2.0054
16:00:51 | INFO    | holoqpi.engine.trainer |   epoch 14 step 20/140 loss=0.6624
16:00:52 | INFO    | holoqpi.engine.trainer |   epoch 14 step 40/140 loss=0.8170
16:00:54 | INFO    | holoqpi.engine.trainer |   epoch 14 step 60/140 loss=1.2573
16:00:56 | INFO    | holoqpi.engine.trainer |   epoch 14 step 80/140 loss=2.0856
16:00:58 | INFO    | holoqpi.engine.trainer |   epoch 14 step 100/140 loss=1.2145
16:01:00 | INFO    | holoqpi.engine.trainer |   epoch 14 step 120/140 loss=0.7677
16:01:57 | INFO    | holoqpi.engine.trainer | epoch 14/60 (68s = 13s train + 55s val) | train_loss=1.2597  val_phase_mae=0.4730  val_dice=0.1383  val_cls_acc=0.6299  val_mass_mape=nan
16:01:57 | INFO    | holoqpi.engine.trainer |   epoch 15 step 0/140 loss=1.2287
16:01:59 | INFO    | holoqpi.engine.trainer |   epoch 15 step 20/140 loss=0.8299
16:02:01 | INFO    | holoqpi.engine.trainer |   epoch 15 step 40/140 loss=1.3244
16:02:02 | INFO    | holoqpi.engine.trainer |   epoch 15 step 60/140 loss=1.2301
16:02:04 | INFO    | holoqpi.engine.trainer |   epoch 15 step 80/140 loss=1.6852
16:02:06 | INFO    | holoqpi.engine.trainer |   epoch 15 step 100/140 loss=1.1502
16:02:08 | INFO    | holoqpi.engine.trainer |   epoch 15 step 120/140 loss=1.3178
16:03:04 | INFO    | holoqpi.engine.trainer | epoch 15/60 (67s = 13s train + 54s val) | train_loss=1.2466  val_phase_mae=0.4747  val_dice=0.1489  val_cls_acc=0.6535  val_mass_mape=nan
16:03:04 | INFO    | holoqpi.engine.trainer |   epoch 16 step 0/140 loss=0.7120
16:03:06 | INFO    | holoqpi.engine.trainer |   epoch 16 step 20/140 loss=1.1329
16:03:08 | INFO    | holoqpi.engine.trainer |   epoch 16 step 40/140 loss=1.0123
16:03:10 | INFO    | holoqpi.engine.trainer |   epoch 16 step 60/140 loss=1.2683
16:03:12 | INFO    | holoqpi.engine.trainer |   epoch 16 step 80/140 loss=1.2747
16:03:14 | INFO    | holoqpi.engine.trainer |   epoch 16 step 100/140 loss=1.1062
16:03:15 | INFO    | holoqpi.engine.trainer |   epoch 16 step 120/140 loss=1.5380
16:04:12 | INFO    | holoqpi.engine.trainer | epoch 16/60 (68s = 13s train + 55s val) | train_loss=1.2131  val_phase_mae=0.4716  val_dice=0.1406  val_cls_acc=0.6299  val_mass_mape=nan
16:04:12 | INFO    | holoqpi.engine.trainer |   epoch 17 step 0/140 loss=1.9202
16:04:14 | INFO    | holoqpi.engine.trainer |   epoch 17 step 20/140 loss=2.1793
16:04:16 | INFO    | holoqpi.engine.trainer |   epoch 17 step 40/140 loss=0.6664
16:04:18 | INFO    | holoqpi.engine.trainer |   epoch 17 step 60/140 loss=1.0771
16:04:19 | INFO    | holoqpi.engine.trainer |   epoch 17 step 80/140 loss=1.1433
16:04:21 | INFO    | holoqpi.engine.trainer |   epoch 17 step 100/140 loss=1.5452
16:04:23 | INFO    | holoqpi.engine.trainer |   epoch 17 step 120/140 loss=1.6010
16:05:20 | INFO    | holoqpi.engine.trainer | epoch 17/60 (68s = 13s train + 55s val) | train_loss=1.2073  val_phase_mae=0.4767  val_dice=0.1417  val_cls_acc=0.6378  val_mass_mape=nan
16:05:20 | INFO    | holoqpi.engine.trainer |   epoch 18 step 0/140 loss=0.8252
16:05:22 | INFO    | holoqpi.engine.trainer |   epoch 18 step 20/140 loss=0.8626
16:05:24 | INFO    | holoqpi.engine.trainer |   epoch 18 step 40/140 loss=0.8442
16:05:25 | INFO    | holoqpi.engine.trainer |   epoch 18 step 60/140 loss=1.3403
16:05:27 | INFO    | holoqpi.engine.trainer |   epoch 18 step 80/140 loss=0.9436
16:05:29 | INFO    | holoqpi.engine.trainer |   epoch 18 step 100/140 loss=1.3731
16:05:31 | INFO    | holoqpi.engine.trainer |   epoch 18 step 120/140 loss=1.2070
16:06:27 | INFO    | holoqpi.engine.trainer | epoch 18/60 (68s = 13s train + 55s val) | train_loss=1.1996  val_phase_mae=0.4744  val_dice=0.1435  val_cls_acc=0.6772  val_mass_mape=nan
16:06:28 | INFO    | holoqpi.engine.trainer |   epoch 19 step 0/140 loss=0.6723
16:06:30 | INFO    | holoqpi.engine.trainer |   epoch 19 step 20/140 loss=0.8565
16:06:31 | INFO    | holoqpi.engine.trainer |   epoch 19 step 40/140 loss=0.8045
16:06:33 | INFO    | holoqpi.engine.trainer |   epoch 19 step 60/140 loss=1.4767
16:06:35 | INFO    | holoqpi.engine.trainer |   epoch 19 step 80/140 loss=1.8772
16:06:37 | INFO    | holoqpi.engine.trainer |   epoch 19 step 100/140 loss=1.5915
16:06:38 | INFO    | holoqpi.engine.trainer |   epoch 19 step 120/140 loss=2.1613
16:07:36 | INFO    | holoqpi.engine.trainer | epoch 19/60 (68s = 13s train + 56s val) | train_loss=1.2211  val_phase_mae=0.4775  val_dice=0.1479  val_cls_acc=0.6850  val_mass_mape=nan
16:07:36 | INFO    | holoqpi.engine.trainer |   epoch 20 step 0/140 loss=0.4142
16:07:38 | INFO    | holoqpi.engine.trainer |   epoch 20 step 20/140 loss=1.5417
16:07:40 | INFO    | holoqpi.engine.trainer |   epoch 20 step 40/140 loss=1.6033
16:07:42 | INFO    | holoqpi.engine.trainer |   epoch 20 step 60/140 loss=1.9768
16:07:44 | INFO    | holoqpi.engine.trainer |   epoch 20 step 80/140 loss=0.9259
16:07:45 | INFO    | holoqpi.engine.trainer |   epoch 20 step 100/140 loss=1.2409
16:07:47 | INFO    | holoqpi.engine.trainer |   epoch 20 step 120/140 loss=1.9502
16:08:44 | INFO    | holoqpi.engine.trainer | epoch 20/60 (68s = 13s train + 55s val) | train_loss=1.1779  val_phase_mae=0.4763  val_dice=0.1447  val_cls_acc=0.6142  val_mass_mape=nan
16:08:44 | INFO    | holoqpi.engine.trainer |   epoch 21 step 0/140 loss=1.1173
16:08:46 | INFO    | holoqpi.engine.trainer |   epoch 21 step 20/140 loss=0.7926
16:08:48 | INFO    | holoqpi.engine.trainer |   epoch 21 step 40/140 loss=1.4907
16:08:50 | INFO    | holoqpi.engine.trainer |   epoch 21 step 60/140 loss=1.0361
16:08:52 | INFO    | holoqpi.engine.trainer |   epoch 21 step 80/140 loss=0.6138
16:08:54 | INFO    | holoqpi.engine.trainer |   epoch 21 step 100/140 loss=1.0996
16:08:56 | INFO    | holoqpi.engine.trainer |   epoch 21 step 120/140 loss=0.9187
16:09:52 | INFO    | holoqpi.engine.trainer | epoch 21/60 (68s = 14s train + 55s val) | train_loss=1.1557  val_phase_mae=0.4779  val_dice=0.1471  val_cls_acc=0.5984  val_mass_mape=nan
16:09:53 | INFO    | holoqpi.engine.trainer |   epoch 22 step 0/140 loss=1.4875
16:09:55 | INFO    | holoqpi.engine.trainer |   epoch 22 step 20/140 loss=1.4933
16:09:57 | INFO    | holoqpi.engine.trainer |   epoch 22 step 40/140 loss=1.3417
16:09:58 | INFO    | holoqpi.engine.trainer |   epoch 22 step 60/140 loss=0.8176
16:10:00 | INFO    | holoqpi.engine.trainer |   epoch 22 step 80/140 loss=1.0136
16:10:02 | INFO    | holoqpi.engine.trainer |   epoch 22 step 100/140 loss=0.8624
16:10:04 | INFO    | holoqpi.engine.trainer |   epoch 22 step 120/140 loss=1.4188
16:11:00 | INFO    | holoqpi.engine.trainer | epoch 22/60 (68s = 13s train + 55s val) | train_loss=1.1406  val_phase_mae=0.4781  val_dice=0.1442  val_cls_acc=0.5906  val_mass_mape=nan
16:11:00 | INFO    | holoqpi.engine.trainer |   epoch 23 step 0/140 loss=0.8274
16:11:02 | INFO    | holoqpi.engine.trainer |   epoch 23 step 20/140 loss=1.1044
16:11:04 | INFO    | holoqpi.engine.trainer |   epoch 23 step 40/140 loss=1.3437
16:11:06 | INFO    | holoqpi.engine.trainer |   epoch 23 step 60/140 loss=0.7896
16:11:08 | INFO    | holoqpi.engine.trainer |   epoch 23 step 80/140 loss=1.4887
16:11:10 | INFO    | holoqpi.engine.trainer |   epoch 23 step 100/140 loss=1.0669
16:11:11 | INFO    | holoqpi.engine.trainer |   epoch 23 step 120/140 loss=0.9096
16:12:08 | INFO    | holoqpi.engine.trainer |   new best cls_accuracy=0.7165
16:12:08 | INFO    | holoqpi.engine.trainer | epoch 23/60 (68s = 13s train + 55s val) | train_loss=1.1605  val_phase_mae=0.4775  val_dice=0.1435  val_cls_acc=0.7165  val_mass_mape=nan
16:12:09 | INFO    | holoqpi.engine.trainer |   epoch 24 step 0/140 loss=1.0259
16:12:10 | INFO    | holoqpi.engine.trainer |   epoch 24 step 20/140 loss=0.5930
16:12:12 | INFO    | holoqpi.engine.trainer |   epoch 24 step 40/140 loss=1.1268
16:12:14 | INFO    | holoqpi.engine.trainer |   epoch 24 step 60/140 loss=1.0577
16:12:16 | INFO    | holoqpi.engine.trainer |   epoch 24 step 80/140 loss=1.2170
16:12:17 | INFO    | holoqpi.engine.trainer |   epoch 24 step 100/140 loss=1.6933
16:12:19 | INFO    | holoqpi.engine.trainer |   epoch 24 step 120/140 loss=1.1029
16:13:16 | INFO    | holoqpi.engine.trainer | epoch 24/60 (68s = 13s train + 55s val) | train_loss=1.1732  val_phase_mae=0.4760  val_dice=0.1458  val_cls_acc=0.6299  val_mass_mape=nan
16:13:17 | INFO    | holoqpi.engine.trainer |   epoch 25 step 0/140 loss=1.7757
16:13:19 | INFO    | holoqpi.engine.trainer |   epoch 25 step 20/140 loss=1.1959
16:13:20 | INFO    | holoqpi.engine.trainer |   epoch 25 step 40/140 loss=0.9753
16:13:22 | INFO    | holoqpi.engine.trainer |   epoch 25 step 60/140 loss=0.6415
16:13:24 | INFO    | holoqpi.engine.trainer |   epoch 25 step 80/140 loss=1.3805
16:13:26 | INFO    | holoqpi.engine.trainer |   epoch 25 step 100/140 loss=1.3102
16:13:28 | INFO    | holoqpi.engine.trainer |   epoch 25 step 120/140 loss=1.0447
16:14:24 | INFO    | holoqpi.engine.trainer | epoch 25/60 (68s = 13s train + 55s val) | train_loss=1.1374  val_phase_mae=0.4719  val_dice=0.1383  val_cls_acc=0.6929  val_mass_mape=nan
16:14:25 | INFO    | holoqpi.engine.trainer |   epoch 26 step 0/140 loss=1.5233
16:14:27 | INFO    | holoqpi.engine.trainer |   epoch 26 step 20/140 loss=1.2094
16:14:29 | INFO    | holoqpi.engine.trainer |   epoch 26 step 40/140 loss=1.6714
16:14:31 | INFO    | holoqpi.engine.trainer |   epoch 26 step 60/140 loss=1.7133
16:14:32 | INFO    | holoqpi.engine.trainer |   epoch 26 step 80/140 loss=0.6661
16:14:34 | INFO    | holoqpi.engine.trainer |   epoch 26 step 100/140 loss=1.4772
16:14:36 | INFO    | holoqpi.engine.trainer |   epoch 26 step 120/140 loss=1.2454
16:15:33 | INFO    | holoqpi.engine.trainer |   new best cls_accuracy=0.7323
16:15:33 | INFO    | holoqpi.engine.trainer | epoch 26/60 (69s = 14s train + 55s val) | train_loss=1.1694  val_phase_mae=0.4754  val_dice=0.1413  val_cls_acc=0.7323  val_mass_mape=nan
16:15:34 | INFO    | holoqpi.engine.trainer |   epoch 27 step 0/140 loss=1.0999
16:15:36 | INFO    | holoqpi.engine.trainer |   epoch 27 step 20/140 loss=1.0212
16:15:37 | INFO    | holoqpi.engine.trainer |   epoch 27 step 40/140 loss=1.1427
16:15:39 | INFO    | holoqpi.engine.trainer |   epoch 27 step 60/140 loss=1.3903
16:15:41 | INFO    | holoqpi.engine.trainer |   epoch 27 step 80/140 loss=1.1603
16:15:43 | INFO    | holoqpi.engine.trainer |   epoch 27 step 100/140 loss=1.5070
16:15:45 | INFO    | holoqpi.engine.trainer |   epoch 27 step 120/140 loss=1.2105
16:16:41 | INFO    | holoqpi.engine.trainer | epoch 27/60 (68s = 13s train + 55s val) | train_loss=1.1025  val_phase_mae=0.4726  val_dice=0.1357  val_cls_acc=0.7008  val_mass_mape=nan
16:16:42 | INFO    | holoqpi.engine.trainer |   epoch 28 step 0/140 loss=1.0315
16:16:44 | INFO    | holoqpi.engine.trainer |   epoch 28 step 20/140 loss=1.3080
16:16:46 | INFO    | holoqpi.engine.trainer |   epoch 28 step 40/140 loss=1.1023
16:16:47 | INFO    | holoqpi.engine.trainer |   epoch 28 step 60/140 loss=0.9835
16:16:49 | INFO    | holoqpi.engine.trainer |   epoch 28 step 80/140 loss=0.9638
16:16:51 | INFO    | holoqpi.engine.trainer |   epoch 28 step 100/140 loss=1.1245
16:16:53 | INFO    | holoqpi.engine.trainer |   epoch 28 step 120/140 loss=0.6270
16:17:50 | INFO    | holoqpi.engine.trainer | epoch 28/60 (69s = 13s train + 55s val) | train_loss=1.0743  val_phase_mae=0.4765  val_dice=0.1425  val_cls_acc=0.6929  val_mass_mape=nan
16:17:50 | INFO    | holoqpi.engine.trainer |   epoch 29 step 0/140 loss=0.9005
16:17:52 | INFO    | holoqpi.engine.trainer |   epoch 29 step 20/140 loss=0.4227
16:17:54 | INFO    | holoqpi.engine.trainer |   epoch 29 step 40/140 loss=0.5456
16:17:56 | INFO    | holoqpi.engine.trainer |   epoch 29 step 60/140 loss=0.5781
16:17:58 | INFO    | holoqpi.engine.trainer |   epoch 29 step 80/140 loss=1.3790
16:18:00 | INFO    | holoqpi.engine.trainer |   epoch 29 step 100/140 loss=0.6533
16:18:02 | INFO    | holoqpi.engine.trainer |   epoch 29 step 120/140 loss=0.8374
16:18:59 | INFO    | holoqpi.engine.trainer | epoch 29/60 (69s = 13s train + 56s val) | train_loss=1.0643  val_phase_mae=0.4746  val_dice=0.1410  val_cls_acc=0.6142  val_mass_mape=nan
16:18:59 | INFO    | holoqpi.engine.trainer |   epoch 30 step 0/140 loss=0.7744
16:19:01 | INFO    | holoqpi.engine.trainer |   epoch 30 step 20/140 loss=1.5074
16:19:03 | INFO    | holoqpi.engine.trainer |   epoch 30 step 40/140 loss=1.3609
16:19:05 | INFO    | holoqpi.engine.trainer |   epoch 30 step 60/140 loss=1.4393
16:19:07 | INFO    | holoqpi.engine.trainer |   epoch 30 step 80/140 loss=1.6288
16:19:08 | INFO    | holoqpi.engine.trainer |   epoch 30 step 100/140 loss=1.9893
16:19:10 | INFO    | holoqpi.engine.trainer |   epoch 30 step 120/140 loss=0.5815
16:20:07 | INFO    | holoqpi.engine.trainer | epoch 30/60 (68s = 13s train + 55s val) | train_loss=1.0817  val_phase_mae=0.4758  val_dice=0.1391  val_cls_acc=0.6850  val_mass_mape=nan
16:20:07 | INFO    | holoqpi.engine.trainer |   epoch 31 step 0/140 loss=1.7055
16:20:09 | INFO    | holoqpi.engine.trainer |   epoch 31 step 20/140 loss=2.1014
16:20:11 | INFO    | holoqpi.engine.trainer |   epoch 31 step 40/140 loss=0.7758
16:20:13 | INFO    | holoqpi.engine.trainer |   epoch 31 step 60/140 loss=1.1344
16:20:14 | INFO    | holoqpi.engine.trainer |   epoch 31 step 80/140 loss=1.4016
16:20:16 | INFO    | holoqpi.engine.trainer |   epoch 31 step 100/140 loss=1.8468
16:20:18 | INFO    | holoqpi.engine.trainer |   epoch 31 step 120/140 loss=0.6636
16:21:14 | INFO    | holoqpi.engine.trainer | epoch 31/60 (68s = 13s train + 55s val) | train_loss=1.0774  val_phase_mae=0.4752  val_dice=0.1407  val_cls_acc=0.7008  val_mass_mape=nan
16:21:15 | INFO    | holoqpi.engine.trainer |   epoch 32 step 0/140 loss=0.8607
16:21:17 | INFO    | holoqpi.engine.trainer |   epoch 32 step 20/140 loss=0.7532
16:21:19 | INFO    | holoqpi.engine.trainer |   epoch 32 step 40/140 loss=0.9976
16:21:20 | INFO    | holoqpi.engine.trainer |   epoch 32 step 60/140 loss=1.1569
16:21:22 | INFO    | holoqpi.engine.trainer |   epoch 32 step 80/140 loss=0.7536
16:21:24 | INFO    | holoqpi.engine.trainer |   epoch 32 step 100/140 loss=0.5745
16:21:26 | INFO    | holoqpi.engine.trainer |   epoch 32 step 120/140 loss=1.4093
16:22:22 | INFO    | holoqpi.engine.trainer | epoch 32/60 (68s = 13s train + 55s val) | train_loss=1.1036  val_phase_mae=0.4752  val_dice=0.1419  val_cls_acc=0.6929  val_mass_mape=nan
16:22:23 | INFO    | holoqpi.engine.trainer |   epoch 33 step 0/140 loss=0.7174
16:22:25 | INFO    | holoqpi.engine.trainer |   epoch 33 step 20/140 loss=1.4909
16:22:26 | INFO    | holoqpi.engine.trainer |   epoch 33 step 40/140 loss=1.3226
16:22:28 | INFO    | holoqpi.engine.trainer |   epoch 33 step 60/140 loss=0.7818
16:22:30 | INFO    | holoqpi.engine.trainer |   epoch 33 step 80/140 loss=1.2371
16:22:32 | INFO    | holoqpi.engine.trainer |   epoch 33 step 100/140 loss=1.0409
16:22:34 | INFO    | holoqpi.engine.trainer |   epoch 33 step 120/140 loss=0.5668
16:23:30 | INFO    | holoqpi.engine.trainer | epoch 33/60 (68s = 13s train + 55s val) | train_loss=1.0798  val_phase_mae=0.4749  val_dice=0.1386  val_cls_acc=0.6929  val_mass_mape=nan
16:23:31 | INFO    | holoqpi.engine.trainer |   epoch 34 step 0/140 loss=1.7805
16:23:33 | INFO    | holoqpi.engine.trainer |   epoch 34 step 20/140 loss=1.2454
16:23:35 | INFO    | holoqpi.engine.trainer |   epoch 34 step 40/140 loss=0.7348
16:23:36 | INFO    | holoqpi.engine.trainer |   epoch 34 step 60/140 loss=1.3316
16:23:38 | INFO    | holoqpi.engine.trainer |   epoch 34 step 80/140 loss=0.9571
16:23:40 | INFO    | holoqpi.engine.trainer |   epoch 34 step 100/140 loss=0.5949
16:23:42 | INFO    | holoqpi.engine.trainer |   epoch 34 step 120/140 loss=1.0913
16:24:39 | INFO    | holoqpi.engine.trainer | epoch 34/60 (69s = 13s train + 55s val) | train_loss=1.0294  val_phase_mae=0.4756  val_dice=0.1422  val_cls_acc=0.7087  val_mass_mape=nan
16:24:40 | INFO    | holoqpi.engine.trainer |   epoch 35 step 0/140 loss=0.5535
16:24:42 | INFO    | holoqpi.engine.trainer |   epoch 35 step 20/140 loss=0.9946
16:24:43 | INFO    | holoqpi.engine.trainer |   epoch 35 step 40/140 loss=1.3025
16:24:45 | INFO    | holoqpi.engine.trainer |   epoch 35 step 60/140 loss=1.4907
16:24:47 | INFO    | holoqpi.engine.trainer |   epoch 35 step 80/140 loss=1.7163
16:24:49 | INFO    | holoqpi.engine.trainer |   epoch 35 step 100/140 loss=1.1625
16:24:51 | INFO    | holoqpi.engine.trainer |   epoch 35 step 120/140 loss=1.1672
16:25:48 | INFO    | holoqpi.engine.trainer | epoch 35/60 (69s = 13s train + 56s val) | train_loss=1.0162  val_phase_mae=0.4743  val_dice=0.1404  val_cls_acc=0.6772  val_mass_mape=nan
16:25:49 | INFO    | holoqpi.engine.trainer |   epoch 36 step 0/140 loss=0.7964
16:25:51 | INFO    | holoqpi.engine.trainer |   epoch 36 step 20/140 loss=1.1688
16:25:52 | INFO    | holoqpi.engine.trainer |   epoch 36 step 40/140 loss=0.7154
16:25:54 | INFO    | holoqpi.engine.trainer |   epoch 36 step 60/140 loss=0.8046
16:25:56 | INFO    | holoqpi.engine.trainer |   epoch 36 step 80/140 loss=0.7365
16:25:58 | INFO    | holoqpi.engine.trainer |   epoch 36 step 100/140 loss=0.5441
16:26:00 | INFO    | holoqpi.engine.trainer |   epoch 36 step 120/140 loss=2.4818
16:26:57 | INFO    | holoqpi.engine.trainer | epoch 36/60 (69s = 13s train + 56s val) | train_loss=1.0463  val_phase_mae=0.4738  val_dice=0.1390  val_cls_acc=0.7087  val_mass_mape=nan
16:26:58 | INFO    | holoqpi.engine.trainer |   epoch 37 step 0/140 loss=0.7533
16:27:00 | INFO    | holoqpi.engine.trainer |   epoch 37 step 20/140 loss=1.1303
16:27:01 | INFO    | holoqpi.engine.trainer |   epoch 37 step 40/140 loss=1.1794
16:27:03 | INFO    | holoqpi.engine.trainer |   epoch 37 step 60/140 loss=2.1836
16:27:05 | INFO    | holoqpi.engine.trainer |   epoch 37 step 80/140 loss=1.0765
16:27:07 | INFO    | holoqpi.engine.trainer |   epoch 37 step 100/140 loss=0.6331
16:27:09 | INFO    | holoqpi.engine.trainer |   epoch 37 step 120/140 loss=0.7425
16:28:06 | INFO    | holoqpi.engine.trainer | epoch 37/60 (69s = 13s train + 56s val) | train_loss=1.0305  val_phase_mae=0.4752  val_dice=0.1421  val_cls_acc=0.6457  val_mass_mape=nan
16:28:07 | INFO    | holoqpi.engine.trainer |   epoch 38 step 0/140 loss=1.2697
16:28:09 | INFO    | holoqpi.engine.trainer |   epoch 38 step 20/140 loss=1.5382
16:28:10 | INFO    | holoqpi.engine.trainer |   epoch 38 step 40/140 loss=1.4373
16:28:12 | INFO    | holoqpi.engine.trainer |   epoch 38 step 60/140 loss=1.6205
16:28:14 | INFO    | holoqpi.engine.trainer |   epoch 38 step 80/140 loss=1.0283
16:28:16 | INFO    | holoqpi.engine.trainer |   epoch 38 step 100/140 loss=1.1150
16:28:18 | INFO    | holoqpi.engine.trainer |   epoch 38 step 120/140 loss=1.5129
16:29:15 | INFO    | holoqpi.engine.trainer | epoch 38/60 (69s = 13s train + 56s val) | train_loss=1.0598  val_phase_mae=0.4726  val_dice=0.1379  val_cls_acc=0.7087  val_mass_mape=nan
16:29:16 | INFO    | holoqpi.engine.trainer |   epoch 39 step 0/140 loss=1.4538
16:29:18 | INFO    | holoqpi.engine.trainer |   epoch 39 step 20/140 loss=1.0190
16:29:20 | INFO    | holoqpi.engine.trainer |   epoch 39 step 40/140 loss=1.5168
16:29:21 | INFO    | holoqpi.engine.trainer |   epoch 39 step 60/140 loss=1.1416
16:29:23 | INFO    | holoqpi.engine.trainer |   epoch 39 step 80/140 loss=0.6318
16:29:25 | INFO    | holoqpi.engine.trainer |   epoch 39 step 100/140 loss=0.8105
16:29:27 | INFO    | holoqpi.engine.trainer |   epoch 39 step 120/140 loss=1.3831
16:30:25 | INFO    | holoqpi.engine.trainer |   new best cls_accuracy=0.7480
16:30:25 | INFO    | holoqpi.engine.trainer | epoch 39/60 (69s = 13s train + 56s val) | train_loss=1.0003  val_phase_mae=0.4718  val_dice=0.1377  val_cls_acc=0.7480  val_mass_mape=nan
16:30:26 | INFO    | holoqpi.engine.trainer |   epoch 40 step 0/140 loss=1.1283
16:30:28 | INFO    | holoqpi.engine.trainer |   epoch 40 step 20/140 loss=0.7619
16:30:29 | INFO    | holoqpi.engine.trainer |   epoch 40 step 40/140 loss=1.3608
16:30:31 | INFO    | holoqpi.engine.trainer |   epoch 40 step 60/140 loss=0.5004
16:30:33 | INFO    | holoqpi.engine.trainer |   epoch 40 step 80/140 loss=0.6511
16:30:35 | INFO    | holoqpi.engine.trainer |   epoch 40 step 100/140 loss=1.6272
16:30:37 | INFO    | holoqpi.engine.trainer |   epoch 40 step 120/140 loss=0.4852
16:31:34 | INFO    | holoqpi.engine.trainer | epoch 40/60 (69s = 13s train + 56s val) | train_loss=1.0114  val_phase_mae=0.4733  val_dice=0.1370  val_cls_acc=0.7323  val_mass_mape=nan
16:31:35 | INFO    | holoqpi.engine.trainer |   epoch 41 step 0/140 loss=1.2914
16:31:37 | INFO    | holoqpi.engine.trainer |   epoch 41 step 20/140 loss=0.9008
16:31:38 | INFO    | holoqpi.engine.trainer |   epoch 41 step 40/140 loss=0.6384
16:31:40 | INFO    | holoqpi.engine.trainer |   epoch 41 step 60/140 loss=1.3179
16:31:42 | INFO    | holoqpi.engine.trainer |   epoch 41 step 80/140 loss=1.0726
16:31:44 | INFO    | holoqpi.engine.trainer |   epoch 41 step 100/140 loss=0.7644
16:31:46 | INFO    | holoqpi.engine.trainer |   epoch 41 step 120/140 loss=0.8048
16:32:42 | INFO    | holoqpi.engine.trainer | epoch 41/60 (68s = 13s train + 55s val) | train_loss=1.0043  val_phase_mae=0.4732  val_dice=0.1388  val_cls_acc=0.6929  val_mass_mape=nan
16:32:43 | INFO    | holoqpi.engine.trainer |   epoch 42 step 0/140 loss=1.3898
16:32:45 | INFO    | holoqpi.engine.trainer |   epoch 42 step 20/140 loss=0.5294
16:32:47 | INFO    | holoqpi.engine.trainer |   epoch 42 step 40/140 loss=1.2268
16:32:48 | INFO    | holoqpi.engine.trainer |   epoch 42 step 60/140 loss=0.7339
16:32:50 | INFO    | holoqpi.engine.trainer |   epoch 42 step 80/140 loss=1.4250
16:32:52 | INFO    | holoqpi.engine.trainer |   epoch 42 step 100/140 loss=0.6456
16:32:54 | INFO    | holoqpi.engine.trainer |   epoch 42 step 120/140 loss=1.2500
16:33:51 | INFO    | holoqpi.engine.trainer |   new best cls_accuracy=0.7559
16:33:51 | INFO    | holoqpi.engine.trainer | epoch 42/60 (69s = 13s train + 55s val) | train_loss=0.9337  val_phase_mae=0.4735  val_dice=0.1385  val_cls_acc=0.7559  val_mass_mape=nan
16:33:52 | INFO    | holoqpi.engine.trainer |   epoch 43 step 0/140 loss=0.8530
16:33:54 | INFO    | holoqpi.engine.trainer |   epoch 43 step 20/140 loss=1.3365
16:33:56 | INFO    | holoqpi.engine.trainer |   epoch 43 step 40/140 loss=1.0845
16:33:58 | INFO    | holoqpi.engine.trainer |   epoch 43 step 60/140 loss=1.3676
16:34:00 | INFO    | holoqpi.engine.trainer |   epoch 43 step 80/140 loss=1.1428
16:34:01 | INFO    | holoqpi.engine.trainer |   epoch 43 step 100/140 loss=0.5816
16:34:03 | INFO    | holoqpi.engine.trainer |   epoch 43 step 120/140 loss=0.5489
16:35:01 | INFO    | holoqpi.engine.trainer | epoch 43/60 (69s = 14s train + 56s val) | train_loss=1.0087  val_phase_mae=0.4750  val_dice=0.1397  val_cls_acc=0.7087  val_mass_mape=nan
16:35:01 | INFO    | holoqpi.engine.trainer |   epoch 44 step 0/140 loss=1.3478
16:35:03 | INFO    | holoqpi.engine.trainer |   epoch 44 step 20/140 loss=0.8412
16:35:05 | INFO    | holoqpi.engine.trainer |   epoch 44 step 40/140 loss=1.3311
16:35:07 | INFO    | holoqpi.engine.trainer |   epoch 44 step 60/140 loss=0.2910
16:35:09 | INFO    | holoqpi.engine.trainer |   epoch 44 step 80/140 loss=0.4721
16:35:11 | INFO    | holoqpi.engine.trainer |   epoch 44 step 100/140 loss=1.3104
16:35:12 | INFO    | holoqpi.engine.trainer |   epoch 44 step 120/140 loss=0.6187
16:36:10 | INFO    | holoqpi.engine.trainer | epoch 44/60 (69s = 13s train + 56s val) | train_loss=0.9181  val_phase_mae=0.4738  val_dice=0.1399  val_cls_acc=0.7087  val_mass_mape=nan
16:36:10 | INFO    | holoqpi.engine.trainer |   epoch 45 step 0/140 loss=1.2596
16:36:12 | INFO    | holoqpi.engine.trainer |   epoch 45 step 20/140 loss=0.8308
16:36:14 | INFO    | holoqpi.engine.trainer |   epoch 45 step 40/140 loss=1.6407
16:36:16 | INFO    | holoqpi.engine.trainer |   epoch 45 step 60/140 loss=1.2470
16:36:18 | INFO    | holoqpi.engine.trainer |   epoch 45 step 80/140 loss=1.4767
16:36:19 | INFO    | holoqpi.engine.trainer |   epoch 45 step 100/140 loss=1.5048
16:36:21 | INFO    | holoqpi.engine.trainer |   epoch 45 step 120/140 loss=0.8038
16:37:19 | INFO    | holoqpi.engine.trainer | epoch 45/60 (69s = 13s train + 56s val) | train_loss=0.9490  val_phase_mae=0.4737  val_dice=0.1397  val_cls_acc=0.6850  val_mass_mape=nan
16:37:19 | INFO    | holoqpi.engine.trainer |   epoch 46 step 0/140 loss=0.6114
16:37:21 | INFO    | holoqpi.engine.trainer |   epoch 46 step 20/140 loss=0.4498
16:37:23 | INFO    | holoqpi.engine.trainer |   epoch 46 step 40/140 loss=0.6738
16:37:25 | INFO    | holoqpi.engine.trainer |   epoch 46 step 60/140 loss=1.3967
16:37:26 | INFO    | holoqpi.engine.trainer |   epoch 46 step 80/140 loss=0.6291
16:37:28 | INFO    | holoqpi.engine.trainer |   epoch 46 step 100/140 loss=0.3104
16:37:30 | INFO    | holoqpi.engine.trainer |   epoch 46 step 120/140 loss=1.2771
16:38:28 | INFO    | holoqpi.engine.trainer | epoch 46/60 (69s = 13s train + 56s val) | train_loss=0.8735  val_phase_mae=0.4721  val_dice=0.1387  val_cls_acc=0.7165  val_mass_mape=nan
16:38:28 | INFO    | holoqpi.engine.trainer |   epoch 47 step 0/140 loss=1.1008
16:38:30 | INFO    | holoqpi.engine.trainer |   epoch 47 step 20/140 loss=1.1225
16:38:32 | INFO    | holoqpi.engine.trainer |   epoch 47 step 40/140 loss=0.5060
16:38:34 | INFO    | holoqpi.engine.trainer |   epoch 47 step 60/140 loss=0.4593
16:38:36 | INFO    | holoqpi.engine.trainer |   epoch 47 step 80/140 loss=1.3779
16:38:38 | INFO    | holoqpi.engine.trainer |   epoch 47 step 100/140 loss=0.8488
16:38:40 | INFO    | holoqpi.engine.trainer |   epoch 47 step 120/140 loss=0.4643
16:39:37 | INFO    | holoqpi.engine.trainer | epoch 47/60 (69s = 14s train + 55s val) | train_loss=0.9299  val_phase_mae=0.4731  val_dice=0.1365  val_cls_acc=0.7323  val_mass_mape=nan
16:39:37 | INFO    | holoqpi.engine.trainer |   epoch 48 step 0/140 loss=0.6934
16:39:39 | INFO    | holoqpi.engine.trainer |   epoch 48 step 20/140 loss=0.5855
16:39:41 | INFO    | holoqpi.engine.trainer |   epoch 48 step 40/140 loss=1.1003
16:39:43 | INFO    | holoqpi.engine.trainer |   epoch 48 step 60/140 loss=1.0625
16:39:45 | INFO    | holoqpi.engine.trainer |   epoch 48 step 80/140 loss=1.0960
16:39:47 | INFO    | holoqpi.engine.trainer |   epoch 48 step 100/140 loss=0.4972
16:39:49 | INFO    | holoqpi.engine.trainer |   epoch 48 step 120/140 loss=0.5683
16:40:46 | INFO    | holoqpi.engine.trainer | epoch 48/60 (69s = 14s train + 55s val) | train_loss=0.8561  val_phase_mae=0.4736  val_dice=0.1397  val_cls_acc=0.7244  val_mass_mape=nan
16:40:47 | INFO    | holoqpi.engine.trainer |   epoch 49 step 0/140 loss=1.1561
16:40:48 | INFO    | holoqpi.engine.trainer |   epoch 49 step 20/140 loss=1.2673
16:40:50 | INFO    | holoqpi.engine.trainer |   epoch 49 step 40/140 loss=0.3927
16:40:52 | INFO    | holoqpi.engine.trainer |   epoch 49 step 60/140 loss=0.4821
16:40:54 | INFO    | holoqpi.engine.trainer |   epoch 49 step 80/140 loss=0.4825
16:40:56 | INFO    | holoqpi.engine.trainer |   epoch 49 step 100/140 loss=1.3323
16:40:58 | INFO    | holoqpi.engine.trainer |   epoch 49 step 120/140 loss=0.9377
16:41:55 | INFO    | holoqpi.engine.trainer | epoch 49/60 (69s = 14s train + 56s val) | train_loss=0.9377  val_phase_mae=0.4738  val_dice=0.1382  val_cls_acc=0.7323  val_mass_mape=nan
16:41:56 | INFO    | holoqpi.engine.trainer |   epoch 50 step 0/140 loss=0.8560
16:41:58 | INFO    | holoqpi.engine.trainer |   epoch 50 step 20/140 loss=0.3243
16:42:00 | INFO    | holoqpi.engine.trainer |   epoch 50 step 40/140 loss=1.5023
16:42:02 | INFO    | holoqpi.engine.trainer |   epoch 50 step 60/140 loss=0.3741
16:42:04 | INFO    | holoqpi.engine.trainer |   epoch 50 step 80/140 loss=0.5293
16:42:05 | INFO    | holoqpi.engine.trainer |   epoch 50 step 100/140 loss=0.4622
16:42:07 | INFO    | holoqpi.engine.trainer |   epoch 50 step 120/140 loss=1.0891
16:43:04 | INFO    | holoqpi.engine.trainer | epoch 50/60 (69s = 13s train + 55s val) | train_loss=0.9314  val_phase_mae=0.4713  val_dice=0.1380  val_cls_acc=0.7008  val_mass_mape=nan
16:43:05 | INFO    | holoqpi.engine.trainer |   epoch 51 step 0/140 loss=0.6677
16:43:07 | INFO    | holoqpi.engine.trainer |   epoch 51 step 20/140 loss=1.2303
16:43:09 | INFO    | holoqpi.engine.trainer |   epoch 51 step 40/140 loss=0.6547
16:43:10 | INFO    | holoqpi.engine.trainer |   epoch 51 step 60/140 loss=0.3574
16:43:12 | INFO    | holoqpi.engine.trainer |   epoch 51 step 80/140 loss=1.6591
16:43:14 | INFO    | holoqpi.engine.trainer |   epoch 51 step 100/140 loss=0.5019
16:43:16 | INFO    | holoqpi.engine.trainer |   epoch 51 step 120/140 loss=0.8297
16:44:13 | INFO    | holoqpi.engine.trainer | epoch 51/60 (69s = 13s train + 56s val) | train_loss=0.8760  val_phase_mae=0.4717  val_dice=0.1378  val_cls_acc=0.7323  val_mass_mape=nan
16:44:14 | INFO    | holoqpi.engine.trainer |   epoch 52 step 0/140 loss=1.4702
16:44:16 | INFO    | holoqpi.engine.trainer |   epoch 52 step 20/140 loss=0.7456
16:44:18 | INFO    | holoqpi.engine.trainer |   epoch 52 step 40/140 loss=1.4360
16:44:20 | INFO    | holoqpi.engine.trainer |   epoch 52 step 60/140 loss=0.6907
16:44:21 | INFO    | holoqpi.engine.trainer |   epoch 52 step 80/140 loss=0.4774
16:44:23 | INFO    | holoqpi.engine.trainer |   epoch 52 step 100/140 loss=0.9415
16:44:25 | INFO    | holoqpi.engine.trainer |   epoch 52 step 120/140 loss=0.3700
16:45:22 | INFO    | holoqpi.engine.trainer | epoch 52/60 (69s = 13s train + 56s val) | train_loss=0.9194  val_phase_mae=0.4723  val_dice=0.1382  val_cls_acc=0.7165  val_mass_mape=nan
16:45:23 | INFO    | holoqpi.engine.trainer |   epoch 53 step 0/140 loss=0.8645
16:45:25 | INFO    | holoqpi.engine.trainer |   epoch 53 step 20/140 loss=0.6826
16:45:27 | INFO    | holoqpi.engine.trainer |   epoch 53 step 40/140 loss=0.4587
16:45:29 | INFO    | holoqpi.engine.trainer |   epoch 53 step 60/140 loss=0.2874
16:45:30 | INFO    | holoqpi.engine.trainer |   epoch 53 step 80/140 loss=1.1421
16:45:32 | INFO    | holoqpi.engine.trainer |   epoch 53 step 100/140 loss=1.5230
16:45:34 | INFO    | holoqpi.engine.trainer |   epoch 53 step 120/140 loss=1.0970
16:46:31 | INFO    | holoqpi.engine.trainer | epoch 53/60 (69s = 13s train + 56s val) | train_loss=0.8308  val_phase_mae=0.4725  val_dice=0.1366  val_cls_acc=0.7559  val_mass_mape=nan
16:46:32 | INFO    | holoqpi.engine.trainer |   epoch 54 step 0/140 loss=1.7772
16:46:34 | INFO    | holoqpi.engine.trainer |   epoch 54 step 20/140 loss=0.5217
16:46:35 | INFO    | holoqpi.engine.trainer |   epoch 54 step 40/140 loss=0.7693
16:46:37 | INFO    | holoqpi.engine.trainer |   epoch 54 step 60/140 loss=0.8766
16:46:39 | INFO    | holoqpi.engine.trainer |   epoch 54 step 80/140 loss=0.3581
16:46:41 | INFO    | holoqpi.engine.trainer |   epoch 54 step 100/140 loss=0.7426
16:46:43 | INFO    | holoqpi.engine.trainer |   epoch 54 step 120/140 loss=0.4052
16:47:39 | INFO    | holoqpi.engine.trainer | epoch 54/60 (68s = 13s train + 55s val) | train_loss=0.9069  val_phase_mae=0.4733  val_dice=0.1377  val_cls_acc=0.7480  val_mass_mape=nan
16:47:40 | INFO    | holoqpi.engine.trainer |   epoch 55 step 0/140 loss=1.0666
16:47:42 | INFO    | holoqpi.engine.trainer |   epoch 55 step 20/140 loss=1.1548
16:47:43 | INFO    | holoqpi.engine.trainer |   epoch 55 step 40/140 loss=0.6032
16:47:45 | INFO    | holoqpi.engine.trainer |   epoch 55 step 60/140 loss=0.3927
16:47:47 | INFO    | holoqpi.engine.trainer |   epoch 55 step 80/140 loss=0.3012
16:47:49 | INFO    | holoqpi.engine.trainer |   epoch 55 step 100/140 loss=1.0025
16:47:50 | INFO    | holoqpi.engine.trainer |   epoch 55 step 120/140 loss=0.3766
16:48:48 | INFO    | holoqpi.engine.trainer | epoch 55/60 (69s = 13s train + 56s val) | train_loss=0.8538  val_phase_mae=0.4718  val_dice=0.1376  val_cls_acc=0.7244  val_mass_mape=nan
16:48:48 | INFO    | holoqpi.engine.trainer |   epoch 56 step 0/140 loss=0.6710
16:48:50 | INFO    | holoqpi.engine.trainer |   epoch 56 step 20/140 loss=0.8341
16:48:52 | INFO    | holoqpi.engine.trainer |   epoch 56 step 40/140 loss=0.9207
16:48:54 | INFO    | holoqpi.engine.trainer |   epoch 56 step 60/140 loss=0.3132
16:48:56 | INFO    | holoqpi.engine.trainer |   epoch 56 step 80/140 loss=0.4306
16:48:57 | INFO    | holoqpi.engine.trainer |   epoch 56 step 100/140 loss=1.4928
16:48:59 | INFO    | holoqpi.engine.trainer |   epoch 56 step 120/140 loss=0.9349
16:49:57 | INFO    | holoqpi.engine.trainer |   new best cls_accuracy=0.7953
16:49:57 | INFO    | holoqpi.engine.trainer | epoch 56/60 (69s = 13s train + 56s val) | train_loss=0.8864  val_phase_mae=0.4714  val_dice=0.1363  val_cls_acc=0.7953  val_mass_mape=nan
16:49:58 | INFO    | holoqpi.engine.trainer |   epoch 57 step 0/140 loss=0.6136
16:49:59 | INFO    | holoqpi.engine.trainer |   epoch 57 step 20/140 loss=0.3845
16:50:01 | INFO    | holoqpi.engine.trainer |   epoch 57 step 40/140 loss=0.5593
16:50:03 | INFO    | holoqpi.engine.trainer |   epoch 57 step 60/140 loss=1.3795
16:50:05 | INFO    | holoqpi.engine.trainer |   epoch 57 step 80/140 loss=0.6568
16:50:07 | INFO    | holoqpi.engine.trainer |   epoch 57 step 100/140 loss=0.5666
16:50:09 | INFO    | holoqpi.engine.trainer |   epoch 57 step 120/140 loss=0.4897
16:51:06 | INFO    | holoqpi.engine.trainer | epoch 57/60 (69s = 13s train + 56s val) | train_loss=0.8377  val_phase_mae=0.4719  val_dice=0.1389  val_cls_acc=0.7795  val_mass_mape=nan
16:51:07 | INFO    | holoqpi.engine.trainer |   epoch 58 step 0/140 loss=0.4288
16:51:08 | INFO    | holoqpi.engine.trainer |   epoch 58 step 20/140 loss=1.2796
16:51:10 | INFO    | holoqpi.engine.trainer |   epoch 58 step 40/140 loss=2.1583
16:51:12 | INFO    | holoqpi.engine.trainer |   epoch 58 step 60/140 loss=0.9806
16:51:14 | INFO    | holoqpi.engine.trainer |   epoch 58 step 80/140 loss=0.3057
16:51:16 | INFO    | holoqpi.engine.trainer |   epoch 58 step 100/140 loss=0.7602
16:51:17 | INFO    | holoqpi.engine.trainer |   epoch 58 step 120/140 loss=0.3820
16:52:15 | INFO    | holoqpi.engine.trainer | epoch 58/60 (69s = 13s train + 56s val) | train_loss=0.8941  val_phase_mae=0.4735  val_dice=0.1379  val_cls_acc=0.7638  val_mass_mape=nan
16:52:15 | INFO    | holoqpi.engine.trainer |   epoch 59 step 0/140 loss=0.9754
16:52:17 | INFO    | holoqpi.engine.trainer |   epoch 59 step 20/140 loss=1.4865
16:52:19 | INFO    | holoqpi.engine.trainer |   epoch 59 step 40/140 loss=0.5674
16:52:21 | INFO    | holoqpi.engine.trainer |   epoch 59 step 60/140 loss=1.0565
16:52:23 | INFO    | holoqpi.engine.trainer |   epoch 59 step 80/140 loss=0.8972
16:52:24 | INFO    | holoqpi.engine.trainer |   epoch 59 step 100/140 loss=0.3494
16:52:26 | INFO    | holoqpi.engine.trainer |   epoch 59 step 120/140 loss=0.9240
16:53:23 | INFO    | holoqpi.engine.trainer | epoch 59/60 (68s = 13s train + 55s val) | train_loss=0.8286  val_phase_mae=0.4743  val_dice=0.1369  val_cls_acc=0.7559  val_mass_mape=nan
16:53:23 | INFO    | holoqpi.engine.trainer |   epoch 60 step 0/140 loss=0.7085
16:53:25 | INFO    | holoqpi.engine.trainer |   epoch 60 step 20/140 loss=0.8433
16:53:27 | INFO    | holoqpi.engine.trainer |   epoch 60 step 40/140 loss=0.9196
16:53:29 | INFO    | holoqpi.engine.trainer |   epoch 60 step 60/140 loss=0.6428
16:53:31 | INFO    | holoqpi.engine.trainer |   epoch 60 step 80/140 loss=0.4926
16:53:33 | INFO    | holoqpi.engine.trainer |   epoch 60 step 100/140 loss=0.9107
16:53:34 | INFO    | holoqpi.engine.trainer |   epoch 60 step 120/140 loss=0.5493
16:54:32 | INFO    | holoqpi.engine.trainer | epoch 60/60 (69s = 13s train + 56s val) | train_loss=0.8407  val_phase_mae=0.4726  val_dice=0.1364  val_cls_acc=0.7717  val_mass_mape=nan
16:54:32 | INFO    | holoqpi.engine.trainer | training finished; best epoch 56 (cls_accuracy=0.7953)
16:54:32 | INFO    | holoqpi.engine.trainer | checkpoint best_model.pt: 446/446 tensors matched
16:55:22 | INFO    | holoqpi.engine.compare | modality=gabor test metrics written to runs/classification_only_gabor
16:55:23 | INFO    | holoqpi.engine.compare | comparison table written to runs/classification_only_modality_comparison.csv
