17:02:17 | INFO    | holoqpi.models.encoders | encoder=mobilenet_v2 in_channels=1 pretrained=True stages=[16, 24, 32, 96, 1280]
17:02:17 | INFO    | holoqpi.models.holonet | HoloQPINet built: 9.76M parameters, 9.76M trainable (100.0%)
17:02:19 | INFO    | holoqpi.engine.trainer | checkpoint best_model.pt: 446/446 tensors matched
17:02:19 | INFO    | holoqpi.data.dataset | test split: 113 samples | modality=off_axis | crop=None | augment=False
17:02:25 | INFO    | holoqpi.models.encoders | encoder=mobilenet_v2 in_channels=1 pretrained=True stages=[16, 24, 32, 96, 1280]
17:02:25 | INFO    | holoqpi.models.holonet | HoloQPINet built: 9.76M parameters, 9.76M trainable (100.0%)
17:02:25 | INFO    | holoqpi.engine.trainer | checkpoint best_model.pt: 446/446 tensors matched
17:02:25 | INFO    | holoqpi.data.dataset | test split: 113 samples | modality=gabor | crop=None | augment=False

=== off_axis  (113 images) ===
  mass ratio  pred/ref        +0.8295   (-17.0% mass error)
    from the DOMAIN (boundary) +0.8957   (-10.4%)
    from the PHASE  (recon)    +0.9261   (-7.4%)
    domain x phase             +0.8295   (equals the mass ratio by construction)
  median mass ratio            +0.8375   (outlier-resistant cross-check)
  predicted / reference area   +0.8987   (-10.1% area error)
  phase bias inside cells      -0.1972 rad
  phase bias in background     +0.0314 rad

  -> both contribute comparably; neither head alone explains the error.
  per-image detail -> runs/base_off_axis/bias_diagnosis_test.csv

=== gabor  (109 images) ===
  4 images excluded: non-positive phase integral
  mass ratio  pred/ref        +0.8622   (-13.8% mass error)
    from the DOMAIN (boundary) +0.8182   (-18.2%)
    from the PHASE  (recon)    +1.0538   (+5.4%)
    domain x phase             +0.8622   (equals the mass ratio by construction)
  median mass ratio            +0.8694   (outlier-resistant cross-check)
  predicted / reference area   +0.8854   (-11.5% area error)
  phase bias inside cells      -0.1834 rad
  phase bias in background     +0.0184 rad

  -> the BOUNDARY dominates. Work on the segmentation side: raise
     loss.weights.projected_area_consistency or boundary_gradient_alignment.
  per-image detail -> runs/base_gabor/bias_diagnosis_test.csv
