17:05:11 | INFO    | holoqpi.engine.compare | ======================================================================
17:05:11 | INFO    | holoqpi.engine.compare | modality=off_axis  device=cuda  run_dir=runs/fixed_threshold_off_axis
17:05:11 | INFO    | holoqpi.engine.compare | ======================================================================
17:05:12 | INFO    | holoqpi.data.dataset | train split: 560 samples | modality=off_axis | crop=512 | augment=True
17:05:12 | INFO    | holoqpi.data.dataset | val split: 127 samples | modality=off_axis | crop=None | augment=False
17:05:12 | INFO    | holoqpi.data.dataset | test split: 113 samples | modality=off_axis | crop=None | augment=False
17:05:13 | INFO    | holoqpi.models.encoders | encoder=mobilenet_v2 in_channels=1 pretrained=True stages=[16, 24, 32, 96, 1280]
17:05:13 | INFO    | holoqpi.models.holonet | HoloQPINet built: 9.76M parameters, 9.76M trainable (100.0%)
17:05:14 | INFO    | holoqpi.engine.trainer | trainable 9.76M / 9.76M parameters (100.0%)
17:05:14 | INFO    | holoqpi.engine.trainer | active physics terms: ['phase_mask_contrast', 'boundary_gradient_alignment', 'phase_volume', 'dry_mass_consistency', 'projected_area_consistency']
17:05:20 | INFO    | holoqpi.engine.trainer |   epoch 1 step 0/140 loss=2.5082
17:05:21 | INFO    | holoqpi.engine.trainer |   epoch 1 step 20/140 loss=2.3910
17:05:23 | INFO    | holoqpi.engine.trainer |   epoch 1 step 40/140 loss=1.9701
17:05:25 | INFO    | holoqpi.engine.trainer |   epoch 1 step 60/140 loss=1.6587
17:05:27 | INFO    | holoqpi.engine.trainer |   epoch 1 step 80/140 loss=1.5595
17:05:29 | INFO    | holoqpi.engine.trainer |   epoch 1 step 100/140 loss=1.4673
17:05:31 | INFO    | holoqpi.engine.trainer |   epoch 1 step 120/140 loss=1.3466
17:06:26 | INFO    | holoqpi.engine.trainer |   new best composite=0.6071
17:06:26 | INFO    | holoqpi.engine.trainer | epoch 1/60 (72s = 19s train + 53s val) | train_loss=1.7983  val_phase_mae=0.2696  val_dice=0.6491  val_cls_acc=0.2598  val_mass_mape=0.3842
17:06:26 | INFO    | holoqpi.engine.trainer |   at this rate the full 60-epoch schedule takes about 72 min
17:06:27 | INFO    | holoqpi.engine.trainer |   epoch 2 step 0/140 loss=1.3231
17:06:30 | INFO    | holoqpi.engine.trainer |   epoch 2 step 20/140 loss=1.2614
17:06:32 | INFO    | holoqpi.engine.trainer |   epoch 2 step 40/140 loss=1.3886
17:06:34 | INFO    | holoqpi.engine.trainer |   epoch 2 step 60/140 loss=1.1572
17:06:37 | INFO    | holoqpi.engine.trainer |   epoch 2 step 80/140 loss=1.0732
17:06:39 | INFO    | holoqpi.engine.trainer |   epoch 2 step 100/140 loss=1.1390
17:06:41 | INFO    | holoqpi.engine.trainer |   epoch 2 step 120/140 loss=1.1344
17:07:32 | INFO    | holoqpi.engine.trainer |   new best composite=0.7286
17:07:32 | INFO    | holoqpi.engine.trainer | epoch 2/60 (65s = 17s train + 49s val) | train_loss=1.1687  val_phase_mae=0.2107  val_dice=0.7668  val_cls_acc=0.2441  val_mass_mape=0.3254
17:07:33 | INFO    | holoqpi.engine.trainer |   epoch 3 step 0/140 loss=0.9925
17:07:35 | INFO    | holoqpi.engine.trainer |   epoch 3 step 20/140 loss=0.8351
17:07:37 | INFO    | holoqpi.engine.trainer |   epoch 3 step 40/140 loss=0.9950
17:07:39 | INFO    | holoqpi.engine.trainer |   epoch 3 step 60/140 loss=0.9793
17:07:41 | INFO    | holoqpi.engine.trainer |   epoch 3 step 80/140 loss=0.9432
17:07:43 | INFO    | holoqpi.engine.trainer |   epoch 3 step 100/140 loss=0.8883
17:07:45 | INFO    | holoqpi.engine.trainer |   epoch 3 step 120/140 loss=0.8257
17:08:35 | INFO    | holoqpi.engine.trainer |   new best composite=0.7501
17:08:35 | INFO    | holoqpi.engine.trainer | epoch 3/60 (63s = 15s train + 48s val) | train_loss=0.9297  val_phase_mae=0.2019  val_dice=0.7799  val_cls_acc=0.3228  val_mass_mape=0.2791
17:08:36 | INFO    | holoqpi.engine.trainer |   epoch 4 step 0/140 loss=0.9050
17:08:38 | INFO    | holoqpi.engine.trainer |   epoch 4 step 20/140 loss=0.7859
17:08:40 | INFO    | holoqpi.engine.trainer |   epoch 4 step 40/140 loss=0.9539
17:08:42 | INFO    | holoqpi.engine.trainer |   epoch 4 step 60/140 loss=0.9206
17:08:44 | INFO    | holoqpi.engine.trainer |   epoch 4 step 80/140 loss=0.8552
17:08:46 | INFO    | holoqpi.engine.trainer |   epoch 4 step 100/140 loss=0.8648
17:08:48 | INFO    | holoqpi.engine.trainer |   epoch 4 step 120/140 loss=0.7507
17:09:39 | INFO    | holoqpi.engine.trainer |   new best composite=0.7657
17:09:39 | INFO    | holoqpi.engine.trainer | epoch 4/60 (64s = 15s train + 49s val) | train_loss=0.8702  val_phase_mae=0.1933  val_dice=0.7953  val_cls_acc=0.2913  val_mass_mape=0.2600
17:09:40 | INFO    | holoqpi.engine.trainer |   epoch 5 step 0/140 loss=0.8640
17:09:42 | INFO    | holoqpi.engine.trainer |   epoch 5 step 20/140 loss=0.8149
17:09:44 | INFO    | holoqpi.engine.trainer |   epoch 5 step 40/140 loss=0.8072
17:09:46 | INFO    | holoqpi.engine.trainer |   epoch 5 step 60/140 loss=0.7471
17:09:48 | INFO    | holoqpi.engine.trainer |   epoch 5 step 80/140 loss=0.8899
17:09:50 | INFO    | holoqpi.engine.trainer |   epoch 5 step 100/140 loss=0.8987
17:09:52 | INFO    | holoqpi.engine.trainer |   epoch 5 step 120/140 loss=0.6951
17:10:43 | INFO    | holoqpi.engine.trainer |   new best composite=0.7738
17:10:43 | INFO    | holoqpi.engine.trainer | epoch 5/60 (63s = 15s train + 49s val) | train_loss=0.8130  val_phase_mae=0.1858  val_dice=0.7957  val_cls_acc=0.2598  val_mass_mape=0.2292
17:10:43 | INFO    | holoqpi.engine.trainer |   epoch 6 step 0/140 loss=0.7775
17:10:45 | INFO    | holoqpi.engine.trainer |   epoch 6 step 20/140 loss=0.8700
17:10:47 | INFO    | holoqpi.engine.trainer |   epoch 6 step 40/140 loss=0.7896
17:10:49 | INFO    | holoqpi.engine.trainer |   epoch 6 step 60/140 loss=0.6181
17:10:51 | INFO    | holoqpi.engine.trainer |   epoch 6 step 80/140 loss=0.6852
17:10:53 | INFO    | holoqpi.engine.trainer |   epoch 6 step 100/140 loss=0.8954
17:10:55 | INFO    | holoqpi.engine.trainer |   epoch 6 step 120/140 loss=0.6811
17:11:45 | INFO    | holoqpi.engine.trainer | epoch 6/60 (63s = 14s train + 48s val) | train_loss=0.7857  val_phase_mae=0.1912  val_dice=0.8001  val_cls_acc=0.2913  val_mass_mape=0.2878
17:11:46 | INFO    | holoqpi.engine.trainer |   epoch 7 step 0/140 loss=0.7590
17:11:48 | INFO    | holoqpi.engine.trainer |   epoch 7 step 20/140 loss=0.7451
17:11:50 | INFO    | holoqpi.engine.trainer |   epoch 7 step 40/140 loss=0.7127
17:11:52 | INFO    | holoqpi.engine.trainer |   epoch 7 step 60/140 loss=0.6985
17:11:54 | INFO    | holoqpi.engine.trainer |   epoch 7 step 80/140 loss=0.7215
17:11:56 | INFO    | holoqpi.engine.trainer |   epoch 7 step 100/140 loss=0.7115
17:11:58 | INFO    | holoqpi.engine.trainer |   epoch 7 step 120/140 loss=0.8521
17:12:48 | INFO    | holoqpi.engine.trainer |   new best composite=0.7761
17:12:48 | INFO    | holoqpi.engine.trainer | epoch 7/60 (63s = 14s train + 49s val) | train_loss=0.7615  val_phase_mae=0.1871  val_dice=0.7966  val_cls_acc=0.4567  val_mass_mape=0.2338
17:12:49 | INFO    | holoqpi.engine.trainer |   epoch 8 step 0/140 loss=0.7199
17:12:51 | INFO    | holoqpi.engine.trainer |   epoch 8 step 20/140 loss=0.7224
17:12:53 | INFO    | holoqpi.engine.trainer |   epoch 8 step 40/140 loss=0.8095
17:12:55 | INFO    | holoqpi.engine.trainer |   epoch 8 step 60/140 loss=0.6490
17:12:57 | INFO    | holoqpi.engine.trainer |   epoch 8 step 80/140 loss=0.7296
17:12:59 | INFO    | holoqpi.engine.trainer |   epoch 8 step 100/140 loss=0.8611
17:13:01 | INFO    | holoqpi.engine.trainer |   epoch 8 step 120/140 loss=0.8061
17:13:51 | INFO    | holoqpi.engine.trainer |   new best composite=0.7881
17:13:51 | INFO    | holoqpi.engine.trainer | epoch 8/60 (62s = 14s train + 48s val) | train_loss=0.7388  val_phase_mae=0.1915  val_dice=0.8115  val_cls_acc=0.3622  val_mass_mape=0.2139
17:13:51 | INFO    | holoqpi.engine.trainer |   epoch 9 step 0/140 loss=0.7955
17:13:53 | INFO    | holoqpi.engine.trainer |   epoch 9 step 20/140 loss=0.5930
17:13:55 | INFO    | holoqpi.engine.trainer |   epoch 9 step 40/140 loss=0.7202
17:13:57 | INFO    | holoqpi.engine.trainer |   epoch 9 step 60/140 loss=0.7656
17:13:59 | INFO    | holoqpi.engine.trainer |   epoch 9 step 80/140 loss=0.8144
17:14:01 | INFO    | holoqpi.engine.trainer |   epoch 9 step 100/140 loss=0.7474
17:14:03 | INFO    | holoqpi.engine.trainer |   epoch 9 step 120/140 loss=0.7626
17:14:54 | INFO    | holoqpi.engine.trainer |   new best composite=0.7964
17:14:54 | INFO    | holoqpi.engine.trainer | epoch 9/60 (63s = 14s train + 49s val) | train_loss=0.7334  val_phase_mae=0.1787  val_dice=0.8209  val_cls_acc=0.4331  val_mass_mape=0.2196
17:14:55 | INFO    | holoqpi.engine.trainer |   epoch 10 step 0/140 loss=0.7230
17:14:57 | INFO    | holoqpi.engine.trainer |   epoch 10 step 20/140 loss=0.7042
17:14:59 | INFO    | holoqpi.engine.trainer |   epoch 10 step 40/140 loss=0.8083
17:15:01 | INFO    | holoqpi.engine.trainer |   epoch 10 step 60/140 loss=0.7476
17:15:03 | INFO    | holoqpi.engine.trainer |   epoch 10 step 80/140 loss=0.7672
17:15:05 | INFO    | holoqpi.engine.trainer |   epoch 10 step 100/140 loss=0.7816
17:15:07 | INFO    | holoqpi.engine.trainer |   epoch 10 step 120/140 loss=0.7569
17:15:57 | INFO    | holoqpi.engine.trainer | epoch 10/60 (63s = 14s train + 49s val) | train_loss=0.7225  val_phase_mae=0.1845  val_dice=0.8209  val_cls_acc=0.3780  val_mass_mape=0.2664
17:15:58 | INFO    | holoqpi.engine.trainer |   epoch 11 step 0/140 loss=0.7056
17:16:00 | INFO    | holoqpi.engine.trainer |   epoch 11 step 20/140 loss=0.8221
17:16:02 | INFO    | holoqpi.engine.trainer |   epoch 11 step 40/140 loss=0.9465
17:16:04 | INFO    | holoqpi.engine.trainer |   epoch 11 step 60/140 loss=0.6640
17:16:06 | INFO    | holoqpi.engine.trainer |   epoch 11 step 80/140 loss=0.6373
17:16:08 | INFO    | holoqpi.engine.trainer |   epoch 11 step 100/140 loss=0.6362
17:16:10 | INFO    | holoqpi.engine.trainer |   epoch 11 step 120/140 loss=0.6951
17:17:00 | INFO    | holoqpi.engine.trainer | epoch 11/60 (63s = 14s train + 49s val) | train_loss=0.7114  val_phase_mae=0.1846  val_dice=0.8235  val_cls_acc=0.2441  val_mass_mape=0.2267
17:17:01 | INFO    | holoqpi.engine.trainer |   epoch 12 step 0/140 loss=0.7166
17:17:03 | INFO    | holoqpi.engine.trainer |   epoch 12 step 20/140 loss=0.7915
17:17:05 | INFO    | holoqpi.engine.trainer |   epoch 12 step 40/140 loss=0.6666
17:17:07 | INFO    | holoqpi.engine.trainer |   epoch 12 step 60/140 loss=0.7184
17:17:09 | INFO    | holoqpi.engine.trainer |   epoch 12 step 80/140 loss=0.6519
17:17:11 | INFO    | holoqpi.engine.trainer |   epoch 12 step 100/140 loss=0.6019
17:17:13 | INFO    | holoqpi.engine.trainer |   epoch 12 step 120/140 loss=0.5677
17:18:04 | INFO    | holoqpi.engine.trainer |   new best composite=0.8015
17:18:04 | INFO    | holoqpi.engine.trainer | epoch 12/60 (63s = 14s train + 49s val) | train_loss=0.6977  val_phase_mae=0.1751  val_dice=0.8239  val_cls_acc=0.2835  val_mass_mape=0.2121
17:18:04 | INFO    | holoqpi.engine.trainer |   epoch 13 step 0/140 loss=0.6489
17:18:06 | INFO    | holoqpi.engine.trainer |   epoch 13 step 20/140 loss=0.7472
17:18:08 | INFO    | holoqpi.engine.trainer |   epoch 13 step 40/140 loss=0.7839
17:18:10 | INFO    | holoqpi.engine.trainer |   epoch 13 step 60/140 loss=0.6807
17:18:12 | INFO    | holoqpi.engine.trainer |   epoch 13 step 80/140 loss=0.6444
17:18:14 | INFO    | holoqpi.engine.trainer |   epoch 13 step 100/140 loss=0.6474
17:18:16 | INFO    | holoqpi.engine.trainer |   epoch 13 step 120/140 loss=0.6483
17:19:07 | INFO    | holoqpi.engine.trainer | epoch 13/60 (63s = 14s train + 50s val) | train_loss=0.6922  val_phase_mae=0.1801  val_dice=0.8183  val_cls_acc=0.4409  val_mass_mape=0.2857
17:19:08 | INFO    | holoqpi.engine.trainer |   epoch 14 step 0/140 loss=0.6984
17:19:10 | INFO    | holoqpi.engine.trainer |   epoch 14 step 20/140 loss=0.5734
17:19:12 | INFO    | holoqpi.engine.trainer |   epoch 14 step 40/140 loss=0.5930
17:19:14 | INFO    | holoqpi.engine.trainer |   epoch 14 step 60/140 loss=0.5838
17:19:16 | INFO    | holoqpi.engine.trainer |   epoch 14 step 80/140 loss=0.8428
17:19:18 | INFO    | holoqpi.engine.trainer |   epoch 14 step 100/140 loss=0.6042
17:19:20 | INFO    | holoqpi.engine.trainer |   epoch 14 step 120/140 loss=0.5505
17:20:11 | INFO    | holoqpi.engine.trainer | epoch 14/60 (63s = 14s train + 49s val) | train_loss=0.6729  val_phase_mae=0.1792  val_dice=0.8245  val_cls_acc=0.2677  val_mass_mape=0.2304
17:20:11 | INFO    | holoqpi.engine.trainer |   epoch 15 step 0/140 loss=0.6831
17:20:13 | INFO    | holoqpi.engine.trainer |   epoch 15 step 20/140 loss=0.6372
17:20:15 | INFO    | holoqpi.engine.trainer |   epoch 15 step 40/140 loss=0.6865
17:20:17 | INFO    | holoqpi.engine.trainer |   epoch 15 step 60/140 loss=0.6842
17:20:19 | INFO    | holoqpi.engine.trainer |   epoch 15 step 80/140 loss=0.7384
17:20:21 | INFO    | holoqpi.engine.trainer |   epoch 15 step 100/140 loss=0.5242
17:20:23 | INFO    | holoqpi.engine.trainer |   epoch 15 step 120/140 loss=0.7546
17:21:14 | INFO    | holoqpi.engine.trainer |   new best composite=0.8027
17:21:14 | INFO    | holoqpi.engine.trainer | epoch 15/60 (63s = 14s train + 48s val) | train_loss=0.6717  val_phase_mae=0.1761  val_dice=0.8243  val_cls_acc=0.4567  val_mass_mape=0.2151
17:21:14 | INFO    | holoqpi.engine.trainer |   epoch 16 step 0/140 loss=0.5801
17:21:16 | INFO    | holoqpi.engine.trainer |   epoch 16 step 20/140 loss=0.7155
17:21:19 | INFO    | holoqpi.engine.trainer |   epoch 16 step 40/140 loss=0.7882
17:21:20 | INFO    | holoqpi.engine.trainer |   epoch 16 step 60/140 loss=0.7256
17:21:22 | INFO    | holoqpi.engine.trainer |   epoch 16 step 80/140 loss=0.6875
17:21:25 | INFO    | holoqpi.engine.trainer |   epoch 16 step 100/140 loss=0.6237
17:21:26 | INFO    | holoqpi.engine.trainer |   epoch 16 step 120/140 loss=0.6166
17:22:18 | INFO    | holoqpi.engine.trainer |   new best composite=0.8073
17:22:18 | INFO    | holoqpi.engine.trainer | epoch 16/60 (63s = 14s train + 49s val) | train_loss=0.6644  val_phase_mae=0.1747  val_dice=0.8275  val_cls_acc=0.4094  val_mass_mape=0.1949
17:22:18 | INFO    | holoqpi.engine.trainer |   epoch 17 step 0/140 loss=0.9336
17:22:20 | INFO    | holoqpi.engine.trainer |   epoch 17 step 20/140 loss=0.8110
17:22:22 | INFO    | holoqpi.engine.trainer |   epoch 17 step 40/140 loss=0.6424
17:22:24 | INFO    | holoqpi.engine.trainer |   epoch 17 step 60/140 loss=0.6114
17:22:26 | INFO    | holoqpi.engine.trainer |   epoch 17 step 80/140 loss=0.7202
17:22:28 | INFO    | holoqpi.engine.trainer |   epoch 17 step 100/140 loss=0.5702
17:22:30 | INFO    | holoqpi.engine.trainer |   epoch 17 step 120/140 loss=0.4998
17:23:21 | INFO    | holoqpi.engine.trainer | epoch 17/60 (63s = 14s train + 49s val) | train_loss=0.6444  val_phase_mae=0.1741  val_dice=0.8272  val_cls_acc=0.3386  val_mass_mape=0.2012
17:23:21 | INFO    | holoqpi.engine.trainer |   epoch 18 step 0/140 loss=0.5847
17:23:23 | INFO    | holoqpi.engine.trainer |   epoch 18 step 20/140 loss=0.5520
17:23:25 | INFO    | holoqpi.engine.trainer |   epoch 18 step 40/140 loss=0.6601
17:23:27 | INFO    | holoqpi.engine.trainer |   epoch 18 step 60/140 loss=0.7247
17:23:29 | INFO    | holoqpi.engine.trainer |   epoch 18 step 80/140 loss=0.7388
17:23:31 | INFO    | holoqpi.engine.trainer |   epoch 18 step 100/140 loss=0.5365
17:23:33 | INFO    | holoqpi.engine.trainer |   epoch 18 step 120/140 loss=0.6287
17:24:23 | INFO    | holoqpi.engine.trainer | epoch 18/60 (62s = 14s train + 48s val) | train_loss=0.6398  val_phase_mae=0.1839  val_dice=0.8119  val_cls_acc=0.4016  val_mass_mape=0.2786
17:24:24 | INFO    | holoqpi.engine.trainer |   epoch 19 step 0/140 loss=0.5545
17:24:26 | INFO    | holoqpi.engine.trainer |   epoch 19 step 20/140 loss=0.5269
17:24:28 | INFO    | holoqpi.engine.trainer |   epoch 19 step 40/140 loss=0.7338
17:24:29 | INFO    | holoqpi.engine.trainer |   epoch 19 step 60/140 loss=0.7716
17:24:31 | INFO    | holoqpi.engine.trainer |   epoch 19 step 80/140 loss=0.7199
17:24:34 | INFO    | holoqpi.engine.trainer |   epoch 19 step 100/140 loss=0.6350
17:24:35 | INFO    | holoqpi.engine.trainer |   epoch 19 step 120/140 loss=0.7307
17:25:26 | INFO    | holoqpi.engine.trainer | epoch 19/60 (63s = 14s train + 48s val) | train_loss=0.6529  val_phase_mae=0.1731  val_dice=0.8238  val_cls_acc=0.4252  val_mass_mape=0.1982
17:25:26 | INFO    | holoqpi.engine.trainer |   epoch 20 step 0/140 loss=0.6453
17:25:28 | INFO    | holoqpi.engine.trainer |   epoch 20 step 20/140 loss=0.7933
17:25:30 | INFO    | holoqpi.engine.trainer |   epoch 20 step 40/140 loss=0.6422
17:25:32 | INFO    | holoqpi.engine.trainer |   epoch 20 step 60/140 loss=0.7524
17:25:34 | INFO    | holoqpi.engine.trainer |   epoch 20 step 80/140 loss=0.5286
17:25:36 | INFO    | holoqpi.engine.trainer |   epoch 20 step 100/140 loss=0.6533
17:25:38 | INFO    | holoqpi.engine.trainer |   epoch 20 step 120/140 loss=0.7195
17:26:29 | INFO    | holoqpi.engine.trainer | epoch 20/60 (63s = 14s train + 49s val) | train_loss=0.6222  val_phase_mae=0.1761  val_dice=0.8237  val_cls_acc=0.5906  val_mass_mape=0.2137
17:26:29 | INFO    | holoqpi.engine.trainer |   epoch 21 step 0/140 loss=0.6159
17:26:31 | INFO    | holoqpi.engine.trainer |   epoch 21 step 20/140 loss=0.6481
17:26:33 | INFO    | holoqpi.engine.trainer |   epoch 21 step 40/140 loss=1.1272
17:26:35 | INFO    | holoqpi.engine.trainer |   epoch 21 step 60/140 loss=0.6071
17:26:37 | INFO    | holoqpi.engine.trainer |   epoch 21 step 80/140 loss=0.7308
17:26:39 | INFO    | holoqpi.engine.trainer |   epoch 21 step 100/140 loss=0.5447
17:26:41 | INFO    | holoqpi.engine.trainer |   epoch 21 step 120/140 loss=0.6148
17:27:31 | INFO    | holoqpi.engine.trainer |   new best composite=0.8115
17:27:31 | INFO    | holoqpi.engine.trainer | epoch 21/60 (62s = 14s train + 48s val) | train_loss=0.6239  val_phase_mae=0.1685  val_dice=0.8331  val_cls_acc=0.5039  val_mass_mape=0.2031
17:27:32 | INFO    | holoqpi.engine.trainer |   epoch 22 step 0/140 loss=0.5572
17:27:34 | INFO    | holoqpi.engine.trainer |   epoch 22 step 20/140 loss=0.7058
17:27:36 | INFO    | holoqpi.engine.trainer |   epoch 22 step 40/140 loss=0.5856
17:27:38 | INFO    | holoqpi.engine.trainer |   epoch 22 step 60/140 loss=0.7693
17:27:40 | INFO    | holoqpi.engine.trainer |   epoch 22 step 80/140 loss=0.5350
17:27:42 | INFO    | holoqpi.engine.trainer |   epoch 22 step 100/140 loss=0.6405
17:27:44 | INFO    | holoqpi.engine.trainer |   epoch 22 step 120/140 loss=0.5497
17:28:34 | INFO    | holoqpi.engine.trainer | epoch 22/60 (63s = 14s train + 48s val) | train_loss=0.6285  val_phase_mae=0.1753  val_dice=0.8330  val_cls_acc=0.3386  val_mass_mape=0.2097
17:28:35 | INFO    | holoqpi.engine.trainer |   epoch 23 step 0/140 loss=0.5155
17:28:37 | INFO    | holoqpi.engine.trainer |   epoch 23 step 20/140 loss=0.6577
17:28:38 | INFO    | holoqpi.engine.trainer |   epoch 23 step 40/140 loss=0.6514
17:28:40 | INFO    | holoqpi.engine.trainer |   epoch 23 step 60/140 loss=0.6257
17:28:42 | INFO    | holoqpi.engine.trainer |   epoch 23 step 80/140 loss=0.5649
17:28:44 | INFO    | holoqpi.engine.trainer |   epoch 23 step 100/140 loss=0.6518
17:28:46 | INFO    | holoqpi.engine.trainer |   epoch 23 step 120/140 loss=0.6058
17:29:37 | INFO    | holoqpi.engine.trainer | epoch 23/60 (63s = 14s train + 49s val) | train_loss=0.6151  val_phase_mae=0.1727  val_dice=0.8230  val_cls_acc=0.5197  val_mass_mape=0.2191
17:29:38 | INFO    | holoqpi.engine.trainer |   epoch 24 step 0/140 loss=0.5371
17:29:40 | INFO    | holoqpi.engine.trainer |   epoch 24 step 20/140 loss=0.6980
17:29:42 | INFO    | holoqpi.engine.trainer |   epoch 24 step 40/140 loss=0.5727
17:29:43 | INFO    | holoqpi.engine.trainer |   epoch 24 step 60/140 loss=0.6453
17:29:45 | INFO    | holoqpi.engine.trainer |   epoch 24 step 80/140 loss=0.5771
17:29:47 | INFO    | holoqpi.engine.trainer |   epoch 24 step 100/140 loss=0.9335
17:29:49 | INFO    | holoqpi.engine.trainer |   epoch 24 step 120/140 loss=0.8489
17:30:40 | INFO    | holoqpi.engine.trainer | epoch 24/60 (63s = 14s train + 49s val) | train_loss=0.6177  val_phase_mae=0.1744  val_dice=0.8266  val_cls_acc=0.4961  val_mass_mape=0.2014
17:30:41 | INFO    | holoqpi.engine.trainer |   epoch 25 step 0/140 loss=0.7074
17:30:43 | INFO    | holoqpi.engine.trainer |   epoch 25 step 20/140 loss=0.6553
17:30:44 | INFO    | holoqpi.engine.trainer |   epoch 25 step 40/140 loss=0.5499
17:30:46 | INFO    | holoqpi.engine.trainer |   epoch 25 step 60/140 loss=0.4885
17:30:48 | INFO    | holoqpi.engine.trainer |   epoch 25 step 80/140 loss=0.6941
17:30:50 | INFO    | holoqpi.engine.trainer |   epoch 25 step 100/140 loss=0.6546
17:30:52 | INFO    | holoqpi.engine.trainer |   epoch 25 step 120/140 loss=0.6857
17:31:43 | INFO    | holoqpi.engine.trainer | epoch 25/60 (63s = 14s train + 49s val) | train_loss=0.6157  val_phase_mae=0.1744  val_dice=0.8239  val_cls_acc=0.4567  val_mass_mape=0.2175
17:31:44 | INFO    | holoqpi.engine.trainer |   epoch 26 step 0/140 loss=0.5582
17:31:46 | INFO    | holoqpi.engine.trainer |   epoch 26 step 20/140 loss=0.6347
17:31:48 | INFO    | holoqpi.engine.trainer |   epoch 26 step 40/140 loss=0.5788
17:31:49 | INFO    | holoqpi.engine.trainer |   epoch 26 step 60/140 loss=0.8183
17:31:51 | INFO    | holoqpi.engine.trainer |   epoch 26 step 80/140 loss=0.4496
17:31:53 | INFO    | holoqpi.engine.trainer |   epoch 26 step 100/140 loss=0.5979
17:31:55 | INFO    | holoqpi.engine.trainer |   epoch 26 step 120/140 loss=0.4248
17:32:46 | INFO    | holoqpi.engine.trainer | epoch 26/60 (63s = 14s train + 49s val) | train_loss=0.6010  val_phase_mae=0.1723  val_dice=0.8306  val_cls_acc=0.4567  val_mass_mape=0.2258
17:32:47 | INFO    | holoqpi.engine.trainer |   epoch 27 step 0/140 loss=0.8174
17:32:49 | INFO    | holoqpi.engine.trainer |   epoch 27 step 20/140 loss=0.5257
17:32:51 | INFO    | holoqpi.engine.trainer |   epoch 27 step 40/140 loss=0.6913
17:32:53 | INFO    | holoqpi.engine.trainer |   epoch 27 step 60/140 loss=0.5714
17:32:55 | INFO    | holoqpi.engine.trainer |   epoch 27 step 80/140 loss=0.6689
17:32:57 | INFO    | holoqpi.engine.trainer |   epoch 27 step 100/140 loss=0.6990
17:32:59 | INFO    | holoqpi.engine.trainer |   epoch 27 step 120/140 loss=0.5095
17:33:49 | INFO    | holoqpi.engine.trainer | epoch 27/60 (63s = 14s train + 49s val) | train_loss=0.6017  val_phase_mae=0.1737  val_dice=0.8305  val_cls_acc=0.5197  val_mass_mape=0.2196
17:33:50 | INFO    | holoqpi.engine.trainer |   epoch 28 step 0/140 loss=0.5469
17:33:52 | INFO    | holoqpi.engine.trainer |   epoch 28 step 20/140 loss=0.4793
17:33:54 | INFO    | holoqpi.engine.trainer |   epoch 28 step 40/140 loss=0.6531
17:33:56 | INFO    | holoqpi.engine.trainer |   epoch 28 step 60/140 loss=0.6201
17:33:57 | INFO    | holoqpi.engine.trainer |   epoch 28 step 80/140 loss=0.5257
17:33:59 | INFO    | holoqpi.engine.trainer |   epoch 28 step 100/140 loss=0.7943
17:34:01 | INFO    | holoqpi.engine.trainer |   epoch 28 step 120/140 loss=0.5221
17:34:52 | INFO    | holoqpi.engine.trainer |   new best composite=0.8129
17:34:52 | INFO    | holoqpi.engine.trainer | epoch 28/60 (62s = 14s train + 48s val) | train_loss=0.5842  val_phase_mae=0.1722  val_dice=0.8325  val_cls_acc=0.5984  val_mass_mape=0.1926
17:34:52 | INFO    | holoqpi.engine.trainer |   epoch 29 step 0/140 loss=0.5635
17:34:54 | INFO    | holoqpi.engine.trainer |   epoch 29 step 20/140 loss=0.4116
17:34:56 | INFO    | holoqpi.engine.trainer |   epoch 29 step 40/140 loss=0.4415
17:34:58 | INFO    | holoqpi.engine.trainer |   epoch 29 step 60/140 loss=0.5675
17:35:00 | INFO    | holoqpi.engine.trainer |   epoch 29 step 80/140 loss=0.4889
17:35:02 | INFO    | holoqpi.engine.trainer |   epoch 29 step 100/140 loss=0.5190
17:35:04 | INFO    | holoqpi.engine.trainer |   epoch 29 step 120/140 loss=0.5496
17:35:54 | INFO    | holoqpi.engine.trainer | epoch 29/60 (63s = 14s train + 49s val) | train_loss=0.5772  val_phase_mae=0.1704  val_dice=0.8367  val_cls_acc=0.4803  val_mass_mape=0.2106
17:35:55 | INFO    | holoqpi.engine.trainer |   epoch 30 step 0/140 loss=0.6022
17:35:57 | INFO    | holoqpi.engine.trainer |   epoch 30 step 20/140 loss=0.5617
17:35:59 | INFO    | holoqpi.engine.trainer |   epoch 30 step 40/140 loss=0.7318
17:36:01 | INFO    | holoqpi.engine.trainer |   epoch 30 step 60/140 loss=0.7728
17:36:03 | INFO    | holoqpi.engine.trainer |   epoch 30 step 80/140 loss=0.6111
17:36:05 | INFO    | holoqpi.engine.trainer |   epoch 30 step 100/140 loss=0.6717
17:36:07 | INFO    | holoqpi.engine.trainer |   epoch 30 step 120/140 loss=0.4810
17:36:57 | INFO    | holoqpi.engine.trainer | epoch 30/60 (62s = 14s train + 48s val) | train_loss=0.5861  val_phase_mae=0.1728  val_dice=0.8375  val_cls_acc=0.5748  val_mass_mape=0.2158
17:36:57 | INFO    | holoqpi.engine.trainer |   epoch 31 step 0/140 loss=0.5789
17:36:59 | INFO    | holoqpi.engine.trainer |   epoch 31 step 20/140 loss=0.6068
17:37:01 | INFO    | holoqpi.engine.trainer |   epoch 31 step 40/140 loss=0.7192
17:37:03 | INFO    | holoqpi.engine.trainer |   epoch 31 step 60/140 loss=0.5062
17:37:05 | INFO    | holoqpi.engine.trainer |   epoch 31 step 80/140 loss=0.6648
17:37:07 | INFO    | holoqpi.engine.trainer |   epoch 31 step 100/140 loss=0.7468
17:37:09 | INFO    | holoqpi.engine.trainer |   epoch 31 step 120/140 loss=0.5551
17:38:00 | INFO    | holoqpi.engine.trainer |   new best composite=0.8155
17:38:00 | INFO    | holoqpi.engine.trainer | epoch 31/60 (63s = 14s train + 49s val) | train_loss=0.5845  val_phase_mae=0.1686  val_dice=0.8369  val_cls_acc=0.4646  val_mass_mape=0.1951
17:38:00 | INFO    | holoqpi.engine.trainer |   epoch 32 step 0/140 loss=0.4987
17:38:02 | INFO    | holoqpi.engine.trainer |   epoch 32 step 20/140 loss=0.5017
17:38:04 | INFO    | holoqpi.engine.trainer |   epoch 32 step 40/140 loss=0.7352
17:38:06 | INFO    | holoqpi.engine.trainer |   epoch 32 step 60/140 loss=0.7019
17:38:08 | INFO    | holoqpi.engine.trainer |   epoch 32 step 80/140 loss=0.4903
17:38:10 | INFO    | holoqpi.engine.trainer |   epoch 32 step 100/140 loss=0.5708
17:38:12 | INFO    | holoqpi.engine.trainer |   epoch 32 step 120/140 loss=0.6177
17:39:03 | INFO    | holoqpi.engine.trainer | epoch 32/60 (63s = 14s train + 49s val) | train_loss=0.5724  val_phase_mae=0.1738  val_dice=0.8370  val_cls_acc=0.5433  val_mass_mape=0.2212
17:39:03 | INFO    | holoqpi.engine.trainer |   epoch 33 step 0/140 loss=0.4871
17:39:05 | INFO    | holoqpi.engine.trainer |   epoch 33 step 20/140 loss=0.4771
17:39:07 | INFO    | holoqpi.engine.trainer |   epoch 33 step 40/140 loss=0.5709
17:39:09 | INFO    | holoqpi.engine.trainer |   epoch 33 step 60/140 loss=0.6625
17:39:11 | INFO    | holoqpi.engine.trainer |   epoch 33 step 80/140 loss=0.6363
17:39:13 | INFO    | holoqpi.engine.trainer |   epoch 33 step 100/140 loss=0.5137
17:39:15 | INFO    | holoqpi.engine.trainer |   epoch 33 step 120/140 loss=0.5353
17:40:05 | INFO    | holoqpi.engine.trainer | epoch 33/60 (63s = 14s train + 49s val) | train_loss=0.5647  val_phase_mae=0.1699  val_dice=0.8338  val_cls_acc=0.6063  val_mass_mape=0.2057
17:40:06 | INFO    | holoqpi.engine.trainer |   epoch 34 step 0/140 loss=0.5043
17:40:08 | INFO    | holoqpi.engine.trainer |   epoch 34 step 20/140 loss=0.5817
17:40:10 | INFO    | holoqpi.engine.trainer |   epoch 34 step 40/140 loss=0.4763
17:40:12 | INFO    | holoqpi.engine.trainer |   epoch 34 step 60/140 loss=0.5276
17:40:14 | INFO    | holoqpi.engine.trainer |   epoch 34 step 80/140 loss=0.6173
17:40:16 | INFO    | holoqpi.engine.trainer |   epoch 34 step 100/140 loss=0.4508
17:40:17 | INFO    | holoqpi.engine.trainer |   epoch 34 step 120/140 loss=0.5370
17:41:07 | INFO    | holoqpi.engine.trainer | epoch 34/60 (62s = 14s train + 48s val) | train_loss=0.5486  val_phase_mae=0.1705  val_dice=0.8368  val_cls_acc=0.5591  val_mass_mape=0.2039
17:41:08 | INFO    | holoqpi.engine.trainer |   epoch 35 step 0/140 loss=0.4375
17:41:10 | INFO    | holoqpi.engine.trainer |   epoch 35 step 20/140 loss=0.5225
17:41:12 | INFO    | holoqpi.engine.trainer |   epoch 35 step 40/140 loss=0.8580
17:41:14 | INFO    | holoqpi.engine.trainer |   epoch 35 step 60/140 loss=0.8030
17:41:16 | INFO    | holoqpi.engine.trainer |   epoch 35 step 80/140 loss=0.5728
17:41:18 | INFO    | holoqpi.engine.trainer |   epoch 35 step 100/140 loss=0.5112
17:41:20 | INFO    | holoqpi.engine.trainer |   epoch 35 step 120/140 loss=0.5558
17:42:10 | INFO    | holoqpi.engine.trainer |   new best composite=0.8172
17:42:10 | INFO    | holoqpi.engine.trainer | epoch 35/60 (63s = 14s train + 48s val) | train_loss=0.5577  val_phase_mae=0.1682  val_dice=0.8369  val_cls_acc=0.5118  val_mass_mape=0.1900
17:42:11 | INFO    | holoqpi.engine.trainer |   epoch 36 step 0/140 loss=0.4700
17:42:13 | INFO    | holoqpi.engine.trainer |   epoch 36 step 20/140 loss=0.7892
17:42:15 | INFO    | holoqpi.engine.trainer |   epoch 36 step 40/140 loss=0.4809
17:42:17 | INFO    | holoqpi.engine.trainer |   epoch 36 step 60/140 loss=0.5556
17:42:18 | INFO    | holoqpi.engine.trainer |   epoch 36 step 80/140 loss=0.4240
17:42:20 | INFO    | holoqpi.engine.trainer |   epoch 36 step 100/140 loss=0.4316
17:42:22 | INFO    | holoqpi.engine.trainer |   epoch 36 step 120/140 loss=0.7357
17:43:12 | INFO    | holoqpi.engine.trainer | epoch 36/60 (62s = 14s train + 48s val) | train_loss=0.5542  val_phase_mae=0.1728  val_dice=0.8389  val_cls_acc=0.5276  val_mass_mape=0.1921
17:43:13 | INFO    | holoqpi.engine.trainer |   epoch 37 step 0/140 loss=0.5454
17:43:15 | INFO    | holoqpi.engine.trainer |   epoch 37 step 20/140 loss=0.5696
17:43:17 | INFO    | holoqpi.engine.trainer |   epoch 37 step 40/140 loss=0.4803
17:43:19 | INFO    | holoqpi.engine.trainer |   epoch 37 step 60/140 loss=0.6425
17:43:21 | INFO    | holoqpi.engine.trainer |   epoch 37 step 80/140 loss=0.6529
17:43:23 | INFO    | holoqpi.engine.trainer |   epoch 37 step 100/140 loss=0.5475
17:43:25 | INFO    | holoqpi.engine.trainer |   epoch 37 step 120/140 loss=0.5163
17:44:15 | INFO    | holoqpi.engine.trainer |   new best composite=0.8176
17:44:15 | INFO    | holoqpi.engine.trainer | epoch 37/60 (62s = 14s train + 48s val) | train_loss=0.5481  val_phase_mae=0.1691  val_dice=0.8390  val_cls_acc=0.5827  val_mass_mape=0.1916
17:44:16 | INFO    | holoqpi.engine.trainer |   epoch 38 step 0/140 loss=0.6271
17:44:18 | INFO    | holoqpi.engine.trainer |   epoch 38 step 20/140 loss=0.5824
17:44:19 | INFO    | holoqpi.engine.trainer |   epoch 38 step 40/140 loss=0.5034
17:44:21 | INFO    | holoqpi.engine.trainer |   epoch 38 step 60/140 loss=0.4847
17:44:23 | INFO    | holoqpi.engine.trainer |   epoch 38 step 80/140 loss=0.4782
17:44:25 | INFO    | holoqpi.engine.trainer |   epoch 38 step 100/140 loss=0.6467
17:44:27 | INFO    | holoqpi.engine.trainer |   epoch 38 step 120/140 loss=0.4289
17:45:17 | INFO    | holoqpi.engine.trainer | epoch 38/60 (62s = 14s train + 48s val) | train_loss=0.5491  val_phase_mae=0.1727  val_dice=0.8276  val_cls_acc=0.6378  val_mass_mape=0.2053
17:45:18 | INFO    | holoqpi.engine.trainer |   epoch 39 step 0/140 loss=0.6727
17:45:20 | INFO    | holoqpi.engine.trainer |   epoch 39 step 20/140 loss=0.4974
17:45:22 | INFO    | holoqpi.engine.trainer |   epoch 39 step 40/140 loss=0.4895
17:45:24 | INFO    | holoqpi.engine.trainer |   epoch 39 step 60/140 loss=0.5305
17:45:26 | INFO    | holoqpi.engine.trainer |   epoch 39 step 80/140 loss=0.4541
17:45:28 | INFO    | holoqpi.engine.trainer |   epoch 39 step 100/140 loss=0.6918
17:45:30 | INFO    | holoqpi.engine.trainer |   epoch 39 step 120/140 loss=0.5270
17:46:20 | INFO    | holoqpi.engine.trainer | epoch 39/60 (63s = 14s train + 49s val) | train_loss=0.5431  val_phase_mae=0.1693  val_dice=0.8341  val_cls_acc=0.6535  val_mass_mape=0.2097
17:46:21 | INFO    | holoqpi.engine.trainer |   epoch 40 step 0/140 loss=0.6009
17:46:23 | INFO    | holoqpi.engine.trainer |   epoch 40 step 20/140 loss=0.4551
17:46:25 | INFO    | holoqpi.engine.trainer |   epoch 40 step 40/140 loss=0.4319
17:46:27 | INFO    | holoqpi.engine.trainer |   epoch 40 step 60/140 loss=0.5097
17:46:29 | INFO    | holoqpi.engine.trainer |   epoch 40 step 80/140 loss=0.4922
17:46:31 | INFO    | holoqpi.engine.trainer |   epoch 40 step 100/140 loss=0.6253
17:46:32 | INFO    | holoqpi.engine.trainer |   epoch 40 step 120/140 loss=0.4468
17:47:23 | INFO    | holoqpi.engine.trainer |   new best composite=0.8178
17:47:23 | INFO    | holoqpi.engine.trainer | epoch 40/60 (62s = 14s train + 48s val) | train_loss=0.5284  val_phase_mae=0.1674  val_dice=0.8397  val_cls_acc=0.5433  val_mass_mape=0.1934
17:47:23 | INFO    | holoqpi.engine.trainer |   epoch 41 step 0/140 loss=0.5458
17:47:25 | INFO    | holoqpi.engine.trainer |   epoch 41 step 20/140 loss=0.3836
17:47:27 | INFO    | holoqpi.engine.trainer |   epoch 41 step 40/140 loss=0.5017
17:47:29 | INFO    | holoqpi.engine.trainer |   epoch 41 step 60/140 loss=0.6144
17:47:31 | INFO    | holoqpi.engine.trainer |   epoch 41 step 80/140 loss=0.4804
17:47:33 | INFO    | holoqpi.engine.trainer |   epoch 41 step 100/140 loss=0.3899
17:47:35 | INFO    | holoqpi.engine.trainer |   epoch 41 step 120/140 loss=0.4726
17:48:25 | INFO    | holoqpi.engine.trainer |   new best composite=0.8178
17:48:25 | INFO    | holoqpi.engine.trainer | epoch 41/60 (62s = 14s train + 48s val) | train_loss=0.5330  val_phase_mae=0.1651  val_dice=0.8390  val_cls_acc=0.7008  val_mass_mape=0.1934
17:48:26 | INFO    | holoqpi.engine.trainer |   epoch 42 step 0/140 loss=0.4886
17:48:28 | INFO    | holoqpi.engine.trainer |   epoch 42 step 20/140 loss=0.5917
17:48:30 | INFO    | holoqpi.engine.trainer |   epoch 42 step 40/140 loss=0.4757
17:48:32 | INFO    | holoqpi.engine.trainer |   epoch 42 step 60/140 loss=0.5470
17:48:34 | INFO    | holoqpi.engine.trainer |   epoch 42 step 80/140 loss=0.5986
17:48:36 | INFO    | holoqpi.engine.trainer |   epoch 42 step 100/140 loss=0.5452
17:48:38 | INFO    | holoqpi.engine.trainer |   epoch 42 step 120/140 loss=0.5759
17:49:28 | INFO    | holoqpi.engine.trainer | epoch 42/60 (62s = 14s train + 48s val) | train_loss=0.5181  val_phase_mae=0.1688  val_dice=0.8382  val_cls_acc=0.6614  val_mass_mape=0.2150
17:49:28 | INFO    | holoqpi.engine.trainer |   epoch 43 step 0/140 loss=0.5990
17:49:30 | INFO    | holoqpi.engine.trainer |   epoch 43 step 20/140 loss=0.6219
17:49:32 | INFO    | holoqpi.engine.trainer |   epoch 43 step 40/140 loss=0.5141
17:49:34 | INFO    | holoqpi.engine.trainer |   epoch 43 step 60/140 loss=0.4476
17:49:36 | INFO    | holoqpi.engine.trainer |   epoch 43 step 80/140 loss=0.5374
17:49:38 | INFO    | holoqpi.engine.trainer |   epoch 43 step 100/140 loss=0.4871
17:49:40 | INFO    | holoqpi.engine.trainer |   epoch 43 step 120/140 loss=0.4288
17:50:30 | INFO    | holoqpi.engine.trainer | epoch 43/60 (63s = 14s train + 48s val) | train_loss=0.5236  val_phase_mae=0.1690  val_dice=0.8367  val_cls_acc=0.6772  val_mass_mape=0.1905
17:50:31 | INFO    | holoqpi.engine.trainer |   epoch 44 step 0/140 loss=0.5022
17:50:33 | INFO    | holoqpi.engine.trainer |   epoch 44 step 20/140 loss=0.4307
17:50:35 | INFO    | holoqpi.engine.trainer |   epoch 44 step 40/140 loss=0.5840
17:50:37 | INFO    | holoqpi.engine.trainer |   epoch 44 step 60/140 loss=0.4034
17:50:39 | INFO    | holoqpi.engine.trainer |   epoch 44 step 80/140 loss=0.4880
17:50:41 | INFO    | holoqpi.engine.trainer |   epoch 44 step 100/140 loss=0.5750
17:50:43 | INFO    | holoqpi.engine.trainer |   epoch 44 step 120/140 loss=0.5433
17:51:33 | INFO    | holoqpi.engine.trainer | epoch 44/60 (63s = 14s train + 49s val) | train_loss=0.5143  val_phase_mae=0.1707  val_dice=0.8319  val_cls_acc=0.7559  val_mass_mape=0.1946
17:51:34 | INFO    | holoqpi.engine.trainer |   epoch 45 step 0/140 loss=0.5000
17:51:36 | INFO    | holoqpi.engine.trainer |   epoch 45 step 20/140 loss=0.3943
17:51:38 | INFO    | holoqpi.engine.trainer |   epoch 45 step 40/140 loss=0.6571
17:51:40 | INFO    | holoqpi.engine.trainer |   epoch 45 step 60/140 loss=0.5254
17:51:42 | INFO    | holoqpi.engine.trainer |   epoch 45 step 80/140 loss=0.5392
17:51:44 | INFO    | holoqpi.engine.trainer |   epoch 45 step 100/140 loss=0.5838
17:51:46 | INFO    | holoqpi.engine.trainer |   epoch 45 step 120/140 loss=0.5210
17:52:36 | INFO    | holoqpi.engine.trainer | epoch 45/60 (63s = 14s train + 48s val) | train_loss=0.5179  val_phase_mae=0.1692  val_dice=0.8354  val_cls_acc=0.6220  val_mass_mape=0.1948
17:52:37 | INFO    | holoqpi.engine.trainer |   epoch 46 step 0/140 loss=0.4890
17:52:39 | INFO    | holoqpi.engine.trainer |   epoch 46 step 20/140 loss=0.3962
17:52:40 | INFO    | holoqpi.engine.trainer |   epoch 46 step 40/140 loss=0.5594
17:52:42 | INFO    | holoqpi.engine.trainer |   epoch 46 step 60/140 loss=0.4751
17:52:44 | INFO    | holoqpi.engine.trainer |   epoch 46 step 80/140 loss=0.4684
17:52:46 | INFO    | holoqpi.engine.trainer |   epoch 46 step 100/140 loss=0.4609
17:52:48 | INFO    | holoqpi.engine.trainer |   epoch 46 step 120/140 loss=0.5761
17:53:39 | INFO    | holoqpi.engine.trainer | epoch 46/60 (63s = 14s train + 49s val) | train_loss=0.5030  val_phase_mae=0.1703  val_dice=0.8361  val_cls_acc=0.7244  val_mass_mape=0.1938
17:53:39 | INFO    | holoqpi.engine.trainer |   epoch 47 step 0/140 loss=0.4501
17:53:41 | INFO    | holoqpi.engine.trainer |   epoch 47 step 20/140 loss=0.5824
17:53:43 | INFO    | holoqpi.engine.trainer |   epoch 47 step 40/140 loss=0.5409
17:53:45 | INFO    | holoqpi.engine.trainer |   epoch 47 step 60/140 loss=0.5523
17:53:47 | INFO    | holoqpi.engine.trainer |   epoch 47 step 80/140 loss=0.5259
17:53:49 | INFO    | holoqpi.engine.trainer |   epoch 47 step 100/140 loss=0.4740
17:53:51 | INFO    | holoqpi.engine.trainer |   epoch 47 step 120/140 loss=0.4415
17:54:42 | INFO    | holoqpi.engine.trainer | epoch 47/60 (63s = 14s train + 49s val) | train_loss=0.5028  val_phase_mae=0.1705  val_dice=0.8352  val_cls_acc=0.6378  val_mass_mape=0.1982
17:54:42 | INFO    | holoqpi.engine.trainer |   epoch 48 step 0/140 loss=0.4257
17:54:44 | INFO    | holoqpi.engine.trainer |   epoch 48 step 20/140 loss=0.4607
17:54:46 | INFO    | holoqpi.engine.trainer |   epoch 48 step 40/140 loss=0.5532
17:54:48 | INFO    | holoqpi.engine.trainer |   epoch 48 step 60/140 loss=0.5125
17:54:50 | INFO    | holoqpi.engine.trainer |   epoch 48 step 80/140 loss=0.5532
17:54:52 | INFO    | holoqpi.engine.trainer |   epoch 48 step 100/140 loss=0.6060
17:54:54 | INFO    | holoqpi.engine.trainer |   epoch 48 step 120/140 loss=0.5103
17:55:44 | INFO    | holoqpi.engine.trainer | epoch 48/60 (62s = 14s train + 48s val) | train_loss=0.5014  val_phase_mae=0.1687  val_dice=0.8367  val_cls_acc=0.6220  val_mass_mape=0.1944
17:55:44 | INFO    | holoqpi.engine.trainer |   epoch 49 step 0/140 loss=0.3984
17:55:46 | INFO    | holoqpi.engine.trainer |   epoch 49 step 20/140 loss=0.5081
17:55:48 | INFO    | holoqpi.engine.trainer |   epoch 49 step 40/140 loss=0.5766
17:55:50 | INFO    | holoqpi.engine.trainer |   epoch 49 step 60/140 loss=0.4025
17:55:52 | INFO    | holoqpi.engine.trainer |   epoch 49 step 80/140 loss=0.4420
17:55:54 | INFO    | holoqpi.engine.trainer |   epoch 49 step 100/140 loss=0.4406
17:55:56 | INFO    | holoqpi.engine.trainer |   epoch 49 step 120/140 loss=0.5111
17:56:47 | INFO    | holoqpi.engine.trainer | epoch 49/60 (63s = 14s train + 49s val) | train_loss=0.5021  val_phase_mae=0.1688  val_dice=0.8391  val_cls_acc=0.6299  val_mass_mape=0.1945
17:56:47 | INFO    | holoqpi.engine.trainer |   epoch 50 step 0/140 loss=0.3936
17:56:49 | INFO    | holoqpi.engine.trainer |   epoch 50 step 20/140 loss=0.4392
17:56:51 | INFO    | holoqpi.engine.trainer |   epoch 50 step 40/140 loss=0.7042
17:56:53 | INFO    | holoqpi.engine.trainer |   epoch 50 step 60/140 loss=0.3508
17:56:55 | INFO    | holoqpi.engine.trainer |   epoch 50 step 80/140 loss=0.4153
17:56:57 | INFO    | holoqpi.engine.trainer |   epoch 50 step 100/140 loss=0.5009
17:56:59 | INFO    | holoqpi.engine.trainer |   epoch 50 step 120/140 loss=0.4977
17:57:49 | INFO    | holoqpi.engine.trainer | epoch 50/60 (63s = 14s train + 49s val) | train_loss=0.5010  val_phase_mae=0.1680  val_dice=0.8397  val_cls_acc=0.6142  val_mass_mape=0.1958
17:57:50 | INFO    | holoqpi.engine.trainer |   epoch 51 step 0/140 loss=0.4578
17:57:52 | INFO    | holoqpi.engine.trainer |   epoch 51 step 20/140 loss=0.7439
17:57:54 | INFO    | holoqpi.engine.trainer |   epoch 51 step 40/140 loss=0.4458
17:57:56 | INFO    | holoqpi.engine.trainer |   epoch 51 step 60/140 loss=0.4914
17:57:57 | INFO    | holoqpi.engine.trainer |   epoch 51 step 80/140 loss=0.4880
17:57:59 | INFO    | holoqpi.engine.trainer |   epoch 51 step 100/140 loss=0.6164
17:58:01 | INFO    | holoqpi.engine.trainer |   epoch 51 step 120/140 loss=0.4242
17:58:52 | INFO    | holoqpi.engine.trainer | epoch 51/60 (63s = 14s train + 49s val) | train_loss=0.4942  val_phase_mae=0.1705  val_dice=0.8326  val_cls_acc=0.6457  val_mass_mape=0.1922
17:58:53 | INFO    | holoqpi.engine.trainer |   epoch 52 step 0/140 loss=0.8097
17:58:55 | INFO    | holoqpi.engine.trainer |   epoch 52 step 20/140 loss=0.4498
17:58:57 | INFO    | holoqpi.engine.trainer |   epoch 52 step 40/140 loss=0.4809
17:58:59 | INFO    | holoqpi.engine.trainer |   epoch 52 step 60/140 loss=0.5247
17:59:01 | INFO    | holoqpi.engine.trainer |   epoch 52 step 80/140 loss=0.5172
17:59:03 | INFO    | holoqpi.engine.trainer |   epoch 52 step 100/140 loss=0.4365
17:59:05 | INFO    | holoqpi.engine.trainer |   epoch 52 step 120/140 loss=0.4980
17:59:55 | INFO    | holoqpi.engine.trainer |   new best composite=0.8184
17:59:55 | INFO    | holoqpi.engine.trainer | epoch 52/60 (63s = 14s train + 49s val) | train_loss=0.5047  val_phase_mae=0.1701  val_dice=0.8398  val_cls_acc=0.5276  val_mass_mape=0.1893
17:59:56 | INFO    | holoqpi.engine.trainer |   epoch 53 step 0/140 loss=0.5261
17:59:58 | INFO    | holoqpi.engine.trainer |   epoch 53 step 20/140 loss=0.4801
18:00:00 | INFO    | holoqpi.engine.trainer |   epoch 53 step 40/140 loss=0.4617
18:00:02 | INFO    | holoqpi.engine.trainer |   epoch 53 step 60/140 loss=0.3601
18:00:04 | INFO    | holoqpi.engine.trainer |   epoch 53 step 80/140 loss=0.4983
18:00:06 | INFO    | holoqpi.engine.trainer |   epoch 53 step 100/140 loss=0.4858
18:00:08 | INFO    | holoqpi.engine.trainer |   epoch 53 step 120/140 loss=0.4275
18:00:58 | INFO    | holoqpi.engine.trainer | epoch 53/60 (63s = 14s train + 49s val) | train_loss=0.4880  val_phase_mae=0.1702  val_dice=0.8322  val_cls_acc=0.5748  val_mass_mape=0.1880
18:00:59 | INFO    | holoqpi.engine.trainer |   epoch 54 step 0/140 loss=0.5224
18:01:00 | INFO    | holoqpi.engine.trainer |   epoch 54 step 20/140 loss=0.5962
18:01:02 | INFO    | holoqpi.engine.trainer |   epoch 54 step 40/140 loss=0.4247
18:01:04 | INFO    | holoqpi.engine.trainer |   epoch 54 step 60/140 loss=0.4441
18:01:06 | INFO    | holoqpi.engine.trainer |   epoch 54 step 80/140 loss=0.5040
18:01:08 | INFO    | holoqpi.engine.trainer |   epoch 54 step 100/140 loss=0.4187
18:01:10 | INFO    | holoqpi.engine.trainer |   epoch 54 step 120/140 loss=0.4298
18:02:01 | INFO    | holoqpi.engine.trainer | epoch 54/60 (63s = 14s train + 49s val) | train_loss=0.4887  val_phase_mae=0.1706  val_dice=0.8327  val_cls_acc=0.5984  val_mass_mape=0.1916
18:02:01 | INFO    | holoqpi.engine.trainer |   epoch 55 step 0/140 loss=0.3941
18:02:03 | INFO    | holoqpi.engine.trainer |   epoch 55 step 20/140 loss=0.5216
18:02:05 | INFO    | holoqpi.engine.trainer |   epoch 55 step 40/140 loss=0.5587
18:02:07 | INFO    | holoqpi.engine.trainer |   epoch 55 step 60/140 loss=0.4752
18:02:09 | INFO    | holoqpi.engine.trainer |   epoch 55 step 80/140 loss=0.3557
18:02:11 | INFO    | holoqpi.engine.trainer |   epoch 55 step 100/140 loss=0.3769
18:02:13 | INFO    | holoqpi.engine.trainer |   epoch 55 step 120/140 loss=0.4281
18:03:03 | INFO    | holoqpi.engine.trainer | epoch 55/60 (63s = 14s train + 49s val) | train_loss=0.4840  val_phase_mae=0.1698  val_dice=0.8370  val_cls_acc=0.4961  val_mass_mape=0.1925
18:03:04 | INFO    | holoqpi.engine.trainer |   epoch 56 step 0/140 loss=0.4371
18:03:06 | INFO    | holoqpi.engine.trainer |   epoch 56 step 20/140 loss=0.5372
18:03:08 | INFO    | holoqpi.engine.trainer |   epoch 56 step 40/140 loss=0.4795
18:03:10 | INFO    | holoqpi.engine.trainer |   epoch 56 step 60/140 loss=0.5314
18:03:12 | INFO    | holoqpi.engine.trainer |   epoch 56 step 80/140 loss=0.4500
18:03:14 | INFO    | holoqpi.engine.trainer |   epoch 56 step 100/140 loss=0.4683
18:03:16 | INFO    | holoqpi.engine.trainer |   epoch 56 step 120/140 loss=0.4095
18:04:06 | INFO    | holoqpi.engine.trainer | epoch 56/60 (62s = 14s train + 48s val) | train_loss=0.4828  val_phase_mae=0.1695  val_dice=0.8389  val_cls_acc=0.6142  val_mass_mape=0.1964
18:04:06 | INFO    | holoqpi.engine.trainer |   epoch 57 step 0/140 loss=0.4486
18:04:08 | INFO    | holoqpi.engine.trainer |   epoch 57 step 20/140 loss=0.4324
18:04:10 | INFO    | holoqpi.engine.trainer |   epoch 57 step 40/140 loss=0.3573
18:04:12 | INFO    | holoqpi.engine.trainer |   epoch 57 step 60/140 loss=0.5198
18:04:14 | INFO    | holoqpi.engine.trainer |   epoch 57 step 80/140 loss=0.5305
18:04:16 | INFO    | holoqpi.engine.trainer |   epoch 57 step 100/140 loss=0.4194
18:04:18 | INFO    | holoqpi.engine.trainer |   epoch 57 step 120/140 loss=0.4667
18:05:08 | INFO    | holoqpi.engine.trainer | epoch 57/60 (62s = 14s train + 49s val) | train_loss=0.4810  val_phase_mae=0.1697  val_dice=0.8380  val_cls_acc=0.6220  val_mass_mape=0.1883
18:05:09 | INFO    | holoqpi.engine.trainer |   epoch 58 step 0/140 loss=0.5283
18:05:11 | INFO    | holoqpi.engine.trainer |   epoch 58 step 20/140 loss=0.5557
18:05:13 | INFO    | holoqpi.engine.trainer |   epoch 58 step 40/140 loss=0.6028
18:05:15 | INFO    | holoqpi.engine.trainer |   epoch 58 step 60/140 loss=0.5620
18:05:17 | INFO    | holoqpi.engine.trainer |   epoch 58 step 80/140 loss=0.5424
18:05:18 | INFO    | holoqpi.engine.trainer |   epoch 58 step 100/140 loss=0.4381
18:05:20 | INFO    | holoqpi.engine.trainer |   epoch 58 step 120/140 loss=0.4608
18:06:11 | INFO    | holoqpi.engine.trainer | epoch 58/60 (62s = 14s train + 48s val) | train_loss=0.4972  val_phase_mae=0.1696  val_dice=0.8365  val_cls_acc=0.6772  val_mass_mape=0.1895
18:06:11 | INFO    | holoqpi.engine.trainer |   epoch 59 step 0/140 loss=0.3991
18:06:13 | INFO    | holoqpi.engine.trainer |   epoch 59 step 20/140 loss=0.5064
18:06:15 | INFO    | holoqpi.engine.trainer |   epoch 59 step 40/140 loss=0.4499
18:06:17 | INFO    | holoqpi.engine.trainer |   epoch 59 step 60/140 loss=0.5021
18:06:19 | INFO    | holoqpi.engine.trainer |   epoch 59 step 80/140 loss=0.4931
18:06:21 | INFO    | holoqpi.engine.trainer |   epoch 59 step 100/140 loss=0.3516
18:06:23 | INFO    | holoqpi.engine.trainer |   epoch 59 step 120/140 loss=0.4323
18:07:13 | INFO    | holoqpi.engine.trainer | epoch 59/60 (62s = 14s train + 48s val) | train_loss=0.4839  val_phase_mae=0.1693  val_dice=0.8393  val_cls_acc=0.6378  val_mass_mape=0.1940
18:07:13 | INFO    | holoqpi.engine.trainer |   epoch 60 step 0/140 loss=0.3625
18:07:15 | INFO    | holoqpi.engine.trainer |   epoch 60 step 20/140 loss=0.4434
18:07:17 | INFO    | holoqpi.engine.trainer |   epoch 60 step 40/140 loss=0.6971
18:07:19 | INFO    | holoqpi.engine.trainer |   epoch 60 step 60/140 loss=0.4351
18:07:21 | INFO    | holoqpi.engine.trainer |   epoch 60 step 80/140 loss=0.4660
18:07:23 | INFO    | holoqpi.engine.trainer |   epoch 60 step 100/140 loss=0.4877
18:07:25 | INFO    | holoqpi.engine.trainer |   epoch 60 step 120/140 loss=0.5329
18:08:15 | INFO    | holoqpi.engine.trainer | epoch 60/60 (62s = 14s train + 49s val) | train_loss=0.4875  val_phase_mae=0.1690  val_dice=0.8384  val_cls_acc=0.6142  val_mass_mape=0.1883
18:08:16 | INFO    | holoqpi.engine.trainer | training finished; best epoch 52 (composite=0.8184)
18:08:16 | INFO    | holoqpi.engine.trainer | checkpoint best_model.pt: 446/446 tensors matched
18:08:59 | INFO    | holoqpi.engine.compare | modality=off_axis test metrics written to runs/fixed_threshold_off_axis
18:08:59 | INFO    | holoqpi.engine.compare | ======================================================================
18:08:59 | INFO    | holoqpi.engine.compare | modality=gabor  device=cuda  run_dir=runs/fixed_threshold_gabor
18:08:59 | INFO    | holoqpi.engine.compare | ======================================================================
18:08:59 | INFO    | holoqpi.data.dataset | train split: 560 samples | modality=gabor | crop=512 | augment=True
18:08:59 | INFO    | holoqpi.data.dataset | val split: 127 samples | modality=gabor | crop=None | augment=False
18:08:59 | INFO    | holoqpi.data.dataset | test split: 113 samples | modality=gabor | crop=None | augment=False
18:08:59 | INFO    | holoqpi.models.encoders | encoder=mobilenet_v2 in_channels=1 pretrained=True stages=[16, 24, 32, 96, 1280]
18:08:59 | INFO    | holoqpi.models.holonet | HoloQPINet built: 9.76M parameters, 9.76M trainable (100.0%)
18:08:59 | INFO    | holoqpi.engine.trainer | trainable 9.76M / 9.76M parameters (100.0%)
18:08:59 | INFO    | holoqpi.engine.trainer | active physics terms: ['phase_mask_contrast', 'boundary_gradient_alignment', 'phase_volume', 'dry_mass_consistency', 'projected_area_consistency']
18:09:00 | INFO    | holoqpi.engine.trainer |   epoch 1 step 0/140 loss=2.5124
18:09:02 | INFO    | holoqpi.engine.trainer |   epoch 1 step 20/140 loss=2.2973
18:09:04 | INFO    | holoqpi.engine.trainer |   epoch 1 step 40/140 loss=1.6692
18:09:05 | INFO    | holoqpi.engine.trainer |   epoch 1 step 60/140 loss=1.5242
18:09:07 | INFO    | holoqpi.engine.trainer |   epoch 1 step 80/140 loss=1.3999
18:09:09 | INFO    | holoqpi.engine.trainer |   epoch 1 step 100/140 loss=1.2323
18:09:11 | INFO    | holoqpi.engine.trainer |   epoch 1 step 120/140 loss=1.2984
18:10:00 | INFO    | holoqpi.engine.trainer |   new best composite=0.6773
18:10:00 | INFO    | holoqpi.engine.trainer | epoch 1/60 (60s = 13s train + 47s val) | train_loss=1.6582  val_phase_mae=0.2263  val_dice=0.6941  val_cls_acc=0.4409  val_mass_mape=0.2979
18:10:00 | INFO    | holoqpi.engine.trainer |   at this rate the full 60-epoch schedule takes about 60 min
18:10:00 | INFO    | holoqpi.engine.trainer |   epoch 2 step 0/140 loss=1.1587
18:10:02 | INFO    | holoqpi.engine.trainer |   epoch 2 step 20/140 loss=1.2504
18:10:03 | INFO    | holoqpi.engine.trainer |   epoch 2 step 40/140 loss=1.0988
18:10:05 | INFO    | holoqpi.engine.trainer |   epoch 2 step 60/140 loss=1.0359
18:10:07 | INFO    | holoqpi.engine.trainer |   epoch 2 step 80/140 loss=1.3584
18:10:09 | INFO    | holoqpi.engine.trainer |   epoch 2 step 100/140 loss=0.9252
18:10:10 | INFO    | holoqpi.engine.trainer |   epoch 2 step 120/140 loss=1.1579
18:10:58 | INFO    | holoqpi.engine.trainer |   new best composite=0.6941
18:10:58 | INFO    | holoqpi.engine.trainer | epoch 2/60 (58s = 12s train + 46s val) | train_loss=1.1578  val_phase_mae=0.2269  val_dice=0.7187  val_cls_acc=0.4567  val_mass_mape=0.3152
18:10:59 | INFO    | holoqpi.engine.trainer |   epoch 3 step 0/140 loss=1.0275
18:11:00 | INFO    | holoqpi.engine.trainer |   epoch 3 step 20/140 loss=0.8680
18:11:02 | INFO    | holoqpi.engine.trainer |   epoch 3 step 40/140 loss=1.2193
18:11:04 | INFO    | holoqpi.engine.trainer |   epoch 3 step 60/140 loss=0.9161
18:11:06 | INFO    | holoqpi.engine.trainer |   epoch 3 step 80/140 loss=0.8516
18:11:07 | INFO    | holoqpi.engine.trainer |   epoch 3 step 100/140 loss=1.2389
18:11:09 | INFO    | holoqpi.engine.trainer |   epoch 3 step 120/140 loss=1.1195
18:11:56 | INFO    | holoqpi.engine.trainer |   new best composite=0.7309
18:11:56 | INFO    | holoqpi.engine.trainer | epoch 3/60 (57s = 12s train + 45s val) | train_loss=0.9930  val_phase_mae=0.2000  val_dice=0.7526  val_cls_acc=0.4724  val_mass_mape=0.2808
18:11:56 | INFO    | holoqpi.engine.trainer |   epoch 4 step 0/140 loss=0.9330
18:11:58 | INFO    | holoqpi.engine.trainer |   epoch 4 step 20/140 loss=1.0121
18:12:00 | INFO    | holoqpi.engine.trainer |   epoch 4 step 40/140 loss=0.9408
18:12:01 | INFO    | holoqpi.engine.trainer |   epoch 4 step 60/140 loss=1.3900
18:12:03 | INFO    | holoqpi.engine.trainer |   epoch 4 step 80/140 loss=0.9903
18:12:05 | INFO    | holoqpi.engine.trainer |   epoch 4 step 100/140 loss=0.9590
18:12:07 | INFO    | holoqpi.engine.trainer |   epoch 4 step 120/140 loss=0.8038
18:12:54 | INFO    | holoqpi.engine.trainer | epoch 4/60 (58s = 12s train + 46s val) | train_loss=0.9724  val_phase_mae=0.2017  val_dice=0.7477  val_cls_acc=0.5906  val_mass_mape=0.3148
18:12:54 | INFO    | holoqpi.engine.trainer |   epoch 5 step 0/140 loss=0.8228
18:12:56 | INFO    | holoqpi.engine.trainer |   epoch 5 step 20/140 loss=0.7678
18:12:57 | INFO    | holoqpi.engine.trainer |   epoch 5 step 40/140 loss=0.8686
18:12:59 | INFO    | holoqpi.engine.trainer |   epoch 5 step 60/140 loss=1.0824
18:13:01 | INFO    | holoqpi.engine.trainer |   epoch 5 step 80/140 loss=0.9784
18:13:03 | INFO    | holoqpi.engine.trainer |   epoch 5 step 100/140 loss=0.8706
18:13:04 | INFO    | holoqpi.engine.trainer |   epoch 5 step 120/140 loss=1.1355
18:13:52 | INFO    | holoqpi.engine.trainer |   new best composite=0.7404
18:13:52 | INFO    | holoqpi.engine.trainer | epoch 5/60 (58s = 12s train + 46s val) | train_loss=0.9361  val_phase_mae=0.1955  val_dice=0.7628  val_cls_acc=0.5748  val_mass_mape=0.2795
18:13:52 | INFO    | holoqpi.engine.trainer |   epoch 6 step 0/140 loss=1.1279
18:13:54 | INFO    | holoqpi.engine.trainer |   epoch 6 step 20/140 loss=1.0997
18:13:56 | INFO    | holoqpi.engine.trainer |   epoch 6 step 40/140 loss=0.9403
18:13:58 | INFO    | holoqpi.engine.trainer |   epoch 6 step 60/140 loss=0.6382
18:14:00 | INFO    | holoqpi.engine.trainer |   epoch 6 step 80/140 loss=0.7496
18:14:01 | INFO    | holoqpi.engine.trainer |   epoch 6 step 100/140 loss=0.7155
18:14:03 | INFO    | holoqpi.engine.trainer |   epoch 6 step 120/140 loss=0.7230
18:14:50 | INFO    | holoqpi.engine.trainer | epoch 6/60 (58s = 13s train + 46s val) | train_loss=0.9154  val_phase_mae=0.2014  val_dice=0.7554  val_cls_acc=0.6299  val_mass_mape=0.2933
18:14:51 | INFO    | holoqpi.engine.trainer |   epoch 7 step 0/140 loss=0.7361
18:14:53 | INFO    | holoqpi.engine.trainer |   epoch 7 step 20/140 loss=0.9818
18:14:54 | INFO    | holoqpi.engine.trainer |   epoch 7 step 40/140 loss=1.0330
18:14:56 | INFO    | holoqpi.engine.trainer |   epoch 7 step 60/140 loss=0.8233
18:14:58 | INFO    | holoqpi.engine.trainer |   epoch 7 step 80/140 loss=0.7595
18:15:00 | INFO    | holoqpi.engine.trainer |   epoch 7 step 100/140 loss=1.0574
18:15:02 | INFO    | holoqpi.engine.trainer |   epoch 7 step 120/140 loss=0.9286
18:15:49 | INFO    | holoqpi.engine.trainer | epoch 7/60 (58s = 13s train + 45s val) | train_loss=0.8950  val_phase_mae=0.2162  val_dice=0.7504  val_cls_acc=0.5748  val_mass_mape=0.4844
18:15:49 | INFO    | holoqpi.engine.trainer |   epoch 8 step 0/140 loss=0.8251
18:15:51 | INFO    | holoqpi.engine.trainer |   epoch 8 step 20/140 loss=1.0115
18:15:52 | INFO    | holoqpi.engine.trainer |   epoch 8 step 40/140 loss=0.8575
18:15:54 | INFO    | holoqpi.engine.trainer |   epoch 8 step 60/140 loss=0.7307
18:15:56 | INFO    | holoqpi.engine.trainer |   epoch 8 step 80/140 loss=1.0258
18:15:57 | INFO    | holoqpi.engine.trainer |   epoch 8 step 100/140 loss=0.9369
18:15:59 | INFO    | holoqpi.engine.trainer |   epoch 8 step 120/140 loss=0.9381
18:16:46 | INFO    | holoqpi.engine.trainer | epoch 8/60 (57s = 12s train + 45s val) | train_loss=0.8814  val_phase_mae=0.2007  val_dice=0.7446  val_cls_acc=0.6457  val_mass_mape=0.2598
18:16:46 | INFO    | holoqpi.engine.trainer |   epoch 9 step 0/140 loss=0.8270
18:16:48 | INFO    | holoqpi.engine.trainer |   epoch 9 step 20/140 loss=0.6524
18:16:49 | INFO    | holoqpi.engine.trainer |   epoch 9 step 40/140 loss=1.0359
18:16:51 | INFO    | holoqpi.engine.trainer |   epoch 9 step 60/140 loss=0.8771
18:16:53 | INFO    | holoqpi.engine.trainer |   epoch 9 step 80/140 loss=0.8041
18:16:55 | INFO    | holoqpi.engine.trainer |   epoch 9 step 100/140 loss=0.7933
18:16:56 | INFO    | holoqpi.engine.trainer |   epoch 9 step 120/140 loss=0.8498
18:17:43 | INFO    | holoqpi.engine.trainer |   new best composite=0.7512
18:17:43 | INFO    | holoqpi.engine.trainer | epoch 9/60 (57s = 12s train + 45s val) | train_loss=0.8801  val_phase_mae=0.1910  val_dice=0.7707  val_cls_acc=0.5433  val_mass_mape=0.2528
18:17:44 | INFO    | holoqpi.engine.trainer |   epoch 10 step 0/140 loss=0.8360
18:17:45 | INFO    | holoqpi.engine.trainer |   epoch 10 step 20/140 loss=0.7272
18:17:47 | INFO    | holoqpi.engine.trainer |   epoch 10 step 40/140 loss=0.9370
18:17:49 | INFO    | holoqpi.engine.trainer |   epoch 10 step 60/140 loss=0.9064
18:17:51 | INFO    | holoqpi.engine.trainer |   epoch 10 step 80/140 loss=0.9930
18:17:53 | INFO    | holoqpi.engine.trainer |   epoch 10 step 100/140 loss=1.1020
18:17:55 | INFO    | holoqpi.engine.trainer |   epoch 10 step 120/140 loss=0.8715
18:18:41 | INFO    | holoqpi.engine.trainer |   new best composite=0.7561
18:18:41 | INFO    | holoqpi.engine.trainer | epoch 10/60 (58s = 13s train + 45s val) | train_loss=0.8843  val_phase_mae=0.1865  val_dice=0.7744  val_cls_acc=0.5748  val_mass_mape=0.2484
18:18:42 | INFO    | holoqpi.engine.trainer |   epoch 11 step 0/140 loss=0.8303
18:18:43 | INFO    | holoqpi.engine.trainer |   epoch 11 step 20/140 loss=0.8722
18:18:45 | INFO    | holoqpi.engine.trainer |   epoch 11 step 40/140 loss=1.1165
18:18:47 | INFO    | holoqpi.engine.trainer |   epoch 11 step 60/140 loss=0.6590
18:18:48 | INFO    | holoqpi.engine.trainer |   epoch 11 step 80/140 loss=0.7193
18:18:50 | INFO    | holoqpi.engine.trainer |   epoch 11 step 100/140 loss=0.7086
18:18:52 | INFO    | holoqpi.engine.trainer |   epoch 11 step 120/140 loss=0.7756
18:19:38 | INFO    | holoqpi.engine.trainer | epoch 11/60 (57s = 12s train + 45s val) | train_loss=0.8693  val_phase_mae=0.2017  val_dice=0.7553  val_cls_acc=0.7087  val_mass_mape=0.2699
18:19:39 | INFO    | holoqpi.engine.trainer |   epoch 12 step 0/140 loss=0.7677
18:19:40 | INFO    | holoqpi.engine.trainer |   epoch 12 step 20/140 loss=1.2127
18:19:42 | INFO    | holoqpi.engine.trainer |   epoch 12 step 40/140 loss=0.7446
18:19:44 | INFO    | holoqpi.engine.trainer |   epoch 12 step 60/140 loss=1.5746
18:19:46 | INFO    | holoqpi.engine.trainer |   epoch 12 step 80/140 loss=1.0256
18:19:48 | INFO    | holoqpi.engine.trainer |   epoch 12 step 100/140 loss=0.6824
18:19:50 | INFO    | holoqpi.engine.trainer |   epoch 12 step 120/140 loss=0.6777
18:20:37 | INFO    | holoqpi.engine.trainer | epoch 12/60 (59s = 13s train + 45s val) | train_loss=0.8474  val_phase_mae=0.1995  val_dice=0.7521  val_cls_acc=0.6614  val_mass_mape=0.2644
18:20:37 | INFO    | holoqpi.engine.trainer |   epoch 13 step 0/140 loss=0.8601
18:20:39 | INFO    | holoqpi.engine.trainer |   epoch 13 step 20/140 loss=0.8914
18:20:41 | INFO    | holoqpi.engine.trainer |   epoch 13 step 40/140 loss=1.1300
18:20:43 | INFO    | holoqpi.engine.trainer |   epoch 13 step 60/140 loss=0.7548
18:20:45 | INFO    | holoqpi.engine.trainer |   epoch 13 step 80/140 loss=1.0825
18:20:46 | INFO    | holoqpi.engine.trainer |   epoch 13 step 100/140 loss=0.8599
18:20:48 | INFO    | holoqpi.engine.trainer |   epoch 13 step 120/140 loss=0.7846
18:21:35 | INFO    | holoqpi.engine.trainer | epoch 13/60 (58s = 13s train + 45s val) | train_loss=0.8622  val_phase_mae=0.1900  val_dice=0.7714  val_cls_acc=0.5276  val_mass_mape=0.2491
18:21:35 | INFO    | holoqpi.engine.trainer |   epoch 14 step 0/140 loss=0.8684
18:21:37 | INFO    | holoqpi.engine.trainer |   epoch 14 step 20/140 loss=0.9790
18:21:38 | INFO    | holoqpi.engine.trainer |   epoch 14 step 40/140 loss=1.0199
18:21:40 | INFO    | holoqpi.engine.trainer |   epoch 14 step 60/140 loss=0.6476
18:21:42 | INFO    | holoqpi.engine.trainer |   epoch 14 step 80/140 loss=1.0003
18:21:44 | INFO    | holoqpi.engine.trainer |   epoch 14 step 100/140 loss=0.7429
18:21:45 | INFO    | holoqpi.engine.trainer |   epoch 14 step 120/140 loss=0.7829
18:22:33 | INFO    | holoqpi.engine.trainer | epoch 14/60 (58s = 12s train + 46s val) | train_loss=0.8403  val_phase_mae=0.1899  val_dice=0.7697  val_cls_acc=0.5669  val_mass_mape=0.2413
18:22:33 | INFO    | holoqpi.engine.trainer |   epoch 15 step 0/140 loss=0.7651
18:22:35 | INFO    | holoqpi.engine.trainer |   epoch 15 step 20/140 loss=0.6578
18:22:36 | INFO    | holoqpi.engine.trainer |   epoch 15 step 40/140 loss=0.6166
18:22:38 | INFO    | holoqpi.engine.trainer |   epoch 15 step 60/140 loss=1.0516
18:22:40 | INFO    | holoqpi.engine.trainer |   epoch 15 step 80/140 loss=1.1526
18:22:41 | INFO    | holoqpi.engine.trainer |   epoch 15 step 100/140 loss=0.6987
18:22:43 | INFO    | holoqpi.engine.trainer |   epoch 15 step 120/140 loss=0.7860
18:23:30 | INFO    | holoqpi.engine.trainer | epoch 15/60 (57s = 12s train + 45s val) | train_loss=0.8316  val_phase_mae=0.1916  val_dice=0.7633  val_cls_acc=0.6457  val_mass_mape=0.2441
18:23:30 | INFO    | holoqpi.engine.trainer |   epoch 16 step 0/140 loss=0.9134
18:23:32 | INFO    | holoqpi.engine.trainer |   epoch 16 step 20/140 loss=1.0541
18:23:34 | INFO    | holoqpi.engine.trainer |   epoch 16 step 40/140 loss=0.8591
18:23:35 | INFO    | holoqpi.engine.trainer |   epoch 16 step 60/140 loss=0.8316
18:23:37 | INFO    | holoqpi.engine.trainer |   epoch 16 step 80/140 loss=0.7679
18:23:39 | INFO    | holoqpi.engine.trainer |   epoch 16 step 100/140 loss=1.1030
18:23:41 | INFO    | holoqpi.engine.trainer |   epoch 16 step 120/140 loss=0.9147
18:24:27 | INFO    | holoqpi.engine.trainer | epoch 16/60 (57s = 12s train + 45s val) | train_loss=0.8363  val_phase_mae=0.1910  val_dice=0.7670  val_cls_acc=0.6614  val_mass_mape=0.2530
18:24:28 | INFO    | holoqpi.engine.trainer |   epoch 17 step 0/140 loss=1.0417
18:24:30 | INFO    | holoqpi.engine.trainer |   epoch 17 step 20/140 loss=1.1541
18:24:31 | INFO    | holoqpi.engine.trainer |   epoch 17 step 40/140 loss=1.2831
18:24:33 | INFO    | holoqpi.engine.trainer |   epoch 17 step 60/140 loss=0.6441
18:24:35 | INFO    | holoqpi.engine.trainer |   epoch 17 step 80/140 loss=0.6983
18:24:36 | INFO    | holoqpi.engine.trainer |   epoch 17 step 100/140 loss=1.1573
18:24:38 | INFO    | holoqpi.engine.trainer |   epoch 17 step 120/140 loss=0.6956
18:25:24 | INFO    | holoqpi.engine.trainer | epoch 17/60 (57s = 12s train + 45s val) | train_loss=0.8203  val_phase_mae=0.1904  val_dice=0.7598  val_cls_acc=0.6535  val_mass_mape=0.2378
18:25:25 | INFO    | holoqpi.engine.trainer |   epoch 18 step 0/140 loss=0.6089
18:25:26 | INFO    | holoqpi.engine.trainer |   epoch 18 step 20/140 loss=0.7977
18:25:28 | INFO    | holoqpi.engine.trainer |   epoch 18 step 40/140 loss=0.5969
18:25:30 | INFO    | holoqpi.engine.trainer |   epoch 18 step 60/140 loss=0.7633
18:25:32 | INFO    | holoqpi.engine.trainer |   epoch 18 step 80/140 loss=1.0911
18:25:33 | INFO    | holoqpi.engine.trainer |   epoch 18 step 100/140 loss=0.7674
18:25:35 | INFO    | holoqpi.engine.trainer |   epoch 18 step 120/140 loss=0.9531
18:26:21 | INFO    | holoqpi.engine.trainer | epoch 18/60 (57s = 12s train + 45s val) | train_loss=0.8023  val_phase_mae=0.1931  val_dice=0.7588  val_cls_acc=0.6929  val_mass_mape=0.2444
18:26:22 | INFO    | holoqpi.engine.trainer |   epoch 19 step 0/140 loss=0.6119
18:26:24 | INFO    | holoqpi.engine.trainer |   epoch 19 step 20/140 loss=0.6575
18:26:25 | INFO    | holoqpi.engine.trainer |   epoch 19 step 40/140 loss=0.6464
18:26:27 | INFO    | holoqpi.engine.trainer |   epoch 19 step 60/140 loss=0.7337
18:26:29 | INFO    | holoqpi.engine.trainer |   epoch 19 step 80/140 loss=0.8720
18:26:30 | INFO    | holoqpi.engine.trainer |   epoch 19 step 100/140 loss=0.6694
18:26:32 | INFO    | holoqpi.engine.trainer |   epoch 19 step 120/140 loss=0.8919
18:27:19 | INFO    | holoqpi.engine.trainer |   new best composite=0.7589
18:27:19 | INFO    | holoqpi.engine.trainer | epoch 19/60 (57s = 12s train + 45s val) | train_loss=0.8131  val_phase_mae=0.1862  val_dice=0.7799  val_cls_acc=0.6142  val_mass_mape=0.2570
18:27:19 | INFO    | holoqpi.engine.trainer |   epoch 20 step 0/140 loss=0.8524
18:27:21 | INFO    | holoqpi.engine.trainer |   epoch 20 step 20/140 loss=0.8328
18:27:23 | INFO    | holoqpi.engine.trainer |   epoch 20 step 40/140 loss=0.8776
18:27:24 | INFO    | holoqpi.engine.trainer |   epoch 20 step 60/140 loss=0.8820
18:27:26 | INFO    | holoqpi.engine.trainer |   epoch 20 step 80/140 loss=0.5995
18:27:28 | INFO    | holoqpi.engine.trainer |   epoch 20 step 100/140 loss=0.9725
18:27:29 | INFO    | holoqpi.engine.trainer |   epoch 20 step 120/140 loss=0.7342
18:28:16 | INFO    | holoqpi.engine.trainer | epoch 20/60 (57s = 12s train + 45s val) | train_loss=0.8012  val_phase_mae=0.1857  val_dice=0.7736  val_cls_acc=0.6929  val_mass_mape=0.2441
18:28:17 | INFO    | holoqpi.engine.trainer |   epoch 21 step 0/140 loss=0.7626
18:28:18 | INFO    | holoqpi.engine.trainer |   epoch 21 step 20/140 loss=0.9011
18:28:20 | INFO    | holoqpi.engine.trainer |   epoch 21 step 40/140 loss=0.9348
18:28:22 | INFO    | holoqpi.engine.trainer |   epoch 21 step 60/140 loss=0.6464
18:28:23 | INFO    | holoqpi.engine.trainer |   epoch 21 step 80/140 loss=0.7609
18:28:25 | INFO    | holoqpi.engine.trainer |   epoch 21 step 100/140 loss=0.6244
18:28:27 | INFO    | holoqpi.engine.trainer |   epoch 21 step 120/140 loss=0.6845
18:29:13 | INFO    | holoqpi.engine.trainer | epoch 21/60 (57s = 12s train + 45s val) | train_loss=0.7945  val_phase_mae=0.1888  val_dice=0.7679  val_cls_acc=0.7008  val_mass_mape=0.2380
18:29:14 | INFO    | holoqpi.engine.trainer |   epoch 22 step 0/140 loss=0.7136
18:29:16 | INFO    | holoqpi.engine.trainer |   epoch 22 step 20/140 loss=0.8177
18:29:17 | INFO    | holoqpi.engine.trainer |   epoch 22 step 40/140 loss=0.6568
18:29:19 | INFO    | holoqpi.engine.trainer |   epoch 22 step 60/140 loss=0.7465
18:29:21 | INFO    | holoqpi.engine.trainer |   epoch 22 step 80/140 loss=0.6386
18:29:22 | INFO    | holoqpi.engine.trainer |   epoch 22 step 100/140 loss=0.7002
18:29:24 | INFO    | holoqpi.engine.trainer |   epoch 22 step 120/140 loss=1.2768
18:30:11 | INFO    | holoqpi.engine.trainer |   new best composite=0.7636
18:30:11 | INFO    | holoqpi.engine.trainer | epoch 22/60 (57s = 12s train + 45s val) | train_loss=0.7967  val_phase_mae=0.1852  val_dice=0.7813  val_cls_acc=0.6063  val_mass_mape=0.2378
18:30:11 | INFO    | holoqpi.engine.trainer |   epoch 23 step 0/140 loss=0.9642
18:30:13 | INFO    | holoqpi.engine.trainer |   epoch 23 step 20/140 loss=0.7793
18:30:15 | INFO    | holoqpi.engine.trainer |   epoch 23 step 40/140 loss=0.7377
18:30:16 | INFO    | holoqpi.engine.trainer |   epoch 23 step 60/140 loss=1.0019
18:30:18 | INFO    | holoqpi.engine.trainer |   epoch 23 step 80/140 loss=1.1345
18:30:20 | INFO    | holoqpi.engine.trainer |   epoch 23 step 100/140 loss=0.6749
18:30:21 | INFO    | holoqpi.engine.trainer |   epoch 23 step 120/140 loss=0.9968
18:31:08 | INFO    | holoqpi.engine.trainer | epoch 23/60 (57s = 12s train + 45s val) | train_loss=0.7842  val_phase_mae=0.1910  val_dice=0.7679  val_cls_acc=0.7244  val_mass_mape=0.2640
18:31:08 | INFO    | holoqpi.engine.trainer |   epoch 24 step 0/140 loss=0.6944
18:31:10 | INFO    | holoqpi.engine.trainer |   epoch 24 step 20/140 loss=0.5927
18:31:12 | INFO    | holoqpi.engine.trainer |   epoch 24 step 40/140 loss=0.6582
18:31:13 | INFO    | holoqpi.engine.trainer |   epoch 24 step 60/140 loss=0.7917
18:31:15 | INFO    | holoqpi.engine.trainer |   epoch 24 step 80/140 loss=0.8077
18:31:17 | INFO    | holoqpi.engine.trainer |   epoch 24 step 100/140 loss=0.9676
18:31:18 | INFO    | holoqpi.engine.trainer |   epoch 24 step 120/140 loss=0.8308
18:32:05 | INFO    | holoqpi.engine.trainer | epoch 24/60 (57s = 12s train + 45s val) | train_loss=0.7876  val_phase_mae=0.1891  val_dice=0.7681  val_cls_acc=0.6378  val_mass_mape=0.2355
18:32:05 | INFO    | holoqpi.engine.trainer |   epoch 25 step 0/140 loss=0.6814
18:32:07 | INFO    | holoqpi.engine.trainer |   epoch 25 step 20/140 loss=0.7005
18:32:09 | INFO    | holoqpi.engine.trainer |   epoch 25 step 40/140 loss=0.6208
18:32:10 | INFO    | holoqpi.engine.trainer |   epoch 25 step 60/140 loss=0.6527
18:32:12 | INFO    | holoqpi.engine.trainer |   epoch 25 step 80/140 loss=0.8878
18:32:14 | INFO    | holoqpi.engine.trainer |   epoch 25 step 100/140 loss=0.8046
18:32:16 | INFO    | holoqpi.engine.trainer |   epoch 25 step 120/140 loss=1.5975
18:33:02 | INFO    | holoqpi.engine.trainer | epoch 25/60 (57s = 12s train + 45s val) | train_loss=0.7866  val_phase_mae=0.1936  val_dice=0.7586  val_cls_acc=0.6614  val_mass_mape=0.2611
18:33:02 | INFO    | holoqpi.engine.trainer |   epoch 26 step 0/140 loss=0.7908
18:33:04 | INFO    | holoqpi.engine.trainer |   epoch 26 step 20/140 loss=0.6027
18:33:06 | INFO    | holoqpi.engine.trainer |   epoch 26 step 40/140 loss=0.6887
18:33:07 | INFO    | holoqpi.engine.trainer |   epoch 26 step 60/140 loss=0.7185
18:33:09 | INFO    | holoqpi.engine.trainer |   epoch 26 step 80/140 loss=0.9503
18:33:11 | INFO    | holoqpi.engine.trainer |   epoch 26 step 100/140 loss=0.7027
18:33:13 | INFO    | holoqpi.engine.trainer |   epoch 26 step 120/140 loss=0.6293
18:33:59 | INFO    | holoqpi.engine.trainer | epoch 26/60 (57s = 12s train + 45s val) | train_loss=0.7753  val_phase_mae=0.1836  val_dice=0.7797  val_cls_acc=0.7008  val_mass_mape=0.2571
18:33:59 | INFO    | holoqpi.engine.trainer |   epoch 27 step 0/140 loss=0.6878
18:34:01 | INFO    | holoqpi.engine.trainer |   epoch 27 step 20/140 loss=0.6411
18:34:03 | INFO    | holoqpi.engine.trainer |   epoch 27 step 40/140 loss=0.7886
18:34:05 | INFO    | holoqpi.engine.trainer |   epoch 27 step 60/140 loss=0.9403
18:34:06 | INFO    | holoqpi.engine.trainer |   epoch 27 step 80/140 loss=0.6464
18:34:08 | INFO    | holoqpi.engine.trainer |   epoch 27 step 100/140 loss=0.8854
18:34:10 | INFO    | holoqpi.engine.trainer |   epoch 27 step 120/140 loss=0.5865
18:34:57 | INFO    | holoqpi.engine.trainer | epoch 27/60 (58s = 12s train + 45s val) | train_loss=0.7610  val_phase_mae=0.1891  val_dice=0.7679  val_cls_acc=0.7165  val_mass_mape=0.2766
18:34:57 | INFO    | holoqpi.engine.trainer |   epoch 28 step 0/140 loss=0.6998
18:34:59 | INFO    | holoqpi.engine.trainer |   epoch 28 step 20/140 loss=0.7050
18:35:01 | INFO    | holoqpi.engine.trainer |   epoch 28 step 40/140 loss=0.6639
18:35:02 | INFO    | holoqpi.engine.trainer |   epoch 28 step 60/140 loss=0.6458
18:35:04 | INFO    | holoqpi.engine.trainer |   epoch 28 step 80/140 loss=0.6713
18:35:06 | INFO    | holoqpi.engine.trainer |   epoch 28 step 100/140 loss=0.7526
18:35:07 | INFO    | holoqpi.engine.trainer |   epoch 28 step 120/140 loss=0.5345
18:35:54 | INFO    | holoqpi.engine.trainer | epoch 28/60 (57s = 12s train + 45s val) | train_loss=0.7533  val_phase_mae=0.1843  val_dice=0.7782  val_cls_acc=0.7165  val_mass_mape=0.2390
18:35:54 | INFO    | holoqpi.engine.trainer |   epoch 29 step 0/140 loss=0.6789
18:35:56 | INFO    | holoqpi.engine.trainer |   epoch 29 step 20/140 loss=0.9098
18:35:58 | INFO    | holoqpi.engine.trainer |   epoch 29 step 40/140 loss=0.8522
18:35:59 | INFO    | holoqpi.engine.trainer |   epoch 29 step 60/140 loss=0.6082
18:36:01 | INFO    | holoqpi.engine.trainer |   epoch 29 step 80/140 loss=1.1077
18:36:03 | INFO    | holoqpi.engine.trainer |   epoch 29 step 100/140 loss=0.6469
18:36:05 | INFO    | holoqpi.engine.trainer |   epoch 29 step 120/140 loss=0.6849
18:36:51 | INFO    | holoqpi.engine.trainer | epoch 29/60 (57s = 12s train + 45s val) | train_loss=0.7391  val_phase_mae=0.1849  val_dice=0.7751  val_cls_acc=0.7008  val_mass_mape=0.2502
18:36:51 | INFO    | holoqpi.engine.trainer |   epoch 30 step 0/140 loss=0.6052
18:36:53 | INFO    | holoqpi.engine.trainer |   epoch 30 step 20/140 loss=0.6756
18:36:55 | INFO    | holoqpi.engine.trainer |   epoch 30 step 40/140 loss=1.9727
18:36:57 | INFO    | holoqpi.engine.trainer |   epoch 30 step 60/140 loss=0.6322
18:36:58 | INFO    | holoqpi.engine.trainer |   epoch 30 step 80/140 loss=0.6576
18:37:00 | INFO    | holoqpi.engine.trainer |   epoch 30 step 100/140 loss=0.7645
18:37:02 | INFO    | holoqpi.engine.trainer |   epoch 30 step 120/140 loss=0.9303
18:37:48 | INFO    | holoqpi.engine.trainer | epoch 30/60 (57s = 12s train + 45s val) | train_loss=0.7463  val_phase_mae=0.1856  val_dice=0.7760  val_cls_acc=0.6535  val_mass_mape=0.2506
18:37:49 | INFO    | holoqpi.engine.trainer |   epoch 31 step 0/140 loss=0.8057
18:37:51 | INFO    | holoqpi.engine.trainer |   epoch 31 step 20/140 loss=0.6976
18:37:52 | INFO    | holoqpi.engine.trainer |   epoch 31 step 40/140 loss=0.7716
18:37:54 | INFO    | holoqpi.engine.trainer |   epoch 31 step 60/140 loss=0.5725
18:37:56 | INFO    | holoqpi.engine.trainer |   epoch 31 step 80/140 loss=0.6818
18:37:57 | INFO    | holoqpi.engine.trainer |   epoch 31 step 100/140 loss=0.8458
18:37:59 | INFO    | holoqpi.engine.trainer |   epoch 31 step 120/140 loss=0.6757
18:38:46 | INFO    | holoqpi.engine.trainer | epoch 31/60 (58s = 12s train + 45s val) | train_loss=0.7477  val_phase_mae=0.1909  val_dice=0.7650  val_cls_acc=0.7008  val_mass_mape=0.2575
18:38:47 | INFO    | holoqpi.engine.trainer |   epoch 32 step 0/140 loss=0.5973
18:38:48 | INFO    | holoqpi.engine.trainer |   epoch 32 step 20/140 loss=1.1177
18:38:50 | INFO    | holoqpi.engine.trainer |   epoch 32 step 40/140 loss=0.7180
18:38:52 | INFO    | holoqpi.engine.trainer |   epoch 32 step 60/140 loss=0.6557
18:38:53 | INFO    | holoqpi.engine.trainer |   epoch 32 step 80/140 loss=0.5982
18:38:55 | INFO    | holoqpi.engine.trainer |   epoch 32 step 100/140 loss=0.9378
18:38:57 | INFO    | holoqpi.engine.trainer |   epoch 32 step 120/140 loss=1.3630
18:39:44 | INFO    | holoqpi.engine.trainer | epoch 32/60 (58s = 12s train + 46s val) | train_loss=0.7404  val_phase_mae=0.1831  val_dice=0.7798  val_cls_acc=0.7244  val_mass_mape=0.2464
18:39:45 | INFO    | holoqpi.engine.trainer |   epoch 33 step 0/140 loss=0.5750
18:39:46 | INFO    | holoqpi.engine.trainer |   epoch 33 step 20/140 loss=0.6296
18:39:48 | INFO    | holoqpi.engine.trainer |   epoch 33 step 40/140 loss=0.7697
18:39:50 | INFO    | holoqpi.engine.trainer |   epoch 33 step 60/140 loss=0.6645
18:39:52 | INFO    | holoqpi.engine.trainer |   epoch 33 step 80/140 loss=0.6688
18:39:54 | INFO    | holoqpi.engine.trainer |   epoch 33 step 100/140 loss=0.7832
18:39:55 | INFO    | holoqpi.engine.trainer |   epoch 33 step 120/140 loss=0.4884
18:40:43 | INFO    | holoqpi.engine.trainer |   new best composite=0.7639
18:40:43 | INFO    | holoqpi.engine.trainer | epoch 33/60 (58s = 13s train + 45s val) | train_loss=0.7391  val_phase_mae=0.1817  val_dice=0.7834  val_cls_acc=0.7008  val_mass_mape=0.2488
18:40:43 | INFO    | holoqpi.engine.trainer |   epoch 34 step 0/140 loss=1.0839
18:40:45 | INFO    | holoqpi.engine.trainer |   epoch 34 step 20/140 loss=0.6498
18:40:47 | INFO    | holoqpi.engine.trainer |   epoch 34 step 40/140 loss=0.5283
18:40:49 | INFO    | holoqpi.engine.trainer |   epoch 34 step 60/140 loss=0.6329
18:40:50 | INFO    | holoqpi.engine.trainer |   epoch 34 step 80/140 loss=0.7018
18:40:52 | INFO    | holoqpi.engine.trainer |   epoch 34 step 100/140 loss=0.8773
18:40:54 | INFO    | holoqpi.engine.trainer |   epoch 34 step 120/140 loss=0.5454
18:41:41 | INFO    | holoqpi.engine.trainer | epoch 34/60 (58s = 13s train + 45s val) | train_loss=0.7218  val_phase_mae=0.1862  val_dice=0.7753  val_cls_acc=0.7717  val_mass_mape=0.2736
18:41:41 | INFO    | holoqpi.engine.trainer |   epoch 35 step 0/140 loss=0.5293
18:41:43 | INFO    | holoqpi.engine.trainer |   epoch 35 step 20/140 loss=0.6536
18:41:45 | INFO    | holoqpi.engine.trainer |   epoch 35 step 40/140 loss=1.2282
18:41:46 | INFO    | holoqpi.engine.trainer |   epoch 35 step 60/140 loss=0.8750
18:41:48 | INFO    | holoqpi.engine.trainer |   epoch 35 step 80/140 loss=0.7492
18:41:50 | INFO    | holoqpi.engine.trainer |   epoch 35 step 100/140 loss=0.6045
18:41:51 | INFO    | holoqpi.engine.trainer |   epoch 35 step 120/140 loss=0.6435
18:42:38 | INFO    | holoqpi.engine.trainer | epoch 35/60 (57s = 12s train + 45s val) | train_loss=0.7195  val_phase_mae=0.1825  val_dice=0.7799  val_cls_acc=0.7244  val_mass_mape=0.2387
18:42:38 | INFO    | holoqpi.engine.trainer |   epoch 36 step 0/140 loss=0.5992
18:42:40 | INFO    | holoqpi.engine.trainer |   epoch 36 step 20/140 loss=0.8227
18:42:41 | INFO    | holoqpi.engine.trainer |   epoch 36 step 40/140 loss=0.5101
18:42:43 | INFO    | holoqpi.engine.trainer |   epoch 36 step 60/140 loss=0.5936
18:42:45 | INFO    | holoqpi.engine.trainer |   epoch 36 step 80/140 loss=1.1681
18:42:47 | INFO    | holoqpi.engine.trainer |   epoch 36 step 100/140 loss=1.2160
18:42:48 | INFO    | holoqpi.engine.trainer |   epoch 36 step 120/140 loss=0.8140
18:43:35 | INFO    | holoqpi.engine.trainer | epoch 36/60 (58s = 12s train + 46s val) | train_loss=0.7246  val_phase_mae=0.1836  val_dice=0.7794  val_cls_acc=0.6535  val_mass_mape=0.2537
18:43:36 | INFO    | holoqpi.engine.trainer |   epoch 37 step 0/140 loss=1.0735
18:43:38 | INFO    | holoqpi.engine.trainer |   epoch 37 step 20/140 loss=0.6179
18:43:39 | INFO    | holoqpi.engine.trainer |   epoch 37 step 40/140 loss=0.5379
18:43:41 | INFO    | holoqpi.engine.trainer |   epoch 37 step 60/140 loss=0.6802
18:43:43 | INFO    | holoqpi.engine.trainer |   epoch 37 step 80/140 loss=0.6348
18:43:44 | INFO    | holoqpi.engine.trainer |   epoch 37 step 100/140 loss=0.5437
18:43:46 | INFO    | holoqpi.engine.trainer |   epoch 37 step 120/140 loss=0.5107
18:44:33 | INFO    | holoqpi.engine.trainer | epoch 37/60 (57s = 12s train + 45s val) | train_loss=0.7144  val_phase_mae=0.1852  val_dice=0.7776  val_cls_acc=0.7165  val_mass_mape=0.2684
18:44:33 | INFO    | holoqpi.engine.trainer |   epoch 38 step 0/140 loss=0.7597
18:44:35 | INFO    | holoqpi.engine.trainer |   epoch 38 step 20/140 loss=0.8304
18:44:36 | INFO    | holoqpi.engine.trainer |   epoch 38 step 40/140 loss=0.6604
18:44:38 | INFO    | holoqpi.engine.trainer |   epoch 38 step 60/140 loss=0.6322
18:44:40 | INFO    | holoqpi.engine.trainer |   epoch 38 step 80/140 loss=0.6234
18:44:41 | INFO    | holoqpi.engine.trainer |   epoch 38 step 100/140 loss=0.6492
18:44:43 | INFO    | holoqpi.engine.trainer |   epoch 38 step 120/140 loss=0.5923
18:45:30 | INFO    | holoqpi.engine.trainer | epoch 38/60 (57s = 12s train + 45s val) | train_loss=0.7157  val_phase_mae=0.1844  val_dice=0.7708  val_cls_acc=0.7402  val_mass_mape=0.2292
18:45:30 | INFO    | holoqpi.engine.trainer |   epoch 39 step 0/140 loss=0.6998
18:45:32 | INFO    | holoqpi.engine.trainer |   epoch 39 step 20/140 loss=0.5048
18:45:33 | INFO    | holoqpi.engine.trainer |   epoch 39 step 40/140 loss=0.9014
18:45:35 | INFO    | holoqpi.engine.trainer |   epoch 39 step 60/140 loss=0.6959
18:45:37 | INFO    | holoqpi.engine.trainer |   epoch 39 step 80/140 loss=0.4943
18:45:38 | INFO    | holoqpi.engine.trainer |   epoch 39 step 100/140 loss=0.5417
18:45:40 | INFO    | holoqpi.engine.trainer |   epoch 39 step 120/140 loss=0.7442
18:46:27 | INFO    | holoqpi.engine.trainer | epoch 39/60 (57s = 12s train + 45s val) | train_loss=0.7087  val_phase_mae=0.1853  val_dice=0.7756  val_cls_acc=0.7402  val_mass_mape=0.2622
18:46:27 | INFO    | holoqpi.engine.trainer |   epoch 40 step 0/140 loss=1.0330
18:46:29 | INFO    | holoqpi.engine.trainer |   epoch 40 step 20/140 loss=0.7139
18:46:31 | INFO    | holoqpi.engine.trainer |   epoch 40 step 40/140 loss=1.3568
18:46:32 | INFO    | holoqpi.engine.trainer |   epoch 40 step 60/140 loss=0.5780
18:46:34 | INFO    | holoqpi.engine.trainer |   epoch 40 step 80/140 loss=0.9147
18:46:36 | INFO    | holoqpi.engine.trainer |   epoch 40 step 100/140 loss=0.8895
18:46:37 | INFO    | holoqpi.engine.trainer |   epoch 40 step 120/140 loss=0.5202
18:47:23 | INFO    | holoqpi.engine.trainer | epoch 40/60 (57s = 12s train + 45s val) | train_loss=0.7023  val_phase_mae=0.1834  val_dice=0.7777  val_cls_acc=0.8031  val_mass_mape=0.2447
18:47:24 | INFO    | holoqpi.engine.trainer |   epoch 41 step 0/140 loss=0.6540
18:47:26 | INFO    | holoqpi.engine.trainer |   epoch 41 step 20/140 loss=0.4655
18:47:27 | INFO    | holoqpi.engine.trainer |   epoch 41 step 40/140 loss=0.5708
18:47:29 | INFO    | holoqpi.engine.trainer |   epoch 41 step 60/140 loss=0.7636
18:47:31 | INFO    | holoqpi.engine.trainer |   epoch 41 step 80/140 loss=0.8456
18:47:32 | INFO    | holoqpi.engine.trainer |   epoch 41 step 100/140 loss=0.8263
18:47:34 | INFO    | holoqpi.engine.trainer |   epoch 41 step 120/140 loss=0.5896
18:48:20 | INFO    | holoqpi.engine.trainer | epoch 41/60 (57s = 12s train + 45s val) | train_loss=0.7036  val_phase_mae=0.1870  val_dice=0.7733  val_cls_acc=0.7244  val_mass_mape=0.2809
18:48:21 | INFO    | holoqpi.engine.trainer |   epoch 42 step 0/140 loss=0.6040
18:48:22 | INFO    | holoqpi.engine.trainer |   epoch 42 step 20/140 loss=0.5455
18:48:24 | INFO    | holoqpi.engine.trainer |   epoch 42 step 40/140 loss=0.5181
18:48:26 | INFO    | holoqpi.engine.trainer |   epoch 42 step 60/140 loss=0.8960
18:48:28 | INFO    | holoqpi.engine.trainer |   epoch 42 step 80/140 loss=1.5530
18:48:30 | INFO    | holoqpi.engine.trainer |   epoch 42 step 100/140 loss=0.9688
18:48:31 | INFO    | holoqpi.engine.trainer |   epoch 42 step 120/140 loss=0.5915
18:49:18 | INFO    | holoqpi.engine.trainer |   new best composite=0.7683
18:49:18 | INFO    | holoqpi.engine.trainer | epoch 42/60 (57s = 13s train + 45s val) | train_loss=0.6847  val_phase_mae=0.1814  val_dice=0.7826  val_cls_acc=0.8425  val_mass_mape=0.2283
18:49:18 | INFO    | holoqpi.engine.trainer |   epoch 43 step 0/140 loss=0.5047
18:49:20 | INFO    | holoqpi.engine.trainer |   epoch 43 step 20/140 loss=0.6208
18:49:22 | INFO    | holoqpi.engine.trainer |   epoch 43 step 40/140 loss=1.5390
18:49:24 | INFO    | holoqpi.engine.trainer |   epoch 43 step 60/140 loss=0.6961
18:49:25 | INFO    | holoqpi.engine.trainer |   epoch 43 step 80/140 loss=0.7188
18:49:27 | INFO    | holoqpi.engine.trainer |   epoch 43 step 100/140 loss=0.4923
18:49:29 | INFO    | holoqpi.engine.trainer |   epoch 43 step 120/140 loss=0.9654
18:50:16 | INFO    | holoqpi.engine.trainer | epoch 43/60 (58s = 12s train + 45s val) | train_loss=0.7013  val_phase_mae=0.1825  val_dice=0.7778  val_cls_acc=0.7559  val_mass_mape=0.2425
18:50:16 | INFO    | holoqpi.engine.trainer |   epoch 44 step 0/140 loss=0.5661
18:50:18 | INFO    | holoqpi.engine.trainer |   epoch 44 step 20/140 loss=0.5198
18:50:20 | INFO    | holoqpi.engine.trainer |   epoch 44 step 40/140 loss=0.6607
18:50:21 | INFO    | holoqpi.engine.trainer |   epoch 44 step 60/140 loss=0.4834
18:50:23 | INFO    | holoqpi.engine.trainer |   epoch 44 step 80/140 loss=0.8826
18:50:25 | INFO    | holoqpi.engine.trainer |   epoch 44 step 100/140 loss=0.7380
18:50:27 | INFO    | holoqpi.engine.trainer |   epoch 44 step 120/140 loss=0.5896
18:51:13 | INFO    | holoqpi.engine.trainer | epoch 44/60 (58s = 12s train + 45s val) | train_loss=0.6865  val_phase_mae=0.1818  val_dice=0.7803  val_cls_acc=0.7559  val_mass_mape=0.2439
18:51:14 | INFO    | holoqpi.engine.trainer |   epoch 45 step 0/140 loss=0.6329
18:51:16 | INFO    | holoqpi.engine.trainer |   epoch 45 step 20/140 loss=0.4749
18:51:17 | INFO    | holoqpi.engine.trainer |   epoch 45 step 40/140 loss=0.6993
18:51:19 | INFO    | holoqpi.engine.trainer |   epoch 45 step 60/140 loss=0.7003
18:51:21 | INFO    | holoqpi.engine.trainer |   epoch 45 step 80/140 loss=0.8709
18:51:23 | INFO    | holoqpi.engine.trainer |   epoch 45 step 100/140 loss=0.6582
18:51:24 | INFO    | holoqpi.engine.trainer |   epoch 45 step 120/140 loss=0.8722
18:52:11 | INFO    | holoqpi.engine.trainer | epoch 45/60 (58s = 12s train + 45s val) | train_loss=0.6902  val_phase_mae=0.1817  val_dice=0.7785  val_cls_acc=0.7402  val_mass_mape=0.2361
18:52:11 | INFO    | holoqpi.engine.trainer |   epoch 46 step 0/140 loss=0.4799
18:52:13 | INFO    | holoqpi.engine.trainer |   epoch 46 step 20/140 loss=0.9116
18:52:15 | INFO    | holoqpi.engine.trainer |   epoch 46 step 40/140 loss=0.6038
18:52:17 | INFO    | holoqpi.engine.trainer |   epoch 46 step 60/140 loss=0.5067
18:52:18 | INFO    | holoqpi.engine.trainer |   epoch 46 step 80/140 loss=0.5331
18:52:20 | INFO    | holoqpi.engine.trainer |   epoch 46 step 100/140 loss=1.3311
18:52:22 | INFO    | holoqpi.engine.trainer |   epoch 46 step 120/140 loss=0.5381
18:53:09 | INFO    | holoqpi.engine.trainer | epoch 46/60 (58s = 12s train + 45s val) | train_loss=0.6699  val_phase_mae=0.1822  val_dice=0.7790  val_cls_acc=0.8031  val_mass_mape=0.2441
18:53:09 | INFO    | holoqpi.engine.trainer |   epoch 47 step 0/140 loss=0.6524
18:53:11 | INFO    | holoqpi.engine.trainer |   epoch 47 step 20/140 loss=0.6313
18:53:12 | INFO    | holoqpi.engine.trainer |   epoch 47 step 40/140 loss=0.4630
18:53:14 | INFO    | holoqpi.engine.trainer |   epoch 47 step 60/140 loss=0.5598
18:53:16 | INFO    | holoqpi.engine.trainer |   epoch 47 step 80/140 loss=0.7699
18:53:18 | INFO    | holoqpi.engine.trainer |   epoch 47 step 100/140 loss=0.5683
18:53:19 | INFO    | holoqpi.engine.trainer |   epoch 47 step 120/140 loss=0.8374
18:54:06 | INFO    | holoqpi.engine.trainer | epoch 47/60 (57s = 12s train + 45s val) | train_loss=0.6742  val_phase_mae=0.1812  val_dice=0.7814  val_cls_acc=0.7480  val_mass_mape=0.2335
18:54:06 | INFO    | holoqpi.engine.trainer |   epoch 48 step 0/140 loss=0.5121
18:54:08 | INFO    | holoqpi.engine.trainer |   epoch 48 step 20/140 loss=0.7770
18:54:10 | INFO    | holoqpi.engine.trainer |   epoch 48 step 40/140 loss=0.6263
18:54:12 | INFO    | holoqpi.engine.trainer |   epoch 48 step 60/140 loss=0.6196
18:54:13 | INFO    | holoqpi.engine.trainer |   epoch 48 step 80/140 loss=0.5495
18:54:15 | INFO    | holoqpi.engine.trainer |   epoch 48 step 100/140 loss=0.6110
18:54:17 | INFO    | holoqpi.engine.trainer |   epoch 48 step 120/140 loss=0.4925
18:55:03 | INFO    | holoqpi.engine.trainer | epoch 48/60 (57s = 12s train + 45s val) | train_loss=0.6673  val_phase_mae=0.1804  val_dice=0.7808  val_cls_acc=0.7402  val_mass_mape=0.2301
18:55:04 | INFO    | holoqpi.engine.trainer |   epoch 49 step 0/140 loss=0.7118
18:55:05 | INFO    | holoqpi.engine.trainer |   epoch 49 step 20/140 loss=0.5606
18:55:07 | INFO    | holoqpi.engine.trainer |   epoch 49 step 40/140 loss=0.5548
18:55:09 | INFO    | holoqpi.engine.trainer |   epoch 49 step 60/140 loss=0.8000
18:55:10 | INFO    | holoqpi.engine.trainer |   epoch 49 step 80/140 loss=0.4906
18:55:12 | INFO    | holoqpi.engine.trainer |   epoch 49 step 100/140 loss=0.6335
18:55:14 | INFO    | holoqpi.engine.trainer |   epoch 49 step 120/140 loss=0.9579
18:56:00 | INFO    | holoqpi.engine.trainer | epoch 49/60 (57s = 12s train + 45s val) | train_loss=0.6693  val_phase_mae=0.1814  val_dice=0.7803  val_cls_acc=0.7795  val_mass_mape=0.2307
18:56:01 | INFO    | holoqpi.engine.trainer |   epoch 50 step 0/140 loss=0.8212
18:56:02 | INFO    | holoqpi.engine.trainer |   epoch 50 step 20/140 loss=0.7752
18:56:04 | INFO    | holoqpi.engine.trainer |   epoch 50 step 40/140 loss=0.7310
18:56:06 | INFO    | holoqpi.engine.trainer |   epoch 50 step 60/140 loss=0.6557
18:56:07 | INFO    | holoqpi.engine.trainer |   epoch 50 step 80/140 loss=0.4885
18:56:09 | INFO    | holoqpi.engine.trainer |   epoch 50 step 100/140 loss=0.9650
18:56:11 | INFO    | holoqpi.engine.trainer |   epoch 50 step 120/140 loss=0.6250
18:56:57 | INFO    | holoqpi.engine.trainer | epoch 50/60 (57s = 12s train + 45s val) | train_loss=0.6759  val_phase_mae=0.1799  val_dice=0.7840  val_cls_acc=0.7953  val_mass_mape=0.2377
18:56:58 | INFO    | holoqpi.engine.trainer |   epoch 51 step 0/140 loss=0.5424
18:57:00 | INFO    | holoqpi.engine.trainer |   epoch 51 step 20/140 loss=0.5176
18:57:01 | INFO    | holoqpi.engine.trainer |   epoch 51 step 40/140 loss=0.4806
18:57:03 | INFO    | holoqpi.engine.trainer |   epoch 51 step 60/140 loss=0.5122
18:57:05 | INFO    | holoqpi.engine.trainer |   epoch 51 step 80/140 loss=0.5183
18:57:07 | INFO    | holoqpi.engine.trainer |   epoch 51 step 100/140 loss=0.5904
18:57:08 | INFO    | holoqpi.engine.trainer |   epoch 51 step 120/140 loss=0.5027
18:57:55 | INFO    | holoqpi.engine.trainer | epoch 51/60 (57s = 13s train + 45s val) | train_loss=0.6577  val_phase_mae=0.1800  val_dice=0.7825  val_cls_acc=0.8189  val_mass_mape=0.2352
18:57:55 | INFO    | holoqpi.engine.trainer |   epoch 52 step 0/140 loss=0.7249
18:57:57 | INFO    | holoqpi.engine.trainer |   epoch 52 step 20/140 loss=0.5183
18:57:58 | INFO    | holoqpi.engine.trainer |   epoch 52 step 40/140 loss=0.6467
18:58:00 | INFO    | holoqpi.engine.trainer |   epoch 52 step 60/140 loss=0.8562
18:58:02 | INFO    | holoqpi.engine.trainer |   epoch 52 step 80/140 loss=0.4771
18:58:04 | INFO    | holoqpi.engine.trainer |   epoch 52 step 100/140 loss=0.4925
18:58:05 | INFO    | holoqpi.engine.trainer |   epoch 52 step 120/140 loss=0.4255
18:58:52 | INFO    | holoqpi.engine.trainer |   new best composite=0.7696
18:58:52 | INFO    | holoqpi.engine.trainer | epoch 52/60 (57s = 12s train + 45s val) | train_loss=0.6595  val_phase_mae=0.1793  val_dice=0.7851  val_cls_acc=0.8189  val_mass_mape=0.2306
18:58:53 | INFO    | holoqpi.engine.trainer |   epoch 53 step 0/140 loss=0.7398
18:58:54 | INFO    | holoqpi.engine.trainer |   epoch 53 step 20/140 loss=0.8618
18:58:56 | INFO    | holoqpi.engine.trainer |   epoch 53 step 40/140 loss=0.7666
18:58:58 | INFO    | holoqpi.engine.trainer |   epoch 53 step 60/140 loss=0.4144
18:58:59 | INFO    | holoqpi.engine.trainer |   epoch 53 step 80/140 loss=0.4926
18:59:01 | INFO    | holoqpi.engine.trainer |   epoch 53 step 100/140 loss=0.6362
18:59:03 | INFO    | holoqpi.engine.trainer |   epoch 53 step 120/140 loss=0.5767
18:59:49 | INFO    | holoqpi.engine.trainer | epoch 53/60 (57s = 12s train + 45s val) | train_loss=0.6583  val_phase_mae=0.1804  val_dice=0.7836  val_cls_acc=0.8110  val_mass_mape=0.2327
18:59:49 | INFO    | holoqpi.engine.trainer |   epoch 54 step 0/140 loss=0.6015
18:59:51 | INFO    | holoqpi.engine.trainer |   epoch 54 step 20/140 loss=1.0732
18:59:53 | INFO    | holoqpi.engine.trainer |   epoch 54 step 40/140 loss=0.8447
18:59:55 | INFO    | holoqpi.engine.trainer |   epoch 54 step 60/140 loss=0.8703
18:59:56 | INFO    | holoqpi.engine.trainer |   epoch 54 step 80/140 loss=0.4550
18:59:58 | INFO    | holoqpi.engine.trainer |   epoch 54 step 100/140 loss=0.7918
19:00:00 | INFO    | holoqpi.engine.trainer |   epoch 54 step 120/140 loss=0.4555
19:00:46 | INFO    | holoqpi.engine.trainer | epoch 54/60 (57s = 12s train + 45s val) | train_loss=0.6672  val_phase_mae=0.1806  val_dice=0.7820  val_cls_acc=0.7953  val_mass_mape=0.2328
19:00:46 | INFO    | holoqpi.engine.trainer |   epoch 55 step 0/140 loss=0.5647
19:00:48 | INFO    | holoqpi.engine.trainer |   epoch 55 step 20/140 loss=0.5593
19:00:50 | INFO    | holoqpi.engine.trainer |   epoch 55 step 40/140 loss=0.6098
19:00:51 | INFO    | holoqpi.engine.trainer |   epoch 55 step 60/140 loss=0.5461
19:00:53 | INFO    | holoqpi.engine.trainer |   epoch 55 step 80/140 loss=0.4568
19:00:55 | INFO    | holoqpi.engine.trainer |   epoch 55 step 100/140 loss=0.5137
19:00:57 | INFO    | holoqpi.engine.trainer |   epoch 55 step 120/140 loss=0.7954
19:01:43 | INFO    | holoqpi.engine.trainer | epoch 55/60 (57s = 12s train + 45s val) | train_loss=0.6496  val_phase_mae=0.1804  val_dice=0.7830  val_cls_acc=0.7638  val_mass_mape=0.2376
19:01:43 | INFO    | holoqpi.engine.trainer |   epoch 56 step 0/140 loss=0.5778
19:01:45 | INFO    | holoqpi.engine.trainer |   epoch 56 step 20/140 loss=0.7259
19:01:47 | INFO    | holoqpi.engine.trainer |   epoch 56 step 40/140 loss=0.5398
19:01:49 | INFO    | holoqpi.engine.trainer |   epoch 56 step 60/140 loss=0.4943
19:01:50 | INFO    | holoqpi.engine.trainer |   epoch 56 step 80/140 loss=1.0063
19:01:52 | INFO    | holoqpi.engine.trainer |   epoch 56 step 100/140 loss=0.6225
19:01:54 | INFO    | holoqpi.engine.trainer |   epoch 56 step 120/140 loss=0.9123
19:02:40 | INFO    | holoqpi.engine.trainer | epoch 56/60 (57s = 12s train + 45s val) | train_loss=0.6526  val_phase_mae=0.1797  val_dice=0.7831  val_cls_acc=0.8110  val_mass_mape=0.2277
19:02:41 | INFO    | holoqpi.engine.trainer |   epoch 57 step 0/140 loss=0.5263
19:02:42 | INFO    | holoqpi.engine.trainer |   epoch 57 step 20/140 loss=0.7921
19:02:44 | INFO    | holoqpi.engine.trainer |   epoch 57 step 40/140 loss=0.7323
19:02:46 | INFO    | holoqpi.engine.trainer |   epoch 57 step 60/140 loss=0.6046
19:02:47 | INFO    | holoqpi.engine.trainer |   epoch 57 step 80/140 loss=0.5377
19:02:49 | INFO    | holoqpi.engine.trainer |   epoch 57 step 100/140 loss=0.5626
19:02:51 | INFO    | holoqpi.engine.trainer |   epoch 57 step 120/140 loss=0.4975
19:03:37 | INFO    | holoqpi.engine.trainer | epoch 57/60 (57s = 12s train + 45s val) | train_loss=0.6467  val_phase_mae=0.1798  val_dice=0.7828  val_cls_acc=0.7559  val_mass_mape=0.2320
19:03:38 | INFO    | holoqpi.engine.trainer |   epoch 58 step 0/140 loss=0.6761
19:03:39 | INFO    | holoqpi.engine.trainer |   epoch 58 step 20/140 loss=0.7116
19:03:41 | INFO    | holoqpi.engine.trainer |   epoch 58 step 40/140 loss=0.6739
19:03:43 | INFO    | holoqpi.engine.trainer |   epoch 58 step 60/140 loss=0.7238
19:03:44 | INFO    | holoqpi.engine.trainer |   epoch 58 step 80/140 loss=0.8711
19:03:46 | INFO    | holoqpi.engine.trainer |   epoch 58 step 100/140 loss=0.5873
19:03:48 | INFO    | holoqpi.engine.trainer |   epoch 58 step 120/140 loss=0.7161
19:04:34 | INFO    | holoqpi.engine.trainer | epoch 58/60 (57s = 12s train + 45s val) | train_loss=0.6600  val_phase_mae=0.1801  val_dice=0.7825  val_cls_acc=0.7874  val_mass_mape=0.2353
19:04:34 | INFO    | holoqpi.engine.trainer |   epoch 59 step 0/140 loss=0.5385
19:04:36 | INFO    | holoqpi.engine.trainer |   epoch 59 step 20/140 loss=0.6215
19:04:38 | INFO    | holoqpi.engine.trainer |   epoch 59 step 40/140 loss=0.4829
19:04:40 | INFO    | holoqpi.engine.trainer |   epoch 59 step 60/140 loss=0.5671
19:04:41 | INFO    | holoqpi.engine.trainer |   epoch 59 step 80/140 loss=0.5855
19:04:43 | INFO    | holoqpi.engine.trainer |   epoch 59 step 100/140 loss=0.4507
19:04:45 | INFO    | holoqpi.engine.trainer |   epoch 59 step 120/140 loss=0.5040
19:05:31 | INFO    | holoqpi.engine.trainer | epoch 59/60 (57s = 12s train + 45s val) | train_loss=0.6396  val_phase_mae=0.1796  val_dice=0.7839  val_cls_acc=0.7480  val_mass_mape=0.2311
19:05:32 | INFO    | holoqpi.engine.trainer |   epoch 60 step 0/140 loss=0.4702
19:05:33 | INFO    | holoqpi.engine.trainer |   epoch 60 step 20/140 loss=1.1196
19:05:35 | INFO    | holoqpi.engine.trainer |   epoch 60 step 40/140 loss=1.4963
19:05:37 | INFO    | holoqpi.engine.trainer |   epoch 60 step 60/140 loss=0.5604
19:05:38 | INFO    | holoqpi.engine.trainer |   epoch 60 step 80/140 loss=0.5058
19:05:40 | INFO    | holoqpi.engine.trainer |   epoch 60 step 100/140 loss=0.7013
19:05:42 | INFO    | holoqpi.engine.trainer |   epoch 60 step 120/140 loss=0.5353
19:06:28 | INFO    | holoqpi.engine.trainer | epoch 60/60 (57s = 12s train + 45s val) | train_loss=0.6429  val_phase_mae=0.1803  val_dice=0.7831  val_cls_acc=0.8031  val_mass_mape=0.2371
19:06:28 | INFO    | holoqpi.engine.trainer | training finished; best epoch 52 (composite=0.7696)
19:06:29 | INFO    | holoqpi.engine.trainer | checkpoint best_model.pt: 446/446 tensors matched
19:07:10 | INFO    | holoqpi.engine.compare | modality=gabor test metrics written to runs/fixed_threshold_gabor
19:07:10 | INFO    | holoqpi.engine.compare | comparison table written to runs/fixed_threshold_modality_comparison.csv
