19:07:15 | INFO    | holoqpi.engine.compare | ======================================================================
19:07:15 | INFO    | holoqpi.engine.compare | modality=off_axis  device=cuda  run_dir=runs/base_s1337_off_axis
19:07:15 | INFO    | holoqpi.engine.compare | ======================================================================
19:07:15 | INFO    | holoqpi.data.dataset | train split: 560 samples | modality=off_axis | crop=512 | augment=True
19:07:15 | INFO    | holoqpi.data.dataset | val split: 127 samples | modality=off_axis | crop=None | augment=False
19:07:15 | INFO    | holoqpi.data.dataset | test split: 113 samples | modality=off_axis | crop=None | augment=False
19:07:16 | INFO    | holoqpi.models.encoders | encoder=mobilenet_v2 in_channels=1 pretrained=True stages=[16, 24, 32, 96, 1280]
19:07:16 | INFO    | holoqpi.models.holonet | HoloQPINet built: 9.76M parameters, 9.76M trainable (100.0%)
19:07:17 | INFO    | holoqpi.engine.trainer | trainable 9.76M / 9.76M parameters (100.0%)
19:07:17 | INFO    | holoqpi.engine.trainer | active physics terms: ['phase_mask_contrast', 'boundary_gradient_alignment', 'phase_volume', 'dry_mass_consistency', 'projected_area_consistency']
19:07:23 | INFO    | holoqpi.engine.trainer |   epoch 1 step 0/140 loss=2.1931
19:07:24 | INFO    | holoqpi.engine.trainer |   epoch 1 step 20/140 loss=2.0043
19:07:26 | INFO    | holoqpi.engine.trainer |   epoch 1 step 40/140 loss=1.7334
19:07:28 | INFO    | holoqpi.engine.trainer |   epoch 1 step 60/140 loss=1.5922
19:07:30 | INFO    | holoqpi.engine.trainer |   epoch 1 step 80/140 loss=1.5538
19:07:32 | INFO    | holoqpi.engine.trainer |   epoch 1 step 100/140 loss=1.4761
19:07:34 | INFO    | holoqpi.engine.trainer |   epoch 1 step 120/140 loss=1.3703
19:08:27 | INFO    | holoqpi.engine.trainer |   new best composite=0.6357
19:08:27 | INFO    | holoqpi.engine.trainer | epoch 1/60 (70s = 19s train + 51s val) | train_loss=1.6638  val_phase_mae=0.2668  val_dice=0.6346  val_cls_acc=0.2362  val_mass_mape=0.2809
19:08:27 | INFO    | holoqpi.engine.trainer |   at this rate the full 60-epoch schedule takes about 70 min
19:08:27 | INFO    | holoqpi.engine.trainer |   epoch 2 step 0/140 loss=1.2801
19:08:29 | INFO    | holoqpi.engine.trainer |   epoch 2 step 20/140 loss=1.3967
19:08:31 | INFO    | holoqpi.engine.trainer |   epoch 2 step 40/140 loss=1.1118
19:08:33 | INFO    | holoqpi.engine.trainer |   epoch 2 step 60/140 loss=1.3318
19:08:36 | INFO    | holoqpi.engine.trainer |   epoch 2 step 80/140 loss=1.0084
19:08:38 | INFO    | holoqpi.engine.trainer |   epoch 2 step 100/140 loss=1.0733
19:08:40 | INFO    | holoqpi.engine.trainer |   epoch 2 step 120/140 loss=1.2479
19:09:32 | INFO    | holoqpi.engine.trainer |   new best composite=0.6702
19:09:32 | INFO    | holoqpi.engine.trainer | epoch 2/60 (65s = 15s train + 50s val) | train_loss=1.1518  val_phase_mae=0.2406  val_dice=0.7166  val_cls_acc=0.2441  val_mass_mape=0.3749
19:09:32 | INFO    | holoqpi.engine.trainer |   epoch 3 step 0/140 loss=0.8928
19:09:34 | INFO    | holoqpi.engine.trainer |   epoch 3 step 20/140 loss=0.9627
19:09:36 | INFO    | holoqpi.engine.trainer |   epoch 3 step 40/140 loss=0.9379
19:09:38 | INFO    | holoqpi.engine.trainer |   epoch 3 step 60/140 loss=1.0466
19:09:40 | INFO    | holoqpi.engine.trainer |   epoch 3 step 80/140 loss=0.8138
19:09:42 | INFO    | holoqpi.engine.trainer |   epoch 3 step 100/140 loss=0.8476
19:09:44 | INFO    | holoqpi.engine.trainer |   epoch 3 step 120/140 loss=0.8525
19:10:34 | INFO    | holoqpi.engine.trainer |   new best composite=0.7464
19:10:34 | INFO    | holoqpi.engine.trainer | epoch 3/60 (62s = 14s train + 47s val) | train_loss=0.9396  val_phase_mae=0.2001  val_dice=0.7675  val_cls_acc=0.2756  val_mass_mape=0.2791
19:10:34 | INFO    | holoqpi.engine.trainer |   epoch 4 step 0/140 loss=0.9808
19:10:36 | INFO    | holoqpi.engine.trainer |   epoch 4 step 20/140 loss=0.9349
19:10:38 | INFO    | holoqpi.engine.trainer |   epoch 4 step 40/140 loss=1.0275
19:10:40 | INFO    | holoqpi.engine.trainer |   epoch 4 step 60/140 loss=0.7814
19:10:42 | INFO    | holoqpi.engine.trainer |   epoch 4 step 80/140 loss=0.7978
19:10:44 | INFO    | holoqpi.engine.trainer |   epoch 4 step 100/140 loss=0.8697
19:10:46 | INFO    | holoqpi.engine.trainer |   epoch 4 step 120/140 loss=0.9602
19:11:35 | INFO    | holoqpi.engine.trainer |   new best composite=0.7466
19:11:35 | INFO    | holoqpi.engine.trainer | epoch 4/60 (61s = 14s train + 46s val) | train_loss=0.8751  val_phase_mae=0.1992  val_dice=0.7744  val_cls_acc=0.2598  val_mass_mape=0.2972
19:11:36 | INFO    | holoqpi.engine.trainer |   epoch 5 step 0/140 loss=0.9571
19:11:38 | INFO    | holoqpi.engine.trainer |   epoch 5 step 20/140 loss=0.8382
19:11:40 | INFO    | holoqpi.engine.trainer |   epoch 5 step 40/140 loss=0.7092
19:11:42 | INFO    | holoqpi.engine.trainer |   epoch 5 step 60/140 loss=0.7541
19:11:44 | INFO    | holoqpi.engine.trainer |   epoch 5 step 80/140 loss=0.7888
19:11:45 | INFO    | holoqpi.engine.trainer |   epoch 5 step 100/140 loss=0.8135
19:11:47 | INFO    | holoqpi.engine.trainer |   epoch 5 step 120/140 loss=0.8064
19:12:35 | INFO    | holoqpi.engine.trainer |   new best composite=0.7700
19:12:35 | INFO    | holoqpi.engine.trainer | epoch 5/60 (60s = 14s train + 46s val) | train_loss=0.8423  val_phase_mae=0.1847  val_dice=0.7844  val_cls_acc=0.4094  val_mass_mape=0.2321
19:12:36 | INFO    | holoqpi.engine.trainer |   epoch 6 step 0/140 loss=0.7257
19:12:38 | INFO    | holoqpi.engine.trainer |   epoch 6 step 20/140 loss=0.7044
19:12:39 | INFO    | holoqpi.engine.trainer |   epoch 6 step 40/140 loss=0.6681
19:12:41 | INFO    | holoqpi.engine.trainer |   epoch 6 step 60/140 loss=0.6614
19:12:43 | INFO    | holoqpi.engine.trainer |   epoch 6 step 80/140 loss=0.7558
19:12:45 | INFO    | holoqpi.engine.trainer |   epoch 6 step 100/140 loss=0.9290
19:12:46 | INFO    | holoqpi.engine.trainer |   epoch 6 step 120/140 loss=0.7953
19:13:34 | INFO    | holoqpi.engine.trainer | epoch 6/60 (59s = 13s train + 46s val) | train_loss=0.7993  val_phase_mae=0.1961  val_dice=0.7874  val_cls_acc=0.3622  val_mass_mape=0.3284
19:13:35 | INFO    | holoqpi.engine.trainer |   epoch 7 step 0/140 loss=1.0124
19:13:37 | INFO    | holoqpi.engine.trainer |   epoch 7 step 20/140 loss=0.8011
19:13:38 | INFO    | holoqpi.engine.trainer |   epoch 7 step 40/140 loss=0.7464
19:13:40 | INFO    | holoqpi.engine.trainer |   epoch 7 step 60/140 loss=0.6504
19:13:42 | INFO    | holoqpi.engine.trainer |   epoch 7 step 80/140 loss=0.8271
19:13:44 | INFO    | holoqpi.engine.trainer |   epoch 7 step 100/140 loss=0.7721
19:13:46 | INFO    | holoqpi.engine.trainer |   epoch 7 step 120/140 loss=0.7645
19:14:33 | INFO    | holoqpi.engine.trainer | epoch 7/60 (59s = 13s train + 46s val) | train_loss=0.7793  val_phase_mae=0.1931  val_dice=0.7825  val_cls_acc=0.3228  val_mass_mape=0.3180
19:14:34 | INFO    | holoqpi.engine.trainer |   epoch 8 step 0/140 loss=0.7376
19:14:36 | INFO    | holoqpi.engine.trainer |   epoch 8 step 20/140 loss=0.6937
19:14:38 | INFO    | holoqpi.engine.trainer |   epoch 8 step 40/140 loss=0.6533
19:14:39 | INFO    | holoqpi.engine.trainer |   epoch 8 step 60/140 loss=0.8006
19:14:41 | INFO    | holoqpi.engine.trainer |   epoch 8 step 80/140 loss=0.7427
19:14:43 | INFO    | holoqpi.engine.trainer |   epoch 8 step 100/140 loss=0.6849
19:14:45 | INFO    | holoqpi.engine.trainer |   epoch 8 step 120/140 loss=0.6331
19:15:32 | INFO    | holoqpi.engine.trainer | epoch 8/60 (59s = 13s train + 46s val) | train_loss=0.7663  val_phase_mae=0.1846  val_dice=0.7939  val_cls_acc=0.3465  val_mass_mape=0.2670
19:15:33 | INFO    | holoqpi.engine.trainer |   epoch 9 step 0/140 loss=0.6130
19:15:35 | INFO    | holoqpi.engine.trainer |   epoch 9 step 20/140 loss=0.7723
19:15:37 | INFO    | holoqpi.engine.trainer |   epoch 9 step 40/140 loss=0.7205
19:15:39 | INFO    | holoqpi.engine.trainer |   epoch 9 step 60/140 loss=0.7788
19:15:40 | INFO    | holoqpi.engine.trainer |   epoch 9 step 80/140 loss=0.7045
19:15:42 | INFO    | holoqpi.engine.trainer |   epoch 9 step 100/140 loss=0.7416
19:15:44 | INFO    | holoqpi.engine.trainer |   epoch 9 step 120/140 loss=0.6364
19:16:32 | INFO    | holoqpi.engine.trainer |   new best composite=0.7716
19:16:32 | INFO    | holoqpi.engine.trainer | epoch 9/60 (59s = 13s train + 46s val) | train_loss=0.7563  val_phase_mae=0.1911  val_dice=0.7902  val_cls_acc=0.3228  val_mass_mape=0.2439
19:16:32 | INFO    | holoqpi.engine.trainer |   epoch 10 step 0/140 loss=0.6456
19:16:34 | INFO    | holoqpi.engine.trainer |   epoch 10 step 20/140 loss=0.6982
19:16:36 | INFO    | holoqpi.engine.trainer |   epoch 10 step 40/140 loss=1.0496
19:16:38 | INFO    | holoqpi.engine.trainer |   epoch 10 step 60/140 loss=0.8491
19:16:40 | INFO    | holoqpi.engine.trainer |   epoch 10 step 80/140 loss=0.7472
19:16:42 | INFO    | holoqpi.engine.trainer |   epoch 10 step 100/140 loss=0.7011
19:16:44 | INFO    | holoqpi.engine.trainer |   epoch 10 step 120/140 loss=0.6348
19:17:32 | INFO    | holoqpi.engine.trainer |   new best composite=0.7813
19:17:32 | INFO    | holoqpi.engine.trainer | epoch 10/60 (59s = 14s train + 46s val) | train_loss=0.7417  val_phase_mae=0.1838  val_dice=0.7985  val_cls_acc=0.3858  val_mass_mape=0.2279
19:17:32 | INFO    | holoqpi.engine.trainer |   epoch 11 step 0/140 loss=0.7085
19:17:34 | INFO    | holoqpi.engine.trainer |   epoch 11 step 20/140 loss=0.7766
19:17:36 | INFO    | holoqpi.engine.trainer |   epoch 11 step 40/140 loss=0.6595
19:17:38 | INFO    | holoqpi.engine.trainer |   epoch 11 step 60/140 loss=0.6715
19:17:39 | INFO    | holoqpi.engine.trainer |   epoch 11 step 80/140 loss=0.8632
19:17:41 | INFO    | holoqpi.engine.trainer |   epoch 11 step 100/140 loss=0.8531
19:17:43 | INFO    | holoqpi.engine.trainer |   epoch 11 step 120/140 loss=0.9257
19:18:31 | INFO    | holoqpi.engine.trainer | epoch 11/60 (59s = 13s train + 46s val) | train_loss=0.7290  val_phase_mae=0.1834  val_dice=0.8045  val_cls_acc=0.5197  val_mass_mape=0.2440
19:18:31 | INFO    | holoqpi.engine.trainer |   epoch 12 step 0/140 loss=0.8443
19:18:33 | INFO    | holoqpi.engine.trainer |   epoch 12 step 20/140 loss=0.6474
19:18:35 | INFO    | holoqpi.engine.trainer |   epoch 12 step 40/140 loss=0.6892
19:18:37 | INFO    | holoqpi.engine.trainer |   epoch 12 step 60/140 loss=0.7186
19:18:38 | INFO    | holoqpi.engine.trainer |   epoch 12 step 80/140 loss=0.5821
19:18:40 | INFO    | holoqpi.engine.trainer |   epoch 12 step 100/140 loss=0.6033
19:18:42 | INFO    | holoqpi.engine.trainer |   epoch 12 step 120/140 loss=0.7120
19:19:30 | INFO    | holoqpi.engine.trainer |   new best composite=0.7873
19:19:30 | INFO    | holoqpi.engine.trainer | epoch 12/60 (59s = 13s train + 46s val) | train_loss=0.7113  val_phase_mae=0.1794  val_dice=0.8090  val_cls_acc=0.5512  val_mass_mape=0.2321
19:19:31 | INFO    | holoqpi.engine.trainer |   epoch 13 step 0/140 loss=0.8738
19:19:33 | INFO    | holoqpi.engine.trainer |   epoch 13 step 20/140 loss=0.8840
19:19:34 | INFO    | holoqpi.engine.trainer |   epoch 13 step 40/140 loss=0.6597
19:19:36 | INFO    | holoqpi.engine.trainer |   epoch 13 step 60/140 loss=0.6117
19:19:38 | INFO    | holoqpi.engine.trainer |   epoch 13 step 80/140 loss=0.5851
19:19:40 | INFO    | holoqpi.engine.trainer |   epoch 13 step 100/140 loss=0.8036
19:19:42 | INFO    | holoqpi.engine.trainer |   epoch 13 step 120/140 loss=0.7432
19:20:30 | INFO    | holoqpi.engine.trainer |   new best composite=0.7909
19:20:30 | INFO    | holoqpi.engine.trainer | epoch 13/60 (59s = 13s train + 46s val) | train_loss=0.7016  val_phase_mae=0.1796  val_dice=0.8066  val_cls_acc=0.4488  val_mass_mape=0.2158
19:20:30 | INFO    | holoqpi.engine.trainer |   epoch 14 step 0/140 loss=0.6949
19:20:32 | INFO    | holoqpi.engine.trainer |   epoch 14 step 20/140 loss=0.5741
19:20:34 | INFO    | holoqpi.engine.trainer |   epoch 14 step 40/140 loss=0.7401
19:20:36 | INFO    | holoqpi.engine.trainer |   epoch 14 step 60/140 loss=0.8378
19:20:37 | INFO    | holoqpi.engine.trainer |   epoch 14 step 80/140 loss=0.7503
19:20:39 | INFO    | holoqpi.engine.trainer |   epoch 14 step 100/140 loss=0.7388
19:20:41 | INFO    | holoqpi.engine.trainer |   epoch 14 step 120/140 loss=0.6562
19:21:29 | INFO    | holoqpi.engine.trainer | epoch 14/60 (59s = 13s train + 46s val) | train_loss=0.6970  val_phase_mae=0.1818  val_dice=0.8026  val_cls_acc=0.4488  val_mass_mape=0.2114
19:21:29 | INFO    | holoqpi.engine.trainer |   epoch 15 step 0/140 loss=0.5657
19:21:31 | INFO    | holoqpi.engine.trainer |   epoch 15 step 20/140 loss=0.6862
19:21:33 | INFO    | holoqpi.engine.trainer |   epoch 15 step 40/140 loss=0.7599
19:21:34 | INFO    | holoqpi.engine.trainer |   epoch 15 step 60/140 loss=0.8333
19:21:36 | INFO    | holoqpi.engine.trainer |   epoch 15 step 80/140 loss=0.6799
19:21:38 | INFO    | holoqpi.engine.trainer |   epoch 15 step 100/140 loss=0.6886
19:21:40 | INFO    | holoqpi.engine.trainer |   epoch 15 step 120/140 loss=0.6789
19:22:28 | INFO    | holoqpi.engine.trainer |   new best composite=0.7921
19:22:28 | INFO    | holoqpi.engine.trainer | epoch 15/60 (59s = 13s train + 46s val) | train_loss=0.6910  val_phase_mae=0.1777  val_dice=0.8084  val_cls_acc=0.5669  val_mass_mape=0.2114
19:22:28 | INFO    | holoqpi.engine.trainer |   epoch 16 step 0/140 loss=0.7203
19:22:30 | INFO    | holoqpi.engine.trainer |   epoch 16 step 20/140 loss=0.6867
19:22:32 | INFO    | holoqpi.engine.trainer |   epoch 16 step 40/140 loss=0.5694
19:22:34 | INFO    | holoqpi.engine.trainer |   epoch 16 step 60/140 loss=0.7352
19:22:36 | INFO    | holoqpi.engine.trainer |   epoch 16 step 80/140 loss=0.8706
19:22:38 | INFO    | holoqpi.engine.trainer |   epoch 16 step 100/140 loss=0.6329
19:22:39 | INFO    | holoqpi.engine.trainer |   epoch 16 step 120/140 loss=0.6171
19:23:27 | INFO    | holoqpi.engine.trainer | epoch 16/60 (59s = 13s train + 46s val) | train_loss=0.6897  val_phase_mae=0.1824  val_dice=0.8073  val_cls_acc=0.4567  val_mass_mape=0.2315
19:23:27 | INFO    | holoqpi.engine.trainer |   epoch 17 step 0/140 loss=0.7164
19:23:29 | INFO    | holoqpi.engine.trainer |   epoch 17 step 20/140 loss=0.6728
19:23:31 | INFO    | holoqpi.engine.trainer |   epoch 17 step 40/140 loss=0.6266
19:23:33 | INFO    | holoqpi.engine.trainer |   epoch 17 step 60/140 loss=0.5564
19:23:35 | INFO    | holoqpi.engine.trainer |   epoch 17 step 80/140 loss=0.8526
19:23:36 | INFO    | holoqpi.engine.trainer |   epoch 17 step 100/140 loss=0.5647
19:23:38 | INFO    | holoqpi.engine.trainer |   epoch 17 step 120/140 loss=0.6233
19:24:26 | INFO    | holoqpi.engine.trainer |   new best composite=0.7938
19:24:26 | INFO    | holoqpi.engine.trainer | epoch 17/60 (58s = 13s train + 45s val) | train_loss=0.6718  val_phase_mae=0.1812  val_dice=0.8045  val_cls_acc=0.4882  val_mass_mape=0.2011
19:24:26 | INFO    | holoqpi.engine.trainer |   epoch 18 step 0/140 loss=0.6691
19:24:28 | INFO    | holoqpi.engine.trainer |   epoch 18 step 20/140 loss=0.8316
19:24:30 | INFO    | holoqpi.engine.trainer |   epoch 18 step 40/140 loss=0.9227
19:24:32 | INFO    | holoqpi.engine.trainer |   epoch 18 step 60/140 loss=0.5971
19:24:33 | INFO    | holoqpi.engine.trainer |   epoch 18 step 80/140 loss=0.5618
19:24:35 | INFO    | holoqpi.engine.trainer |   epoch 18 step 100/140 loss=0.7837
19:24:37 | INFO    | holoqpi.engine.trainer |   epoch 18 step 120/140 loss=0.6036
19:25:25 | INFO    | holoqpi.engine.trainer | epoch 18/60 (59s = 13s train + 46s val) | train_loss=0.6774  val_phase_mae=0.1785  val_dice=0.8090  val_cls_acc=0.4567  val_mass_mape=0.2243
19:25:26 | INFO    | holoqpi.engine.trainer |   epoch 19 step 0/140 loss=0.6208
19:25:27 | INFO    | holoqpi.engine.trainer |   epoch 19 step 20/140 loss=0.5937
19:25:29 | INFO    | holoqpi.engine.trainer |   epoch 19 step 40/140 loss=0.6313
19:25:31 | INFO    | holoqpi.engine.trainer |   epoch 19 step 60/140 loss=0.6109
19:25:33 | INFO    | holoqpi.engine.trainer |   epoch 19 step 80/140 loss=0.6151
19:25:35 | INFO    | holoqpi.engine.trainer |   epoch 19 step 100/140 loss=0.7702
19:25:36 | INFO    | holoqpi.engine.trainer |   epoch 19 step 120/140 loss=0.6201
19:26:24 | INFO    | holoqpi.engine.trainer | epoch 19/60 (59s = 13s train + 46s val) | train_loss=0.6607  val_phase_mae=0.1839  val_dice=0.8118  val_cls_acc=0.5276  val_mass_mape=0.2928
19:26:25 | INFO    | holoqpi.engine.trainer |   epoch 20 step 0/140 loss=0.5820
19:26:27 | INFO    | holoqpi.engine.trainer |   epoch 20 step 20/140 loss=0.6089
19:26:28 | INFO    | holoqpi.engine.trainer |   epoch 20 step 40/140 loss=0.5698
19:26:30 | INFO    | holoqpi.engine.trainer |   epoch 20 step 60/140 loss=0.6446
19:26:32 | INFO    | holoqpi.engine.trainer |   epoch 20 step 80/140 loss=0.6100
19:26:34 | INFO    | holoqpi.engine.trainer |   epoch 20 step 100/140 loss=0.6539
19:26:36 | INFO    | holoqpi.engine.trainer |   epoch 20 step 120/140 loss=0.6734
19:27:24 | INFO    | holoqpi.engine.trainer |   new best composite=0.7987
19:27:24 | INFO    | holoqpi.engine.trainer | epoch 20/60 (59s = 13s train + 46s val) | train_loss=0.6740  val_phase_mae=0.1775  val_dice=0.8143  val_cls_acc=0.4488  val_mass_mape=0.2111
19:27:25 | INFO    | holoqpi.engine.trainer |   epoch 21 step 0/140 loss=0.5295
19:27:26 | INFO    | holoqpi.engine.trainer |   epoch 21 step 20/140 loss=0.5881
19:27:28 | INFO    | holoqpi.engine.trainer |   epoch 21 step 40/140 loss=0.7895
19:27:30 | INFO    | holoqpi.engine.trainer |   epoch 21 step 60/140 loss=0.5067
19:27:32 | INFO    | holoqpi.engine.trainer |   epoch 21 step 80/140 loss=0.5732
19:27:34 | INFO    | holoqpi.engine.trainer |   epoch 21 step 100/140 loss=0.7687
19:27:36 | INFO    | holoqpi.engine.trainer |   epoch 21 step 120/140 loss=0.5542
19:28:23 | INFO    | holoqpi.engine.trainer | epoch 21/60 (59s = 13s train + 46s val) | train_loss=0.6447  val_phase_mae=0.1697  val_dice=0.8146  val_cls_acc=0.5512  val_mass_mape=0.2276
19:28:24 | INFO    | holoqpi.engine.trainer |   epoch 22 step 0/140 loss=0.6080
19:28:25 | INFO    | holoqpi.engine.trainer |   epoch 22 step 20/140 loss=0.7590
19:28:27 | INFO    | holoqpi.engine.trainer |   epoch 22 step 40/140 loss=0.6033
19:28:29 | INFO    | holoqpi.engine.trainer |   epoch 22 step 60/140 loss=0.7494
19:28:31 | INFO    | holoqpi.engine.trainer |   epoch 22 step 80/140 loss=0.5457
19:28:33 | INFO    | holoqpi.engine.trainer |   epoch 22 step 100/140 loss=0.6001
19:28:34 | INFO    | holoqpi.engine.trainer |   epoch 22 step 120/140 loss=0.6078
19:29:22 | INFO    | holoqpi.engine.trainer | epoch 22/60 (59s = 13s train + 46s val) | train_loss=0.6453  val_phase_mae=0.1796  val_dice=0.8129  val_cls_acc=0.6378  val_mass_mape=0.2320
19:29:23 | INFO    | holoqpi.engine.trainer |   epoch 23 step 0/140 loss=0.6822
19:29:25 | INFO    | holoqpi.engine.trainer |   epoch 23 step 20/140 loss=0.6461
19:29:26 | INFO    | holoqpi.engine.trainer |   epoch 23 step 40/140 loss=0.6027
19:29:28 | INFO    | holoqpi.engine.trainer |   epoch 23 step 60/140 loss=0.5033
19:29:30 | INFO    | holoqpi.engine.trainer |   epoch 23 step 80/140 loss=0.5175
19:29:32 | INFO    | holoqpi.engine.trainer |   epoch 23 step 100/140 loss=0.6273
19:29:34 | INFO    | holoqpi.engine.trainer |   epoch 23 step 120/140 loss=0.7388
19:30:22 | INFO    | holoqpi.engine.trainer | epoch 23/60 (59s = 13s train + 46s val) | train_loss=0.6323  val_phase_mae=0.1759  val_dice=0.8142  val_cls_acc=0.5197  val_mass_mape=0.2859
19:30:22 | INFO    | holoqpi.engine.trainer |   epoch 24 step 0/140 loss=0.7417
19:30:24 | INFO    | holoqpi.engine.trainer |   epoch 24 step 20/140 loss=0.7175
19:30:26 | INFO    | holoqpi.engine.trainer |   epoch 24 step 40/140 loss=0.6683
19:30:28 | INFO    | holoqpi.engine.trainer |   epoch 24 step 60/140 loss=0.6465
19:30:30 | INFO    | holoqpi.engine.trainer |   epoch 24 step 80/140 loss=0.5886
19:30:31 | INFO    | holoqpi.engine.trainer |   epoch 24 step 100/140 loss=0.8463
19:30:33 | INFO    | holoqpi.engine.trainer |   epoch 24 step 120/140 loss=0.6626
19:31:21 | INFO    | holoqpi.engine.trainer | epoch 24/60 (59s = 13s train + 46s val) | train_loss=0.6345  val_phase_mae=0.1808  val_dice=0.8149  val_cls_acc=0.5748  val_mass_mape=0.2212
19:31:22 | INFO    | holoqpi.engine.trainer |   epoch 25 step 0/140 loss=0.5891
19:31:23 | INFO    | holoqpi.engine.trainer |   epoch 25 step 20/140 loss=0.5325
19:31:25 | INFO    | holoqpi.engine.trainer |   epoch 25 step 40/140 loss=0.5818
19:31:27 | INFO    | holoqpi.engine.trainer |   epoch 25 step 60/140 loss=0.5473
19:31:29 | INFO    | holoqpi.engine.trainer |   epoch 25 step 80/140 loss=0.6235
19:31:31 | INFO    | holoqpi.engine.trainer |   epoch 25 step 100/140 loss=0.6148
19:31:32 | INFO    | holoqpi.engine.trainer |   epoch 25 step 120/140 loss=0.5274
19:32:21 | INFO    | holoqpi.engine.trainer | epoch 25/60 (60s = 13s train + 46s val) | train_loss=0.6282  val_phase_mae=0.1770  val_dice=0.8131  val_cls_acc=0.6220  val_mass_mape=0.2018
19:32:21 | INFO    | holoqpi.engine.trainer |   epoch 26 step 0/140 loss=0.5742
19:32:23 | INFO    | holoqpi.engine.trainer |   epoch 26 step 20/140 loss=0.5448
19:32:25 | INFO    | holoqpi.engine.trainer |   epoch 26 step 40/140 loss=0.5333
19:32:27 | INFO    | holoqpi.engine.trainer |   epoch 26 step 60/140 loss=0.6212
19:32:28 | INFO    | holoqpi.engine.trainer |   epoch 26 step 80/140 loss=0.6459
19:32:30 | INFO    | holoqpi.engine.trainer |   epoch 26 step 100/140 loss=0.7556
19:32:32 | INFO    | holoqpi.engine.trainer |   epoch 26 step 120/140 loss=0.6158
19:33:20 | INFO    | holoqpi.engine.trainer |   new best composite=0.8031
19:33:20 | INFO    | holoqpi.engine.trainer | epoch 26/60 (59s = 13s train + 46s val) | train_loss=0.6250  val_phase_mae=0.1756  val_dice=0.8167  val_cls_acc=0.6378  val_mass_mape=0.1998
19:33:20 | INFO    | holoqpi.engine.trainer |   epoch 27 step 0/140 loss=0.5097
19:33:22 | INFO    | holoqpi.engine.trainer |   epoch 27 step 20/140 loss=0.5712
19:33:24 | INFO    | holoqpi.engine.trainer |   epoch 27 step 40/140 loss=0.5417
19:33:26 | INFO    | holoqpi.engine.trainer |   epoch 27 step 60/140 loss=0.5841
19:33:28 | INFO    | holoqpi.engine.trainer |   epoch 27 step 80/140 loss=0.5651
19:33:30 | INFO    | holoqpi.engine.trainer |   epoch 27 step 100/140 loss=0.6355
19:33:31 | INFO    | holoqpi.engine.trainer |   epoch 27 step 120/140 loss=0.7842
19:34:19 | INFO    | holoqpi.engine.trainer |   new best composite=0.8056
19:34:19 | INFO    | holoqpi.engine.trainer | epoch 27/60 (59s = 13s train + 46s val) | train_loss=0.6165  val_phase_mae=0.1735  val_dice=0.8168  val_cls_acc=0.4646  val_mass_mape=0.1929
19:34:20 | INFO    | holoqpi.engine.trainer |   epoch 28 step 0/140 loss=0.7058
19:34:22 | INFO    | holoqpi.engine.trainer |   epoch 28 step 20/140 loss=0.4975
19:34:24 | INFO    | holoqpi.engine.trainer |   epoch 28 step 40/140 loss=0.4093
19:34:26 | INFO    | holoqpi.engine.trainer |   epoch 28 step 60/140 loss=0.7334
19:34:27 | INFO    | holoqpi.engine.trainer |   epoch 28 step 80/140 loss=0.5418
19:34:29 | INFO    | holoqpi.engine.trainer |   epoch 28 step 100/140 loss=0.6703
19:34:31 | INFO    | holoqpi.engine.trainer |   epoch 28 step 120/140 loss=0.5859
19:35:18 | INFO    | holoqpi.engine.trainer | epoch 28/60 (59s = 13s train + 46s val) | train_loss=0.6153  val_phase_mae=0.1751  val_dice=0.8162  val_cls_acc=0.4252  val_mass_mape=0.1992
19:35:19 | INFO    | holoqpi.engine.trainer |   epoch 29 step 0/140 loss=0.4695
19:35:21 | INFO    | holoqpi.engine.trainer |   epoch 29 step 20/140 loss=0.5962
19:35:23 | INFO    | holoqpi.engine.trainer |   epoch 29 step 40/140 loss=0.6704
19:35:25 | INFO    | holoqpi.engine.trainer |   epoch 29 step 60/140 loss=0.6017
19:35:26 | INFO    | holoqpi.engine.trainer |   epoch 29 step 80/140 loss=0.4612
19:35:28 | INFO    | holoqpi.engine.trainer |   epoch 29 step 100/140 loss=0.5999
19:35:30 | INFO    | holoqpi.engine.trainer |   epoch 29 step 120/140 loss=0.5457
19:36:18 | INFO    | holoqpi.engine.trainer | epoch 29/60 (60s = 13s train + 46s val) | train_loss=0.5912  val_phase_mae=0.1742  val_dice=0.8162  val_cls_acc=0.6063  val_mass_mape=0.1949
19:36:19 | INFO    | holoqpi.engine.trainer |   epoch 30 step 0/140 loss=0.6435
19:36:20 | INFO    | holoqpi.engine.trainer |   epoch 30 step 20/140 loss=0.6222
19:36:22 | INFO    | holoqpi.engine.trainer |   epoch 30 step 40/140 loss=0.6955
19:36:24 | INFO    | holoqpi.engine.trainer |   epoch 30 step 60/140 loss=0.5238
19:36:26 | INFO    | holoqpi.engine.trainer |   epoch 30 step 80/140 loss=0.5562
19:36:28 | INFO    | holoqpi.engine.trainer |   epoch 30 step 100/140 loss=0.5278
19:36:29 | INFO    | holoqpi.engine.trainer |   epoch 30 step 120/140 loss=0.5813
19:37:17 | INFO    | holoqpi.engine.trainer |   new best composite=0.8058
19:37:17 | INFO    | holoqpi.engine.trainer | epoch 30/60 (59s = 13s train + 46s val) | train_loss=0.6088  val_phase_mae=0.1747  val_dice=0.8177  val_cls_acc=0.6142  val_mass_mape=0.1909
19:37:18 | INFO    | holoqpi.engine.trainer |   epoch 31 step 0/140 loss=0.5568
19:37:20 | INFO    | holoqpi.engine.trainer |   epoch 31 step 20/140 loss=0.6168
19:37:21 | INFO    | holoqpi.engine.trainer |   epoch 31 step 40/140 loss=0.5177
19:37:23 | INFO    | holoqpi.engine.trainer |   epoch 31 step 60/140 loss=0.6506
19:37:25 | INFO    | holoqpi.engine.trainer |   epoch 31 step 80/140 loss=0.6155
19:37:27 | INFO    | holoqpi.engine.trainer |   epoch 31 step 100/140 loss=0.4902
19:37:29 | INFO    | holoqpi.engine.trainer |   epoch 31 step 120/140 loss=0.6927
19:38:16 | INFO    | holoqpi.engine.trainer |   new best composite=0.8062
19:38:16 | INFO    | holoqpi.engine.trainer | epoch 31/60 (59s = 13s train + 46s val) | train_loss=0.5973  val_phase_mae=0.1714  val_dice=0.8191  val_cls_acc=0.6535  val_mass_mape=0.1921
19:38:17 | INFO    | holoqpi.engine.trainer |   epoch 32 step 0/140 loss=0.4718
19:38:19 | INFO    | holoqpi.engine.trainer |   epoch 32 step 20/140 loss=0.5567
19:38:21 | INFO    | holoqpi.engine.trainer |   epoch 32 step 40/140 loss=0.4219
19:38:22 | INFO    | holoqpi.engine.trainer |   epoch 32 step 60/140 loss=0.8854
19:38:24 | INFO    | holoqpi.engine.trainer |   epoch 32 step 80/140 loss=0.5555
19:38:26 | INFO    | holoqpi.engine.trainer |   epoch 32 step 100/140 loss=0.6038
19:38:28 | INFO    | holoqpi.engine.trainer |   epoch 32 step 120/140 loss=0.5766
19:39:16 | INFO    | holoqpi.engine.trainer | epoch 32/60 (59s = 13s train + 46s val) | train_loss=0.5947  val_phase_mae=0.1768  val_dice=0.8149  val_cls_acc=0.6850  val_mass_mape=0.2406
19:39:16 | INFO    | holoqpi.engine.trainer |   epoch 33 step 0/140 loss=0.5632
19:39:18 | INFO    | holoqpi.engine.trainer |   epoch 33 step 20/140 loss=0.6874
19:39:20 | INFO    | holoqpi.engine.trainer |   epoch 33 step 40/140 loss=0.6053
19:39:22 | INFO    | holoqpi.engine.trainer |   epoch 33 step 60/140 loss=0.5890
19:39:23 | INFO    | holoqpi.engine.trainer |   epoch 33 step 80/140 loss=0.7042
19:39:25 | INFO    | holoqpi.engine.trainer |   epoch 33 step 100/140 loss=0.5590
19:39:27 | INFO    | holoqpi.engine.trainer |   epoch 33 step 120/140 loss=0.4856
19:40:15 | INFO    | holoqpi.engine.trainer | epoch 33/60 (59s = 13s train + 46s val) | train_loss=0.5759  val_phase_mae=0.1746  val_dice=0.8167  val_cls_acc=0.5827  val_mass_mape=0.1962
19:40:15 | INFO    | holoqpi.engine.trainer |   epoch 34 step 0/140 loss=0.6460
19:40:17 | INFO    | holoqpi.engine.trainer |   epoch 34 step 20/140 loss=0.6480
19:40:19 | INFO    | holoqpi.engine.trainer |   epoch 34 step 40/140 loss=0.5226
19:40:21 | INFO    | holoqpi.engine.trainer |   epoch 34 step 60/140 loss=0.6835
19:40:23 | INFO    | holoqpi.engine.trainer |   epoch 34 step 80/140 loss=0.6001
19:40:24 | INFO    | holoqpi.engine.trainer |   epoch 34 step 100/140 loss=0.4743
19:40:26 | INFO    | holoqpi.engine.trainer |   epoch 34 step 120/140 loss=0.5821
19:41:14 | INFO    | holoqpi.engine.trainer |   new best composite=0.8068
19:41:14 | INFO    | holoqpi.engine.trainer | epoch 34/60 (59s = 13s train + 46s val) | train_loss=0.5719  val_phase_mae=0.1770  val_dice=0.8202  val_cls_acc=0.6535  val_mass_mape=0.1903
19:41:15 | INFO    | holoqpi.engine.trainer |   epoch 35 step 0/140 loss=0.7059
19:41:17 | INFO    | holoqpi.engine.trainer |   epoch 35 step 20/140 loss=0.4239
19:41:18 | INFO    | holoqpi.engine.trainer |   epoch 35 step 40/140 loss=0.5653
19:41:20 | INFO    | holoqpi.engine.trainer |   epoch 35 step 60/140 loss=0.6400
19:41:22 | INFO    | holoqpi.engine.trainer |   epoch 35 step 80/140 loss=0.5893
19:41:24 | INFO    | holoqpi.engine.trainer |   epoch 35 step 100/140 loss=0.5925
19:41:26 | INFO    | holoqpi.engine.trainer |   epoch 35 step 120/140 loss=0.6322
19:42:14 | INFO    | holoqpi.engine.trainer | epoch 35/60 (59s = 13s train + 46s val) | train_loss=0.5756  val_phase_mae=0.1764  val_dice=0.8170  val_cls_acc=0.5354  val_mass_mape=0.1977
19:42:14 | INFO    | holoqpi.engine.trainer |   epoch 36 step 0/140 loss=0.5542
19:42:16 | INFO    | holoqpi.engine.trainer |   epoch 36 step 20/140 loss=0.5277
19:42:18 | INFO    | holoqpi.engine.trainer |   epoch 36 step 40/140 loss=0.7944
19:42:19 | INFO    | holoqpi.engine.trainer |   epoch 36 step 60/140 loss=0.5226
19:42:21 | INFO    | holoqpi.engine.trainer |   epoch 36 step 80/140 loss=0.6386
19:42:23 | INFO    | holoqpi.engine.trainer |   epoch 36 step 100/140 loss=0.4459
19:42:25 | INFO    | holoqpi.engine.trainer |   epoch 36 step 120/140 loss=0.7362
19:43:13 | INFO    | holoqpi.engine.trainer | epoch 36/60 (59s = 13s train + 46s val) | train_loss=0.5810  val_phase_mae=0.1782  val_dice=0.8195  val_cls_acc=0.6457  val_mass_mape=0.2075
19:43:13 | INFO    | holoqpi.engine.trainer |   epoch 37 step 0/140 loss=0.4016
19:43:15 | INFO    | holoqpi.engine.trainer |   epoch 37 step 20/140 loss=0.5295
19:43:17 | INFO    | holoqpi.engine.trainer |   epoch 37 step 40/140 loss=0.8054
19:43:19 | INFO    | holoqpi.engine.trainer |   epoch 37 step 60/140 loss=0.3855
19:43:21 | INFO    | holoqpi.engine.trainer |   epoch 37 step 80/140 loss=0.6630
19:43:22 | INFO    | holoqpi.engine.trainer |   epoch 37 step 100/140 loss=0.5090
19:43:24 | INFO    | holoqpi.engine.trainer |   epoch 37 step 120/140 loss=0.5667
19:44:12 | INFO    | holoqpi.engine.trainer | epoch 37/60 (59s = 13s train + 46s val) | train_loss=0.5655  val_phase_mae=0.1789  val_dice=0.8183  val_cls_acc=0.5512  val_mass_mape=0.2366
19:44:13 | INFO    | holoqpi.engine.trainer |   epoch 38 step 0/140 loss=0.7514
19:44:14 | INFO    | holoqpi.engine.trainer |   epoch 38 step 20/140 loss=0.6452
19:44:16 | INFO    | holoqpi.engine.trainer |   epoch 38 step 40/140 loss=0.7332
19:44:18 | INFO    | holoqpi.engine.trainer |   epoch 38 step 60/140 loss=0.5637
19:44:20 | INFO    | holoqpi.engine.trainer |   epoch 38 step 80/140 loss=0.7591
19:44:22 | INFO    | holoqpi.engine.trainer |   epoch 38 step 100/140 loss=0.4818
19:44:23 | INFO    | holoqpi.engine.trainer |   epoch 38 step 120/140 loss=0.4591
19:45:11 | INFO    | holoqpi.engine.trainer | epoch 38/60 (59s = 13s train + 46s val) | train_loss=0.5626  val_phase_mae=0.1736  val_dice=0.8195  val_cls_acc=0.6693  val_mass_mape=0.1903
19:45:11 | INFO    | holoqpi.engine.trainer |   epoch 39 step 0/140 loss=0.5062
19:45:13 | INFO    | holoqpi.engine.trainer |   epoch 39 step 20/140 loss=0.5460
19:45:15 | INFO    | holoqpi.engine.trainer |   epoch 39 step 40/140 loss=0.7651
19:45:17 | INFO    | holoqpi.engine.trainer |   epoch 39 step 60/140 loss=0.5481
19:45:19 | INFO    | holoqpi.engine.trainer |   epoch 39 step 80/140 loss=0.4013
19:45:20 | INFO    | holoqpi.engine.trainer |   epoch 39 step 100/140 loss=0.4312
19:45:22 | INFO    | holoqpi.engine.trainer |   epoch 39 step 120/140 loss=0.4959
19:46:10 | INFO    | holoqpi.engine.trainer |   new best composite=0.8068
19:46:10 | INFO    | holoqpi.engine.trainer | epoch 39/60 (59s = 13s train + 46s val) | train_loss=0.5706  val_phase_mae=0.1730  val_dice=0.8201  val_cls_acc=0.6220  val_mass_mape=0.1931
19:46:11 | INFO    | holoqpi.engine.trainer |   epoch 40 step 0/140 loss=0.4218
19:46:13 | INFO    | holoqpi.engine.trainer |   epoch 40 step 20/140 loss=0.5606
19:46:14 | INFO    | holoqpi.engine.trainer |   epoch 40 step 40/140 loss=0.5386
19:46:16 | INFO    | holoqpi.engine.trainer |   epoch 40 step 60/140 loss=0.5157
19:46:18 | INFO    | holoqpi.engine.trainer |   epoch 40 step 80/140 loss=0.4557
19:46:20 | INFO    | holoqpi.engine.trainer |   epoch 40 step 100/140 loss=0.5354
19:46:22 | INFO    | holoqpi.engine.trainer |   epoch 40 step 120/140 loss=0.5195
19:47:10 | INFO    | holoqpi.engine.trainer |   new best composite=0.8081
19:47:10 | INFO    | holoqpi.engine.trainer | epoch 40/60 (59s = 14s train + 46s val) | train_loss=0.5601  val_phase_mae=0.1710  val_dice=0.8210  val_cls_acc=0.6772  val_mass_mape=0.1883
19:47:10 | INFO    | holoqpi.engine.trainer |   epoch 41 step 0/140 loss=0.5165
19:47:12 | INFO    | holoqpi.engine.trainer |   epoch 41 step 20/140 loss=0.5424
19:47:14 | INFO    | holoqpi.engine.trainer |   epoch 41 step 40/140 loss=0.4599
19:47:16 | INFO    | holoqpi.engine.trainer |   epoch 41 step 60/140 loss=0.5160
19:47:18 | INFO    | holoqpi.engine.trainer |   epoch 41 step 80/140 loss=0.6400
19:47:19 | INFO    | holoqpi.engine.trainer |   epoch 41 step 100/140 loss=0.5594
19:47:21 | INFO    | holoqpi.engine.trainer |   epoch 41 step 120/140 loss=0.5808
19:48:09 | INFO    | holoqpi.engine.trainer | epoch 41/60 (59s = 13s train + 46s val) | train_loss=0.5414  val_phase_mae=0.1733  val_dice=0.8221  val_cls_acc=0.6220  val_mass_mape=0.2000
19:48:09 | INFO    | holoqpi.engine.trainer |   epoch 42 step 0/140 loss=0.4380
19:48:11 | INFO    | holoqpi.engine.trainer |   epoch 42 step 20/140 loss=0.4330
19:48:13 | INFO    | holoqpi.engine.trainer |   epoch 42 step 40/140 loss=0.4786
19:48:15 | INFO    | holoqpi.engine.trainer |   epoch 42 step 60/140 loss=0.5452
19:48:17 | INFO    | holoqpi.engine.trainer |   epoch 42 step 80/140 loss=0.5513
19:48:19 | INFO    | holoqpi.engine.trainer |   epoch 42 step 100/140 loss=0.7356
19:48:20 | INFO    | holoqpi.engine.trainer |   epoch 42 step 120/140 loss=0.4632
19:49:08 | INFO    | holoqpi.engine.trainer |   new best composite=0.8088
19:49:08 | INFO    | holoqpi.engine.trainer | epoch 42/60 (59s = 13s train + 46s val) | train_loss=0.5503  val_phase_mae=0.1709  val_dice=0.8200  val_cls_acc=0.6535  val_mass_mape=0.1879
19:49:09 | INFO    | holoqpi.engine.trainer |   epoch 43 step 0/140 loss=0.5333
19:49:11 | INFO    | holoqpi.engine.trainer |   epoch 43 step 20/140 loss=0.4677
19:49:12 | INFO    | holoqpi.engine.trainer |   epoch 43 step 40/140 loss=0.5413
19:49:14 | INFO    | holoqpi.engine.trainer |   epoch 43 step 60/140 loss=0.4459
19:49:16 | INFO    | holoqpi.engine.trainer |   epoch 43 step 80/140 loss=0.7715
19:49:18 | INFO    | holoqpi.engine.trainer |   epoch 43 step 100/140 loss=0.5448
19:49:20 | INFO    | holoqpi.engine.trainer |   epoch 43 step 120/140 loss=0.4468
19:50:08 | INFO    | holoqpi.engine.trainer | epoch 43/60 (60s = 13s train + 47s val) | train_loss=0.5385  val_phase_mae=0.1749  val_dice=0.8217  val_cls_acc=0.6142  val_mass_mape=0.2039
19:50:09 | INFO    | holoqpi.engine.trainer |   epoch 44 step 0/140 loss=0.5647
19:50:10 | INFO    | holoqpi.engine.trainer |   epoch 44 step 20/140 loss=0.4748
19:50:12 | INFO    | holoqpi.engine.trainer |   epoch 44 step 40/140 loss=0.9301
19:50:14 | INFO    | holoqpi.engine.trainer |   epoch 44 step 60/140 loss=0.5406
19:50:16 | INFO    | holoqpi.engine.trainer |   epoch 44 step 80/140 loss=0.6323
19:50:17 | INFO    | holoqpi.engine.trainer |   epoch 44 step 100/140 loss=0.6532
19:50:19 | INFO    | holoqpi.engine.trainer |   epoch 44 step 120/140 loss=0.4228
19:51:07 | INFO    | holoqpi.engine.trainer |   new best composite=0.8093
19:51:07 | INFO    | holoqpi.engine.trainer | epoch 44/60 (59s = 13s train + 46s val) | train_loss=0.5427  val_phase_mae=0.1707  val_dice=0.8226  val_cls_acc=0.5906  val_mass_mape=0.1911
19:51:08 | INFO    | holoqpi.engine.trainer |   epoch 45 step 0/140 loss=0.5729
19:51:10 | INFO    | holoqpi.engine.trainer |   epoch 45 step 20/140 loss=0.6133
19:51:12 | INFO    | holoqpi.engine.trainer |   epoch 45 step 40/140 loss=0.5153
19:51:13 | INFO    | holoqpi.engine.trainer |   epoch 45 step 60/140 loss=0.5215
19:51:15 | INFO    | holoqpi.engine.trainer |   epoch 45 step 80/140 loss=0.4526
19:51:17 | INFO    | holoqpi.engine.trainer |   epoch 45 step 100/140 loss=0.5718
19:51:19 | INFO    | holoqpi.engine.trainer |   epoch 45 step 120/140 loss=0.5526
19:52:07 | INFO    | holoqpi.engine.trainer |   new best composite=0.8101
19:52:07 | INFO    | holoqpi.engine.trainer | epoch 45/60 (59s = 13s train + 46s val) | train_loss=0.5298  val_phase_mae=0.1724  val_dice=0.8232  val_cls_acc=0.4882  val_mass_mape=0.1883
19:52:07 | INFO    | holoqpi.engine.trainer |   epoch 46 step 0/140 loss=0.4558
19:52:09 | INFO    | holoqpi.engine.trainer |   epoch 46 step 20/140 loss=0.4559
19:52:11 | INFO    | holoqpi.engine.trainer |   epoch 46 step 40/140 loss=0.5121
19:52:13 | INFO    | holoqpi.engine.trainer |   epoch 46 step 60/140 loss=0.4902
19:52:14 | INFO    | holoqpi.engine.trainer |   epoch 46 step 80/140 loss=0.5689
19:52:16 | INFO    | holoqpi.engine.trainer |   epoch 46 step 100/140 loss=0.7068
19:52:18 | INFO    | holoqpi.engine.trainer |   epoch 46 step 120/140 loss=0.4919
19:53:06 | INFO    | holoqpi.engine.trainer | epoch 46/60 (59s = 13s train + 46s val) | train_loss=0.5337  val_phase_mae=0.1719  val_dice=0.8209  val_cls_acc=0.5748  val_mass_mape=0.2028
19:53:06 | INFO    | holoqpi.engine.trainer |   epoch 47 step 0/140 loss=0.4635
19:53:08 | INFO    | holoqpi.engine.trainer |   epoch 47 step 20/140 loss=0.5124
19:53:10 | INFO    | holoqpi.engine.trainer |   epoch 47 step 40/140 loss=0.4555
19:53:11 | INFO    | holoqpi.engine.trainer |   epoch 47 step 60/140 loss=0.4175
19:53:13 | INFO    | holoqpi.engine.trainer |   epoch 47 step 80/140 loss=0.5797
19:53:15 | INFO    | holoqpi.engine.trainer |   epoch 47 step 100/140 loss=0.5213
19:53:17 | INFO    | holoqpi.engine.trainer |   epoch 47 step 120/140 loss=0.4303
19:54:05 | INFO    | holoqpi.engine.trainer | epoch 47/60 (59s = 13s train + 46s val) | train_loss=0.5236  val_phase_mae=0.1724  val_dice=0.8232  val_cls_acc=0.7087  val_mass_mape=0.1894
19:54:05 | INFO    | holoqpi.engine.trainer |   epoch 48 step 0/140 loss=0.4840
19:54:07 | INFO    | holoqpi.engine.trainer |   epoch 48 step 20/140 loss=0.4956
19:54:09 | INFO    | holoqpi.engine.trainer |   epoch 48 step 40/140 loss=0.4586
19:54:11 | INFO    | holoqpi.engine.trainer |   epoch 48 step 60/140 loss=0.5831
19:54:12 | INFO    | holoqpi.engine.trainer |   epoch 48 step 80/140 loss=0.4386
19:54:14 | INFO    | holoqpi.engine.trainer |   epoch 48 step 100/140 loss=0.4787
19:54:16 | INFO    | holoqpi.engine.trainer |   epoch 48 step 120/140 loss=0.4823
19:55:04 | INFO    | holoqpi.engine.trainer | epoch 48/60 (59s = 13s train + 46s val) | train_loss=0.5247  val_phase_mae=0.1730  val_dice=0.8227  val_cls_acc=0.6614  val_mass_mape=0.1896
19:55:04 | INFO    | holoqpi.engine.trainer |   epoch 49 step 0/140 loss=0.6705
19:55:06 | INFO    | holoqpi.engine.trainer |   epoch 49 step 20/140 loss=0.7121
19:55:08 | INFO    | holoqpi.engine.trainer |   epoch 49 step 40/140 loss=0.5319
19:55:10 | INFO    | holoqpi.engine.trainer |   epoch 49 step 60/140 loss=0.4055
19:55:11 | INFO    | holoqpi.engine.trainer |   epoch 49 step 80/140 loss=0.3683
19:55:13 | INFO    | holoqpi.engine.trainer |   epoch 49 step 100/140 loss=0.6256
19:55:15 | INFO    | holoqpi.engine.trainer |   epoch 49 step 120/140 loss=0.4623
19:56:03 | INFO    | holoqpi.engine.trainer | epoch 49/60 (59s = 13s train + 46s val) | train_loss=0.5193  val_phase_mae=0.1718  val_dice=0.8238  val_cls_acc=0.5827  val_mass_mape=0.1908
19:56:03 | INFO    | holoqpi.engine.trainer |   epoch 50 step 0/140 loss=0.5878
19:56:05 | INFO    | holoqpi.engine.trainer |   epoch 50 step 20/140 loss=0.4917
19:56:07 | INFO    | holoqpi.engine.trainer |   epoch 50 step 40/140 loss=0.4296
19:56:09 | INFO    | holoqpi.engine.trainer |   epoch 50 step 60/140 loss=0.4610
19:56:10 | INFO    | holoqpi.engine.trainer |   epoch 50 step 80/140 loss=0.3936
19:56:12 | INFO    | holoqpi.engine.trainer |   epoch 50 step 100/140 loss=0.8145
19:56:14 | INFO    | holoqpi.engine.trainer |   epoch 50 step 120/140 loss=0.4836
19:57:01 | INFO    | holoqpi.engine.trainer | epoch 50/60 (59s = 13s train + 46s val) | train_loss=0.5198  val_phase_mae=0.1723  val_dice=0.8234  val_cls_acc=0.4409  val_mass_mape=0.1981
19:57:02 | INFO    | holoqpi.engine.trainer |   epoch 51 step 0/140 loss=0.4207
19:57:04 | INFO    | holoqpi.engine.trainer |   epoch 51 step 20/140 loss=0.4305
19:57:05 | INFO    | holoqpi.engine.trainer |   epoch 51 step 40/140 loss=0.4953
19:57:07 | INFO    | holoqpi.engine.trainer |   epoch 51 step 60/140 loss=0.4312
19:57:09 | INFO    | holoqpi.engine.trainer |   epoch 51 step 80/140 loss=0.4573
19:57:11 | INFO    | holoqpi.engine.trainer |   epoch 51 step 100/140 loss=0.6070
19:57:13 | INFO    | holoqpi.engine.trainer |   epoch 51 step 120/140 loss=0.6112
19:58:01 | INFO    | holoqpi.engine.trainer |   new best composite=0.8109
19:58:01 | INFO    | holoqpi.engine.trainer | epoch 51/60 (59s = 13s train + 46s val) | train_loss=0.5174  val_phase_mae=0.1725  val_dice=0.8236  val_cls_acc=0.7008  val_mass_mape=0.1889
19:58:02 | INFO    | holoqpi.engine.trainer |   epoch 52 step 0/140 loss=0.4958
19:58:03 | INFO    | holoqpi.engine.trainer |   epoch 52 step 20/140 loss=0.4690
19:58:05 | INFO    | holoqpi.engine.trainer |   epoch 52 step 40/140 loss=0.3916
19:58:07 | INFO    | holoqpi.engine.trainer |   epoch 52 step 60/140 loss=0.5433
19:58:09 | INFO    | holoqpi.engine.trainer |   epoch 52 step 80/140 loss=0.5334
19:58:10 | INFO    | holoqpi.engine.trainer |   epoch 52 step 100/140 loss=0.5329
19:58:12 | INFO    | holoqpi.engine.trainer |   epoch 52 step 120/140 loss=0.6022
19:59:00 | INFO    | holoqpi.engine.trainer | epoch 52/60 (59s = 13s train + 46s val) | train_loss=0.5198  val_phase_mae=0.1715  val_dice=0.8232  val_cls_acc=0.7087  val_mass_mape=0.1947
19:59:01 | INFO    | holoqpi.engine.trainer |   epoch 53 step 0/140 loss=0.5818
19:59:03 | INFO    | holoqpi.engine.trainer |   epoch 53 step 20/140 loss=0.6222
19:59:04 | INFO    | holoqpi.engine.trainer |   epoch 53 step 40/140 loss=0.4875
19:59:06 | INFO    | holoqpi.engine.trainer |   epoch 53 step 60/140 loss=0.4621
19:59:08 | INFO    | holoqpi.engine.trainer |   epoch 53 step 80/140 loss=0.3802
19:59:10 | INFO    | holoqpi.engine.trainer |   epoch 53 step 100/140 loss=0.5374
19:59:11 | INFO    | holoqpi.engine.trainer |   epoch 53 step 120/140 loss=0.4590
19:59:59 | INFO    | holoqpi.engine.trainer | epoch 53/60 (59s = 13s train + 46s val) | train_loss=0.5113  val_phase_mae=0.1712  val_dice=0.8233  val_cls_acc=0.7087  val_mass_mape=0.1862
20:00:00 | INFO    | holoqpi.engine.trainer |   epoch 54 step 0/140 loss=0.4151
20:00:02 | INFO    | holoqpi.engine.trainer |   epoch 54 step 20/140 loss=0.7779
20:00:03 | INFO    | holoqpi.engine.trainer |   epoch 54 step 40/140 loss=0.5714
20:00:05 | INFO    | holoqpi.engine.trainer |   epoch 54 step 60/140 loss=0.5476
20:00:07 | INFO    | holoqpi.engine.trainer |   epoch 54 step 80/140 loss=0.4814
20:00:09 | INFO    | holoqpi.engine.trainer |   epoch 54 step 100/140 loss=0.4323
20:00:11 | INFO    | holoqpi.engine.trainer |   epoch 54 step 120/140 loss=0.4571
20:00:59 | INFO    | holoqpi.engine.trainer |   new best composite=0.8112
20:00:59 | INFO    | holoqpi.engine.trainer | epoch 54/60 (59s = 13s train + 46s val) | train_loss=0.5170  val_phase_mae=0.1717  val_dice=0.8234  val_cls_acc=0.6299  val_mass_mape=0.1866
20:00:59 | INFO    | holoqpi.engine.trainer |   epoch 55 step 0/140 loss=0.4613
20:01:01 | INFO    | holoqpi.engine.trainer |   epoch 55 step 20/140 loss=0.4150
20:01:03 | INFO    | holoqpi.engine.trainer |   epoch 55 step 40/140 loss=0.6307
20:01:05 | INFO    | holoqpi.engine.trainer |   epoch 55 step 60/140 loss=0.4097
20:01:07 | INFO    | holoqpi.engine.trainer |   epoch 55 step 80/140 loss=0.6148
20:01:09 | INFO    | holoqpi.engine.trainer |   epoch 55 step 100/140 loss=0.4617
20:01:10 | INFO    | holoqpi.engine.trainer |   epoch 55 step 120/140 loss=0.4276
20:01:59 | INFO    | holoqpi.engine.trainer |   new best composite=0.8117
20:01:59 | INFO    | holoqpi.engine.trainer | epoch 55/60 (59s = 13s train + 46s val) | train_loss=0.5146  val_phase_mae=0.1714  val_dice=0.8236  val_cls_acc=0.6063  val_mass_mape=0.1841
20:01:59 | INFO    | holoqpi.engine.trainer |   epoch 56 step 0/140 loss=0.6193
20:02:01 | INFO    | holoqpi.engine.trainer |   epoch 56 step 20/140 loss=0.7404
20:02:03 | INFO    | holoqpi.engine.trainer |   epoch 56 step 40/140 loss=0.4791
20:02:04 | INFO    | holoqpi.engine.trainer |   epoch 56 step 60/140 loss=0.5763
20:02:06 | INFO    | holoqpi.engine.trainer |   epoch 56 step 80/140 loss=0.3913
20:02:08 | INFO    | holoqpi.engine.trainer |   epoch 56 step 100/140 loss=0.5123
20:02:10 | INFO    | holoqpi.engine.trainer |   epoch 56 step 120/140 loss=0.5566
20:02:57 | INFO    | holoqpi.engine.trainer | epoch 56/60 (59s = 13s train + 46s val) | train_loss=0.5130  val_phase_mae=0.1693  val_dice=0.8240  val_cls_acc=0.6693  val_mass_mape=0.1860
20:02:58 | INFO    | holoqpi.engine.trainer |   epoch 57 step 0/140 loss=0.3573
20:03:00 | INFO    | holoqpi.engine.trainer |   epoch 57 step 20/140 loss=0.4651
20:03:01 | INFO    | holoqpi.engine.trainer |   epoch 57 step 40/140 loss=0.4309
20:03:03 | INFO    | holoqpi.engine.trainer |   epoch 57 step 60/140 loss=0.6300
20:03:05 | INFO    | holoqpi.engine.trainer |   epoch 57 step 80/140 loss=0.4726
20:03:07 | INFO    | holoqpi.engine.trainer |   epoch 57 step 100/140 loss=0.5275
20:03:09 | INFO    | holoqpi.engine.trainer |   epoch 57 step 120/140 loss=0.6920
20:03:57 | INFO    | holoqpi.engine.trainer | epoch 57/60 (59s = 13s train + 46s val) | train_loss=0.5122  val_phase_mae=0.1715  val_dice=0.8233  val_cls_acc=0.6772  val_mass_mape=0.1848
20:03:57 | INFO    | holoqpi.engine.trainer |   epoch 58 step 0/140 loss=0.5699
20:03:59 | INFO    | holoqpi.engine.trainer |   epoch 58 step 20/140 loss=0.4471
20:04:01 | INFO    | holoqpi.engine.trainer |   epoch 58 step 40/140 loss=0.4629
20:04:03 | INFO    | holoqpi.engine.trainer |   epoch 58 step 60/140 loss=0.5372
20:04:04 | INFO    | holoqpi.engine.trainer |   epoch 58 step 80/140 loss=0.3971
20:04:06 | INFO    | holoqpi.engine.trainer |   epoch 58 step 100/140 loss=0.4719
20:04:08 | INFO    | holoqpi.engine.trainer |   epoch 58 step 120/140 loss=0.5575
20:04:56 | INFO    | holoqpi.engine.trainer | epoch 58/60 (59s = 13s train + 46s val) | train_loss=0.4999  val_phase_mae=0.1718  val_dice=0.8233  val_cls_acc=0.6220  val_mass_mape=0.1849
20:04:57 | INFO    | holoqpi.engine.trainer |   epoch 59 step 0/140 loss=0.4314
20:04:58 | INFO    | holoqpi.engine.trainer |   epoch 59 step 20/140 loss=0.4312
20:05:00 | INFO    | holoqpi.engine.trainer |   epoch 59 step 40/140 loss=0.3562
20:05:02 | INFO    | holoqpi.engine.trainer |   epoch 59 step 60/140 loss=0.5624
20:05:04 | INFO    | holoqpi.engine.trainer |   epoch 59 step 80/140 loss=0.4854
20:05:06 | INFO    | holoqpi.engine.trainer |   epoch 59 step 100/140 loss=0.4009
20:05:07 | INFO    | holoqpi.engine.trainer |   epoch 59 step 120/140 loss=0.9633
20:05:55 | INFO    | holoqpi.engine.trainer | epoch 59/60 (59s = 13s train + 46s val) | train_loss=0.4971  val_phase_mae=0.1703  val_dice=0.8235  val_cls_acc=0.5354  val_mass_mape=0.1885
20:05:55 | INFO    | holoqpi.engine.trainer |   epoch 60 step 0/140 loss=0.5275
20:05:57 | INFO    | holoqpi.engine.trainer |   epoch 60 step 20/140 loss=0.5580
20:05:59 | INFO    | holoqpi.engine.trainer |   epoch 60 step 40/140 loss=0.4383
20:06:01 | INFO    | holoqpi.engine.trainer |   epoch 60 step 60/140 loss=0.6141
20:06:03 | INFO    | holoqpi.engine.trainer |   epoch 60 step 80/140 loss=0.6595
20:06:05 | INFO    | holoqpi.engine.trainer |   epoch 60 step 100/140 loss=0.7031
20:06:06 | INFO    | holoqpi.engine.trainer |   epoch 60 step 120/140 loss=0.5491
20:06:54 | INFO    | holoqpi.engine.trainer | epoch 60/60 (59s = 13s train + 46s val) | train_loss=0.5098  val_phase_mae=0.1704  val_dice=0.8241  val_cls_acc=0.5984  val_mass_mape=0.1904
20:06:55 | INFO    | holoqpi.engine.trainer | training finished; best epoch 55 (composite=0.8117)
20:06:55 | INFO    | holoqpi.engine.trainer | checkpoint best_model.pt: 446/446 tensors matched
20:07:37 | INFO    | holoqpi.engine.compare | modality=off_axis test metrics written to runs/base_s1337_off_axis
20:07:38 | INFO    | holoqpi.engine.compare | ======================================================================
20:07:38 | INFO    | holoqpi.engine.compare | modality=gabor  device=cuda  run_dir=runs/base_s1337_gabor
20:07:38 | INFO    | holoqpi.engine.compare | ======================================================================
20:07:38 | INFO    | holoqpi.data.dataset | train split: 560 samples | modality=gabor | crop=512 | augment=True
20:07:38 | INFO    | holoqpi.data.dataset | val split: 127 samples | modality=gabor | crop=None | augment=False
20:07:38 | INFO    | holoqpi.data.dataset | test split: 113 samples | modality=gabor | crop=None | augment=False
20:07:38 | INFO    | holoqpi.models.encoders | encoder=mobilenet_v2 in_channels=1 pretrained=True stages=[16, 24, 32, 96, 1280]
20:07:38 | INFO    | holoqpi.models.holonet | HoloQPINet built: 9.76M parameters, 9.76M trainable (100.0%)
20:07:38 | INFO    | holoqpi.engine.trainer | trainable 9.76M / 9.76M parameters (100.0%)
20:07:38 | INFO    | holoqpi.engine.trainer | active physics terms: ['phase_mask_contrast', 'boundary_gradient_alignment', 'phase_volume', 'dry_mass_consistency', 'projected_area_consistency']
20:07:39 | INFO    | holoqpi.engine.trainer |   epoch 1 step 0/140 loss=2.2104
20:07:41 | INFO    | holoqpi.engine.trainer |   epoch 1 step 20/140 loss=1.9839
20:07:43 | INFO    | holoqpi.engine.trainer |   epoch 1 step 40/140 loss=1.6113
20:07:45 | INFO    | holoqpi.engine.trainer |   epoch 1 step 60/140 loss=1.5082
20:07:47 | INFO    | holoqpi.engine.trainer |   epoch 1 step 80/140 loss=1.3250
20:07:48 | INFO    | holoqpi.engine.trainer |   epoch 1 step 100/140 loss=1.4553
20:07:50 | INFO    | holoqpi.engine.trainer |   epoch 1 step 120/140 loss=1.3504
20:08:40 | INFO    | holoqpi.engine.trainer |   new best composite=0.6273
20:08:40 | INFO    | holoqpi.engine.trainer | epoch 1/60 (61s = 14s train + 48s val) | train_loss=1.5401  val_phase_mae=0.2364  val_dice=0.6509  val_cls_acc=0.5118  val_mass_mape=0.3757
20:08:40 | INFO    | holoqpi.engine.trainer |   at this rate the full 60-epoch schedule takes about 61 min
20:08:40 | INFO    | holoqpi.engine.trainer |   epoch 2 step 0/140 loss=1.2186
20:08:42 | INFO    | holoqpi.engine.trainer |   epoch 2 step 20/140 loss=1.4615
20:08:44 | INFO    | holoqpi.engine.trainer |   epoch 2 step 40/140 loss=1.0844
20:08:45 | INFO    | holoqpi.engine.trainer |   epoch 2 step 60/140 loss=1.1865
20:08:47 | INFO    | holoqpi.engine.trainer |   epoch 2 step 80/140 loss=1.2008
20:08:49 | INFO    | holoqpi.engine.trainer |   epoch 2 step 100/140 loss=0.9969
20:08:51 | INFO    | holoqpi.engine.trainer |   epoch 2 step 120/140 loss=1.5547
20:09:39 | INFO    | holoqpi.engine.trainer |   new best composite=0.6986
20:09:39 | INFO    | holoqpi.engine.trainer | epoch 2/60 (59s = 13s train + 45s val) | train_loss=1.1249  val_phase_mae=0.2126  val_dice=0.7249  val_cls_acc=0.5039  val_mass_mape=0.3284
20:09:39 | INFO    | holoqpi.engine.trainer |   epoch 3 step 0/140 loss=0.8430
20:09:41 | INFO    | holoqpi.engine.trainer |   epoch 3 step 20/140 loss=1.3414
20:09:43 | INFO    | holoqpi.engine.trainer |   epoch 3 step 40/140 loss=0.9382
20:09:45 | INFO    | holoqpi.engine.trainer |   epoch 3 step 60/140 loss=0.9351
20:09:47 | INFO    | holoqpi.engine.trainer |   epoch 3 step 80/140 loss=0.8159
20:09:48 | INFO    | holoqpi.engine.trainer |   epoch 3 step 100/140 loss=1.0034
20:09:50 | INFO    | holoqpi.engine.trainer |   epoch 3 step 120/140 loss=0.8692
20:10:38 | INFO    | holoqpi.engine.trainer |   new best composite=0.7082
20:10:38 | INFO    | holoqpi.engine.trainer | epoch 3/60 (59s = 14s train + 46s val) | train_loss=1.0002  val_phase_mae=0.2032  val_dice=0.7209  val_cls_acc=0.3780  val_mass_mape=0.3049
20:10:39 | INFO    | holoqpi.engine.trainer |   epoch 4 step 0/140 loss=1.0200
20:10:41 | INFO    | holoqpi.engine.trainer |   epoch 4 step 20/140 loss=0.9634
20:10:42 | INFO    | holoqpi.engine.trainer |   epoch 4 step 40/140 loss=1.1258
20:10:44 | INFO    | holoqpi.engine.trainer |   epoch 4 step 60/140 loss=1.1454
20:10:46 | INFO    | holoqpi.engine.trainer |   epoch 4 step 80/140 loss=0.8093
20:10:48 | INFO    | holoqpi.engine.trainer |   epoch 4 step 100/140 loss=0.9692
20:10:50 | INFO    | holoqpi.engine.trainer |   epoch 4 step 120/140 loss=0.9498
20:11:37 | INFO    | holoqpi.engine.trainer |   new best composite=0.7192
20:11:37 | INFO    | holoqpi.engine.trainer | epoch 4/60 (58s = 13s train + 45s val) | train_loss=0.9753  val_phase_mae=0.2016  val_dice=0.7488  val_cls_acc=0.4803  val_mass_mape=0.3285
20:11:37 | INFO    | holoqpi.engine.trainer |   epoch 5 step 0/140 loss=0.8902
20:11:39 | INFO    | holoqpi.engine.trainer |   epoch 5 step 20/140 loss=0.9313
20:11:41 | INFO    | holoqpi.engine.trainer |   epoch 5 step 40/140 loss=1.1219
20:11:43 | INFO    | holoqpi.engine.trainer |   epoch 5 step 60/140 loss=0.8771
20:11:45 | INFO    | holoqpi.engine.trainer |   epoch 5 step 80/140 loss=0.8914
20:11:47 | INFO    | holoqpi.engine.trainer |   epoch 5 step 100/140 loss=1.1445
20:11:48 | INFO    | holoqpi.engine.trainer |   epoch 5 step 120/140 loss=0.7387
20:12:35 | INFO    | holoqpi.engine.trainer |   new best composite=0.7199
20:12:35 | INFO    | holoqpi.engine.trainer | epoch 5/60 (58s = 13s train + 44s val) | train_loss=0.9596  val_phase_mae=0.2007  val_dice=0.7328  val_cls_acc=0.4094  val_mass_mape=0.2913
20:12:35 | INFO    | holoqpi.engine.trainer |   epoch 6 step 0/140 loss=1.1104
20:12:37 | INFO    | holoqpi.engine.trainer |   epoch 6 step 20/140 loss=0.8091
20:12:39 | INFO    | holoqpi.engine.trainer |   epoch 6 step 40/140 loss=0.7495
20:12:41 | INFO    | holoqpi.engine.trainer |   epoch 6 step 60/140 loss=0.6927
20:12:42 | INFO    | holoqpi.engine.trainer |   epoch 6 step 80/140 loss=1.1712
20:12:44 | INFO    | holoqpi.engine.trainer |   epoch 6 step 100/140 loss=1.0422
20:12:46 | INFO    | holoqpi.engine.trainer |   epoch 6 step 120/140 loss=1.1967
20:13:32 | INFO    | holoqpi.engine.trainer |   new best composite=0.7354
20:13:32 | INFO    | holoqpi.engine.trainer | epoch 6/60 (57s = 13s train + 44s val) | train_loss=0.9255  val_phase_mae=0.1960  val_dice=0.7367  val_cls_acc=0.5118  val_mass_mape=0.2437
20:13:32 | INFO    | holoqpi.engine.trainer |   epoch 7 step 0/140 loss=0.9549
20:13:34 | INFO    | holoqpi.engine.trainer |   epoch 7 step 20/140 loss=0.8701
20:13:36 | INFO    | holoqpi.engine.trainer |   epoch 7 step 40/140 loss=0.8106
20:13:38 | INFO    | holoqpi.engine.trainer |   epoch 7 step 60/140 loss=0.7248
20:13:39 | INFO    | holoqpi.engine.trainer |   epoch 7 step 80/140 loss=1.0299
20:13:41 | INFO    | holoqpi.engine.trainer |   epoch 7 step 100/140 loss=0.7092
20:13:43 | INFO    | holoqpi.engine.trainer |   epoch 7 step 120/140 loss=0.8263
20:14:29 | INFO    | holoqpi.engine.trainer |   new best composite=0.7401
20:14:29 | INFO    | holoqpi.engine.trainer | epoch 7/60 (57s = 13s train + 44s val) | train_loss=0.9015  val_phase_mae=0.1918  val_dice=0.7507  val_cls_acc=0.5591  val_mass_mape=0.2668
20:14:30 | INFO    | holoqpi.engine.trainer |   epoch 8 step 0/140 loss=0.7112
20:14:32 | INFO    | holoqpi.engine.trainer |   epoch 8 step 20/140 loss=0.8421
20:14:33 | INFO    | holoqpi.engine.trainer |   epoch 8 step 40/140 loss=0.6191
20:14:35 | INFO    | holoqpi.engine.trainer |   epoch 8 step 60/140 loss=0.8260
20:14:37 | INFO    | holoqpi.engine.trainer |   epoch 8 step 80/140 loss=0.9473
20:14:39 | INFO    | holoqpi.engine.trainer |   epoch 8 step 100/140 loss=0.7561
20:14:40 | INFO    | holoqpi.engine.trainer |   epoch 8 step 120/140 loss=0.9328
20:15:26 | INFO    | holoqpi.engine.trainer |   new best composite=0.7431
20:15:26 | INFO    | holoqpi.engine.trainer | epoch 8/60 (57s = 13s train + 44s val) | train_loss=0.9157  val_phase_mae=0.1939  val_dice=0.7542  val_cls_acc=0.6063  val_mass_mape=0.2474
20:15:27 | INFO    | holoqpi.engine.trainer |   epoch 9 step 0/140 loss=0.7017
20:15:29 | INFO    | holoqpi.engine.trainer |   epoch 9 step 20/140 loss=0.7592
20:15:31 | INFO    | holoqpi.engine.trainer |   epoch 9 step 40/140 loss=0.8921
20:15:33 | INFO    | holoqpi.engine.trainer |   epoch 9 step 60/140 loss=1.0861
20:15:35 | INFO    | holoqpi.engine.trainer |   epoch 9 step 80/140 loss=1.1478
20:15:37 | INFO    | holoqpi.engine.trainer |   epoch 9 step 100/140 loss=0.8730
20:15:38 | INFO    | holoqpi.engine.trainer |   epoch 9 step 120/140 loss=0.6545
20:16:25 | INFO    | holoqpi.engine.trainer | epoch 9/60 (58s = 13s train + 45s val) | train_loss=0.9035  val_phase_mae=0.1930  val_dice=0.7460  val_cls_acc=0.5827  val_mass_mape=0.2580
20:16:25 | INFO    | holoqpi.engine.trainer |   epoch 10 step 0/140 loss=0.7455
20:16:27 | INFO    | holoqpi.engine.trainer |   epoch 10 step 20/140 loss=0.7212
20:16:29 | INFO    | holoqpi.engine.trainer |   epoch 10 step 40/140 loss=1.3023
20:16:31 | INFO    | holoqpi.engine.trainer |   epoch 10 step 60/140 loss=0.9996
20:16:33 | INFO    | holoqpi.engine.trainer |   epoch 10 step 80/140 loss=0.9464
20:16:34 | INFO    | holoqpi.engine.trainer |   epoch 10 step 100/140 loss=0.7912
20:16:36 | INFO    | holoqpi.engine.trainer |   epoch 10 step 120/140 loss=0.7443
20:17:22 | INFO    | holoqpi.engine.trainer | epoch 10/60 (58s = 13s train + 45s val) | train_loss=0.8974  val_phase_mae=0.1932  val_dice=0.7482  val_cls_acc=0.5669  val_mass_mape=0.2482
20:17:23 | INFO    | holoqpi.engine.trainer |   epoch 11 step 0/140 loss=1.0396
20:17:24 | INFO    | holoqpi.engine.trainer |   epoch 11 step 20/140 loss=0.9025
20:17:26 | INFO    | holoqpi.engine.trainer |   epoch 11 step 40/140 loss=0.6922
20:17:28 | INFO    | holoqpi.engine.trainer |   epoch 11 step 60/140 loss=1.0050
20:17:30 | INFO    | holoqpi.engine.trainer |   epoch 11 step 80/140 loss=0.8053
20:17:31 | INFO    | holoqpi.engine.trainer |   epoch 11 step 100/140 loss=0.7998
20:17:33 | INFO    | holoqpi.engine.trainer |   epoch 11 step 120/140 loss=0.8462
20:18:19 | INFO    | holoqpi.engine.trainer |   new best composite=0.7472
20:18:19 | INFO    | holoqpi.engine.trainer | epoch 11/60 (57s = 13s train + 44s val) | train_loss=0.8844  val_phase_mae=0.1893  val_dice=0.7550  val_cls_acc=0.6457  val_mass_mape=0.2457
20:18:20 | INFO    | holoqpi.engine.trainer |   epoch 12 step 0/140 loss=0.9513
20:18:22 | INFO    | holoqpi.engine.trainer |   epoch 12 step 20/140 loss=0.6864
20:18:23 | INFO    | holoqpi.engine.trainer |   epoch 12 step 40/140 loss=0.8274
20:18:25 | INFO    | holoqpi.engine.trainer |   epoch 12 step 60/140 loss=0.8605
20:18:27 | INFO    | holoqpi.engine.trainer |   epoch 12 step 80/140 loss=0.7901
20:18:29 | INFO    | holoqpi.engine.trainer |   epoch 12 step 100/140 loss=0.7141
20:18:31 | INFO    | holoqpi.engine.trainer |   epoch 12 step 120/140 loss=0.6856
20:19:17 | INFO    | holoqpi.engine.trainer | epoch 12/60 (58s = 13s train + 45s val) | train_loss=0.8649  val_phase_mae=0.1897  val_dice=0.7632  val_cls_acc=0.6220  val_mass_mape=0.2627
20:19:18 | INFO    | holoqpi.engine.trainer |   epoch 13 step 0/140 loss=0.9114
20:19:19 | INFO    | holoqpi.engine.trainer |   epoch 13 step 20/140 loss=0.8839
20:19:21 | INFO    | holoqpi.engine.trainer |   epoch 13 step 40/140 loss=0.6274
20:19:23 | INFO    | holoqpi.engine.trainer |   epoch 13 step 60/140 loss=0.9173
20:19:25 | INFO    | holoqpi.engine.trainer |   epoch 13 step 80/140 loss=1.3375
20:19:26 | INFO    | holoqpi.engine.trainer |   epoch 13 step 100/140 loss=0.9752
20:19:28 | INFO    | holoqpi.engine.trainer |   epoch 13 step 120/140 loss=0.8581
20:20:15 | INFO    | holoqpi.engine.trainer | epoch 13/60 (58s = 13s train + 45s val) | train_loss=0.8582  val_phase_mae=0.1997  val_dice=0.7528  val_cls_acc=0.5984  val_mass_mape=0.2719
20:20:16 | INFO    | holoqpi.engine.trainer |   epoch 14 step 0/140 loss=0.8642
20:20:17 | INFO    | holoqpi.engine.trainer |   epoch 14 step 20/140 loss=0.9248
20:20:19 | INFO    | holoqpi.engine.trainer |   epoch 14 step 40/140 loss=0.8671
20:20:21 | INFO    | holoqpi.engine.trainer |   epoch 14 step 60/140 loss=1.3666
20:20:23 | INFO    | holoqpi.engine.trainer |   epoch 14 step 80/140 loss=0.8063
20:20:24 | INFO    | holoqpi.engine.trainer |   epoch 14 step 100/140 loss=0.6410
20:20:26 | INFO    | holoqpi.engine.trainer |   epoch 14 step 120/140 loss=0.7883
20:21:12 | INFO    | holoqpi.engine.trainer | epoch 14/60 (57s = 13s train + 45s val) | train_loss=0.8655  val_phase_mae=0.1957  val_dice=0.7558  val_cls_acc=0.6220  val_mass_mape=0.3176
20:21:13 | INFO    | holoqpi.engine.trainer |   epoch 15 step 0/140 loss=1.0209
20:21:15 | INFO    | holoqpi.engine.trainer |   epoch 15 step 20/140 loss=0.7952
20:21:16 | INFO    | holoqpi.engine.trainer |   epoch 15 step 40/140 loss=0.7667
20:21:18 | INFO    | holoqpi.engine.trainer |   epoch 15 step 60/140 loss=0.7566
20:21:20 | INFO    | holoqpi.engine.trainer |   epoch 15 step 80/140 loss=0.6699
20:21:22 | INFO    | holoqpi.engine.trainer |   epoch 15 step 100/140 loss=0.7728
20:21:23 | INFO    | holoqpi.engine.trainer |   epoch 15 step 120/140 loss=0.6828
20:22:09 | INFO    | holoqpi.engine.trainer | epoch 15/60 (57s = 13s train + 44s val) | train_loss=0.8506  val_phase_mae=0.1907  val_dice=0.7573  val_cls_acc=0.6142  val_mass_mape=0.3029
20:22:10 | INFO    | holoqpi.engine.trainer |   epoch 16 step 0/140 loss=0.9421
20:22:11 | INFO    | holoqpi.engine.trainer |   epoch 16 step 20/140 loss=0.8540
20:22:13 | INFO    | holoqpi.engine.trainer |   epoch 16 step 40/140 loss=1.1780
20:22:15 | INFO    | holoqpi.engine.trainer |   epoch 16 step 60/140 loss=0.8220
20:22:17 | INFO    | holoqpi.engine.trainer |   epoch 16 step 80/140 loss=0.7370
20:22:18 | INFO    | holoqpi.engine.trainer |   epoch 16 step 100/140 loss=0.7241
20:22:20 | INFO    | holoqpi.engine.trainer |   epoch 16 step 120/140 loss=0.6836
20:23:06 | INFO    | holoqpi.engine.trainer | epoch 16/60 (57s = 13s train + 44s val) | train_loss=0.8556  val_phase_mae=0.1906  val_dice=0.7500  val_cls_acc=0.5276  val_mass_mape=0.2591
20:23:06 | INFO    | holoqpi.engine.trainer |   epoch 17 step 0/140 loss=0.6811
20:23:08 | INFO    | holoqpi.engine.trainer |   epoch 17 step 20/140 loss=0.7865
20:23:10 | INFO    | holoqpi.engine.trainer |   epoch 17 step 40/140 loss=1.0947
20:23:12 | INFO    | holoqpi.engine.trainer |   epoch 17 step 60/140 loss=0.5936
20:23:13 | INFO    | holoqpi.engine.trainer |   epoch 17 step 80/140 loss=1.3266
20:23:15 | INFO    | holoqpi.engine.trainer |   epoch 17 step 100/140 loss=0.7873
20:23:17 | INFO    | holoqpi.engine.trainer |   epoch 17 step 120/140 loss=0.6761
20:24:03 | INFO    | holoqpi.engine.trainer |   new best composite=0.7499
20:24:03 | INFO    | holoqpi.engine.trainer | epoch 17/60 (57s = 13s train + 44s val) | train_loss=0.8308  val_phase_mae=0.1877  val_dice=0.7558  val_cls_acc=0.6142  val_mass_mape=0.2397
20:24:03 | INFO    | holoqpi.engine.trainer |   epoch 18 step 0/140 loss=0.7137
20:24:05 | INFO    | holoqpi.engine.trainer |   epoch 18 step 20/140 loss=0.8410
20:24:07 | INFO    | holoqpi.engine.trainer |   epoch 18 step 40/140 loss=1.1027
20:24:09 | INFO    | holoqpi.engine.trainer |   epoch 18 step 60/140 loss=0.7111
20:24:10 | INFO    | holoqpi.engine.trainer |   epoch 18 step 80/140 loss=0.6369
20:24:12 | INFO    | holoqpi.engine.trainer |   epoch 18 step 100/140 loss=0.6679
20:24:14 | INFO    | holoqpi.engine.trainer |   epoch 18 step 120/140 loss=0.7717
20:25:00 | INFO    | holoqpi.engine.trainer | epoch 18/60 (57s = 13s train + 44s val) | train_loss=0.8610  val_phase_mae=0.1885  val_dice=0.7545  val_cls_acc=0.7165  val_mass_mape=0.2369
20:25:01 | INFO    | holoqpi.engine.trainer |   epoch 19 step 0/140 loss=0.9359
20:25:02 | INFO    | holoqpi.engine.trainer |   epoch 19 step 20/140 loss=0.7654
20:25:04 | INFO    | holoqpi.engine.trainer |   epoch 19 step 40/140 loss=0.8083
20:25:06 | INFO    | holoqpi.engine.trainer |   epoch 19 step 60/140 loss=1.0501
20:25:08 | INFO    | holoqpi.engine.trainer |   epoch 19 step 80/140 loss=1.0598
20:25:10 | INFO    | holoqpi.engine.trainer |   epoch 19 step 100/140 loss=1.1035
20:25:12 | INFO    | holoqpi.engine.trainer |   epoch 19 step 120/140 loss=0.7574
20:25:57 | INFO    | holoqpi.engine.trainer | epoch 19/60 (57s = 13s train + 44s val) | train_loss=0.8337  val_phase_mae=0.1924  val_dice=0.7461  val_cls_acc=0.6850  val_mass_mape=0.2626
20:25:58 | INFO    | holoqpi.engine.trainer |   epoch 20 step 0/140 loss=0.7112
20:26:00 | INFO    | holoqpi.engine.trainer |   epoch 20 step 20/140 loss=0.7933
20:26:02 | INFO    | holoqpi.engine.trainer |   epoch 20 step 40/140 loss=0.6070
20:26:03 | INFO    | holoqpi.engine.trainer |   epoch 20 step 60/140 loss=0.7220
20:26:05 | INFO    | holoqpi.engine.trainer |   epoch 20 step 80/140 loss=0.7278
20:26:07 | INFO    | holoqpi.engine.trainer |   epoch 20 step 100/140 loss=0.8569
20:26:09 | INFO    | holoqpi.engine.trainer |   epoch 20 step 120/140 loss=1.0019
20:26:55 | INFO    | holoqpi.engine.trainer | epoch 20/60 (57s = 13s train + 44s val) | train_loss=0.8300  val_phase_mae=0.1913  val_dice=0.7512  val_cls_acc=0.6850  val_mass_mape=0.2381
20:26:55 | INFO    | holoqpi.engine.trainer |   epoch 21 step 0/140 loss=0.9763
20:26:57 | INFO    | holoqpi.engine.trainer |   epoch 21 step 20/140 loss=0.7979
20:26:59 | INFO    | holoqpi.engine.trainer |   epoch 21 step 40/140 loss=0.7953
20:27:01 | INFO    | holoqpi.engine.trainer |   epoch 21 step 60/140 loss=0.6654
20:27:03 | INFO    | holoqpi.engine.trainer |   epoch 21 step 80/140 loss=0.9133
20:27:05 | INFO    | holoqpi.engine.trainer |   epoch 21 step 100/140 loss=0.8089
20:27:07 | INFO    | holoqpi.engine.trainer |   epoch 21 step 120/140 loss=0.9768
20:27:52 | INFO    | holoqpi.engine.trainer | epoch 21/60 (57s = 13s train + 44s val) | train_loss=0.8142  val_phase_mae=0.1881  val_dice=0.7580  val_cls_acc=0.6063  val_mass_mape=0.2650
20:27:53 | INFO    | holoqpi.engine.trainer |   epoch 22 step 0/140 loss=0.6761
20:27:54 | INFO    | holoqpi.engine.trainer |   epoch 22 step 20/140 loss=0.6778
20:27:56 | INFO    | holoqpi.engine.trainer |   epoch 22 step 40/140 loss=0.6703
20:27:58 | INFO    | holoqpi.engine.trainer |   epoch 22 step 60/140 loss=0.7129
20:28:00 | INFO    | holoqpi.engine.trainer |   epoch 22 step 80/140 loss=0.9291
20:28:02 | INFO    | holoqpi.engine.trainer |   epoch 22 step 100/140 loss=0.6408
20:28:03 | INFO    | holoqpi.engine.trainer |   epoch 22 step 120/140 loss=1.0475
20:28:49 | INFO    | holoqpi.engine.trainer |   new best composite=0.7556
20:28:49 | INFO    | holoqpi.engine.trainer | epoch 22/60 (57s = 13s train + 44s val) | train_loss=0.8001  val_phase_mae=0.1845  val_dice=0.7624  val_cls_acc=0.6142  val_mass_mape=0.2353
20:28:50 | INFO    | holoqpi.engine.trainer |   epoch 23 step 0/140 loss=0.7510
20:28:51 | INFO    | holoqpi.engine.trainer |   epoch 23 step 20/140 loss=0.7509
20:28:53 | INFO    | holoqpi.engine.trainer |   epoch 23 step 40/140 loss=1.0061
20:28:55 | INFO    | holoqpi.engine.trainer |   epoch 23 step 60/140 loss=0.6291
20:28:57 | INFO    | holoqpi.engine.trainer |   epoch 23 step 80/140 loss=0.6871
20:28:58 | INFO    | holoqpi.engine.trainer |   epoch 23 step 100/140 loss=0.7491
20:29:00 | INFO    | holoqpi.engine.trainer |   epoch 23 step 120/140 loss=0.7751
20:29:47 | INFO    | holoqpi.engine.trainer | epoch 23/60 (57s = 13s train + 45s val) | train_loss=0.8006  val_phase_mae=0.1878  val_dice=0.7595  val_cls_acc=0.7008  val_mass_mape=0.2455
20:29:47 | INFO    | holoqpi.engine.trainer |   epoch 24 step 0/140 loss=0.7888
20:29:49 | INFO    | holoqpi.engine.trainer |   epoch 24 step 20/140 loss=0.7262
20:29:51 | INFO    | holoqpi.engine.trainer |   epoch 24 step 40/140 loss=0.7892
20:29:53 | INFO    | holoqpi.engine.trainer |   epoch 24 step 60/140 loss=1.0185
20:29:54 | INFO    | holoqpi.engine.trainer |   epoch 24 step 80/140 loss=0.6839
20:29:56 | INFO    | holoqpi.engine.trainer |   epoch 24 step 100/140 loss=0.8211
20:29:58 | INFO    | holoqpi.engine.trainer |   epoch 24 step 120/140 loss=0.8549
20:30:43 | INFO    | holoqpi.engine.trainer | epoch 24/60 (57s = 13s train + 44s val) | train_loss=0.8079  val_phase_mae=0.1875  val_dice=0.7596  val_cls_acc=0.6457  val_mass_mape=0.2448
20:30:44 | INFO    | holoqpi.engine.trainer |   epoch 25 step 0/140 loss=1.4445
20:30:46 | INFO    | holoqpi.engine.trainer |   epoch 25 step 20/140 loss=0.6218
20:30:47 | INFO    | holoqpi.engine.trainer |   epoch 25 step 40/140 loss=0.6303
20:30:49 | INFO    | holoqpi.engine.trainer |   epoch 25 step 60/140 loss=0.5871
20:30:51 | INFO    | holoqpi.engine.trainer |   epoch 25 step 80/140 loss=0.9689
20:30:53 | INFO    | holoqpi.engine.trainer |   epoch 25 step 100/140 loss=0.7247
20:30:55 | INFO    | holoqpi.engine.trainer |   epoch 25 step 120/140 loss=0.8508
20:31:40 | INFO    | holoqpi.engine.trainer | epoch 25/60 (57s = 13s train + 44s val) | train_loss=0.7951  val_phase_mae=0.1889  val_dice=0.7552  val_cls_acc=0.6693  val_mass_mape=0.2362
20:31:41 | INFO    | holoqpi.engine.trainer |   epoch 26 step 0/140 loss=0.6483
20:31:43 | INFO    | holoqpi.engine.trainer |   epoch 26 step 20/140 loss=0.7124
20:31:44 | INFO    | holoqpi.engine.trainer |   epoch 26 step 40/140 loss=0.9391
20:31:46 | INFO    | holoqpi.engine.trainer |   epoch 26 step 60/140 loss=1.0259
20:31:48 | INFO    | holoqpi.engine.trainer |   epoch 26 step 80/140 loss=0.7838
20:31:50 | INFO    | holoqpi.engine.trainer |   epoch 26 step 100/140 loss=0.6477
20:31:51 | INFO    | holoqpi.engine.trainer |   epoch 26 step 120/140 loss=0.6404
20:32:37 | INFO    | holoqpi.engine.trainer | epoch 26/60 (57s = 13s train + 44s val) | train_loss=0.7907  val_phase_mae=0.1875  val_dice=0.7597  val_cls_acc=0.6693  val_mass_mape=0.2529
20:32:38 | INFO    | holoqpi.engine.trainer |   epoch 27 step 0/140 loss=0.7601
20:32:40 | INFO    | holoqpi.engine.trainer |   epoch 27 step 20/140 loss=0.7320
20:32:42 | INFO    | holoqpi.engine.trainer |   epoch 27 step 40/140 loss=0.8876
20:32:43 | INFO    | holoqpi.engine.trainer |   epoch 27 step 60/140 loss=0.6379
20:32:45 | INFO    | holoqpi.engine.trainer |   epoch 27 step 80/140 loss=0.6805
20:32:47 | INFO    | holoqpi.engine.trainer |   epoch 27 step 100/140 loss=0.7738
20:32:49 | INFO    | holoqpi.engine.trainer |   epoch 27 step 120/140 loss=0.6506
20:33:34 | INFO    | holoqpi.engine.trainer | epoch 27/60 (57s = 13s train + 44s val) | train_loss=0.7751  val_phase_mae=0.1863  val_dice=0.7604  val_cls_acc=0.6457  val_mass_mape=0.2367
20:33:35 | INFO    | holoqpi.engine.trainer |   epoch 28 step 0/140 loss=0.9262
20:33:37 | INFO    | holoqpi.engine.trainer |   epoch 28 step 20/140 loss=0.5376
20:33:39 | INFO    | holoqpi.engine.trainer |   epoch 28 step 40/140 loss=0.8464
20:33:40 | INFO    | holoqpi.engine.trainer |   epoch 28 step 60/140 loss=0.6640
20:33:42 | INFO    | holoqpi.engine.trainer |   epoch 28 step 80/140 loss=0.5889
20:33:44 | INFO    | holoqpi.engine.trainer |   epoch 28 step 100/140 loss=0.7615
20:33:46 | INFO    | holoqpi.engine.trainer |   epoch 28 step 120/140 loss=0.7094
20:34:31 | INFO    | holoqpi.engine.trainer | epoch 28/60 (57s = 13s train + 44s val) | train_loss=0.7830  val_phase_mae=0.1863  val_dice=0.7594  val_cls_acc=0.7874  val_mass_mape=0.2547
20:34:32 | INFO    | holoqpi.engine.trainer |   epoch 29 step 0/140 loss=0.6192
20:34:34 | INFO    | holoqpi.engine.trainer |   epoch 29 step 20/140 loss=0.6948
20:34:36 | INFO    | holoqpi.engine.trainer |   epoch 29 step 40/140 loss=0.7735
20:34:37 | INFO    | holoqpi.engine.trainer |   epoch 29 step 60/140 loss=0.6035
20:34:39 | INFO    | holoqpi.engine.trainer |   epoch 29 step 80/140 loss=0.9541
20:34:41 | INFO    | holoqpi.engine.trainer |   epoch 29 step 100/140 loss=0.6389
20:34:43 | INFO    | holoqpi.engine.trainer |   epoch 29 step 120/140 loss=0.8877
20:35:29 | INFO    | holoqpi.engine.trainer | epoch 29/60 (57s = 13s train + 44s val) | train_loss=0.7522  val_phase_mae=0.1888  val_dice=0.7611  val_cls_acc=0.7008  val_mass_mape=0.2589
20:35:29 | INFO    | holoqpi.engine.trainer |   epoch 30 step 0/140 loss=0.8077
20:35:31 | INFO    | holoqpi.engine.trainer |   epoch 30 step 20/140 loss=0.6785
20:35:33 | INFO    | holoqpi.engine.trainer |   epoch 30 step 40/140 loss=1.0051
20:35:35 | INFO    | holoqpi.engine.trainer |   epoch 30 step 60/140 loss=1.2374
20:35:36 | INFO    | holoqpi.engine.trainer |   epoch 30 step 80/140 loss=0.7228
20:35:38 | INFO    | holoqpi.engine.trainer |   epoch 30 step 100/140 loss=0.6264
20:35:40 | INFO    | holoqpi.engine.trainer |   epoch 30 step 120/140 loss=1.2971
20:36:26 | INFO    | holoqpi.engine.trainer | epoch 30/60 (57s = 13s train + 44s val) | train_loss=0.7639  val_phase_mae=0.1859  val_dice=0.7620  val_cls_acc=0.7087  val_mass_mape=0.2635
20:36:26 | INFO    | holoqpi.engine.trainer |   epoch 31 step 0/140 loss=0.6234
20:36:28 | INFO    | holoqpi.engine.trainer |   epoch 31 step 20/140 loss=0.7111
20:36:30 | INFO    | holoqpi.engine.trainer |   epoch 31 step 40/140 loss=0.6435
20:36:32 | INFO    | holoqpi.engine.trainer |   epoch 31 step 60/140 loss=0.7970
20:36:34 | INFO    | holoqpi.engine.trainer |   epoch 31 step 80/140 loss=0.5875
20:36:36 | INFO    | holoqpi.engine.trainer |   epoch 31 step 100/140 loss=1.3418
20:36:37 | INFO    | holoqpi.engine.trainer |   epoch 31 step 120/140 loss=1.0090
20:37:24 | INFO    | holoqpi.engine.trainer | epoch 31/60 (58s = 13s train + 45s val) | train_loss=0.7651  val_phase_mae=0.1859  val_dice=0.7639  val_cls_acc=0.7638  val_mass_mape=0.2693
20:37:24 | INFO    | holoqpi.engine.trainer |   epoch 32 step 0/140 loss=0.6118
20:37:26 | INFO    | holoqpi.engine.trainer |   epoch 32 step 20/140 loss=0.5150
20:37:28 | INFO    | holoqpi.engine.trainer |   epoch 32 step 40/140 loss=0.9187
20:37:30 | INFO    | holoqpi.engine.trainer |   epoch 32 step 60/140 loss=0.7538
20:37:32 | INFO    | holoqpi.engine.trainer |   epoch 32 step 80/140 loss=0.6145
20:37:33 | INFO    | holoqpi.engine.trainer |   epoch 32 step 100/140 loss=0.7146
20:37:35 | INFO    | holoqpi.engine.trainer |   epoch 32 step 120/140 loss=0.5656
20:38:21 | INFO    | holoqpi.engine.trainer | epoch 32/60 (57s = 13s train + 44s val) | train_loss=0.7583  val_phase_mae=0.1885  val_dice=0.7582  val_cls_acc=0.7165  val_mass_mape=0.2646
20:38:21 | INFO    | holoqpi.engine.trainer |   epoch 33 step 0/140 loss=0.9699
20:38:23 | INFO    | holoqpi.engine.trainer |   epoch 33 step 20/140 loss=0.8455
20:38:25 | INFO    | holoqpi.engine.trainer |   epoch 33 step 40/140 loss=0.8767
20:38:27 | INFO    | holoqpi.engine.trainer |   epoch 33 step 60/140 loss=0.9791
20:38:29 | INFO    | holoqpi.engine.trainer |   epoch 33 step 80/140 loss=0.7294
20:38:31 | INFO    | holoqpi.engine.trainer |   epoch 33 step 100/140 loss=0.9845
20:38:32 | INFO    | holoqpi.engine.trainer |   epoch 33 step 120/140 loss=0.6189
20:39:18 | INFO    | holoqpi.engine.trainer |   new best composite=0.7579
20:39:18 | INFO    | holoqpi.engine.trainer | epoch 33/60 (57s = 13s train + 44s val) | train_loss=0.7514  val_phase_mae=0.1831  val_dice=0.7663  val_cls_acc=0.7165  val_mass_mape=0.2339
20:39:19 | INFO    | holoqpi.engine.trainer |   epoch 34 step 0/140 loss=0.8680
20:39:21 | INFO    | holoqpi.engine.trainer |   epoch 34 step 20/140 loss=0.8888
20:39:22 | INFO    | holoqpi.engine.trainer |   epoch 34 step 40/140 loss=0.7287
20:39:24 | INFO    | holoqpi.engine.trainer |   epoch 34 step 60/140 loss=0.5583
20:39:26 | INFO    | holoqpi.engine.trainer |   epoch 34 step 80/140 loss=0.5292
20:39:28 | INFO    | holoqpi.engine.trainer |   epoch 34 step 100/140 loss=0.6017
20:39:30 | INFO    | holoqpi.engine.trainer |   epoch 34 step 120/140 loss=0.8082
20:40:16 | INFO    | holoqpi.engine.trainer | epoch 34/60 (57s = 13s train + 44s val) | train_loss=0.7486  val_phase_mae=0.1861  val_dice=0.7603  val_cls_acc=0.7717  val_mass_mape=0.2316
20:40:16 | INFO    | holoqpi.engine.trainer |   epoch 35 step 0/140 loss=0.7786
20:40:18 | INFO    | holoqpi.engine.trainer |   epoch 35 step 20/140 loss=0.5390
20:40:20 | INFO    | holoqpi.engine.trainer |   epoch 35 step 40/140 loss=0.7006
20:40:22 | INFO    | holoqpi.engine.trainer |   epoch 35 step 60/140 loss=0.6261
20:40:23 | INFO    | holoqpi.engine.trainer |   epoch 35 step 80/140 loss=0.5718
20:40:25 | INFO    | holoqpi.engine.trainer |   epoch 35 step 100/140 loss=1.1166
20:40:27 | INFO    | holoqpi.engine.trainer |   epoch 35 step 120/140 loss=0.5394
20:41:13 | INFO    | holoqpi.engine.trainer | epoch 35/60 (57s = 13s train + 44s val) | train_loss=0.7335  val_phase_mae=0.1818  val_dice=0.7650  val_cls_acc=0.7087  val_mass_mape=0.2397
20:41:13 | INFO    | holoqpi.engine.trainer |   epoch 36 step 0/140 loss=0.9754
20:41:15 | INFO    | holoqpi.engine.trainer |   epoch 36 step 20/140 loss=0.9483
20:41:17 | INFO    | holoqpi.engine.trainer |   epoch 36 step 40/140 loss=1.1180
20:41:19 | INFO    | holoqpi.engine.trainer |   epoch 36 step 60/140 loss=0.5601
20:41:20 | INFO    | holoqpi.engine.trainer |   epoch 36 step 80/140 loss=0.7493
20:41:22 | INFO    | holoqpi.engine.trainer |   epoch 36 step 100/140 loss=0.5561
20:41:24 | INFO    | holoqpi.engine.trainer |   epoch 36 step 120/140 loss=0.9456
20:42:10 | INFO    | holoqpi.engine.trainer |   new best composite=0.7592
20:42:10 | INFO    | holoqpi.engine.trainer | epoch 36/60 (57s = 13s train + 44s val) | train_loss=0.7314  val_phase_mae=0.1838  val_dice=0.7633  val_cls_acc=0.7323  val_mass_mape=0.2213
20:42:11 | INFO    | holoqpi.engine.trainer |   epoch 37 step 0/140 loss=1.0923
20:42:12 | INFO    | holoqpi.engine.trainer |   epoch 37 step 20/140 loss=0.6272
20:42:14 | INFO    | holoqpi.engine.trainer |   epoch 37 step 40/140 loss=0.8722
20:42:16 | INFO    | holoqpi.engine.trainer |   epoch 37 step 60/140 loss=0.8037
20:42:18 | INFO    | holoqpi.engine.trainer |   epoch 37 step 80/140 loss=0.7241
20:42:20 | INFO    | holoqpi.engine.trainer |   epoch 37 step 100/140 loss=0.7322
20:42:22 | INFO    | holoqpi.engine.trainer |   epoch 37 step 120/140 loss=0.5898
20:43:07 | INFO    | holoqpi.engine.trainer | epoch 37/60 (57s = 13s train + 44s val) | train_loss=0.7349  val_phase_mae=0.1828  val_dice=0.7646  val_cls_acc=0.7244  val_mass_mape=0.2362
20:43:08 | INFO    | holoqpi.engine.trainer |   epoch 38 step 0/140 loss=0.9720
20:43:10 | INFO    | holoqpi.engine.trainer |   epoch 38 step 20/140 loss=0.6766
20:43:12 | INFO    | holoqpi.engine.trainer |   epoch 38 step 40/140 loss=0.9258
20:43:13 | INFO    | holoqpi.engine.trainer |   epoch 38 step 60/140 loss=0.8055
20:43:15 | INFO    | holoqpi.engine.trainer |   epoch 38 step 80/140 loss=1.2781
20:43:17 | INFO    | holoqpi.engine.trainer |   epoch 38 step 100/140 loss=0.8845
20:43:19 | INFO    | holoqpi.engine.trainer |   epoch 38 step 120/140 loss=0.8200
20:44:04 | INFO    | holoqpi.engine.trainer | epoch 38/60 (57s = 13s train + 44s val) | train_loss=0.7283  val_phase_mae=0.1834  val_dice=0.7614  val_cls_acc=0.7717  val_mass_mape=0.2327
20:44:05 | INFO    | holoqpi.engine.trainer |   epoch 39 step 0/140 loss=0.7430
20:44:07 | INFO    | holoqpi.engine.trainer |   epoch 39 step 20/140 loss=0.6640
20:44:09 | INFO    | holoqpi.engine.trainer |   epoch 39 step 40/140 loss=0.6351
20:44:10 | INFO    | holoqpi.engine.trainer |   epoch 39 step 60/140 loss=0.8776
20:44:12 | INFO    | holoqpi.engine.trainer |   epoch 39 step 80/140 loss=0.8566
20:44:14 | INFO    | holoqpi.engine.trainer |   epoch 39 step 100/140 loss=0.8504
20:44:16 | INFO    | holoqpi.engine.trainer |   epoch 39 step 120/140 loss=0.7238
20:45:02 | INFO    | holoqpi.engine.trainer |   new best composite=0.7614
20:45:02 | INFO    | holoqpi.engine.trainer | epoch 39/60 (57s = 13s train + 44s val) | train_loss=0.7338  val_phase_mae=0.1820  val_dice=0.7680  val_cls_acc=0.7480  val_mass_mape=0.2250
20:45:03 | INFO    | holoqpi.engine.trainer |   epoch 40 step 0/140 loss=0.5216
20:45:04 | INFO    | holoqpi.engine.trainer |   epoch 40 step 20/140 loss=0.5586
20:45:06 | INFO    | holoqpi.engine.trainer |   epoch 40 step 40/140 loss=0.5604
20:45:08 | INFO    | holoqpi.engine.trainer |   epoch 40 step 60/140 loss=0.8136
20:45:10 | INFO    | holoqpi.engine.trainer |   epoch 40 step 80/140 loss=0.8456
20:45:12 | INFO    | holoqpi.engine.trainer |   epoch 40 step 100/140 loss=0.5772
20:45:13 | INFO    | holoqpi.engine.trainer |   epoch 40 step 120/140 loss=0.5264
20:46:00 | INFO    | holoqpi.engine.trainer | epoch 40/60 (58s = 13s train + 45s val) | train_loss=0.7111  val_phase_mae=0.1804  val_dice=0.7703  val_cls_acc=0.7717  val_mass_mape=0.2340
20:46:01 | INFO    | holoqpi.engine.trainer |   epoch 41 step 0/140 loss=0.8756
20:46:02 | INFO    | holoqpi.engine.trainer |   epoch 41 step 20/140 loss=0.5900
20:46:04 | INFO    | holoqpi.engine.trainer |   epoch 41 step 40/140 loss=0.5751
20:46:06 | INFO    | holoqpi.engine.trainer |   epoch 41 step 60/140 loss=0.7340
20:46:08 | INFO    | holoqpi.engine.trainer |   epoch 41 step 80/140 loss=0.6976
20:46:10 | INFO    | holoqpi.engine.trainer |   epoch 41 step 100/140 loss=0.7382
20:46:11 | INFO    | holoqpi.engine.trainer |   epoch 41 step 120/140 loss=0.6514
20:46:58 | INFO    | holoqpi.engine.trainer | epoch 41/60 (58s = 13s train + 45s val) | train_loss=0.7059  val_phase_mae=0.1826  val_dice=0.7685  val_cls_acc=0.8346  val_mass_mape=0.2301
20:46:59 | INFO    | holoqpi.engine.trainer |   epoch 42 step 0/140 loss=0.5971
20:47:00 | INFO    | holoqpi.engine.trainer |   epoch 42 step 20/140 loss=0.4982
20:47:02 | INFO    | holoqpi.engine.trainer |   epoch 42 step 40/140 loss=0.4762
20:47:04 | INFO    | holoqpi.engine.trainer |   epoch 42 step 60/140 loss=0.6211
20:47:06 | INFO    | holoqpi.engine.trainer |   epoch 42 step 80/140 loss=0.5372
20:47:08 | INFO    | holoqpi.engine.trainer |   epoch 42 step 100/140 loss=0.7729
20:47:10 | INFO    | holoqpi.engine.trainer |   epoch 42 step 120/140 loss=0.7708
20:47:56 | INFO    | holoqpi.engine.trainer | epoch 42/60 (58s = 13s train + 45s val) | train_loss=0.7150  val_phase_mae=0.1817  val_dice=0.7657  val_cls_acc=0.7244  val_mass_mape=0.2410
20:47:57 | INFO    | holoqpi.engine.trainer |   epoch 43 step 0/140 loss=0.6219
20:47:59 | INFO    | holoqpi.engine.trainer |   epoch 43 step 20/140 loss=0.7127
20:48:00 | INFO    | holoqpi.engine.trainer |   epoch 43 step 40/140 loss=0.5871
20:48:02 | INFO    | holoqpi.engine.trainer |   epoch 43 step 60/140 loss=0.5100
20:48:04 | INFO    | holoqpi.engine.trainer |   epoch 43 step 80/140 loss=0.7503
20:48:06 | INFO    | holoqpi.engine.trainer |   epoch 43 step 100/140 loss=0.5787
20:48:08 | INFO    | holoqpi.engine.trainer |   epoch 43 step 120/140 loss=0.5219
20:48:54 | INFO    | holoqpi.engine.trainer | epoch 43/60 (58s = 13s train + 44s val) | train_loss=0.6938  val_phase_mae=0.1820  val_dice=0.7659  val_cls_acc=0.8031  val_mass_mape=0.2318
20:48:54 | INFO    | holoqpi.engine.trainer |   epoch 44 step 0/140 loss=0.6491
20:48:56 | INFO    | holoqpi.engine.trainer |   epoch 44 step 20/140 loss=0.5357
20:48:58 | INFO    | holoqpi.engine.trainer |   epoch 44 step 40/140 loss=0.8295
20:49:00 | INFO    | holoqpi.engine.trainer |   epoch 44 step 60/140 loss=0.4703
20:49:02 | INFO    | holoqpi.engine.trainer |   epoch 44 step 80/140 loss=0.7254
20:49:03 | INFO    | holoqpi.engine.trainer |   epoch 44 step 100/140 loss=0.6553
20:49:05 | INFO    | holoqpi.engine.trainer |   epoch 44 step 120/140 loss=0.5060
20:49:51 | INFO    | holoqpi.engine.trainer | epoch 44/60 (58s = 13s train + 45s val) | train_loss=0.6954  val_phase_mae=0.1822  val_dice=0.7648  val_cls_acc=0.7638  val_mass_mape=0.2342
20:49:52 | INFO    | holoqpi.engine.trainer |   epoch 45 step 0/140 loss=0.8636
20:49:54 | INFO    | holoqpi.engine.trainer |   epoch 45 step 20/140 loss=0.6035
20:49:56 | INFO    | holoqpi.engine.trainer |   epoch 45 step 40/140 loss=0.6087
20:49:57 | INFO    | holoqpi.engine.trainer |   epoch 45 step 60/140 loss=0.7367
20:49:59 | INFO    | holoqpi.engine.trainer |   epoch 45 step 80/140 loss=0.9020
20:50:01 | INFO    | holoqpi.engine.trainer |   epoch 45 step 100/140 loss=0.6926
20:50:03 | INFO    | holoqpi.engine.trainer |   epoch 45 step 120/140 loss=1.0625
20:50:48 | INFO    | holoqpi.engine.trainer | epoch 45/60 (57s = 13s train + 44s val) | train_loss=0.6923  val_phase_mae=0.1807  val_dice=0.7676  val_cls_acc=0.8189  val_mass_mape=0.2358
20:50:49 | INFO    | holoqpi.engine.trainer |   epoch 46 step 0/140 loss=0.5834
20:50:50 | INFO    | holoqpi.engine.trainer |   epoch 46 step 20/140 loss=0.5690
20:50:52 | INFO    | holoqpi.engine.trainer |   epoch 46 step 40/140 loss=0.8565
20:50:54 | INFO    | holoqpi.engine.trainer |   epoch 46 step 60/140 loss=1.0654
20:50:56 | INFO    | holoqpi.engine.trainer |   epoch 46 step 80/140 loss=0.5355
20:50:58 | INFO    | holoqpi.engine.trainer |   epoch 46 step 100/140 loss=0.6925
20:50:59 | INFO    | holoqpi.engine.trainer |   epoch 46 step 120/140 loss=0.7069
20:51:44 | INFO    | holoqpi.engine.trainer | epoch 46/60 (56s = 13s train + 43s val) | train_loss=0.7019  val_phase_mae=0.1798  val_dice=0.7654  val_cls_acc=0.7480  val_mass_mape=0.2236
20:51:45 | INFO    | holoqpi.engine.trainer |   epoch 47 step 0/140 loss=0.6746
20:51:46 | INFO    | holoqpi.engine.trainer |   epoch 47 step 20/140 loss=0.7152
20:51:48 | INFO    | holoqpi.engine.trainer |   epoch 47 step 40/140 loss=0.5481
20:51:50 | INFO    | holoqpi.engine.trainer |   epoch 47 step 60/140 loss=0.9369
20:51:52 | INFO    | holoqpi.engine.trainer |   epoch 47 step 80/140 loss=0.6681
20:51:54 | INFO    | holoqpi.engine.trainer |   epoch 47 step 100/140 loss=0.6021
20:51:55 | INFO    | holoqpi.engine.trainer |   epoch 47 step 120/140 loss=0.8526
20:52:40 | INFO    | holoqpi.engine.trainer | epoch 47/60 (56s = 13s train + 44s val) | train_loss=0.6854  val_phase_mae=0.1798  val_dice=0.7674  val_cls_acc=0.8346  val_mass_mape=0.2318
20:52:41 | INFO    | holoqpi.engine.trainer |   epoch 48 step 0/140 loss=0.5428
20:52:43 | INFO    | holoqpi.engine.trainer |   epoch 48 step 20/140 loss=0.5934
20:52:44 | INFO    | holoqpi.engine.trainer |   epoch 48 step 40/140 loss=0.5389
20:52:46 | INFO    | holoqpi.engine.trainer |   epoch 48 step 60/140 loss=0.4930
20:52:48 | INFO    | holoqpi.engine.trainer |   epoch 48 step 80/140 loss=0.5274
20:52:50 | INFO    | holoqpi.engine.trainer |   epoch 48 step 100/140 loss=0.6216
20:52:52 | INFO    | holoqpi.engine.trainer |   epoch 48 step 120/140 loss=0.5906
20:53:37 | INFO    | holoqpi.engine.trainer | epoch 48/60 (57s = 13s train + 44s val) | train_loss=0.6844  val_phase_mae=0.1811  val_dice=0.7659  val_cls_acc=0.8189  val_mass_mape=0.2255
20:53:38 | INFO    | holoqpi.engine.trainer |   epoch 49 step 0/140 loss=0.6669
20:53:40 | INFO    | holoqpi.engine.trainer |   epoch 49 step 20/140 loss=0.5844
20:53:41 | INFO    | holoqpi.engine.trainer |   epoch 49 step 40/140 loss=0.5605
20:53:43 | INFO    | holoqpi.engine.trainer |   epoch 49 step 60/140 loss=0.9443
20:53:45 | INFO    | holoqpi.engine.trainer |   epoch 49 step 80/140 loss=0.4446
20:53:47 | INFO    | holoqpi.engine.trainer |   epoch 49 step 100/140 loss=0.5501
20:53:49 | INFO    | holoqpi.engine.trainer |   epoch 49 step 120/140 loss=0.9672
20:54:34 | INFO    | holoqpi.engine.trainer | epoch 49/60 (57s = 13s train + 44s val) | train_loss=0.6850  val_phase_mae=0.1801  val_dice=0.7704  val_cls_acc=0.8110  val_mass_mape=0.2375
20:54:35 | INFO    | holoqpi.engine.trainer |   epoch 50 step 0/140 loss=0.6416
20:54:36 | INFO    | holoqpi.engine.trainer |   epoch 50 step 20/140 loss=0.6715
20:54:38 | INFO    | holoqpi.engine.trainer |   epoch 50 step 40/140 loss=0.5220
20:54:40 | INFO    | holoqpi.engine.trainer |   epoch 50 step 60/140 loss=0.4865
20:54:42 | INFO    | holoqpi.engine.trainer |   epoch 50 step 80/140 loss=0.5363
20:54:43 | INFO    | holoqpi.engine.trainer |   epoch 50 step 100/140 loss=0.8664
20:54:45 | INFO    | holoqpi.engine.trainer |   epoch 50 step 120/140 loss=0.5760
20:55:31 | INFO    | holoqpi.engine.trainer | epoch 50/60 (57s = 13s train + 44s val) | train_loss=0.6842  val_phase_mae=0.1799  val_dice=0.7684  val_cls_acc=0.8189  val_mass_mape=0.2277
20:55:31 | INFO    | holoqpi.engine.trainer |   epoch 51 step 0/140 loss=0.5300
20:55:33 | INFO    | holoqpi.engine.trainer |   epoch 51 step 20/140 loss=0.5382
20:55:35 | INFO    | holoqpi.engine.trainer |   epoch 51 step 40/140 loss=0.8001
20:55:36 | INFO    | holoqpi.engine.trainer |   epoch 51 step 60/140 loss=0.6328
20:55:38 | INFO    | holoqpi.engine.trainer |   epoch 51 step 80/140 loss=0.5675
20:55:40 | INFO    | holoqpi.engine.trainer |   epoch 51 step 100/140 loss=1.0883
20:55:42 | INFO    | holoqpi.engine.trainer |   epoch 51 step 120/140 loss=0.5919
20:56:27 | INFO    | holoqpi.engine.trainer | epoch 51/60 (56s = 13s train + 44s val) | train_loss=0.6753  val_phase_mae=0.1808  val_dice=0.7669  val_cls_acc=0.8110  val_mass_mape=0.2317
20:56:28 | INFO    | holoqpi.engine.trainer |   epoch 52 step 0/140 loss=0.5720
20:56:29 | INFO    | holoqpi.engine.trainer |   epoch 52 step 20/140 loss=1.0372
20:56:31 | INFO    | holoqpi.engine.trainer |   epoch 52 step 40/140 loss=0.7940
20:56:33 | INFO    | holoqpi.engine.trainer |   epoch 52 step 60/140 loss=0.5494
20:56:35 | INFO    | holoqpi.engine.trainer |   epoch 52 step 80/140 loss=0.6538
20:56:37 | INFO    | holoqpi.engine.trainer |   epoch 52 step 100/140 loss=0.6153
20:56:38 | INFO    | holoqpi.engine.trainer |   epoch 52 step 120/140 loss=0.7343
20:57:24 | INFO    | holoqpi.engine.trainer | epoch 52/60 (57s = 13s train + 44s val) | train_loss=0.6783  val_phase_mae=0.1809  val_dice=0.7675  val_cls_acc=0.7953  val_mass_mape=0.2355
20:57:24 | INFO    | holoqpi.engine.trainer |   epoch 53 step 0/140 loss=1.0613
20:57:26 | INFO    | holoqpi.engine.trainer |   epoch 53 step 20/140 loss=1.1210
20:57:28 | INFO    | holoqpi.engine.trainer |   epoch 53 step 40/140 loss=0.5991
20:57:30 | INFO    | holoqpi.engine.trainer |   epoch 53 step 60/140 loss=0.7854
20:57:31 | INFO    | holoqpi.engine.trainer |   epoch 53 step 80/140 loss=0.4359
20:57:33 | INFO    | holoqpi.engine.trainer |   epoch 53 step 100/140 loss=0.4962
20:57:35 | INFO    | holoqpi.engine.trainer |   epoch 53 step 120/140 loss=0.5598
20:58:21 | INFO    | holoqpi.engine.trainer |   new best composite=0.7631
20:58:21 | INFO    | holoqpi.engine.trainer | epoch 53/60 (57s = 13s train + 44s val) | train_loss=0.6668  val_phase_mae=0.1804  val_dice=0.7691  val_cls_acc=0.8031  val_mass_mape=0.2265
20:58:21 | INFO    | holoqpi.engine.trainer |   epoch 54 step 0/140 loss=0.4516
20:58:23 | INFO    | holoqpi.engine.trainer |   epoch 54 step 20/140 loss=0.9972
20:58:25 | INFO    | holoqpi.engine.trainer |   epoch 54 step 40/140 loss=0.7031
20:58:27 | INFO    | holoqpi.engine.trainer |   epoch 54 step 60/140 loss=0.4676
20:58:28 | INFO    | holoqpi.engine.trainer |   epoch 54 step 80/140 loss=0.4718
20:58:30 | INFO    | holoqpi.engine.trainer |   epoch 54 step 100/140 loss=0.9173
20:58:32 | INFO    | holoqpi.engine.trainer |   epoch 54 step 120/140 loss=1.2273
20:59:18 | INFO    | holoqpi.engine.trainer | epoch 54/60 (57s = 13s train + 44s val) | train_loss=0.6700  val_phase_mae=0.1807  val_dice=0.7682  val_cls_acc=0.8189  val_mass_mape=0.2314
20:59:19 | INFO    | holoqpi.engine.trainer |   epoch 55 step 0/140 loss=0.5219
20:59:20 | INFO    | holoqpi.engine.trainer |   epoch 55 step 20/140 loss=0.4884
20:59:22 | INFO    | holoqpi.engine.trainer |   epoch 55 step 40/140 loss=0.6293
20:59:24 | INFO    | holoqpi.engine.trainer |   epoch 55 step 60/140 loss=0.8888
20:59:25 | INFO    | holoqpi.engine.trainer |   epoch 55 step 80/140 loss=0.7944
20:59:27 | INFO    | holoqpi.engine.trainer |   epoch 55 step 100/140 loss=0.7648
20:59:29 | INFO    | holoqpi.engine.trainer |   epoch 55 step 120/140 loss=0.5340
21:00:15 | INFO    | holoqpi.engine.trainer | epoch 55/60 (57s = 13s train + 45s val) | train_loss=0.6812  val_phase_mae=0.1806  val_dice=0.7673  val_cls_acc=0.8189  val_mass_mape=0.2306
21:00:16 | INFO    | holoqpi.engine.trainer |   epoch 56 step 0/140 loss=0.6116
21:00:18 | INFO    | holoqpi.engine.trainer |   epoch 56 step 20/140 loss=0.7030
21:00:19 | INFO    | holoqpi.engine.trainer |   epoch 56 step 40/140 loss=0.5890
21:00:21 | INFO    | holoqpi.engine.trainer |   epoch 56 step 60/140 loss=0.6376
21:00:23 | INFO    | holoqpi.engine.trainer |   epoch 56 step 80/140 loss=0.7214
21:00:25 | INFO    | holoqpi.engine.trainer |   epoch 56 step 100/140 loss=0.6240
21:00:26 | INFO    | holoqpi.engine.trainer |   epoch 56 step 120/140 loss=0.5199
21:01:13 | INFO    | holoqpi.engine.trainer | epoch 56/60 (57s = 13s train + 45s val) | train_loss=0.6740  val_phase_mae=0.1809  val_dice=0.7691  val_cls_acc=0.8110  val_mass_mape=0.2388
21:01:13 | INFO    | holoqpi.engine.trainer |   epoch 57 step 0/140 loss=0.7548
21:01:15 | INFO    | holoqpi.engine.trainer |   epoch 57 step 20/140 loss=0.6165
21:01:17 | INFO    | holoqpi.engine.trainer |   epoch 57 step 40/140 loss=0.5919
21:01:18 | INFO    | holoqpi.engine.trainer |   epoch 57 step 60/140 loss=0.4675
21:01:20 | INFO    | holoqpi.engine.trainer |   epoch 57 step 80/140 loss=0.5929
21:01:22 | INFO    | holoqpi.engine.trainer |   epoch 57 step 100/140 loss=0.6472
21:01:24 | INFO    | holoqpi.engine.trainer |   epoch 57 step 120/140 loss=0.5649
21:02:10 | INFO    | holoqpi.engine.trainer | epoch 57/60 (57s = 13s train + 44s val) | train_loss=0.6667  val_phase_mae=0.1801  val_dice=0.7685  val_cls_acc=0.8268  val_mass_mape=0.2265
21:02:10 | INFO    | holoqpi.engine.trainer |   epoch 58 step 0/140 loss=0.7715
21:02:12 | INFO    | holoqpi.engine.trainer |   epoch 58 step 20/140 loss=0.5292
21:02:14 | INFO    | holoqpi.engine.trainer |   epoch 58 step 40/140 loss=0.5307
21:02:15 | INFO    | holoqpi.engine.trainer |   epoch 58 step 60/140 loss=0.5615
21:02:17 | INFO    | holoqpi.engine.trainer |   epoch 58 step 80/140 loss=0.5579
21:02:19 | INFO    | holoqpi.engine.trainer |   epoch 58 step 100/140 loss=0.5615
21:02:20 | INFO    | holoqpi.engine.trainer |   epoch 58 step 120/140 loss=0.9867
21:03:07 | INFO    | holoqpi.engine.trainer | epoch 58/60 (57s = 12s train + 45s val) | train_loss=0.6608  val_phase_mae=0.1802  val_dice=0.7690  val_cls_acc=0.8504  val_mass_mape=0.2338
21:03:07 | INFO    | holoqpi.engine.trainer |   epoch 59 step 0/140 loss=0.6475
21:03:09 | INFO    | holoqpi.engine.trainer |   epoch 59 step 20/140 loss=0.9355
21:03:11 | INFO    | holoqpi.engine.trainer |   epoch 59 step 40/140 loss=1.2686
21:03:13 | INFO    | holoqpi.engine.trainer |   epoch 59 step 60/140 loss=0.5894
21:03:14 | INFO    | holoqpi.engine.trainer |   epoch 59 step 80/140 loss=0.5366
21:03:16 | INFO    | holoqpi.engine.trainer |   epoch 59 step 100/140 loss=0.5855
21:03:18 | INFO    | holoqpi.engine.trainer |   epoch 59 step 120/140 loss=1.0295
21:04:04 | INFO    | holoqpi.engine.trainer | epoch 59/60 (57s = 13s train + 44s val) | train_loss=0.6614  val_phase_mae=0.1799  val_dice=0.7689  val_cls_acc=0.8268  val_mass_mape=0.2327
21:04:05 | INFO    | holoqpi.engine.trainer |   epoch 60 step 0/140 loss=0.5128
21:04:06 | INFO    | holoqpi.engine.trainer |   epoch 60 step 20/140 loss=0.5796
21:04:08 | INFO    | holoqpi.engine.trainer |   epoch 60 step 40/140 loss=0.5178
21:04:10 | INFO    | holoqpi.engine.trainer |   epoch 60 step 60/140 loss=0.5687
21:04:12 | INFO    | holoqpi.engine.trainer |   epoch 60 step 80/140 loss=0.5969
21:04:13 | INFO    | holoqpi.engine.trainer |   epoch 60 step 100/140 loss=0.6458
21:04:15 | INFO    | holoqpi.engine.trainer |   epoch 60 step 120/140 loss=0.8248
21:05:01 | INFO    | holoqpi.engine.trainer | epoch 60/60 (57s = 13s train + 45s val) | train_loss=0.6621  val_phase_mae=0.1799  val_dice=0.7693  val_cls_acc=0.7795  val_mass_mape=0.2301
21:05:02 | INFO    | holoqpi.engine.trainer | training finished; best epoch 53 (composite=0.7631)
21:05:02 | INFO    | holoqpi.engine.trainer | checkpoint best_model.pt: 446/446 tensors matched
21:05:41 | INFO    | holoqpi.engine.compare | modality=gabor test metrics written to runs/base_s1337_gabor
21:05:42 | INFO    | holoqpi.engine.compare | comparison table written to runs/base_s1337_modality_comparison.csv
