05:08:12 | INFO    | holoqpi.engine.compare | ======================================================================
05:08:12 | INFO    | holoqpi.engine.compare | modality=off_axis  device=cuda  run_dir=runs/no_physics_s2024_off_axis
05:08:12 | INFO    | holoqpi.engine.compare | ======================================================================
05:08:12 | INFO    | holoqpi.data.dataset | train split: 560 samples | modality=off_axis | crop=512 | augment=True
05:08:12 | INFO    | holoqpi.data.dataset | val split: 127 samples | modality=off_axis | crop=None | augment=False
05:08:12 | INFO    | holoqpi.data.dataset | test split: 113 samples | modality=off_axis | crop=None | augment=False
05:08:13 | INFO    | holoqpi.models.encoders | encoder=mobilenet_v2 in_channels=1 pretrained=True stages=[16, 24, 32, 96, 1280]
05:08:13 | INFO    | holoqpi.models.holonet | HoloQPINet built: 9.76M parameters, 9.76M trainable (100.0%)
05:08:15 | INFO    | holoqpi.engine.trainer | trainable 9.76M / 9.76M parameters (100.0%)
05:08:15 | INFO    | holoqpi.engine.trainer | active physics terms: none
05:08:20 | INFO    | holoqpi.engine.trainer |   epoch 1 step 0/140 loss=2.2019
05:08:22 | INFO    | holoqpi.engine.trainer |   epoch 1 step 20/140 loss=1.9497
05:08:24 | INFO    | holoqpi.engine.trainer |   epoch 1 step 40/140 loss=1.6965
05:08:26 | INFO    | holoqpi.engine.trainer |   epoch 1 step 60/140 loss=1.5069
05:08:28 | INFO    | holoqpi.engine.trainer |   epoch 1 step 80/140 loss=1.3953
05:08:30 | INFO    | holoqpi.engine.trainer |   epoch 1 step 100/140 loss=1.3027
05:08:32 | INFO    | holoqpi.engine.trainer |   epoch 1 step 120/140 loss=1.2783
05:09:26 | INFO    | holoqpi.engine.trainer |   new best composite=0.5864
05:09:26 | INFO    | holoqpi.engine.trainer | epoch 1/60 (71s = 19s train + 52s val) | train_loss=1.5739  val_phase_mae=0.2557  val_dice=0.5980  val_cls_acc=0.3307  val_mass_mape=0.3736
05:09:26 | INFO    | holoqpi.engine.trainer |   at this rate the full 60-epoch schedule takes about 71 min
05:09:27 | INFO    | holoqpi.engine.trainer |   epoch 2 step 0/140 loss=1.3148
05:09:29 | INFO    | holoqpi.engine.trainer |   epoch 2 step 20/140 loss=1.1516
05:09:32 | INFO    | holoqpi.engine.trainer |   epoch 2 step 40/140 loss=1.0261
05:09:34 | INFO    | holoqpi.engine.trainer |   epoch 2 step 60/140 loss=0.9454
05:09:36 | INFO    | holoqpi.engine.trainer |   epoch 2 step 80/140 loss=1.1041
05:09:38 | INFO    | holoqpi.engine.trainer |   epoch 2 step 100/140 loss=0.9854
05:09:40 | INFO    | holoqpi.engine.trainer |   epoch 2 step 120/140 loss=0.8992
05:10:31 | INFO    | holoqpi.engine.trainer |   new best composite=0.6787
05:10:31 | INFO    | holoqpi.engine.trainer | epoch 2/60 (65s = 16s train + 49s val) | train_loss=1.0864  val_phase_mae=0.2234  val_dice=0.6964  val_cls_acc=0.3150  val_mass_mape=0.3231
05:10:32 | INFO    | holoqpi.engine.trainer |   epoch 3 step 0/140 loss=0.9503
05:10:34 | INFO    | holoqpi.engine.trainer |   epoch 3 step 20/140 loss=0.8697
05:10:36 | INFO    | holoqpi.engine.trainer |   epoch 3 step 40/140 loss=1.0344
05:10:38 | INFO    | holoqpi.engine.trainer |   epoch 3 step 60/140 loss=1.0017
05:10:40 | INFO    | holoqpi.engine.trainer |   epoch 3 step 80/140 loss=0.6885
05:10:42 | INFO    | holoqpi.engine.trainer |   epoch 3 step 100/140 loss=0.9372
05:10:44 | INFO    | holoqpi.engine.trainer |   epoch 3 step 120/140 loss=0.8638
05:11:34 | INFO    | holoqpi.engine.trainer |   new best composite=0.7282
05:11:34 | INFO    | holoqpi.engine.trainer | epoch 3/60 (63s = 15s train + 48s val) | train_loss=0.8957  val_phase_mae=0.1995  val_dice=0.7534  val_cls_acc=0.2992  val_mass_mape=0.3117
05:11:35 | INFO    | holoqpi.engine.trainer |   epoch 4 step 0/140 loss=0.8567
05:11:37 | INFO    | holoqpi.engine.trainer |   epoch 4 step 20/140 loss=0.9095
05:11:39 | INFO    | holoqpi.engine.trainer |   epoch 4 step 40/140 loss=0.8303
05:11:41 | INFO    | holoqpi.engine.trainer |   epoch 4 step 60/140 loss=0.7624
05:11:43 | INFO    | holoqpi.engine.trainer |   epoch 4 step 80/140 loss=0.8272
05:11:45 | INFO    | holoqpi.engine.trainer |   epoch 4 step 100/140 loss=0.7394
05:11:47 | INFO    | holoqpi.engine.trainer |   epoch 4 step 120/140 loss=0.7322
05:12:38 | INFO    | holoqpi.engine.trainer |   new best composite=0.7639
05:12:38 | INFO    | holoqpi.engine.trainer | epoch 4/60 (64s = 14s train + 50s val) | train_loss=0.8244  val_phase_mae=0.1889  val_dice=0.7816  val_cls_acc=0.2835  val_mass_mape=0.2380
05:12:39 | INFO    | holoqpi.engine.trainer |   epoch 5 step 0/140 loss=0.7514
05:12:41 | INFO    | holoqpi.engine.trainer |   epoch 5 step 20/140 loss=0.8509
05:12:43 | INFO    | holoqpi.engine.trainer |   epoch 5 step 40/140 loss=0.9866
05:12:45 | INFO    | holoqpi.engine.trainer |   epoch 5 step 60/140 loss=0.8881
05:12:47 | INFO    | holoqpi.engine.trainer |   epoch 5 step 80/140 loss=0.8036
05:12:49 | INFO    | holoqpi.engine.trainer |   epoch 5 step 100/140 loss=0.7923
05:12:51 | INFO    | holoqpi.engine.trainer |   epoch 5 step 120/140 loss=0.7681
05:13:41 | INFO    | holoqpi.engine.trainer |   new best composite=0.7764
05:13:41 | INFO    | holoqpi.engine.trainer | epoch 5/60 (62s = 15s train + 47s val) | train_loss=0.7882  val_phase_mae=0.1805  val_dice=0.7898  val_cls_acc=0.3150  val_mass_mape=0.2278
05:13:41 | INFO    | holoqpi.engine.trainer |   epoch 6 step 0/140 loss=0.8228
05:13:43 | INFO    | holoqpi.engine.trainer |   epoch 6 step 20/140 loss=0.8050
05:13:45 | INFO    | holoqpi.engine.trainer |   epoch 6 step 40/140 loss=0.7016
05:13:47 | INFO    | holoqpi.engine.trainer |   epoch 6 step 60/140 loss=0.7934
05:13:49 | INFO    | holoqpi.engine.trainer |   epoch 6 step 80/140 loss=0.7544
05:13:52 | INFO    | holoqpi.engine.trainer |   epoch 6 step 100/140 loss=0.6953
05:13:54 | INFO    | holoqpi.engine.trainer |   epoch 6 step 120/140 loss=0.6505
05:14:43 | INFO    | holoqpi.engine.trainer | epoch 6/60 (63s = 15s train + 48s val) | train_loss=0.7536  val_phase_mae=0.1887  val_dice=0.7984  val_cls_acc=0.4331  val_mass_mape=0.3503
05:14:44 | INFO    | holoqpi.engine.trainer |   epoch 7 step 0/140 loss=0.7970
05:14:46 | INFO    | holoqpi.engine.trainer |   epoch 7 step 20/140 loss=0.8655
05:14:48 | INFO    | holoqpi.engine.trainer |   epoch 7 step 40/140 loss=0.7679
05:14:50 | INFO    | holoqpi.engine.trainer |   epoch 7 step 60/140 loss=0.6386
05:14:52 | INFO    | holoqpi.engine.trainer |   epoch 7 step 80/140 loss=0.7139
05:14:54 | INFO    | holoqpi.engine.trainer |   epoch 7 step 100/140 loss=0.8172
05:14:56 | INFO    | holoqpi.engine.trainer |   epoch 7 step 120/140 loss=0.9909
05:15:46 | INFO    | holoqpi.engine.trainer | epoch 7/60 (62s = 14s train + 48s val) | train_loss=0.7421  val_phase_mae=0.1794  val_dice=0.7974  val_cls_acc=0.3386  val_mass_mape=0.2684
05:15:46 | INFO    | holoqpi.engine.trainer |   epoch 8 step 0/140 loss=0.5835
05:15:48 | INFO    | holoqpi.engine.trainer |   epoch 8 step 20/140 loss=0.8459
05:15:50 | INFO    | holoqpi.engine.trainer |   epoch 8 step 40/140 loss=0.7505
05:15:52 | INFO    | holoqpi.engine.trainer |   epoch 8 step 60/140 loss=0.7625
05:15:54 | INFO    | holoqpi.engine.trainer |   epoch 8 step 80/140 loss=0.6168
05:15:56 | INFO    | holoqpi.engine.trainer |   epoch 8 step 100/140 loss=0.6926
05:15:58 | INFO    | holoqpi.engine.trainer |   epoch 8 step 120/140 loss=0.7570
05:16:49 | INFO    | holoqpi.engine.trainer |   new best composite=0.7828
05:16:49 | INFO    | holoqpi.engine.trainer | epoch 8/60 (63s = 14s train + 49s val) | train_loss=0.7191  val_phase_mae=0.1827  val_dice=0.7915  val_cls_acc=0.3780  val_mass_mape=0.2145
05:16:49 | INFO    | holoqpi.engine.trainer |   epoch 9 step 0/140 loss=0.6889
05:16:51 | INFO    | holoqpi.engine.trainer |   epoch 9 step 20/140 loss=0.7159
05:16:53 | INFO    | holoqpi.engine.trainer |   epoch 9 step 40/140 loss=0.8696
05:16:55 | INFO    | holoqpi.engine.trainer |   epoch 9 step 60/140 loss=0.9408
05:16:57 | INFO    | holoqpi.engine.trainer |   epoch 9 step 80/140 loss=0.7931
05:16:59 | INFO    | holoqpi.engine.trainer |   epoch 9 step 100/140 loss=0.9240
05:17:01 | INFO    | holoqpi.engine.trainer |   epoch 9 step 120/140 loss=0.6953
05:17:52 | INFO    | holoqpi.engine.trainer |   new best composite=0.7887
05:17:52 | INFO    | holoqpi.engine.trainer | epoch 9/60 (63s = 14s train + 48s val) | train_loss=0.7092  val_phase_mae=0.1753  val_dice=0.8008  val_cls_acc=0.4724  val_mass_mape=0.2120
05:17:52 | INFO    | holoqpi.engine.trainer |   epoch 10 step 0/140 loss=0.6852
05:17:54 | INFO    | holoqpi.engine.trainer |   epoch 10 step 20/140 loss=0.8741
05:17:56 | INFO    | holoqpi.engine.trainer |   epoch 10 step 40/140 loss=0.6417
05:17:58 | INFO    | holoqpi.engine.trainer |   epoch 10 step 60/140 loss=0.7497
05:18:00 | INFO    | holoqpi.engine.trainer |   epoch 10 step 80/140 loss=0.7160
05:18:02 | INFO    | holoqpi.engine.trainer |   epoch 10 step 100/140 loss=0.8285
05:18:04 | INFO    | holoqpi.engine.trainer |   epoch 10 step 120/140 loss=0.7381
05:18:54 | INFO    | holoqpi.engine.trainer | epoch 10/60 (62s = 14s train + 48s val) | train_loss=0.6974  val_phase_mae=0.1862  val_dice=0.7989  val_cls_acc=0.3858  val_mass_mape=0.3568
05:18:55 | INFO    | holoqpi.engine.trainer |   epoch 11 step 0/140 loss=0.7697
05:18:57 | INFO    | holoqpi.engine.trainer |   epoch 11 step 20/140 loss=0.7468
05:18:59 | INFO    | holoqpi.engine.trainer |   epoch 11 step 40/140 loss=0.6642
05:19:01 | INFO    | holoqpi.engine.trainer |   epoch 11 step 60/140 loss=0.6631
05:19:03 | INFO    | holoqpi.engine.trainer |   epoch 11 step 80/140 loss=0.7232
05:19:05 | INFO    | holoqpi.engine.trainer |   epoch 11 step 100/140 loss=0.6979
05:19:07 | INFO    | holoqpi.engine.trainer |   epoch 11 step 120/140 loss=0.5102
05:19:57 | INFO    | holoqpi.engine.trainer |   new best composite=0.7920
05:19:57 | INFO    | holoqpi.engine.trainer | epoch 11/60 (62s = 14s train + 48s val) | train_loss=0.6790  val_phase_mae=0.1809  val_dice=0.8067  val_cls_acc=0.4252  val_mass_mape=0.2154
05:19:57 | INFO    | holoqpi.engine.trainer |   epoch 12 step 0/140 loss=0.5908
05:19:59 | INFO    | holoqpi.engine.trainer |   epoch 12 step 20/140 loss=0.8306
05:20:01 | INFO    | holoqpi.engine.trainer |   epoch 12 step 40/140 loss=0.6537
05:20:03 | INFO    | holoqpi.engine.trainer |   epoch 12 step 60/140 loss=0.7502
05:20:05 | INFO    | holoqpi.engine.trainer |   epoch 12 step 80/140 loss=0.6770
05:20:07 | INFO    | holoqpi.engine.trainer |   epoch 12 step 100/140 loss=0.6529
05:20:09 | INFO    | holoqpi.engine.trainer |   epoch 12 step 120/140 loss=0.6191
05:20:59 | INFO    | holoqpi.engine.trainer |   new best composite=0.7977
05:20:59 | INFO    | holoqpi.engine.trainer | epoch 12/60 (62s = 14s train + 48s val) | train_loss=0.6818  val_phase_mae=0.1740  val_dice=0.8093  val_cls_acc=0.3701  val_mass_mape=0.2002
05:21:00 | INFO    | holoqpi.engine.trainer |   epoch 13 step 0/140 loss=0.6521
05:21:02 | INFO    | holoqpi.engine.trainer |   epoch 13 step 20/140 loss=0.5736
05:21:04 | INFO    | holoqpi.engine.trainer |   epoch 13 step 40/140 loss=0.8392
05:21:06 | INFO    | holoqpi.engine.trainer |   epoch 13 step 60/140 loss=0.6261
05:21:08 | INFO    | holoqpi.engine.trainer |   epoch 13 step 80/140 loss=0.6221
05:21:10 | INFO    | holoqpi.engine.trainer |   epoch 13 step 100/140 loss=0.6061
05:21:11 | INFO    | holoqpi.engine.trainer |   epoch 13 step 120/140 loss=0.7824
05:22:01 | INFO    | holoqpi.engine.trainer | epoch 13/60 (62s = 14s train + 48s val) | train_loss=0.6653  val_phase_mae=0.1768  val_dice=0.8017  val_cls_acc=0.3701  val_mass_mape=0.2160
05:22:02 | INFO    | holoqpi.engine.trainer |   epoch 14 step 0/140 loss=0.6485
05:22:04 | INFO    | holoqpi.engine.trainer |   epoch 14 step 20/140 loss=0.5372
05:22:06 | INFO    | holoqpi.engine.trainer |   epoch 14 step 40/140 loss=0.7245
05:22:08 | INFO    | holoqpi.engine.trainer |   epoch 14 step 60/140 loss=0.8927
05:22:10 | INFO    | holoqpi.engine.trainer |   epoch 14 step 80/140 loss=0.4524
05:22:12 | INFO    | holoqpi.engine.trainer |   epoch 14 step 100/140 loss=0.8014
05:22:14 | INFO    | holoqpi.engine.trainer |   epoch 14 step 120/140 loss=0.5892
05:23:04 | INFO    | holoqpi.engine.trainer | epoch 14/60 (62s = 14s train + 48s val) | train_loss=0.6677  val_phase_mae=0.1771  val_dice=0.8065  val_cls_acc=0.5433  val_mass_mape=0.2736
05:23:04 | INFO    | holoqpi.engine.trainer |   epoch 15 step 0/140 loss=0.6267
05:23:06 | INFO    | holoqpi.engine.trainer |   epoch 15 step 20/140 loss=0.5248
05:23:08 | INFO    | holoqpi.engine.trainer |   epoch 15 step 40/140 loss=0.6870
05:23:10 | INFO    | holoqpi.engine.trainer |   epoch 15 step 60/140 loss=0.5727
05:23:12 | INFO    | holoqpi.engine.trainer |   epoch 15 step 80/140 loss=0.7332
05:23:14 | INFO    | holoqpi.engine.trainer |   epoch 15 step 100/140 loss=0.6675
05:23:16 | INFO    | holoqpi.engine.trainer |   epoch 15 step 120/140 loss=0.6124
05:24:05 | INFO    | holoqpi.engine.trainer | epoch 15/60 (61s = 14s train + 48s val) | train_loss=0.6635  val_phase_mae=0.1890  val_dice=0.8079  val_cls_acc=0.4488  val_mass_mape=0.3679
05:24:06 | INFO    | holoqpi.engine.trainer |   epoch 16 step 0/140 loss=0.5925
05:24:08 | INFO    | holoqpi.engine.trainer |   epoch 16 step 20/140 loss=0.5922
05:24:10 | INFO    | holoqpi.engine.trainer |   epoch 16 step 40/140 loss=0.6172
05:24:12 | INFO    | holoqpi.engine.trainer |   epoch 16 step 60/140 loss=0.6157
05:24:14 | INFO    | holoqpi.engine.trainer |   epoch 16 step 80/140 loss=0.6161
05:24:16 | INFO    | holoqpi.engine.trainer |   epoch 16 step 100/140 loss=0.6802
05:24:18 | INFO    | holoqpi.engine.trainer |   epoch 16 step 120/140 loss=0.7239
05:25:07 | INFO    | holoqpi.engine.trainer | epoch 16/60 (62s = 14s train + 48s val) | train_loss=0.6450  val_phase_mae=0.1811  val_dice=0.8123  val_cls_acc=0.4724  val_mass_mape=0.2780
05:25:08 | INFO    | holoqpi.engine.trainer |   epoch 17 step 0/140 loss=0.6761
05:25:10 | INFO    | holoqpi.engine.trainer |   epoch 17 step 20/140 loss=0.5292
05:25:11 | INFO    | holoqpi.engine.trainer |   epoch 17 step 40/140 loss=0.6241
05:25:13 | INFO    | holoqpi.engine.trainer |   epoch 17 step 60/140 loss=0.6055
05:25:15 | INFO    | holoqpi.engine.trainer |   epoch 17 step 80/140 loss=0.5960
05:25:17 | INFO    | holoqpi.engine.trainer |   epoch 17 step 100/140 loss=0.5706
05:25:19 | INFO    | holoqpi.engine.trainer |   epoch 17 step 120/140 loss=0.5824
05:26:11 | INFO    | holoqpi.engine.trainer |   new best composite=0.8020
05:26:11 | INFO    | holoqpi.engine.trainer | epoch 17/60 (63s = 14s train + 49s val) | train_loss=0.6456  val_phase_mae=0.1687  val_dice=0.8153  val_cls_acc=0.5276  val_mass_mape=0.1958
05:26:11 | INFO    | holoqpi.engine.trainer |   epoch 18 step 0/140 loss=0.5857
05:26:13 | INFO    | holoqpi.engine.trainer |   epoch 18 step 20/140 loss=0.4963
05:26:15 | INFO    | holoqpi.engine.trainer |   epoch 18 step 40/140 loss=0.5886
05:26:17 | INFO    | holoqpi.engine.trainer |   epoch 18 step 60/140 loss=0.5491
05:26:19 | INFO    | holoqpi.engine.trainer |   epoch 18 step 80/140 loss=0.5281
05:26:21 | INFO    | holoqpi.engine.trainer |   epoch 18 step 100/140 loss=0.6467
05:26:23 | INFO    | holoqpi.engine.trainer |   epoch 18 step 120/140 loss=0.5086
05:27:12 | INFO    | holoqpi.engine.trainer | epoch 18/60 (61s = 14s train + 47s val) | train_loss=0.6350  val_phase_mae=0.1756  val_dice=0.7950  val_cls_acc=0.4094  val_mass_mape=0.2058
05:27:13 | INFO    | holoqpi.engine.trainer |   epoch 19 step 0/140 loss=0.5865
05:27:15 | INFO    | holoqpi.engine.trainer |   epoch 19 step 20/140 loss=0.6067
05:27:17 | INFO    | holoqpi.engine.trainer |   epoch 19 step 40/140 loss=0.5488
05:27:18 | INFO    | holoqpi.engine.trainer |   epoch 19 step 60/140 loss=0.5177
05:27:20 | INFO    | holoqpi.engine.trainer |   epoch 19 step 80/140 loss=0.9554
05:27:22 | INFO    | holoqpi.engine.trainer |   epoch 19 step 100/140 loss=0.6531
05:27:24 | INFO    | holoqpi.engine.trainer |   epoch 19 step 120/140 loss=0.7239
05:28:14 | INFO    | holoqpi.engine.trainer | epoch 19/60 (62s = 14s train + 48s val) | train_loss=0.6319  val_phase_mae=0.1807  val_dice=0.8120  val_cls_acc=0.5039  val_mass_mape=0.2430
05:28:14 | INFO    | holoqpi.engine.trainer |   epoch 20 step 0/140 loss=0.6749
05:28:16 | INFO    | holoqpi.engine.trainer |   epoch 20 step 20/140 loss=0.5011
05:28:18 | INFO    | holoqpi.engine.trainer |   epoch 20 step 40/140 loss=0.6730
05:28:20 | INFO    | holoqpi.engine.trainer |   epoch 20 step 60/140 loss=0.5753
05:28:22 | INFO    | holoqpi.engine.trainer |   epoch 20 step 80/140 loss=0.5345
05:28:24 | INFO    | holoqpi.engine.trainer |   epoch 20 step 100/140 loss=0.5564
05:28:26 | INFO    | holoqpi.engine.trainer |   epoch 20 step 120/140 loss=0.4728
05:29:16 | INFO    | holoqpi.engine.trainer | epoch 20/60 (62s = 14s train + 48s val) | train_loss=0.6207  val_phase_mae=0.1695  val_dice=0.8118  val_cls_acc=0.5197  val_mass_mape=0.1999
05:29:16 | INFO    | holoqpi.engine.trainer |   epoch 21 step 0/140 loss=0.6166
05:29:18 | INFO    | holoqpi.engine.trainer |   epoch 21 step 20/140 loss=0.5931
05:29:20 | INFO    | holoqpi.engine.trainer |   epoch 21 step 40/140 loss=0.6334
05:29:22 | INFO    | holoqpi.engine.trainer |   epoch 21 step 60/140 loss=0.6482
05:29:24 | INFO    | holoqpi.engine.trainer |   epoch 21 step 80/140 loss=0.6374
05:29:26 | INFO    | holoqpi.engine.trainer |   epoch 21 step 100/140 loss=0.5607
05:29:28 | INFO    | holoqpi.engine.trainer |   epoch 21 step 120/140 loss=0.6683
05:30:18 | INFO    | holoqpi.engine.trainer | epoch 21/60 (62s = 14s train + 48s val) | train_loss=0.6340  val_phase_mae=0.1727  val_dice=0.8171  val_cls_acc=0.5039  val_mass_mape=0.2310
05:30:18 | INFO    | holoqpi.engine.trainer |   epoch 22 step 0/140 loss=0.5745
05:30:20 | INFO    | holoqpi.engine.trainer |   epoch 22 step 20/140 loss=0.5171
05:30:22 | INFO    | holoqpi.engine.trainer |   epoch 22 step 40/140 loss=0.6397
05:30:24 | INFO    | holoqpi.engine.trainer |   epoch 22 step 60/140 loss=0.5957
05:30:26 | INFO    | holoqpi.engine.trainer |   epoch 22 step 80/140 loss=0.5405
05:30:28 | INFO    | holoqpi.engine.trainer |   epoch 22 step 100/140 loss=0.5479
05:30:30 | INFO    | holoqpi.engine.trainer |   epoch 22 step 120/140 loss=0.8091
05:31:19 | INFO    | holoqpi.engine.trainer | epoch 22/60 (62s = 14s train + 48s val) | train_loss=0.6247  val_phase_mae=0.1717  val_dice=0.8162  val_cls_acc=0.5276  val_mass_mape=0.2259
05:31:20 | INFO    | holoqpi.engine.trainer |   epoch 23 step 0/140 loss=0.6604
05:31:22 | INFO    | holoqpi.engine.trainer |   epoch 23 step 20/140 loss=0.6192
05:31:24 | INFO    | holoqpi.engine.trainer |   epoch 23 step 40/140 loss=0.7314
05:31:26 | INFO    | holoqpi.engine.trainer |   epoch 23 step 60/140 loss=0.5412
05:31:28 | INFO    | holoqpi.engine.trainer |   epoch 23 step 80/140 loss=0.5238
05:31:30 | INFO    | holoqpi.engine.trainer |   epoch 23 step 100/140 loss=0.7414
05:31:32 | INFO    | holoqpi.engine.trainer |   epoch 23 step 120/140 loss=0.4618
05:32:22 | INFO    | holoqpi.engine.trainer | epoch 23/60 (63s = 14s train + 48s val) | train_loss=0.6152  val_phase_mae=0.1717  val_dice=0.8136  val_cls_acc=0.4803  val_mass_mape=0.2128
05:32:23 | INFO    | holoqpi.engine.trainer |   epoch 24 step 0/140 loss=0.4513
05:32:25 | INFO    | holoqpi.engine.trainer |   epoch 24 step 20/140 loss=0.7312
05:32:26 | INFO    | holoqpi.engine.trainer |   epoch 24 step 40/140 loss=0.5788
05:32:28 | INFO    | holoqpi.engine.trainer |   epoch 24 step 60/140 loss=0.7034
05:32:30 | INFO    | holoqpi.engine.trainer |   epoch 24 step 80/140 loss=0.7486
05:32:32 | INFO    | holoqpi.engine.trainer |   epoch 24 step 100/140 loss=0.5963
05:32:34 | INFO    | holoqpi.engine.trainer |   epoch 24 step 120/140 loss=0.8149
05:33:24 | INFO    | holoqpi.engine.trainer | epoch 24/60 (62s = 14s train + 48s val) | train_loss=0.6229  val_phase_mae=0.1727  val_dice=0.8171  val_cls_acc=0.4331  val_mass_mape=0.2519
05:33:25 | INFO    | holoqpi.engine.trainer |   epoch 25 step 0/140 loss=0.6735
05:33:27 | INFO    | holoqpi.engine.trainer |   epoch 25 step 20/140 loss=0.6477
05:33:29 | INFO    | holoqpi.engine.trainer |   epoch 25 step 40/140 loss=0.5673
05:33:31 | INFO    | holoqpi.engine.trainer |   epoch 25 step 60/140 loss=0.5507
05:33:33 | INFO    | holoqpi.engine.trainer |   epoch 25 step 80/140 loss=0.5819
05:33:35 | INFO    | holoqpi.engine.trainer |   epoch 25 step 100/140 loss=0.7307
05:33:37 | INFO    | holoqpi.engine.trainer |   epoch 25 step 120/140 loss=0.6748
05:34:26 | INFO    | holoqpi.engine.trainer | epoch 25/60 (62s = 14s train + 48s val) | train_loss=0.6001  val_phase_mae=0.1691  val_dice=0.8137  val_cls_acc=0.4094  val_mass_mape=0.2006
05:34:27 | INFO    | holoqpi.engine.trainer |   epoch 26 step 0/140 loss=0.5557
05:34:29 | INFO    | holoqpi.engine.trainer |   epoch 26 step 20/140 loss=0.6186
05:34:31 | INFO    | holoqpi.engine.trainer |   epoch 26 step 40/140 loss=0.6220
05:34:33 | INFO    | holoqpi.engine.trainer |   epoch 26 step 60/140 loss=0.5519
05:34:35 | INFO    | holoqpi.engine.trainer |   epoch 26 step 80/140 loss=0.5064
05:34:37 | INFO    | holoqpi.engine.trainer |   epoch 26 step 100/140 loss=0.5180
05:34:39 | INFO    | holoqpi.engine.trainer |   epoch 26 step 120/140 loss=0.6657
05:35:29 | INFO    | holoqpi.engine.trainer |   new best composite=0.8063
05:35:29 | INFO    | holoqpi.engine.trainer | epoch 26/60 (62s = 14s train + 48s val) | train_loss=0.5927  val_phase_mae=0.1669  val_dice=0.8186  val_cls_acc=0.4961  val_mass_mape=0.1890
05:35:30 | INFO    | holoqpi.engine.trainer |   epoch 27 step 0/140 loss=0.6002
05:35:32 | INFO    | holoqpi.engine.trainer |   epoch 27 step 20/140 loss=0.6400
05:35:34 | INFO    | holoqpi.engine.trainer |   epoch 27 step 40/140 loss=0.6006
05:35:36 | INFO    | holoqpi.engine.trainer |   epoch 27 step 60/140 loss=0.6380
05:35:38 | INFO    | holoqpi.engine.trainer |   epoch 27 step 80/140 loss=0.5687
05:35:40 | INFO    | holoqpi.engine.trainer |   epoch 27 step 100/140 loss=0.5286
05:35:42 | INFO    | holoqpi.engine.trainer |   epoch 27 step 120/140 loss=0.7375
05:36:33 | INFO    | holoqpi.engine.trainer | epoch 27/60 (63s = 14s train + 49s val) | train_loss=0.5807  val_phase_mae=0.1724  val_dice=0.8145  val_cls_acc=0.5354  val_mass_mape=0.2131
05:36:33 | INFO    | holoqpi.engine.trainer |   epoch 28 step 0/140 loss=0.8006
05:36:35 | INFO    | holoqpi.engine.trainer |   epoch 28 step 20/140 loss=0.6383
05:36:37 | INFO    | holoqpi.engine.trainer |   epoch 28 step 40/140 loss=0.6269
05:36:39 | INFO    | holoqpi.engine.trainer |   epoch 28 step 60/140 loss=0.7054
05:36:41 | INFO    | holoqpi.engine.trainer |   epoch 28 step 80/140 loss=0.5504
05:36:43 | INFO    | holoqpi.engine.trainer |   epoch 28 step 100/140 loss=0.7462
05:36:45 | INFO    | holoqpi.engine.trainer |   epoch 28 step 120/140 loss=0.6997
05:37:36 | INFO    | holoqpi.engine.trainer | epoch 28/60 (64s = 14s train + 49s val) | train_loss=0.5914  val_phase_mae=0.1671  val_dice=0.8146  val_cls_acc=0.5591  val_mass_mape=0.2165
05:37:37 | INFO    | holoqpi.engine.trainer |   epoch 29 step 0/140 loss=0.5983
05:37:39 | INFO    | holoqpi.engine.trainer |   epoch 29 step 20/140 loss=0.7036
05:37:41 | INFO    | holoqpi.engine.trainer |   epoch 29 step 40/140 loss=0.6651
05:37:43 | INFO    | holoqpi.engine.trainer |   epoch 29 step 60/140 loss=0.5405
05:37:45 | INFO    | holoqpi.engine.trainer |   epoch 29 step 80/140 loss=0.6668
05:37:47 | INFO    | holoqpi.engine.trainer |   epoch 29 step 100/140 loss=0.5974
05:37:49 | INFO    | holoqpi.engine.trainer |   epoch 29 step 120/140 loss=0.4653
05:38:38 | INFO    | holoqpi.engine.trainer |   new best composite=0.8065
05:38:38 | INFO    | holoqpi.engine.trainer | epoch 29/60 (62s = 14s train + 48s val) | train_loss=0.5902  val_phase_mae=0.1682  val_dice=0.8197  val_cls_acc=0.6063  val_mass_mape=0.1946
05:38:39 | INFO    | holoqpi.engine.trainer |   epoch 30 step 0/140 loss=0.5722
05:38:41 | INFO    | holoqpi.engine.trainer |   epoch 30 step 20/140 loss=0.5560
05:38:43 | INFO    | holoqpi.engine.trainer |   epoch 30 step 40/140 loss=0.4951
05:38:45 | INFO    | holoqpi.engine.trainer |   epoch 30 step 60/140 loss=0.4517
05:38:47 | INFO    | holoqpi.engine.trainer |   epoch 30 step 80/140 loss=0.5472
05:38:49 | INFO    | holoqpi.engine.trainer |   epoch 30 step 100/140 loss=0.6196
05:38:51 | INFO    | holoqpi.engine.trainer |   epoch 30 step 120/140 loss=0.5137
05:39:40 | INFO    | holoqpi.engine.trainer | epoch 30/60 (62s = 14s train + 48s val) | train_loss=0.5700  val_phase_mae=0.1690  val_dice=0.8194  val_cls_acc=0.6299  val_mass_mape=0.2058
05:39:41 | INFO    | holoqpi.engine.trainer |   epoch 31 step 0/140 loss=0.7021
05:39:43 | INFO    | holoqpi.engine.trainer |   epoch 31 step 20/140 loss=0.5385
05:39:45 | INFO    | holoqpi.engine.trainer |   epoch 31 step 40/140 loss=0.5912
05:39:47 | INFO    | holoqpi.engine.trainer |   epoch 31 step 60/140 loss=0.5966
05:39:49 | INFO    | holoqpi.engine.trainer |   epoch 31 step 80/140 loss=0.4875
05:39:51 | INFO    | holoqpi.engine.trainer |   epoch 31 step 100/140 loss=0.5842
05:39:53 | INFO    | holoqpi.engine.trainer |   epoch 31 step 120/140 loss=0.5817
05:40:42 | INFO    | holoqpi.engine.trainer |   new best composite=0.8068
05:40:42 | INFO    | holoqpi.engine.trainer | epoch 31/60 (62s = 14s train + 48s val) | train_loss=0.5582  val_phase_mae=0.1679  val_dice=0.8198  val_cls_acc=0.6063  val_mass_mape=0.1932
05:40:43 | INFO    | holoqpi.engine.trainer |   epoch 32 step 0/140 loss=0.7079
05:40:45 | INFO    | holoqpi.engine.trainer |   epoch 32 step 20/140 loss=0.6365
05:40:47 | INFO    | holoqpi.engine.trainer |   epoch 32 step 40/140 loss=0.5087
05:40:49 | INFO    | holoqpi.engine.trainer |   epoch 32 step 60/140 loss=0.7854
05:40:51 | INFO    | holoqpi.engine.trainer |   epoch 32 step 80/140 loss=0.6118
05:40:53 | INFO    | holoqpi.engine.trainer |   epoch 32 step 100/140 loss=0.5819
05:40:55 | INFO    | holoqpi.engine.trainer |   epoch 32 step 120/140 loss=0.7000
05:41:44 | INFO    | holoqpi.engine.trainer | epoch 32/60 (62s = 14s train + 47s val) | train_loss=0.5751  val_phase_mae=0.1741  val_dice=0.8163  val_cls_acc=0.5984  val_mass_mape=0.2547
05:41:45 | INFO    | holoqpi.engine.trainer |   epoch 33 step 0/140 loss=0.5097
05:41:47 | INFO    | holoqpi.engine.trainer |   epoch 33 step 20/140 loss=0.5110
05:41:48 | INFO    | holoqpi.engine.trainer |   epoch 33 step 40/140 loss=0.5818
05:41:50 | INFO    | holoqpi.engine.trainer |   epoch 33 step 60/140 loss=0.5690
05:41:52 | INFO    | holoqpi.engine.trainer |   epoch 33 step 80/140 loss=0.6235
05:41:54 | INFO    | holoqpi.engine.trainer |   epoch 33 step 100/140 loss=0.6604
05:41:56 | INFO    | holoqpi.engine.trainer |   epoch 33 step 120/140 loss=0.4646
05:42:45 | INFO    | holoqpi.engine.trainer | epoch 33/60 (61s = 14s train + 47s val) | train_loss=0.5603  val_phase_mae=0.1699  val_dice=0.8165  val_cls_acc=0.6142  val_mass_mape=0.2200
05:42:46 | INFO    | holoqpi.engine.trainer |   epoch 34 step 0/140 loss=0.3842
05:42:48 | INFO    | holoqpi.engine.trainer |   epoch 34 step 20/140 loss=0.6501
05:42:50 | INFO    | holoqpi.engine.trainer |   epoch 34 step 40/140 loss=0.5244
05:42:52 | INFO    | holoqpi.engine.trainer |   epoch 34 step 60/140 loss=0.5561
05:42:54 | INFO    | holoqpi.engine.trainer |   epoch 34 step 80/140 loss=0.5305
05:42:56 | INFO    | holoqpi.engine.trainer |   epoch 34 step 100/140 loss=0.5728
05:42:58 | INFO    | holoqpi.engine.trainer |   epoch 34 step 120/140 loss=0.6361
05:43:47 | INFO    | holoqpi.engine.trainer | epoch 34/60 (62s = 14s train + 48s val) | train_loss=0.5538  val_phase_mae=0.1676  val_dice=0.8204  val_cls_acc=0.6378  val_mass_mape=0.1977
05:43:48 | INFO    | holoqpi.engine.trainer |   epoch 35 step 0/140 loss=0.4641
05:43:50 | INFO    | holoqpi.engine.trainer |   epoch 35 step 20/140 loss=0.5553
05:43:52 | INFO    | holoqpi.engine.trainer |   epoch 35 step 40/140 loss=0.5334
05:43:54 | INFO    | holoqpi.engine.trainer |   epoch 35 step 60/140 loss=0.6126
05:43:56 | INFO    | holoqpi.engine.trainer |   epoch 35 step 80/140 loss=0.4906
05:43:58 | INFO    | holoqpi.engine.trainer |   epoch 35 step 100/140 loss=0.7381
05:43:59 | INFO    | holoqpi.engine.trainer |   epoch 35 step 120/140 loss=0.6400
05:44:49 | INFO    | holoqpi.engine.trainer | epoch 35/60 (62s = 14s train + 48s val) | train_loss=0.5474  val_phase_mae=0.1628  val_dice=0.8218  val_cls_acc=0.5748  val_mass_mape=0.2055
05:44:50 | INFO    | holoqpi.engine.trainer |   epoch 36 step 0/140 loss=0.5465
05:44:52 | INFO    | holoqpi.engine.trainer |   epoch 36 step 20/140 loss=0.6284
05:44:54 | INFO    | holoqpi.engine.trainer |   epoch 36 step 40/140 loss=0.5807
05:44:56 | INFO    | holoqpi.engine.trainer |   epoch 36 step 60/140 loss=0.4381
05:44:58 | INFO    | holoqpi.engine.trainer |   epoch 36 step 80/140 loss=0.5632
05:45:00 | INFO    | holoqpi.engine.trainer |   epoch 36 step 100/140 loss=0.4755
05:45:02 | INFO    | holoqpi.engine.trainer |   epoch 36 step 120/140 loss=0.5868
05:45:52 | INFO    | holoqpi.engine.trainer |   new best composite=0.8089
05:45:52 | INFO    | holoqpi.engine.trainer | epoch 36/60 (62s = 14s train + 48s val) | train_loss=0.5469  val_phase_mae=0.1659  val_dice=0.8223  val_cls_acc=0.7087  val_mass_mape=0.1934
05:45:52 | INFO    | holoqpi.engine.trainer |   epoch 37 step 0/140 loss=0.4116
05:45:54 | INFO    | holoqpi.engine.trainer |   epoch 37 step 20/140 loss=0.5876
05:45:56 | INFO    | holoqpi.engine.trainer |   epoch 37 step 40/140 loss=0.5652
05:45:58 | INFO    | holoqpi.engine.trainer |   epoch 37 step 60/140 loss=0.5550
05:46:00 | INFO    | holoqpi.engine.trainer |   epoch 37 step 80/140 loss=0.4488
05:46:02 | INFO    | holoqpi.engine.trainer |   epoch 37 step 100/140 loss=0.4981
05:46:04 | INFO    | holoqpi.engine.trainer |   epoch 37 step 120/140 loss=0.5202
05:46:54 | INFO    | holoqpi.engine.trainer | epoch 37/60 (62s = 14s train + 48s val) | train_loss=0.5404  val_phase_mae=0.1664  val_dice=0.8218  val_cls_acc=0.6142  val_mass_mape=0.1936
05:46:55 | INFO    | holoqpi.engine.trainer |   epoch 38 step 0/140 loss=0.4407
05:46:56 | INFO    | holoqpi.engine.trainer |   epoch 38 step 20/140 loss=0.6077
05:46:58 | INFO    | holoqpi.engine.trainer |   epoch 38 step 40/140 loss=0.7570
05:47:00 | INFO    | holoqpi.engine.trainer |   epoch 38 step 60/140 loss=0.4645
05:47:02 | INFO    | holoqpi.engine.trainer |   epoch 38 step 80/140 loss=0.6452
05:47:04 | INFO    | holoqpi.engine.trainer |   epoch 38 step 100/140 loss=0.4742
05:47:06 | INFO    | holoqpi.engine.trainer |   epoch 38 step 120/140 loss=0.7710
05:47:56 | INFO    | holoqpi.engine.trainer | epoch 38/60 (62s = 14s train + 48s val) | train_loss=0.5435  val_phase_mae=0.1700  val_dice=0.8200  val_cls_acc=0.7480  val_mass_mape=0.1915
05:47:56 | INFO    | holoqpi.engine.trainer |   epoch 39 step 0/140 loss=0.4089
05:47:58 | INFO    | holoqpi.engine.trainer |   epoch 39 step 20/140 loss=0.6098
05:48:00 | INFO    | holoqpi.engine.trainer |   epoch 39 step 40/140 loss=0.5393
05:48:02 | INFO    | holoqpi.engine.trainer |   epoch 39 step 60/140 loss=0.4899
05:48:04 | INFO    | holoqpi.engine.trainer |   epoch 39 step 80/140 loss=0.8032
05:48:06 | INFO    | holoqpi.engine.trainer |   epoch 39 step 100/140 loss=0.5406
05:48:08 | INFO    | holoqpi.engine.trainer |   epoch 39 step 120/140 loss=0.5761
05:48:57 | INFO    | holoqpi.engine.trainer | epoch 39/60 (62s = 14s train + 48s val) | train_loss=0.5299  val_phase_mae=0.1775  val_dice=0.8184  val_cls_acc=0.5591  val_mass_mape=0.2334
05:48:58 | INFO    | holoqpi.engine.trainer |   epoch 40 step 0/140 loss=0.6099
05:49:00 | INFO    | holoqpi.engine.trainer |   epoch 40 step 20/140 loss=0.4753
05:49:02 | INFO    | holoqpi.engine.trainer |   epoch 40 step 40/140 loss=0.4428
05:49:04 | INFO    | holoqpi.engine.trainer |   epoch 40 step 60/140 loss=0.6282
05:49:06 | INFO    | holoqpi.engine.trainer |   epoch 40 step 80/140 loss=0.4382
05:49:08 | INFO    | holoqpi.engine.trainer |   epoch 40 step 100/140 loss=0.4940
05:49:10 | INFO    | holoqpi.engine.trainer |   epoch 40 step 120/140 loss=0.4598
05:50:00 | INFO    | holoqpi.engine.trainer |   new best composite=0.8095
05:50:00 | INFO    | holoqpi.engine.trainer | epoch 40/60 (62s = 14s train + 48s val) | train_loss=0.5288  val_phase_mae=0.1677  val_dice=0.8202  val_cls_acc=0.6850  val_mass_mape=0.1844
05:50:00 | INFO    | holoqpi.engine.trainer |   epoch 41 step 0/140 loss=0.5664
05:50:02 | INFO    | holoqpi.engine.trainer |   epoch 41 step 20/140 loss=0.6677
05:50:04 | INFO    | holoqpi.engine.trainer |   epoch 41 step 40/140 loss=0.4416
05:50:06 | INFO    | holoqpi.engine.trainer |   epoch 41 step 60/140 loss=0.4436
05:50:08 | INFO    | holoqpi.engine.trainer |   epoch 41 step 80/140 loss=0.5029
05:50:10 | INFO    | holoqpi.engine.trainer |   epoch 41 step 100/140 loss=0.3698
05:50:12 | INFO    | holoqpi.engine.trainer |   epoch 41 step 120/140 loss=0.5202
05:51:02 | INFO    | holoqpi.engine.trainer | epoch 41/60 (62s = 14s train + 48s val) | train_loss=0.5285  val_phase_mae=0.1677  val_dice=0.8214  val_cls_acc=0.6850  val_mass_mape=0.1876
05:51:03 | INFO    | holoqpi.engine.trainer |   epoch 42 step 0/140 loss=0.4600
05:51:05 | INFO    | holoqpi.engine.trainer |   epoch 42 step 20/140 loss=0.5717
05:51:06 | INFO    | holoqpi.engine.trainer |   epoch 42 step 40/140 loss=0.5301
05:51:08 | INFO    | holoqpi.engine.trainer |   epoch 42 step 60/140 loss=0.6008
05:51:10 | INFO    | holoqpi.engine.trainer |   epoch 42 step 80/140 loss=0.6338
05:51:13 | INFO    | holoqpi.engine.trainer |   epoch 42 step 100/140 loss=0.4125
05:51:15 | INFO    | holoqpi.engine.trainer |   epoch 42 step 120/140 loss=0.4184
05:52:04 | INFO    | holoqpi.engine.trainer |   new best composite=0.8112
05:52:04 | INFO    | holoqpi.engine.trainer | epoch 42/60 (62s = 14s train + 48s val) | train_loss=0.5166  val_phase_mae=0.1657  val_dice=0.8219  val_cls_acc=0.7559  val_mass_mape=0.1833
05:52:05 | INFO    | holoqpi.engine.trainer |   epoch 43 step 0/140 loss=0.4499
05:52:07 | INFO    | holoqpi.engine.trainer |   epoch 43 step 20/140 loss=0.4074
05:52:09 | INFO    | holoqpi.engine.trainer |   epoch 43 step 40/140 loss=0.3880
05:52:11 | INFO    | holoqpi.engine.trainer |   epoch 43 step 60/140 loss=0.4449
05:52:13 | INFO    | holoqpi.engine.trainer |   epoch 43 step 80/140 loss=0.4150
05:52:15 | INFO    | holoqpi.engine.trainer |   epoch 43 step 100/140 loss=0.4494
05:52:17 | INFO    | holoqpi.engine.trainer |   epoch 43 step 120/140 loss=0.6176
05:53:06 | INFO    | holoqpi.engine.trainer | epoch 43/60 (62s = 14s train + 48s val) | train_loss=0.5030  val_phase_mae=0.1682  val_dice=0.8218  val_cls_acc=0.7008  val_mass_mape=0.1944
05:53:06 | INFO    | holoqpi.engine.trainer |   epoch 44 step 0/140 loss=0.4912
05:53:08 | INFO    | holoqpi.engine.trainer |   epoch 44 step 20/140 loss=0.5868
05:53:10 | INFO    | holoqpi.engine.trainer |   epoch 44 step 40/140 loss=0.6890
05:53:12 | INFO    | holoqpi.engine.trainer |   epoch 44 step 60/140 loss=0.4550
05:53:14 | INFO    | holoqpi.engine.trainer |   epoch 44 step 80/140 loss=0.4848
05:53:16 | INFO    | holoqpi.engine.trainer |   epoch 44 step 100/140 loss=0.4469
05:53:18 | INFO    | holoqpi.engine.trainer |   epoch 44 step 120/140 loss=0.5175
05:54:08 | INFO    | holoqpi.engine.trainer |   new best composite=0.8119
05:54:08 | INFO    | holoqpi.engine.trainer | epoch 44/60 (62s = 14s train + 48s val) | train_loss=0.5089  val_phase_mae=0.1691  val_dice=0.8226  val_cls_acc=0.6772  val_mass_mape=0.1839
05:54:09 | INFO    | holoqpi.engine.trainer |   epoch 45 step 0/140 loss=0.5745
05:54:11 | INFO    | holoqpi.engine.trainer |   epoch 45 step 20/140 loss=0.5293
05:54:13 | INFO    | holoqpi.engine.trainer |   epoch 45 step 40/140 loss=0.4406
05:54:15 | INFO    | holoqpi.engine.trainer |   epoch 45 step 60/140 loss=0.4749
05:54:17 | INFO    | holoqpi.engine.trainer |   epoch 45 step 80/140 loss=0.4304
05:54:19 | INFO    | holoqpi.engine.trainer |   epoch 45 step 100/140 loss=0.5094
05:54:21 | INFO    | holoqpi.engine.trainer |   epoch 45 step 120/140 loss=0.4582
05:55:11 | INFO    | holoqpi.engine.trainer | epoch 45/60 (62s = 14s train + 48s val) | train_loss=0.4986  val_phase_mae=0.1683  val_dice=0.8222  val_cls_acc=0.6220  val_mass_mape=0.1816
05:55:11 | INFO    | holoqpi.engine.trainer |   epoch 46 step 0/140 loss=0.4573
05:55:13 | INFO    | holoqpi.engine.trainer |   epoch 46 step 20/140 loss=0.3465
05:55:15 | INFO    | holoqpi.engine.trainer |   epoch 46 step 40/140 loss=0.5945
05:55:17 | INFO    | holoqpi.engine.trainer |   epoch 46 step 60/140 loss=0.4949
05:55:19 | INFO    | holoqpi.engine.trainer |   epoch 46 step 80/140 loss=0.3544
05:55:21 | INFO    | holoqpi.engine.trainer |   epoch 46 step 100/140 loss=0.5553
05:55:23 | INFO    | holoqpi.engine.trainer |   epoch 46 step 120/140 loss=0.3603
05:56:12 | INFO    | holoqpi.engine.trainer | epoch 46/60 (62s = 14s train + 48s val) | train_loss=0.4866  val_phase_mae=0.1692  val_dice=0.8230  val_cls_acc=0.7559  val_mass_mape=0.1906
05:56:13 | INFO    | holoqpi.engine.trainer |   epoch 47 step 0/140 loss=0.6306
05:56:15 | INFO    | holoqpi.engine.trainer |   epoch 47 step 20/140 loss=0.4733
05:56:17 | INFO    | holoqpi.engine.trainer |   epoch 47 step 40/140 loss=0.4316
05:56:19 | INFO    | holoqpi.engine.trainer |   epoch 47 step 60/140 loss=0.5539
05:56:21 | INFO    | holoqpi.engine.trainer |   epoch 47 step 80/140 loss=0.5437
05:56:23 | INFO    | holoqpi.engine.trainer |   epoch 47 step 100/140 loss=0.4667
05:56:25 | INFO    | holoqpi.engine.trainer |   epoch 47 step 120/140 loss=0.4325
05:57:14 | INFO    | holoqpi.engine.trainer | epoch 47/60 (62s = 14s train + 48s val) | train_loss=0.4971  val_phase_mae=0.1681  val_dice=0.8232  val_cls_acc=0.7480  val_mass_mape=0.1868
05:57:15 | INFO    | holoqpi.engine.trainer |   epoch 48 step 0/140 loss=0.4279
05:57:17 | INFO    | holoqpi.engine.trainer |   epoch 48 step 20/140 loss=0.5589
05:57:19 | INFO    | holoqpi.engine.trainer |   epoch 48 step 40/140 loss=0.4116
05:57:21 | INFO    | holoqpi.engine.trainer |   epoch 48 step 60/140 loss=0.5815
05:57:23 | INFO    | holoqpi.engine.trainer |   epoch 48 step 80/140 loss=0.5805
05:57:25 | INFO    | holoqpi.engine.trainer |   epoch 48 step 100/140 loss=0.5883
05:57:27 | INFO    | holoqpi.engine.trainer |   epoch 48 step 120/140 loss=0.4115
05:58:18 | INFO    | holoqpi.engine.trainer | epoch 48/60 (64s = 14s train + 50s val) | train_loss=0.4991  val_phase_mae=0.1684  val_dice=0.8217  val_cls_acc=0.6220  val_mass_mape=0.1986
05:58:18 | INFO    | holoqpi.engine.trainer |   epoch 49 step 0/140 loss=0.4974
05:58:20 | INFO    | holoqpi.engine.trainer |   epoch 49 step 20/140 loss=0.4686
05:58:22 | INFO    | holoqpi.engine.trainer |   epoch 49 step 40/140 loss=0.4101
05:58:24 | INFO    | holoqpi.engine.trainer |   epoch 49 step 60/140 loss=0.5369
05:58:26 | INFO    | holoqpi.engine.trainer |   epoch 49 step 80/140 loss=0.6206
05:58:28 | INFO    | holoqpi.engine.trainer |   epoch 49 step 100/140 loss=0.4227
05:58:30 | INFO    | holoqpi.engine.trainer |   epoch 49 step 120/140 loss=0.4441
05:59:20 | INFO    | holoqpi.engine.trainer | epoch 49/60 (62s = 14s train + 48s val) | train_loss=0.4905  val_phase_mae=0.1706  val_dice=0.8225  val_cls_acc=0.7244  val_mass_mape=0.1944
05:59:20 | INFO    | holoqpi.engine.trainer |   epoch 50 step 0/140 loss=0.4212
05:59:22 | INFO    | holoqpi.engine.trainer |   epoch 50 step 20/140 loss=0.4498
05:59:24 | INFO    | holoqpi.engine.trainer |   epoch 50 step 40/140 loss=0.3705
05:59:26 | INFO    | holoqpi.engine.trainer |   epoch 50 step 60/140 loss=0.4364
05:59:28 | INFO    | holoqpi.engine.trainer |   epoch 50 step 80/140 loss=0.5319
05:59:30 | INFO    | holoqpi.engine.trainer |   epoch 50 step 100/140 loss=0.4659
05:59:32 | INFO    | holoqpi.engine.trainer |   epoch 50 step 120/140 loss=0.5368
06:00:21 | INFO    | holoqpi.engine.trainer | epoch 50/60 (61s = 14s train + 47s val) | train_loss=0.4998  val_phase_mae=0.1691  val_dice=0.8221  val_cls_acc=0.6772  val_mass_mape=0.2037
06:00:22 | INFO    | holoqpi.engine.trainer |   epoch 51 step 0/140 loss=0.6394
06:00:24 | INFO    | holoqpi.engine.trainer |   epoch 51 step 20/140 loss=0.5171
06:00:26 | INFO    | holoqpi.engine.trainer |   epoch 51 step 40/140 loss=0.4582
06:00:28 | INFO    | holoqpi.engine.trainer |   epoch 51 step 60/140 loss=0.4014
06:00:30 | INFO    | holoqpi.engine.trainer |   epoch 51 step 80/140 loss=0.3961
06:00:32 | INFO    | holoqpi.engine.trainer |   epoch 51 step 100/140 loss=0.4215
06:00:34 | INFO    | holoqpi.engine.trainer |   epoch 51 step 120/140 loss=0.4474
06:01:23 | INFO    | holoqpi.engine.trainer | epoch 51/60 (62s = 14s train + 48s val) | train_loss=0.4865  val_phase_mae=0.1679  val_dice=0.8233  val_cls_acc=0.7323  val_mass_mape=0.1872
06:01:23 | INFO    | holoqpi.engine.trainer |   epoch 52 step 0/140 loss=0.5594
06:01:25 | INFO    | holoqpi.engine.trainer |   epoch 52 step 20/140 loss=0.4597
06:01:27 | INFO    | holoqpi.engine.trainer |   epoch 52 step 40/140 loss=0.6323
06:01:29 | INFO    | holoqpi.engine.trainer |   epoch 52 step 60/140 loss=0.3466
06:01:31 | INFO    | holoqpi.engine.trainer |   epoch 52 step 80/140 loss=0.4311
06:01:33 | INFO    | holoqpi.engine.trainer |   epoch 52 step 100/140 loss=0.4460
06:01:35 | INFO    | holoqpi.engine.trainer |   epoch 52 step 120/140 loss=0.4434
06:02:25 | INFO    | holoqpi.engine.trainer | epoch 52/60 (62s = 14s train + 48s val) | train_loss=0.4815  val_phase_mae=0.1667  val_dice=0.8227  val_cls_acc=0.6693  val_mass_mape=0.1868
06:02:25 | INFO    | holoqpi.engine.trainer |   epoch 53 step 0/140 loss=0.7439
06:02:27 | INFO    | holoqpi.engine.trainer |   epoch 53 step 20/140 loss=0.5448
06:02:29 | INFO    | holoqpi.engine.trainer |   epoch 53 step 40/140 loss=0.4011
06:02:31 | INFO    | holoqpi.engine.trainer |   epoch 53 step 60/140 loss=0.5733
06:02:33 | INFO    | holoqpi.engine.trainer |   epoch 53 step 80/140 loss=0.5242
06:02:35 | INFO    | holoqpi.engine.trainer |   epoch 53 step 100/140 loss=0.7493
06:02:37 | INFO    | holoqpi.engine.trainer |   epoch 53 step 120/140 loss=0.3767
06:03:27 | INFO    | holoqpi.engine.trainer | epoch 53/60 (62s = 14s train + 48s val) | train_loss=0.4892  val_phase_mae=0.1673  val_dice=0.8229  val_cls_acc=0.6693  val_mass_mape=0.1896
06:03:27 | INFO    | holoqpi.engine.trainer |   epoch 54 step 0/140 loss=0.5568
06:03:29 | INFO    | holoqpi.engine.trainer |   epoch 54 step 20/140 loss=0.4184
06:03:31 | INFO    | holoqpi.engine.trainer |   epoch 54 step 40/140 loss=0.6305
06:03:33 | INFO    | holoqpi.engine.trainer |   epoch 54 step 60/140 loss=0.4801
06:03:35 | INFO    | holoqpi.engine.trainer |   epoch 54 step 80/140 loss=0.5853
06:03:37 | INFO    | holoqpi.engine.trainer |   epoch 54 step 100/140 loss=0.5312
06:03:39 | INFO    | holoqpi.engine.trainer |   epoch 54 step 120/140 loss=0.5655
06:04:29 | INFO    | holoqpi.engine.trainer |   new best composite=0.8123
06:04:29 | INFO    | holoqpi.engine.trainer | epoch 54/60 (62s = 14s train + 48s val) | train_loss=0.4776  val_phase_mae=0.1673  val_dice=0.8238  val_cls_acc=0.6535  val_mass_mape=0.1829
06:04:29 | INFO    | holoqpi.engine.trainer |   epoch 55 step 0/140 loss=0.3863
06:04:31 | INFO    | holoqpi.engine.trainer |   epoch 55 step 20/140 loss=0.5205
06:04:33 | INFO    | holoqpi.engine.trainer |   epoch 55 step 40/140 loss=0.5562
06:04:35 | INFO    | holoqpi.engine.trainer |   epoch 55 step 60/140 loss=0.3991
06:04:37 | INFO    | holoqpi.engine.trainer |   epoch 55 step 80/140 loss=0.5530
06:04:39 | INFO    | holoqpi.engine.trainer |   epoch 55 step 100/140 loss=0.4350
06:04:41 | INFO    | holoqpi.engine.trainer |   epoch 55 step 120/140 loss=0.4349
06:05:31 | INFO    | holoqpi.engine.trainer | epoch 55/60 (62s = 14s train + 48s val) | train_loss=0.4869  val_phase_mae=0.1677  val_dice=0.8238  val_cls_acc=0.7717  val_mass_mape=0.1875
06:05:32 | INFO    | holoqpi.engine.trainer |   epoch 56 step 0/140 loss=0.3815
06:05:34 | INFO    | holoqpi.engine.trainer |   epoch 56 step 20/140 loss=0.4708
06:05:36 | INFO    | holoqpi.engine.trainer |   epoch 56 step 40/140 loss=0.4281
06:05:38 | INFO    | holoqpi.engine.trainer |   epoch 56 step 60/140 loss=0.4154
06:05:40 | INFO    | holoqpi.engine.trainer |   epoch 56 step 80/140 loss=0.3576
06:05:42 | INFO    | holoqpi.engine.trainer |   epoch 56 step 100/140 loss=0.3940
06:05:44 | INFO    | holoqpi.engine.trainer |   epoch 56 step 120/140 loss=0.5503
06:06:33 | INFO    | holoqpi.engine.trainer | epoch 56/60 (62s = 14s train + 48s val) | train_loss=0.4766  val_phase_mae=0.1665  val_dice=0.8233  val_cls_acc=0.6929  val_mass_mape=0.1888
06:06:34 | INFO    | holoqpi.engine.trainer |   epoch 57 step 0/140 loss=0.4029
06:06:36 | INFO    | holoqpi.engine.trainer |   epoch 57 step 20/140 loss=0.4188
06:06:38 | INFO    | holoqpi.engine.trainer |   epoch 57 step 40/140 loss=0.4050
06:06:40 | INFO    | holoqpi.engine.trainer |   epoch 57 step 60/140 loss=0.4309
06:06:42 | INFO    | holoqpi.engine.trainer |   epoch 57 step 80/140 loss=0.5449
06:06:44 | INFO    | holoqpi.engine.trainer |   epoch 57 step 100/140 loss=0.4360
06:06:46 | INFO    | holoqpi.engine.trainer |   epoch 57 step 120/140 loss=0.4562
06:07:36 | INFO    | holoqpi.engine.trainer | epoch 57/60 (62s = 14s train + 48s val) | train_loss=0.4756  val_phase_mae=0.1662  val_dice=0.8237  val_cls_acc=0.6614  val_mass_mape=0.1873
06:07:36 | INFO    | holoqpi.engine.trainer |   epoch 58 step 0/140 loss=0.4000
06:07:38 | INFO    | holoqpi.engine.trainer |   epoch 58 step 20/140 loss=0.4276
06:07:40 | INFO    | holoqpi.engine.trainer |   epoch 58 step 40/140 loss=0.3869
06:07:42 | INFO    | holoqpi.engine.trainer |   epoch 58 step 60/140 loss=0.4451
06:07:44 | INFO    | holoqpi.engine.trainer |   epoch 58 step 80/140 loss=0.3397
06:07:46 | INFO    | holoqpi.engine.trainer |   epoch 58 step 100/140 loss=0.4168
06:07:48 | INFO    | holoqpi.engine.trainer |   epoch 58 step 120/140 loss=0.3867
06:08:38 | INFO    | holoqpi.engine.trainer | epoch 58/60 (62s = 14s train + 48s val) | train_loss=0.4794  val_phase_mae=0.1679  val_dice=0.8239  val_cls_acc=0.7795  val_mass_mape=0.1841
06:08:39 | INFO    | holoqpi.engine.trainer |   epoch 59 step 0/140 loss=0.3601
06:08:41 | INFO    | holoqpi.engine.trainer |   epoch 59 step 20/140 loss=0.4877
06:08:43 | INFO    | holoqpi.engine.trainer |   epoch 59 step 40/140 loss=0.5360
06:08:45 | INFO    | holoqpi.engine.trainer |   epoch 59 step 60/140 loss=0.5360
06:08:47 | INFO    | holoqpi.engine.trainer |   epoch 59 step 80/140 loss=0.6693
06:08:49 | INFO    | holoqpi.engine.trainer |   epoch 59 step 100/140 loss=0.4179
06:08:51 | INFO    | holoqpi.engine.trainer |   epoch 59 step 120/140 loss=0.3579
06:09:41 | INFO    | holoqpi.engine.trainer | epoch 59/60 (63s = 15s train + 48s val) | train_loss=0.4767  val_phase_mae=0.1687  val_dice=0.8240  val_cls_acc=0.7402  val_mass_mape=0.1857
06:09:41 | INFO    | holoqpi.engine.trainer |   epoch 60 step 0/140 loss=0.5453
06:09:43 | INFO    | holoqpi.engine.trainer |   epoch 60 step 20/140 loss=0.4881
06:09:45 | INFO    | holoqpi.engine.trainer |   epoch 60 step 40/140 loss=0.4095
06:09:47 | INFO    | holoqpi.engine.trainer |   epoch 60 step 60/140 loss=0.3693
06:09:49 | INFO    | holoqpi.engine.trainer |   epoch 60 step 80/140 loss=0.4825
06:09:51 | INFO    | holoqpi.engine.trainer |   epoch 60 step 100/140 loss=0.4624
06:09:53 | INFO    | holoqpi.engine.trainer |   epoch 60 step 120/140 loss=0.4826
06:10:43 | INFO    | holoqpi.engine.trainer | epoch 60/60 (62s = 14s train + 48s val) | train_loss=0.4870  val_phase_mae=0.1661  val_dice=0.8231  val_cls_acc=0.6299  val_mass_mape=0.1957
06:10:43 | INFO    | holoqpi.engine.trainer | training finished; best epoch 54 (composite=0.8123)
06:10:43 | INFO    | holoqpi.engine.trainer | checkpoint best_model.pt: 446/446 tensors matched
06:11:27 | INFO    | holoqpi.engine.compare | modality=off_axis test metrics written to runs/no_physics_s2024_off_axis
06:11:28 | INFO    | holoqpi.engine.compare | ======================================================================
06:11:28 | INFO    | holoqpi.engine.compare | modality=gabor  device=cuda  run_dir=runs/no_physics_s2024_gabor
06:11:28 | INFO    | holoqpi.engine.compare | ======================================================================
06:11:28 | INFO    | holoqpi.data.dataset | train split: 560 samples | modality=gabor | crop=512 | augment=True
06:11:28 | INFO    | holoqpi.data.dataset | val split: 127 samples | modality=gabor | crop=None | augment=False
06:11:28 | INFO    | holoqpi.data.dataset | test split: 113 samples | modality=gabor | crop=None | augment=False
06:11:28 | INFO    | holoqpi.models.encoders | encoder=mobilenet_v2 in_channels=1 pretrained=True stages=[16, 24, 32, 96, 1280]
06:11:28 | INFO    | holoqpi.models.holonet | HoloQPINet built: 9.76M parameters, 9.76M trainable (100.0%)
06:11:28 | INFO    | holoqpi.engine.trainer | trainable 9.76M / 9.76M parameters (100.0%)
06:11:28 | INFO    | holoqpi.engine.trainer | active physics terms: none
06:11:29 | INFO    | holoqpi.engine.trainer |   epoch 1 step 0/140 loss=2.2150
06:11:31 | INFO    | holoqpi.engine.trainer |   epoch 1 step 20/140 loss=1.7925
06:11:33 | INFO    | holoqpi.engine.trainer |   epoch 1 step 40/140 loss=1.6777
06:11:34 | INFO    | holoqpi.engine.trainer |   epoch 1 step 60/140 loss=1.4673
06:11:36 | INFO    | holoqpi.engine.trainer |   epoch 1 step 80/140 loss=1.4707
06:11:38 | INFO    | holoqpi.engine.trainer |   epoch 1 step 100/140 loss=1.1939
06:11:40 | INFO    | holoqpi.engine.trainer |   epoch 1 step 120/140 loss=1.1046
06:12:29 | INFO    | holoqpi.engine.trainer |   new best composite=0.6468
06:12:29 | INFO    | holoqpi.engine.trainer | epoch 1/60 (60s = 13s train + 47s val) | train_loss=1.4739  val_phase_mae=0.2323  val_dice=0.6780  val_cls_acc=0.4961  val_mass_mape=0.3980
06:12:29 | INFO    | holoqpi.engine.trainer |   at this rate the full 60-epoch schedule takes about 60 min
06:12:29 | INFO    | holoqpi.engine.trainer |   epoch 2 step 0/140 loss=1.0996
06:12:31 | INFO    | holoqpi.engine.trainer |   epoch 2 step 20/140 loss=1.2074
06:12:33 | INFO    | holoqpi.engine.trainer |   epoch 2 step 40/140 loss=0.9449
06:12:34 | INFO    | holoqpi.engine.trainer |   epoch 2 step 60/140 loss=1.1442
06:12:36 | INFO    | holoqpi.engine.trainer |   epoch 2 step 80/140 loss=1.1723
06:12:38 | INFO    | holoqpi.engine.trainer |   epoch 2 step 100/140 loss=1.3326
06:12:40 | INFO    | holoqpi.engine.trainer |   epoch 2 step 120/140 loss=0.9419
06:13:27 | INFO    | holoqpi.engine.trainer | epoch 2/60 (59s = 13s train + 46s val) | train_loss=1.1010  val_phase_mae=0.2370  val_dice=0.6917  val_cls_acc=0.4173  val_mass_mape=0.4825
06:13:28 | INFO    | holoqpi.engine.trainer |   epoch 3 step 0/140 loss=0.9609
06:13:30 | INFO    | holoqpi.engine.trainer |   epoch 3 step 20/140 loss=0.8017
06:13:31 | INFO    | holoqpi.engine.trainer |   epoch 3 step 40/140 loss=1.1629
06:13:33 | INFO    | holoqpi.engine.trainer |   epoch 3 step 60/140 loss=0.8738
06:13:35 | INFO    | holoqpi.engine.trainer |   epoch 3 step 80/140 loss=1.1613
06:13:37 | INFO    | holoqpi.engine.trainer |   epoch 3 step 100/140 loss=0.9370
06:13:38 | INFO    | holoqpi.engine.trainer |   epoch 3 step 120/140 loss=0.9079
06:14:26 | INFO    | holoqpi.engine.trainer |   new best composite=0.7154
06:14:26 | INFO    | holoqpi.engine.trainer | epoch 3/60 (58s = 13s train + 45s val) | train_loss=0.9741  val_phase_mae=0.2040  val_dice=0.7435  val_cls_acc=0.5354  val_mass_mape=0.3260
06:14:26 | INFO    | holoqpi.engine.trainer |   epoch 4 step 0/140 loss=0.7468
06:14:28 | INFO    | holoqpi.engine.trainer |   epoch 4 step 20/140 loss=0.8827
06:14:29 | INFO    | holoqpi.engine.trainer |   epoch 4 step 40/140 loss=0.8443
06:14:31 | INFO    | holoqpi.engine.trainer |   epoch 4 step 60/140 loss=0.9846
06:14:33 | INFO    | holoqpi.engine.trainer |   epoch 4 step 80/140 loss=0.8596
06:14:35 | INFO    | holoqpi.engine.trainer |   epoch 4 step 100/140 loss=0.9668
06:14:37 | INFO    | holoqpi.engine.trainer |   epoch 4 step 120/140 loss=0.6947
06:15:24 | INFO    | holoqpi.engine.trainer | epoch 4/60 (58s = 13s train + 46s val) | train_loss=0.9177  val_phase_mae=0.2178  val_dice=0.7218  val_cls_acc=0.5354  val_mass_mape=0.4009
06:15:24 | INFO    | holoqpi.engine.trainer |   epoch 5 step 0/140 loss=0.7334
06:15:26 | INFO    | holoqpi.engine.trainer |   epoch 5 step 20/140 loss=0.9645
06:15:28 | INFO    | holoqpi.engine.trainer |   epoch 5 step 40/140 loss=1.1362
06:15:30 | INFO    | holoqpi.engine.trainer |   epoch 5 step 60/140 loss=1.0259
06:15:32 | INFO    | holoqpi.engine.trainer |   epoch 5 step 80/140 loss=0.9010
06:15:33 | INFO    | holoqpi.engine.trainer |   epoch 5 step 100/140 loss=0.7163
06:15:35 | INFO    | holoqpi.engine.trainer |   epoch 5 step 120/140 loss=0.7403
06:16:21 | INFO    | holoqpi.engine.trainer | epoch 5/60 (57s = 13s train + 44s val) | train_loss=0.9010  val_phase_mae=0.2068  val_dice=0.7429  val_cls_acc=0.4331  val_mass_mape=0.4064
06:16:22 | INFO    | holoqpi.engine.trainer |   epoch 6 step 0/140 loss=0.8206
06:16:24 | INFO    | holoqpi.engine.trainer |   epoch 6 step 20/140 loss=0.8315
06:16:25 | INFO    | holoqpi.engine.trainer |   epoch 6 step 40/140 loss=0.7499
06:16:27 | INFO    | holoqpi.engine.trainer |   epoch 6 step 60/140 loss=1.1734
06:16:29 | INFO    | holoqpi.engine.trainer |   epoch 6 step 80/140 loss=0.8864
06:16:31 | INFO    | holoqpi.engine.trainer |   epoch 6 step 100/140 loss=1.1180
06:16:33 | INFO    | holoqpi.engine.trainer |   epoch 6 step 120/140 loss=0.7896
06:17:19 | INFO    | holoqpi.engine.trainer |   new best composite=0.7431
06:17:19 | INFO    | holoqpi.engine.trainer | epoch 6/60 (58s = 13s train + 45s val) | train_loss=0.8770  val_phase_mae=0.1954  val_dice=0.7507  val_cls_acc=0.5354  val_mass_mape=0.2426
06:17:20 | INFO    | holoqpi.engine.trainer |   epoch 7 step 0/140 loss=1.0882
06:17:22 | INFO    | holoqpi.engine.trainer |   epoch 7 step 20/140 loss=0.8060
06:17:23 | INFO    | holoqpi.engine.trainer |   epoch 7 step 40/140 loss=0.7410
06:17:25 | INFO    | holoqpi.engine.trainer |   epoch 7 step 60/140 loss=0.6127
06:17:27 | INFO    | holoqpi.engine.trainer |   epoch 7 step 80/140 loss=0.8052
06:17:29 | INFO    | holoqpi.engine.trainer |   epoch 7 step 100/140 loss=1.2397
06:17:31 | INFO    | holoqpi.engine.trainer |   epoch 7 step 120/140 loss=1.0136
06:18:18 | INFO    | holoqpi.engine.trainer | epoch 7/60 (59s = 13s train + 45s val) | train_loss=0.8657  val_phase_mae=0.1942  val_dice=0.7499  val_cls_acc=0.5512  val_mass_mape=0.2851
06:18:18 | INFO    | holoqpi.engine.trainer |   epoch 8 step 0/140 loss=0.7019
06:18:20 | INFO    | holoqpi.engine.trainer |   epoch 8 step 20/140 loss=0.8881
06:18:22 | INFO    | holoqpi.engine.trainer |   epoch 8 step 40/140 loss=0.8785
06:18:23 | INFO    | holoqpi.engine.trainer |   epoch 8 step 60/140 loss=0.7066
06:18:25 | INFO    | holoqpi.engine.trainer |   epoch 8 step 80/140 loss=1.0152
06:18:27 | INFO    | holoqpi.engine.trainer |   epoch 8 step 100/140 loss=0.8068
06:18:29 | INFO    | holoqpi.engine.trainer |   epoch 8 step 120/140 loss=0.8430
06:19:16 | INFO    | holoqpi.engine.trainer | epoch 8/60 (58s = 13s train + 45s val) | train_loss=0.8484  val_phase_mae=0.1962  val_dice=0.7513  val_cls_acc=0.6299  val_mass_mape=0.2590
06:19:17 | INFO    | holoqpi.engine.trainer |   epoch 9 step 0/140 loss=0.8388
06:19:18 | INFO    | holoqpi.engine.trainer |   epoch 9 step 20/140 loss=0.7962
06:19:20 | INFO    | holoqpi.engine.trainer |   epoch 9 step 40/140 loss=1.1496
06:19:22 | INFO    | holoqpi.engine.trainer |   epoch 9 step 60/140 loss=0.8483
06:19:24 | INFO    | holoqpi.engine.trainer |   epoch 9 step 80/140 loss=0.8342
06:19:25 | INFO    | holoqpi.engine.trainer |   epoch 9 step 100/140 loss=0.6579
06:19:27 | INFO    | holoqpi.engine.trainer |   epoch 9 step 120/140 loss=1.0527
06:20:14 | INFO    | holoqpi.engine.trainer | epoch 9/60 (58s = 13s train + 45s val) | train_loss=0.8486  val_phase_mae=0.1968  val_dice=0.7430  val_cls_acc=0.6063  val_mass_mape=0.2822
06:20:14 | INFO    | holoqpi.engine.trainer |   epoch 10 step 0/140 loss=0.7497
06:20:16 | INFO    | holoqpi.engine.trainer |   epoch 10 step 20/140 loss=1.2986
06:20:18 | INFO    | holoqpi.engine.trainer |   epoch 10 step 40/140 loss=0.9667
06:20:20 | INFO    | holoqpi.engine.trainer |   epoch 10 step 60/140 loss=0.9039
06:20:21 | INFO    | holoqpi.engine.trainer |   epoch 10 step 80/140 loss=0.5848
06:20:23 | INFO    | holoqpi.engine.trainer |   epoch 10 step 100/140 loss=0.7722
06:20:25 | INFO    | holoqpi.engine.trainer |   epoch 10 step 120/140 loss=0.6880
06:21:12 | INFO    | holoqpi.engine.trainer |   new best composite=0.7464
06:21:12 | INFO    | holoqpi.engine.trainer | epoch 10/60 (58s = 13s train + 45s val) | train_loss=0.8495  val_phase_mae=0.1909  val_dice=0.7510  val_cls_acc=0.5827  val_mass_mape=0.2402
06:21:12 | INFO    | holoqpi.engine.trainer |   epoch 11 step 0/140 loss=0.8872
06:21:14 | INFO    | holoqpi.engine.trainer |   epoch 11 step 20/140 loss=0.8910
06:21:16 | INFO    | holoqpi.engine.trainer |   epoch 11 step 40/140 loss=0.7199
06:21:17 | INFO    | holoqpi.engine.trainer |   epoch 11 step 60/140 loss=1.1980
06:21:19 | INFO    | holoqpi.engine.trainer |   epoch 11 step 80/140 loss=0.7646
06:21:21 | INFO    | holoqpi.engine.trainer |   epoch 11 step 100/140 loss=0.8210
06:21:23 | INFO    | holoqpi.engine.trainer |   epoch 11 step 120/140 loss=0.9064
06:22:09 | INFO    | holoqpi.engine.trainer | epoch 11/60 (58s = 13s train + 45s val) | train_loss=0.8212  val_phase_mae=0.1981  val_dice=0.7399  val_cls_acc=0.6142  val_mass_mape=0.2743
06:22:10 | INFO    | holoqpi.engine.trainer |   epoch 12 step 0/140 loss=0.7741
06:22:12 | INFO    | holoqpi.engine.trainer |   epoch 12 step 20/140 loss=0.7807
06:22:13 | INFO    | holoqpi.engine.trainer |   epoch 12 step 40/140 loss=0.7898
06:22:15 | INFO    | holoqpi.engine.trainer |   epoch 12 step 60/140 loss=0.6527
06:22:17 | INFO    | holoqpi.engine.trainer |   epoch 12 step 80/140 loss=1.0753
06:22:19 | INFO    | holoqpi.engine.trainer |   epoch 12 step 100/140 loss=0.6446
06:22:21 | INFO    | holoqpi.engine.trainer |   epoch 12 step 120/140 loss=0.6784
06:23:08 | INFO    | holoqpi.engine.trainer |   new best composite=0.7509
06:23:08 | INFO    | holoqpi.engine.trainer | epoch 12/60 (58s = 13s train + 45s val) | train_loss=0.8394  val_phase_mae=0.1852  val_dice=0.7635  val_cls_acc=0.6614  val_mass_mape=0.2514
06:23:08 | INFO    | holoqpi.engine.trainer |   epoch 13 step 0/140 loss=0.7251
06:23:10 | INFO    | holoqpi.engine.trainer |   epoch 13 step 20/140 loss=0.6812
06:23:12 | INFO    | holoqpi.engine.trainer |   epoch 13 step 40/140 loss=0.8971
06:23:14 | INFO    | holoqpi.engine.trainer |   epoch 13 step 60/140 loss=0.7260
06:23:15 | INFO    | holoqpi.engine.trainer |   epoch 13 step 80/140 loss=0.8802
06:23:17 | INFO    | holoqpi.engine.trainer |   epoch 13 step 100/140 loss=0.5976
06:23:19 | INFO    | holoqpi.engine.trainer |   epoch 13 step 120/140 loss=0.7769
06:24:06 | INFO    | holoqpi.engine.trainer | epoch 13/60 (58s = 13s train + 46s val) | train_loss=0.8075  val_phase_mae=0.1924  val_dice=0.7558  val_cls_acc=0.6614  val_mass_mape=0.2852
06:24:07 | INFO    | holoqpi.engine.trainer |   epoch 14 step 0/140 loss=0.7517
06:24:08 | INFO    | holoqpi.engine.trainer |   epoch 14 step 20/140 loss=1.0126
06:24:10 | INFO    | holoqpi.engine.trainer |   epoch 14 step 40/140 loss=0.8384
06:24:12 | INFO    | holoqpi.engine.trainer |   epoch 14 step 60/140 loss=0.7588
06:24:14 | INFO    | holoqpi.engine.trainer |   epoch 14 step 80/140 loss=0.5169
06:24:15 | INFO    | holoqpi.engine.trainer |   epoch 14 step 100/140 loss=0.8871
06:24:17 | INFO    | holoqpi.engine.trainer |   epoch 14 step 120/140 loss=0.9082
06:25:04 | INFO    | holoqpi.engine.trainer | epoch 14/60 (58s = 13s train + 46s val) | train_loss=0.8184  val_phase_mae=0.1910  val_dice=0.7537  val_cls_acc=0.6378  val_mass_mape=0.2812
06:25:05 | INFO    | holoqpi.engine.trainer |   epoch 15 step 0/140 loss=0.6643
06:25:07 | INFO    | holoqpi.engine.trainer |   epoch 15 step 20/140 loss=0.9524
06:25:08 | INFO    | holoqpi.engine.trainer |   epoch 15 step 40/140 loss=1.0218
06:25:10 | INFO    | holoqpi.engine.trainer |   epoch 15 step 60/140 loss=0.6876
06:25:12 | INFO    | holoqpi.engine.trainer |   epoch 15 step 80/140 loss=0.7580
06:25:14 | INFO    | holoqpi.engine.trainer |   epoch 15 step 100/140 loss=0.9553
06:25:16 | INFO    | holoqpi.engine.trainer |   epoch 15 step 120/140 loss=0.6074
06:26:02 | INFO    | holoqpi.engine.trainer | epoch 15/60 (58s = 13s train + 45s val) | train_loss=0.8097  val_phase_mae=0.1987  val_dice=0.7420  val_cls_acc=0.6378  val_mass_mape=0.2896
06:26:03 | INFO    | holoqpi.engine.trainer |   epoch 16 step 0/140 loss=0.6007
06:26:05 | INFO    | holoqpi.engine.trainer |   epoch 16 step 20/140 loss=0.6934
06:26:06 | INFO    | holoqpi.engine.trainer |   epoch 16 step 40/140 loss=0.6524
06:26:08 | INFO    | holoqpi.engine.trainer |   epoch 16 step 60/140 loss=0.7548
06:26:10 | INFO    | holoqpi.engine.trainer |   epoch 16 step 80/140 loss=0.7209
06:26:12 | INFO    | holoqpi.engine.trainer |   epoch 16 step 100/140 loss=0.7306
06:26:13 | INFO    | holoqpi.engine.trainer |   epoch 16 step 120/140 loss=0.7204
06:27:00 | INFO    | holoqpi.engine.trainer | epoch 16/60 (57s = 13s train + 45s val) | train_loss=0.8047  val_phase_mae=0.1890  val_dice=0.7575  val_cls_acc=0.5591  val_mass_mape=0.2465
06:27:00 | INFO    | holoqpi.engine.trainer |   epoch 17 step 0/140 loss=1.0152
06:27:02 | INFO    | holoqpi.engine.trainer |   epoch 17 step 20/140 loss=0.6209
06:27:04 | INFO    | holoqpi.engine.trainer |   epoch 17 step 40/140 loss=0.8459
06:27:05 | INFO    | holoqpi.engine.trainer |   epoch 17 step 60/140 loss=0.7794
06:27:07 | INFO    | holoqpi.engine.trainer |   epoch 17 step 80/140 loss=0.8973
06:27:09 | INFO    | holoqpi.engine.trainer |   epoch 17 step 100/140 loss=0.5894
06:27:11 | INFO    | holoqpi.engine.trainer |   epoch 17 step 120/140 loss=0.6719
06:27:57 | INFO    | holoqpi.engine.trainer | epoch 17/60 (58s = 13s train + 45s val) | train_loss=0.7972  val_phase_mae=0.1903  val_dice=0.7549  val_cls_acc=0.6299  val_mass_mape=0.2858
06:27:58 | INFO    | holoqpi.engine.trainer |   epoch 18 step 0/140 loss=0.5636
06:28:00 | INFO    | holoqpi.engine.trainer |   epoch 18 step 20/140 loss=0.8924
06:28:01 | INFO    | holoqpi.engine.trainer |   epoch 18 step 40/140 loss=0.6188
06:28:03 | INFO    | holoqpi.engine.trainer |   epoch 18 step 60/140 loss=0.6672
06:28:05 | INFO    | holoqpi.engine.trainer |   epoch 18 step 80/140 loss=0.6700
06:28:07 | INFO    | holoqpi.engine.trainer |   epoch 18 step 100/140 loss=0.6413
06:28:08 | INFO    | holoqpi.engine.trainer |   epoch 18 step 120/140 loss=1.0398
06:28:55 | INFO    | holoqpi.engine.trainer | epoch 18/60 (58s = 13s train + 45s val) | train_loss=0.8025  val_phase_mae=0.1880  val_dice=0.7611  val_cls_acc=0.6457  val_mass_mape=0.2886
06:28:55 | INFO    | holoqpi.engine.trainer |   epoch 19 step 0/140 loss=0.6920
06:28:57 | INFO    | holoqpi.engine.trainer |   epoch 19 step 20/140 loss=0.6227
06:28:59 | INFO    | holoqpi.engine.trainer |   epoch 19 step 40/140 loss=0.9993
06:29:01 | INFO    | holoqpi.engine.trainer |   epoch 19 step 60/140 loss=0.6123
06:29:02 | INFO    | holoqpi.engine.trainer |   epoch 19 step 80/140 loss=1.1110
06:29:04 | INFO    | holoqpi.engine.trainer |   epoch 19 step 100/140 loss=0.8957
06:29:06 | INFO    | holoqpi.engine.trainer |   epoch 19 step 120/140 loss=0.6560
06:29:52 | INFO    | holoqpi.engine.trainer | epoch 19/60 (58s = 13s train + 45s val) | train_loss=0.7981  val_phase_mae=0.1915  val_dice=0.7516  val_cls_acc=0.6142  val_mass_mape=0.2317
06:29:53 | INFO    | holoqpi.engine.trainer |   epoch 20 step 0/140 loss=0.7862
06:29:55 | INFO    | holoqpi.engine.trainer |   epoch 20 step 20/140 loss=0.7764
06:29:56 | INFO    | holoqpi.engine.trainer |   epoch 20 step 40/140 loss=0.6707
06:29:58 | INFO    | holoqpi.engine.trainer |   epoch 20 step 60/140 loss=0.7318
06:30:00 | INFO    | holoqpi.engine.trainer |   epoch 20 step 80/140 loss=0.7617
06:30:02 | INFO    | holoqpi.engine.trainer |   epoch 20 step 100/140 loss=0.8252
06:30:03 | INFO    | holoqpi.engine.trainer |   epoch 20 step 120/140 loss=0.5747
06:30:49 | INFO    | holoqpi.engine.trainer | epoch 20/60 (57s = 13s train + 44s val) | train_loss=0.7827  val_phase_mae=0.1863  val_dice=0.7563  val_cls_acc=0.6614  val_mass_mape=0.2426
06:30:50 | INFO    | holoqpi.engine.trainer |   epoch 21 step 0/140 loss=0.7228
06:30:52 | INFO    | holoqpi.engine.trainer |   epoch 21 step 20/140 loss=0.6991
06:30:53 | INFO    | holoqpi.engine.trainer |   epoch 21 step 40/140 loss=0.5932
06:30:55 | INFO    | holoqpi.engine.trainer |   epoch 21 step 60/140 loss=0.8156
06:30:57 | INFO    | holoqpi.engine.trainer |   epoch 21 step 80/140 loss=0.6882
06:30:59 | INFO    | holoqpi.engine.trainer |   epoch 21 step 100/140 loss=0.9521
06:31:00 | INFO    | holoqpi.engine.trainer |   epoch 21 step 120/140 loss=0.8021
06:31:47 | INFO    | holoqpi.engine.trainer | epoch 21/60 (57s = 13s train + 45s val) | train_loss=0.7955  val_phase_mae=0.1872  val_dice=0.7563  val_cls_acc=0.6378  val_mass_mape=0.2488
06:31:47 | INFO    | holoqpi.engine.trainer |   epoch 22 step 0/140 loss=0.5484
06:31:49 | INFO    | holoqpi.engine.trainer |   epoch 22 step 20/140 loss=0.5490
06:31:51 | INFO    | holoqpi.engine.trainer |   epoch 22 step 40/140 loss=0.6977
06:31:52 | INFO    | holoqpi.engine.trainer |   epoch 22 step 60/140 loss=0.7423
06:31:54 | INFO    | holoqpi.engine.trainer |   epoch 22 step 80/140 loss=0.5968
06:31:56 | INFO    | holoqpi.engine.trainer |   epoch 22 step 100/140 loss=0.6078
06:31:58 | INFO    | holoqpi.engine.trainer |   epoch 22 step 120/140 loss=1.1740
06:32:44 | INFO    | holoqpi.engine.trainer | epoch 22/60 (57s = 13s train + 45s val) | train_loss=0.7787  val_phase_mae=0.1926  val_dice=0.7535  val_cls_acc=0.7087  val_mass_mape=0.2801
06:32:45 | INFO    | holoqpi.engine.trainer |   epoch 23 step 0/140 loss=0.7717
06:32:47 | INFO    | holoqpi.engine.trainer |   epoch 23 step 20/140 loss=1.0126
06:32:48 | INFO    | holoqpi.engine.trainer |   epoch 23 step 40/140 loss=0.7429
06:32:50 | INFO    | holoqpi.engine.trainer |   epoch 23 step 60/140 loss=1.2019
06:32:52 | INFO    | holoqpi.engine.trainer |   epoch 23 step 80/140 loss=0.5863
06:32:54 | INFO    | holoqpi.engine.trainer |   epoch 23 step 100/140 loss=0.8152
06:32:55 | INFO    | holoqpi.engine.trainer |   epoch 23 step 120/140 loss=0.8808
06:33:42 | INFO    | holoqpi.engine.trainer | epoch 23/60 (58s = 13s train + 45s val) | train_loss=0.7742  val_phase_mae=0.1854  val_dice=0.7591  val_cls_acc=0.5827  val_mass_mape=0.2470
06:33:43 | INFO    | holoqpi.engine.trainer |   epoch 24 step 0/140 loss=0.5840
06:33:44 | INFO    | holoqpi.engine.trainer |   epoch 24 step 20/140 loss=0.8875
06:33:46 | INFO    | holoqpi.engine.trainer |   epoch 24 step 40/140 loss=0.6762
06:33:48 | INFO    | holoqpi.engine.trainer |   epoch 24 step 60/140 loss=0.8299
06:33:50 | INFO    | holoqpi.engine.trainer |   epoch 24 step 80/140 loss=0.5594
06:33:52 | INFO    | holoqpi.engine.trainer |   epoch 24 step 100/140 loss=0.6674
06:33:53 | INFO    | holoqpi.engine.trainer |   epoch 24 step 120/140 loss=1.7106
06:34:40 | INFO    | holoqpi.engine.trainer | epoch 24/60 (58s = 13s train + 45s val) | train_loss=0.7791  val_phase_mae=0.1877  val_dice=0.7545  val_cls_acc=0.6850  val_mass_mape=0.2413
06:34:40 | INFO    | holoqpi.engine.trainer |   epoch 25 step 0/140 loss=0.7473
06:34:42 | INFO    | holoqpi.engine.trainer |   epoch 25 step 20/140 loss=0.7117
06:34:44 | INFO    | holoqpi.engine.trainer |   epoch 25 step 40/140 loss=0.7234
06:34:46 | INFO    | holoqpi.engine.trainer |   epoch 25 step 60/140 loss=0.6128
06:34:47 | INFO    | holoqpi.engine.trainer |   epoch 25 step 80/140 loss=0.5640
06:34:49 | INFO    | holoqpi.engine.trainer |   epoch 25 step 100/140 loss=0.6947
06:34:51 | INFO    | holoqpi.engine.trainer |   epoch 25 step 120/140 loss=0.6145
06:35:38 | INFO    | holoqpi.engine.trainer |   new best composite=0.7523
06:35:38 | INFO    | holoqpi.engine.trainer | epoch 25/60 (58s = 13s train + 45s val) | train_loss=0.7619  val_phase_mae=0.1847  val_dice=0.7611  val_cls_acc=0.7638  val_mass_mape=0.2410
06:35:38 | INFO    | holoqpi.engine.trainer |   epoch 26 step 0/140 loss=0.5808
06:35:40 | INFO    | holoqpi.engine.trainer |   epoch 26 step 20/140 loss=0.5680
06:35:42 | INFO    | holoqpi.engine.trainer |   epoch 26 step 40/140 loss=0.9890
06:35:43 | INFO    | holoqpi.engine.trainer |   epoch 26 step 60/140 loss=1.0043
06:35:45 | INFO    | holoqpi.engine.trainer |   epoch 26 step 80/140 loss=0.5748
06:35:47 | INFO    | holoqpi.engine.trainer |   epoch 26 step 100/140 loss=0.9356
06:35:49 | INFO    | holoqpi.engine.trainer |   epoch 26 step 120/140 loss=0.6257
06:36:35 | INFO    | holoqpi.engine.trainer | epoch 26/60 (57s = 13s train + 45s val) | train_loss=0.7527  val_phase_mae=0.1843  val_dice=0.7588  val_cls_acc=0.7323  val_mass_mape=0.2465
06:36:35 | INFO    | holoqpi.engine.trainer |   epoch 27 step 0/140 loss=0.7772
06:36:37 | INFO    | holoqpi.engine.trainer |   epoch 27 step 20/140 loss=0.6811
06:36:39 | INFO    | holoqpi.engine.trainer |   epoch 27 step 40/140 loss=0.6655
06:36:41 | INFO    | holoqpi.engine.trainer |   epoch 27 step 60/140 loss=0.7515
06:36:43 | INFO    | holoqpi.engine.trainer |   epoch 27 step 80/140 loss=0.5799
06:36:44 | INFO    | holoqpi.engine.trainer |   epoch 27 step 100/140 loss=0.6482
06:36:46 | INFO    | holoqpi.engine.trainer |   epoch 27 step 120/140 loss=0.6316
06:37:33 | INFO    | holoqpi.engine.trainer |   new best composite=0.7543
06:37:33 | INFO    | holoqpi.engine.trainer | epoch 27/60 (57s = 13s train + 45s val) | train_loss=0.7474  val_phase_mae=0.1854  val_dice=0.7599  val_cls_acc=0.7008  val_mass_mape=0.2329
06:37:33 | INFO    | holoqpi.engine.trainer |   epoch 28 step 0/140 loss=1.0432
06:37:35 | INFO    | holoqpi.engine.trainer |   epoch 28 step 20/140 loss=0.6192
06:37:37 | INFO    | holoqpi.engine.trainer |   epoch 28 step 40/140 loss=1.1778
06:37:39 | INFO    | holoqpi.engine.trainer |   epoch 28 step 60/140 loss=0.7398
06:37:40 | INFO    | holoqpi.engine.trainer |   epoch 28 step 80/140 loss=0.6656
06:37:42 | INFO    | holoqpi.engine.trainer |   epoch 28 step 100/140 loss=0.7425
06:37:44 | INFO    | holoqpi.engine.trainer |   epoch 28 step 120/140 loss=0.9492
06:38:30 | INFO    | holoqpi.engine.trainer | epoch 28/60 (57s = 13s train + 44s val) | train_loss=0.7457  val_phase_mae=0.1920  val_dice=0.7416  val_cls_acc=0.6378  val_mass_mape=0.2477
06:38:30 | INFO    | holoqpi.engine.trainer |   epoch 29 step 0/140 loss=0.5875
06:38:32 | INFO    | holoqpi.engine.trainer |   epoch 29 step 20/140 loss=0.7084
06:38:34 | INFO    | holoqpi.engine.trainer |   epoch 29 step 40/140 loss=0.9001
06:38:35 | INFO    | holoqpi.engine.trainer |   epoch 29 step 60/140 loss=0.6341
06:38:37 | INFO    | holoqpi.engine.trainer |   epoch 29 step 80/140 loss=1.0976
06:38:39 | INFO    | holoqpi.engine.trainer |   epoch 29 step 100/140 loss=0.6885
06:38:41 | INFO    | holoqpi.engine.trainer |   epoch 29 step 120/140 loss=0.5530
06:39:27 | INFO    | holoqpi.engine.trainer |   new best composite=0.7582
06:39:27 | INFO    | holoqpi.engine.trainer | epoch 29/60 (57s = 13s train + 45s val) | train_loss=0.7472  val_phase_mae=0.1824  val_dice=0.7658  val_cls_acc=0.7244  val_mass_mape=0.2288
06:39:28 | INFO    | holoqpi.engine.trainer |   epoch 30 step 0/140 loss=1.0641
06:39:30 | INFO    | holoqpi.engine.trainer |   epoch 30 step 20/140 loss=0.7680
06:39:31 | INFO    | holoqpi.engine.trainer |   epoch 30 step 40/140 loss=0.5319
06:39:33 | INFO    | holoqpi.engine.trainer |   epoch 30 step 60/140 loss=0.4975
06:39:35 | INFO    | holoqpi.engine.trainer |   epoch 30 step 80/140 loss=0.7450
06:39:37 | INFO    | holoqpi.engine.trainer |   epoch 30 step 100/140 loss=0.7515
06:39:38 | INFO    | holoqpi.engine.trainer |   epoch 30 step 120/140 loss=0.6980
06:40:25 | INFO    | holoqpi.engine.trainer | epoch 30/60 (57s = 13s train + 45s val) | train_loss=0.7359  val_phase_mae=0.1846  val_dice=0.7626  val_cls_acc=0.7008  val_mass_mape=0.2290
06:40:25 | INFO    | holoqpi.engine.trainer |   epoch 31 step 0/140 loss=0.7674
06:40:27 | INFO    | holoqpi.engine.trainer |   epoch 31 step 20/140 loss=0.8653
06:40:29 | INFO    | holoqpi.engine.trainer |   epoch 31 step 40/140 loss=0.6501
06:40:30 | INFO    | holoqpi.engine.trainer |   epoch 31 step 60/140 loss=0.5275
06:40:32 | INFO    | holoqpi.engine.trainer |   epoch 31 step 80/140 loss=0.7463
06:40:34 | INFO    | holoqpi.engine.trainer |   epoch 31 step 100/140 loss=0.8032
06:40:36 | INFO    | holoqpi.engine.trainer |   epoch 31 step 120/140 loss=1.0856
06:41:23 | INFO    | holoqpi.engine.trainer | epoch 31/60 (58s = 13s train + 45s val) | train_loss=0.7177  val_phase_mae=0.1836  val_dice=0.7649  val_cls_acc=0.6142  val_mass_mape=0.2649
06:41:23 | INFO    | holoqpi.engine.trainer |   epoch 32 step 0/140 loss=0.6780
06:41:25 | INFO    | holoqpi.engine.trainer |   epoch 32 step 20/140 loss=0.7204
06:41:27 | INFO    | holoqpi.engine.trainer |   epoch 32 step 40/140 loss=0.9087
06:41:28 | INFO    | holoqpi.engine.trainer |   epoch 32 step 60/140 loss=1.1247
06:41:30 | INFO    | holoqpi.engine.trainer |   epoch 32 step 80/140 loss=0.5521
06:41:32 | INFO    | holoqpi.engine.trainer |   epoch 32 step 100/140 loss=0.6375
06:41:34 | INFO    | holoqpi.engine.trainer |   epoch 32 step 120/140 loss=0.9668
06:42:20 | INFO    | holoqpi.engine.trainer | epoch 32/60 (58s = 13s train + 45s val) | train_loss=0.7380  val_phase_mae=0.1847  val_dice=0.7595  val_cls_acc=0.7087  val_mass_mape=0.2285
06:42:21 | INFO    | holoqpi.engine.trainer |   epoch 33 step 0/140 loss=0.5545
06:42:22 | INFO    | holoqpi.engine.trainer |   epoch 33 step 20/140 loss=0.7291
06:42:24 | INFO    | holoqpi.engine.trainer |   epoch 33 step 40/140 loss=0.5618
06:42:26 | INFO    | holoqpi.engine.trainer |   epoch 33 step 60/140 loss=0.6305
06:42:28 | INFO    | holoqpi.engine.trainer |   epoch 33 step 80/140 loss=0.7816
06:42:29 | INFO    | holoqpi.engine.trainer |   epoch 33 step 100/140 loss=0.7989
06:42:31 | INFO    | holoqpi.engine.trainer |   epoch 33 step 120/140 loss=0.8161
06:43:18 | INFO    | holoqpi.engine.trainer | epoch 33/60 (58s = 13s train + 45s val) | train_loss=0.7226  val_phase_mae=0.1858  val_dice=0.7598  val_cls_acc=0.7402  val_mass_mape=0.2441
06:43:19 | INFO    | holoqpi.engine.trainer |   epoch 34 step 0/140 loss=0.9078
06:43:20 | INFO    | holoqpi.engine.trainer |   epoch 34 step 20/140 loss=1.2112
06:43:22 | INFO    | holoqpi.engine.trainer |   epoch 34 step 40/140 loss=0.9918
06:43:24 | INFO    | holoqpi.engine.trainer |   epoch 34 step 60/140 loss=0.6411
06:43:25 | INFO    | holoqpi.engine.trainer |   epoch 34 step 80/140 loss=0.5804
06:43:27 | INFO    | holoqpi.engine.trainer |   epoch 34 step 100/140 loss=0.6682
06:43:29 | INFO    | holoqpi.engine.trainer |   epoch 34 step 120/140 loss=0.8382
06:44:16 | INFO    | holoqpi.engine.trainer | epoch 34/60 (57s = 12s train + 45s val) | train_loss=0.7157  val_phase_mae=0.1839  val_dice=0.7619  val_cls_acc=0.7953  val_mass_mape=0.2327
06:44:16 | INFO    | holoqpi.engine.trainer |   epoch 35 step 0/140 loss=0.5860
06:44:18 | INFO    | holoqpi.engine.trainer |   epoch 35 step 20/140 loss=0.6024
06:44:20 | INFO    | holoqpi.engine.trainer |   epoch 35 step 40/140 loss=0.6722
06:44:21 | INFO    | holoqpi.engine.trainer |   epoch 35 step 60/140 loss=0.6170
06:44:23 | INFO    | holoqpi.engine.trainer |   epoch 35 step 80/140 loss=0.5644
06:44:25 | INFO    | holoqpi.engine.trainer |   epoch 35 step 100/140 loss=0.7705
06:44:27 | INFO    | holoqpi.engine.trainer |   epoch 35 step 120/140 loss=0.6029
06:45:13 | INFO    | holoqpi.engine.trainer | epoch 35/60 (57s = 13s train + 45s val) | train_loss=0.7035  val_phase_mae=0.1841  val_dice=0.7632  val_cls_acc=0.7638  val_mass_mape=0.2508
06:45:14 | INFO    | holoqpi.engine.trainer |   epoch 36 step 0/140 loss=0.7581
06:45:15 | INFO    | holoqpi.engine.trainer |   epoch 36 step 20/140 loss=0.7589
06:45:17 | INFO    | holoqpi.engine.trainer |   epoch 36 step 40/140 loss=0.5939
06:45:19 | INFO    | holoqpi.engine.trainer |   epoch 36 step 60/140 loss=0.7544
06:45:21 | INFO    | holoqpi.engine.trainer |   epoch 36 step 80/140 loss=0.5193
06:45:22 | INFO    | holoqpi.engine.trainer |   epoch 36 step 100/140 loss=0.5795
06:45:24 | INFO    | holoqpi.engine.trainer |   epoch 36 step 120/140 loss=0.9487
06:46:11 | INFO    | holoqpi.engine.trainer |   new best composite=0.7599
06:46:11 | INFO    | holoqpi.engine.trainer | epoch 36/60 (58s = 13s train + 45s val) | train_loss=0.7033  val_phase_mae=0.1821  val_dice=0.7649  val_cls_acc=0.7953  val_mass_mape=0.2271
06:46:12 | INFO    | holoqpi.engine.trainer |   epoch 37 step 0/140 loss=0.8648
06:46:14 | INFO    | holoqpi.engine.trainer |   epoch 37 step 20/140 loss=0.5115
06:46:15 | INFO    | holoqpi.engine.trainer |   epoch 37 step 40/140 loss=0.5730
06:46:17 | INFO    | holoqpi.engine.trainer |   epoch 37 step 60/140 loss=0.5239
06:46:19 | INFO    | holoqpi.engine.trainer |   epoch 37 step 80/140 loss=0.5448
06:46:21 | INFO    | holoqpi.engine.trainer |   epoch 37 step 100/140 loss=0.7132
06:46:23 | INFO    | holoqpi.engine.trainer |   epoch 37 step 120/140 loss=0.6281
06:47:09 | INFO    | holoqpi.engine.trainer | epoch 37/60 (58s = 13s train + 45s val) | train_loss=0.7081  val_phase_mae=0.1841  val_dice=0.7627  val_cls_acc=0.7480  val_mass_mape=0.2515
06:47:09 | INFO    | holoqpi.engine.trainer |   epoch 38 step 0/140 loss=0.4669
06:47:11 | INFO    | holoqpi.engine.trainer |   epoch 38 step 20/140 loss=0.7727
06:47:13 | INFO    | holoqpi.engine.trainer |   epoch 38 step 40/140 loss=0.9199
06:47:15 | INFO    | holoqpi.engine.trainer |   epoch 38 step 60/140 loss=0.6588
06:47:17 | INFO    | holoqpi.engine.trainer |   epoch 38 step 80/140 loss=0.6644
06:47:18 | INFO    | holoqpi.engine.trainer |   epoch 38 step 100/140 loss=0.6718
06:47:20 | INFO    | holoqpi.engine.trainer |   epoch 38 step 120/140 loss=0.8346
06:48:07 | INFO    | holoqpi.engine.trainer | epoch 38/60 (58s = 13s train + 45s val) | train_loss=0.6975  val_phase_mae=0.1828  val_dice=0.7612  val_cls_acc=0.7087  val_mass_mape=0.2360
06:48:07 | INFO    | holoqpi.engine.trainer |   epoch 39 step 0/140 loss=0.5322
06:48:09 | INFO    | holoqpi.engine.trainer |   epoch 39 step 20/140 loss=0.6027
06:48:11 | INFO    | holoqpi.engine.trainer |   epoch 39 step 40/140 loss=0.5074
06:48:12 | INFO    | holoqpi.engine.trainer |   epoch 39 step 60/140 loss=0.5846
06:48:14 | INFO    | holoqpi.engine.trainer |   epoch 39 step 80/140 loss=0.9016
06:48:16 | INFO    | holoqpi.engine.trainer |   epoch 39 step 100/140 loss=0.6128
06:48:18 | INFO    | holoqpi.engine.trainer |   epoch 39 step 120/140 loss=0.5954
06:49:05 | INFO    | holoqpi.engine.trainer | epoch 39/60 (58s = 13s train + 45s val) | train_loss=0.6857  val_phase_mae=0.1831  val_dice=0.7640  val_cls_acc=0.8189  val_mass_mape=0.2355
06:49:05 | INFO    | holoqpi.engine.trainer |   epoch 40 step 0/140 loss=0.6874
06:49:07 | INFO    | holoqpi.engine.trainer |   epoch 40 step 20/140 loss=0.9084
06:49:09 | INFO    | holoqpi.engine.trainer |   epoch 40 step 40/140 loss=0.5276
06:49:10 | INFO    | holoqpi.engine.trainer |   epoch 40 step 60/140 loss=0.7364
06:49:12 | INFO    | holoqpi.engine.trainer |   epoch 40 step 80/140 loss=0.5273
06:49:14 | INFO    | holoqpi.engine.trainer |   epoch 40 step 100/140 loss=0.9413
06:49:16 | INFO    | holoqpi.engine.trainer |   epoch 40 step 120/140 loss=0.5937
06:50:02 | INFO    | holoqpi.engine.trainer | epoch 40/60 (57s = 13s train + 45s val) | train_loss=0.6867  val_phase_mae=0.1842  val_dice=0.7625  val_cls_acc=0.6929  val_mass_mape=0.2382
06:50:02 | INFO    | holoqpi.engine.trainer |   epoch 41 step 0/140 loss=0.8703
06:50:04 | INFO    | holoqpi.engine.trainer |   epoch 41 step 20/140 loss=0.8162
06:50:06 | INFO    | holoqpi.engine.trainer |   epoch 41 step 40/140 loss=0.4877
06:50:08 | INFO    | holoqpi.engine.trainer |   epoch 41 step 60/140 loss=0.8040
06:50:09 | INFO    | holoqpi.engine.trainer |   epoch 41 step 80/140 loss=0.8826
06:50:11 | INFO    | holoqpi.engine.trainer |   epoch 41 step 100/140 loss=1.2091
06:50:13 | INFO    | holoqpi.engine.trainer |   epoch 41 step 120/140 loss=0.6547
06:51:00 | INFO    | holoqpi.engine.trainer | epoch 41/60 (58s = 13s train + 45s val) | train_loss=0.6816  val_phase_mae=0.1810  val_dice=0.7669  val_cls_acc=0.7795  val_mass_mape=0.2358
06:51:00 | INFO    | holoqpi.engine.trainer |   epoch 42 step 0/140 loss=1.3250
06:51:02 | INFO    | holoqpi.engine.trainer |   epoch 42 step 20/140 loss=0.6108
06:51:04 | INFO    | holoqpi.engine.trainer |   epoch 42 step 40/140 loss=0.5634
06:51:05 | INFO    | holoqpi.engine.trainer |   epoch 42 step 60/140 loss=0.7541
06:51:07 | INFO    | holoqpi.engine.trainer |   epoch 42 step 80/140 loss=0.7654
06:51:09 | INFO    | holoqpi.engine.trainer |   epoch 42 step 100/140 loss=0.8218
06:51:11 | INFO    | holoqpi.engine.trainer |   epoch 42 step 120/140 loss=0.5411
06:51:57 | INFO    | holoqpi.engine.trainer |   new best composite=0.7632
06:51:57 | INFO    | holoqpi.engine.trainer | epoch 42/60 (57s = 13s train + 45s val) | train_loss=0.6773  val_phase_mae=0.1803  val_dice=0.7696  val_cls_acc=0.7717  val_mass_mape=0.2282
06:51:58 | INFO    | holoqpi.engine.trainer |   epoch 43 step 0/140 loss=0.6027
06:52:00 | INFO    | holoqpi.engine.trainer |   epoch 43 step 20/140 loss=0.5088
06:52:01 | INFO    | holoqpi.engine.trainer |   epoch 43 step 40/140 loss=0.7730
06:52:03 | INFO    | holoqpi.engine.trainer |   epoch 43 step 60/140 loss=0.6312
06:52:05 | INFO    | holoqpi.engine.trainer |   epoch 43 step 80/140 loss=0.4871
06:52:07 | INFO    | holoqpi.engine.trainer |   epoch 43 step 100/140 loss=0.5979
06:52:09 | INFO    | holoqpi.engine.trainer |   epoch 43 step 120/140 loss=0.9139
06:52:55 | INFO    | holoqpi.engine.trainer | epoch 43/60 (57s = 13s train + 45s val) | train_loss=0.6736  val_phase_mae=0.1820  val_dice=0.7664  val_cls_acc=0.7480  val_mass_mape=0.2326
06:52:55 | INFO    | holoqpi.engine.trainer |   epoch 44 step 0/140 loss=0.5365
06:52:57 | INFO    | holoqpi.engine.trainer |   epoch 44 step 20/140 loss=0.5752
06:52:59 | INFO    | holoqpi.engine.trainer |   epoch 44 step 40/140 loss=0.7698
06:53:01 | INFO    | holoqpi.engine.trainer |   epoch 44 step 60/140 loss=0.4730
06:53:02 | INFO    | holoqpi.engine.trainer |   epoch 44 step 80/140 loss=0.6630
06:53:04 | INFO    | holoqpi.engine.trainer |   epoch 44 step 100/140 loss=0.5365
06:53:06 | INFO    | holoqpi.engine.trainer |   epoch 44 step 120/140 loss=0.5699
06:53:52 | INFO    | holoqpi.engine.trainer | epoch 44/60 (57s = 13s train + 45s val) | train_loss=0.6633  val_phase_mae=0.1821  val_dice=0.7641  val_cls_acc=0.7717  val_mass_mape=0.2264
06:53:53 | INFO    | holoqpi.engine.trainer |   epoch 45 step 0/140 loss=0.6073
06:53:54 | INFO    | holoqpi.engine.trainer |   epoch 45 step 20/140 loss=0.6970
06:53:56 | INFO    | holoqpi.engine.trainer |   epoch 45 step 40/140 loss=0.6437
06:53:58 | INFO    | holoqpi.engine.trainer |   epoch 45 step 60/140 loss=0.5167
06:54:00 | INFO    | holoqpi.engine.trainer |   epoch 45 step 80/140 loss=0.4811
06:54:01 | INFO    | holoqpi.engine.trainer |   epoch 45 step 100/140 loss=0.5339
06:54:03 | INFO    | holoqpi.engine.trainer |   epoch 45 step 120/140 loss=0.5932
06:54:50 | INFO    | holoqpi.engine.trainer | epoch 45/60 (58s = 13s train + 45s val) | train_loss=0.6692  val_phase_mae=0.1818  val_dice=0.7698  val_cls_acc=0.7480  val_mass_mape=0.2480
06:54:50 | INFO    | holoqpi.engine.trainer |   epoch 46 step 0/140 loss=0.4205
06:54:52 | INFO    | holoqpi.engine.trainer |   epoch 46 step 20/140 loss=0.5403
06:54:54 | INFO    | holoqpi.engine.trainer |   epoch 46 step 40/140 loss=0.6990
06:54:55 | INFO    | holoqpi.engine.trainer |   epoch 46 step 60/140 loss=0.8251
06:54:57 | INFO    | holoqpi.engine.trainer |   epoch 46 step 80/140 loss=0.4620
06:54:59 | INFO    | holoqpi.engine.trainer |   epoch 46 step 100/140 loss=0.6633
06:55:01 | INFO    | holoqpi.engine.trainer |   epoch 46 step 120/140 loss=1.2475
06:55:47 | INFO    | holoqpi.engine.trainer | epoch 46/60 (57s = 13s train + 45s val) | train_loss=0.6618  val_phase_mae=0.1823  val_dice=0.7649  val_cls_acc=0.8189  val_mass_mape=0.2324
06:55:48 | INFO    | holoqpi.engine.trainer |   epoch 47 step 0/140 loss=0.5227
06:55:49 | INFO    | holoqpi.engine.trainer |   epoch 47 step 20/140 loss=0.7698
06:55:51 | INFO    | holoqpi.engine.trainer |   epoch 47 step 40/140 loss=0.4838
06:55:53 | INFO    | holoqpi.engine.trainer |   epoch 47 step 60/140 loss=0.6221
06:55:55 | INFO    | holoqpi.engine.trainer |   epoch 47 step 80/140 loss=0.7990
06:55:56 | INFO    | holoqpi.engine.trainer |   epoch 47 step 100/140 loss=0.5657
06:55:58 | INFO    | holoqpi.engine.trainer |   epoch 47 step 120/140 loss=0.5071
06:56:45 | INFO    | holoqpi.engine.trainer | epoch 47/60 (58s = 13s train + 45s val) | train_loss=0.6589  val_phase_mae=0.1814  val_dice=0.7652  val_cls_acc=0.7402  val_mass_mape=0.2310
06:56:45 | INFO    | holoqpi.engine.trainer |   epoch 48 step 0/140 loss=0.6064
06:56:47 | INFO    | holoqpi.engine.trainer |   epoch 48 step 20/140 loss=1.1573
06:56:49 | INFO    | holoqpi.engine.trainer |   epoch 48 step 40/140 loss=0.5165
06:56:51 | INFO    | holoqpi.engine.trainer |   epoch 48 step 60/140 loss=0.7898
06:56:52 | INFO    | holoqpi.engine.trainer |   epoch 48 step 80/140 loss=0.7057
06:56:54 | INFO    | holoqpi.engine.trainer |   epoch 48 step 100/140 loss=0.6294
06:56:56 | INFO    | holoqpi.engine.trainer |   epoch 48 step 120/140 loss=0.5300
06:57:42 | INFO    | holoqpi.engine.trainer | epoch 48/60 (57s = 13s train + 45s val) | train_loss=0.6622  val_phase_mae=0.1820  val_dice=0.7660  val_cls_acc=0.8425  val_mass_mape=0.2325
06:57:43 | INFO    | holoqpi.engine.trainer |   epoch 49 step 0/140 loss=1.0602
06:57:44 | INFO    | holoqpi.engine.trainer |   epoch 49 step 20/140 loss=0.6349
06:57:46 | INFO    | holoqpi.engine.trainer |   epoch 49 step 40/140 loss=0.4920
06:57:48 | INFO    | holoqpi.engine.trainer |   epoch 49 step 60/140 loss=0.4640
06:57:50 | INFO    | holoqpi.engine.trainer |   epoch 49 step 80/140 loss=0.6141
06:57:51 | INFO    | holoqpi.engine.trainer |   epoch 49 step 100/140 loss=0.5666
06:57:53 | INFO    | holoqpi.engine.trainer |   epoch 49 step 120/140 loss=0.5377
06:58:40 | INFO    | holoqpi.engine.trainer | epoch 49/60 (58s = 13s train + 45s val) | train_loss=0.6591  val_phase_mae=0.1795  val_dice=0.7697  val_cls_acc=0.8425  val_mass_mape=0.2317
06:58:41 | INFO    | holoqpi.engine.trainer |   epoch 50 step 0/140 loss=0.4873
06:58:43 | INFO    | holoqpi.engine.trainer |   epoch 50 step 20/140 loss=0.8370
06:58:44 | INFO    | holoqpi.engine.trainer |   epoch 50 step 40/140 loss=0.4510
06:58:46 | INFO    | holoqpi.engine.trainer |   epoch 50 step 60/140 loss=0.8414
06:58:48 | INFO    | holoqpi.engine.trainer |   epoch 50 step 80/140 loss=0.5360
06:58:49 | INFO    | holoqpi.engine.trainer |   epoch 50 step 100/140 loss=0.5426
06:58:51 | INFO    | holoqpi.engine.trainer |   epoch 50 step 120/140 loss=0.8817
06:59:37 | INFO    | holoqpi.engine.trainer | epoch 50/60 (57s = 13s train + 45s val) | train_loss=0.6584  val_phase_mae=0.1815  val_dice=0.7640  val_cls_acc=0.8661  val_mass_mape=0.2283
06:59:38 | INFO    | holoqpi.engine.trainer |   epoch 51 step 0/140 loss=0.8484
06:59:40 | INFO    | holoqpi.engine.trainer |   epoch 51 step 20/140 loss=0.4943
06:59:41 | INFO    | holoqpi.engine.trainer |   epoch 51 step 40/140 loss=0.4666
06:59:43 | INFO    | holoqpi.engine.trainer |   epoch 51 step 60/140 loss=0.4554
06:59:45 | INFO    | holoqpi.engine.trainer |   epoch 51 step 80/140 loss=0.4758
06:59:47 | INFO    | holoqpi.engine.trainer |   epoch 51 step 100/140 loss=0.4955
06:59:48 | INFO    | holoqpi.engine.trainer |   epoch 51 step 120/140 loss=0.5712
07:00:35 | INFO    | holoqpi.engine.trainer | epoch 51/60 (57s = 13s train + 45s val) | train_loss=0.6428  val_phase_mae=0.1806  val_dice=0.7683  val_cls_acc=0.7953  val_mass_mape=0.2296
07:00:35 | INFO    | holoqpi.engine.trainer |   epoch 52 step 0/140 loss=0.6558
07:00:37 | INFO    | holoqpi.engine.trainer |   epoch 52 step 20/140 loss=0.8446
07:00:39 | INFO    | holoqpi.engine.trainer |   epoch 52 step 40/140 loss=1.0432
07:00:41 | INFO    | holoqpi.engine.trainer |   epoch 52 step 60/140 loss=0.7361
07:00:43 | INFO    | holoqpi.engine.trainer |   epoch 52 step 80/140 loss=0.5237
07:00:44 | INFO    | holoqpi.engine.trainer |   epoch 52 step 100/140 loss=0.5260
07:00:46 | INFO    | holoqpi.engine.trainer |   epoch 52 step 120/140 loss=0.4543
07:01:32 | INFO    | holoqpi.engine.trainer | epoch 52/60 (58s = 13s train + 45s val) | train_loss=0.6519  val_phase_mae=0.1807  val_dice=0.7673  val_cls_acc=0.7953  val_mass_mape=0.2283
07:01:33 | INFO    | holoqpi.engine.trainer |   epoch 53 step 0/140 loss=0.8855
07:01:35 | INFO    | holoqpi.engine.trainer |   epoch 53 step 20/140 loss=0.5312
07:01:36 | INFO    | holoqpi.engine.trainer |   epoch 53 step 40/140 loss=0.5936
07:01:38 | INFO    | holoqpi.engine.trainer |   epoch 53 step 60/140 loss=0.5271
07:01:40 | INFO    | holoqpi.engine.trainer |   epoch 53 step 80/140 loss=0.9320
07:01:42 | INFO    | holoqpi.engine.trainer |   epoch 53 step 100/140 loss=0.6139
07:01:43 | INFO    | holoqpi.engine.trainer |   epoch 53 step 120/140 loss=0.8323
07:02:30 | INFO    | holoqpi.engine.trainer | epoch 53/60 (57s = 13s train + 45s val) | train_loss=0.6503  val_phase_mae=0.1804  val_dice=0.7678  val_cls_acc=0.8504  val_mass_mape=0.2284
07:02:30 | INFO    | holoqpi.engine.trainer |   epoch 54 step 0/140 loss=0.5250
07:02:32 | INFO    | holoqpi.engine.trainer |   epoch 54 step 20/140 loss=0.5270
07:02:34 | INFO    | holoqpi.engine.trainer |   epoch 54 step 40/140 loss=0.6040
07:02:35 | INFO    | holoqpi.engine.trainer |   epoch 54 step 60/140 loss=0.5483
07:02:37 | INFO    | holoqpi.engine.trainer |   epoch 54 step 80/140 loss=0.5841
07:02:39 | INFO    | holoqpi.engine.trainer |   epoch 54 step 100/140 loss=1.0201
07:02:41 | INFO    | holoqpi.engine.trainer |   epoch 54 step 120/140 loss=0.5332
07:03:27 | INFO    | holoqpi.engine.trainer | epoch 54/60 (57s = 13s train + 45s val) | train_loss=0.6408  val_phase_mae=0.1813  val_dice=0.7681  val_cls_acc=0.8268  val_mass_mape=0.2338
07:03:27 | INFO    | holoqpi.engine.trainer |   epoch 55 step 0/140 loss=0.8230
07:03:29 | INFO    | holoqpi.engine.trainer |   epoch 55 step 20/140 loss=0.5959
07:03:31 | INFO    | holoqpi.engine.trainer |   epoch 55 step 40/140 loss=0.6991
07:03:33 | INFO    | holoqpi.engine.trainer |   epoch 55 step 60/140 loss=0.5008
07:03:35 | INFO    | holoqpi.engine.trainer |   epoch 55 step 80/140 loss=0.7676
07:03:36 | INFO    | holoqpi.engine.trainer |   epoch 55 step 100/140 loss=0.9206
07:03:38 | INFO    | holoqpi.engine.trainer |   epoch 55 step 120/140 loss=0.6095
07:04:24 | INFO    | holoqpi.engine.trainer | epoch 55/60 (57s = 13s train + 45s val) | train_loss=0.6557  val_phase_mae=0.1805  val_dice=0.7676  val_cls_acc=0.8346  val_mass_mape=0.2248
07:04:25 | INFO    | holoqpi.engine.trainer |   epoch 56 step 0/140 loss=1.0859
07:04:26 | INFO    | holoqpi.engine.trainer |   epoch 56 step 20/140 loss=0.5428
07:04:28 | INFO    | holoqpi.engine.trainer |   epoch 56 step 40/140 loss=0.5365
07:04:30 | INFO    | holoqpi.engine.trainer |   epoch 56 step 60/140 loss=0.6856
07:04:32 | INFO    | holoqpi.engine.trainer |   epoch 56 step 80/140 loss=0.7113
07:04:33 | INFO    | holoqpi.engine.trainer |   epoch 56 step 100/140 loss=0.5243
07:04:35 | INFO    | holoqpi.engine.trainer |   epoch 56 step 120/140 loss=0.5296
07:05:22 | INFO    | holoqpi.engine.trainer | epoch 56/60 (57s = 13s train + 45s val) | train_loss=0.6409  val_phase_mae=0.1799  val_dice=0.7687  val_cls_acc=0.8031  val_mass_mape=0.2248
07:05:22 | INFO    | holoqpi.engine.trainer |   epoch 57 step 0/140 loss=0.5636
07:05:24 | INFO    | holoqpi.engine.trainer |   epoch 57 step 20/140 loss=0.5609
07:05:26 | INFO    | holoqpi.engine.trainer |   epoch 57 step 40/140 loss=0.4255
07:05:27 | INFO    | holoqpi.engine.trainer |   epoch 57 step 60/140 loss=1.0713
07:05:29 | INFO    | holoqpi.engine.trainer |   epoch 57 step 80/140 loss=0.6022
07:05:31 | INFO    | holoqpi.engine.trainer |   epoch 57 step 100/140 loss=0.7254
07:05:33 | INFO    | holoqpi.engine.trainer |   epoch 57 step 120/140 loss=0.4781
07:06:19 | INFO    | holoqpi.engine.trainer | epoch 57/60 (57s = 13s train + 44s val) | train_loss=0.6361  val_phase_mae=0.1802  val_dice=0.7685  val_cls_acc=0.8031  val_mass_mape=0.2273
07:06:19 | INFO    | holoqpi.engine.trainer |   epoch 58 step 0/140 loss=0.4591
07:06:21 | INFO    | holoqpi.engine.trainer |   epoch 58 step 20/140 loss=0.4873
07:06:23 | INFO    | holoqpi.engine.trainer |   epoch 58 step 40/140 loss=0.4498
07:06:25 | INFO    | holoqpi.engine.trainer |   epoch 58 step 60/140 loss=0.4699
07:06:26 | INFO    | holoqpi.engine.trainer |   epoch 58 step 80/140 loss=0.4867
07:06:28 | INFO    | holoqpi.engine.trainer |   epoch 58 step 100/140 loss=0.5338
07:06:30 | INFO    | holoqpi.engine.trainer |   epoch 58 step 120/140 loss=0.4278
07:07:16 | INFO    | holoqpi.engine.trainer | epoch 58/60 (57s = 13s train + 45s val) | train_loss=0.6394  val_phase_mae=0.1799  val_dice=0.7693  val_cls_acc=0.8425  val_mass_mape=0.2272
07:07:17 | INFO    | holoqpi.engine.trainer |   epoch 59 step 0/140 loss=0.4513
07:07:19 | INFO    | holoqpi.engine.trainer |   epoch 59 step 20/140 loss=0.4873
07:07:20 | INFO    | holoqpi.engine.trainer |   epoch 59 step 40/140 loss=0.5552
07:07:22 | INFO    | holoqpi.engine.trainer |   epoch 59 step 60/140 loss=0.5416
07:07:24 | INFO    | holoqpi.engine.trainer |   epoch 59 step 80/140 loss=0.9867
07:07:26 | INFO    | holoqpi.engine.trainer |   epoch 59 step 100/140 loss=0.9701
07:07:27 | INFO    | holoqpi.engine.trainer |   epoch 59 step 120/140 loss=0.4434
07:08:14 | INFO    | holoqpi.engine.trainer | epoch 59/60 (57s = 13s train + 45s val) | train_loss=0.6372  val_phase_mae=0.1801  val_dice=0.7693  val_cls_acc=0.8110  val_mass_mape=0.2302
07:08:14 | INFO    | holoqpi.engine.trainer |   epoch 60 step 0/140 loss=0.5272
07:08:16 | INFO    | holoqpi.engine.trainer |   epoch 60 step 20/140 loss=0.4910
07:08:18 | INFO    | holoqpi.engine.trainer |   epoch 60 step 40/140 loss=0.5894
07:08:19 | INFO    | holoqpi.engine.trainer |   epoch 60 step 60/140 loss=0.4964
07:08:21 | INFO    | holoqpi.engine.trainer |   epoch 60 step 80/140 loss=0.4489
07:08:23 | INFO    | holoqpi.engine.trainer |   epoch 60 step 100/140 loss=0.4900
07:08:25 | INFO    | holoqpi.engine.trainer |   epoch 60 step 120/140 loss=0.5417
07:09:11 | INFO    | holoqpi.engine.trainer | epoch 60/60 (57s = 13s train + 45s val) | train_loss=0.6502  val_phase_mae=0.1799  val_dice=0.7693  val_cls_acc=0.8110  val_mass_mape=0.2287
07:09:11 | INFO    | holoqpi.engine.trainer | training finished; best epoch 42 (composite=0.7632)
07:09:12 | INFO    | holoqpi.engine.trainer | checkpoint best_model.pt: 446/446 tensors matched
07:09:54 | INFO    | holoqpi.engine.compare | modality=gabor test metrics written to runs/no_physics_s2024_gabor
07:09:54 | INFO    | holoqpi.engine.compare | comparison table written to runs/no_physics_s2024_modality_comparison.csv
