09:12:45 | INFO    | holoqpi.engine.compare | ======================================================================
09:12:45 | INFO    | holoqpi.engine.compare | modality=off_axis  device=cuda  run_dir=runs/no_measurement_s2024_off_axis
09:12:45 | INFO    | holoqpi.engine.compare | ======================================================================
09:12:45 | INFO    | holoqpi.data.dataset | train split: 560 samples | modality=off_axis | crop=512 | augment=True
09:12:45 | INFO    | holoqpi.data.dataset | val split: 127 samples | modality=off_axis | crop=None | augment=False
09:12:45 | INFO    | holoqpi.data.dataset | test split: 113 samples | modality=off_axis | crop=None | augment=False
09:12:46 | INFO    | holoqpi.models.encoders | encoder=mobilenet_v2 in_channels=1 pretrained=True stages=[16, 24, 32, 96, 1280]
09:12:46 | INFO    | holoqpi.models.holonet | HoloQPINet built: 9.76M parameters, 9.76M trainable (100.0%)
09:12:48 | INFO    | holoqpi.engine.trainer | trainable 9.76M / 9.76M parameters (100.0%)
09:12:48 | INFO    | holoqpi.engine.trainer | active physics terms: ['phase_mask_contrast', 'boundary_gradient_alignment', 'phase_volume']
09:12:53 | INFO    | holoqpi.engine.trainer |   epoch 1 step 0/140 loss=2.2343
09:12:55 | INFO    | holoqpi.engine.trainer |   epoch 1 step 20/140 loss=2.0359
09:12:57 | INFO    | holoqpi.engine.trainer |   epoch 1 step 40/140 loss=1.7892
09:12:59 | INFO    | holoqpi.engine.trainer |   epoch 1 step 60/140 loss=1.6452
09:13:01 | INFO    | holoqpi.engine.trainer |   epoch 1 step 80/140 loss=1.4351
09:13:03 | INFO    | holoqpi.engine.trainer |   epoch 1 step 100/140 loss=1.4170
09:13:05 | INFO    | holoqpi.engine.trainer |   epoch 1 step 120/140 loss=1.3495
09:14:00 | INFO    | holoqpi.engine.trainer |   new best composite=0.6105
09:14:00 | INFO    | holoqpi.engine.trainer | epoch 1/60 (72s = 19s train + 53s val) | train_loss=1.6523  val_phase_mae=0.2600  val_dice=0.6219  val_cls_acc=0.2205  val_mass_mape=0.3232
09:14:00 | INFO    | holoqpi.engine.trainer |   at this rate the full 60-epoch schedule takes about 72 min
09:14:00 | INFO    | holoqpi.engine.trainer |   epoch 2 step 0/140 loss=1.3545
09:14:03 | INFO    | holoqpi.engine.trainer |   epoch 2 step 20/140 loss=1.2166
09:14:05 | INFO    | holoqpi.engine.trainer |   epoch 2 step 40/140 loss=1.0801
09:14:07 | INFO    | holoqpi.engine.trainer |   epoch 2 step 60/140 loss=0.9559
09:14:10 | INFO    | holoqpi.engine.trainer |   epoch 2 step 80/140 loss=1.1478
09:14:12 | INFO    | holoqpi.engine.trainer |   epoch 2 step 100/140 loss=1.0403
09:14:14 | INFO    | holoqpi.engine.trainer |   epoch 2 step 120/140 loss=0.9201
09:15:06 | INFO    | holoqpi.engine.trainer |   new best composite=0.6814
09:15:06 | INFO    | holoqpi.engine.trainer | epoch 2/60 (66s = 16s train + 50s val) | train_loss=1.1340  val_phase_mae=0.2199  val_dice=0.6874  val_cls_acc=0.3386  val_mass_mape=0.2865
09:15:07 | INFO    | holoqpi.engine.trainer |   epoch 3 step 0/140 loss=0.9904
09:15:09 | INFO    | holoqpi.engine.trainer |   epoch 3 step 20/140 loss=0.9178
09:15:11 | INFO    | holoqpi.engine.trainer |   epoch 3 step 40/140 loss=1.0888
09:15:13 | INFO    | holoqpi.engine.trainer |   epoch 3 step 60/140 loss=1.1025
09:15:15 | INFO    | holoqpi.engine.trainer |   epoch 3 step 80/140 loss=0.7444
09:15:17 | INFO    | holoqpi.engine.trainer |   epoch 3 step 100/140 loss=0.9859
09:15:19 | INFO    | holoqpi.engine.trainer |   epoch 3 step 120/140 loss=0.9141
09:16:10 | INFO    | holoqpi.engine.trainer |   new best composite=0.7202
09:16:10 | INFO    | holoqpi.engine.trainer | epoch 3/60 (64s = 15s train + 49s val) | train_loss=0.9281  val_phase_mae=0.2039  val_dice=0.7574  val_cls_acc=0.3386  val_mass_mape=0.3451
09:16:11 | INFO    | holoqpi.engine.trainer |   epoch 4 step 0/140 loss=0.8819
09:16:13 | INFO    | holoqpi.engine.trainer |   epoch 4 step 20/140 loss=0.9084
09:16:15 | INFO    | holoqpi.engine.trainer |   epoch 4 step 40/140 loss=0.8834
09:16:17 | INFO    | holoqpi.engine.trainer |   epoch 4 step 60/140 loss=0.7869
09:16:19 | INFO    | holoqpi.engine.trainer |   epoch 4 step 80/140 loss=0.8542
09:16:21 | INFO    | holoqpi.engine.trainer |   epoch 4 step 100/140 loss=0.7801
09:16:24 | INFO    | holoqpi.engine.trainer |   epoch 4 step 120/140 loss=0.7239
09:17:15 | INFO    | holoqpi.engine.trainer |   new best composite=0.7639
09:17:15 | INFO    | holoqpi.engine.trainer | epoch 4/60 (64s = 15s train + 49s val) | train_loss=0.8524  val_phase_mae=0.1892  val_dice=0.7803  val_cls_acc=0.2677  val_mass_mape=0.2347
09:17:15 | INFO    | holoqpi.engine.trainer |   epoch 5 step 0/140 loss=0.7873
09:17:17 | INFO    | holoqpi.engine.trainer |   epoch 5 step 20/140 loss=0.9136
09:17:19 | INFO    | holoqpi.engine.trainer |   epoch 5 step 40/140 loss=1.0234
09:17:21 | INFO    | holoqpi.engine.trainer |   epoch 5 step 60/140 loss=0.9278
09:17:23 | INFO    | holoqpi.engine.trainer |   epoch 5 step 80/140 loss=0.8507
09:17:25 | INFO    | holoqpi.engine.trainer |   epoch 5 step 100/140 loss=0.8173
09:17:27 | INFO    | holoqpi.engine.trainer |   epoch 5 step 120/140 loss=0.7728
09:18:16 | INFO    | holoqpi.engine.trainer | epoch 5/60 (62s = 14s train + 48s val) | train_loss=0.8150  val_phase_mae=0.1848  val_dice=0.7863  val_cls_acc=0.3701  val_mass_mape=0.2867
09:18:17 | INFO    | holoqpi.engine.trainer |   epoch 6 step 0/140 loss=0.8500
09:18:19 | INFO    | holoqpi.engine.trainer |   epoch 6 step 20/140 loss=0.8555
09:18:21 | INFO    | holoqpi.engine.trainer |   epoch 6 step 40/140 loss=0.6981
09:18:23 | INFO    | holoqpi.engine.trainer |   epoch 6 step 60/140 loss=0.8503
09:18:25 | INFO    | holoqpi.engine.trainer |   epoch 6 step 80/140 loss=0.7791
09:18:27 | INFO    | holoqpi.engine.trainer |   epoch 6 step 100/140 loss=0.6940
09:18:29 | INFO    | holoqpi.engine.trainer |   epoch 6 step 120/140 loss=0.6688
09:19:19 | INFO    | holoqpi.engine.trainer | epoch 6/60 (63s = 15s train + 48s val) | train_loss=0.7845  val_phase_mae=0.1961  val_dice=0.7985  val_cls_acc=0.4094  val_mass_mape=0.4172
09:19:20 | INFO    | holoqpi.engine.trainer |   epoch 7 step 0/140 loss=0.8531
09:19:22 | INFO    | holoqpi.engine.trainer |   epoch 7 step 20/140 loss=0.9293
09:19:24 | INFO    | holoqpi.engine.trainer |   epoch 7 step 40/140 loss=0.7874
09:19:26 | INFO    | holoqpi.engine.trainer |   epoch 7 step 60/140 loss=0.6581
09:19:28 | INFO    | holoqpi.engine.trainer |   epoch 7 step 80/140 loss=0.8106
09:19:30 | INFO    | holoqpi.engine.trainer |   epoch 7 step 100/140 loss=0.9866
09:19:32 | INFO    | holoqpi.engine.trainer |   epoch 7 step 120/140 loss=1.0325
09:20:24 | INFO    | holoqpi.engine.trainer |   new best composite=0.7701
09:20:24 | INFO    | holoqpi.engine.trainer | epoch 7/60 (65s = 14s train + 50s val) | train_loss=0.7695  val_phase_mae=0.1796  val_dice=0.7938  val_cls_acc=0.3386  val_mass_mape=0.2596
09:20:25 | INFO    | holoqpi.engine.trainer |   epoch 8 step 0/140 loss=0.6215
09:20:27 | INFO    | holoqpi.engine.trainer |   epoch 8 step 20/140 loss=0.8892
09:20:29 | INFO    | holoqpi.engine.trainer |   epoch 8 step 40/140 loss=0.7664
09:20:31 | INFO    | holoqpi.engine.trainer |   epoch 8 step 60/140 loss=0.8130
09:20:33 | INFO    | holoqpi.engine.trainer |   epoch 8 step 80/140 loss=0.6599
09:20:35 | INFO    | holoqpi.engine.trainer |   epoch 8 step 100/140 loss=0.6629
09:20:37 | INFO    | holoqpi.engine.trainer |   epoch 8 step 120/140 loss=0.8173
09:21:28 | INFO    | holoqpi.engine.trainer |   new best composite=0.7759
09:21:28 | INFO    | holoqpi.engine.trainer | epoch 8/60 (63s = 15s train + 48s val) | train_loss=0.7501  val_phase_mae=0.1819  val_dice=0.7911  val_cls_acc=0.4409  val_mass_mape=0.2355
09:21:28 | INFO    | holoqpi.engine.trainer |   epoch 9 step 0/140 loss=0.7499
09:21:30 | INFO    | holoqpi.engine.trainer |   epoch 9 step 20/140 loss=0.7139
09:21:32 | INFO    | holoqpi.engine.trainer |   epoch 9 step 40/140 loss=0.9125
09:21:34 | INFO    | holoqpi.engine.trainer |   epoch 9 step 60/140 loss=0.9494
09:21:36 | INFO    | holoqpi.engine.trainer |   epoch 9 step 80/140 loss=0.8265
09:21:38 | INFO    | holoqpi.engine.trainer |   epoch 9 step 100/140 loss=0.9094
09:21:40 | INFO    | holoqpi.engine.trainer |   epoch 9 step 120/140 loss=0.7175
09:22:30 | INFO    | holoqpi.engine.trainer |   new best composite=0.7807
09:22:30 | INFO    | holoqpi.engine.trainer | epoch 9/60 (62s = 14s train + 48s val) | train_loss=0.7385  val_phase_mae=0.1786  val_dice=0.7983  val_cls_acc=0.4016  val_mass_mape=0.2324
09:22:30 | INFO    | holoqpi.engine.trainer |   epoch 10 step 0/140 loss=0.6877
09:22:33 | INFO    | holoqpi.engine.trainer |   epoch 10 step 20/140 loss=0.8777
09:22:35 | INFO    | holoqpi.engine.trainer |   epoch 10 step 40/140 loss=0.6444
09:22:37 | INFO    | holoqpi.engine.trainer |   epoch 10 step 60/140 loss=0.7636
09:22:39 | INFO    | holoqpi.engine.trainer |   epoch 10 step 80/140 loss=0.6822
09:22:41 | INFO    | holoqpi.engine.trainer |   epoch 10 step 100/140 loss=0.8656
09:22:43 | INFO    | holoqpi.engine.trainer |   epoch 10 step 120/140 loss=0.7804
09:23:33 | INFO    | holoqpi.engine.trainer | epoch 10/60 (63s = 15s train + 48s val) | train_loss=0.7216  val_phase_mae=0.1848  val_dice=0.7970  val_cls_acc=0.3701  val_mass_mape=0.2868
09:23:34 | INFO    | holoqpi.engine.trainer |   epoch 11 step 0/140 loss=0.7188
09:23:36 | INFO    | holoqpi.engine.trainer |   epoch 11 step 20/140 loss=0.7609
09:23:38 | INFO    | holoqpi.engine.trainer |   epoch 11 step 40/140 loss=0.6439
09:23:40 | INFO    | holoqpi.engine.trainer |   epoch 11 step 60/140 loss=0.6812
09:23:42 | INFO    | holoqpi.engine.trainer |   epoch 11 step 80/140 loss=0.7509
09:23:44 | INFO    | holoqpi.engine.trainer |   epoch 11 step 100/140 loss=0.7124
09:23:46 | INFO    | holoqpi.engine.trainer |   epoch 11 step 120/140 loss=0.5446
09:24:37 | INFO    | holoqpi.engine.trainer | epoch 11/60 (63s = 15s train + 48s val) | train_loss=0.6991  val_phase_mae=0.1942  val_dice=0.8018  val_cls_acc=0.4094  val_mass_mape=0.2954
09:24:37 | INFO    | holoqpi.engine.trainer |   epoch 12 step 0/140 loss=0.6635
09:24:39 | INFO    | holoqpi.engine.trainer |   epoch 12 step 20/140 loss=0.8232
09:24:41 | INFO    | holoqpi.engine.trainer |   epoch 12 step 40/140 loss=0.6841
09:24:43 | INFO    | holoqpi.engine.trainer |   epoch 12 step 60/140 loss=0.9501
09:24:45 | INFO    | holoqpi.engine.trainer |   epoch 12 step 80/140 loss=0.6396
09:24:47 | INFO    | holoqpi.engine.trainer |   epoch 12 step 100/140 loss=0.7145
09:24:49 | INFO    | holoqpi.engine.trainer |   epoch 12 step 120/140 loss=0.6556
09:25:39 | INFO    | holoqpi.engine.trainer |   new best composite=0.7948
09:25:39 | INFO    | holoqpi.engine.trainer | epoch 12/60 (62s = 14s train + 48s val) | train_loss=0.7075  val_phase_mae=0.1742  val_dice=0.8066  val_cls_acc=0.4331  val_mass_mape=0.2050
09:25:39 | INFO    | holoqpi.engine.trainer |   epoch 13 step 0/140 loss=0.6941
09:25:42 | INFO    | holoqpi.engine.trainer |   epoch 13 step 20/140 loss=0.5938
09:25:44 | INFO    | holoqpi.engine.trainer |   epoch 13 step 40/140 loss=0.8331
09:25:45 | INFO    | holoqpi.engine.trainer |   epoch 13 step 60/140 loss=0.6110
09:25:47 | INFO    | holoqpi.engine.trainer |   epoch 13 step 80/140 loss=0.6818
09:25:50 | INFO    | holoqpi.engine.trainer |   epoch 13 step 100/140 loss=0.5793
09:25:52 | INFO    | holoqpi.engine.trainer |   epoch 13 step 120/140 loss=0.8079
09:26:41 | INFO    | holoqpi.engine.trainer | epoch 13/60 (62s = 15s train + 47s val) | train_loss=0.6898  val_phase_mae=0.1745  val_dice=0.8037  val_cls_acc=0.3307  val_mass_mape=0.2216
09:26:41 | INFO    | holoqpi.engine.trainer |   epoch 14 step 0/140 loss=0.6839
09:26:44 | INFO    | holoqpi.engine.trainer |   epoch 14 step 20/140 loss=0.5665
09:26:46 | INFO    | holoqpi.engine.trainer |   epoch 14 step 40/140 loss=0.7923
09:26:48 | INFO    | holoqpi.engine.trainer |   epoch 14 step 60/140 loss=0.9348
09:26:50 | INFO    | holoqpi.engine.trainer |   epoch 14 step 80/140 loss=0.4591
09:26:51 | INFO    | holoqpi.engine.trainer |   epoch 14 step 100/140 loss=0.8249
09:26:53 | INFO    | holoqpi.engine.trainer |   epoch 14 step 120/140 loss=0.6334
09:27:43 | INFO    | holoqpi.engine.trainer | epoch 14/60 (62s = 14s train + 48s val) | train_loss=0.6905  val_phase_mae=0.1804  val_dice=0.7992  val_cls_acc=0.4252  val_mass_mape=0.3228
09:27:44 | INFO    | holoqpi.engine.trainer |   epoch 15 step 0/140 loss=0.6582
09:27:45 | INFO    | holoqpi.engine.trainer |   epoch 15 step 20/140 loss=0.5823
09:27:47 | INFO    | holoqpi.engine.trainer |   epoch 15 step 40/140 loss=0.7002
09:27:49 | INFO    | holoqpi.engine.trainer |   epoch 15 step 60/140 loss=0.6162
09:27:52 | INFO    | holoqpi.engine.trainer |   epoch 15 step 80/140 loss=0.7557
09:27:54 | INFO    | holoqpi.engine.trainer |   epoch 15 step 100/140 loss=0.7046
09:27:56 | INFO    | holoqpi.engine.trainer |   epoch 15 step 120/140 loss=0.6473
09:28:46 | INFO    | holoqpi.engine.trainer | epoch 15/60 (63s = 14s train + 49s val) | train_loss=0.6870  val_phase_mae=0.1799  val_dice=0.8119  val_cls_acc=0.4882  val_mass_mape=0.2629
09:28:47 | INFO    | holoqpi.engine.trainer |   epoch 16 step 0/140 loss=0.5933
09:28:49 | INFO    | holoqpi.engine.trainer |   epoch 16 step 20/140 loss=0.6321
09:28:51 | INFO    | holoqpi.engine.trainer |   epoch 16 step 40/140 loss=0.6541
09:28:53 | INFO    | holoqpi.engine.trainer |   epoch 16 step 60/140 loss=0.6154
09:28:55 | INFO    | holoqpi.engine.trainer |   epoch 16 step 80/140 loss=0.6414
09:28:57 | INFO    | holoqpi.engine.trainer |   epoch 16 step 100/140 loss=0.6783
09:28:59 | INFO    | holoqpi.engine.trainer |   epoch 16 step 120/140 loss=0.7181
09:29:48 | INFO    | holoqpi.engine.trainer | epoch 16/60 (62s = 15s train + 47s val) | train_loss=0.6693  val_phase_mae=0.1790  val_dice=0.8132  val_cls_acc=0.4646  val_mass_mape=0.2558
09:29:49 | INFO    | holoqpi.engine.trainer |   epoch 17 step 0/140 loss=0.7052
09:29:51 | INFO    | holoqpi.engine.trainer |   epoch 17 step 20/140 loss=0.5505
09:29:53 | INFO    | holoqpi.engine.trainer |   epoch 17 step 40/140 loss=0.6649
09:29:55 | INFO    | holoqpi.engine.trainer |   epoch 17 step 60/140 loss=0.7101
09:29:57 | INFO    | holoqpi.engine.trainer |   epoch 17 step 80/140 loss=0.6374
09:29:59 | INFO    | holoqpi.engine.trainer |   epoch 17 step 100/140 loss=0.6313
09:30:01 | INFO    | holoqpi.engine.trainer |   epoch 17 step 120/140 loss=0.6080
09:30:51 | INFO    | holoqpi.engine.trainer |   new best composite=0.7963
09:30:51 | INFO    | holoqpi.engine.trainer | epoch 17/60 (62s = 15s train + 48s val) | train_loss=0.6691  val_phase_mae=0.1701  val_dice=0.8118  val_cls_acc=0.5276  val_mass_mape=0.2126
09:30:51 | INFO    | holoqpi.engine.trainer |   epoch 18 step 0/140 loss=0.5993
09:30:54 | INFO    | holoqpi.engine.trainer |   epoch 18 step 20/140 loss=0.5305
09:30:56 | INFO    | holoqpi.engine.trainer |   epoch 18 step 40/140 loss=0.5880
09:30:58 | INFO    | holoqpi.engine.trainer |   epoch 18 step 60/140 loss=0.5349
09:31:00 | INFO    | holoqpi.engine.trainer |   epoch 18 step 80/140 loss=0.5597
09:31:02 | INFO    | holoqpi.engine.trainer |   epoch 18 step 100/140 loss=0.6698
09:31:04 | INFO    | holoqpi.engine.trainer |   epoch 18 step 120/140 loss=0.5674
09:31:53 | INFO    | holoqpi.engine.trainer | epoch 18/60 (62s = 15s train + 47s val) | train_loss=0.6554  val_phase_mae=0.1741  val_dice=0.7969  val_cls_acc=0.3701  val_mass_mape=0.2054
09:31:53 | INFO    | holoqpi.engine.trainer |   epoch 19 step 0/140 loss=0.6243
09:31:55 | INFO    | holoqpi.engine.trainer |   epoch 19 step 20/140 loss=0.5987
09:31:57 | INFO    | holoqpi.engine.trainer |   epoch 19 step 40/140 loss=0.5850
09:31:59 | INFO    | holoqpi.engine.trainer |   epoch 19 step 60/140 loss=0.5569
09:32:01 | INFO    | holoqpi.engine.trainer |   epoch 19 step 80/140 loss=0.9199
09:32:03 | INFO    | holoqpi.engine.trainer |   epoch 19 step 100/140 loss=0.6610
09:32:05 | INFO    | holoqpi.engine.trainer |   epoch 19 step 120/140 loss=0.7030
09:32:55 | INFO    | holoqpi.engine.trainer |   new best composite=0.7964
09:32:55 | INFO    | holoqpi.engine.trainer | epoch 19/60 (62s = 14s train + 48s val) | train_loss=0.6507  val_phase_mae=0.1783  val_dice=0.8123  val_cls_acc=0.5118  val_mass_mape=0.2186
09:32:56 | INFO    | holoqpi.engine.trainer |   epoch 20 step 0/140 loss=0.7277
09:32:58 | INFO    | holoqpi.engine.trainer |   epoch 20 step 20/140 loss=0.4791
09:33:00 | INFO    | holoqpi.engine.trainer |   epoch 20 step 40/140 loss=0.6874
09:33:02 | INFO    | holoqpi.engine.trainer |   epoch 20 step 60/140 loss=0.6126
09:33:04 | INFO    | holoqpi.engine.trainer |   epoch 20 step 80/140 loss=0.5397
09:33:06 | INFO    | holoqpi.engine.trainer |   epoch 20 step 100/140 loss=0.5281
09:33:07 | INFO    | holoqpi.engine.trainer |   epoch 20 step 120/140 loss=0.4738
09:33:57 | INFO    | holoqpi.engine.trainer |   new best composite=0.7997
09:33:57 | INFO    | holoqpi.engine.trainer | epoch 20/60 (61s = 14s train + 47s val) | train_loss=0.6393  val_phase_mae=0.1718  val_dice=0.8125  val_cls_acc=0.5276  val_mass_mape=0.1979
09:33:57 | INFO    | holoqpi.engine.trainer |   epoch 21 step 0/140 loss=0.6359
09:33:59 | INFO    | holoqpi.engine.trainer |   epoch 21 step 20/140 loss=0.6061
09:34:01 | INFO    | holoqpi.engine.trainer |   epoch 21 step 40/140 loss=0.6533
09:34:03 | INFO    | holoqpi.engine.trainer |   epoch 21 step 60/140 loss=0.6969
09:34:05 | INFO    | holoqpi.engine.trainer |   epoch 21 step 80/140 loss=0.6447
09:34:07 | INFO    | holoqpi.engine.trainer |   epoch 21 step 100/140 loss=0.6276
09:34:09 | INFO    | holoqpi.engine.trainer |   epoch 21 step 120/140 loss=0.7321
09:34:58 | INFO    | holoqpi.engine.trainer | epoch 21/60 (61s = 14s train + 47s val) | train_loss=0.6554  val_phase_mae=0.1785  val_dice=0.8151  val_cls_acc=0.5197  val_mass_mape=0.2563
09:34:58 | INFO    | holoqpi.engine.trainer |   epoch 22 step 0/140 loss=0.5537
09:35:00 | INFO    | holoqpi.engine.trainer |   epoch 22 step 20/140 loss=0.4955
09:35:02 | INFO    | holoqpi.engine.trainer |   epoch 22 step 40/140 loss=0.6271
09:35:04 | INFO    | holoqpi.engine.trainer |   epoch 22 step 60/140 loss=0.6125
09:35:06 | INFO    | holoqpi.engine.trainer |   epoch 22 step 80/140 loss=0.5310
09:35:08 | INFO    | holoqpi.engine.trainer |   epoch 22 step 100/140 loss=0.5664
09:35:10 | INFO    | holoqpi.engine.trainer |   epoch 22 step 120/140 loss=0.8258
09:35:59 | INFO    | holoqpi.engine.trainer | epoch 22/60 (61s = 14s train + 47s val) | train_loss=0.6419  val_phase_mae=0.1770  val_dice=0.8166  val_cls_acc=0.5354  val_mass_mape=0.2381
09:36:00 | INFO    | holoqpi.engine.trainer |   epoch 23 step 0/140 loss=0.6888
09:36:02 | INFO    | holoqpi.engine.trainer |   epoch 23 step 20/140 loss=0.6110
09:36:04 | INFO    | holoqpi.engine.trainer |   epoch 23 step 40/140 loss=0.7620
09:36:06 | INFO    | holoqpi.engine.trainer |   epoch 23 step 60/140 loss=0.6054
09:36:08 | INFO    | holoqpi.engine.trainer |   epoch 23 step 80/140 loss=0.5535
09:36:09 | INFO    | holoqpi.engine.trainer |   epoch 23 step 100/140 loss=0.8091
09:36:11 | INFO    | holoqpi.engine.trainer |   epoch 23 step 120/140 loss=0.4734
09:37:01 | INFO    | holoqpi.engine.trainer |   new best composite=0.8011
09:37:01 | INFO    | holoqpi.engine.trainer | epoch 23/60 (62s = 14s train + 48s val) | train_loss=0.6335  val_phase_mae=0.1733  val_dice=0.8149  val_cls_acc=0.5276  val_mass_mape=0.2061
09:37:02 | INFO    | holoqpi.engine.trainer |   epoch 24 step 0/140 loss=0.4756
09:37:04 | INFO    | holoqpi.engine.trainer |   epoch 24 step 20/140 loss=0.7701
09:37:06 | INFO    | holoqpi.engine.trainer |   epoch 24 step 40/140 loss=0.5895
09:37:08 | INFO    | holoqpi.engine.trainer |   epoch 24 step 60/140 loss=0.7205
09:37:09 | INFO    | holoqpi.engine.trainer |   epoch 24 step 80/140 loss=0.7880
09:37:11 | INFO    | holoqpi.engine.trainer |   epoch 24 step 100/140 loss=0.6062
09:37:13 | INFO    | holoqpi.engine.trainer |   epoch 24 step 120/140 loss=0.7880
09:38:03 | INFO    | holoqpi.engine.trainer |   new best composite=0.8032
09:38:03 | INFO    | holoqpi.engine.trainer | epoch 24/60 (62s = 14s train + 47s val) | train_loss=0.6359  val_phase_mae=0.1721  val_dice=0.8154  val_cls_acc=0.4173  val_mass_mape=0.1952
09:38:03 | INFO    | holoqpi.engine.trainer |   epoch 25 step 0/140 loss=0.6979
09:38:05 | INFO    | holoqpi.engine.trainer |   epoch 25 step 20/140 loss=0.6590
09:38:07 | INFO    | holoqpi.engine.trainer |   epoch 25 step 40/140 loss=0.5522
09:38:09 | INFO    | holoqpi.engine.trainer |   epoch 25 step 60/140 loss=0.5432
09:38:11 | INFO    | holoqpi.engine.trainer |   epoch 25 step 80/140 loss=0.6396
09:38:13 | INFO    | holoqpi.engine.trainer |   epoch 25 step 100/140 loss=0.7350
09:38:15 | INFO    | holoqpi.engine.trainer |   epoch 25 step 120/140 loss=0.7314
09:39:04 | INFO    | holoqpi.engine.trainer | epoch 25/60 (61s = 14s train + 47s val) | train_loss=0.6138  val_phase_mae=0.1689  val_dice=0.8174  val_cls_acc=0.3543  val_mass_mape=0.2039
09:39:05 | INFO    | holoqpi.engine.trainer |   epoch 26 step 0/140 loss=0.5729
09:39:07 | INFO    | holoqpi.engine.trainer |   epoch 26 step 20/140 loss=0.6137
09:39:08 | INFO    | holoqpi.engine.trainer |   epoch 26 step 40/140 loss=0.6014
09:39:10 | INFO    | holoqpi.engine.trainer |   epoch 26 step 60/140 loss=0.5455
09:39:12 | INFO    | holoqpi.engine.trainer |   epoch 26 step 80/140 loss=0.5431
09:39:14 | INFO    | holoqpi.engine.trainer |   epoch 26 step 100/140 loss=0.5648
09:39:16 | INFO    | holoqpi.engine.trainer |   epoch 26 step 120/140 loss=0.7327
09:40:06 | INFO    | holoqpi.engine.trainer |   new best composite=0.8035
09:40:06 | INFO    | holoqpi.engine.trainer | epoch 26/60 (62s = 14s train + 48s val) | train_loss=0.6135  val_phase_mae=0.1705  val_dice=0.8175  val_cls_acc=0.4567  val_mass_mape=0.1987
09:40:06 | INFO    | holoqpi.engine.trainer |   epoch 27 step 0/140 loss=0.6268
09:40:08 | INFO    | holoqpi.engine.trainer |   epoch 27 step 20/140 loss=0.6797
09:40:10 | INFO    | holoqpi.engine.trainer |   epoch 27 step 40/140 loss=0.5805
09:40:12 | INFO    | holoqpi.engine.trainer |   epoch 27 step 60/140 loss=0.6228
09:40:14 | INFO    | holoqpi.engine.trainer |   epoch 27 step 80/140 loss=0.6469
09:40:16 | INFO    | holoqpi.engine.trainer |   epoch 27 step 100/140 loss=0.6122
09:40:18 | INFO    | holoqpi.engine.trainer |   epoch 27 step 120/140 loss=0.7825
09:41:07 | INFO    | holoqpi.engine.trainer |   new best composite=0.8036
09:41:07 | INFO    | holoqpi.engine.trainer | epoch 27/60 (61s = 14s train + 47s val) | train_loss=0.5989  val_phase_mae=0.1744  val_dice=0.8157  val_cls_acc=0.5591  val_mass_mape=0.2002
09:41:08 | INFO    | holoqpi.engine.trainer |   epoch 28 step 0/140 loss=0.8211
09:41:10 | INFO    | holoqpi.engine.trainer |   epoch 28 step 20/140 loss=0.6518
09:41:12 | INFO    | holoqpi.engine.trainer |   epoch 28 step 40/140 loss=0.6630
09:41:14 | INFO    | holoqpi.engine.trainer |   epoch 28 step 60/140 loss=0.7267
09:41:16 | INFO    | holoqpi.engine.trainer |   epoch 28 step 80/140 loss=0.5344
09:41:18 | INFO    | holoqpi.engine.trainer |   epoch 28 step 100/140 loss=0.7564
09:41:20 | INFO    | holoqpi.engine.trainer |   epoch 28 step 120/140 loss=0.7304
09:42:08 | INFO    | holoqpi.engine.trainer | epoch 28/60 (61s = 14s train + 47s val) | train_loss=0.6058  val_phase_mae=0.1717  val_dice=0.8127  val_cls_acc=0.5118  val_mass_mape=0.2098
09:42:09 | INFO    | holoqpi.engine.trainer |   epoch 29 step 0/140 loss=0.6140
09:42:11 | INFO    | holoqpi.engine.trainer |   epoch 29 step 20/140 loss=0.7240
09:42:13 | INFO    | holoqpi.engine.trainer |   epoch 29 step 40/140 loss=0.7405
09:42:15 | INFO    | holoqpi.engine.trainer |   epoch 29 step 60/140 loss=0.5869
09:42:17 | INFO    | holoqpi.engine.trainer |   epoch 29 step 80/140 loss=0.7021
09:42:19 | INFO    | holoqpi.engine.trainer |   epoch 29 step 100/140 loss=0.6588
09:42:21 | INFO    | holoqpi.engine.trainer |   epoch 29 step 120/140 loss=0.4155
09:43:10 | INFO    | holoqpi.engine.trainer |   new best composite=0.8053
09:43:10 | INFO    | holoqpi.engine.trainer | epoch 29/60 (62s = 14s train + 48s val) | train_loss=0.6034  val_phase_mae=0.1720  val_dice=0.8170  val_cls_acc=0.6535  val_mass_mape=0.1947
09:43:11 | INFO    | holoqpi.engine.trainer |   epoch 30 step 0/140 loss=0.6153
09:43:13 | INFO    | holoqpi.engine.trainer |   epoch 30 step 20/140 loss=0.5638
09:43:15 | INFO    | holoqpi.engine.trainer |   epoch 30 step 40/140 loss=0.5329
09:43:17 | INFO    | holoqpi.engine.trainer |   epoch 30 step 60/140 loss=0.4759
09:43:19 | INFO    | holoqpi.engine.trainer |   epoch 30 step 80/140 loss=0.5559
09:43:21 | INFO    | holoqpi.engine.trainer |   epoch 30 step 100/140 loss=0.6136
09:43:23 | INFO    | holoqpi.engine.trainer |   epoch 30 step 120/140 loss=0.5524
09:44:12 | INFO    | holoqpi.engine.trainer | epoch 30/60 (61s = 14s train + 47s val) | train_loss=0.5858  val_phase_mae=0.1736  val_dice=0.8142  val_cls_acc=0.6142  val_mass_mape=0.2090
09:44:12 | INFO    | holoqpi.engine.trainer |   epoch 31 step 0/140 loss=0.7648
09:44:14 | INFO    | holoqpi.engine.trainer |   epoch 31 step 20/140 loss=0.5424
09:44:16 | INFO    | holoqpi.engine.trainer |   epoch 31 step 40/140 loss=0.6025
09:44:18 | INFO    | holoqpi.engine.trainer |   epoch 31 step 60/140 loss=0.6162
09:44:20 | INFO    | holoqpi.engine.trainer |   epoch 31 step 80/140 loss=0.4849
09:44:22 | INFO    | holoqpi.engine.trainer |   epoch 31 step 100/140 loss=0.6190
09:44:24 | INFO    | holoqpi.engine.trainer |   epoch 31 step 120/140 loss=0.5420
09:45:13 | INFO    | holoqpi.engine.trainer |   new best composite=0.8060
09:45:13 | INFO    | holoqpi.engine.trainer | epoch 31/60 (61s = 14s train + 47s val) | train_loss=0.5753  val_phase_mae=0.1728  val_dice=0.8186  val_cls_acc=0.6457  val_mass_mape=0.1942
09:45:14 | INFO    | holoqpi.engine.trainer |   epoch 32 step 0/140 loss=0.6469
09:45:16 | INFO    | holoqpi.engine.trainer |   epoch 32 step 20/140 loss=0.6314
09:45:18 | INFO    | holoqpi.engine.trainer |   epoch 32 step 40/140 loss=0.4878
09:45:20 | INFO    | holoqpi.engine.trainer |   epoch 32 step 60/140 loss=0.7855
09:45:21 | INFO    | holoqpi.engine.trainer |   epoch 32 step 80/140 loss=0.6822
09:45:23 | INFO    | holoqpi.engine.trainer |   epoch 32 step 100/140 loss=0.6356
09:45:25 | INFO    | holoqpi.engine.trainer |   epoch 32 step 120/140 loss=0.6609
09:46:14 | INFO    | holoqpi.engine.trainer | epoch 32/60 (61s = 14s train + 47s val) | train_loss=0.5910  val_phase_mae=0.1712  val_dice=0.8159  val_cls_acc=0.5512  val_mass_mape=0.2045
09:46:15 | INFO    | holoqpi.engine.trainer |   epoch 33 step 0/140 loss=0.4867
09:46:17 | INFO    | holoqpi.engine.trainer |   epoch 33 step 20/140 loss=0.5406
09:46:19 | INFO    | holoqpi.engine.trainer |   epoch 33 step 40/140 loss=0.5198
09:46:21 | INFO    | holoqpi.engine.trainer |   epoch 33 step 60/140 loss=0.5855
09:46:23 | INFO    | holoqpi.engine.trainer |   epoch 33 step 80/140 loss=0.6644
09:46:25 | INFO    | holoqpi.engine.trainer |   epoch 33 step 100/140 loss=0.6791
09:46:27 | INFO    | holoqpi.engine.trainer |   epoch 33 step 120/140 loss=0.4758
09:47:17 | INFO    | holoqpi.engine.trainer | epoch 33/60 (63s = 14s train + 49s val) | train_loss=0.5704  val_phase_mae=0.1751  val_dice=0.8141  val_cls_acc=0.5354  val_mass_mape=0.2114
09:47:17 | INFO    | holoqpi.engine.trainer |   epoch 34 step 0/140 loss=0.4068
09:47:19 | INFO    | holoqpi.engine.trainer |   epoch 34 step 20/140 loss=0.6662
09:47:21 | INFO    | holoqpi.engine.trainer |   epoch 34 step 40/140 loss=0.5207
09:47:23 | INFO    | holoqpi.engine.trainer |   epoch 34 step 60/140 loss=0.5794
09:47:25 | INFO    | holoqpi.engine.trainer |   epoch 34 step 80/140 loss=0.5000
09:47:27 | INFO    | holoqpi.engine.trainer |   epoch 34 step 100/140 loss=0.5690
09:47:29 | INFO    | holoqpi.engine.trainer |   epoch 34 step 120/140 loss=0.6642
09:48:18 | INFO    | holoqpi.engine.trainer | epoch 34/60 (61s = 14s train + 47s val) | train_loss=0.5692  val_phase_mae=0.1713  val_dice=0.8176  val_cls_acc=0.5984  val_mass_mape=0.1976
09:48:19 | INFO    | holoqpi.engine.trainer |   epoch 35 step 0/140 loss=0.5007
09:48:21 | INFO    | holoqpi.engine.trainer |   epoch 35 step 20/140 loss=0.5894
09:48:23 | INFO    | holoqpi.engine.trainer |   epoch 35 step 40/140 loss=0.6620
09:48:25 | INFO    | holoqpi.engine.trainer |   epoch 35 step 60/140 loss=0.6516
09:48:27 | INFO    | holoqpi.engine.trainer |   epoch 35 step 80/140 loss=0.5221
09:48:29 | INFO    | holoqpi.engine.trainer |   epoch 35 step 100/140 loss=0.6919
09:48:30 | INFO    | holoqpi.engine.trainer |   epoch 35 step 120/140 loss=0.6113
09:49:20 | INFO    | holoqpi.engine.trainer | epoch 35/60 (61s = 14s train + 47s val) | train_loss=0.5644  val_phase_mae=0.1652  val_dice=0.8198  val_cls_acc=0.4961  val_mass_mape=0.2022
09:49:20 | INFO    | holoqpi.engine.trainer |   epoch 36 step 0/140 loss=0.6049
09:49:22 | INFO    | holoqpi.engine.trainer |   epoch 36 step 20/140 loss=0.6085
09:49:24 | INFO    | holoqpi.engine.trainer |   epoch 36 step 40/140 loss=0.5605
09:49:26 | INFO    | holoqpi.engine.trainer |   epoch 36 step 60/140 loss=0.4402
09:49:28 | INFO    | holoqpi.engine.trainer |   epoch 36 step 80/140 loss=0.5841
09:49:30 | INFO    | holoqpi.engine.trainer |   epoch 36 step 100/140 loss=0.4905
09:49:32 | INFO    | holoqpi.engine.trainer |   epoch 36 step 120/140 loss=0.5282
09:50:21 | INFO    | holoqpi.engine.trainer |   new best composite=0.8066
09:50:21 | INFO    | holoqpi.engine.trainer | epoch 36/60 (61s = 14s train + 48s val) | train_loss=0.5609  val_phase_mae=0.1694  val_dice=0.8195  val_cls_acc=0.5591  val_mass_mape=0.1927
09:50:22 | INFO    | holoqpi.engine.trainer |   epoch 37 step 0/140 loss=0.4082
09:50:24 | INFO    | holoqpi.engine.trainer |   epoch 37 step 20/140 loss=0.6731
09:50:26 | INFO    | holoqpi.engine.trainer |   epoch 37 step 40/140 loss=0.5413
09:50:27 | INFO    | holoqpi.engine.trainer |   epoch 37 step 60/140 loss=0.6332
09:50:29 | INFO    | holoqpi.engine.trainer |   epoch 37 step 80/140 loss=0.4710
09:50:31 | INFO    | holoqpi.engine.trainer |   epoch 37 step 100/140 loss=0.5125
09:50:33 | INFO    | holoqpi.engine.trainer |   epoch 37 step 120/140 loss=0.4890
09:51:23 | INFO    | holoqpi.engine.trainer |   new best composite=0.8078
09:51:23 | INFO    | holoqpi.engine.trainer | epoch 37/60 (62s = 14s train + 48s val) | train_loss=0.5570  val_phase_mae=0.1686  val_dice=0.8193  val_cls_acc=0.5512  val_mass_mape=0.1910
09:51:24 | INFO    | holoqpi.engine.trainer |   epoch 38 step 0/140 loss=0.4375
09:51:26 | INFO    | holoqpi.engine.trainer |   epoch 38 step 20/140 loss=0.6275
09:51:28 | INFO    | holoqpi.engine.trainer |   epoch 38 step 40/140 loss=0.7662
09:51:30 | INFO    | holoqpi.engine.trainer |   epoch 38 step 60/140 loss=0.4690
09:51:32 | INFO    | holoqpi.engine.trainer |   epoch 38 step 80/140 loss=0.6830
09:51:34 | INFO    | holoqpi.engine.trainer |   epoch 38 step 100/140 loss=0.4915
09:51:36 | INFO    | holoqpi.engine.trainer |   epoch 38 step 120/140 loss=0.8150
09:52:25 | INFO    | holoqpi.engine.trainer | epoch 38/60 (62s = 14s train + 48s val) | train_loss=0.5594  val_phase_mae=0.1694  val_dice=0.8172  val_cls_acc=0.6142  val_mass_mape=0.1872
09:52:26 | INFO    | holoqpi.engine.trainer |   epoch 39 step 0/140 loss=0.4328
09:52:28 | INFO    | holoqpi.engine.trainer |   epoch 39 step 20/140 loss=0.6092
09:52:30 | INFO    | holoqpi.engine.trainer |   epoch 39 step 40/140 loss=0.5300
09:52:31 | INFO    | holoqpi.engine.trainer |   epoch 39 step 60/140 loss=0.4781
09:52:33 | INFO    | holoqpi.engine.trainer |   epoch 39 step 80/140 loss=0.8369
09:52:35 | INFO    | holoqpi.engine.trainer |   epoch 39 step 100/140 loss=0.5411
09:52:37 | INFO    | holoqpi.engine.trainer |   epoch 39 step 120/140 loss=0.5896
09:53:27 | INFO    | holoqpi.engine.trainer | epoch 39/60 (61s = 14s train + 48s val) | train_loss=0.5417  val_phase_mae=0.1770  val_dice=0.8168  val_cls_acc=0.5197  val_mass_mape=0.2296
09:53:27 | INFO    | holoqpi.engine.trainer |   epoch 40 step 0/140 loss=0.6378
09:53:29 | INFO    | holoqpi.engine.trainer |   epoch 40 step 20/140 loss=0.5127
09:53:31 | INFO    | holoqpi.engine.trainer |   epoch 40 step 40/140 loss=0.4710
09:53:33 | INFO    | holoqpi.engine.trainer |   epoch 40 step 60/140 loss=0.6611
09:53:35 | INFO    | holoqpi.engine.trainer |   epoch 40 step 80/140 loss=0.4637
09:53:37 | INFO    | holoqpi.engine.trainer |   epoch 40 step 100/140 loss=0.5425
09:53:39 | INFO    | holoqpi.engine.trainer |   epoch 40 step 120/140 loss=0.4872
09:54:28 | INFO    | holoqpi.engine.trainer |   new best composite=0.8090
09:54:28 | INFO    | holoqpi.engine.trainer | epoch 40/60 (62s = 14s train + 47s val) | train_loss=0.5423  val_phase_mae=0.1697  val_dice=0.8190  val_cls_acc=0.5591  val_mass_mape=0.1826
09:54:29 | INFO    | holoqpi.engine.trainer |   epoch 41 step 0/140 loss=0.5687
09:54:31 | INFO    | holoqpi.engine.trainer |   epoch 41 step 20/140 loss=0.6856
09:54:33 | INFO    | holoqpi.engine.trainer |   epoch 41 step 40/140 loss=0.4943
09:54:35 | INFO    | holoqpi.engine.trainer |   epoch 41 step 60/140 loss=0.4522
09:54:37 | INFO    | holoqpi.engine.trainer |   epoch 41 step 80/140 loss=0.4680
09:54:39 | INFO    | holoqpi.engine.trainer |   epoch 41 step 100/140 loss=0.3652
09:54:41 | INFO    | holoqpi.engine.trainer |   epoch 41 step 120/140 loss=0.6050
09:55:30 | INFO    | holoqpi.engine.trainer | epoch 41/60 (61s = 14s train + 47s val) | train_loss=0.5403  val_phase_mae=0.1694  val_dice=0.8209  val_cls_acc=0.5906  val_mass_mape=0.1878
09:55:30 | INFO    | holoqpi.engine.trainer |   epoch 42 step 0/140 loss=0.4626
09:55:32 | INFO    | holoqpi.engine.trainer |   epoch 42 step 20/140 loss=0.5690
09:55:34 | INFO    | holoqpi.engine.trainer |   epoch 42 step 40/140 loss=0.5644
09:55:36 | INFO    | holoqpi.engine.trainer |   epoch 42 step 60/140 loss=0.5964
09:55:38 | INFO    | holoqpi.engine.trainer |   epoch 42 step 80/140 loss=0.6233
09:55:40 | INFO    | holoqpi.engine.trainer |   epoch 42 step 100/140 loss=0.4406
09:55:42 | INFO    | holoqpi.engine.trainer |   epoch 42 step 120/140 loss=0.4405
09:56:31 | INFO    | holoqpi.engine.trainer |   new best composite=0.8097
09:56:31 | INFO    | holoqpi.engine.trainer | epoch 42/60 (61s = 14s train + 47s val) | train_loss=0.5297  val_phase_mae=0.1683  val_dice=0.8203  val_cls_acc=0.6457  val_mass_mape=0.1852
09:56:31 | INFO    | holoqpi.engine.trainer |   epoch 43 step 0/140 loss=0.4454
09:56:33 | INFO    | holoqpi.engine.trainer |   epoch 43 step 20/140 loss=0.4260
09:56:35 | INFO    | holoqpi.engine.trainer |   epoch 43 step 40/140 loss=0.4025
09:56:37 | INFO    | holoqpi.engine.trainer |   epoch 43 step 60/140 loss=0.4440
09:56:39 | INFO    | holoqpi.engine.trainer |   epoch 43 step 80/140 loss=0.4450
09:56:41 | INFO    | holoqpi.engine.trainer |   epoch 43 step 100/140 loss=0.4723
09:56:43 | INFO    | holoqpi.engine.trainer |   epoch 43 step 120/140 loss=0.6798
09:57:32 | INFO    | holoqpi.engine.trainer | epoch 43/60 (61s = 14s train + 47s val) | train_loss=0.5157  val_phase_mae=0.1694  val_dice=0.8211  val_cls_acc=0.5276  val_mass_mape=0.1928
09:57:33 | INFO    | holoqpi.engine.trainer |   epoch 44 step 0/140 loss=0.5005
09:57:35 | INFO    | holoqpi.engine.trainer |   epoch 44 step 20/140 loss=0.5652
09:57:37 | INFO    | holoqpi.engine.trainer |   epoch 44 step 40/140 loss=0.7001
09:57:39 | INFO    | holoqpi.engine.trainer |   epoch 44 step 60/140 loss=0.5394
09:57:41 | INFO    | holoqpi.engine.trainer |   epoch 44 step 80/140 loss=0.4897
09:57:43 | INFO    | holoqpi.engine.trainer |   epoch 44 step 100/140 loss=0.4730
09:57:44 | INFO    | holoqpi.engine.trainer |   epoch 44 step 120/140 loss=0.5016
09:58:33 | INFO    | holoqpi.engine.trainer | epoch 44/60 (61s = 14s train + 47s val) | train_loss=0.5157  val_phase_mae=0.1684  val_dice=0.8200  val_cls_acc=0.6142  val_mass_mape=0.1927
09:58:34 | INFO    | holoqpi.engine.trainer |   epoch 45 step 0/140 loss=0.4870
09:58:36 | INFO    | holoqpi.engine.trainer |   epoch 45 step 20/140 loss=0.5470
09:58:38 | INFO    | holoqpi.engine.trainer |   epoch 45 step 40/140 loss=0.4745
09:58:40 | INFO    | holoqpi.engine.trainer |   epoch 45 step 60/140 loss=0.4466
09:58:42 | INFO    | holoqpi.engine.trainer |   epoch 45 step 80/140 loss=0.4661
09:58:44 | INFO    | holoqpi.engine.trainer |   epoch 45 step 100/140 loss=0.5096
09:58:45 | INFO    | holoqpi.engine.trainer |   epoch 45 step 120/140 loss=0.4638
09:59:35 | INFO    | holoqpi.engine.trainer |   new best composite=0.8100
09:59:35 | INFO    | holoqpi.engine.trainer | epoch 45/60 (61s = 14s train + 47s val) | train_loss=0.5111  val_phase_mae=0.1685  val_dice=0.8203  val_cls_acc=0.5827  val_mass_mape=0.1831
09:59:35 | INFO    | holoqpi.engine.trainer |   epoch 46 step 0/140 loss=0.5082
09:59:37 | INFO    | holoqpi.engine.trainer |   epoch 46 step 20/140 loss=0.3531
09:59:39 | INFO    | holoqpi.engine.trainer |   epoch 46 step 40/140 loss=0.6563
09:59:41 | INFO    | holoqpi.engine.trainer |   epoch 46 step 60/140 loss=0.5104
09:59:43 | INFO    | holoqpi.engine.trainer |   epoch 46 step 80/140 loss=0.3738
09:59:45 | INFO    | holoqpi.engine.trainer |   epoch 46 step 100/140 loss=0.5928
09:59:47 | INFO    | holoqpi.engine.trainer |   epoch 46 step 120/140 loss=0.4057
10:00:36 | INFO    | holoqpi.engine.trainer | epoch 46/60 (61s = 14s train + 47s val) | train_loss=0.5033  val_phase_mae=0.1683  val_dice=0.8207  val_cls_acc=0.6378  val_mass_mape=0.1907
10:00:37 | INFO    | holoqpi.engine.trainer |   epoch 47 step 0/140 loss=0.6538
10:00:39 | INFO    | holoqpi.engine.trainer |   epoch 47 step 20/140 loss=0.4927
10:00:41 | INFO    | holoqpi.engine.trainer |   epoch 47 step 40/140 loss=0.4306
10:00:42 | INFO    | holoqpi.engine.trainer |   epoch 47 step 60/140 loss=0.5854
10:00:44 | INFO    | holoqpi.engine.trainer |   epoch 47 step 80/140 loss=0.5921
10:00:46 | INFO    | holoqpi.engine.trainer |   epoch 47 step 100/140 loss=0.4916
10:00:48 | INFO    | holoqpi.engine.trainer |   epoch 47 step 120/140 loss=0.4432
10:01:37 | INFO    | holoqpi.engine.trainer | epoch 47/60 (61s = 14s train + 47s val) | train_loss=0.5147  val_phase_mae=0.1708  val_dice=0.8200  val_cls_acc=0.6378  val_mass_mape=0.1888
10:01:38 | INFO    | holoqpi.engine.trainer |   epoch 48 step 0/140 loss=0.4327
10:01:40 | INFO    | holoqpi.engine.trainer |   epoch 48 step 20/140 loss=0.5621
10:01:42 | INFO    | holoqpi.engine.trainer |   epoch 48 step 40/140 loss=0.3796
10:01:44 | INFO    | holoqpi.engine.trainer |   epoch 48 step 60/140 loss=0.6005
10:01:46 | INFO    | holoqpi.engine.trainer |   epoch 48 step 80/140 loss=0.5536
10:01:48 | INFO    | holoqpi.engine.trainer |   epoch 48 step 100/140 loss=0.5838
10:01:50 | INFO    | holoqpi.engine.trainer |   epoch 48 step 120/140 loss=0.4383
10:02:39 | INFO    | holoqpi.engine.trainer | epoch 48/60 (62s = 14s train + 48s val) | train_loss=0.5092  val_phase_mae=0.1710  val_dice=0.8205  val_cls_acc=0.4724  val_mass_mape=0.1932
10:02:39 | INFO    | holoqpi.engine.trainer |   epoch 49 step 0/140 loss=0.4973
10:02:41 | INFO    | holoqpi.engine.trainer |   epoch 49 step 20/140 loss=0.5072
10:02:43 | INFO    | holoqpi.engine.trainer |   epoch 49 step 40/140 loss=0.4291
10:02:45 | INFO    | holoqpi.engine.trainer |   epoch 49 step 60/140 loss=0.4962
10:02:47 | INFO    | holoqpi.engine.trainer |   epoch 49 step 80/140 loss=0.6536
10:02:49 | INFO    | holoqpi.engine.trainer |   epoch 49 step 100/140 loss=0.4490
10:02:51 | INFO    | holoqpi.engine.trainer |   epoch 49 step 120/140 loss=0.4769
10:03:41 | INFO    | holoqpi.engine.trainer | epoch 49/60 (62s = 14s train + 48s val) | train_loss=0.5069  val_phase_mae=0.1701  val_dice=0.8214  val_cls_acc=0.6535  val_mass_mape=0.1914
10:03:41 | INFO    | holoqpi.engine.trainer |   epoch 50 step 0/140 loss=0.4224
10:03:43 | INFO    | holoqpi.engine.trainer |   epoch 50 step 20/140 loss=0.5168
10:03:45 | INFO    | holoqpi.engine.trainer |   epoch 50 step 40/140 loss=0.4109
10:03:47 | INFO    | holoqpi.engine.trainer |   epoch 50 step 60/140 loss=0.4435
10:03:49 | INFO    | holoqpi.engine.trainer |   epoch 50 step 80/140 loss=0.5205
10:03:51 | INFO    | holoqpi.engine.trainer |   epoch 50 step 100/140 loss=0.4716
10:03:53 | INFO    | holoqpi.engine.trainer |   epoch 50 step 120/140 loss=0.5544
10:04:42 | INFO    | holoqpi.engine.trainer | epoch 50/60 (61s = 14s train + 47s val) | train_loss=0.5146  val_phase_mae=0.1722  val_dice=0.8209  val_cls_acc=0.5433  val_mass_mape=0.2138
10:04:43 | INFO    | holoqpi.engine.trainer |   epoch 51 step 0/140 loss=0.6591
10:04:45 | INFO    | holoqpi.engine.trainer |   epoch 51 step 20/140 loss=0.5100
10:04:46 | INFO    | holoqpi.engine.trainer |   epoch 51 step 40/140 loss=0.4864
10:04:48 | INFO    | holoqpi.engine.trainer |   epoch 51 step 60/140 loss=0.4511
10:04:50 | INFO    | holoqpi.engine.trainer |   epoch 51 step 80/140 loss=0.4185
10:04:52 | INFO    | holoqpi.engine.trainer |   epoch 51 step 100/140 loss=0.4605
10:04:54 | INFO    | holoqpi.engine.trainer |   epoch 51 step 120/140 loss=0.4722
10:05:44 | INFO    | holoqpi.engine.trainer | epoch 51/60 (61s = 14s train + 48s val) | train_loss=0.4979  val_phase_mae=0.1702  val_dice=0.8215  val_cls_acc=0.7008  val_mass_mape=0.1868
10:05:44 | INFO    | holoqpi.engine.trainer |   epoch 52 step 0/140 loss=0.5684
10:05:46 | INFO    | holoqpi.engine.trainer |   epoch 52 step 20/140 loss=0.4794
10:05:48 | INFO    | holoqpi.engine.trainer |   epoch 52 step 40/140 loss=0.5938
10:05:50 | INFO    | holoqpi.engine.trainer |   epoch 52 step 60/140 loss=0.3627
10:05:52 | INFO    | holoqpi.engine.trainer |   epoch 52 step 80/140 loss=0.4989
10:05:54 | INFO    | holoqpi.engine.trainer |   epoch 52 step 100/140 loss=0.4518
10:05:56 | INFO    | holoqpi.engine.trainer |   epoch 52 step 120/140 loss=0.4060
10:06:45 | INFO    | holoqpi.engine.trainer | epoch 52/60 (62s = 14s train + 48s val) | train_loss=0.5006  val_phase_mae=0.1678  val_dice=0.8209  val_cls_acc=0.5669  val_mass_mape=0.1868
10:06:46 | INFO    | holoqpi.engine.trainer |   epoch 53 step 0/140 loss=0.7561
10:06:48 | INFO    | holoqpi.engine.trainer |   epoch 53 step 20/140 loss=0.6265
10:06:50 | INFO    | holoqpi.engine.trainer |   epoch 53 step 40/140 loss=0.4337
10:06:52 | INFO    | holoqpi.engine.trainer |   epoch 53 step 60/140 loss=0.6001
10:06:54 | INFO    | holoqpi.engine.trainer |   epoch 53 step 80/140 loss=0.5204
10:06:56 | INFO    | holoqpi.engine.trainer |   epoch 53 step 100/140 loss=0.7016
10:06:58 | INFO    | holoqpi.engine.trainer |   epoch 53 step 120/140 loss=0.3734
10:07:48 | INFO    | holoqpi.engine.trainer | epoch 53/60 (62s = 14s train + 48s val) | train_loss=0.4994  val_phase_mae=0.1706  val_dice=0.8203  val_cls_acc=0.5827  val_mass_mape=0.1891
10:07:48 | INFO    | holoqpi.engine.trainer |   epoch 54 step 0/140 loss=0.6049
10:07:50 | INFO    | holoqpi.engine.trainer |   epoch 54 step 20/140 loss=0.4431
10:07:52 | INFO    | holoqpi.engine.trainer |   epoch 54 step 40/140 loss=0.6370
10:07:54 | INFO    | holoqpi.engine.trainer |   epoch 54 step 60/140 loss=0.4847
10:07:56 | INFO    | holoqpi.engine.trainer |   epoch 54 step 80/140 loss=0.5499
10:07:58 | INFO    | holoqpi.engine.trainer |   epoch 54 step 100/140 loss=0.5396
10:08:00 | INFO    | holoqpi.engine.trainer |   epoch 54 step 120/140 loss=0.5387
10:08:50 | INFO    | holoqpi.engine.trainer |   new best composite=0.8104
10:08:50 | INFO    | holoqpi.engine.trainer | epoch 54/60 (62s = 14s train + 48s val) | train_loss=0.4970  val_phase_mae=0.1672  val_dice=0.8222  val_cls_acc=0.6457  val_mass_mape=0.1833
10:08:50 | INFO    | holoqpi.engine.trainer |   epoch 55 step 0/140 loss=0.3868
10:08:52 | INFO    | holoqpi.engine.trainer |   epoch 55 step 20/140 loss=0.5074
10:08:54 | INFO    | holoqpi.engine.trainer |   epoch 55 step 40/140 loss=0.5553
10:08:56 | INFO    | holoqpi.engine.trainer |   epoch 55 step 60/140 loss=0.4154
10:08:58 | INFO    | holoqpi.engine.trainer |   epoch 55 step 80/140 loss=0.5289
10:09:00 | INFO    | holoqpi.engine.trainer |   epoch 55 step 100/140 loss=0.4279
10:09:02 | INFO    | holoqpi.engine.trainer |   epoch 55 step 120/140 loss=0.4447
10:09:51 | INFO    | holoqpi.engine.trainer | epoch 55/60 (62s = 14s train + 48s val) | train_loss=0.5003  val_phase_mae=0.1706  val_dice=0.8218  val_cls_acc=0.6693  val_mass_mape=0.1898
10:09:52 | INFO    | holoqpi.engine.trainer |   epoch 56 step 0/140 loss=0.3976
10:09:54 | INFO    | holoqpi.engine.trainer |   epoch 56 step 20/140 loss=0.5149
10:09:56 | INFO    | holoqpi.engine.trainer |   epoch 56 step 40/140 loss=0.4298
10:09:58 | INFO    | holoqpi.engine.trainer |   epoch 56 step 60/140 loss=0.4137
10:10:00 | INFO    | holoqpi.engine.trainer |   epoch 56 step 80/140 loss=0.3857
10:10:02 | INFO    | holoqpi.engine.trainer |   epoch 56 step 100/140 loss=0.5116
10:10:04 | INFO    | holoqpi.engine.trainer |   epoch 56 step 120/140 loss=0.5787
10:10:53 | INFO    | holoqpi.engine.trainer | epoch 56/60 (62s = 14s train + 47s val) | train_loss=0.4938  val_phase_mae=0.1684  val_dice=0.8214  val_cls_acc=0.6220  val_mass_mape=0.1897
10:10:53 | INFO    | holoqpi.engine.trainer |   epoch 57 step 0/140 loss=0.4216
10:10:55 | INFO    | holoqpi.engine.trainer |   epoch 57 step 20/140 loss=0.4199
10:10:57 | INFO    | holoqpi.engine.trainer |   epoch 57 step 40/140 loss=0.3712
10:10:59 | INFO    | holoqpi.engine.trainer |   epoch 57 step 60/140 loss=0.4885
10:11:01 | INFO    | holoqpi.engine.trainer |   epoch 57 step 80/140 loss=0.5282
10:11:03 | INFO    | holoqpi.engine.trainer |   epoch 57 step 100/140 loss=0.4467
10:11:05 | INFO    | holoqpi.engine.trainer |   epoch 57 step 120/140 loss=0.4498
10:11:54 | INFO    | holoqpi.engine.trainer | epoch 57/60 (62s = 14s train + 47s val) | train_loss=0.4851  val_phase_mae=0.1695  val_dice=0.8212  val_cls_acc=0.5906  val_mass_mape=0.1886
10:11:55 | INFO    | holoqpi.engine.trainer |   epoch 58 step 0/140 loss=0.3885
10:11:57 | INFO    | holoqpi.engine.trainer |   epoch 58 step 20/140 loss=0.4155
10:11:59 | INFO    | holoqpi.engine.trainer |   epoch 58 step 40/140 loss=0.3770
10:12:01 | INFO    | holoqpi.engine.trainer |   epoch 58 step 60/140 loss=0.4507
10:12:03 | INFO    | holoqpi.engine.trainer |   epoch 58 step 80/140 loss=0.3565
10:12:05 | INFO    | holoqpi.engine.trainer |   epoch 58 step 100/140 loss=0.4320
10:12:07 | INFO    | holoqpi.engine.trainer |   epoch 58 step 120/140 loss=0.3843
10:12:56 | INFO    | holoqpi.engine.trainer |   new best composite=0.8107
10:12:56 | INFO    | holoqpi.engine.trainer | epoch 58/60 (61s = 14s train + 47s val) | train_loss=0.4908  val_phase_mae=0.1665  val_dice=0.8227  val_cls_acc=0.7244  val_mass_mape=0.1848
10:12:57 | INFO    | holoqpi.engine.trainer |   epoch 59 step 0/140 loss=0.3809
10:12:59 | INFO    | holoqpi.engine.trainer |   epoch 59 step 20/140 loss=0.4697
10:13:01 | INFO    | holoqpi.engine.trainer |   epoch 59 step 40/140 loss=0.5649
10:13:03 | INFO    | holoqpi.engine.trainer |   epoch 59 step 60/140 loss=0.5998
10:13:04 | INFO    | holoqpi.engine.trainer |   epoch 59 step 80/140 loss=0.7125
10:13:06 | INFO    | holoqpi.engine.trainer |   epoch 59 step 100/140 loss=0.4411
10:13:08 | INFO    | holoqpi.engine.trainer |   epoch 59 step 120/140 loss=0.3586
10:13:58 | INFO    | holoqpi.engine.trainer |   new best composite=0.8107
10:13:58 | INFO    | holoqpi.engine.trainer | epoch 59/60 (61s = 14s train + 47s val) | train_loss=0.4884  val_phase_mae=0.1690  val_dice=0.8226  val_cls_acc=0.6693  val_mass_mape=0.1845
10:13:58 | INFO    | holoqpi.engine.trainer |   epoch 60 step 0/140 loss=0.5683
10:14:00 | INFO    | holoqpi.engine.trainer |   epoch 60 step 20/140 loss=0.4644
10:14:02 | INFO    | holoqpi.engine.trainer |   epoch 60 step 40/140 loss=0.4118
10:14:04 | INFO    | holoqpi.engine.trainer |   epoch 60 step 60/140 loss=0.3812
10:14:06 | INFO    | holoqpi.engine.trainer |   epoch 60 step 80/140 loss=0.4314
10:14:08 | INFO    | holoqpi.engine.trainer |   epoch 60 step 100/140 loss=0.5288
10:14:10 | INFO    | holoqpi.engine.trainer |   epoch 60 step 120/140 loss=0.4796
10:15:00 | INFO    | holoqpi.engine.trainer | epoch 60/60 (62s = 14s train + 48s val) | train_loss=0.4965  val_phase_mae=0.1684  val_dice=0.8215  val_cls_acc=0.5276  val_mass_mape=0.2004
10:15:00 | INFO    | holoqpi.engine.trainer | training finished; best epoch 59 (composite=0.8107)
10:15:00 | INFO    | holoqpi.engine.trainer | checkpoint best_model.pt: 446/446 tensors matched
10:15:44 | INFO    | holoqpi.engine.compare | modality=off_axis test metrics written to runs/no_measurement_s2024_off_axis
10:15:44 | INFO    | holoqpi.engine.compare | ======================================================================
10:15:44 | INFO    | holoqpi.engine.compare | modality=gabor  device=cuda  run_dir=runs/no_measurement_s2024_gabor
10:15:44 | INFO    | holoqpi.engine.compare | ======================================================================
10:15:44 | INFO    | holoqpi.data.dataset | train split: 560 samples | modality=gabor | crop=512 | augment=True
10:15:44 | INFO    | holoqpi.data.dataset | val split: 127 samples | modality=gabor | crop=None | augment=False
10:15:44 | INFO    | holoqpi.data.dataset | test split: 113 samples | modality=gabor | crop=None | augment=False
10:15:44 | INFO    | holoqpi.models.encoders | encoder=mobilenet_v2 in_channels=1 pretrained=True stages=[16, 24, 32, 96, 1280]
10:15:45 | INFO    | holoqpi.models.holonet | HoloQPINet built: 9.76M parameters, 9.76M trainable (100.0%)
10:15:45 | INFO    | holoqpi.engine.trainer | trainable 9.76M / 9.76M parameters (100.0%)
10:15:45 | INFO    | holoqpi.engine.trainer | active physics terms: ['phase_mask_contrast', 'boundary_gradient_alignment', 'phase_volume']
10:15:46 | INFO    | holoqpi.engine.trainer |   epoch 1 step 0/140 loss=2.2509
10:15:47 | INFO    | holoqpi.engine.trainer |   epoch 1 step 20/140 loss=1.8724
10:15:50 | INFO    | holoqpi.engine.trainer |   epoch 1 step 40/140 loss=1.7378
10:15:51 | INFO    | holoqpi.engine.trainer |   epoch 1 step 60/140 loss=1.5438
10:15:53 | INFO    | holoqpi.engine.trainer |   epoch 1 step 80/140 loss=1.5551
10:15:55 | INFO    | holoqpi.engine.trainer |   epoch 1 step 100/140 loss=1.2405
10:15:57 | INFO    | holoqpi.engine.trainer |   epoch 1 step 120/140 loss=1.1675
10:16:48 | INFO    | holoqpi.engine.trainer |   new best composite=0.6260
10:16:48 | INFO    | holoqpi.engine.trainer | epoch 1/60 (63s = 14s train + 49s val) | train_loss=1.5410  val_phase_mae=0.2430  val_dice=0.6780  val_cls_acc=0.4961  val_mass_mape=0.4773
10:16:48 | INFO    | holoqpi.engine.trainer |   at this rate the full 60-epoch schedule takes about 63 min
10:16:48 | INFO    | holoqpi.engine.trainer |   epoch 2 step 0/140 loss=1.1766
10:16:50 | INFO    | holoqpi.engine.trainer |   epoch 2 step 20/140 loss=1.3478
10:16:52 | INFO    | holoqpi.engine.trainer |   epoch 2 step 40/140 loss=0.9809
10:16:53 | INFO    | holoqpi.engine.trainer |   epoch 2 step 60/140 loss=1.1728
10:16:55 | INFO    | holoqpi.engine.trainer |   epoch 2 step 80/140 loss=1.2122
10:16:57 | INFO    | holoqpi.engine.trainer |   epoch 2 step 100/140 loss=1.4065
10:16:59 | INFO    | holoqpi.engine.trainer |   epoch 2 step 120/140 loss=0.9568
10:17:47 | INFO    | holoqpi.engine.trainer | epoch 2/60 (60s = 13s train + 47s val) | train_loss=1.1359  val_phase_mae=0.2429  val_dice=0.6995  val_cls_acc=0.4331  val_mass_mape=0.6102
10:17:48 | INFO    | holoqpi.engine.trainer |   epoch 3 step 0/140 loss=0.9692
10:17:50 | INFO    | holoqpi.engine.trainer |   epoch 3 step 20/140 loss=0.8285
10:17:52 | INFO    | holoqpi.engine.trainer |   epoch 3 step 40/140 loss=1.2026
10:17:53 | INFO    | holoqpi.engine.trainer |   epoch 3 step 60/140 loss=0.9404
10:17:55 | INFO    | holoqpi.engine.trainer |   epoch 3 step 80/140 loss=1.1484
10:17:57 | INFO    | holoqpi.engine.trainer |   epoch 3 step 100/140 loss=0.9776
10:17:59 | INFO    | holoqpi.engine.trainer |   epoch 3 step 120/140 loss=0.9103
10:18:46 | INFO    | holoqpi.engine.trainer |   new best composite=0.7104
10:18:46 | INFO    | holoqpi.engine.trainer | epoch 3/60 (59s = 13s train + 45s val) | train_loss=1.0014  val_phase_mae=0.2061  val_dice=0.7399  val_cls_acc=0.5197  val_mass_mape=0.3391
10:18:47 | INFO    | holoqpi.engine.trainer |   epoch 4 step 0/140 loss=0.7607
10:18:48 | INFO    | holoqpi.engine.trainer |   epoch 4 step 20/140 loss=0.9088
10:18:50 | INFO    | holoqpi.engine.trainer |   epoch 4 step 40/140 loss=0.8667
10:18:52 | INFO    | holoqpi.engine.trainer |   epoch 4 step 60/140 loss=1.0228
10:18:54 | INFO    | holoqpi.engine.trainer |   epoch 4 step 80/140 loss=0.8722
10:18:56 | INFO    | holoqpi.engine.trainer |   epoch 4 step 100/140 loss=0.9939
10:18:58 | INFO    | holoqpi.engine.trainer |   epoch 4 step 120/140 loss=0.6892
10:19:45 | INFO    | holoqpi.engine.trainer | epoch 4/60 (59s = 13s train + 46s val) | train_loss=0.9445  val_phase_mae=0.2095  val_dice=0.7187  val_cls_acc=0.5118  val_mass_mape=0.3173
10:19:46 | INFO    | holoqpi.engine.trainer |   epoch 5 step 0/140 loss=0.7571
10:19:48 | INFO    | holoqpi.engine.trainer |   epoch 5 step 20/140 loss=1.0114
10:19:50 | INFO    | holoqpi.engine.trainer |   epoch 5 step 40/140 loss=1.1756
10:19:51 | INFO    | holoqpi.engine.trainer |   epoch 5 step 60/140 loss=1.0285
10:19:53 | INFO    | holoqpi.engine.trainer |   epoch 5 step 80/140 loss=0.9795
10:19:55 | INFO    | holoqpi.engine.trainer |   epoch 5 step 100/140 loss=0.7162
10:19:57 | INFO    | holoqpi.engine.trainer |   epoch 5 step 120/140 loss=0.7582
10:20:44 | INFO    | holoqpi.engine.trainer | epoch 5/60 (59s = 13s train + 46s val) | train_loss=0.9315  val_phase_mae=0.2129  val_dice=0.7473  val_cls_acc=0.4016  val_mass_mape=0.4895
10:20:45 | INFO    | holoqpi.engine.trainer |   epoch 6 step 0/140 loss=0.8986
10:20:47 | INFO    | holoqpi.engine.trainer |   epoch 6 step 20/140 loss=0.8395
10:20:49 | INFO    | holoqpi.engine.trainer |   epoch 6 step 40/140 loss=0.8110
10:20:51 | INFO    | holoqpi.engine.trainer |   epoch 6 step 60/140 loss=1.2217
10:20:52 | INFO    | holoqpi.engine.trainer |   epoch 6 step 80/140 loss=0.9107
10:20:54 | INFO    | holoqpi.engine.trainer |   epoch 6 step 100/140 loss=1.1163
10:20:56 | INFO    | holoqpi.engine.trainer |   epoch 6 step 120/140 loss=0.8311
10:21:43 | INFO    | holoqpi.engine.trainer |   new best composite=0.7418
10:21:43 | INFO    | holoqpi.engine.trainer | epoch 6/60 (58s = 13s train + 45s val) | train_loss=0.9059  val_phase_mae=0.1956  val_dice=0.7491  val_cls_acc=0.4961  val_mass_mape=0.2458
10:21:44 | INFO    | holoqpi.engine.trainer |   epoch 7 step 0/140 loss=1.1683
10:21:45 | INFO    | holoqpi.engine.trainer |   epoch 7 step 20/140 loss=0.8323
10:21:47 | INFO    | holoqpi.engine.trainer |   epoch 7 step 40/140 loss=0.7729
10:21:49 | INFO    | holoqpi.engine.trainer |   epoch 7 step 60/140 loss=0.6472
10:21:51 | INFO    | holoqpi.engine.trainer |   epoch 7 step 80/140 loss=0.8275
10:21:53 | INFO    | holoqpi.engine.trainer |   epoch 7 step 100/140 loss=1.3871
10:21:55 | INFO    | holoqpi.engine.trainer |   epoch 7 step 120/140 loss=1.0477
10:22:42 | INFO    | holoqpi.engine.trainer | epoch 7/60 (59s = 14s train + 45s val) | train_loss=0.8974  val_phase_mae=0.1944  val_dice=0.7449  val_cls_acc=0.4724  val_mass_mape=0.2832
10:22:42 | INFO    | holoqpi.engine.trainer |   epoch 8 step 0/140 loss=0.7240
10:22:44 | INFO    | holoqpi.engine.trainer |   epoch 8 step 20/140 loss=0.9514
10:22:46 | INFO    | holoqpi.engine.trainer |   epoch 8 step 40/140 loss=0.8948
10:22:48 | INFO    | holoqpi.engine.trainer |   epoch 8 step 60/140 loss=0.7293
10:22:50 | INFO    | holoqpi.engine.trainer |   epoch 8 step 80/140 loss=1.0090
10:22:51 | INFO    | holoqpi.engine.trainer |   epoch 8 step 100/140 loss=0.8721
10:22:53 | INFO    | holoqpi.engine.trainer |   epoch 8 step 120/140 loss=0.9574
10:23:40 | INFO    | holoqpi.engine.trainer |   new best composite=0.7426
10:23:40 | INFO    | holoqpi.engine.trainer | epoch 8/60 (58s = 13s train + 45s val) | train_loss=0.8782  val_phase_mae=0.1943  val_dice=0.7545  val_cls_acc=0.5906  val_mass_mape=0.2532
10:23:41 | INFO    | holoqpi.engine.trainer |   epoch 9 step 0/140 loss=0.8295
10:23:43 | INFO    | holoqpi.engine.trainer |   epoch 9 step 20/140 loss=0.8276
10:23:44 | INFO    | holoqpi.engine.trainer |   epoch 9 step 40/140 loss=1.2373
10:23:46 | INFO    | holoqpi.engine.trainer |   epoch 9 step 60/140 loss=0.8177
10:23:48 | INFO    | holoqpi.engine.trainer |   epoch 9 step 80/140 loss=0.8596
10:23:50 | INFO    | holoqpi.engine.trainer |   epoch 9 step 100/140 loss=0.6491
10:23:52 | INFO    | holoqpi.engine.trainer |   epoch 9 step 120/140 loss=1.1328
10:24:39 | INFO    | holoqpi.engine.trainer | epoch 9/60 (59s = 13s train + 45s val) | train_loss=0.8762  val_phase_mae=0.1982  val_dice=0.7396  val_cls_acc=0.5118  val_mass_mape=0.2807
10:24:40 | INFO    | holoqpi.engine.trainer |   epoch 10 step 0/140 loss=0.7946
10:24:41 | INFO    | holoqpi.engine.trainer |   epoch 10 step 20/140 loss=1.3450
10:24:43 | INFO    | holoqpi.engine.trainer |   epoch 10 step 40/140 loss=1.0313
10:24:45 | INFO    | holoqpi.engine.trainer |   epoch 10 step 60/140 loss=0.9078
10:24:47 | INFO    | holoqpi.engine.trainer |   epoch 10 step 80/140 loss=0.6389
10:24:49 | INFO    | holoqpi.engine.trainer |   epoch 10 step 100/140 loss=0.8122
10:24:51 | INFO    | holoqpi.engine.trainer |   epoch 10 step 120/140 loss=0.7393
10:25:38 | INFO    | holoqpi.engine.trainer |   new best composite=0.7467
10:25:38 | INFO    | holoqpi.engine.trainer | epoch 10/60 (58s = 13s train + 45s val) | train_loss=0.8758  val_phase_mae=0.1906  val_dice=0.7517  val_cls_acc=0.5354  val_mass_mape=0.2328
10:25:38 | INFO    | holoqpi.engine.trainer |   epoch 11 step 0/140 loss=0.9722
10:25:40 | INFO    | holoqpi.engine.trainer |   epoch 11 step 20/140 loss=0.9017
10:25:42 | INFO    | holoqpi.engine.trainer |   epoch 11 step 40/140 loss=0.7388
10:25:44 | INFO    | holoqpi.engine.trainer |   epoch 11 step 60/140 loss=1.2655
10:25:46 | INFO    | holoqpi.engine.trainer |   epoch 11 step 80/140 loss=0.7891
10:25:48 | INFO    | holoqpi.engine.trainer |   epoch 11 step 100/140 loss=0.8448
10:25:50 | INFO    | holoqpi.engine.trainer |   epoch 11 step 120/140 loss=0.9201
10:26:36 | INFO    | holoqpi.engine.trainer | epoch 11/60 (59s = 14s train + 45s val) | train_loss=0.8482  val_phase_mae=0.1958  val_dice=0.7390  val_cls_acc=0.6063  val_mass_mape=0.2478
10:26:37 | INFO    | holoqpi.engine.trainer |   epoch 12 step 0/140 loss=0.8100
10:26:39 | INFO    | holoqpi.engine.trainer |   epoch 12 step 20/140 loss=0.8580
10:26:41 | INFO    | holoqpi.engine.trainer |   epoch 12 step 40/140 loss=0.7543
10:26:43 | INFO    | holoqpi.engine.trainer |   epoch 12 step 60/140 loss=0.6696
10:26:45 | INFO    | holoqpi.engine.trainer |   epoch 12 step 80/140 loss=1.0746
10:26:46 | INFO    | holoqpi.engine.trainer |   epoch 12 step 100/140 loss=0.6365
10:26:48 | INFO    | holoqpi.engine.trainer |   epoch 12 step 120/140 loss=0.6689
10:27:35 | INFO    | holoqpi.engine.trainer | epoch 12/60 (59s = 13s train + 45s val) | train_loss=0.8625  val_phase_mae=0.1880  val_dice=0.7625  val_cls_acc=0.6850  val_mass_mape=0.2721
10:27:36 | INFO    | holoqpi.engine.trainer |   epoch 13 step 0/140 loss=0.7735
10:27:37 | INFO    | holoqpi.engine.trainer |   epoch 13 step 20/140 loss=0.6634
10:27:39 | INFO    | holoqpi.engine.trainer |   epoch 13 step 40/140 loss=0.8666
10:27:41 | INFO    | holoqpi.engine.trainer |   epoch 13 step 60/140 loss=0.7494
10:27:43 | INFO    | holoqpi.engine.trainer |   epoch 13 step 80/140 loss=0.9381
10:27:45 | INFO    | holoqpi.engine.trainer |   epoch 13 step 100/140 loss=0.6411
10:27:47 | INFO    | holoqpi.engine.trainer |   epoch 13 step 120/140 loss=0.8350
10:28:34 | INFO    | holoqpi.engine.trainer | epoch 13/60 (59s = 13s train + 46s val) | train_loss=0.8333  val_phase_mae=0.1916  val_dice=0.7558  val_cls_acc=0.6850  val_mass_mape=0.2755
10:28:35 | INFO    | holoqpi.engine.trainer |   epoch 14 step 0/140 loss=0.7482
10:28:37 | INFO    | holoqpi.engine.trainer |   epoch 14 step 20/140 loss=0.9816
10:28:39 | INFO    | holoqpi.engine.trainer |   epoch 14 step 40/140 loss=0.8873
10:28:40 | INFO    | holoqpi.engine.trainer |   epoch 14 step 60/140 loss=0.8204
10:28:42 | INFO    | holoqpi.engine.trainer |   epoch 14 step 80/140 loss=0.5469
10:28:44 | INFO    | holoqpi.engine.trainer |   epoch 14 step 100/140 loss=0.9178
10:28:46 | INFO    | holoqpi.engine.trainer |   epoch 14 step 120/140 loss=0.9330
10:29:34 | INFO    | holoqpi.engine.trainer | epoch 14/60 (59s = 13s train + 46s val) | train_loss=0.8458  val_phase_mae=0.1908  val_dice=0.7558  val_cls_acc=0.6220  val_mass_mape=0.2643
10:29:34 | INFO    | holoqpi.engine.trainer |   epoch 15 step 0/140 loss=0.7252
10:29:36 | INFO    | holoqpi.engine.trainer |   epoch 15 step 20/140 loss=0.9823
10:29:38 | INFO    | holoqpi.engine.trainer |   epoch 15 step 40/140 loss=1.0503
10:29:39 | INFO    | holoqpi.engine.trainer |   epoch 15 step 60/140 loss=0.7279
10:29:41 | INFO    | holoqpi.engine.trainer |   epoch 15 step 80/140 loss=0.7314
10:29:43 | INFO    | holoqpi.engine.trainer |   epoch 15 step 100/140 loss=0.9695
10:29:45 | INFO    | holoqpi.engine.trainer |   epoch 15 step 120/140 loss=0.6047
10:30:32 | INFO    | holoqpi.engine.trainer | epoch 15/60 (59s = 13s train + 45s val) | train_loss=0.8340  val_phase_mae=0.1994  val_dice=0.7410  val_cls_acc=0.6378  val_mass_mape=0.2600
10:30:33 | INFO    | holoqpi.engine.trainer |   epoch 16 step 0/140 loss=0.6410
10:30:35 | INFO    | holoqpi.engine.trainer |   epoch 16 step 20/140 loss=0.6785
10:30:37 | INFO    | holoqpi.engine.trainer |   epoch 16 step 40/140 loss=0.7224
10:30:38 | INFO    | holoqpi.engine.trainer |   epoch 16 step 60/140 loss=0.7621
10:30:40 | INFO    | holoqpi.engine.trainer |   epoch 16 step 80/140 loss=0.8064
10:30:42 | INFO    | holoqpi.engine.trainer |   epoch 16 step 100/140 loss=0.7951
10:30:44 | INFO    | holoqpi.engine.trainer |   epoch 16 step 120/140 loss=0.7711
10:31:32 | INFO    | holoqpi.engine.trainer |   new best composite=0.7532
10:31:32 | INFO    | holoqpi.engine.trainer | epoch 16/60 (59s = 13s train + 46s val) | train_loss=0.8296  val_phase_mae=0.1876  val_dice=0.7590  val_cls_acc=0.5118  val_mass_mape=0.2364
10:31:33 | INFO    | holoqpi.engine.trainer |   epoch 17 step 0/140 loss=1.0664
10:31:34 | INFO    | holoqpi.engine.trainer |   epoch 17 step 20/140 loss=0.6450
10:31:36 | INFO    | holoqpi.engine.trainer |   epoch 17 step 40/140 loss=0.8538
10:31:38 | INFO    | holoqpi.engine.trainer |   epoch 17 step 60/140 loss=0.7562
10:31:40 | INFO    | holoqpi.engine.trainer |   epoch 17 step 80/140 loss=0.9158
10:31:41 | INFO    | holoqpi.engine.trainer |   epoch 17 step 100/140 loss=0.6155
10:31:43 | INFO    | holoqpi.engine.trainer |   epoch 17 step 120/140 loss=0.6868
10:32:31 | INFO    | holoqpi.engine.trainer | epoch 17/60 (59s = 13s train + 46s val) | train_loss=0.8216  val_phase_mae=0.1896  val_dice=0.7554  val_cls_acc=0.5984  val_mass_mape=0.2669
10:32:31 | INFO    | holoqpi.engine.trainer |   epoch 18 step 0/140 loss=0.6076
10:32:33 | INFO    | holoqpi.engine.trainer |   epoch 18 step 20/140 loss=0.8866
10:32:35 | INFO    | holoqpi.engine.trainer |   epoch 18 step 40/140 loss=0.6670
10:32:37 | INFO    | holoqpi.engine.trainer |   epoch 18 step 60/140 loss=0.7035
10:32:39 | INFO    | holoqpi.engine.trainer |   epoch 18 step 80/140 loss=0.6792
10:32:41 | INFO    | holoqpi.engine.trainer |   epoch 18 step 100/140 loss=0.6316
10:32:42 | INFO    | holoqpi.engine.trainer |   epoch 18 step 120/140 loss=1.0929
10:33:30 | INFO    | holoqpi.engine.trainer | epoch 18/60 (59s = 13s train + 46s val) | train_loss=0.8265  val_phase_mae=0.1936  val_dice=0.7620  val_cls_acc=0.6457  val_mass_mape=0.3580
10:33:30 | INFO    | holoqpi.engine.trainer |   epoch 19 step 0/140 loss=0.7192
10:33:32 | INFO    | holoqpi.engine.trainer |   epoch 19 step 20/140 loss=0.6428
10:33:34 | INFO    | holoqpi.engine.trainer |   epoch 19 step 40/140 loss=1.0046
10:33:36 | INFO    | holoqpi.engine.trainer |   epoch 19 step 60/140 loss=0.6076
10:33:38 | INFO    | holoqpi.engine.trainer |   epoch 19 step 80/140 loss=1.1243
10:33:39 | INFO    | holoqpi.engine.trainer |   epoch 19 step 100/140 loss=0.9273
10:33:41 | INFO    | holoqpi.engine.trainer |   epoch 19 step 120/140 loss=0.6966
10:34:28 | INFO    | holoqpi.engine.trainer | epoch 19/60 (59s = 13s train + 46s val) | train_loss=0.8227  val_phase_mae=0.1928  val_dice=0.7507  val_cls_acc=0.5748  val_mass_mape=0.2348
10:34:29 | INFO    | holoqpi.engine.trainer |   epoch 20 step 0/140 loss=0.8114
10:34:31 | INFO    | holoqpi.engine.trainer |   epoch 20 step 20/140 loss=0.7801
10:34:33 | INFO    | holoqpi.engine.trainer |   epoch 20 step 40/140 loss=0.6983
10:34:35 | INFO    | holoqpi.engine.trainer |   epoch 20 step 60/140 loss=0.7047
10:34:37 | INFO    | holoqpi.engine.trainer |   epoch 20 step 80/140 loss=0.7809
10:34:38 | INFO    | holoqpi.engine.trainer |   epoch 20 step 100/140 loss=0.9219
10:34:40 | INFO    | holoqpi.engine.trainer |   epoch 20 step 120/140 loss=0.6025
10:35:28 | INFO    | holoqpi.engine.trainer | epoch 20/60 (59s = 14s train + 46s val) | train_loss=0.8053  val_phase_mae=0.1881  val_dice=0.7536  val_cls_acc=0.7323  val_mass_mape=0.2290
10:35:28 | INFO    | holoqpi.engine.trainer |   epoch 21 step 0/140 loss=0.7602
10:35:30 | INFO    | holoqpi.engine.trainer |   epoch 21 step 20/140 loss=0.7736
10:35:32 | INFO    | holoqpi.engine.trainer |   epoch 21 step 40/140 loss=0.6337
10:35:34 | INFO    | holoqpi.engine.trainer |   epoch 21 step 60/140 loss=0.8255
10:35:36 | INFO    | holoqpi.engine.trainer |   epoch 21 step 80/140 loss=0.7052
10:35:38 | INFO    | holoqpi.engine.trainer |   epoch 21 step 100/140 loss=0.9780
10:35:40 | INFO    | holoqpi.engine.trainer |   epoch 21 step 120/140 loss=0.8413
10:36:27 | INFO    | holoqpi.engine.trainer | epoch 21/60 (59s = 13s train + 46s val) | train_loss=0.8192  val_phase_mae=0.1891  val_dice=0.7562  val_cls_acc=0.6850  val_mass_mape=0.2470
10:36:28 | INFO    | holoqpi.engine.trainer |   epoch 22 step 0/140 loss=0.5769
10:36:30 | INFO    | holoqpi.engine.trainer |   epoch 22 step 20/140 loss=0.5461
10:36:32 | INFO    | holoqpi.engine.trainer |   epoch 22 step 40/140 loss=0.7049
10:36:33 | INFO    | holoqpi.engine.trainer |   epoch 22 step 60/140 loss=0.7495
10:36:35 | INFO    | holoqpi.engine.trainer |   epoch 22 step 80/140 loss=0.6019
10:36:37 | INFO    | holoqpi.engine.trainer |   epoch 22 step 100/140 loss=0.6349
10:36:39 | INFO    | holoqpi.engine.trainer |   epoch 22 step 120/140 loss=1.2121
10:37:27 | INFO    | holoqpi.engine.trainer | epoch 22/60 (60s = 13s train + 46s val) | train_loss=0.8025  val_phase_mae=0.1953  val_dice=0.7546  val_cls_acc=0.6535  val_mass_mape=0.3296
10:37:28 | INFO    | holoqpi.engine.trainer |   epoch 23 step 0/140 loss=0.8158
10:37:29 | INFO    | holoqpi.engine.trainer |   epoch 23 step 20/140 loss=0.9461
10:37:31 | INFO    | holoqpi.engine.trainer |   epoch 23 step 40/140 loss=0.7635
10:37:33 | INFO    | holoqpi.engine.trainer |   epoch 23 step 60/140 loss=1.2270
10:37:35 | INFO    | holoqpi.engine.trainer |   epoch 23 step 80/140 loss=0.6328
10:37:37 | INFO    | holoqpi.engine.trainer |   epoch 23 step 100/140 loss=0.7689
10:37:39 | INFO    | holoqpi.engine.trainer |   epoch 23 step 120/140 loss=0.9091
10:38:27 | INFO    | holoqpi.engine.trainer | epoch 23/60 (60s = 14s train + 46s val) | train_loss=0.7956  val_phase_mae=0.1859  val_dice=0.7600  val_cls_acc=0.6063  val_mass_mape=0.2500
10:38:27 | INFO    | holoqpi.engine.trainer |   epoch 24 step 0/140 loss=0.6184
10:38:29 | INFO    | holoqpi.engine.trainer |   epoch 24 step 20/140 loss=0.8770
10:38:31 | INFO    | holoqpi.engine.trainer |   epoch 24 step 40/140 loss=0.6402
10:38:33 | INFO    | holoqpi.engine.trainer |   epoch 24 step 60/140 loss=0.8589
10:38:35 | INFO    | holoqpi.engine.trainer |   epoch 24 step 80/140 loss=0.5655
10:38:37 | INFO    | holoqpi.engine.trainer |   epoch 24 step 100/140 loss=0.7060
10:38:38 | INFO    | holoqpi.engine.trainer |   epoch 24 step 120/140 loss=1.7089
10:39:26 | INFO    | holoqpi.engine.trainer | epoch 24/60 (59s = 13s train + 46s val) | train_loss=0.7971  val_phase_mae=0.1883  val_dice=0.7549  val_cls_acc=0.6457  val_mass_mape=0.2610
10:39:26 | INFO    | holoqpi.engine.trainer |   epoch 25 step 0/140 loss=0.7901
10:39:28 | INFO    | holoqpi.engine.trainer |   epoch 25 step 20/140 loss=0.6879
10:39:30 | INFO    | holoqpi.engine.trainer |   epoch 25 step 40/140 loss=0.7178
10:39:32 | INFO    | holoqpi.engine.trainer |   epoch 25 step 60/140 loss=0.6309
10:39:33 | INFO    | holoqpi.engine.trainer |   epoch 25 step 80/140 loss=0.5930
10:39:35 | INFO    | holoqpi.engine.trainer |   epoch 25 step 100/140 loss=0.7050
10:39:37 | INFO    | holoqpi.engine.trainer |   epoch 25 step 120/140 loss=0.6172
10:40:24 | INFO    | holoqpi.engine.trainer | epoch 25/60 (58s = 13s train + 45s val) | train_loss=0.7832  val_phase_mae=0.1853  val_dice=0.7601  val_cls_acc=0.7008  val_mass_mape=0.2383
10:40:25 | INFO    | holoqpi.engine.trainer |   epoch 26 step 0/140 loss=0.5908
10:40:26 | INFO    | holoqpi.engine.trainer |   epoch 26 step 20/140 loss=0.5780
10:40:28 | INFO    | holoqpi.engine.trainer |   epoch 26 step 40/140 loss=1.0209
10:40:30 | INFO    | holoqpi.engine.trainer |   epoch 26 step 60/140 loss=0.9807
10:40:32 | INFO    | holoqpi.engine.trainer |   epoch 26 step 80/140 loss=0.5996
10:40:33 | INFO    | holoqpi.engine.trainer |   epoch 26 step 100/140 loss=1.0003
10:40:35 | INFO    | holoqpi.engine.trainer |   epoch 26 step 120/140 loss=0.6505
10:41:23 | INFO    | holoqpi.engine.trainer | epoch 26/60 (59s = 13s train + 46s val) | train_loss=0.7738  val_phase_mae=0.1859  val_dice=0.7585  val_cls_acc=0.7244  val_mass_mape=0.2474
10:41:23 | INFO    | holoqpi.engine.trainer |   epoch 27 step 0/140 loss=0.8380
10:41:25 | INFO    | holoqpi.engine.trainer |   epoch 27 step 20/140 loss=0.6880
10:41:27 | INFO    | holoqpi.engine.trainer |   epoch 27 step 40/140 loss=0.6283
10:41:29 | INFO    | holoqpi.engine.trainer |   epoch 27 step 60/140 loss=0.7935
10:41:31 | INFO    | holoqpi.engine.trainer |   epoch 27 step 80/140 loss=0.6287
10:41:32 | INFO    | holoqpi.engine.trainer |   epoch 27 step 100/140 loss=0.6988
10:41:34 | INFO    | holoqpi.engine.trainer |   epoch 27 step 120/140 loss=0.6547
10:42:21 | INFO    | holoqpi.engine.trainer | epoch 27/60 (59s = 13s train + 45s val) | train_loss=0.7664  val_phase_mae=0.1867  val_dice=0.7581  val_cls_acc=0.7008  val_mass_mape=0.2316
10:42:22 | INFO    | holoqpi.engine.trainer |   epoch 28 step 0/140 loss=0.9839
10:42:24 | INFO    | holoqpi.engine.trainer |   epoch 28 step 20/140 loss=0.6030
10:42:25 | INFO    | holoqpi.engine.trainer |   epoch 28 step 40/140 loss=1.2066
10:42:27 | INFO    | holoqpi.engine.trainer |   epoch 28 step 60/140 loss=0.6990
10:42:29 | INFO    | holoqpi.engine.trainer |   epoch 28 step 80/140 loss=0.6617
10:42:31 | INFO    | holoqpi.engine.trainer |   epoch 28 step 100/140 loss=0.7450
10:42:33 | INFO    | holoqpi.engine.trainer |   epoch 28 step 120/140 loss=0.9796
10:43:20 | INFO    | holoqpi.engine.trainer | epoch 28/60 (58s = 13s train + 45s val) | train_loss=0.7657  val_phase_mae=0.1899  val_dice=0.7476  val_cls_acc=0.6693  val_mass_mape=0.2509
10:43:20 | INFO    | holoqpi.engine.trainer |   epoch 29 step 0/140 loss=0.6302
10:43:22 | INFO    | holoqpi.engine.trainer |   epoch 29 step 20/140 loss=0.6934
10:43:24 | INFO    | holoqpi.engine.trainer |   epoch 29 step 40/140 loss=0.9077
10:43:26 | INFO    | holoqpi.engine.trainer |   epoch 29 step 60/140 loss=0.6134
10:43:28 | INFO    | holoqpi.engine.trainer |   epoch 29 step 80/140 loss=1.0930
10:43:30 | INFO    | holoqpi.engine.trainer |   epoch 29 step 100/140 loss=0.7380
10:43:31 | INFO    | holoqpi.engine.trainer |   epoch 29 step 120/140 loss=0.5783
10:44:19 | INFO    | holoqpi.engine.trainer |   new best composite=0.7561
10:44:19 | INFO    | holoqpi.engine.trainer | epoch 29/60 (59s = 13s train + 46s val) | train_loss=0.7671  val_phase_mae=0.1829  val_dice=0.7666  val_cls_acc=0.6772  val_mass_mape=0.2344
10:44:20 | INFO    | holoqpi.engine.trainer |   epoch 30 step 0/140 loss=1.0436
10:44:22 | INFO    | holoqpi.engine.trainer |   epoch 30 step 20/140 loss=0.8151
10:44:24 | INFO    | holoqpi.engine.trainer |   epoch 30 step 40/140 loss=0.5718
10:44:25 | INFO    | holoqpi.engine.trainer |   epoch 30 step 60/140 loss=0.5114
10:44:27 | INFO    | holoqpi.engine.trainer |   epoch 30 step 80/140 loss=0.7900
10:44:29 | INFO    | holoqpi.engine.trainer |   epoch 30 step 100/140 loss=0.7874
10:44:31 | INFO    | holoqpi.engine.trainer |   epoch 30 step 120/140 loss=0.6787
10:45:18 | INFO    | holoqpi.engine.trainer | epoch 30/60 (59s = 13s train + 45s val) | train_loss=0.7592  val_phase_mae=0.1876  val_dice=0.7603  val_cls_acc=0.7244  val_mass_mape=0.2377
10:45:18 | INFO    | holoqpi.engine.trainer |   epoch 31 step 0/140 loss=0.8210
10:45:20 | INFO    | holoqpi.engine.trainer |   epoch 31 step 20/140 loss=0.9386
10:45:22 | INFO    | holoqpi.engine.trainer |   epoch 31 step 40/140 loss=0.6679
10:45:24 | INFO    | holoqpi.engine.trainer |   epoch 31 step 60/140 loss=0.5454
10:45:26 | INFO    | holoqpi.engine.trainer |   epoch 31 step 80/140 loss=0.8023
10:45:27 | INFO    | holoqpi.engine.trainer |   epoch 31 step 100/140 loss=0.8440
10:45:29 | INFO    | holoqpi.engine.trainer |   epoch 31 step 120/140 loss=1.1013
10:46:16 | INFO    | holoqpi.engine.trainer | epoch 31/60 (58s = 13s train + 45s val) | train_loss=0.7373  val_phase_mae=0.1853  val_dice=0.7646  val_cls_acc=0.6535  val_mass_mape=0.2687
10:46:17 | INFO    | holoqpi.engine.trainer |   epoch 32 step 0/140 loss=0.7189
10:46:19 | INFO    | holoqpi.engine.trainer |   epoch 32 step 20/140 loss=0.7176
10:46:20 | INFO    | holoqpi.engine.trainer |   epoch 32 step 40/140 loss=0.8975
10:46:22 | INFO    | holoqpi.engine.trainer |   epoch 32 step 60/140 loss=1.1189
10:46:24 | INFO    | holoqpi.engine.trainer |   epoch 32 step 80/140 loss=0.5915
10:46:26 | INFO    | holoqpi.engine.trainer |   epoch 32 step 100/140 loss=0.6201
10:46:28 | INFO    | holoqpi.engine.trainer |   epoch 32 step 120/140 loss=0.9837
10:47:15 | INFO    | holoqpi.engine.trainer |   new best composite=0.7564
10:47:15 | INFO    | holoqpi.engine.trainer | epoch 32/60 (59s = 14s train + 45s val) | train_loss=0.7569  val_phase_mae=0.1850  val_dice=0.7604  val_cls_acc=0.7087  val_mass_mape=0.2248
10:47:16 | INFO    | holoqpi.engine.trainer |   epoch 33 step 0/140 loss=0.6156
10:47:18 | INFO    | holoqpi.engine.trainer |   epoch 33 step 20/140 loss=0.6547
10:47:19 | INFO    | holoqpi.engine.trainer |   epoch 33 step 40/140 loss=0.5570
10:47:21 | INFO    | holoqpi.engine.trainer |   epoch 33 step 60/140 loss=0.6424
10:47:23 | INFO    | holoqpi.engine.trainer |   epoch 33 step 80/140 loss=0.8130
10:47:25 | INFO    | holoqpi.engine.trainer |   epoch 33 step 100/140 loss=0.8279
10:47:27 | INFO    | holoqpi.engine.trainer |   epoch 33 step 120/140 loss=0.8010
10:48:14 | INFO    | holoqpi.engine.trainer | epoch 33/60 (58s = 13s train + 45s val) | train_loss=0.7405  val_phase_mae=0.1852  val_dice=0.7580  val_cls_acc=0.7244  val_mass_mape=0.2328
10:48:14 | INFO    | holoqpi.engine.trainer |   epoch 34 step 0/140 loss=0.9155
10:48:16 | INFO    | holoqpi.engine.trainer |   epoch 34 step 20/140 loss=1.2235
10:48:18 | INFO    | holoqpi.engine.trainer |   epoch 34 step 40/140 loss=1.0173
10:48:20 | INFO    | holoqpi.engine.trainer |   epoch 34 step 60/140 loss=0.6559
10:48:21 | INFO    | holoqpi.engine.trainer |   epoch 34 step 80/140 loss=0.5914
10:48:23 | INFO    | holoqpi.engine.trainer |   epoch 34 step 100/140 loss=0.6427
10:48:25 | INFO    | holoqpi.engine.trainer |   epoch 34 step 120/140 loss=0.8439
10:49:12 | INFO    | holoqpi.engine.trainer | epoch 34/60 (59s = 13s train + 45s val) | train_loss=0.7313  val_phase_mae=0.1848  val_dice=0.7624  val_cls_acc=0.7717  val_mass_mape=0.2385
10:49:13 | INFO    | holoqpi.engine.trainer |   epoch 35 step 0/140 loss=0.5497
10:49:15 | INFO    | holoqpi.engine.trainer |   epoch 35 step 20/140 loss=0.5612
10:49:17 | INFO    | holoqpi.engine.trainer |   epoch 35 step 40/140 loss=0.6662
10:49:18 | INFO    | holoqpi.engine.trainer |   epoch 35 step 60/140 loss=0.6454
10:49:20 | INFO    | holoqpi.engine.trainer |   epoch 35 step 80/140 loss=0.6052
10:49:22 | INFO    | holoqpi.engine.trainer |   epoch 35 step 100/140 loss=0.8085
10:49:24 | INFO    | holoqpi.engine.trainer |   epoch 35 step 120/140 loss=0.6687
10:50:11 | INFO    | holoqpi.engine.trainer | epoch 35/60 (59s = 13s train + 46s val) | train_loss=0.7221  val_phase_mae=0.1865  val_dice=0.7649  val_cls_acc=0.7717  val_mass_mape=0.2725
10:50:12 | INFO    | holoqpi.engine.trainer |   epoch 36 step 0/140 loss=0.7206
10:50:13 | INFO    | holoqpi.engine.trainer |   epoch 36 step 20/140 loss=0.7446
10:50:15 | INFO    | holoqpi.engine.trainer |   epoch 36 step 40/140 loss=0.5950
10:50:17 | INFO    | holoqpi.engine.trainer |   epoch 36 step 60/140 loss=0.7723
10:50:19 | INFO    | holoqpi.engine.trainer |   epoch 36 step 80/140 loss=0.5421
10:50:21 | INFO    | holoqpi.engine.trainer |   epoch 36 step 100/140 loss=0.5967
10:50:23 | INFO    | holoqpi.engine.trainer |   epoch 36 step 120/140 loss=0.9279
10:51:10 | INFO    | holoqpi.engine.trainer | epoch 36/60 (59s = 13s train + 46s val) | train_loss=0.7198  val_phase_mae=0.1845  val_dice=0.7627  val_cls_acc=0.8110  val_mass_mape=0.2306
10:51:11 | INFO    | holoqpi.engine.trainer |   epoch 37 step 0/140 loss=0.9205
10:51:13 | INFO    | holoqpi.engine.trainer |   epoch 37 step 20/140 loss=0.5317
10:51:14 | INFO    | holoqpi.engine.trainer |   epoch 37 step 40/140 loss=0.5247
10:51:16 | INFO    | holoqpi.engine.trainer |   epoch 37 step 60/140 loss=0.5551
10:51:18 | INFO    | holoqpi.engine.trainer |   epoch 37 step 80/140 loss=0.5403
10:51:20 | INFO    | holoqpi.engine.trainer |   epoch 37 step 100/140 loss=0.7643
10:51:22 | INFO    | holoqpi.engine.trainer |   epoch 37 step 120/140 loss=0.6616
10:52:10 | INFO    | holoqpi.engine.trainer | epoch 37/60 (59s = 13s train + 46s val) | train_loss=0.7243  val_phase_mae=0.1859  val_dice=0.7632  val_cls_acc=0.7717  val_mass_mape=0.2769
10:52:10 | INFO    | holoqpi.engine.trainer |   epoch 38 step 0/140 loss=0.4922
10:52:12 | INFO    | holoqpi.engine.trainer |   epoch 38 step 20/140 loss=0.8087
10:52:14 | INFO    | holoqpi.engine.trainer |   epoch 38 step 40/140 loss=0.9039
10:52:16 | INFO    | holoqpi.engine.trainer |   epoch 38 step 60/140 loss=0.6816
10:52:18 | INFO    | holoqpi.engine.trainer |   epoch 38 step 80/140 loss=0.6819
10:52:20 | INFO    | holoqpi.engine.trainer |   epoch 38 step 100/140 loss=0.7034
10:52:22 | INFO    | holoqpi.engine.trainer |   epoch 38 step 120/140 loss=0.8553
10:53:09 | INFO    | holoqpi.engine.trainer | epoch 38/60 (60s = 14s train + 46s val) | train_loss=0.7188  val_phase_mae=0.1854  val_dice=0.7611  val_cls_acc=0.7244  val_mass_mape=0.2594
10:53:10 | INFO    | holoqpi.engine.trainer |   epoch 39 step 0/140 loss=0.5212
10:53:11 | INFO    | holoqpi.engine.trainer |   epoch 39 step 20/140 loss=0.6402
10:53:13 | INFO    | holoqpi.engine.trainer |   epoch 39 step 40/140 loss=0.5085
10:53:15 | INFO    | holoqpi.engine.trainer |   epoch 39 step 60/140 loss=0.5847
10:53:17 | INFO    | holoqpi.engine.trainer |   epoch 39 step 80/140 loss=0.9009
10:53:19 | INFO    | holoqpi.engine.trainer |   epoch 39 step 100/140 loss=0.5673
10:53:20 | INFO    | holoqpi.engine.trainer |   epoch 39 step 120/140 loss=0.6091
10:54:09 | INFO    | holoqpi.engine.trainer | epoch 39/60 (59s = 13s train + 46s val) | train_loss=0.7056  val_phase_mae=0.1838  val_dice=0.7645  val_cls_acc=0.8110  val_mass_mape=0.2553
10:54:09 | INFO    | holoqpi.engine.trainer |   epoch 40 step 0/140 loss=0.6662
10:54:11 | INFO    | holoqpi.engine.trainer |   epoch 40 step 20/140 loss=0.9410
10:54:13 | INFO    | holoqpi.engine.trainer |   epoch 40 step 40/140 loss=0.5370
10:54:15 | INFO    | holoqpi.engine.trainer |   epoch 40 step 60/140 loss=0.7486
10:54:17 | INFO    | holoqpi.engine.trainer |   epoch 40 step 80/140 loss=0.5046
10:54:18 | INFO    | holoqpi.engine.trainer |   epoch 40 step 100/140 loss=0.9940
10:54:20 | INFO    | holoqpi.engine.trainer |   epoch 40 step 120/140 loss=0.6053
10:55:08 | INFO    | holoqpi.engine.trainer | epoch 40/60 (59s = 13s train + 46s val) | train_loss=0.7042  val_phase_mae=0.1862  val_dice=0.7615  val_cls_acc=0.7008  val_mass_mape=0.2514
10:55:08 | INFO    | holoqpi.engine.trainer |   epoch 41 step 0/140 loss=0.8994
10:55:10 | INFO    | holoqpi.engine.trainer |   epoch 41 step 20/140 loss=0.8640
10:55:12 | INFO    | holoqpi.engine.trainer |   epoch 41 step 40/140 loss=0.5124
10:55:14 | INFO    | holoqpi.engine.trainer |   epoch 41 step 60/140 loss=0.8242
10:55:16 | INFO    | holoqpi.engine.trainer |   epoch 41 step 80/140 loss=0.8876
10:55:18 | INFO    | holoqpi.engine.trainer |   epoch 41 step 100/140 loss=1.1861
10:55:20 | INFO    | holoqpi.engine.trainer |   epoch 41 step 120/140 loss=0.6326
10:56:08 | INFO    | holoqpi.engine.trainer |   new best composite=0.7592
10:56:08 | INFO    | holoqpi.engine.trainer | epoch 41/60 (60s = 14s train + 46s val) | train_loss=0.7039  val_phase_mae=0.1810  val_dice=0.7678  val_cls_acc=0.7874  val_mass_mape=0.2317
10:56:08 | INFO    | holoqpi.engine.trainer |   epoch 42 step 0/140 loss=1.3342
10:56:10 | INFO    | holoqpi.engine.trainer |   epoch 42 step 20/140 loss=0.6088
10:56:12 | INFO    | holoqpi.engine.trainer |   epoch 42 step 40/140 loss=0.5487
10:56:14 | INFO    | holoqpi.engine.trainer |   epoch 42 step 60/140 loss=0.7821
10:56:16 | INFO    | holoqpi.engine.trainer |   epoch 42 step 80/140 loss=0.7207
10:56:17 | INFO    | holoqpi.engine.trainer |   epoch 42 step 100/140 loss=0.8322
10:56:19 | INFO    | holoqpi.engine.trainer |   epoch 42 step 120/140 loss=0.5311
10:57:06 | INFO    | holoqpi.engine.trainer |   new best composite=0.7611
10:57:06 | INFO    | holoqpi.engine.trainer | epoch 42/60 (58s = 13s train + 45s val) | train_loss=0.6967  val_phase_mae=0.1807  val_dice=0.7700  val_cls_acc=0.7480  val_mass_mape=0.2299
10:57:07 | INFO    | holoqpi.engine.trainer |   epoch 43 step 0/140 loss=0.6257
10:57:09 | INFO    | holoqpi.engine.trainer |   epoch 43 step 20/140 loss=0.5380
10:57:11 | INFO    | holoqpi.engine.trainer |   epoch 43 step 40/140 loss=0.8225
10:57:13 | INFO    | holoqpi.engine.trainer |   epoch 43 step 60/140 loss=0.6323
10:57:15 | INFO    | holoqpi.engine.trainer |   epoch 43 step 80/140 loss=0.5087
10:57:17 | INFO    | holoqpi.engine.trainer |   epoch 43 step 100/140 loss=0.6208
10:57:18 | INFO    | holoqpi.engine.trainer |   epoch 43 step 120/140 loss=0.9093
10:58:06 | INFO    | holoqpi.engine.trainer | epoch 43/60 (59s = 14s train + 46s val) | train_loss=0.6906  val_phase_mae=0.1832  val_dice=0.7649  val_cls_acc=0.7323  val_mass_mape=0.2341
10:58:06 | INFO    | holoqpi.engine.trainer |   epoch 44 step 0/140 loss=0.5714
10:58:08 | INFO    | holoqpi.engine.trainer |   epoch 44 step 20/140 loss=0.5232
10:58:10 | INFO    | holoqpi.engine.trainer |   epoch 44 step 40/140 loss=0.7390
10:58:12 | INFO    | holoqpi.engine.trainer |   epoch 44 step 60/140 loss=0.5012
10:58:13 | INFO    | holoqpi.engine.trainer |   epoch 44 step 80/140 loss=0.6451
10:58:15 | INFO    | holoqpi.engine.trainer |   epoch 44 step 100/140 loss=0.5729
10:58:17 | INFO    | holoqpi.engine.trainer |   epoch 44 step 120/140 loss=0.5902
10:59:04 | INFO    | holoqpi.engine.trainer | epoch 44/60 (58s = 13s train + 45s val) | train_loss=0.6839  val_phase_mae=0.1827  val_dice=0.7637  val_cls_acc=0.7559  val_mass_mape=0.2222
10:59:04 | INFO    | holoqpi.engine.trainer |   epoch 45 step 0/140 loss=0.6242
10:59:06 | INFO    | holoqpi.engine.trainer |   epoch 45 step 20/140 loss=0.7200
10:59:08 | INFO    | holoqpi.engine.trainer |   epoch 45 step 40/140 loss=0.6443
10:59:10 | INFO    | holoqpi.engine.trainer |   epoch 45 step 60/140 loss=0.4891
10:59:12 | INFO    | holoqpi.engine.trainer |   epoch 45 step 80/140 loss=0.4947
10:59:13 | INFO    | holoqpi.engine.trainer |   epoch 45 step 100/140 loss=0.5548
10:59:15 | INFO    | holoqpi.engine.trainer |   epoch 45 step 120/140 loss=0.6916
11:00:03 | INFO    | holoqpi.engine.trainer | epoch 45/60 (59s = 13s train + 46s val) | train_loss=0.6812  val_phase_mae=0.1818  val_dice=0.7684  val_cls_acc=0.7559  val_mass_mape=0.2417
11:00:03 | INFO    | holoqpi.engine.trainer |   epoch 46 step 0/140 loss=0.4387
11:00:05 | INFO    | holoqpi.engine.trainer |   epoch 46 step 20/140 loss=0.5157
11:00:07 | INFO    | holoqpi.engine.trainer |   epoch 46 step 40/140 loss=0.6755
11:00:09 | INFO    | holoqpi.engine.trainer |   epoch 46 step 60/140 loss=0.8426
11:00:11 | INFO    | holoqpi.engine.trainer |   epoch 46 step 80/140 loss=0.4568
11:00:13 | INFO    | holoqpi.engine.trainer |   epoch 46 step 100/140 loss=0.7323
11:00:14 | INFO    | holoqpi.engine.trainer |   epoch 46 step 120/140 loss=1.3092
11:01:01 | INFO    | holoqpi.engine.trainer | epoch 46/60 (58s = 13s train + 45s val) | train_loss=0.6800  val_phase_mae=0.1825  val_dice=0.7644  val_cls_acc=0.7795  val_mass_mape=0.2285
11:01:02 | INFO    | holoqpi.engine.trainer |   epoch 47 step 0/140 loss=0.6803
11:01:04 | INFO    | holoqpi.engine.trainer |   epoch 47 step 20/140 loss=0.7807
11:01:05 | INFO    | holoqpi.engine.trainer |   epoch 47 step 40/140 loss=0.4921
11:01:07 | INFO    | holoqpi.engine.trainer |   epoch 47 step 60/140 loss=0.5920
11:01:09 | INFO    | holoqpi.engine.trainer |   epoch 47 step 80/140 loss=0.8381
11:01:11 | INFO    | holoqpi.engine.trainer |   epoch 47 step 100/140 loss=0.5795
11:01:13 | INFO    | holoqpi.engine.trainer |   epoch 47 step 120/140 loss=0.5051
11:02:00 | INFO    | holoqpi.engine.trainer | epoch 47/60 (59s = 14s train + 45s val) | train_loss=0.6760  val_phase_mae=0.1824  val_dice=0.7643  val_cls_acc=0.7717  val_mass_mape=0.2353
11:02:00 | INFO    | holoqpi.engine.trainer |   epoch 48 step 0/140 loss=0.6855
11:02:02 | INFO    | holoqpi.engine.trainer |   epoch 48 step 20/140 loss=1.1232
11:02:04 | INFO    | holoqpi.engine.trainer |   epoch 48 step 40/140 loss=0.4757
11:02:06 | INFO    | holoqpi.engine.trainer |   epoch 48 step 60/140 loss=0.7975
11:02:08 | INFO    | holoqpi.engine.trainer |   epoch 48 step 80/140 loss=0.7356
11:02:10 | INFO    | holoqpi.engine.trainer |   epoch 48 step 100/140 loss=0.6764
11:02:12 | INFO    | holoqpi.engine.trainer |   epoch 48 step 120/140 loss=0.5684
11:02:59 | INFO    | holoqpi.engine.trainer | epoch 48/60 (59s = 14s train + 45s val) | train_loss=0.6808  val_phase_mae=0.1826  val_dice=0.7657  val_cls_acc=0.8110  val_mass_mape=0.2445
11:02:59 | INFO    | holoqpi.engine.trainer |   epoch 49 step 0/140 loss=1.0148
11:03:01 | INFO    | holoqpi.engine.trainer |   epoch 49 step 20/140 loss=0.6480
11:03:03 | INFO    | holoqpi.engine.trainer |   epoch 49 step 40/140 loss=0.4756
11:03:05 | INFO    | holoqpi.engine.trainer |   epoch 49 step 60/140 loss=0.4841
11:03:07 | INFO    | holoqpi.engine.trainer |   epoch 49 step 80/140 loss=0.6489
11:03:08 | INFO    | holoqpi.engine.trainer |   epoch 49 step 100/140 loss=0.5786
11:03:10 | INFO    | holoqpi.engine.trainer |   epoch 49 step 120/140 loss=0.5611
11:03:57 | INFO    | holoqpi.engine.trainer | epoch 49/60 (58s = 13s train + 45s val) | train_loss=0.6748  val_phase_mae=0.1806  val_dice=0.7674  val_cls_acc=0.8346  val_mass_mape=0.2360
11:03:57 | INFO    | holoqpi.engine.trainer |   epoch 50 step 0/140 loss=0.5337
11:03:59 | INFO    | holoqpi.engine.trainer |   epoch 50 step 20/140 loss=0.9071
11:04:01 | INFO    | holoqpi.engine.trainer |   epoch 50 step 40/140 loss=0.4780
11:04:03 | INFO    | holoqpi.engine.trainer |   epoch 50 step 60/140 loss=0.8689
11:04:05 | INFO    | holoqpi.engine.trainer |   epoch 50 step 80/140 loss=0.5909
11:04:07 | INFO    | holoqpi.engine.trainer |   epoch 50 step 100/140 loss=0.5639
11:04:08 | INFO    | holoqpi.engine.trainer |   epoch 50 step 120/140 loss=0.8997
11:04:55 | INFO    | holoqpi.engine.trainer | epoch 50/60 (58s = 13s train + 45s val) | train_loss=0.6782  val_phase_mae=0.1819  val_dice=0.7625  val_cls_acc=0.8189  val_mass_mape=0.2264
11:04:55 | INFO    | holoqpi.engine.trainer |   epoch 51 step 0/140 loss=0.8803
11:04:57 | INFO    | holoqpi.engine.trainer |   epoch 51 step 20/140 loss=0.5121
11:04:59 | INFO    | holoqpi.engine.trainer |   epoch 51 step 40/140 loss=0.5107
11:05:01 | INFO    | holoqpi.engine.trainer |   epoch 51 step 60/140 loss=0.4657
11:05:02 | INFO    | holoqpi.engine.trainer |   epoch 51 step 80/140 loss=0.5050
11:05:04 | INFO    | holoqpi.engine.trainer |   epoch 51 step 100/140 loss=0.4909
11:05:06 | INFO    | holoqpi.engine.trainer |   epoch 51 step 120/140 loss=0.5682
11:05:54 | INFO    | holoqpi.engine.trainer | epoch 51/60 (59s = 13s train + 46s val) | train_loss=0.6573  val_phase_mae=0.1817  val_dice=0.7663  val_cls_acc=0.7953  val_mass_mape=0.2322
11:05:54 | INFO    | holoqpi.engine.trainer |   epoch 52 step 0/140 loss=0.6632
11:05:56 | INFO    | holoqpi.engine.trainer |   epoch 52 step 20/140 loss=0.8114
11:05:58 | INFO    | holoqpi.engine.trainer |   epoch 52 step 40/140 loss=1.0222
11:06:00 | INFO    | holoqpi.engine.trainer |   epoch 52 step 60/140 loss=0.8586
11:06:02 | INFO    | holoqpi.engine.trainer |   epoch 52 step 80/140 loss=0.5395
11:06:03 | INFO    | holoqpi.engine.trainer |   epoch 52 step 100/140 loss=0.4954
11:06:05 | INFO    | holoqpi.engine.trainer |   epoch 52 step 120/140 loss=0.4643
11:06:52 | INFO    | holoqpi.engine.trainer | epoch 52/60 (58s = 13s train + 45s val) | train_loss=0.6650  val_phase_mae=0.1821  val_dice=0.7652  val_cls_acc=0.8031  val_mass_mape=0.2317
11:06:53 | INFO    | holoqpi.engine.trainer |   epoch 53 step 0/140 loss=0.9059
11:06:54 | INFO    | holoqpi.engine.trainer |   epoch 53 step 20/140 loss=0.5346
11:06:56 | INFO    | holoqpi.engine.trainer |   epoch 53 step 40/140 loss=0.5786
11:06:58 | INFO    | holoqpi.engine.trainer |   epoch 53 step 60/140 loss=0.5596
11:07:00 | INFO    | holoqpi.engine.trainer |   epoch 53 step 80/140 loss=0.9490
11:07:02 | INFO    | holoqpi.engine.trainer |   epoch 53 step 100/140 loss=0.5771
11:07:03 | INFO    | holoqpi.engine.trainer |   epoch 53 step 120/140 loss=0.8679
11:07:51 | INFO    | holoqpi.engine.trainer | epoch 53/60 (59s = 13s train + 45s val) | train_loss=0.6645  val_phase_mae=0.1811  val_dice=0.7663  val_cls_acc=0.8425  val_mass_mape=0.2323
11:07:51 | INFO    | holoqpi.engine.trainer |   epoch 54 step 0/140 loss=0.5419
11:07:53 | INFO    | holoqpi.engine.trainer |   epoch 54 step 20/140 loss=0.5413
11:07:55 | INFO    | holoqpi.engine.trainer |   epoch 54 step 40/140 loss=0.6167
11:07:57 | INFO    | holoqpi.engine.trainer |   epoch 54 step 60/140 loss=0.5487
11:07:58 | INFO    | holoqpi.engine.trainer |   epoch 54 step 80/140 loss=0.5797
11:08:00 | INFO    | holoqpi.engine.trainer |   epoch 54 step 100/140 loss=1.1524
11:08:02 | INFO    | holoqpi.engine.trainer |   epoch 54 step 120/140 loss=0.5310
11:08:50 | INFO    | holoqpi.engine.trainer | epoch 54/60 (59s = 13s train + 46s val) | train_loss=0.6568  val_phase_mae=0.1826  val_dice=0.7664  val_cls_acc=0.8110  val_mass_mape=0.2468
11:08:50 | INFO    | holoqpi.engine.trainer |   epoch 55 step 0/140 loss=0.8162
11:08:52 | INFO    | holoqpi.engine.trainer |   epoch 55 step 20/140 loss=0.6087
11:08:54 | INFO    | holoqpi.engine.trainer |   epoch 55 step 40/140 loss=0.7037
11:08:56 | INFO    | holoqpi.engine.trainer |   epoch 55 step 60/140 loss=0.4856
11:08:58 | INFO    | holoqpi.engine.trainer |   epoch 55 step 80/140 loss=0.7120
11:09:00 | INFO    | holoqpi.engine.trainer |   epoch 55 step 100/140 loss=0.9845
11:09:01 | INFO    | holoqpi.engine.trainer |   epoch 55 step 120/140 loss=0.5806
11:09:49 | INFO    | holoqpi.engine.trainer | epoch 55/60 (59s = 13s train + 46s val) | train_loss=0.6706  val_phase_mae=0.1812  val_dice=0.7665  val_cls_acc=0.8268  val_mass_mape=0.2301
11:09:49 | INFO    | holoqpi.engine.trainer |   epoch 56 step 0/140 loss=1.1678
11:09:51 | INFO    | holoqpi.engine.trainer |   epoch 56 step 20/140 loss=0.5968
11:09:53 | INFO    | holoqpi.engine.trainer |   epoch 56 step 40/140 loss=0.5697
11:09:55 | INFO    | holoqpi.engine.trainer |   epoch 56 step 60/140 loss=0.7145
11:09:57 | INFO    | holoqpi.engine.trainer |   epoch 56 step 80/140 loss=0.7376
11:09:59 | INFO    | holoqpi.engine.trainer |   epoch 56 step 100/140 loss=0.4936
11:10:01 | INFO    | holoqpi.engine.trainer |   epoch 56 step 120/140 loss=0.5640
11:10:48 | INFO    | holoqpi.engine.trainer | epoch 56/60 (59s = 13s train + 46s val) | train_loss=0.6590  val_phase_mae=0.1806  val_dice=0.7672  val_cls_acc=0.8031  val_mass_mape=0.2283
11:10:49 | INFO    | holoqpi.engine.trainer |   epoch 57 step 0/140 loss=0.5629
11:10:51 | INFO    | holoqpi.engine.trainer |   epoch 57 step 20/140 loss=0.6061
11:10:53 | INFO    | holoqpi.engine.trainer |   epoch 57 step 40/140 loss=0.4407
11:10:55 | INFO    | holoqpi.engine.trainer |   epoch 57 step 60/140 loss=1.1207
11:10:57 | INFO    | holoqpi.engine.trainer |   epoch 57 step 80/140 loss=0.6559
11:10:58 | INFO    | holoqpi.engine.trainer |   epoch 57 step 100/140 loss=0.7663
11:11:00 | INFO    | holoqpi.engine.trainer |   epoch 57 step 120/140 loss=0.5227
11:11:48 | INFO    | holoqpi.engine.trainer | epoch 57/60 (60s = 14s train + 46s val) | train_loss=0.6477  val_phase_mae=0.1813  val_dice=0.7671  val_cls_acc=0.8110  val_mass_mape=0.2358
11:11:49 | INFO    | holoqpi.engine.trainer |   epoch 58 step 0/140 loss=0.4942
11:11:51 | INFO    | holoqpi.engine.trainer |   epoch 58 step 20/140 loss=0.5037
11:11:52 | INFO    | holoqpi.engine.trainer |   epoch 58 step 40/140 loss=0.4665
11:11:54 | INFO    | holoqpi.engine.trainer |   epoch 58 step 60/140 loss=0.5054
11:11:56 | INFO    | holoqpi.engine.trainer |   epoch 58 step 80/140 loss=0.5178
11:11:58 | INFO    | holoqpi.engine.trainer |   epoch 58 step 100/140 loss=0.5001
11:12:00 | INFO    | holoqpi.engine.trainer |   epoch 58 step 120/140 loss=0.4244
11:12:47 | INFO    | holoqpi.engine.trainer | epoch 58/60 (59s = 13s train + 46s val) | train_loss=0.6573  val_phase_mae=0.1807  val_dice=0.7682  val_cls_acc=0.8268  val_mass_mape=0.2349
11:12:47 | INFO    | holoqpi.engine.trainer |   epoch 59 step 0/140 loss=0.4681
11:12:49 | INFO    | holoqpi.engine.trainer |   epoch 59 step 20/140 loss=0.5000
11:12:51 | INFO    | holoqpi.engine.trainer |   epoch 59 step 40/140 loss=0.5546
11:12:53 | INFO    | holoqpi.engine.trainer |   epoch 59 step 60/140 loss=0.5695
11:12:55 | INFO    | holoqpi.engine.trainer |   epoch 59 step 80/140 loss=0.9835
11:12:57 | INFO    | holoqpi.engine.trainer |   epoch 59 step 100/140 loss=0.9901
11:12:58 | INFO    | holoqpi.engine.trainer |   epoch 59 step 120/140 loss=0.4413
11:13:46 | INFO    | holoqpi.engine.trainer | epoch 59/60 (59s = 13s train + 46s val) | train_loss=0.6517  val_phase_mae=0.1810  val_dice=0.7678  val_cls_acc=0.8110  val_mass_mape=0.2342
11:13:46 | INFO    | holoqpi.engine.trainer |   epoch 60 step 0/140 loss=0.5372
11:13:48 | INFO    | holoqpi.engine.trainer |   epoch 60 step 20/140 loss=0.5027
11:13:50 | INFO    | holoqpi.engine.trainer |   epoch 60 step 40/140 loss=0.5476
11:13:52 | INFO    | holoqpi.engine.trainer |   epoch 60 step 60/140 loss=0.5101
11:13:53 | INFO    | holoqpi.engine.trainer |   epoch 60 step 80/140 loss=0.5005
11:13:55 | INFO    | holoqpi.engine.trainer |   epoch 60 step 100/140 loss=0.5017
11:13:57 | INFO    | holoqpi.engine.trainer |   epoch 60 step 120/140 loss=0.5596
11:14:44 | INFO    | holoqpi.engine.trainer | epoch 60/60 (59s = 13s train + 46s val) | train_loss=0.6656  val_phase_mae=0.1811  val_dice=0.7674  val_cls_acc=0.8189  val_mass_mape=0.2373
11:14:45 | INFO    | holoqpi.engine.trainer | training finished; best epoch 42 (composite=0.7611)
11:14:45 | INFO    | holoqpi.engine.trainer | checkpoint best_model.pt: 446/446 tensors matched
11:15:26 | INFO    | holoqpi.engine.compare | modality=gabor test metrics written to runs/no_measurement_s2024_gabor
11:15:27 | INFO    | holoqpi.engine.compare | comparison table written to runs/no_measurement_s2024_modality_comparison.csv
