21:05:47 | INFO    | holoqpi.engine.compare | ======================================================================
21:05:47 | INFO    | holoqpi.engine.compare | modality=off_axis  device=cuda  run_dir=runs/no_physics_s1337_off_axis
21:05:47 | INFO    | holoqpi.engine.compare | ======================================================================
21:05:47 | INFO    | holoqpi.data.dataset | train split: 560 samples | modality=off_axis | crop=512 | augment=True
21:05:47 | INFO    | holoqpi.data.dataset | val split: 127 samples | modality=off_axis | crop=None | augment=False
21:05:47 | INFO    | holoqpi.data.dataset | test split: 113 samples | modality=off_axis | crop=None | augment=False
21:05:48 | INFO    | holoqpi.models.encoders | encoder=mobilenet_v2 in_channels=1 pretrained=True stages=[16, 24, 32, 96, 1280]
21:05:48 | INFO    | holoqpi.models.holonet | HoloQPINet built: 9.76M parameters, 9.76M trainable (100.0%)
21:05:49 | INFO    | holoqpi.engine.trainer | trainable 9.76M / 9.76M parameters (100.0%)
21:05:49 | INFO    | holoqpi.engine.trainer | active physics terms: none
21:05:55 | INFO    | holoqpi.engine.trainer |   epoch 1 step 0/140 loss=2.0039
21:05:57 | INFO    | holoqpi.engine.trainer |   epoch 1 step 20/140 loss=1.6993
21:05:59 | INFO    | holoqpi.engine.trainer |   epoch 1 step 40/140 loss=1.5209
21:06:01 | INFO    | holoqpi.engine.trainer |   epoch 1 step 60/140 loss=1.3972
21:06:03 | INFO    | holoqpi.engine.trainer |   epoch 1 step 80/140 loss=1.4006
21:06:04 | INFO    | holoqpi.engine.trainer |   epoch 1 step 100/140 loss=1.3147
21:06:06 | INFO    | holoqpi.engine.trainer |   epoch 1 step 120/140 loss=1.1785
21:07:00 | INFO    | holoqpi.engine.trainer |   new best composite=0.6020
21:07:00 | INFO    | holoqpi.engine.trainer | epoch 1/60 (71s = 19s train + 52s val) | train_loss=1.4670  val_phase_mae=0.2553  val_dice=0.6329  val_cls_acc=0.2441  val_mass_mape=0.3950
21:07:00 | INFO    | holoqpi.engine.trainer |   at this rate the full 60-epoch schedule takes about 71 min
21:07:01 | INFO    | holoqpi.engine.trainer |   epoch 2 step 0/140 loss=1.1447
21:07:02 | INFO    | holoqpi.engine.trainer |   epoch 2 step 20/140 loss=1.2117
21:07:04 | INFO    | holoqpi.engine.trainer |   epoch 2 step 40/140 loss=1.0548
21:07:06 | INFO    | holoqpi.engine.trainer |   epoch 2 step 60/140 loss=1.1379
21:07:08 | INFO    | holoqpi.engine.trainer |   epoch 2 step 80/140 loss=0.9321
21:07:10 | INFO    | holoqpi.engine.trainer |   epoch 2 step 100/140 loss=0.9550
21:07:12 | INFO    | holoqpi.engine.trainer |   epoch 2 step 120/140 loss=1.0917
21:08:02 | INFO    | holoqpi.engine.trainer |   new best composite=0.6973
21:08:02 | INFO    | holoqpi.engine.trainer | epoch 2/60 (62s = 13s train + 49s val) | train_loss=1.0437  val_phase_mae=0.2129  val_dice=0.7164  val_cls_acc=0.2598  val_mass_mape=0.2994
21:08:03 | INFO    | holoqpi.engine.trainer |   epoch 3 step 0/140 loss=0.8524
21:08:05 | INFO    | holoqpi.engine.trainer |   epoch 3 step 20/140 loss=0.8661
21:08:06 | INFO    | holoqpi.engine.trainer |   epoch 3 step 40/140 loss=0.8877
21:08:08 | INFO    | holoqpi.engine.trainer |   epoch 3 step 60/140 loss=0.9414
21:08:10 | INFO    | holoqpi.engine.trainer |   epoch 3 step 80/140 loss=0.7607
21:08:12 | INFO    | holoqpi.engine.trainer |   epoch 3 step 100/140 loss=0.7782
21:08:14 | INFO    | holoqpi.engine.trainer |   epoch 3 step 120/140 loss=0.7695
21:09:05 | INFO    | holoqpi.engine.trainer |   new best composite=0.7493
21:09:05 | INFO    | holoqpi.engine.trainer | epoch 3/60 (62s = 14s train + 48s val) | train_loss=0.8796  val_phase_mae=0.1970  val_dice=0.7730  val_cls_acc=0.2913  val_mass_mape=0.2772
21:09:05 | INFO    | holoqpi.engine.trainer |   epoch 4 step 0/140 loss=0.9445
21:09:07 | INFO    | holoqpi.engine.trainer |   epoch 4 step 20/140 loss=0.8976
21:09:09 | INFO    | holoqpi.engine.trainer |   epoch 4 step 40/140 loss=0.9095
21:09:11 | INFO    | holoqpi.engine.trainer |   epoch 4 step 60/140 loss=0.7055
21:09:13 | INFO    | holoqpi.engine.trainer |   epoch 4 step 80/140 loss=0.7367
21:09:14 | INFO    | holoqpi.engine.trainer |   epoch 4 step 100/140 loss=0.7887
21:09:16 | INFO    | holoqpi.engine.trainer |   epoch 4 step 120/140 loss=0.9095
21:10:07 | INFO    | holoqpi.engine.trainer |   new best composite=0.7692
21:10:07 | INFO    | holoqpi.engine.trainer | epoch 4/60 (62s = 13s train + 48s val) | train_loss=0.8224  val_phase_mae=0.1868  val_dice=0.7809  val_cls_acc=0.3071  val_mass_mape=0.2322
21:10:07 | INFO    | holoqpi.engine.trainer |   epoch 5 step 0/140 loss=0.9014
21:10:09 | INFO    | holoqpi.engine.trainer |   epoch 5 step 20/140 loss=0.8182
21:10:11 | INFO    | holoqpi.engine.trainer |   epoch 5 step 40/140 loss=0.6424
21:10:12 | INFO    | holoqpi.engine.trainer |   epoch 5 step 60/140 loss=0.6875
21:10:14 | INFO    | holoqpi.engine.trainer |   epoch 5 step 80/140 loss=0.7483
21:10:16 | INFO    | holoqpi.engine.trainer |   epoch 5 step 100/140 loss=0.8013
21:10:18 | INFO    | holoqpi.engine.trainer |   epoch 5 step 120/140 loss=0.7267
21:11:07 | INFO    | holoqpi.engine.trainer | epoch 5/60 (61s = 13s train + 48s val) | train_loss=0.7871  val_phase_mae=0.2003  val_dice=0.7768  val_cls_acc=0.3937  val_mass_mape=0.3165
21:11:08 | INFO    | holoqpi.engine.trainer |   epoch 6 step 0/140 loss=0.6941
21:11:10 | INFO    | holoqpi.engine.trainer |   epoch 6 step 20/140 loss=0.6856
21:11:11 | INFO    | holoqpi.engine.trainer |   epoch 6 step 40/140 loss=0.6605
21:11:13 | INFO    | holoqpi.engine.trainer |   epoch 6 step 60/140 loss=0.6539
21:11:15 | INFO    | holoqpi.engine.trainer |   epoch 6 step 80/140 loss=0.7056
21:11:17 | INFO    | holoqpi.engine.trainer |   epoch 6 step 100/140 loss=0.8965
21:11:19 | INFO    | holoqpi.engine.trainer |   epoch 6 step 120/140 loss=0.6895
21:12:08 | INFO    | holoqpi.engine.trainer | epoch 6/60 (60s = 13s train + 47s val) | train_loss=0.7493  val_phase_mae=0.2091  val_dice=0.7774  val_cls_acc=0.4016  val_mass_mape=0.3362
21:12:08 | INFO    | holoqpi.engine.trainer |   epoch 7 step 0/140 loss=0.9690
21:12:10 | INFO    | holoqpi.engine.trainer |   epoch 7 step 20/140 loss=0.7885
21:12:12 | INFO    | holoqpi.engine.trainer |   epoch 7 step 40/140 loss=0.7158
21:12:13 | INFO    | holoqpi.engine.trainer |   epoch 7 step 60/140 loss=0.6196
21:12:15 | INFO    | holoqpi.engine.trainer |   epoch 7 step 80/140 loss=0.7842
21:12:17 | INFO    | holoqpi.engine.trainer |   epoch 7 step 100/140 loss=0.7675
21:12:19 | INFO    | holoqpi.engine.trainer |   epoch 7 step 120/140 loss=0.7301
21:13:08 | INFO    | holoqpi.engine.trainer | epoch 7/60 (60s = 13s train + 47s val) | train_loss=0.7381  val_phase_mae=0.2034  val_dice=0.7940  val_cls_acc=0.2835  val_mass_mape=0.3461
21:13:08 | INFO    | holoqpi.engine.trainer |   epoch 8 step 0/140 loss=0.7055
21:13:10 | INFO    | holoqpi.engine.trainer |   epoch 8 step 20/140 loss=0.6790
21:13:12 | INFO    | holoqpi.engine.trainer |   epoch 8 step 40/140 loss=0.6211
21:13:14 | INFO    | holoqpi.engine.trainer |   epoch 8 step 60/140 loss=0.8056
21:13:15 | INFO    | holoqpi.engine.trainer |   epoch 8 step 80/140 loss=0.7051
21:13:17 | INFO    | holoqpi.engine.trainer |   epoch 8 step 100/140 loss=0.6499
21:13:19 | INFO    | holoqpi.engine.trainer |   epoch 8 step 120/140 loss=0.5964
21:14:08 | INFO    | holoqpi.engine.trainer |   new best composite=0.7740
21:14:08 | INFO    | holoqpi.engine.trainer | epoch 8/60 (60s = 13s train + 48s val) | train_loss=0.7230  val_phase_mae=0.1849  val_dice=0.7913  val_cls_acc=0.3307  val_mass_mape=0.2382
21:14:09 | INFO    | holoqpi.engine.trainer |   epoch 9 step 0/140 loss=0.6229
21:14:11 | INFO    | holoqpi.engine.trainer |   epoch 9 step 20/140 loss=0.7578
21:14:13 | INFO    | holoqpi.engine.trainer |   epoch 9 step 40/140 loss=0.6419
21:14:14 | INFO    | holoqpi.engine.trainer |   epoch 9 step 60/140 loss=0.7576
21:14:16 | INFO    | holoqpi.engine.trainer |   epoch 9 step 80/140 loss=0.7004
21:14:18 | INFO    | holoqpi.engine.trainer |   epoch 9 step 100/140 loss=0.6966
21:14:20 | INFO    | holoqpi.engine.trainer |   epoch 9 step 120/140 loss=0.5909
21:15:09 | INFO    | holoqpi.engine.trainer | epoch 9/60 (60s = 13s train + 47s val) | train_loss=0.7125  val_phase_mae=0.1922  val_dice=0.8002  val_cls_acc=0.3780  val_mass_mape=0.3061
21:15:09 | INFO    | holoqpi.engine.trainer |   epoch 10 step 0/140 loss=0.6342
21:15:11 | INFO    | holoqpi.engine.trainer |   epoch 10 step 20/140 loss=0.7124
21:15:13 | INFO    | holoqpi.engine.trainer |   epoch 10 step 40/140 loss=0.9701
21:15:15 | INFO    | holoqpi.engine.trainer |   epoch 10 step 60/140 loss=0.7986
21:15:16 | INFO    | holoqpi.engine.trainer |   epoch 10 step 80/140 loss=0.7305
21:15:18 | INFO    | holoqpi.engine.trainer |   epoch 10 step 100/140 loss=0.6466
21:15:20 | INFO    | holoqpi.engine.trainer |   epoch 10 step 120/140 loss=0.6184
21:16:10 | INFO    | holoqpi.engine.trainer | epoch 10/60 (61s = 13s train + 48s val) | train_loss=0.6997  val_phase_mae=0.1955  val_dice=0.8010  val_cls_acc=0.4409  val_mass_mape=0.2799
21:16:10 | INFO    | holoqpi.engine.trainer |   epoch 11 step 0/140 loss=0.6554
21:16:12 | INFO    | holoqpi.engine.trainer |   epoch 11 step 20/140 loss=0.7564
21:16:14 | INFO    | holoqpi.engine.trainer |   epoch 11 step 40/140 loss=0.5824
21:16:16 | INFO    | holoqpi.engine.trainer |   epoch 11 step 60/140 loss=0.5777
21:16:17 | INFO    | holoqpi.engine.trainer |   epoch 11 step 80/140 loss=0.8150
21:16:19 | INFO    | holoqpi.engine.trainer |   epoch 11 step 100/140 loss=0.8692
21:16:21 | INFO    | holoqpi.engine.trainer |   epoch 11 step 120/140 loss=0.8305
21:17:10 | INFO    | holoqpi.engine.trainer |   new best composite=0.7816
21:17:10 | INFO    | holoqpi.engine.trainer | epoch 11/60 (60s = 13s train + 47s val) | train_loss=0.6905  val_phase_mae=0.1860  val_dice=0.8035  val_cls_acc=0.4331  val_mass_mape=0.2519
21:17:11 | INFO    | holoqpi.engine.trainer |   epoch 12 step 0/140 loss=0.7512
21:17:12 | INFO    | holoqpi.engine.trainer |   epoch 12 step 20/140 loss=0.6035
21:17:14 | INFO    | holoqpi.engine.trainer |   epoch 12 step 40/140 loss=0.6799
21:17:16 | INFO    | holoqpi.engine.trainer |   epoch 12 step 60/140 loss=0.6548
21:17:18 | INFO    | holoqpi.engine.trainer |   epoch 12 step 80/140 loss=0.5722
21:17:20 | INFO    | holoqpi.engine.trainer |   epoch 12 step 100/140 loss=0.5939
21:17:21 | INFO    | holoqpi.engine.trainer |   epoch 12 step 120/140 loss=0.7291
21:18:11 | INFO    | holoqpi.engine.trainer |   new best composite=0.7970
21:18:11 | INFO    | holoqpi.engine.trainer | epoch 12/60 (60s = 13s train + 47s val) | train_loss=0.6726  val_phase_mae=0.1750  val_dice=0.8109  val_cls_acc=0.5039  val_mass_mape=0.2096
21:18:11 | INFO    | holoqpi.engine.trainer |   epoch 13 step 0/140 loss=0.7321
21:18:13 | INFO    | holoqpi.engine.trainer |   epoch 13 step 20/140 loss=0.8087
21:18:15 | INFO    | holoqpi.engine.trainer |   epoch 13 step 40/140 loss=0.6445
21:18:17 | INFO    | holoqpi.engine.trainer |   epoch 13 step 60/140 loss=0.5578
21:18:18 | INFO    | holoqpi.engine.trainer |   epoch 13 step 80/140 loss=0.5269
21:18:20 | INFO    | holoqpi.engine.trainer |   epoch 13 step 100/140 loss=0.7317
21:18:22 | INFO    | holoqpi.engine.trainer |   epoch 13 step 120/140 loss=0.6906
21:19:11 | INFO    | holoqpi.engine.trainer | epoch 13/60 (61s = 13s train + 47s val) | train_loss=0.6631  val_phase_mae=0.1850  val_dice=0.8028  val_cls_acc=0.3701  val_mass_mape=0.2230
21:19:12 | INFO    | holoqpi.engine.trainer |   epoch 14 step 0/140 loss=0.6831
21:19:14 | INFO    | holoqpi.engine.trainer |   epoch 14 step 20/140 loss=0.5659
21:19:15 | INFO    | holoqpi.engine.trainer |   epoch 14 step 40/140 loss=0.6741
21:19:17 | INFO    | holoqpi.engine.trainer |   epoch 14 step 60/140 loss=0.8304
21:19:19 | INFO    | holoqpi.engine.trainer |   epoch 14 step 80/140 loss=0.7061
21:19:21 | INFO    | holoqpi.engine.trainer |   epoch 14 step 100/140 loss=0.7413
21:19:23 | INFO    | holoqpi.engine.trainer |   epoch 14 step 120/140 loss=0.6062
21:20:11 | INFO    | holoqpi.engine.trainer | epoch 14/60 (60s = 13s train + 47s val) | train_loss=0.6623  val_phase_mae=0.1871  val_dice=0.7982  val_cls_acc=0.3780  val_mass_mape=0.2855
21:20:12 | INFO    | holoqpi.engine.trainer |   epoch 15 step 0/140 loss=0.5456
21:20:13 | INFO    | holoqpi.engine.trainer |   epoch 15 step 20/140 loss=0.6261
21:20:15 | INFO    | holoqpi.engine.trainer |   epoch 15 step 40/140 loss=0.6204
21:20:17 | INFO    | holoqpi.engine.trainer |   epoch 15 step 60/140 loss=0.7969
21:20:19 | INFO    | holoqpi.engine.trainer |   epoch 15 step 80/140 loss=0.6559
21:20:20 | INFO    | holoqpi.engine.trainer |   epoch 15 step 100/140 loss=0.6552
21:20:22 | INFO    | holoqpi.engine.trainer |   epoch 15 step 120/140 loss=0.6607
21:21:12 | INFO    | holoqpi.engine.trainer |   new best composite=0.7991
21:21:12 | INFO    | holoqpi.engine.trainer | epoch 15/60 (60s = 13s train + 47s val) | train_loss=0.6551  val_phase_mae=0.1761  val_dice=0.8111  val_cls_acc=0.5197  val_mass_mape=0.1975
21:21:12 | INFO    | holoqpi.engine.trainer |   epoch 16 step 0/140 loss=0.7494
21:21:14 | INFO    | holoqpi.engine.trainer |   epoch 16 step 20/140 loss=0.6734
21:21:16 | INFO    | holoqpi.engine.trainer |   epoch 16 step 40/140 loss=0.5283
21:21:18 | INFO    | holoqpi.engine.trainer |   epoch 16 step 60/140 loss=0.6649
21:21:19 | INFO    | holoqpi.engine.trainer |   epoch 16 step 80/140 loss=0.8175
21:21:21 | INFO    | holoqpi.engine.trainer |   epoch 16 step 100/140 loss=0.6198
21:21:23 | INFO    | holoqpi.engine.trainer |   epoch 16 step 120/140 loss=0.5460
21:22:12 | INFO    | holoqpi.engine.trainer | epoch 16/60 (60s = 13s train + 47s val) | train_loss=0.6535  val_phase_mae=0.1808  val_dice=0.8093  val_cls_acc=0.5039  val_mass_mape=0.2221
21:22:12 | INFO    | holoqpi.engine.trainer |   epoch 17 step 0/140 loss=0.6832
21:22:14 | INFO    | holoqpi.engine.trainer |   epoch 17 step 20/140 loss=0.6278
21:22:16 | INFO    | holoqpi.engine.trainer |   epoch 17 step 40/140 loss=0.6088
21:22:18 | INFO    | holoqpi.engine.trainer |   epoch 17 step 60/140 loss=0.5109
21:22:20 | INFO    | holoqpi.engine.trainer |   epoch 17 step 80/140 loss=0.7902
21:22:21 | INFO    | holoqpi.engine.trainer |   epoch 17 step 100/140 loss=0.5445
21:22:23 | INFO    | holoqpi.engine.trainer |   epoch 17 step 120/140 loss=0.6238
21:23:12 | INFO    | holoqpi.engine.trainer | epoch 17/60 (60s = 13s train + 47s val) | train_loss=0.6397  val_phase_mae=0.1796  val_dice=0.8064  val_cls_acc=0.4331  val_mass_mape=0.2159
21:23:12 | INFO    | holoqpi.engine.trainer |   epoch 18 step 0/140 loss=0.6150
21:23:14 | INFO    | holoqpi.engine.trainer |   epoch 18 step 20/140 loss=0.7608
21:23:16 | INFO    | holoqpi.engine.trainer |   epoch 18 step 40/140 loss=0.8742
21:23:18 | INFO    | holoqpi.engine.trainer |   epoch 18 step 60/140 loss=0.6217
21:23:20 | INFO    | holoqpi.engine.trainer |   epoch 18 step 80/140 loss=0.5394
21:23:21 | INFO    | holoqpi.engine.trainer |   epoch 18 step 100/140 loss=0.7756
21:23:23 | INFO    | holoqpi.engine.trainer |   epoch 18 step 120/140 loss=0.6052
21:24:13 | INFO    | holoqpi.engine.trainer | epoch 18/60 (61s = 13s train + 48s val) | train_loss=0.6479  val_phase_mae=0.1814  val_dice=0.8024  val_cls_acc=0.4567  val_mass_mape=0.2130
21:24:13 | INFO    | holoqpi.engine.trainer |   epoch 19 step 0/140 loss=0.5735
21:24:15 | INFO    | holoqpi.engine.trainer |   epoch 19 step 20/140 loss=0.5887
21:24:17 | INFO    | holoqpi.engine.trainer |   epoch 19 step 40/140 loss=0.6142
21:24:19 | INFO    | holoqpi.engine.trainer |   epoch 19 step 60/140 loss=0.5779
21:24:21 | INFO    | holoqpi.engine.trainer |   epoch 19 step 80/140 loss=0.5485
21:24:22 | INFO    | holoqpi.engine.trainer |   epoch 19 step 100/140 loss=0.7800
21:24:24 | INFO    | holoqpi.engine.trainer |   epoch 19 step 120/140 loss=0.5812
21:25:14 | INFO    | holoqpi.engine.trainer |   new best composite=0.8018
21:25:14 | INFO    | holoqpi.engine.trainer | epoch 19/60 (61s = 13s train + 48s val) | train_loss=0.6314  val_phase_mae=0.1760  val_dice=0.8130  val_cls_acc=0.4724  val_mass_mape=0.1909
21:25:14 | INFO    | holoqpi.engine.trainer |   epoch 20 step 0/140 loss=0.5517
21:25:16 | INFO    | holoqpi.engine.trainer |   epoch 20 step 20/140 loss=0.5412
21:25:18 | INFO    | holoqpi.engine.trainer |   epoch 20 step 40/140 loss=0.5271
21:25:20 | INFO    | holoqpi.engine.trainer |   epoch 20 step 60/140 loss=0.6099
21:25:22 | INFO    | holoqpi.engine.trainer |   epoch 20 step 80/140 loss=0.6200
21:25:23 | INFO    | holoqpi.engine.trainer |   epoch 20 step 100/140 loss=0.6679
21:25:25 | INFO    | holoqpi.engine.trainer |   epoch 20 step 120/140 loss=0.6648
21:26:14 | INFO    | holoqpi.engine.trainer | epoch 20/60 (60s = 13s train + 47s val) | train_loss=0.6412  val_phase_mae=0.1773  val_dice=0.8145  val_cls_acc=0.4331  val_mass_mape=0.1998
21:26:15 | INFO    | holoqpi.engine.trainer |   epoch 21 step 0/140 loss=0.5673
21:26:17 | INFO    | holoqpi.engine.trainer |   epoch 21 step 20/140 loss=0.5445
21:26:18 | INFO    | holoqpi.engine.trainer |   epoch 21 step 40/140 loss=0.7624
21:26:20 | INFO    | holoqpi.engine.trainer |   epoch 21 step 60/140 loss=0.5086
21:26:22 | INFO    | holoqpi.engine.trainer |   epoch 21 step 80/140 loss=0.5443
21:26:24 | INFO    | holoqpi.engine.trainer |   epoch 21 step 100/140 loss=0.7717
21:26:26 | INFO    | holoqpi.engine.trainer |   epoch 21 step 120/140 loss=0.5363
21:27:15 | INFO    | holoqpi.engine.trainer | epoch 21/60 (60s = 13s train + 47s val) | train_loss=0.6182  val_phase_mae=0.1737  val_dice=0.8127  val_cls_acc=0.5433  val_mass_mape=0.2263
21:27:15 | INFO    | holoqpi.engine.trainer |   epoch 22 step 0/140 loss=0.5358
21:27:17 | INFO    | holoqpi.engine.trainer |   epoch 22 step 20/140 loss=0.7034
21:27:19 | INFO    | holoqpi.engine.trainer |   epoch 22 step 40/140 loss=0.5890
21:27:21 | INFO    | holoqpi.engine.trainer |   epoch 22 step 60/140 loss=0.7324
21:27:22 | INFO    | holoqpi.engine.trainer |   epoch 22 step 80/140 loss=0.5458
21:27:24 | INFO    | holoqpi.engine.trainer |   epoch 22 step 100/140 loss=0.5623
21:27:26 | INFO    | holoqpi.engine.trainer |   epoch 22 step 120/140 loss=0.5529
21:28:15 | INFO    | holoqpi.engine.trainer | epoch 22/60 (60s = 13s train + 47s val) | train_loss=0.6130  val_phase_mae=0.1812  val_dice=0.8123  val_cls_acc=0.6063  val_mass_mape=0.2251
21:28:16 | INFO    | holoqpi.engine.trainer |   epoch 23 step 0/140 loss=0.6453
21:28:18 | INFO    | holoqpi.engine.trainer |   epoch 23 step 20/140 loss=0.5878
21:28:19 | INFO    | holoqpi.engine.trainer |   epoch 23 step 40/140 loss=0.5685
21:28:21 | INFO    | holoqpi.engine.trainer |   epoch 23 step 60/140 loss=0.5167
21:28:23 | INFO    | holoqpi.engine.trainer |   epoch 23 step 80/140 loss=0.5192
21:28:25 | INFO    | holoqpi.engine.trainer |   epoch 23 step 100/140 loss=0.6490
21:28:27 | INFO    | holoqpi.engine.trainer |   epoch 23 step 120/140 loss=0.6816
21:29:16 | INFO    | holoqpi.engine.trainer | epoch 23/60 (61s = 13s train + 48s val) | train_loss=0.6081  val_phase_mae=0.1761  val_dice=0.8141  val_cls_acc=0.4803  val_mass_mape=0.2770
21:29:16 | INFO    | holoqpi.engine.trainer |   epoch 24 step 0/140 loss=0.6855
21:29:18 | INFO    | holoqpi.engine.trainer |   epoch 24 step 20/140 loss=0.6511
21:29:20 | INFO    | holoqpi.engine.trainer |   epoch 24 step 40/140 loss=0.6373
21:29:22 | INFO    | holoqpi.engine.trainer |   epoch 24 step 60/140 loss=0.6763
21:29:24 | INFO    | holoqpi.engine.trainer |   epoch 24 step 80/140 loss=0.6011
21:29:25 | INFO    | holoqpi.engine.trainer |   epoch 24 step 100/140 loss=0.7911
21:29:27 | INFO    | holoqpi.engine.trainer |   epoch 24 step 120/140 loss=0.6404
21:30:17 | INFO    | holoqpi.engine.trainer | epoch 24/60 (61s = 13s train + 48s val) | train_loss=0.6075  val_phase_mae=0.1827  val_dice=0.8137  val_cls_acc=0.6142  val_mass_mape=0.2459
21:30:17 | INFO    | holoqpi.engine.trainer |   epoch 25 step 0/140 loss=0.5678
21:30:19 | INFO    | holoqpi.engine.trainer |   epoch 25 step 20/140 loss=0.5589
21:30:21 | INFO    | holoqpi.engine.trainer |   epoch 25 step 40/140 loss=0.5899
21:30:23 | INFO    | holoqpi.engine.trainer |   epoch 25 step 60/140 loss=0.5834
21:30:24 | INFO    | holoqpi.engine.trainer |   epoch 25 step 80/140 loss=0.5814
21:30:26 | INFO    | holoqpi.engine.trainer |   epoch 25 step 100/140 loss=0.5313
21:30:28 | INFO    | holoqpi.engine.trainer |   epoch 25 step 120/140 loss=0.4940
21:31:19 | INFO    | holoqpi.engine.trainer | epoch 25/60 (62s = 13s train + 49s val) | train_loss=0.6120  val_phase_mae=0.1754  val_dice=0.8089  val_cls_acc=0.6063  val_mass_mape=0.1980
21:31:19 | INFO    | holoqpi.engine.trainer |   epoch 26 step 0/140 loss=0.5157
21:31:21 | INFO    | holoqpi.engine.trainer |   epoch 26 step 20/140 loss=0.5856
21:31:23 | INFO    | holoqpi.engine.trainer |   epoch 26 step 40/140 loss=0.5136
21:31:25 | INFO    | holoqpi.engine.trainer |   epoch 26 step 60/140 loss=0.5617
21:31:27 | INFO    | holoqpi.engine.trainer |   epoch 26 step 80/140 loss=0.6331
21:31:28 | INFO    | holoqpi.engine.trainer |   epoch 26 step 100/140 loss=0.7359
21:31:30 | INFO    | holoqpi.engine.trainer |   epoch 26 step 120/140 loss=0.5934
21:32:19 | INFO    | holoqpi.engine.trainer | epoch 26/60 (61s = 13s train + 47s val) | train_loss=0.6016  val_phase_mae=0.1812  val_dice=0.8141  val_cls_acc=0.6220  val_mass_mape=0.2205
21:32:20 | INFO    | holoqpi.engine.trainer |   epoch 27 step 0/140 loss=0.4893
21:32:21 | INFO    | holoqpi.engine.trainer |   epoch 27 step 20/140 loss=0.5385
21:32:23 | INFO    | holoqpi.engine.trainer |   epoch 27 step 40/140 loss=0.5545
21:32:25 | INFO    | holoqpi.engine.trainer |   epoch 27 step 60/140 loss=0.6459
21:32:27 | INFO    | holoqpi.engine.trainer |   epoch 27 step 80/140 loss=0.5595
21:32:29 | INFO    | holoqpi.engine.trainer |   epoch 27 step 100/140 loss=0.5963
21:32:31 | INFO    | holoqpi.engine.trainer |   epoch 27 step 120/140 loss=0.7697
21:33:20 | INFO    | holoqpi.engine.trainer | epoch 27/60 (60s = 13s train + 47s val) | train_loss=0.5926  val_phase_mae=0.1764  val_dice=0.8148  val_cls_acc=0.4961  val_mass_mape=0.2358
21:33:20 | INFO    | holoqpi.engine.trainer |   epoch 28 step 0/140 loss=0.6664
21:33:22 | INFO    | holoqpi.engine.trainer |   epoch 28 step 20/140 loss=0.4434
21:33:24 | INFO    | holoqpi.engine.trainer |   epoch 28 step 40/140 loss=0.4196
21:33:26 | INFO    | holoqpi.engine.trainer |   epoch 28 step 60/140 loss=0.7400
21:33:27 | INFO    | holoqpi.engine.trainer |   epoch 28 step 80/140 loss=0.4819
21:33:29 | INFO    | holoqpi.engine.trainer |   epoch 28 step 100/140 loss=0.6598
21:33:31 | INFO    | holoqpi.engine.trainer |   epoch 28 step 120/140 loss=0.5501
21:34:20 | INFO    | holoqpi.engine.trainer | epoch 28/60 (61s = 13s train + 48s val) | train_loss=0.5907  val_phase_mae=0.1755  val_dice=0.8169  val_cls_acc=0.5197  val_mass_mape=0.2098
21:34:21 | INFO    | holoqpi.engine.trainer |   epoch 29 step 0/140 loss=0.4527
21:34:23 | INFO    | holoqpi.engine.trainer |   epoch 29 step 20/140 loss=0.5926
21:34:25 | INFO    | holoqpi.engine.trainer |   epoch 29 step 40/140 loss=0.6453
21:34:26 | INFO    | holoqpi.engine.trainer |   epoch 29 step 60/140 loss=0.5814
21:34:28 | INFO    | holoqpi.engine.trainer |   epoch 29 step 80/140 loss=0.4693
21:34:30 | INFO    | holoqpi.engine.trainer |   epoch 29 step 100/140 loss=0.5314
21:34:32 | INFO    | holoqpi.engine.trainer |   epoch 29 step 120/140 loss=0.5112
21:35:22 | INFO    | holoqpi.engine.trainer | epoch 29/60 (61s = 13s train + 48s val) | train_loss=0.5659  val_phase_mae=0.1769  val_dice=0.8068  val_cls_acc=0.6063  val_mass_mape=0.2309
21:35:22 | INFO    | holoqpi.engine.trainer |   epoch 30 step 0/140 loss=0.6196
21:35:24 | INFO    | holoqpi.engine.trainer |   epoch 30 step 20/140 loss=0.6109
21:35:26 | INFO    | holoqpi.engine.trainer |   epoch 30 step 40/140 loss=0.6915
21:35:28 | INFO    | holoqpi.engine.trainer |   epoch 30 step 60/140 loss=0.4730
21:35:30 | INFO    | holoqpi.engine.trainer |   epoch 30 step 80/140 loss=0.5035
21:35:32 | INFO    | holoqpi.engine.trainer |   epoch 30 step 100/140 loss=0.5158
21:35:34 | INFO    | holoqpi.engine.trainer |   epoch 30 step 120/140 loss=0.5759
21:36:23 | INFO    | holoqpi.engine.trainer |   new best composite=0.8030
21:36:23 | INFO    | holoqpi.engine.trainer | epoch 30/60 (61s = 13s train + 48s val) | train_loss=0.5880  val_phase_mae=0.1723  val_dice=0.8145  val_cls_acc=0.5669  val_mass_mape=0.1953
21:36:24 | INFO    | holoqpi.engine.trainer |   epoch 31 step 0/140 loss=0.5437
21:36:26 | INFO    | holoqpi.engine.trainer |   epoch 31 step 20/140 loss=0.6216
21:36:27 | INFO    | holoqpi.engine.trainer |   epoch 31 step 40/140 loss=0.5089
21:36:29 | INFO    | holoqpi.engine.trainer |   epoch 31 step 60/140 loss=0.6018
21:36:31 | INFO    | holoqpi.engine.trainer |   epoch 31 step 80/140 loss=0.5525
21:36:33 | INFO    | holoqpi.engine.trainer |   epoch 31 step 100/140 loss=0.4575
21:36:34 | INFO    | holoqpi.engine.trainer |   epoch 31 step 120/140 loss=0.6620
21:37:24 | INFO    | holoqpi.engine.trainer |   new best composite=0.8040
21:37:24 | INFO    | holoqpi.engine.trainer | epoch 31/60 (60s = 13s train + 47s val) | train_loss=0.5808  val_phase_mae=0.1728  val_dice=0.8148  val_cls_acc=0.5512  val_mass_mape=0.1924
21:37:24 | INFO    | holoqpi.engine.trainer |   epoch 32 step 0/140 loss=0.4665
21:37:26 | INFO    | holoqpi.engine.trainer |   epoch 32 step 20/140 loss=0.5270
21:37:28 | INFO    | holoqpi.engine.trainer |   epoch 32 step 40/140 loss=0.4078
21:37:30 | INFO    | holoqpi.engine.trainer |   epoch 32 step 60/140 loss=0.7283
21:37:32 | INFO    | holoqpi.engine.trainer |   epoch 32 step 80/140 loss=0.5399
21:37:33 | INFO    | holoqpi.engine.trainer |   epoch 32 step 100/140 loss=0.5881
21:37:35 | INFO    | holoqpi.engine.trainer |   epoch 32 step 120/140 loss=0.5644
21:38:24 | INFO    | holoqpi.engine.trainer | epoch 32/60 (60s = 13s train + 48s val) | train_loss=0.5700  val_phase_mae=0.1729  val_dice=0.8181  val_cls_acc=0.6457  val_mass_mape=0.2009
21:38:25 | INFO    | holoqpi.engine.trainer |   epoch 33 step 0/140 loss=0.5382
21:38:27 | INFO    | holoqpi.engine.trainer |   epoch 33 step 20/140 loss=0.6600
21:38:28 | INFO    | holoqpi.engine.trainer |   epoch 33 step 40/140 loss=0.5980
21:38:30 | INFO    | holoqpi.engine.trainer |   epoch 33 step 60/140 loss=0.5463
21:38:32 | INFO    | holoqpi.engine.trainer |   epoch 33 step 80/140 loss=0.6933
21:38:34 | INFO    | holoqpi.engine.trainer |   epoch 33 step 100/140 loss=0.5935
21:38:36 | INFO    | holoqpi.engine.trainer |   epoch 33 step 120/140 loss=0.4792
21:39:25 | INFO    | holoqpi.engine.trainer | epoch 33/60 (61s = 13s train + 48s val) | train_loss=0.5549  val_phase_mae=0.1729  val_dice=0.8024  val_cls_acc=0.6535  val_mass_mape=0.2192
21:39:26 | INFO    | holoqpi.engine.trainer |   epoch 34 step 0/140 loss=0.6268
21:39:27 | INFO    | holoqpi.engine.trainer |   epoch 34 step 20/140 loss=0.6610
21:39:29 | INFO    | holoqpi.engine.trainer |   epoch 34 step 40/140 loss=0.5453
21:39:31 | INFO    | holoqpi.engine.trainer |   epoch 34 step 60/140 loss=0.6470
21:39:33 | INFO    | holoqpi.engine.trainer |   epoch 34 step 80/140 loss=0.5482
21:39:35 | INFO    | holoqpi.engine.trainer |   epoch 34 step 100/140 loss=0.4377
21:39:36 | INFO    | holoqpi.engine.trainer |   epoch 34 step 120/140 loss=0.5664
21:40:26 | INFO    | holoqpi.engine.trainer | epoch 34/60 (61s = 13s train + 48s val) | train_loss=0.5543  val_phase_mae=0.1780  val_dice=0.8186  val_cls_acc=0.6772  val_mass_mape=0.2198
21:40:27 | INFO    | holoqpi.engine.trainer |   epoch 35 step 0/140 loss=0.6864
21:40:28 | INFO    | holoqpi.engine.trainer |   epoch 35 step 20/140 loss=0.4103
21:40:30 | INFO    | holoqpi.engine.trainer |   epoch 35 step 40/140 loss=0.5888
21:40:32 | INFO    | holoqpi.engine.trainer |   epoch 35 step 60/140 loss=0.6192
21:40:34 | INFO    | holoqpi.engine.trainer |   epoch 35 step 80/140 loss=0.5237
21:40:36 | INFO    | holoqpi.engine.trainer |   epoch 35 step 100/140 loss=0.5826
21:40:37 | INFO    | holoqpi.engine.trainer |   epoch 35 step 120/140 loss=0.6040
21:41:27 | INFO    | holoqpi.engine.trainer |   new best composite=0.8087
21:41:27 | INFO    | holoqpi.engine.trainer | epoch 35/60 (61s = 13s train + 48s val) | train_loss=0.5541  val_phase_mae=0.1686  val_dice=0.8200  val_cls_acc=0.5906  val_mass_mape=0.1868
21:41:28 | INFO    | holoqpi.engine.trainer |   epoch 36 step 0/140 loss=0.5701
21:41:29 | INFO    | holoqpi.engine.trainer |   epoch 36 step 20/140 loss=0.4800
21:41:31 | INFO    | holoqpi.engine.trainer |   epoch 36 step 40/140 loss=0.7258
21:41:33 | INFO    | holoqpi.engine.trainer |   epoch 36 step 60/140 loss=0.5100
21:41:35 | INFO    | holoqpi.engine.trainer |   epoch 36 step 80/140 loss=0.6935
21:41:37 | INFO    | holoqpi.engine.trainer |   epoch 36 step 100/140 loss=0.4228
21:41:39 | INFO    | holoqpi.engine.trainer |   epoch 36 step 120/140 loss=0.7656
21:42:27 | INFO    | holoqpi.engine.trainer | epoch 36/60 (60s = 13s train + 47s val) | train_loss=0.5622  val_phase_mae=0.1803  val_dice=0.8193  val_cls_acc=0.5906  val_mass_mape=0.2399
21:42:28 | INFO    | holoqpi.engine.trainer |   epoch 37 step 0/140 loss=0.3576
21:42:30 | INFO    | holoqpi.engine.trainer |   epoch 37 step 20/140 loss=0.4902
21:42:32 | INFO    | holoqpi.engine.trainer |   epoch 37 step 40/140 loss=0.7098
21:42:33 | INFO    | holoqpi.engine.trainer |   epoch 37 step 60/140 loss=0.3629
21:42:35 | INFO    | holoqpi.engine.trainer |   epoch 37 step 80/140 loss=0.6632
21:42:37 | INFO    | holoqpi.engine.trainer |   epoch 37 step 100/140 loss=0.5174
21:42:39 | INFO    | holoqpi.engine.trainer |   epoch 37 step 120/140 loss=0.5875
21:43:28 | INFO    | holoqpi.engine.trainer | epoch 37/60 (61s = 13s train + 48s val) | train_loss=0.5441  val_phase_mae=0.1781  val_dice=0.8154  val_cls_acc=0.5354  val_mass_mape=0.2141
21:43:29 | INFO    | holoqpi.engine.trainer |   epoch 38 step 0/140 loss=0.7180
21:43:31 | INFO    | holoqpi.engine.trainer |   epoch 38 step 20/140 loss=0.6211
21:43:33 | INFO    | holoqpi.engine.trainer |   epoch 38 step 40/140 loss=0.6680
21:43:34 | INFO    | holoqpi.engine.trainer |   epoch 38 step 60/140 loss=0.5904
21:43:36 | INFO    | holoqpi.engine.trainer |   epoch 38 step 80/140 loss=0.7259
21:43:38 | INFO    | holoqpi.engine.trainer |   epoch 38 step 100/140 loss=0.4282
21:43:40 | INFO    | holoqpi.engine.trainer |   epoch 38 step 120/140 loss=0.4525
21:44:29 | INFO    | holoqpi.engine.trainer | epoch 38/60 (61s = 13s train + 47s val) | train_loss=0.5438  val_phase_mae=0.1715  val_dice=0.8205  val_cls_acc=0.5669  val_mass_mape=0.1975
21:44:29 | INFO    | holoqpi.engine.trainer |   epoch 39 step 0/140 loss=0.4551
21:44:31 | INFO    | holoqpi.engine.trainer |   epoch 39 step 20/140 loss=0.5393
21:44:33 | INFO    | holoqpi.engine.trainer |   epoch 39 step 40/140 loss=0.7520
21:44:35 | INFO    | holoqpi.engine.trainer |   epoch 39 step 60/140 loss=0.4771
21:44:37 | INFO    | holoqpi.engine.trainer |   epoch 39 step 80/140 loss=0.3989
21:44:39 | INFO    | holoqpi.engine.trainer |   epoch 39 step 100/140 loss=0.4555
21:44:40 | INFO    | holoqpi.engine.trainer |   epoch 39 step 120/140 loss=0.4730
21:45:30 | INFO    | holoqpi.engine.trainer | epoch 39/60 (61s = 13s train + 48s val) | train_loss=0.5480  val_phase_mae=0.1741  val_dice=0.8207  val_cls_acc=0.5906  val_mass_mape=0.2013
21:45:30 | INFO    | holoqpi.engine.trainer |   epoch 40 step 0/140 loss=0.4050
21:45:32 | INFO    | holoqpi.engine.trainer |   epoch 40 step 20/140 loss=0.5691
21:45:34 | INFO    | holoqpi.engine.trainer |   epoch 40 step 40/140 loss=0.5561
21:45:36 | INFO    | holoqpi.engine.trainer |   epoch 40 step 60/140 loss=0.4976
21:45:37 | INFO    | holoqpi.engine.trainer |   epoch 40 step 80/140 loss=0.4526
21:45:39 | INFO    | holoqpi.engine.trainer |   epoch 40 step 100/140 loss=0.5113
21:45:41 | INFO    | holoqpi.engine.trainer |   epoch 40 step 120/140 loss=0.4598
21:46:31 | INFO    | holoqpi.engine.trainer |   new best composite=0.8098
21:46:31 | INFO    | holoqpi.engine.trainer | epoch 40/60 (61s = 13s train + 48s val) | train_loss=0.5365  val_phase_mae=0.1715  val_dice=0.8215  val_cls_acc=0.6772  val_mass_mape=0.1870
21:46:31 | INFO    | holoqpi.engine.trainer |   epoch 41 step 0/140 loss=0.4775
21:46:33 | INFO    | holoqpi.engine.trainer |   epoch 41 step 20/140 loss=0.5519
21:46:35 | INFO    | holoqpi.engine.trainer |   epoch 41 step 40/140 loss=0.4256
21:46:37 | INFO    | holoqpi.engine.trainer |   epoch 41 step 60/140 loss=0.4746
21:46:39 | INFO    | holoqpi.engine.trainer |   epoch 41 step 80/140 loss=0.5684
21:46:40 | INFO    | holoqpi.engine.trainer |   epoch 41 step 100/140 loss=0.5488
21:46:42 | INFO    | holoqpi.engine.trainer |   epoch 41 step 120/140 loss=0.5580
21:47:32 | INFO    | holoqpi.engine.trainer | epoch 41/60 (61s = 13s train + 48s val) | train_loss=0.5236  val_phase_mae=0.1715  val_dice=0.8218  val_cls_acc=0.5512  val_mass_mape=0.1933
21:47:32 | INFO    | holoqpi.engine.trainer |   epoch 42 step 0/140 loss=0.4547
21:47:34 | INFO    | holoqpi.engine.trainer |   epoch 42 step 20/140 loss=0.4090
21:47:36 | INFO    | holoqpi.engine.trainer |   epoch 42 step 40/140 loss=0.5007
21:47:38 | INFO    | holoqpi.engine.trainer |   epoch 42 step 60/140 loss=0.5552
21:47:39 | INFO    | holoqpi.engine.trainer |   epoch 42 step 80/140 loss=0.5283
21:47:41 | INFO    | holoqpi.engine.trainer |   epoch 42 step 100/140 loss=0.7467
21:47:43 | INFO    | holoqpi.engine.trainer |   epoch 42 step 120/140 loss=0.4501
21:48:32 | INFO    | holoqpi.engine.trainer | epoch 42/60 (60s = 13s train + 47s val) | train_loss=0.5322  val_phase_mae=0.1716  val_dice=0.8177  val_cls_acc=0.6063  val_mass_mape=0.1924
21:48:33 | INFO    | holoqpi.engine.trainer |   epoch 43 step 0/140 loss=0.5410
21:48:34 | INFO    | holoqpi.engine.trainer |   epoch 43 step 20/140 loss=0.4191
21:48:36 | INFO    | holoqpi.engine.trainer |   epoch 43 step 40/140 loss=0.5317
21:48:38 | INFO    | holoqpi.engine.trainer |   epoch 43 step 60/140 loss=0.4247
21:48:40 | INFO    | holoqpi.engine.trainer |   epoch 43 step 80/140 loss=0.7698
21:48:42 | INFO    | holoqpi.engine.trainer |   epoch 43 step 100/140 loss=0.4455
21:48:44 | INFO    | holoqpi.engine.trainer |   epoch 43 step 120/140 loss=0.4445
21:49:33 | INFO    | holoqpi.engine.trainer | epoch 43/60 (61s = 13s train + 48s val) | train_loss=0.5152  val_phase_mae=0.1713  val_dice=0.8163  val_cls_acc=0.6220  val_mass_mape=0.1991
21:49:34 | INFO    | holoqpi.engine.trainer |   epoch 44 step 0/140 loss=0.5567
21:49:35 | INFO    | holoqpi.engine.trainer |   epoch 44 step 20/140 loss=0.4329
21:49:37 | INFO    | holoqpi.engine.trainer |   epoch 44 step 40/140 loss=0.9115
21:49:39 | INFO    | holoqpi.engine.trainer |   epoch 44 step 60/140 loss=0.5015
21:49:41 | INFO    | holoqpi.engine.trainer |   epoch 44 step 80/140 loss=0.5762
21:49:43 | INFO    | holoqpi.engine.trainer |   epoch 44 step 100/140 loss=0.6908
21:49:44 | INFO    | holoqpi.engine.trainer |   epoch 44 step 120/140 loss=0.4224
21:50:34 | INFO    | holoqpi.engine.trainer | epoch 44/60 (61s = 13s train + 48s val) | train_loss=0.5255  val_phase_mae=0.1711  val_dice=0.8204  val_cls_acc=0.5591  val_mass_mape=0.2061
21:50:35 | INFO    | holoqpi.engine.trainer |   epoch 45 step 0/140 loss=0.5234
21:50:37 | INFO    | holoqpi.engine.trainer |   epoch 45 step 20/140 loss=0.5971
21:50:38 | INFO    | holoqpi.engine.trainer |   epoch 45 step 40/140 loss=0.5202
21:50:40 | INFO    | holoqpi.engine.trainer |   epoch 45 step 60/140 loss=0.4954
21:50:42 | INFO    | holoqpi.engine.trainer |   epoch 45 step 80/140 loss=0.4480
21:50:44 | INFO    | holoqpi.engine.trainer |   epoch 45 step 100/140 loss=0.5646
21:50:46 | INFO    | holoqpi.engine.trainer |   epoch 45 step 120/140 loss=0.5104
21:51:35 | INFO    | holoqpi.engine.trainer | epoch 45/60 (61s = 13s train + 48s val) | train_loss=0.5173  val_phase_mae=0.1708  val_dice=0.8222  val_cls_acc=0.5197  val_mass_mape=0.1893
21:51:36 | INFO    | holoqpi.engine.trainer |   epoch 46 step 0/140 loss=0.4146
21:51:37 | INFO    | holoqpi.engine.trainer |   epoch 46 step 20/140 loss=0.4208
21:51:39 | INFO    | holoqpi.engine.trainer |   epoch 46 step 40/140 loss=0.4640
21:51:41 | INFO    | holoqpi.engine.trainer |   epoch 46 step 60/140 loss=0.4565
21:51:43 | INFO    | holoqpi.engine.trainer |   epoch 46 step 80/140 loss=0.5619
21:51:45 | INFO    | holoqpi.engine.trainer |   epoch 46 step 100/140 loss=0.5710
21:51:46 | INFO    | holoqpi.engine.trainer |   epoch 46 step 120/140 loss=0.4275
21:52:36 | INFO    | holoqpi.engine.trainer | epoch 46/60 (61s = 13s train + 47s val) | train_loss=0.5150  val_phase_mae=0.1736  val_dice=0.8212  val_cls_acc=0.5591  val_mass_mape=0.2038
21:52:36 | INFO    | holoqpi.engine.trainer |   epoch 47 step 0/140 loss=0.5173
21:52:38 | INFO    | holoqpi.engine.trainer |   epoch 47 step 20/140 loss=0.5072
21:52:40 | INFO    | holoqpi.engine.trainer |   epoch 47 step 40/140 loss=0.4944
21:52:42 | INFO    | holoqpi.engine.trainer |   epoch 47 step 60/140 loss=0.3854
21:52:43 | INFO    | holoqpi.engine.trainer |   epoch 47 step 80/140 loss=0.6215
21:52:45 | INFO    | holoqpi.engine.trainer |   epoch 47 step 100/140 loss=0.4702
21:52:47 | INFO    | holoqpi.engine.trainer |   epoch 47 step 120/140 loss=0.3931
21:53:36 | INFO    | holoqpi.engine.trainer |   new best composite=0.8105
21:53:36 | INFO    | holoqpi.engine.trainer | epoch 47/60 (61s = 13s train + 48s val) | train_loss=0.5077  val_phase_mae=0.1682  val_dice=0.8227  val_cls_acc=0.6693  val_mass_mape=0.1876
21:53:37 | INFO    | holoqpi.engine.trainer |   epoch 48 step 0/140 loss=0.4639
21:53:39 | INFO    | holoqpi.engine.trainer |   epoch 48 step 20/140 loss=0.4623
21:53:41 | INFO    | holoqpi.engine.trainer |   epoch 48 step 40/140 loss=0.4709
21:53:42 | INFO    | holoqpi.engine.trainer |   epoch 48 step 60/140 loss=0.5568
21:53:44 | INFO    | holoqpi.engine.trainer |   epoch 48 step 80/140 loss=0.4265
21:53:46 | INFO    | holoqpi.engine.trainer |   epoch 48 step 100/140 loss=0.4409
21:53:48 | INFO    | holoqpi.engine.trainer |   epoch 48 step 120/140 loss=0.4463
21:54:38 | INFO    | holoqpi.engine.trainer | epoch 48/60 (61s = 13s train + 48s val) | train_loss=0.5038  val_phase_mae=0.1696  val_dice=0.8212  val_cls_acc=0.5827  val_mass_mape=0.1841
21:54:38 | INFO    | holoqpi.engine.trainer |   epoch 49 step 0/140 loss=0.6301
21:54:40 | INFO    | holoqpi.engine.trainer |   epoch 49 step 20/140 loss=0.6871
21:54:42 | INFO    | holoqpi.engine.trainer |   epoch 49 step 40/140 loss=0.5439
21:54:44 | INFO    | holoqpi.engine.trainer |   epoch 49 step 60/140 loss=0.4220
21:54:46 | INFO    | holoqpi.engine.trainer |   epoch 49 step 80/140 loss=0.3599
21:54:48 | INFO    | holoqpi.engine.trainer |   epoch 49 step 100/140 loss=0.5588
21:54:49 | INFO    | holoqpi.engine.trainer |   epoch 49 step 120/140 loss=0.4475
21:55:40 | INFO    | holoqpi.engine.trainer | epoch 49/60 (62s = 13s train + 48s val) | train_loss=0.5016  val_phase_mae=0.1695  val_dice=0.8226  val_cls_acc=0.5197  val_mass_mape=0.1892
21:55:40 | INFO    | holoqpi.engine.trainer |   epoch 50 step 0/140 loss=0.6143
21:55:42 | INFO    | holoqpi.engine.trainer |   epoch 50 step 20/140 loss=0.4529
21:55:44 | INFO    | holoqpi.engine.trainer |   epoch 50 step 40/140 loss=0.4297
21:55:46 | INFO    | holoqpi.engine.trainer |   epoch 50 step 60/140 loss=0.4859
21:55:47 | INFO    | holoqpi.engine.trainer |   epoch 50 step 80/140 loss=0.3772
21:55:49 | INFO    | holoqpi.engine.trainer |   epoch 50 step 100/140 loss=0.7857
21:55:51 | INFO    | holoqpi.engine.trainer |   epoch 50 step 120/140 loss=0.4789
21:56:41 | INFO    | holoqpi.engine.trainer | epoch 50/60 (61s = 13s train + 48s val) | train_loss=0.5014  val_phase_mae=0.1724  val_dice=0.8229  val_cls_acc=0.4016  val_mass_mape=0.1931
21:56:41 | INFO    | holoqpi.engine.trainer |   epoch 51 step 0/140 loss=0.4099
21:56:43 | INFO    | holoqpi.engine.trainer |   epoch 51 step 20/140 loss=0.3815
21:56:45 | INFO    | holoqpi.engine.trainer |   epoch 51 step 40/140 loss=0.5113
21:56:47 | INFO    | holoqpi.engine.trainer |   epoch 51 step 60/140 loss=0.4092
21:56:49 | INFO    | holoqpi.engine.trainer |   epoch 51 step 80/140 loss=0.4602
21:56:51 | INFO    | holoqpi.engine.trainer |   epoch 51 step 100/140 loss=0.5812
21:56:52 | INFO    | holoqpi.engine.trainer |   epoch 51 step 120/140 loss=0.5541
21:57:42 | INFO    | holoqpi.engine.trainer |   new best composite=0.8113
21:57:42 | INFO    | holoqpi.engine.trainer | epoch 51/60 (61s = 13s train + 48s val) | train_loss=0.4993  val_phase_mae=0.1683  val_dice=0.8224  val_cls_acc=0.5906  val_mass_mape=0.1831
21:57:43 | INFO    | holoqpi.engine.trainer |   epoch 52 step 0/140 loss=0.4479
21:57:45 | INFO    | holoqpi.engine.trainer |   epoch 52 step 20/140 loss=0.3921
21:57:46 | INFO    | holoqpi.engine.trainer |   epoch 52 step 40/140 loss=0.3876
21:57:48 | INFO    | holoqpi.engine.trainer |   epoch 52 step 60/140 loss=0.5498
21:57:50 | INFO    | holoqpi.engine.trainer |   epoch 52 step 80/140 loss=0.5792
21:57:52 | INFO    | holoqpi.engine.trainer |   epoch 52 step 100/140 loss=0.5079
21:57:53 | INFO    | holoqpi.engine.trainer |   epoch 52 step 120/140 loss=0.6015
21:58:43 | INFO    | holoqpi.engine.trainer | epoch 52/60 (60s = 13s train + 47s val) | train_loss=0.4996  val_phase_mae=0.1704  val_dice=0.8230  val_cls_acc=0.6378  val_mass_mape=0.1932
21:58:43 | INFO    | holoqpi.engine.trainer |   epoch 53 step 0/140 loss=0.5731
21:58:45 | INFO    | holoqpi.engine.trainer |   epoch 53 step 20/140 loss=0.5450
21:58:47 | INFO    | holoqpi.engine.trainer |   epoch 53 step 40/140 loss=0.4629
21:58:49 | INFO    | holoqpi.engine.trainer |   epoch 53 step 60/140 loss=0.4507
21:58:50 | INFO    | holoqpi.engine.trainer |   epoch 53 step 80/140 loss=0.3766
21:58:52 | INFO    | holoqpi.engine.trainer |   epoch 53 step 100/140 loss=0.5468
21:58:54 | INFO    | holoqpi.engine.trainer |   epoch 53 step 120/140 loss=0.4390
21:59:43 | INFO    | holoqpi.engine.trainer |   new best composite=0.8116
21:59:43 | INFO    | holoqpi.engine.trainer | epoch 53/60 (60s = 13s train + 47s val) | train_loss=0.4930  val_phase_mae=0.1678  val_dice=0.8225  val_cls_acc=0.6614  val_mass_mape=0.1825
21:59:44 | INFO    | holoqpi.engine.trainer |   epoch 54 step 0/140 loss=0.4031
21:59:45 | INFO    | holoqpi.engine.trainer |   epoch 54 step 20/140 loss=0.7630
21:59:47 | INFO    | holoqpi.engine.trainer |   epoch 54 step 40/140 loss=0.5447
21:59:49 | INFO    | holoqpi.engine.trainer |   epoch 54 step 60/140 loss=0.4924
21:59:51 | INFO    | holoqpi.engine.trainer |   epoch 54 step 80/140 loss=0.4673
21:59:53 | INFO    | holoqpi.engine.trainer |   epoch 54 step 100/140 loss=0.4321
21:59:55 | INFO    | holoqpi.engine.trainer |   epoch 54 step 120/140 loss=0.4699
22:00:44 | INFO    | holoqpi.engine.trainer | epoch 54/60 (61s = 13s train + 48s val) | train_loss=0.4960  val_phase_mae=0.1689  val_dice=0.8226  val_cls_acc=0.5512  val_mass_mape=0.1849
22:00:45 | INFO    | holoqpi.engine.trainer |   epoch 55 step 0/140 loss=0.4634
22:00:46 | INFO    | holoqpi.engine.trainer |   epoch 55 step 20/140 loss=0.4123
22:00:48 | INFO    | holoqpi.engine.trainer |   epoch 55 step 40/140 loss=0.6196
22:00:50 | INFO    | holoqpi.engine.trainer |   epoch 55 step 60/140 loss=0.3905
22:00:52 | INFO    | holoqpi.engine.trainer |   epoch 55 step 80/140 loss=0.5619
22:00:53 | INFO    | holoqpi.engine.trainer |   epoch 55 step 100/140 loss=0.4223
22:00:55 | INFO    | holoqpi.engine.trainer |   epoch 55 step 120/140 loss=0.5154
22:01:45 | INFO    | holoqpi.engine.trainer | epoch 55/60 (60s = 13s train + 48s val) | train_loss=0.4958  val_phase_mae=0.1683  val_dice=0.8230  val_cls_acc=0.5039  val_mass_mape=0.1842
22:01:45 | INFO    | holoqpi.engine.trainer |   epoch 56 step 0/140 loss=0.5825
22:01:47 | INFO    | holoqpi.engine.trainer |   epoch 56 step 20/140 loss=0.6986
22:01:49 | INFO    | holoqpi.engine.trainer |   epoch 56 step 40/140 loss=0.4908
22:01:50 | INFO    | holoqpi.engine.trainer |   epoch 56 step 60/140 loss=0.5069
22:01:52 | INFO    | holoqpi.engine.trainer |   epoch 56 step 80/140 loss=0.3774
22:01:54 | INFO    | holoqpi.engine.trainer |   epoch 56 step 100/140 loss=0.4924
22:01:56 | INFO    | holoqpi.engine.trainer |   epoch 56 step 120/140 loss=0.4916
22:02:46 | INFO    | holoqpi.engine.trainer |   new best composite=0.8122
22:02:46 | INFO    | holoqpi.engine.trainer | epoch 56/60 (61s = 13s train + 48s val) | train_loss=0.4893  val_phase_mae=0.1681  val_dice=0.8233  val_cls_acc=0.5984  val_mass_mape=0.1837
22:02:46 | INFO    | holoqpi.engine.trainer |   epoch 57 step 0/140 loss=0.3391
22:02:48 | INFO    | holoqpi.engine.trainer |   epoch 57 step 20/140 loss=0.4530
22:02:50 | INFO    | holoqpi.engine.trainer |   epoch 57 step 40/140 loss=0.4119
22:02:52 | INFO    | holoqpi.engine.trainer |   epoch 57 step 60/140 loss=0.5755
22:02:53 | INFO    | holoqpi.engine.trainer |   epoch 57 step 80/140 loss=0.4495
22:02:55 | INFO    | holoqpi.engine.trainer |   epoch 57 step 100/140 loss=0.4815
22:02:57 | INFO    | holoqpi.engine.trainer |   epoch 57 step 120/140 loss=0.6082
22:03:46 | INFO    | holoqpi.engine.trainer | epoch 57/60 (60s = 13s train + 47s val) | train_loss=0.4880  val_phase_mae=0.1681  val_dice=0.8225  val_cls_acc=0.6063  val_mass_mape=0.1859
22:03:46 | INFO    | holoqpi.engine.trainer |   epoch 58 step 0/140 loss=0.5396
22:03:48 | INFO    | holoqpi.engine.trainer |   epoch 58 step 20/140 loss=0.5153
22:03:50 | INFO    | holoqpi.engine.trainer |   epoch 58 step 40/140 loss=0.4837
22:03:52 | INFO    | holoqpi.engine.trainer |   epoch 58 step 60/140 loss=0.4878
22:03:54 | INFO    | holoqpi.engine.trainer |   epoch 58 step 80/140 loss=0.3760
22:03:56 | INFO    | holoqpi.engine.trainer |   epoch 58 step 100/140 loss=0.5215
22:03:58 | INFO    | holoqpi.engine.trainer |   epoch 58 step 120/140 loss=0.5649
22:04:47 | INFO    | holoqpi.engine.trainer | epoch 58/60 (61s = 13s train + 48s val) | train_loss=0.4826  val_phase_mae=0.1683  val_dice=0.8225  val_cls_acc=0.5197  val_mass_mape=0.1820
22:04:48 | INFO    | holoqpi.engine.trainer |   epoch 59 step 0/140 loss=0.3941
22:04:49 | INFO    | holoqpi.engine.trainer |   epoch 59 step 20/140 loss=0.4190
22:04:51 | INFO    | holoqpi.engine.trainer |   epoch 59 step 40/140 loss=0.3377
22:04:53 | INFO    | holoqpi.engine.trainer |   epoch 59 step 60/140 loss=0.5267
22:04:55 | INFO    | holoqpi.engine.trainer |   epoch 59 step 80/140 loss=0.4057
22:04:57 | INFO    | holoqpi.engine.trainer |   epoch 59 step 100/140 loss=0.4006
22:04:58 | INFO    | holoqpi.engine.trainer |   epoch 59 step 120/140 loss=0.8371
22:05:48 | INFO    | holoqpi.engine.trainer | epoch 59/60 (61s = 13s train + 48s val) | train_loss=0.4765  val_phase_mae=0.1713  val_dice=0.8227  val_cls_acc=0.4961  val_mass_mape=0.1920
22:05:48 | INFO    | holoqpi.engine.trainer |   epoch 60 step 0/140 loss=0.5170
22:05:50 | INFO    | holoqpi.engine.trainer |   epoch 60 step 20/140 loss=0.5093
22:05:52 | INFO    | holoqpi.engine.trainer |   epoch 60 step 40/140 loss=0.4019
22:05:53 | INFO    | holoqpi.engine.trainer |   epoch 60 step 60/140 loss=0.5670
22:05:55 | INFO    | holoqpi.engine.trainer |   epoch 60 step 80/140 loss=0.5497
22:05:57 | INFO    | holoqpi.engine.trainer |   epoch 60 step 100/140 loss=0.6614
22:05:59 | INFO    | holoqpi.engine.trainer |   epoch 60 step 120/140 loss=0.4635
22:06:49 | INFO    | holoqpi.engine.trainer | epoch 60/60 (61s = 13s train + 48s val) | train_loss=0.4876  val_phase_mae=0.1719  val_dice=0.8234  val_cls_acc=0.5669  val_mass_mape=0.1916
22:06:49 | INFO    | holoqpi.engine.trainer | training finished; best epoch 56 (composite=0.8122)
22:06:49 | INFO    | holoqpi.engine.trainer | checkpoint best_model.pt: 446/446 tensors matched
22:07:34 | INFO    | holoqpi.engine.compare | modality=off_axis test metrics written to runs/no_physics_s1337_off_axis
22:07:34 | INFO    | holoqpi.engine.compare | ======================================================================
22:07:34 | INFO    | holoqpi.engine.compare | modality=gabor  device=cuda  run_dir=runs/no_physics_s1337_gabor
22:07:34 | INFO    | holoqpi.engine.compare | ======================================================================
22:07:34 | INFO    | holoqpi.data.dataset | train split: 560 samples | modality=gabor | crop=512 | augment=True
22:07:34 | INFO    | holoqpi.data.dataset | val split: 127 samples | modality=gabor | crop=None | augment=False
22:07:34 | INFO    | holoqpi.data.dataset | test split: 113 samples | modality=gabor | crop=None | augment=False
22:07:34 | INFO    | holoqpi.models.encoders | encoder=mobilenet_v2 in_channels=1 pretrained=True stages=[16, 24, 32, 96, 1280]
22:07:35 | INFO    | holoqpi.models.holonet | HoloQPINet built: 9.76M parameters, 9.76M trainable (100.0%)
22:07:35 | INFO    | holoqpi.engine.trainer | trainable 9.76M / 9.76M parameters (100.0%)
22:07:35 | INFO    | holoqpi.engine.trainer | active physics terms: none
22:07:36 | INFO    | holoqpi.engine.trainer |   epoch 1 step 0/140 loss=2.0211
22:07:37 | INFO    | holoqpi.engine.trainer |   epoch 1 step 20/140 loss=1.6593
22:07:39 | INFO    | holoqpi.engine.trainer |   epoch 1 step 40/140 loss=1.4353
22:07:41 | INFO    | holoqpi.engine.trainer |   epoch 1 step 60/140 loss=1.3435
22:07:42 | INFO    | holoqpi.engine.trainer |   epoch 1 step 80/140 loss=1.2062
22:07:44 | INFO    | holoqpi.engine.trainer |   epoch 1 step 100/140 loss=1.3260
22:07:46 | INFO    | holoqpi.engine.trainer |   epoch 1 step 120/140 loss=1.1604
22:08:39 | INFO    | holoqpi.engine.trainer |   new best composite=0.6533
22:08:39 | INFO    | holoqpi.engine.trainer | epoch 1/60 (64s = 13s train + 51s val) | train_loss=1.3744  val_phase_mae=0.2257  val_dice=0.6683  val_cls_acc=0.4961  val_mass_mape=0.3430
22:08:39 | INFO    | holoqpi.engine.trainer |   at this rate the full 60-epoch schedule takes about 64 min
22:08:39 | INFO    | holoqpi.engine.trainer |   epoch 2 step 0/140 loss=1.1135
22:08:41 | INFO    | holoqpi.engine.trainer |   epoch 2 step 20/140 loss=1.2243
22:08:43 | INFO    | holoqpi.engine.trainer |   epoch 2 step 40/140 loss=0.9849
22:08:44 | INFO    | holoqpi.engine.trainer |   epoch 2 step 60/140 loss=1.0928
22:08:46 | INFO    | holoqpi.engine.trainer |   epoch 2 step 80/140 loss=1.1267
22:08:48 | INFO    | holoqpi.engine.trainer |   epoch 2 step 100/140 loss=0.9478
22:08:49 | INFO    | holoqpi.engine.trainer |   epoch 2 step 120/140 loss=1.2912
22:09:39 | INFO    | holoqpi.engine.trainer |   new best composite=0.6966
22:09:39 | INFO    | holoqpi.engine.trainer | epoch 2/60 (60s = 12s train + 48s val) | train_loss=1.0449  val_phase_mae=0.2111  val_dice=0.7245  val_cls_acc=0.5906  val_mass_mape=0.3309
22:09:39 | INFO    | holoqpi.engine.trainer |   epoch 3 step 0/140 loss=0.7809
22:09:41 | INFO    | holoqpi.engine.trainer |   epoch 3 step 20/140 loss=1.2279
22:09:43 | INFO    | holoqpi.engine.trainer |   epoch 3 step 40/140 loss=0.8964
22:09:44 | INFO    | holoqpi.engine.trainer |   epoch 3 step 60/140 loss=0.9099
22:09:46 | INFO    | holoqpi.engine.trainer |   epoch 3 step 80/140 loss=0.7923
22:09:47 | INFO    | holoqpi.engine.trainer |   epoch 3 step 100/140 loss=0.9911
22:09:49 | INFO    | holoqpi.engine.trainer |   epoch 3 step 120/140 loss=0.7720
22:10:37 | INFO    | holoqpi.engine.trainer |   new best composite=0.7230
22:10:37 | INFO    | holoqpi.engine.trainer | epoch 3/60 (58s = 11s train + 46s val) | train_loss=0.9468  val_phase_mae=0.2020  val_dice=0.7218  val_cls_acc=0.4173  val_mass_mape=0.2493
22:10:37 | INFO    | holoqpi.engine.trainer |   epoch 4 step 0/140 loss=0.9981
22:10:39 | INFO    | holoqpi.engine.trainer |   epoch 4 step 20/140 loss=0.9210
22:10:40 | INFO    | holoqpi.engine.trainer |   epoch 4 step 40/140 loss=1.0338
22:10:42 | INFO    | holoqpi.engine.trainer |   epoch 4 step 60/140 loss=1.0490
22:10:44 | INFO    | holoqpi.engine.trainer |   epoch 4 step 80/140 loss=0.8008
22:10:45 | INFO    | holoqpi.engine.trainer |   epoch 4 step 100/140 loss=0.9414
22:10:47 | INFO    | holoqpi.engine.trainer |   epoch 4 step 120/140 loss=0.8827
22:11:35 | INFO    | holoqpi.engine.trainer |   new best composite=0.7306
22:11:35 | INFO    | holoqpi.engine.trainer | epoch 4/60 (58s = 11s train + 46s val) | train_loss=0.9211  val_phase_mae=0.1968  val_dice=0.7520  val_cls_acc=0.5354  val_mass_mape=0.2915
22:11:35 | INFO    | holoqpi.engine.trainer |   epoch 5 step 0/140 loss=0.7953
22:11:37 | INFO    | holoqpi.engine.trainer |   epoch 5 step 20/140 loss=0.8781
22:11:38 | INFO    | holoqpi.engine.trainer |   epoch 5 step 40/140 loss=1.0261
22:11:40 | INFO    | holoqpi.engine.trainer |   epoch 5 step 60/140 loss=0.8210
22:11:42 | INFO    | holoqpi.engine.trainer |   epoch 5 step 80/140 loss=0.8672
22:11:43 | INFO    | holoqpi.engine.trainer |   epoch 5 step 100/140 loss=1.0875
22:11:45 | INFO    | holoqpi.engine.trainer |   epoch 5 step 120/140 loss=0.7097
22:12:32 | INFO    | holoqpi.engine.trainer | epoch 5/60 (58s = 11s train + 46s val) | train_loss=0.9041  val_phase_mae=0.1981  val_dice=0.7320  val_cls_acc=0.5276  val_mass_mape=0.2783
22:12:33 | INFO    | holoqpi.engine.trainer |   epoch 6 step 0/140 loss=1.0415
22:12:34 | INFO    | holoqpi.engine.trainer |   epoch 6 step 20/140 loss=0.7420
22:12:36 | INFO    | holoqpi.engine.trainer |   epoch 6 step 40/140 loss=0.6858
22:12:38 | INFO    | holoqpi.engine.trainer |   epoch 6 step 60/140 loss=0.6388
22:12:39 | INFO    | holoqpi.engine.trainer |   epoch 6 step 80/140 loss=1.1440
22:12:41 | INFO    | holoqpi.engine.trainer |   epoch 6 step 100/140 loss=1.0153
22:12:42 | INFO    | holoqpi.engine.trainer |   epoch 6 step 120/140 loss=1.0823
22:13:30 | INFO    | holoqpi.engine.trainer |   new best composite=0.7323
22:13:30 | INFO    | holoqpi.engine.trainer | epoch 6/60 (57s = 11s train + 46s val) | train_loss=0.8785  val_phase_mae=0.1962  val_dice=0.7364  val_cls_acc=0.4646  val_mass_mape=0.2501
22:13:30 | INFO    | holoqpi.engine.trainer |   epoch 7 step 0/140 loss=0.9271
22:13:32 | INFO    | holoqpi.engine.trainer |   epoch 7 step 20/140 loss=0.8272
22:13:33 | INFO    | holoqpi.engine.trainer |   epoch 7 step 40/140 loss=0.7975
22:13:35 | INFO    | holoqpi.engine.trainer |   epoch 7 step 60/140 loss=0.7173
22:13:36 | INFO    | holoqpi.engine.trainer |   epoch 7 step 80/140 loss=0.9606
22:13:38 | INFO    | holoqpi.engine.trainer |   epoch 7 step 100/140 loss=0.6696
22:13:40 | INFO    | holoqpi.engine.trainer |   epoch 7 step 120/140 loss=0.8119
22:14:28 | INFO    | holoqpi.engine.trainer |   new best composite=0.7434
22:14:28 | INFO    | holoqpi.engine.trainer | epoch 7/60 (58s = 12s train + 46s val) | train_loss=0.8496  val_phase_mae=0.1905  val_dice=0.7526  val_cls_acc=0.5669  val_mass_mape=0.2551
22:14:28 | INFO    | holoqpi.engine.trainer |   epoch 8 step 0/140 loss=0.6574
22:14:30 | INFO    | holoqpi.engine.trainer |   epoch 8 step 20/140 loss=0.7885
22:14:32 | INFO    | holoqpi.engine.trainer |   epoch 8 step 40/140 loss=0.5780
22:14:33 | INFO    | holoqpi.engine.trainer |   epoch 8 step 60/140 loss=0.7923
22:14:35 | INFO    | holoqpi.engine.trainer |   epoch 8 step 80/140 loss=0.9254
22:14:36 | INFO    | holoqpi.engine.trainer |   epoch 8 step 100/140 loss=0.7270
22:14:38 | INFO    | holoqpi.engine.trainer |   epoch 8 step 120/140 loss=0.8611
22:15:26 | INFO    | holoqpi.engine.trainer |   new best composite=0.7436
22:15:26 | INFO    | holoqpi.engine.trainer | epoch 8/60 (57s = 12s train + 46s val) | train_loss=0.8649  val_phase_mae=0.1921  val_dice=0.7535  val_cls_acc=0.6299  val_mass_mape=0.2507
22:15:26 | INFO    | holoqpi.engine.trainer |   epoch 9 step 0/140 loss=0.6991
22:15:28 | INFO    | holoqpi.engine.trainer |   epoch 9 step 20/140 loss=0.7341
22:15:29 | INFO    | holoqpi.engine.trainer |   epoch 9 step 40/140 loss=0.8593
22:15:31 | INFO    | holoqpi.engine.trainer |   epoch 9 step 60/140 loss=1.0394
22:15:32 | INFO    | holoqpi.engine.trainer |   epoch 9 step 80/140 loss=1.1235
22:15:34 | INFO    | holoqpi.engine.trainer |   epoch 9 step 100/140 loss=0.7905
22:15:35 | INFO    | holoqpi.engine.trainer |   epoch 9 step 120/140 loss=0.6553
22:16:23 | INFO    | holoqpi.engine.trainer | epoch 9/60 (57s = 11s train + 46s val) | train_loss=0.8536  val_phase_mae=0.1909  val_dice=0.7473  val_cls_acc=0.5827  val_mass_mape=0.2756
22:16:23 | INFO    | holoqpi.engine.trainer |   epoch 10 step 0/140 loss=0.6936
22:16:25 | INFO    | holoqpi.engine.trainer |   epoch 10 step 20/140 loss=0.6671
22:16:27 | INFO    | holoqpi.engine.trainer |   epoch 10 step 40/140 loss=1.2611
22:16:28 | INFO    | holoqpi.engine.trainer |   epoch 10 step 60/140 loss=0.9836
22:16:30 | INFO    | holoqpi.engine.trainer |   epoch 10 step 80/140 loss=0.8851
22:16:31 | INFO    | holoqpi.engine.trainer |   epoch 10 step 100/140 loss=0.7916
22:16:33 | INFO    | holoqpi.engine.trainer |   epoch 10 step 120/140 loss=0.6942
22:17:20 | INFO    | holoqpi.engine.trainer | epoch 10/60 (57s = 11s train + 46s val) | train_loss=0.8502  val_phase_mae=0.1948  val_dice=0.7449  val_cls_acc=0.5433  val_mass_mape=0.2421
22:17:21 | INFO    | holoqpi.engine.trainer |   epoch 11 step 0/140 loss=0.9723
22:17:22 | INFO    | holoqpi.engine.trainer |   epoch 11 step 20/140 loss=0.8801
22:17:24 | INFO    | holoqpi.engine.trainer |   epoch 11 step 40/140 loss=0.6427
22:17:25 | INFO    | holoqpi.engine.trainer |   epoch 11 step 60/140 loss=0.9155
22:17:27 | INFO    | holoqpi.engine.trainer |   epoch 11 step 80/140 loss=0.7715
22:17:29 | INFO    | holoqpi.engine.trainer |   epoch 11 step 100/140 loss=0.8047
22:17:30 | INFO    | holoqpi.engine.trainer |   epoch 11 step 120/140 loss=0.7110
22:18:16 | INFO    | holoqpi.engine.trainer | epoch 11/60 (56s = 11s train + 44s val) | train_loss=0.8328  val_phase_mae=0.1912  val_dice=0.7527  val_cls_acc=0.6378  val_mass_mape=0.2627
22:18:16 | INFO    | holoqpi.engine.trainer |   epoch 12 step 0/140 loss=0.8752
22:18:18 | INFO    | holoqpi.engine.trainer |   epoch 12 step 20/140 loss=0.6767
22:18:19 | INFO    | holoqpi.engine.trainer |   epoch 12 step 40/140 loss=0.8099
22:18:21 | INFO    | holoqpi.engine.trainer |   epoch 12 step 60/140 loss=0.7663
22:18:22 | INFO    | holoqpi.engine.trainer |   epoch 12 step 80/140 loss=0.7875
22:18:24 | INFO    | holoqpi.engine.trainer |   epoch 12 step 100/140 loss=0.6730
22:18:26 | INFO    | holoqpi.engine.trainer |   epoch 12 step 120/140 loss=0.6510
22:19:12 | INFO    | holoqpi.engine.trainer |   new best composite=0.7440
22:19:12 | INFO    | holoqpi.engine.trainer | epoch 12/60 (56s = 11s train + 44s val) | train_loss=0.8260  val_phase_mae=0.1917  val_dice=0.7637  val_cls_acc=0.6457  val_mass_mape=0.2760
22:19:12 | INFO    | holoqpi.engine.trainer |   epoch 13 step 0/140 loss=0.7658
22:19:14 | INFO    | holoqpi.engine.trainer |   epoch 13 step 20/140 loss=0.8693
22:19:15 | INFO    | holoqpi.engine.trainer |   epoch 13 step 40/140 loss=0.5844
22:19:17 | INFO    | holoqpi.engine.trainer |   epoch 13 step 60/140 loss=0.8184
22:19:18 | INFO    | holoqpi.engine.trainer |   epoch 13 step 80/140 loss=0.8880
22:19:20 | INFO    | holoqpi.engine.trainer |   epoch 13 step 100/140 loss=0.9526
22:19:22 | INFO    | holoqpi.engine.trainer |   epoch 13 step 120/140 loss=0.8813
22:20:08 | INFO    | holoqpi.engine.trainer |   new best composite=0.7454
22:20:08 | INFO    | holoqpi.engine.trainer | epoch 13/60 (56s = 11s train + 45s val) | train_loss=0.8113  val_phase_mae=0.1981  val_dice=0.7524  val_cls_acc=0.6063  val_mass_mape=0.2437
22:20:09 | INFO    | holoqpi.engine.trainer |   epoch 14 step 0/140 loss=0.8368
22:20:10 | INFO    | holoqpi.engine.trainer |   epoch 14 step 20/140 loss=0.8980
22:20:12 | INFO    | holoqpi.engine.trainer |   epoch 14 step 40/140 loss=0.7779
22:20:13 | INFO    | holoqpi.engine.trainer |   epoch 14 step 60/140 loss=1.3148
22:20:15 | INFO    | holoqpi.engine.trainer |   epoch 14 step 80/140 loss=0.7619
22:20:17 | INFO    | holoqpi.engine.trainer |   epoch 14 step 100/140 loss=0.6300
22:20:18 | INFO    | holoqpi.engine.trainer |   epoch 14 step 120/140 loss=0.7549
22:21:04 | INFO    | holoqpi.engine.trainer | epoch 14/60 (56s = 11s train + 45s val) | train_loss=0.8180  val_phase_mae=0.1938  val_dice=0.7556  val_cls_acc=0.6063  val_mass_mape=0.2886
22:21:05 | INFO    | holoqpi.engine.trainer |   epoch 15 step 0/140 loss=0.9905
22:21:06 | INFO    | holoqpi.engine.trainer |   epoch 15 step 20/140 loss=0.7786
22:21:08 | INFO    | holoqpi.engine.trainer |   epoch 15 step 40/140 loss=0.7089
22:21:09 | INFO    | holoqpi.engine.trainer |   epoch 15 step 60/140 loss=0.6913
22:21:11 | INFO    | holoqpi.engine.trainer |   epoch 15 step 80/140 loss=0.6477
22:21:12 | INFO    | holoqpi.engine.trainer |   epoch 15 step 100/140 loss=0.7455
22:21:14 | INFO    | holoqpi.engine.trainer |   epoch 15 step 120/140 loss=0.6552
22:22:00 | INFO    | holoqpi.engine.trainer | epoch 15/60 (56s = 11s train + 45s val) | train_loss=0.8104  val_phase_mae=0.1877  val_dice=0.7581  val_cls_acc=0.6378  val_mass_mape=0.2789
22:22:00 | INFO    | holoqpi.engine.trainer |   epoch 16 step 0/140 loss=0.8988
22:22:02 | INFO    | holoqpi.engine.trainer |   epoch 16 step 20/140 loss=0.8181
22:22:04 | INFO    | holoqpi.engine.trainer |   epoch 16 step 40/140 loss=1.1224
22:22:05 | INFO    | holoqpi.engine.trainer |   epoch 16 step 60/140 loss=0.7948
22:22:07 | INFO    | holoqpi.engine.trainer |   epoch 16 step 80/140 loss=0.6847
22:22:08 | INFO    | holoqpi.engine.trainer |   epoch 16 step 100/140 loss=0.6945
22:22:10 | INFO    | holoqpi.engine.trainer |   epoch 16 step 120/140 loss=0.6935
22:22:56 | INFO    | holoqpi.engine.trainer | epoch 16/60 (56s = 11s train + 45s val) | train_loss=0.8134  val_phase_mae=0.1900  val_dice=0.7484  val_cls_acc=0.5276  val_mass_mape=0.2487
22:22:56 | INFO    | holoqpi.engine.trainer |   epoch 17 step 0/140 loss=0.6970
22:22:58 | INFO    | holoqpi.engine.trainer |   epoch 17 step 20/140 loss=0.7636
22:23:00 | INFO    | holoqpi.engine.trainer |   epoch 17 step 40/140 loss=1.0627
22:23:01 | INFO    | holoqpi.engine.trainer |   epoch 17 step 60/140 loss=0.5909
22:23:03 | INFO    | holoqpi.engine.trainer |   epoch 17 step 80/140 loss=1.1832
22:23:04 | INFO    | holoqpi.engine.trainer |   epoch 17 step 100/140 loss=0.7502
22:23:06 | INFO    | holoqpi.engine.trainer |   epoch 17 step 120/140 loss=0.6457
22:23:52 | INFO    | holoqpi.engine.trainer |   new best composite=0.7512
22:23:52 | INFO    | holoqpi.engine.trainer | epoch 17/60 (56s = 11s train + 45s val) | train_loss=0.7965  val_phase_mae=0.1869  val_dice=0.7565  val_cls_acc=0.6142  val_mass_mape=0.2386
22:23:53 | INFO    | holoqpi.engine.trainer |   epoch 18 step 0/140 loss=0.6947
22:23:54 | INFO    | holoqpi.engine.trainer |   epoch 18 step 20/140 loss=0.8341
22:23:56 | INFO    | holoqpi.engine.trainer |   epoch 18 step 40/140 loss=1.0161
22:23:57 | INFO    | holoqpi.engine.trainer |   epoch 18 step 60/140 loss=0.6837
22:23:59 | INFO    | holoqpi.engine.trainer |   epoch 18 step 80/140 loss=0.6239
22:24:00 | INFO    | holoqpi.engine.trainer |   epoch 18 step 100/140 loss=0.6280
22:24:02 | INFO    | holoqpi.engine.trainer |   epoch 18 step 120/140 loss=0.7165
22:24:48 | INFO    | holoqpi.engine.trainer | epoch 18/60 (56s = 11s train + 45s val) | train_loss=0.8171  val_phase_mae=0.1891  val_dice=0.7521  val_cls_acc=0.6850  val_mass_mape=0.2353
22:24:49 | INFO    | holoqpi.engine.trainer |   epoch 19 step 0/140 loss=0.9129
22:24:50 | INFO    | holoqpi.engine.trainer |   epoch 19 step 20/140 loss=0.6903
22:24:52 | INFO    | holoqpi.engine.trainer |   epoch 19 step 40/140 loss=0.7536
22:24:53 | INFO    | holoqpi.engine.trainer |   epoch 19 step 60/140 loss=0.9790
22:24:55 | INFO    | holoqpi.engine.trainer |   epoch 19 step 80/140 loss=0.9591
22:24:56 | INFO    | holoqpi.engine.trainer |   epoch 19 step 100/140 loss=1.0722
22:24:58 | INFO    | holoqpi.engine.trainer |   epoch 19 step 120/140 loss=0.7542
22:25:44 | INFO    | holoqpi.engine.trainer | epoch 19/60 (56s = 11s train + 45s val) | train_loss=0.7963  val_phase_mae=0.1926  val_dice=0.7536  val_cls_acc=0.7008  val_mass_mape=0.2632
22:25:44 | INFO    | holoqpi.engine.trainer |   epoch 20 step 0/140 loss=0.6668
22:25:46 | INFO    | holoqpi.engine.trainer |   epoch 20 step 20/140 loss=0.7288
22:25:48 | INFO    | holoqpi.engine.trainer |   epoch 20 step 40/140 loss=0.5696
22:25:49 | INFO    | holoqpi.engine.trainer |   epoch 20 step 60/140 loss=0.7055
22:25:51 | INFO    | holoqpi.engine.trainer |   epoch 20 step 80/140 loss=0.6669
22:25:52 | INFO    | holoqpi.engine.trainer |   epoch 20 step 100/140 loss=0.8035
22:25:54 | INFO    | holoqpi.engine.trainer |   epoch 20 step 120/140 loss=0.9567
22:26:40 | INFO    | holoqpi.engine.trainer | epoch 20/60 (56s = 11s train + 45s val) | train_loss=0.7937  val_phase_mae=0.1912  val_dice=0.7509  val_cls_acc=0.6457  val_mass_mape=0.2355
22:26:40 | INFO    | holoqpi.engine.trainer |   epoch 21 step 0/140 loss=0.9267
22:26:42 | INFO    | holoqpi.engine.trainer |   epoch 21 step 20/140 loss=0.6904
22:26:44 | INFO    | holoqpi.engine.trainer |   epoch 21 step 40/140 loss=0.7364
22:26:45 | INFO    | holoqpi.engine.trainer |   epoch 21 step 60/140 loss=0.6387
22:26:47 | INFO    | holoqpi.engine.trainer |   epoch 21 step 80/140 loss=0.8722
22:26:48 | INFO    | holoqpi.engine.trainer |   epoch 21 step 100/140 loss=0.7648
22:26:50 | INFO    | holoqpi.engine.trainer |   epoch 21 step 120/140 loss=0.8899
22:27:36 | INFO    | holoqpi.engine.trainer |   new best composite=0.7514
22:27:36 | INFO    | holoqpi.engine.trainer | epoch 21/60 (56s = 11s train + 45s val) | train_loss=0.7794  val_phase_mae=0.1851  val_dice=0.7619  val_cls_acc=0.5827  val_mass_mape=0.2477
22:27:37 | INFO    | holoqpi.engine.trainer |   epoch 22 step 0/140 loss=0.6627
22:27:38 | INFO    | holoqpi.engine.trainer |   epoch 22 step 20/140 loss=0.6268
22:27:40 | INFO    | holoqpi.engine.trainer |   epoch 22 step 40/140 loss=0.6433
22:27:42 | INFO    | holoqpi.engine.trainer |   epoch 22 step 60/140 loss=0.7054
22:27:43 | INFO    | holoqpi.engine.trainer |   epoch 22 step 80/140 loss=0.9019
22:27:45 | INFO    | holoqpi.engine.trainer |   epoch 22 step 100/140 loss=0.6148
22:27:46 | INFO    | holoqpi.engine.trainer |   epoch 22 step 120/140 loss=1.0541
22:28:33 | INFO    | holoqpi.engine.trainer |   new best composite=0.7565
22:28:33 | INFO    | holoqpi.engine.trainer | epoch 22/60 (56s = 11s train + 45s val) | train_loss=0.7617  val_phase_mae=0.1832  val_dice=0.7636  val_cls_acc=0.6142  val_mass_mape=0.2341
22:28:33 | INFO    | holoqpi.engine.trainer |   epoch 23 step 0/140 loss=0.7428
22:28:35 | INFO    | holoqpi.engine.trainer |   epoch 23 step 20/140 loss=0.7727
22:28:37 | INFO    | holoqpi.engine.trainer |   epoch 23 step 40/140 loss=0.9731
22:28:38 | INFO    | holoqpi.engine.trainer |   epoch 23 step 60/140 loss=0.6151
22:28:40 | INFO    | holoqpi.engine.trainer |   epoch 23 step 80/140 loss=0.6658
22:28:41 | INFO    | holoqpi.engine.trainer |   epoch 23 step 100/140 loss=0.7602
22:28:43 | INFO    | holoqpi.engine.trainer |   epoch 23 step 120/140 loss=0.7492
22:29:30 | INFO    | holoqpi.engine.trainer | epoch 23/60 (57s = 12s train + 45s val) | train_loss=0.7672  val_phase_mae=0.1872  val_dice=0.7575  val_cls_acc=0.7244  val_mass_mape=0.2476
22:29:30 | INFO    | holoqpi.engine.trainer |   epoch 24 step 0/140 loss=0.6864
22:29:32 | INFO    | holoqpi.engine.trainer |   epoch 24 step 20/140 loss=0.6937
22:29:33 | INFO    | holoqpi.engine.trainer |   epoch 24 step 40/140 loss=0.7052
22:29:35 | INFO    | holoqpi.engine.trainer |   epoch 24 step 60/140 loss=0.9354
22:29:36 | INFO    | holoqpi.engine.trainer |   epoch 24 step 80/140 loss=0.6769
22:29:38 | INFO    | holoqpi.engine.trainer |   epoch 24 step 100/140 loss=0.8664
22:29:40 | INFO    | holoqpi.engine.trainer |   epoch 24 step 120/140 loss=0.8662
22:30:26 | INFO    | holoqpi.engine.trainer | epoch 24/60 (56s = 11s train + 45s val) | train_loss=0.7737  val_phase_mae=0.1860  val_dice=0.7599  val_cls_acc=0.6299  val_mass_mape=0.2338
22:30:26 | INFO    | holoqpi.engine.trainer |   epoch 25 step 0/140 loss=1.3443
22:30:28 | INFO    | holoqpi.engine.trainer |   epoch 25 step 20/140 loss=0.6094
22:30:29 | INFO    | holoqpi.engine.trainer |   epoch 25 step 40/140 loss=0.6537
22:30:31 | INFO    | holoqpi.engine.trainer |   epoch 25 step 60/140 loss=0.5749
22:30:32 | INFO    | holoqpi.engine.trainer |   epoch 25 step 80/140 loss=0.9232
22:30:34 | INFO    | holoqpi.engine.trainer |   epoch 25 step 100/140 loss=0.6924
22:30:36 | INFO    | holoqpi.engine.trainer |   epoch 25 step 120/140 loss=0.8496
22:31:22 | INFO    | holoqpi.engine.trainer | epoch 25/60 (56s = 11s train + 45s val) | train_loss=0.7635  val_phase_mae=0.1885  val_dice=0.7561  val_cls_acc=0.6220  val_mass_mape=0.2488
22:31:22 | INFO    | holoqpi.engine.trainer |   epoch 26 step 0/140 loss=0.6018
22:31:24 | INFO    | holoqpi.engine.trainer |   epoch 26 step 20/140 loss=0.6742
22:31:25 | INFO    | holoqpi.engine.trainer |   epoch 26 step 40/140 loss=0.8867
22:31:27 | INFO    | holoqpi.engine.trainer |   epoch 26 step 60/140 loss=1.0002
22:31:29 | INFO    | holoqpi.engine.trainer |   epoch 26 step 80/140 loss=0.7644
22:31:30 | INFO    | holoqpi.engine.trainer |   epoch 26 step 100/140 loss=0.6254
22:31:32 | INFO    | holoqpi.engine.trainer |   epoch 26 step 120/140 loss=0.6037
22:32:18 | INFO    | holoqpi.engine.trainer | epoch 26/60 (56s = 11s train + 44s val) | train_loss=0.7529  val_phase_mae=0.1861  val_dice=0.7614  val_cls_acc=0.6850  val_mass_mape=0.2364
22:32:18 | INFO    | holoqpi.engine.trainer |   epoch 27 step 0/140 loss=0.7957
22:32:20 | INFO    | holoqpi.engine.trainer |   epoch 27 step 20/140 loss=0.6540
22:32:21 | INFO    | holoqpi.engine.trainer |   epoch 27 step 40/140 loss=0.8919
22:32:23 | INFO    | holoqpi.engine.trainer |   epoch 27 step 60/140 loss=0.5784
22:32:24 | INFO    | holoqpi.engine.trainer |   epoch 27 step 80/140 loss=0.6371
22:32:26 | INFO    | holoqpi.engine.trainer |   epoch 27 step 100/140 loss=0.7137
22:32:27 | INFO    | holoqpi.engine.trainer |   epoch 27 step 120/140 loss=0.6554
22:33:13 | INFO    | holoqpi.engine.trainer | epoch 27/60 (55s = 11s train + 44s val) | train_loss=0.7420  val_phase_mae=0.1859  val_dice=0.7600  val_cls_acc=0.6614  val_mass_mape=0.2476
22:33:13 | INFO    | holoqpi.engine.trainer |   epoch 28 step 0/140 loss=0.8406
22:33:15 | INFO    | holoqpi.engine.trainer |   epoch 28 step 20/140 loss=0.5382
22:33:17 | INFO    | holoqpi.engine.trainer |   epoch 28 step 40/140 loss=0.7914
22:33:18 | INFO    | holoqpi.engine.trainer |   epoch 28 step 60/140 loss=0.6108
22:33:20 | INFO    | holoqpi.engine.trainer |   epoch 28 step 80/140 loss=0.5308
22:33:21 | INFO    | holoqpi.engine.trainer |   epoch 28 step 100/140 loss=0.7493
22:33:23 | INFO    | holoqpi.engine.trainer |   epoch 28 step 120/140 loss=0.6854
22:34:09 | INFO    | holoqpi.engine.trainer | epoch 28/60 (56s = 11s train + 44s val) | train_loss=0.7469  val_phase_mae=0.1854  val_dice=0.7586  val_cls_acc=0.7244  val_mass_mape=0.2353
22:34:09 | INFO    | holoqpi.engine.trainer |   epoch 29 step 0/140 loss=0.6283
22:34:11 | INFO    | holoqpi.engine.trainer |   epoch 29 step 20/140 loss=0.6996
22:34:12 | INFO    | holoqpi.engine.trainer |   epoch 29 step 40/140 loss=0.7120
22:34:14 | INFO    | holoqpi.engine.trainer |   epoch 29 step 60/140 loss=0.5953
22:34:15 | INFO    | holoqpi.engine.trainer |   epoch 29 step 80/140 loss=0.9142
22:34:17 | INFO    | holoqpi.engine.trainer |   epoch 29 step 100/140 loss=0.6372
22:34:18 | INFO    | holoqpi.engine.trainer |   epoch 29 step 120/140 loss=0.8561
22:35:04 | INFO    | holoqpi.engine.trainer | epoch 29/60 (55s = 11s train + 44s val) | train_loss=0.7234  val_phase_mae=0.1853  val_dice=0.7614  val_cls_acc=0.6693  val_mass_mape=0.2462
22:35:04 | INFO    | holoqpi.engine.trainer |   epoch 30 step 0/140 loss=0.7110
22:35:06 | INFO    | holoqpi.engine.trainer |   epoch 30 step 20/140 loss=0.7351
22:35:08 | INFO    | holoqpi.engine.trainer |   epoch 30 step 40/140 loss=0.9270
22:35:09 | INFO    | holoqpi.engine.trainer |   epoch 30 step 60/140 loss=1.1875
22:35:11 | INFO    | holoqpi.engine.trainer |   epoch 30 step 80/140 loss=0.7363
22:35:12 | INFO    | holoqpi.engine.trainer |   epoch 30 step 100/140 loss=0.5836
22:35:14 | INFO    | holoqpi.engine.trainer |   epoch 30 step 120/140 loss=1.1617
22:36:00 | INFO    | holoqpi.engine.trainer | epoch 30/60 (56s = 12s train + 45s val) | train_loss=0.7251  val_phase_mae=0.1832  val_dice=0.7645  val_cls_acc=0.7638  val_mass_mape=0.2473
22:36:01 | INFO    | holoqpi.engine.trainer |   epoch 31 step 0/140 loss=0.6100
22:36:02 | INFO    | holoqpi.engine.trainer |   epoch 31 step 20/140 loss=0.6790
22:36:04 | INFO    | holoqpi.engine.trainer |   epoch 31 step 40/140 loss=0.6073
22:36:05 | INFO    | holoqpi.engine.trainer |   epoch 31 step 60/140 loss=0.7626
22:36:07 | INFO    | holoqpi.engine.trainer |   epoch 31 step 80/140 loss=0.5633
22:36:08 | INFO    | holoqpi.engine.trainer |   epoch 31 step 100/140 loss=1.3298
22:36:10 | INFO    | holoqpi.engine.trainer |   epoch 31 step 120/140 loss=0.9265
22:36:56 | INFO    | holoqpi.engine.trainer | epoch 31/60 (56s = 11s train + 45s val) | train_loss=0.7342  val_phase_mae=0.1829  val_dice=0.7668  val_cls_acc=0.7165  val_mass_mape=0.2554
22:36:57 | INFO    | holoqpi.engine.trainer |   epoch 32 step 0/140 loss=0.5688
22:36:58 | INFO    | holoqpi.engine.trainer |   epoch 32 step 20/140 loss=0.4832
22:37:00 | INFO    | holoqpi.engine.trainer |   epoch 32 step 40/140 loss=0.8526
22:37:01 | INFO    | holoqpi.engine.trainer |   epoch 32 step 60/140 loss=0.7435
22:37:03 | INFO    | holoqpi.engine.trainer |   epoch 32 step 80/140 loss=0.6105
22:37:05 | INFO    | holoqpi.engine.trainer |   epoch 32 step 100/140 loss=0.6851
22:37:06 | INFO    | holoqpi.engine.trainer |   epoch 32 step 120/140 loss=0.5245
22:37:52 | INFO    | holoqpi.engine.trainer | epoch 32/60 (56s = 11s train + 44s val) | train_loss=0.7287  val_phase_mae=0.1871  val_dice=0.7582  val_cls_acc=0.7008  val_mass_mape=0.2411
22:37:52 | INFO    | holoqpi.engine.trainer |   epoch 33 step 0/140 loss=0.9693
22:37:54 | INFO    | holoqpi.engine.trainer |   epoch 33 step 20/140 loss=0.8906
22:37:56 | INFO    | holoqpi.engine.trainer |   epoch 33 step 40/140 loss=0.8151
22:37:57 | INFO    | holoqpi.engine.trainer |   epoch 33 step 60/140 loss=0.9394
22:37:59 | INFO    | holoqpi.engine.trainer |   epoch 33 step 80/140 loss=0.7114
22:38:00 | INFO    | holoqpi.engine.trainer |   epoch 33 step 100/140 loss=0.9157
22:38:02 | INFO    | holoqpi.engine.trainer |   epoch 33 step 120/140 loss=0.6393
22:38:48 | INFO    | holoqpi.engine.trainer |   new best composite=0.7568
22:38:48 | INFO    | holoqpi.engine.trainer | epoch 33/60 (56s = 11s train + 44s val) | train_loss=0.7143  val_phase_mae=0.1822  val_dice=0.7675  val_cls_acc=0.7008  val_mass_mape=0.2397
22:38:49 | INFO    | holoqpi.engine.trainer |   epoch 34 step 0/140 loss=0.8181
22:38:50 | INFO    | holoqpi.engine.trainer |   epoch 34 step 20/140 loss=0.8787
22:38:52 | INFO    | holoqpi.engine.trainer |   epoch 34 step 40/140 loss=0.6923
22:38:53 | INFO    | holoqpi.engine.trainer |   epoch 34 step 60/140 loss=0.5247
22:38:55 | INFO    | holoqpi.engine.trainer |   epoch 34 step 80/140 loss=0.5247
22:38:56 | INFO    | holoqpi.engine.trainer |   epoch 34 step 100/140 loss=0.5917
22:38:58 | INFO    | holoqpi.engine.trainer |   epoch 34 step 120/140 loss=0.7899
22:39:44 | INFO    | holoqpi.engine.trainer | epoch 34/60 (56s = 11s train + 44s val) | train_loss=0.7154  val_phase_mae=0.1872  val_dice=0.7606  val_cls_acc=0.7480  val_mass_mape=0.2479
22:39:44 | INFO    | holoqpi.engine.trainer |   epoch 35 step 0/140 loss=0.7110
22:39:46 | INFO    | holoqpi.engine.trainer |   epoch 35 step 20/140 loss=0.5275
22:39:47 | INFO    | holoqpi.engine.trainer |   epoch 35 step 40/140 loss=0.7349
22:39:49 | INFO    | holoqpi.engine.trainer |   epoch 35 step 60/140 loss=0.5681
22:39:51 | INFO    | holoqpi.engine.trainer |   epoch 35 step 80/140 loss=0.5671
22:39:52 | INFO    | holoqpi.engine.trainer |   epoch 35 step 100/140 loss=1.0687
22:39:54 | INFO    | holoqpi.engine.trainer |   epoch 35 step 120/140 loss=0.5101
22:40:40 | INFO    | holoqpi.engine.trainer |   new best composite=0.7584
22:40:40 | INFO    | holoqpi.engine.trainer | epoch 35/60 (56s = 11s train + 45s val) | train_loss=0.6990  val_phase_mae=0.1809  val_dice=0.7683  val_cls_acc=0.7087  val_mass_mape=0.2407
22:40:41 | INFO    | holoqpi.engine.trainer |   epoch 36 step 0/140 loss=0.9552
22:40:42 | INFO    | holoqpi.engine.trainer |   epoch 36 step 20/140 loss=0.8920
22:40:44 | INFO    | holoqpi.engine.trainer |   epoch 36 step 40/140 loss=1.0996
22:40:45 | INFO    | holoqpi.engine.trainer |   epoch 36 step 60/140 loss=0.5224
22:40:47 | INFO    | holoqpi.engine.trainer |   epoch 36 step 80/140 loss=0.7079
22:40:48 | INFO    | holoqpi.engine.trainer |   epoch 36 step 100/140 loss=0.4988
22:40:50 | INFO    | holoqpi.engine.trainer |   epoch 36 step 120/140 loss=0.8462
22:41:36 | INFO    | holoqpi.engine.trainer | epoch 36/60 (56s = 11s train + 44s val) | train_loss=0.7030  val_phase_mae=0.1834  val_dice=0.7638  val_cls_acc=0.6693  val_mass_mape=0.2326
22:41:36 | INFO    | holoqpi.engine.trainer |   epoch 37 step 0/140 loss=1.0363
22:41:38 | INFO    | holoqpi.engine.trainer |   epoch 37 step 20/140 loss=0.5152
22:41:40 | INFO    | holoqpi.engine.trainer |   epoch 37 step 40/140 loss=0.7568
22:41:41 | INFO    | holoqpi.engine.trainer |   epoch 37 step 60/140 loss=0.7832
22:41:43 | INFO    | holoqpi.engine.trainer |   epoch 37 step 80/140 loss=0.6640
22:41:44 | INFO    | holoqpi.engine.trainer |   epoch 37 step 100/140 loss=0.6016
22:41:46 | INFO    | holoqpi.engine.trainer |   epoch 37 step 120/140 loss=0.5203
22:42:32 | INFO    | holoqpi.engine.trainer | epoch 37/60 (56s = 11s train + 45s val) | train_loss=0.6979  val_phase_mae=0.1823  val_dice=0.7651  val_cls_acc=0.7244  val_mass_mape=0.2382
22:42:33 | INFO    | holoqpi.engine.trainer |   epoch 38 step 0/140 loss=0.9383
22:42:34 | INFO    | holoqpi.engine.trainer |   epoch 38 step 20/140 loss=0.6630
22:42:36 | INFO    | holoqpi.engine.trainer |   epoch 38 step 40/140 loss=0.8940
22:42:38 | INFO    | holoqpi.engine.trainer |   epoch 38 step 60/140 loss=0.7988
22:42:39 | INFO    | holoqpi.engine.trainer |   epoch 38 step 80/140 loss=1.2499
22:42:41 | INFO    | holoqpi.engine.trainer |   epoch 38 step 100/140 loss=0.8610
22:42:42 | INFO    | holoqpi.engine.trainer |   epoch 38 step 120/140 loss=0.7933
22:43:28 | INFO    | holoqpi.engine.trainer | epoch 38/60 (56s = 12s train + 44s val) | train_loss=0.6959  val_phase_mae=0.1837  val_dice=0.7662  val_cls_acc=0.7874  val_mass_mape=0.2538
22:43:28 | INFO    | holoqpi.engine.trainer |   epoch 39 step 0/140 loss=0.6801
22:43:30 | INFO    | holoqpi.engine.trainer |   epoch 39 step 20/140 loss=0.6339
22:43:32 | INFO    | holoqpi.engine.trainer |   epoch 39 step 40/140 loss=0.6318
22:43:33 | INFO    | holoqpi.engine.trainer |   epoch 39 step 60/140 loss=0.8879
22:43:35 | INFO    | holoqpi.engine.trainer |   epoch 39 step 80/140 loss=0.8352
22:43:36 | INFO    | holoqpi.engine.trainer |   epoch 39 step 100/140 loss=0.8172
22:43:38 | INFO    | holoqpi.engine.trainer |   epoch 39 step 120/140 loss=0.6923
22:44:24 | INFO    | holoqpi.engine.trainer |   new best composite=0.7610
22:44:24 | INFO    | holoqpi.engine.trainer | epoch 39/60 (56s = 11s train + 44s val) | train_loss=0.6989  val_phase_mae=0.1814  val_dice=0.7704  val_cls_acc=0.7717  val_mass_mape=0.2328
22:44:24 | INFO    | holoqpi.engine.trainer |   epoch 40 step 0/140 loss=0.4858
22:44:26 | INFO    | holoqpi.engine.trainer |   epoch 40 step 20/140 loss=0.5362
22:44:28 | INFO    | holoqpi.engine.trainer |   epoch 40 step 40/140 loss=0.5359
22:44:29 | INFO    | holoqpi.engine.trainer |   epoch 40 step 60/140 loss=0.7579
22:44:31 | INFO    | holoqpi.engine.trainer |   epoch 40 step 80/140 loss=0.8329
22:44:32 | INFO    | holoqpi.engine.trainer |   epoch 40 step 100/140 loss=0.6249
22:44:34 | INFO    | holoqpi.engine.trainer |   epoch 40 step 120/140 loss=0.4857
22:45:20 | INFO    | holoqpi.engine.trainer |   new best composite=0.7612
22:45:20 | INFO    | holoqpi.engine.trainer | epoch 40/60 (55s = 11s train + 44s val) | train_loss=0.6803  val_phase_mae=0.1799  val_dice=0.7705  val_cls_acc=0.8031  val_mass_mape=0.2309
22:45:20 | INFO    | holoqpi.engine.trainer |   epoch 41 step 0/140 loss=0.8274
22:45:22 | INFO    | holoqpi.engine.trainer |   epoch 41 step 20/140 loss=0.5424
22:45:23 | INFO    | holoqpi.engine.trainer |   epoch 41 step 40/140 loss=0.5068
22:45:25 | INFO    | holoqpi.engine.trainer |   epoch 41 step 60/140 loss=0.6830
22:45:27 | INFO    | holoqpi.engine.trainer |   epoch 41 step 80/140 loss=0.7731
22:45:28 | INFO    | holoqpi.engine.trainer |   epoch 41 step 100/140 loss=0.7283
22:45:30 | INFO    | holoqpi.engine.trainer |   epoch 41 step 120/140 loss=0.6830
22:46:16 | INFO    | holoqpi.engine.trainer | epoch 41/60 (56s = 11s train + 44s val) | train_loss=0.6747  val_phase_mae=0.1815  val_dice=0.7695  val_cls_acc=0.8189  val_mass_mape=0.2300
22:46:16 | INFO    | holoqpi.engine.trainer |   epoch 42 step 0/140 loss=0.5422
22:46:18 | INFO    | holoqpi.engine.trainer |   epoch 42 step 20/140 loss=0.5027
22:46:19 | INFO    | holoqpi.engine.trainer |   epoch 42 step 40/140 loss=0.4448
22:46:21 | INFO    | holoqpi.engine.trainer |   epoch 42 step 60/140 loss=0.5681
22:46:22 | INFO    | holoqpi.engine.trainer |   epoch 42 step 80/140 loss=0.5490
22:46:24 | INFO    | holoqpi.engine.trainer |   epoch 42 step 100/140 loss=0.7391
22:46:26 | INFO    | holoqpi.engine.trainer |   epoch 42 step 120/140 loss=0.7227
22:47:11 | INFO    | holoqpi.engine.trainer | epoch 42/60 (56s = 11s train + 44s val) | train_loss=0.6800  val_phase_mae=0.1808  val_dice=0.7664  val_cls_acc=0.7717  val_mass_mape=0.2372
22:47:12 | INFO    | holoqpi.engine.trainer |   epoch 43 step 0/140 loss=0.5733
22:47:13 | INFO    | holoqpi.engine.trainer |   epoch 43 step 20/140 loss=0.6336
22:47:15 | INFO    | holoqpi.engine.trainer |   epoch 43 step 40/140 loss=0.5592
22:47:17 | INFO    | holoqpi.engine.trainer |   epoch 43 step 60/140 loss=0.4862
22:47:18 | INFO    | holoqpi.engine.trainer |   epoch 43 step 80/140 loss=0.7349
22:47:20 | INFO    | holoqpi.engine.trainer |   epoch 43 step 100/140 loss=0.5459
22:47:21 | INFO    | holoqpi.engine.trainer |   epoch 43 step 120/140 loss=0.4891
22:48:07 | INFO    | holoqpi.engine.trainer | epoch 43/60 (56s = 11s train + 44s val) | train_loss=0.6658  val_phase_mae=0.1811  val_dice=0.7684  val_cls_acc=0.7795  val_mass_mape=0.2380
22:48:07 | INFO    | holoqpi.engine.trainer |   epoch 44 step 0/140 loss=0.6251
22:48:09 | INFO    | holoqpi.engine.trainer |   epoch 44 step 20/140 loss=0.5332
22:48:11 | INFO    | holoqpi.engine.trainer |   epoch 44 step 40/140 loss=0.6465
22:48:12 | INFO    | holoqpi.engine.trainer |   epoch 44 step 60/140 loss=0.4953
22:48:14 | INFO    | holoqpi.engine.trainer |   epoch 44 step 80/140 loss=0.7870
22:48:15 | INFO    | holoqpi.engine.trainer |   epoch 44 step 100/140 loss=0.6130
22:48:17 | INFO    | holoqpi.engine.trainer |   epoch 44 step 120/140 loss=0.4862
22:49:02 | INFO    | holoqpi.engine.trainer | epoch 44/60 (55s = 11s train + 44s val) | train_loss=0.6632  val_phase_mae=0.1809  val_dice=0.7665  val_cls_acc=0.7717  val_mass_mape=0.2327
22:49:03 | INFO    | holoqpi.engine.trainer |   epoch 45 step 0/140 loss=0.7919
22:49:04 | INFO    | holoqpi.engine.trainer |   epoch 45 step 20/140 loss=0.5892
22:49:06 | INFO    | holoqpi.engine.trainer |   epoch 45 step 40/140 loss=0.6179
22:49:07 | INFO    | holoqpi.engine.trainer |   epoch 45 step 60/140 loss=0.7210
22:49:09 | INFO    | holoqpi.engine.trainer |   epoch 45 step 80/140 loss=0.9115
22:49:11 | INFO    | holoqpi.engine.trainer |   epoch 45 step 100/140 loss=0.7052
22:49:12 | INFO    | holoqpi.engine.trainer |   epoch 45 step 120/140 loss=1.0312
22:49:58 | INFO    | holoqpi.engine.trainer |   new best composite=0.7620
22:49:58 | INFO    | holoqpi.engine.trainer | epoch 45/60 (56s = 11s train + 45s val) | train_loss=0.6679  val_phase_mae=0.1798  val_dice=0.7698  val_cls_acc=0.8425  val_mass_mape=0.2280
22:49:59 | INFO    | holoqpi.engine.trainer |   epoch 46 step 0/140 loss=0.5504
22:50:00 | INFO    | holoqpi.engine.trainer |   epoch 46 step 20/140 loss=0.5365
22:50:02 | INFO    | holoqpi.engine.trainer |   epoch 46 step 40/140 loss=0.7989
22:50:04 | INFO    | holoqpi.engine.trainer |   epoch 46 step 60/140 loss=0.9598
22:50:05 | INFO    | holoqpi.engine.trainer |   epoch 46 step 80/140 loss=0.4934
22:50:07 | INFO    | holoqpi.engine.trainer |   epoch 46 step 100/140 loss=0.7148
22:50:08 | INFO    | holoqpi.engine.trainer |   epoch 46 step 120/140 loss=0.6500
22:50:54 | INFO    | holoqpi.engine.trainer | epoch 46/60 (55s = 11s train + 44s val) | train_loss=0.6703  val_phase_mae=0.1794  val_dice=0.7665  val_cls_acc=0.7323  val_mass_mape=0.2311
22:50:54 | INFO    | holoqpi.engine.trainer |   epoch 47 step 0/140 loss=0.6324
22:50:56 | INFO    | holoqpi.engine.trainer |   epoch 47 step 20/140 loss=0.6553
22:50:57 | INFO    | holoqpi.engine.trainer |   epoch 47 step 40/140 loss=0.6237
22:50:59 | INFO    | holoqpi.engine.trainer |   epoch 47 step 60/140 loss=0.8840
22:51:00 | INFO    | holoqpi.engine.trainer |   epoch 47 step 80/140 loss=0.6297
22:51:02 | INFO    | holoqpi.engine.trainer |   epoch 47 step 100/140 loss=0.5808
22:51:03 | INFO    | holoqpi.engine.trainer |   epoch 47 step 120/140 loss=0.7945
22:51:49 | INFO    | holoqpi.engine.trainer |   new best composite=0.7622
22:51:49 | INFO    | holoqpi.engine.trainer | epoch 47/60 (55s = 11s train + 44s val) | train_loss=0.6527  val_phase_mae=0.1792  val_dice=0.7700  val_cls_acc=0.8110  val_mass_mape=0.2309
22:51:50 | INFO    | holoqpi.engine.trainer |   epoch 48 step 0/140 loss=0.5203
22:51:51 | INFO    | holoqpi.engine.trainer |   epoch 48 step 20/140 loss=0.5576
22:51:53 | INFO    | holoqpi.engine.trainer |   epoch 48 step 40/140 loss=0.5258
22:51:55 | INFO    | holoqpi.engine.trainer |   epoch 48 step 60/140 loss=0.5012
22:51:56 | INFO    | holoqpi.engine.trainer |   epoch 48 step 80/140 loss=0.4991
22:51:58 | INFO    | holoqpi.engine.trainer |   epoch 48 step 100/140 loss=0.5893
22:51:59 | INFO    | holoqpi.engine.trainer |   epoch 48 step 120/140 loss=0.5388
22:52:45 | INFO    | holoqpi.engine.trainer | epoch 48/60 (56s = 11s train + 44s val) | train_loss=0.6516  val_phase_mae=0.1803  val_dice=0.7680  val_cls_acc=0.7717  val_mass_mape=0.2312
22:52:46 | INFO    | holoqpi.engine.trainer |   epoch 49 step 0/140 loss=0.6477
22:52:47 | INFO    | holoqpi.engine.trainer |   epoch 49 step 20/140 loss=0.5637
22:52:49 | INFO    | holoqpi.engine.trainer |   epoch 49 step 40/140 loss=0.5319
22:52:50 | INFO    | holoqpi.engine.trainer |   epoch 49 step 60/140 loss=0.8462
22:52:52 | INFO    | holoqpi.engine.trainer |   epoch 49 step 80/140 loss=0.4193
22:52:53 | INFO    | holoqpi.engine.trainer |   epoch 49 step 100/140 loss=0.5939
22:52:55 | INFO    | holoqpi.engine.trainer |   epoch 49 step 120/140 loss=0.8686
22:53:41 | INFO    | holoqpi.engine.trainer | epoch 49/60 (56s = 12s train + 44s val) | train_loss=0.6562  val_phase_mae=0.1799  val_dice=0.7719  val_cls_acc=0.7638  val_mass_mape=0.2336
22:53:42 | INFO    | holoqpi.engine.trainer |   epoch 50 step 0/140 loss=0.5992
22:53:43 | INFO    | holoqpi.engine.trainer |   epoch 50 step 20/140 loss=0.6173
22:53:45 | INFO    | holoqpi.engine.trainer |   epoch 50 step 40/140 loss=0.4761
22:53:46 | INFO    | holoqpi.engine.trainer |   epoch 50 step 60/140 loss=0.4672
22:53:48 | INFO    | holoqpi.engine.trainer |   epoch 50 step 80/140 loss=0.5306
22:53:49 | INFO    | holoqpi.engine.trainer |   epoch 50 step 100/140 loss=0.8323
22:53:51 | INFO    | holoqpi.engine.trainer |   epoch 50 step 120/140 loss=0.5862
22:54:37 | INFO    | holoqpi.engine.trainer | epoch 50/60 (56s = 11s train + 44s val) | train_loss=0.6522  val_phase_mae=0.1793  val_dice=0.7715  val_cls_acc=0.8189  val_mass_mape=0.2312
22:54:37 | INFO    | holoqpi.engine.trainer |   epoch 51 step 0/140 loss=0.5301
22:54:39 | INFO    | holoqpi.engine.trainer |   epoch 51 step 20/140 loss=0.4897
22:54:40 | INFO    | holoqpi.engine.trainer |   epoch 51 step 40/140 loss=0.7800
22:54:42 | INFO    | holoqpi.engine.trainer |   epoch 51 step 60/140 loss=0.6102
22:54:44 | INFO    | holoqpi.engine.trainer |   epoch 51 step 80/140 loss=0.5418
22:54:45 | INFO    | holoqpi.engine.trainer |   epoch 51 step 100/140 loss=1.0359
22:54:47 | INFO    | holoqpi.engine.trainer |   epoch 51 step 120/140 loss=0.5354
22:55:33 | INFO    | holoqpi.engine.trainer | epoch 51/60 (56s = 11s train + 45s val) | train_loss=0.6465  val_phase_mae=0.1798  val_dice=0.7699  val_cls_acc=0.8268  val_mass_mape=0.2302
22:55:33 | INFO    | holoqpi.engine.trainer |   epoch 52 step 0/140 loss=0.5123
22:55:35 | INFO    | holoqpi.engine.trainer |   epoch 52 step 20/140 loss=1.0120
22:55:37 | INFO    | holoqpi.engine.trainer |   epoch 52 step 40/140 loss=0.7702
22:55:38 | INFO    | holoqpi.engine.trainer |   epoch 52 step 60/140 loss=0.5348
22:55:40 | INFO    | holoqpi.engine.trainer |   epoch 52 step 80/140 loss=0.6675
22:55:41 | INFO    | holoqpi.engine.trainer |   epoch 52 step 100/140 loss=0.5931
22:55:43 | INFO    | holoqpi.engine.trainer |   epoch 52 step 120/140 loss=0.7966
22:56:29 | INFO    | holoqpi.engine.trainer |   new best composite=0.7622
22:56:29 | INFO    | holoqpi.engine.trainer | epoch 52/60 (55s = 11s train + 44s val) | train_loss=0.6522  val_phase_mae=0.1799  val_dice=0.7694  val_cls_acc=0.7953  val_mass_mape=0.2280
22:56:29 | INFO    | holoqpi.engine.trainer |   epoch 53 step 0/140 loss=1.0043
22:56:31 | INFO    | holoqpi.engine.trainer |   epoch 53 step 20/140 loss=1.0415
22:56:32 | INFO    | holoqpi.engine.trainer |   epoch 53 step 40/140 loss=0.6017
22:56:34 | INFO    | holoqpi.engine.trainer |   epoch 53 step 60/140 loss=0.7318
22:56:35 | INFO    | holoqpi.engine.trainer |   epoch 53 step 80/140 loss=0.4176
22:56:37 | INFO    | holoqpi.engine.trainer |   epoch 53 step 100/140 loss=0.5059
22:56:39 | INFO    | holoqpi.engine.trainer |   epoch 53 step 120/140 loss=0.5325
22:57:25 | INFO    | holoqpi.engine.trainer | epoch 53/60 (56s = 12s train + 44s val) | train_loss=0.6408  val_phase_mae=0.1797  val_dice=0.7707  val_cls_acc=0.7953  val_mass_mape=0.2293
22:57:25 | INFO    | holoqpi.engine.trainer |   epoch 54 step 0/140 loss=0.4273
22:57:27 | INFO    | holoqpi.engine.trainer |   epoch 54 step 20/140 loss=0.9308
22:57:28 | INFO    | holoqpi.engine.trainer |   epoch 54 step 40/140 loss=0.6621
22:57:30 | INFO    | holoqpi.engine.trainer |   epoch 54 step 60/140 loss=0.4407
22:57:31 | INFO    | holoqpi.engine.trainer |   epoch 54 step 80/140 loss=0.4670
22:57:33 | INFO    | holoqpi.engine.trainer |   epoch 54 step 100/140 loss=0.8633
22:57:35 | INFO    | holoqpi.engine.trainer |   epoch 54 step 120/140 loss=1.1927
22:58:21 | INFO    | holoqpi.engine.trainer | epoch 54/60 (56s = 11s train + 45s val) | train_loss=0.6379  val_phase_mae=0.1798  val_dice=0.7706  val_cls_acc=0.8425  val_mass_mape=0.2285
22:58:21 | INFO    | holoqpi.engine.trainer |   epoch 55 step 0/140 loss=0.4955
22:58:23 | INFO    | holoqpi.engine.trainer |   epoch 55 step 20/140 loss=0.4667
22:58:24 | INFO    | holoqpi.engine.trainer |   epoch 55 step 40/140 loss=0.6384
22:58:26 | INFO    | holoqpi.engine.trainer |   epoch 55 step 60/140 loss=0.8488
22:58:27 | INFO    | holoqpi.engine.trainer |   epoch 55 step 80/140 loss=0.7265
22:58:29 | INFO    | holoqpi.engine.trainer |   epoch 55 step 100/140 loss=0.6985
22:58:30 | INFO    | holoqpi.engine.trainer |   epoch 55 step 120/140 loss=0.4978
22:59:16 | INFO    | holoqpi.engine.trainer | epoch 55/60 (56s = 11s train + 44s val) | train_loss=0.6501  val_phase_mae=0.1797  val_dice=0.7699  val_cls_acc=0.8425  val_mass_mape=0.2279
22:59:17 | INFO    | holoqpi.engine.trainer |   epoch 56 step 0/140 loss=0.5868
22:59:18 | INFO    | holoqpi.engine.trainer |   epoch 56 step 20/140 loss=0.7036
22:59:20 | INFO    | holoqpi.engine.trainer |   epoch 56 step 40/140 loss=0.5316
22:59:22 | INFO    | holoqpi.engine.trainer |   epoch 56 step 60/140 loss=0.6551
22:59:23 | INFO    | holoqpi.engine.trainer |   epoch 56 step 80/140 loss=0.6762
22:59:25 | INFO    | holoqpi.engine.trainer |   epoch 56 step 100/140 loss=0.6149
22:59:26 | INFO    | holoqpi.engine.trainer |   epoch 56 step 120/140 loss=0.5648
23:00:12 | INFO    | holoqpi.engine.trainer | epoch 56/60 (56s = 11s train + 45s val) | train_loss=0.6436  val_phase_mae=0.1796  val_dice=0.7713  val_cls_acc=0.8110  val_mass_mape=0.2314
23:00:13 | INFO    | holoqpi.engine.trainer |   epoch 57 step 0/140 loss=0.7043
23:00:14 | INFO    | holoqpi.engine.trainer |   epoch 57 step 20/140 loss=0.5719
23:00:16 | INFO    | holoqpi.engine.trainer |   epoch 57 step 40/140 loss=0.5724
23:00:18 | INFO    | holoqpi.engine.trainer |   epoch 57 step 60/140 loss=0.5654
23:00:19 | INFO    | holoqpi.engine.trainer |   epoch 57 step 80/140 loss=0.5445
23:00:21 | INFO    | holoqpi.engine.trainer |   epoch 57 step 100/140 loss=0.5873
23:00:22 | INFO    | holoqpi.engine.trainer |   epoch 57 step 120/140 loss=0.5273
23:01:08 | INFO    | holoqpi.engine.trainer | epoch 57/60 (56s = 11s train + 45s val) | train_loss=0.6375  val_phase_mae=0.1794  val_dice=0.7706  val_cls_acc=0.8504  val_mass_mape=0.2295
23:01:09 | INFO    | holoqpi.engine.trainer |   epoch 58 step 0/140 loss=0.6918
23:01:11 | INFO    | holoqpi.engine.trainer |   epoch 58 step 20/140 loss=0.4963
23:01:12 | INFO    | holoqpi.engine.trainer |   epoch 58 step 40/140 loss=0.4873
23:01:14 | INFO    | holoqpi.engine.trainer |   epoch 58 step 60/140 loss=0.5153
23:01:15 | INFO    | holoqpi.engine.trainer |   epoch 58 step 80/140 loss=0.5734
23:01:17 | INFO    | holoqpi.engine.trainer |   epoch 58 step 100/140 loss=0.5458
23:01:18 | INFO    | holoqpi.engine.trainer |   epoch 58 step 120/140 loss=0.9273
23:02:04 | INFO    | holoqpi.engine.trainer | epoch 58/60 (56s = 11s train + 45s val) | train_loss=0.6291  val_phase_mae=0.1793  val_dice=0.7713  val_cls_acc=0.8425  val_mass_mape=0.2323
23:02:05 | INFO    | holoqpi.engine.trainer |   epoch 59 step 0/140 loss=0.6290
23:02:06 | INFO    | holoqpi.engine.trainer |   epoch 59 step 20/140 loss=0.9076
23:02:08 | INFO    | holoqpi.engine.trainer |   epoch 59 step 40/140 loss=0.9976
23:02:10 | INFO    | holoqpi.engine.trainer |   epoch 59 step 60/140 loss=0.5436
23:02:11 | INFO    | holoqpi.engine.trainer |   epoch 59 step 80/140 loss=0.5151
23:02:13 | INFO    | holoqpi.engine.trainer |   epoch 59 step 100/140 loss=0.5809
23:02:14 | INFO    | holoqpi.engine.trainer |   epoch 59 step 120/140 loss=1.0302
23:03:00 | INFO    | holoqpi.engine.trainer | epoch 59/60 (55s = 11s train + 44s val) | train_loss=0.6308  val_phase_mae=0.1790  val_dice=0.7711  val_cls_acc=0.8425  val_mass_mape=0.2333
23:03:00 | INFO    | holoqpi.engine.trainer |   epoch 60 step 0/140 loss=0.4604
23:03:02 | INFO    | holoqpi.engine.trainer |   epoch 60 step 20/140 loss=0.5606
23:03:03 | INFO    | holoqpi.engine.trainer |   epoch 60 step 40/140 loss=0.4929
23:03:05 | INFO    | holoqpi.engine.trainer |   epoch 60 step 60/140 loss=0.5335
23:03:06 | INFO    | holoqpi.engine.trainer |   epoch 60 step 80/140 loss=0.5524
23:03:08 | INFO    | holoqpi.engine.trainer |   epoch 60 step 100/140 loss=0.6108
23:03:10 | INFO    | holoqpi.engine.trainer |   epoch 60 step 120/140 loss=0.7873
23:03:55 | INFO    | holoqpi.engine.trainer | epoch 60/60 (55s = 11s train + 44s val) | train_loss=0.6283  val_phase_mae=0.1793  val_dice=0.7713  val_cls_acc=0.8031  val_mass_mape=0.2307
23:03:55 | INFO    | holoqpi.engine.trainer | training finished; best epoch 52 (composite=0.7622)
23:03:55 | INFO    | holoqpi.engine.trainer | checkpoint best_model.pt: 446/446 tensors matched
23:04:34 | INFO    | holoqpi.engine.compare | modality=gabor test metrics written to runs/no_physics_s1337_gabor
23:04:35 | INFO    | holoqpi.engine.compare | comparison table written to runs/no_physics_s1337_modality_comparison.csv
