01:03:46 | INFO    | holoqpi.engine.compare | ======================================================================
01:03:46 | INFO    | holoqpi.engine.compare | modality=off_axis  device=cuda  run_dir=runs/no_measurement_s1337_off_axis
01:03:46 | INFO    | holoqpi.engine.compare | ======================================================================
01:03:46 | INFO    | holoqpi.data.dataset | train split: 560 samples | modality=off_axis | crop=512 | augment=True
01:03:46 | INFO    | holoqpi.data.dataset | val split: 127 samples | modality=off_axis | crop=None | augment=False
01:03:46 | INFO    | holoqpi.data.dataset | test split: 113 samples | modality=off_axis | crop=None | augment=False
01:03:47 | INFO    | holoqpi.models.encoders | encoder=mobilenet_v2 in_channels=1 pretrained=True stages=[16, 24, 32, 96, 1280]
01:03:47 | INFO    | holoqpi.models.holonet | HoloQPINet built: 9.76M parameters, 9.76M trainable (100.0%)
01:03:48 | INFO    | holoqpi.engine.trainer | trainable 9.76M / 9.76M parameters (100.0%)
01:03:48 | INFO    | holoqpi.engine.trainer | active physics terms: ['phase_mask_contrast', 'boundary_gradient_alignment', 'phase_volume']
01:03:54 | INFO    | holoqpi.engine.trainer |   epoch 1 step 0/140 loss=2.0684
01:03:56 | INFO    | holoqpi.engine.trainer |   epoch 1 step 20/140 loss=1.7951
01:03:58 | INFO    | holoqpi.engine.trainer |   epoch 1 step 40/140 loss=1.6015
01:04:00 | INFO    | holoqpi.engine.trainer |   epoch 1 step 60/140 loss=1.4697
01:04:02 | INFO    | holoqpi.engine.trainer |   epoch 1 step 80/140 loss=1.4988
01:04:04 | INFO    | holoqpi.engine.trainer |   epoch 1 step 100/140 loss=1.3557
01:04:06 | INFO    | holoqpi.engine.trainer |   epoch 1 step 120/140 loss=1.2559
01:05:00 | INFO    | holoqpi.engine.trainer |   new best composite=0.6279
01:05:00 | INFO    | holoqpi.engine.trainer | epoch 1/60 (71s = 19s train + 52s val) | train_loss=1.5377  val_phase_mae=0.2619  val_dice=0.6375  val_cls_acc=0.2362  val_mass_mape=0.3028
01:05:00 | INFO    | holoqpi.engine.trainer |   at this rate the full 60-epoch schedule takes about 71 min
01:05:01 | INFO    | holoqpi.engine.trainer |   epoch 2 step 0/140 loss=1.1998
01:05:03 | INFO    | holoqpi.engine.trainer |   epoch 2 step 20/140 loss=1.2970
01:05:05 | INFO    | holoqpi.engine.trainer |   epoch 2 step 40/140 loss=1.0953
01:05:07 | INFO    | holoqpi.engine.trainer |   epoch 2 step 60/140 loss=1.1807
01:05:10 | INFO    | holoqpi.engine.trainer |   epoch 2 step 80/140 loss=0.9277
01:05:12 | INFO    | holoqpi.engine.trainer |   epoch 2 step 100/140 loss=1.0125
01:05:15 | INFO    | holoqpi.engine.trainer |   epoch 2 step 120/140 loss=1.1879
01:06:06 | INFO    | holoqpi.engine.trainer |   new best composite=0.7082
01:06:06 | INFO    | holoqpi.engine.trainer | epoch 2/60 (66s = 17s train + 49s val) | train_loss=1.0880  val_phase_mae=0.2170  val_dice=0.7451  val_cls_acc=0.2992  val_mass_mape=0.3516
01:06:07 | INFO    | holoqpi.engine.trainer |   epoch 3 step 0/140 loss=0.8717
01:06:09 | INFO    | holoqpi.engine.trainer |   epoch 3 step 20/140 loss=0.9381
01:06:11 | INFO    | holoqpi.engine.trainer |   epoch 3 step 40/140 loss=0.8999
01:06:14 | INFO    | holoqpi.engine.trainer |   epoch 3 step 60/140 loss=0.9615
01:06:16 | INFO    | holoqpi.engine.trainer |   epoch 3 step 80/140 loss=0.7894
01:06:18 | INFO    | holoqpi.engine.trainer |   epoch 3 step 100/140 loss=0.8321
01:06:20 | INFO    | holoqpi.engine.trainer |   epoch 3 step 120/140 loss=0.7842
01:07:11 | INFO    | holoqpi.engine.trainer |   new best composite=0.7524
01:07:11 | INFO    | holoqpi.engine.trainer | epoch 3/60 (65s = 15s train + 49s val) | train_loss=0.9096  val_phase_mae=0.1979  val_dice=0.7716  val_cls_acc=0.3228  val_mass_mape=0.2706
01:07:12 | INFO    | holoqpi.engine.trainer |   epoch 4 step 0/140 loss=0.9733
01:07:14 | INFO    | holoqpi.engine.trainer |   epoch 4 step 20/140 loss=0.9082
01:07:16 | INFO    | holoqpi.engine.trainer |   epoch 4 step 40/140 loss=0.9991
01:07:18 | INFO    | holoqpi.engine.trainer |   epoch 4 step 60/140 loss=0.7602
01:07:20 | INFO    | holoqpi.engine.trainer |   epoch 4 step 80/140 loss=0.7767
01:07:22 | INFO    | holoqpi.engine.trainer |   epoch 4 step 100/140 loss=0.8377
01:07:24 | INFO    | holoqpi.engine.trainer |   epoch 4 step 120/140 loss=0.9775
01:08:15 | INFO    | holoqpi.engine.trainer |   new best composite=0.7565
01:08:15 | INFO    | holoqpi.engine.trainer | epoch 4/60 (63s = 14s train + 49s val) | train_loss=0.8540  val_phase_mae=0.1931  val_dice=0.7822  val_cls_acc=0.2835  val_mass_mape=0.2800
01:08:15 | INFO    | holoqpi.engine.trainer |   epoch 5 step 0/140 loss=0.9732
01:08:17 | INFO    | holoqpi.engine.trainer |   epoch 5 step 20/140 loss=0.8317
01:08:19 | INFO    | holoqpi.engine.trainer |   epoch 5 step 40/140 loss=0.7073
01:08:21 | INFO    | holoqpi.engine.trainer |   epoch 5 step 60/140 loss=0.7514
01:08:23 | INFO    | holoqpi.engine.trainer |   epoch 5 step 80/140 loss=0.7902
01:08:25 | INFO    | holoqpi.engine.trainer |   epoch 5 step 100/140 loss=0.8259
01:08:27 | INFO    | holoqpi.engine.trainer |   epoch 5 step 120/140 loss=0.7371
01:09:18 | INFO    | holoqpi.engine.trainer |   new best composite=0.7721
01:09:18 | INFO    | holoqpi.engine.trainer | epoch 5/60 (63s = 14s train + 48s val) | train_loss=0.8231  val_phase_mae=0.1887  val_dice=0.7892  val_cls_acc=0.3937  val_mass_mape=0.2402
01:09:18 | INFO    | holoqpi.engine.trainer |   epoch 6 step 0/140 loss=0.7063
01:09:20 | INFO    | holoqpi.engine.trainer |   epoch 6 step 20/140 loss=0.6962
01:09:22 | INFO    | holoqpi.engine.trainer |   epoch 6 step 40/140 loss=0.6713
01:09:24 | INFO    | holoqpi.engine.trainer |   epoch 6 step 60/140 loss=0.6644
01:09:26 | INFO    | holoqpi.engine.trainer |   epoch 6 step 80/140 loss=0.7371
01:09:28 | INFO    | holoqpi.engine.trainer |   epoch 6 step 100/140 loss=0.9239
01:09:30 | INFO    | holoqpi.engine.trainer |   epoch 6 step 120/140 loss=0.7720
01:10:21 | INFO    | holoqpi.engine.trainer | epoch 6/60 (64s = 14s train + 49s val) | train_loss=0.7806  val_phase_mae=0.1986  val_dice=0.7864  val_cls_acc=0.3937  val_mass_mape=0.3242
01:10:22 | INFO    | holoqpi.engine.trainer |   epoch 7 step 0/140 loss=1.0101
01:10:24 | INFO    | holoqpi.engine.trainer |   epoch 7 step 20/140 loss=0.8315
01:10:26 | INFO    | holoqpi.engine.trainer |   epoch 7 step 40/140 loss=0.7428
01:10:28 | INFO    | holoqpi.engine.trainer |   epoch 7 step 60/140 loss=0.6603
01:10:30 | INFO    | holoqpi.engine.trainer |   epoch 7 step 80/140 loss=0.8027
01:10:32 | INFO    | holoqpi.engine.trainer |   epoch 7 step 100/140 loss=0.7783
01:10:34 | INFO    | holoqpi.engine.trainer |   epoch 7 step 120/140 loss=0.7424
01:11:26 | INFO    | holoqpi.engine.trainer | epoch 7/60 (64s = 14s train + 50s val) | train_loss=0.7629  val_phase_mae=0.1886  val_dice=0.7863  val_cls_acc=0.2677  val_mass_mape=0.2819
01:11:26 | INFO    | holoqpi.engine.trainer |   epoch 8 step 0/140 loss=0.7643
01:11:28 | INFO    | holoqpi.engine.trainer |   epoch 8 step 20/140 loss=0.6702
01:11:30 | INFO    | holoqpi.engine.trainer |   epoch 8 step 40/140 loss=0.6040
01:11:32 | INFO    | holoqpi.engine.trainer |   epoch 8 step 60/140 loss=0.7813
01:11:34 | INFO    | holoqpi.engine.trainer |   epoch 8 step 80/140 loss=0.6894
01:11:36 | INFO    | holoqpi.engine.trainer |   epoch 8 step 100/140 loss=0.6695
01:11:38 | INFO    | holoqpi.engine.trainer |   epoch 8 step 120/140 loss=0.6296
01:12:28 | INFO    | holoqpi.engine.trainer |   new best composite=0.7775
01:12:28 | INFO    | holoqpi.engine.trainer | epoch 8/60 (63s = 14s train + 48s val) | train_loss=0.7517  val_phase_mae=0.1806  val_dice=0.7937  val_cls_acc=0.3307  val_mass_mape=0.2351
01:12:29 | INFO    | holoqpi.engine.trainer |   epoch 9 step 0/140 loss=0.6179
01:12:31 | INFO    | holoqpi.engine.trainer |   epoch 9 step 20/140 loss=0.8169
01:12:33 | INFO    | holoqpi.engine.trainer |   epoch 9 step 40/140 loss=0.6861
01:12:35 | INFO    | holoqpi.engine.trainer |   epoch 9 step 60/140 loss=0.8085
01:12:37 | INFO    | holoqpi.engine.trainer |   epoch 9 step 80/140 loss=0.6884
01:12:39 | INFO    | holoqpi.engine.trainer |   epoch 9 step 100/140 loss=0.7119
01:12:41 | INFO    | holoqpi.engine.trainer |   epoch 9 step 120/140 loss=0.6645
01:13:32 | INFO    | holoqpi.engine.trainer | epoch 9/60 (64s = 14s train + 50s val) | train_loss=0.7376  val_phase_mae=0.1910  val_dice=0.7954  val_cls_acc=0.2598  val_mass_mape=0.2524
01:13:33 | INFO    | holoqpi.engine.trainer |   epoch 10 step 0/140 loss=0.7067
01:13:35 | INFO    | holoqpi.engine.trainer |   epoch 10 step 20/140 loss=0.7229
01:13:37 | INFO    | holoqpi.engine.trainer |   epoch 10 step 40/140 loss=1.0366
01:13:39 | INFO    | holoqpi.engine.trainer |   epoch 10 step 60/140 loss=0.8385
01:13:41 | INFO    | holoqpi.engine.trainer |   epoch 10 step 80/140 loss=0.7461
01:13:43 | INFO    | holoqpi.engine.trainer |   epoch 10 step 100/140 loss=0.7168
01:13:45 | INFO    | holoqpi.engine.trainer |   epoch 10 step 120/140 loss=0.6491
01:14:36 | INFO    | holoqpi.engine.trainer |   new best composite=0.7835
01:14:36 | INFO    | holoqpi.engine.trainer | epoch 10/60 (64s = 14s train + 49s val) | train_loss=0.7242  val_phase_mae=0.1827  val_dice=0.7997  val_cls_acc=0.4252  val_mass_mape=0.2243
01:14:37 | INFO    | holoqpi.engine.trainer |   epoch 11 step 0/140 loss=0.7353
01:14:39 | INFO    | holoqpi.engine.trainer |   epoch 11 step 20/140 loss=0.7630
01:14:40 | INFO    | holoqpi.engine.trainer |   epoch 11 step 40/140 loss=0.6171
01:14:42 | INFO    | holoqpi.engine.trainer |   epoch 11 step 60/140 loss=0.6201
01:14:44 | INFO    | holoqpi.engine.trainer |   epoch 11 step 80/140 loss=0.8352
01:14:46 | INFO    | holoqpi.engine.trainer |   epoch 11 step 100/140 loss=0.8700
01:14:48 | INFO    | holoqpi.engine.trainer |   epoch 11 step 120/140 loss=0.8874
01:15:41 | INFO    | holoqpi.engine.trainer |   new best composite=0.7851
01:15:41 | INFO    | holoqpi.engine.trainer | epoch 11/60 (65s = 14s train + 51s val) | train_loss=0.7148  val_phase_mae=0.1807  val_dice=0.8063  val_cls_acc=0.4331  val_mass_mape=0.2345
01:15:42 | INFO    | holoqpi.engine.trainer |   epoch 12 step 0/140 loss=0.8530
01:15:44 | INFO    | holoqpi.engine.trainer |   epoch 12 step 20/140 loss=0.6328
01:15:46 | INFO    | holoqpi.engine.trainer |   epoch 12 step 40/140 loss=0.6639
01:15:48 | INFO    | holoqpi.engine.trainer |   epoch 12 step 60/140 loss=0.7061
01:15:50 | INFO    | holoqpi.engine.trainer |   epoch 12 step 80/140 loss=0.5867
01:15:52 | INFO    | holoqpi.engine.trainer |   epoch 12 step 100/140 loss=0.6145
01:15:54 | INFO    | holoqpi.engine.trainer |   epoch 12 step 120/140 loss=0.6995
01:16:44 | INFO    | holoqpi.engine.trainer |   new best composite=0.7907
01:16:44 | INFO    | holoqpi.engine.trainer | epoch 12/60 (63s = 14s train + 49s val) | train_loss=0.6950  val_phase_mae=0.1794  val_dice=0.8109  val_cls_acc=0.4882  val_mass_mape=0.2309
01:16:45 | INFO    | holoqpi.engine.trainer |   epoch 13 step 0/140 loss=0.8220
01:16:47 | INFO    | holoqpi.engine.trainer |   epoch 13 step 20/140 loss=0.8378
01:16:49 | INFO    | holoqpi.engine.trainer |   epoch 13 step 40/140 loss=0.6758
01:16:51 | INFO    | holoqpi.engine.trainer |   epoch 13 step 60/140 loss=0.5950
01:16:53 | INFO    | holoqpi.engine.trainer |   epoch 13 step 80/140 loss=0.5868
01:16:55 | INFO    | holoqpi.engine.trainer |   epoch 13 step 100/140 loss=0.7642
01:16:57 | INFO    | holoqpi.engine.trainer |   epoch 13 step 120/140 loss=0.7491
01:17:47 | INFO    | holoqpi.engine.trainer | epoch 13/60 (63s = 14s train + 48s val) | train_loss=0.6875  val_phase_mae=0.1872  val_dice=0.8059  val_cls_acc=0.4567  val_mass_mape=0.2646
01:17:48 | INFO    | holoqpi.engine.trainer |   epoch 14 step 0/140 loss=0.6783
01:17:49 | INFO    | holoqpi.engine.trainer |   epoch 14 step 20/140 loss=0.5928
01:17:51 | INFO    | holoqpi.engine.trainer |   epoch 14 step 40/140 loss=0.7643
01:17:53 | INFO    | holoqpi.engine.trainer |   epoch 14 step 60/140 loss=0.8435
01:17:55 | INFO    | holoqpi.engine.trainer |   epoch 14 step 80/140 loss=0.7332
01:17:57 | INFO    | holoqpi.engine.trainer |   epoch 14 step 100/140 loss=0.7473
01:17:59 | INFO    | holoqpi.engine.trainer |   epoch 14 step 120/140 loss=0.6399
01:18:51 | INFO    | holoqpi.engine.trainer |   new best composite=0.7909
01:18:51 | INFO    | holoqpi.engine.trainer | epoch 14/60 (64s = 14s train + 50s val) | train_loss=0.6859  val_phase_mae=0.1797  val_dice=0.8050  val_cls_acc=0.4803  val_mass_mape=0.2131
01:18:52 | INFO    | holoqpi.engine.trainer |   epoch 15 step 0/140 loss=0.5766
01:18:54 | INFO    | holoqpi.engine.trainer |   epoch 15 step 20/140 loss=0.6754
01:18:56 | INFO    | holoqpi.engine.trainer |   epoch 15 step 40/140 loss=0.6792
01:18:58 | INFO    | holoqpi.engine.trainer |   epoch 15 step 60/140 loss=0.7483
01:18:59 | INFO    | holoqpi.engine.trainer |   epoch 15 step 80/140 loss=0.6513
01:19:02 | INFO    | holoqpi.engine.trainer |   epoch 15 step 100/140 loss=0.6906
01:19:04 | INFO    | holoqpi.engine.trainer |   epoch 15 step 120/140 loss=0.6567
01:19:55 | INFO    | holoqpi.engine.trainer | epoch 15/60 (64s = 14s train + 50s val) | train_loss=0.6736  val_phase_mae=0.1779  val_dice=0.8119  val_cls_acc=0.5118  val_mass_mape=0.2479
01:19:56 | INFO    | holoqpi.engine.trainer |   epoch 16 step 0/140 loss=0.7403
01:19:57 | INFO    | holoqpi.engine.trainer |   epoch 16 step 20/140 loss=0.6858
01:19:59 | INFO    | holoqpi.engine.trainer |   epoch 16 step 40/140 loss=0.5474
01:20:01 | INFO    | holoqpi.engine.trainer |   epoch 16 step 60/140 loss=0.7282
01:20:03 | INFO    | holoqpi.engine.trainer |   epoch 16 step 80/140 loss=0.8493
01:20:05 | INFO    | holoqpi.engine.trainer |   epoch 16 step 100/140 loss=0.6504
01:20:07 | INFO    | holoqpi.engine.trainer |   epoch 16 step 120/140 loss=0.5725
01:21:00 | INFO    | holoqpi.engine.trainer | epoch 16/60 (65s = 14s train + 51s val) | train_loss=0.6776  val_phase_mae=0.1857  val_dice=0.8112  val_cls_acc=0.4331  val_mass_mape=0.2585
01:21:00 | INFO    | holoqpi.engine.trainer |   epoch 17 step 0/140 loss=0.7292
01:21:02 | INFO    | holoqpi.engine.trainer |   epoch 17 step 20/140 loss=0.6501
01:21:04 | INFO    | holoqpi.engine.trainer |   epoch 17 step 40/140 loss=0.6665
01:21:06 | INFO    | holoqpi.engine.trainer |   epoch 17 step 60/140 loss=0.5545
01:21:08 | INFO    | holoqpi.engine.trainer |   epoch 17 step 80/140 loss=0.8472
01:21:10 | INFO    | holoqpi.engine.trainer |   epoch 17 step 100/140 loss=0.5971
01:21:12 | INFO    | holoqpi.engine.trainer |   epoch 17 step 120/140 loss=0.6360
01:22:03 | INFO    | holoqpi.engine.trainer |   new best composite=0.7940
01:22:03 | INFO    | holoqpi.engine.trainer | epoch 17/60 (63s = 14s train + 49s val) | train_loss=0.6602  val_phase_mae=0.1754  val_dice=0.8109  val_cls_acc=0.4961  val_mass_mape=0.2222
01:22:04 | INFO    | holoqpi.engine.trainer |   epoch 18 step 0/140 loss=0.6649
01:22:06 | INFO    | holoqpi.engine.trainer |   epoch 18 step 20/140 loss=0.7274
01:22:08 | INFO    | holoqpi.engine.trainer |   epoch 18 step 40/140 loss=0.9667
01:22:10 | INFO    | holoqpi.engine.trainer |   epoch 18 step 60/140 loss=0.6037
01:22:12 | INFO    | holoqpi.engine.trainer |   epoch 18 step 80/140 loss=0.5560
01:22:14 | INFO    | holoqpi.engine.trainer |   epoch 18 step 100/140 loss=0.7172
01:22:16 | INFO    | holoqpi.engine.trainer |   epoch 18 step 120/140 loss=0.6396
01:23:06 | INFO    | holoqpi.engine.trainer | epoch 18/60 (63s = 14s train + 49s val) | train_loss=0.6693  val_phase_mae=0.1775  val_dice=0.8051  val_cls_acc=0.4803  val_mass_mape=0.2124
01:23:07 | INFO    | holoqpi.engine.trainer |   epoch 19 step 0/140 loss=0.6027
01:23:09 | INFO    | holoqpi.engine.trainer |   epoch 19 step 20/140 loss=0.6124
01:23:11 | INFO    | holoqpi.engine.trainer |   epoch 19 step 40/140 loss=0.6205
01:23:13 | INFO    | holoqpi.engine.trainer |   epoch 19 step 60/140 loss=0.5865
01:23:15 | INFO    | holoqpi.engine.trainer |   epoch 19 step 80/140 loss=0.5921
01:23:16 | INFO    | holoqpi.engine.trainer |   epoch 19 step 100/140 loss=0.7866
01:23:18 | INFO    | holoqpi.engine.trainer |   epoch 19 step 120/140 loss=0.5911
01:24:11 | INFO    | holoqpi.engine.trainer |   new best composite=0.7948
01:24:11 | INFO    | holoqpi.engine.trainer | epoch 19/60 (64s = 14s train + 50s val) | train_loss=0.6504  val_phase_mae=0.1741  val_dice=0.8134  val_cls_acc=0.5197  val_mass_mape=0.2182
01:24:11 | INFO    | holoqpi.engine.trainer |   epoch 20 step 0/140 loss=0.5642
01:24:13 | INFO    | holoqpi.engine.trainer |   epoch 20 step 20/140 loss=0.5959
01:24:15 | INFO    | holoqpi.engine.trainer |   epoch 20 step 40/140 loss=0.5347
01:24:17 | INFO    | holoqpi.engine.trainer |   epoch 20 step 60/140 loss=0.6579
01:24:19 | INFO    | holoqpi.engine.trainer |   epoch 20 step 80/140 loss=0.6119
01:24:21 | INFO    | holoqpi.engine.trainer |   epoch 20 step 100/140 loss=0.6310
01:24:23 | INFO    | holoqpi.engine.trainer |   epoch 20 step 120/140 loss=0.6366
01:25:14 | INFO    | holoqpi.engine.trainer |   new best composite=0.7991
01:25:14 | INFO    | holoqpi.engine.trainer | epoch 20/60 (62s = 14s train + 48s val) | train_loss=0.6624  val_phase_mae=0.1767  val_dice=0.8152  val_cls_acc=0.3937  val_mass_mape=0.2103
01:25:14 | INFO    | holoqpi.engine.trainer |   epoch 21 step 0/140 loss=0.5332
01:25:16 | INFO    | holoqpi.engine.trainer |   epoch 21 step 20/140 loss=0.6017
01:25:18 | INFO    | holoqpi.engine.trainer |   epoch 21 step 40/140 loss=0.7449
01:25:20 | INFO    | holoqpi.engine.trainer |   epoch 21 step 60/140 loss=0.5290
01:25:22 | INFO    | holoqpi.engine.trainer |   epoch 21 step 80/140 loss=0.5517
01:25:24 | INFO    | holoqpi.engine.trainer |   epoch 21 step 100/140 loss=0.8023
01:25:26 | INFO    | holoqpi.engine.trainer |   epoch 21 step 120/140 loss=0.5595
01:26:16 | INFO    | holoqpi.engine.trainer | epoch 21/60 (63s = 14s train + 49s val) | train_loss=0.6353  val_phase_mae=0.1738  val_dice=0.8165  val_cls_acc=0.5354  val_mass_mape=0.2436
01:26:17 | INFO    | holoqpi.engine.trainer |   epoch 22 step 0/140 loss=0.5523
01:26:19 | INFO    | holoqpi.engine.trainer |   epoch 22 step 20/140 loss=0.7100
01:26:21 | INFO    | holoqpi.engine.trainer |   epoch 22 step 40/140 loss=0.5897
01:26:23 | INFO    | holoqpi.engine.trainer |   epoch 22 step 60/140 loss=0.6905
01:26:25 | INFO    | holoqpi.engine.trainer |   epoch 22 step 80/140 loss=0.5763
01:26:27 | INFO    | holoqpi.engine.trainer |   epoch 22 step 100/140 loss=0.5650
01:26:29 | INFO    | holoqpi.engine.trainer |   epoch 22 step 120/140 loss=0.6061
01:27:19 | INFO    | holoqpi.engine.trainer | epoch 22/60 (63s = 14s train + 49s val) | train_loss=0.6305  val_phase_mae=0.1804  val_dice=0.8133  val_cls_acc=0.6063  val_mass_mape=0.2390
01:27:20 | INFO    | holoqpi.engine.trainer |   epoch 23 step 0/140 loss=0.6551
01:27:22 | INFO    | holoqpi.engine.trainer |   epoch 23 step 20/140 loss=0.6227
01:27:23 | INFO    | holoqpi.engine.trainer |   epoch 23 step 40/140 loss=0.5967
01:27:25 | INFO    | holoqpi.engine.trainer |   epoch 23 step 60/140 loss=0.4741
01:27:27 | INFO    | holoqpi.engine.trainer |   epoch 23 step 80/140 loss=0.5472
01:27:29 | INFO    | holoqpi.engine.trainer |   epoch 23 step 100/140 loss=0.6669
01:27:31 | INFO    | holoqpi.engine.trainer |   epoch 23 step 120/140 loss=0.7178
01:28:22 | INFO    | holoqpi.engine.trainer | epoch 23/60 (63s = 14s train + 49s val) | train_loss=0.6270  val_phase_mae=0.1707  val_dice=0.8165  val_cls_acc=0.5118  val_mass_mape=0.2220
01:28:22 | INFO    | holoqpi.engine.trainer |   epoch 24 step 0/140 loss=0.6829
01:28:24 | INFO    | holoqpi.engine.trainer |   epoch 24 step 20/140 loss=0.6995
01:28:26 | INFO    | holoqpi.engine.trainer |   epoch 24 step 40/140 loss=0.6665
01:28:28 | INFO    | holoqpi.engine.trainer |   epoch 24 step 60/140 loss=0.6082
01:28:30 | INFO    | holoqpi.engine.trainer |   epoch 24 step 80/140 loss=0.5904
01:28:32 | INFO    | holoqpi.engine.trainer |   epoch 24 step 100/140 loss=0.8451
01:28:34 | INFO    | holoqpi.engine.trainer |   epoch 24 step 120/140 loss=0.6613
01:29:27 | INFO    | holoqpi.engine.trainer |   new best composite=0.7999
01:29:27 | INFO    | holoqpi.engine.trainer | epoch 24/60 (65s = 14s train + 50s val) | train_loss=0.6271  val_phase_mae=0.1763  val_dice=0.8171  val_cls_acc=0.5591  val_mass_mape=0.2099
01:29:27 | INFO    | holoqpi.engine.trainer |   epoch 25 step 0/140 loss=0.5885
01:29:29 | INFO    | holoqpi.engine.trainer |   epoch 25 step 20/140 loss=0.5070
01:29:31 | INFO    | holoqpi.engine.trainer |   epoch 25 step 40/140 loss=0.5576
01:29:33 | INFO    | holoqpi.engine.trainer |   epoch 25 step 60/140 loss=0.5258
01:29:35 | INFO    | holoqpi.engine.trainer |   epoch 25 step 80/140 loss=0.5781
01:29:37 | INFO    | holoqpi.engine.trainer |   epoch 25 step 100/140 loss=0.5719
01:29:39 | INFO    | holoqpi.engine.trainer |   epoch 25 step 120/140 loss=0.5272
01:30:29 | INFO    | holoqpi.engine.trainer | epoch 25/60 (63s = 14s train + 49s val) | train_loss=0.6225  val_phase_mae=0.1737  val_dice=0.8140  val_cls_acc=0.6220  val_mass_mape=0.1997
01:30:30 | INFO    | holoqpi.engine.trainer |   epoch 26 step 0/140 loss=0.5770
01:30:32 | INFO    | holoqpi.engine.trainer |   epoch 26 step 20/140 loss=0.5612
01:30:34 | INFO    | holoqpi.engine.trainer |   epoch 26 step 40/140 loss=0.5175
01:30:36 | INFO    | holoqpi.engine.trainer |   epoch 26 step 60/140 loss=0.6054
01:30:38 | INFO    | holoqpi.engine.trainer |   epoch 26 step 80/140 loss=0.6351
01:30:40 | INFO    | holoqpi.engine.trainer |   epoch 26 step 100/140 loss=0.7131
01:30:42 | INFO    | holoqpi.engine.trainer |   epoch 26 step 120/140 loss=0.5858
01:31:32 | INFO    | holoqpi.engine.trainer |   new best composite=0.8050
01:31:32 | INFO    | holoqpi.engine.trainer | epoch 26/60 (63s = 14s train + 48s val) | train_loss=0.6124  val_phase_mae=0.1737  val_dice=0.8165  val_cls_acc=0.5748  val_mass_mape=0.1958
01:31:33 | INFO    | holoqpi.engine.trainer |   epoch 27 step 0/140 loss=0.4743
01:31:35 | INFO    | holoqpi.engine.trainer |   epoch 27 step 20/140 loss=0.5555
01:31:37 | INFO    | holoqpi.engine.trainer |   epoch 27 step 40/140 loss=0.5229
01:31:38 | INFO    | holoqpi.engine.trainer |   epoch 27 step 60/140 loss=0.5894
01:31:40 | INFO    | holoqpi.engine.trainer |   epoch 27 step 80/140 loss=0.5717
01:31:42 | INFO    | holoqpi.engine.trainer |   epoch 27 step 100/140 loss=0.6453
01:31:44 | INFO    | holoqpi.engine.trainer |   epoch 27 step 120/140 loss=0.8150
01:32:37 | INFO    | holoqpi.engine.trainer |   new best composite=0.8056
01:32:37 | INFO    | holoqpi.engine.trainer | epoch 27/60 (65s = 14s train + 50s val) | train_loss=0.6073  val_phase_mae=0.1713  val_dice=0.8177  val_cls_acc=0.5118  val_mass_mape=0.1964
01:32:37 | INFO    | holoqpi.engine.trainer |   epoch 28 step 0/140 loss=0.6966
01:32:39 | INFO    | holoqpi.engine.trainer |   epoch 28 step 20/140 loss=0.4549
01:32:41 | INFO    | holoqpi.engine.trainer |   epoch 28 step 40/140 loss=0.4196
01:32:43 | INFO    | holoqpi.engine.trainer |   epoch 28 step 60/140 loss=0.7194
01:32:45 | INFO    | holoqpi.engine.trainer |   epoch 28 step 80/140 loss=0.4845
01:32:48 | INFO    | holoqpi.engine.trainer |   epoch 28 step 100/140 loss=0.6871
01:32:50 | INFO    | holoqpi.engine.trainer |   epoch 28 step 120/140 loss=0.5681
01:33:40 | INFO    | holoqpi.engine.trainer | epoch 28/60 (63s = 14s train + 49s val) | train_loss=0.6085  val_phase_mae=0.1733  val_dice=0.8167  val_cls_acc=0.4646  val_mass_mape=0.1986
01:33:41 | INFO    | holoqpi.engine.trainer |   epoch 29 step 0/140 loss=0.4813
01:33:43 | INFO    | holoqpi.engine.trainer |   epoch 29 step 20/140 loss=0.5815
01:33:45 | INFO    | holoqpi.engine.trainer |   epoch 29 step 40/140 loss=0.6573
01:33:47 | INFO    | holoqpi.engine.trainer |   epoch 29 step 60/140 loss=0.5929
01:33:49 | INFO    | holoqpi.engine.trainer |   epoch 29 step 80/140 loss=0.4486
01:33:51 | INFO    | holoqpi.engine.trainer |   epoch 29 step 100/140 loss=0.5470
01:33:53 | INFO    | holoqpi.engine.trainer |   epoch 29 step 120/140 loss=0.5789
01:34:44 | INFO    | holoqpi.engine.trainer | epoch 29/60 (64s = 14s train + 49s val) | train_loss=0.5806  val_phase_mae=0.1717  val_dice=0.8191  val_cls_acc=0.6299  val_mass_mape=0.1933
01:34:44 | INFO    | holoqpi.engine.trainer |   epoch 30 step 0/140 loss=0.6352
01:34:46 | INFO    | holoqpi.engine.trainer |   epoch 30 step 20/140 loss=0.6549
01:34:48 | INFO    | holoqpi.engine.trainer |   epoch 30 step 40/140 loss=0.6821
01:34:50 | INFO    | holoqpi.engine.trainer |   epoch 30 step 60/140 loss=0.5231
01:34:52 | INFO    | holoqpi.engine.trainer |   epoch 30 step 80/140 loss=0.5318
01:34:54 | INFO    | holoqpi.engine.trainer |   epoch 30 step 100/140 loss=0.5195
01:34:56 | INFO    | holoqpi.engine.trainer |   epoch 30 step 120/140 loss=0.5179
01:35:48 | INFO    | holoqpi.engine.trainer |   new best composite=0.8064
01:35:48 | INFO    | holoqpi.engine.trainer | epoch 30/60 (64s = 14s train + 49s val) | train_loss=0.6001  val_phase_mae=0.1705  val_dice=0.8189  val_cls_acc=0.5669  val_mass_mape=0.1942
01:35:48 | INFO    | holoqpi.engine.trainer |   epoch 31 step 0/140 loss=0.5639
01:35:50 | INFO    | holoqpi.engine.trainer |   epoch 31 step 20/140 loss=0.6354
01:35:52 | INFO    | holoqpi.engine.trainer |   epoch 31 step 40/140 loss=0.5124
01:35:54 | INFO    | holoqpi.engine.trainer |   epoch 31 step 60/140 loss=0.6687
01:35:56 | INFO    | holoqpi.engine.trainer |   epoch 31 step 80/140 loss=0.5604
01:35:58 | INFO    | holoqpi.engine.trainer |   epoch 31 step 100/140 loss=0.4954
01:36:00 | INFO    | holoqpi.engine.trainer |   epoch 31 step 120/140 loss=0.6636
01:36:51 | INFO    | holoqpi.engine.trainer | epoch 31/60 (63s = 14s train + 49s val) | train_loss=0.5939  val_phase_mae=0.1700  val_dice=0.8183  val_cls_acc=0.6220  val_mass_mape=0.1953
01:36:51 | INFO    | holoqpi.engine.trainer |   epoch 32 step 0/140 loss=0.4753
01:36:53 | INFO    | holoqpi.engine.trainer |   epoch 32 step 20/140 loss=0.5296
01:36:55 | INFO    | holoqpi.engine.trainer |   epoch 32 step 40/140 loss=0.4328
01:36:57 | INFO    | holoqpi.engine.trainer |   epoch 32 step 60/140 loss=0.7480
01:36:59 | INFO    | holoqpi.engine.trainer |   epoch 32 step 80/140 loss=0.5572
01:37:01 | INFO    | holoqpi.engine.trainer |   epoch 32 step 100/140 loss=0.6261
01:37:03 | INFO    | holoqpi.engine.trainer |   epoch 32 step 120/140 loss=0.5537
01:37:54 | INFO    | holoqpi.engine.trainer | epoch 32/60 (63s = 14s train + 49s val) | train_loss=0.5844  val_phase_mae=0.1726  val_dice=0.8204  val_cls_acc=0.6693  val_mass_mape=0.2300
01:37:55 | INFO    | holoqpi.engine.trainer |   epoch 33 step 0/140 loss=0.5435
01:37:57 | INFO    | holoqpi.engine.trainer |   epoch 33 step 20/140 loss=0.6326
01:37:59 | INFO    | holoqpi.engine.trainer |   epoch 33 step 40/140 loss=0.6235
01:38:01 | INFO    | holoqpi.engine.trainer |   epoch 33 step 60/140 loss=0.5807
01:38:03 | INFO    | holoqpi.engine.trainer |   epoch 33 step 80/140 loss=0.7068
01:38:05 | INFO    | holoqpi.engine.trainer |   epoch 33 step 100/140 loss=0.5739
01:38:07 | INFO    | holoqpi.engine.trainer |   epoch 33 step 120/140 loss=0.5109
01:38:58 | INFO    | holoqpi.engine.trainer | epoch 33/60 (64s = 14s train + 50s val) | train_loss=0.5732  val_phase_mae=0.1725  val_dice=0.8198  val_cls_acc=0.6378  val_mass_mape=0.1965
01:38:59 | INFO    | holoqpi.engine.trainer |   epoch 34 step 0/140 loss=0.6034
01:39:01 | INFO    | holoqpi.engine.trainer |   epoch 34 step 20/140 loss=0.6794
01:39:03 | INFO    | holoqpi.engine.trainer |   epoch 34 step 40/140 loss=0.5285
01:39:04 | INFO    | holoqpi.engine.trainer |   epoch 34 step 60/140 loss=0.6413
01:39:06 | INFO    | holoqpi.engine.trainer |   epoch 34 step 80/140 loss=0.5537
01:39:08 | INFO    | holoqpi.engine.trainer |   epoch 34 step 100/140 loss=0.4807
01:39:10 | INFO    | holoqpi.engine.trainer |   epoch 34 step 120/140 loss=0.6331
01:40:03 | INFO    | holoqpi.engine.trainer | epoch 34/60 (65s = 14s train + 51s val) | train_loss=0.5667  val_phase_mae=0.1746  val_dice=0.8195  val_cls_acc=0.6693  val_mass_mape=0.2036
01:40:04 | INFO    | holoqpi.engine.trainer |   epoch 35 step 0/140 loss=0.7208
01:40:06 | INFO    | holoqpi.engine.trainer |   epoch 35 step 20/140 loss=0.4098
01:40:08 | INFO    | holoqpi.engine.trainer |   epoch 35 step 40/140 loss=0.5448
01:40:10 | INFO    | holoqpi.engine.trainer |   epoch 35 step 60/140 loss=0.5299
01:40:12 | INFO    | holoqpi.engine.trainer |   epoch 35 step 80/140 loss=0.5343
01:40:14 | INFO    | holoqpi.engine.trainer |   epoch 35 step 100/140 loss=0.6122
01:40:16 | INFO    | holoqpi.engine.trainer |   epoch 35 step 120/140 loss=0.6623
01:41:07 | INFO    | holoqpi.engine.trainer |   new best composite=0.8064
01:41:07 | INFO    | holoqpi.engine.trainer | epoch 35/60 (63s = 14s train + 49s val) | train_loss=0.5633  val_phase_mae=0.1701  val_dice=0.8222  val_cls_acc=0.5984  val_mass_mape=0.2019
01:41:07 | INFO    | holoqpi.engine.trainer |   epoch 36 step 0/140 loss=0.5484
01:41:09 | INFO    | holoqpi.engine.trainer |   epoch 36 step 20/140 loss=0.5121
01:41:11 | INFO    | holoqpi.engine.trainer |   epoch 36 step 40/140 loss=0.7647
01:41:13 | INFO    | holoqpi.engine.trainer |   epoch 36 step 60/140 loss=0.5364
01:41:15 | INFO    | holoqpi.engine.trainer |   epoch 36 step 80/140 loss=0.6895
01:41:17 | INFO    | holoqpi.engine.trainer |   epoch 36 step 100/140 loss=0.4101
01:41:19 | INFO    | holoqpi.engine.trainer |   epoch 36 step 120/140 loss=0.7031
01:42:09 | INFO    | holoqpi.engine.trainer | epoch 36/60 (63s = 14s train + 49s val) | train_loss=0.5743  val_phase_mae=0.1738  val_dice=0.8212  val_cls_acc=0.5984  val_mass_mape=0.2033
01:42:10 | INFO    | holoqpi.engine.trainer |   epoch 37 step 0/140 loss=0.3911
01:42:12 | INFO    | holoqpi.engine.trainer |   epoch 37 step 20/140 loss=0.4942
01:42:14 | INFO    | holoqpi.engine.trainer |   epoch 37 step 40/140 loss=0.7448
01:42:16 | INFO    | holoqpi.engine.trainer |   epoch 37 step 60/140 loss=0.3581
01:42:18 | INFO    | holoqpi.engine.trainer |   epoch 37 step 80/140 loss=0.6486
01:42:20 | INFO    | holoqpi.engine.trainer |   epoch 37 step 100/140 loss=0.5225
01:42:22 | INFO    | holoqpi.engine.trainer |   epoch 37 step 120/140 loss=0.6073
01:43:13 | INFO    | holoqpi.engine.trainer | epoch 37/60 (63s = 14s train + 49s val) | train_loss=0.5565  val_phase_mae=0.1760  val_dice=0.8209  val_cls_acc=0.5512  val_mass_mape=0.2230
01:43:13 | INFO    | holoqpi.engine.trainer |   epoch 38 step 0/140 loss=0.7708
01:43:15 | INFO    | holoqpi.engine.trainer |   epoch 38 step 20/140 loss=0.6578
01:43:17 | INFO    | holoqpi.engine.trainer |   epoch 38 step 40/140 loss=0.6799
01:43:19 | INFO    | holoqpi.engine.trainer |   epoch 38 step 60/140 loss=0.5692
01:43:21 | INFO    | holoqpi.engine.trainer |   epoch 38 step 80/140 loss=0.7620
01:43:23 | INFO    | holoqpi.engine.trainer |   epoch 38 step 100/140 loss=0.4882
01:43:25 | INFO    | holoqpi.engine.trainer |   epoch 38 step 120/140 loss=0.4520
01:44:16 | INFO    | holoqpi.engine.trainer |   new best composite=0.8094
01:44:16 | INFO    | holoqpi.engine.trainer | epoch 38/60 (63s = 14s train + 49s val) | train_loss=0.5558  val_phase_mae=0.1703  val_dice=0.8212  val_cls_acc=0.6142  val_mass_mape=0.1893
01:44:17 | INFO    | holoqpi.engine.trainer |   epoch 39 step 0/140 loss=0.5045
01:44:19 | INFO    | holoqpi.engine.trainer |   epoch 39 step 20/140 loss=0.5159
01:44:20 | INFO    | holoqpi.engine.trainer |   epoch 39 step 40/140 loss=0.7353
01:44:22 | INFO    | holoqpi.engine.trainer |   epoch 39 step 60/140 loss=0.5136
01:44:24 | INFO    | holoqpi.engine.trainer |   epoch 39 step 80/140 loss=0.4008
01:44:26 | INFO    | holoqpi.engine.trainer |   epoch 39 step 100/140 loss=0.4595
01:44:28 | INFO    | holoqpi.engine.trainer |   epoch 39 step 120/140 loss=0.4966
01:45:19 | INFO    | holoqpi.engine.trainer | epoch 39/60 (63s = 14s train + 49s val) | train_loss=0.5621  val_phase_mae=0.1680  val_dice=0.8215  val_cls_acc=0.5669  val_mass_mape=0.2015
01:45:20 | INFO    | holoqpi.engine.trainer |   epoch 40 step 0/140 loss=0.3919
01:45:22 | INFO    | holoqpi.engine.trainer |   epoch 40 step 20/140 loss=0.6328
01:45:24 | INFO    | holoqpi.engine.trainer |   epoch 40 step 40/140 loss=0.5710
01:45:25 | INFO    | holoqpi.engine.trainer |   epoch 40 step 60/140 loss=0.5470
01:45:28 | INFO    | holoqpi.engine.trainer |   epoch 40 step 80/140 loss=0.4596
01:45:29 | INFO    | holoqpi.engine.trainer |   epoch 40 step 100/140 loss=0.5231
01:45:31 | INFO    | holoqpi.engine.trainer |   epoch 40 step 120/140 loss=0.5172
01:46:23 | INFO    | holoqpi.engine.trainer |   new best composite=0.8110
01:46:23 | INFO    | holoqpi.engine.trainer | epoch 40/60 (63s = 14s train + 49s val) | train_loss=0.5509  val_phase_mae=0.1675  val_dice=0.8222  val_cls_acc=0.6614  val_mass_mape=0.1872
01:46:23 | INFO    | holoqpi.engine.trainer |   epoch 41 step 0/140 loss=0.4804
01:46:25 | INFO    | holoqpi.engine.trainer |   epoch 41 step 20/140 loss=0.5479
01:46:27 | INFO    | holoqpi.engine.trainer |   epoch 41 step 40/140 loss=0.4546
01:46:29 | INFO    | holoqpi.engine.trainer |   epoch 41 step 60/140 loss=0.5340
01:46:31 | INFO    | holoqpi.engine.trainer |   epoch 41 step 80/140 loss=0.5787
01:46:33 | INFO    | holoqpi.engine.trainer |   epoch 41 step 100/140 loss=0.5824
01:46:35 | INFO    | holoqpi.engine.trainer |   epoch 41 step 120/140 loss=0.5718
01:47:26 | INFO    | holoqpi.engine.trainer | epoch 41/60 (63s = 14s train + 49s val) | train_loss=0.5340  val_phase_mae=0.1685  val_dice=0.8226  val_cls_acc=0.6142  val_mass_mape=0.1953
01:47:27 | INFO    | holoqpi.engine.trainer |   epoch 42 step 0/140 loss=0.4555
01:47:28 | INFO    | holoqpi.engine.trainer |   epoch 42 step 20/140 loss=0.4304
01:47:30 | INFO    | holoqpi.engine.trainer |   epoch 42 step 40/140 loss=0.4829
01:47:32 | INFO    | holoqpi.engine.trainer |   epoch 42 step 60/140 loss=0.5606
01:47:34 | INFO    | holoqpi.engine.trainer |   epoch 42 step 80/140 loss=0.5177
01:47:36 | INFO    | holoqpi.engine.trainer |   epoch 42 step 100/140 loss=0.6684
01:47:38 | INFO    | holoqpi.engine.trainer |   epoch 42 step 120/140 loss=0.4769
01:48:29 | INFO    | holoqpi.engine.trainer | epoch 42/60 (63s = 14s train + 49s val) | train_loss=0.5450  val_phase_mae=0.1677  val_dice=0.8212  val_cls_acc=0.7008  val_mass_mape=0.1871
01:48:29 | INFO    | holoqpi.engine.trainer |   epoch 43 step 0/140 loss=0.5379
01:48:31 | INFO    | holoqpi.engine.trainer |   epoch 43 step 20/140 loss=0.4829
01:48:33 | INFO    | holoqpi.engine.trainer |   epoch 43 step 40/140 loss=0.5374
01:48:35 | INFO    | holoqpi.engine.trainer |   epoch 43 step 60/140 loss=0.4119
01:48:37 | INFO    | holoqpi.engine.trainer |   epoch 43 step 80/140 loss=0.7667
01:48:39 | INFO    | holoqpi.engine.trainer |   epoch 43 step 100/140 loss=0.4729
01:48:41 | INFO    | holoqpi.engine.trainer |   epoch 43 step 120/140 loss=0.4445
01:49:32 | INFO    | holoqpi.engine.trainer | epoch 43/60 (63s = 14s train + 49s val) | train_loss=0.5343  val_phase_mae=0.1701  val_dice=0.8220  val_cls_acc=0.7008  val_mass_mape=0.1976
01:49:33 | INFO    | holoqpi.engine.trainer |   epoch 44 step 0/140 loss=0.5707
01:49:35 | INFO    | holoqpi.engine.trainer |   epoch 44 step 20/140 loss=0.4633
01:49:37 | INFO    | holoqpi.engine.trainer |   epoch 44 step 40/140 loss=0.9188
01:49:39 | INFO    | holoqpi.engine.trainer |   epoch 44 step 60/140 loss=0.5344
01:49:41 | INFO    | holoqpi.engine.trainer |   epoch 44 step 80/140 loss=0.6007
01:49:42 | INFO    | holoqpi.engine.trainer |   epoch 44 step 100/140 loss=0.6522
01:49:44 | INFO    | holoqpi.engine.trainer |   epoch 44 step 120/140 loss=0.4308
01:50:35 | INFO    | holoqpi.engine.trainer | epoch 44/60 (63s = 14s train + 49s val) | train_loss=0.5356  val_phase_mae=0.1688  val_dice=0.8225  val_cls_acc=0.6142  val_mass_mape=0.1878
01:50:36 | INFO    | holoqpi.engine.trainer |   epoch 45 step 0/140 loss=0.5710
01:50:38 | INFO    | holoqpi.engine.trainer |   epoch 45 step 20/140 loss=0.6084
01:50:40 | INFO    | holoqpi.engine.trainer |   epoch 45 step 40/140 loss=0.5198
01:50:42 | INFO    | holoqpi.engine.trainer |   epoch 45 step 60/140 loss=0.5114
01:50:44 | INFO    | holoqpi.engine.trainer |   epoch 45 step 80/140 loss=0.4257
01:50:46 | INFO    | holoqpi.engine.trainer |   epoch 45 step 100/140 loss=0.5801
01:50:48 | INFO    | holoqpi.engine.trainer |   epoch 45 step 120/140 loss=0.5429
01:51:40 | INFO    | holoqpi.engine.trainer | epoch 45/60 (65s = 14s train + 51s val) | train_loss=0.5236  val_phase_mae=0.1706  val_dice=0.8232  val_cls_acc=0.5039  val_mass_mape=0.1867
01:51:41 | INFO    | holoqpi.engine.trainer |   epoch 46 step 0/140 loss=0.4228
01:51:43 | INFO    | holoqpi.engine.trainer |   epoch 46 step 20/140 loss=0.4504
01:51:44 | INFO    | holoqpi.engine.trainer |   epoch 46 step 40/140 loss=0.4695
01:51:46 | INFO    | holoqpi.engine.trainer |   epoch 46 step 60/140 loss=0.4815
01:51:48 | INFO    | holoqpi.engine.trainer |   epoch 46 step 80/140 loss=0.6314
01:51:50 | INFO    | holoqpi.engine.trainer |   epoch 46 step 100/140 loss=0.5939
01:51:52 | INFO    | holoqpi.engine.trainer |   epoch 46 step 120/140 loss=0.4727
01:52:43 | INFO    | holoqpi.engine.trainer | epoch 46/60 (63s = 14s train + 49s val) | train_loss=0.5281  val_phase_mae=0.1713  val_dice=0.8217  val_cls_acc=0.6378  val_mass_mape=0.2020
01:52:43 | INFO    | holoqpi.engine.trainer |   epoch 47 step 0/140 loss=0.4393
01:52:45 | INFO    | holoqpi.engine.trainer |   epoch 47 step 20/140 loss=0.4824
01:52:47 | INFO    | holoqpi.engine.trainer |   epoch 47 step 40/140 loss=0.5047
01:52:49 | INFO    | holoqpi.engine.trainer |   epoch 47 step 60/140 loss=0.4004
01:52:51 | INFO    | holoqpi.engine.trainer |   epoch 47 step 80/140 loss=0.5828
01:52:53 | INFO    | holoqpi.engine.trainer |   epoch 47 step 100/140 loss=0.5066
01:52:55 | INFO    | holoqpi.engine.trainer |   epoch 47 step 120/140 loss=0.4107
01:53:46 | INFO    | holoqpi.engine.trainer | epoch 47/60 (63s = 14s train + 49s val) | train_loss=0.5131  val_phase_mae=0.1680  val_dice=0.8237  val_cls_acc=0.6693  val_mass_mape=0.1864
01:53:47 | INFO    | holoqpi.engine.trainer |   epoch 48 step 0/140 loss=0.4725
01:53:49 | INFO    | holoqpi.engine.trainer |   epoch 48 step 20/140 loss=0.4573
01:53:51 | INFO    | holoqpi.engine.trainer |   epoch 48 step 40/140 loss=0.4718
01:53:53 | INFO    | holoqpi.engine.trainer |   epoch 48 step 60/140 loss=0.5981
01:53:55 | INFO    | holoqpi.engine.trainer |   epoch 48 step 80/140 loss=0.4869
01:53:57 | INFO    | holoqpi.engine.trainer |   epoch 48 step 100/140 loss=0.4574
01:53:59 | INFO    | holoqpi.engine.trainer |   epoch 48 step 120/140 loss=0.4577
01:54:50 | INFO    | holoqpi.engine.trainer | epoch 48/60 (64s = 14s train + 49s val) | train_loss=0.5187  val_phase_mae=0.1683  val_dice=0.8234  val_cls_acc=0.6063  val_mass_mape=0.1846
01:54:50 | INFO    | holoqpi.engine.trainer |   epoch 49 step 0/140 loss=0.6917
01:54:52 | INFO    | holoqpi.engine.trainer |   epoch 49 step 20/140 loss=0.6797
01:54:54 | INFO    | holoqpi.engine.trainer |   epoch 49 step 40/140 loss=0.5390
01:54:56 | INFO    | holoqpi.engine.trainer |   epoch 49 step 60/140 loss=0.4135
01:54:58 | INFO    | holoqpi.engine.trainer |   epoch 49 step 80/140 loss=0.3497
01:55:00 | INFO    | holoqpi.engine.trainer |   epoch 49 step 100/140 loss=0.5803
01:55:02 | INFO    | holoqpi.engine.trainer |   epoch 49 step 120/140 loss=0.4539
01:55:55 | INFO    | holoqpi.engine.trainer | epoch 49/60 (65s = 14s train + 51s val) | train_loss=0.5144  val_phase_mae=0.1677  val_dice=0.8241  val_cls_acc=0.6457  val_mass_mape=0.1872
01:55:56 | INFO    | holoqpi.engine.trainer |   epoch 50 step 0/140 loss=0.5459
01:55:58 | INFO    | holoqpi.engine.trainer |   epoch 50 step 20/140 loss=0.5009
01:55:59 | INFO    | holoqpi.engine.trainer |   epoch 50 step 40/140 loss=0.4423
01:56:01 | INFO    | holoqpi.engine.trainer |   epoch 50 step 60/140 loss=0.4792
01:56:03 | INFO    | holoqpi.engine.trainer |   epoch 50 step 80/140 loss=0.3941
01:56:05 | INFO    | holoqpi.engine.trainer |   epoch 50 step 100/140 loss=0.7709
01:56:07 | INFO    | holoqpi.engine.trainer |   epoch 50 step 120/140 loss=0.4723
01:56:58 | INFO    | holoqpi.engine.trainer | epoch 50/60 (63s = 14s train + 49s val) | train_loss=0.5126  val_phase_mae=0.1710  val_dice=0.8243  val_cls_acc=0.4567  val_mass_mape=0.1982
01:56:59 | INFO    | holoqpi.engine.trainer |   epoch 51 step 0/140 loss=0.4019
01:57:01 | INFO    | holoqpi.engine.trainer |   epoch 51 step 20/140 loss=0.4670
01:57:03 | INFO    | holoqpi.engine.trainer |   epoch 51 step 40/140 loss=0.5165
01:57:05 | INFO    | holoqpi.engine.trainer |   epoch 51 step 60/140 loss=0.4294
01:57:07 | INFO    | holoqpi.engine.trainer |   epoch 51 step 80/140 loss=0.4493
01:57:09 | INFO    | holoqpi.engine.trainer |   epoch 51 step 100/140 loss=0.6080
01:57:11 | INFO    | holoqpi.engine.trainer |   epoch 51 step 120/140 loss=0.6066
01:58:02 | INFO    | holoqpi.engine.trainer |   new best composite=0.8115
01:58:02 | INFO    | holoqpi.engine.trainer | epoch 51/60 (63s = 14s train + 49s val) | train_loss=0.5083  val_phase_mae=0.1684  val_dice=0.8243  val_cls_acc=0.6535  val_mass_mape=0.1833
01:58:02 | INFO    | holoqpi.engine.trainer |   epoch 52 step 0/140 loss=0.4819
01:58:04 | INFO    | holoqpi.engine.trainer |   epoch 52 step 20/140 loss=0.4100
01:58:06 | INFO    | holoqpi.engine.trainer |   epoch 52 step 40/140 loss=0.4079
01:58:08 | INFO    | holoqpi.engine.trainer |   epoch 52 step 60/140 loss=0.5900
01:58:10 | INFO    | holoqpi.engine.trainer |   epoch 52 step 80/140 loss=0.5110
01:58:12 | INFO    | holoqpi.engine.trainer |   epoch 52 step 100/140 loss=0.5269
01:58:14 | INFO    | holoqpi.engine.trainer |   epoch 52 step 120/140 loss=0.6188
01:59:05 | INFO    | holoqpi.engine.trainer | epoch 52/60 (63s = 14s train + 49s val) | train_loss=0.5102  val_phase_mae=0.1686  val_dice=0.8242  val_cls_acc=0.7008  val_mass_mape=0.1899
01:59:06 | INFO    | holoqpi.engine.trainer |   epoch 53 step 0/140 loss=0.5840
01:59:07 | INFO    | holoqpi.engine.trainer |   epoch 53 step 20/140 loss=0.5705
01:59:09 | INFO    | holoqpi.engine.trainer |   epoch 53 step 40/140 loss=0.4763
01:59:11 | INFO    | holoqpi.engine.trainer |   epoch 53 step 60/140 loss=0.4776
01:59:13 | INFO    | holoqpi.engine.trainer |   epoch 53 step 80/140 loss=0.3830
01:59:15 | INFO    | holoqpi.engine.trainer |   epoch 53 step 100/140 loss=0.5379
01:59:17 | INFO    | holoqpi.engine.trainer |   epoch 53 step 120/140 loss=0.4552
02:00:08 | INFO    | holoqpi.engine.trainer | epoch 53/60 (63s = 14s train + 49s val) | train_loss=0.5064  val_phase_mae=0.1673  val_dice=0.8235  val_cls_acc=0.7480  val_mass_mape=0.1832
02:00:09 | INFO    | holoqpi.engine.trainer |   epoch 54 step 0/140 loss=0.4210
02:00:10 | INFO    | holoqpi.engine.trainer |   epoch 54 step 20/140 loss=0.7662
02:00:12 | INFO    | holoqpi.engine.trainer |   epoch 54 step 40/140 loss=0.5367
02:00:14 | INFO    | holoqpi.engine.trainer |   epoch 54 step 60/140 loss=0.5041
02:00:16 | INFO    | holoqpi.engine.trainer |   epoch 54 step 80/140 loss=0.4735
02:00:18 | INFO    | holoqpi.engine.trainer |   epoch 54 step 100/140 loss=0.4349
02:00:21 | INFO    | holoqpi.engine.trainer |   epoch 54 step 120/140 loss=0.4660
02:01:12 | INFO    | holoqpi.engine.trainer |   new best composite=0.8125
02:01:12 | INFO    | holoqpi.engine.trainer | epoch 54/60 (64s = 14s train + 49s val) | train_loss=0.5052  val_phase_mae=0.1677  val_dice=0.8242  val_cls_acc=0.6063  val_mass_mape=0.1832
02:01:13 | INFO    | holoqpi.engine.trainer |   epoch 55 step 0/140 loss=0.4850
02:01:15 | INFO    | holoqpi.engine.trainer |   epoch 55 step 20/140 loss=0.4134
02:01:17 | INFO    | holoqpi.engine.trainer |   epoch 55 step 40/140 loss=0.5815
02:01:19 | INFO    | holoqpi.engine.trainer |   epoch 55 step 60/140 loss=0.3870
02:01:21 | INFO    | holoqpi.engine.trainer |   epoch 55 step 80/140 loss=0.5776
02:01:23 | INFO    | holoqpi.engine.trainer |   epoch 55 step 100/140 loss=0.4656
02:01:25 | INFO    | holoqpi.engine.trainer |   epoch 55 step 120/140 loss=0.4862
02:02:16 | INFO    | holoqpi.engine.trainer |   new best composite=0.8126
02:02:16 | INFO    | holoqpi.engine.trainer | epoch 55/60 (63s = 14s train + 49s val) | train_loss=0.5105  val_phase_mae=0.1683  val_dice=0.8241  val_cls_acc=0.5669  val_mass_mape=0.1798
02:02:16 | INFO    | holoqpi.engine.trainer |   epoch 56 step 0/140 loss=0.6810
02:02:18 | INFO    | holoqpi.engine.trainer |   epoch 56 step 20/140 loss=0.6427
02:02:20 | INFO    | holoqpi.engine.trainer |   epoch 56 step 40/140 loss=0.4843
02:02:22 | INFO    | holoqpi.engine.trainer |   epoch 56 step 60/140 loss=0.5904
02:02:24 | INFO    | holoqpi.engine.trainer |   epoch 56 step 80/140 loss=0.3853
02:02:26 | INFO    | holoqpi.engine.trainer |   epoch 56 step 100/140 loss=0.4857
02:02:28 | INFO    | holoqpi.engine.trainer |   epoch 56 step 120/140 loss=0.5116
02:03:20 | INFO    | holoqpi.engine.trainer |   new best composite=0.8129
02:03:20 | INFO    | holoqpi.engine.trainer | epoch 56/60 (63s = 14s train + 49s val) | train_loss=0.5025  val_phase_mae=0.1667  val_dice=0.8247  val_cls_acc=0.7087  val_mass_mape=0.1835
02:03:20 | INFO    | holoqpi.engine.trainer |   epoch 57 step 0/140 loss=0.3433
02:03:22 | INFO    | holoqpi.engine.trainer |   epoch 57 step 20/140 loss=0.4618
02:03:24 | INFO    | holoqpi.engine.trainer |   epoch 57 step 40/140 loss=0.4177
02:03:26 | INFO    | holoqpi.engine.trainer |   epoch 57 step 60/140 loss=0.6182
02:03:28 | INFO    | holoqpi.engine.trainer |   epoch 57 step 80/140 loss=0.4599
02:03:30 | INFO    | holoqpi.engine.trainer |   epoch 57 step 100/140 loss=0.5280
02:03:32 | INFO    | holoqpi.engine.trainer |   epoch 57 step 120/140 loss=0.7319
02:04:22 | INFO    | holoqpi.engine.trainer | epoch 57/60 (63s = 14s train + 49s val) | train_loss=0.5024  val_phase_mae=0.1673  val_dice=0.8242  val_cls_acc=0.6693  val_mass_mape=0.1828
02:04:23 | INFO    | holoqpi.engine.trainer |   epoch 58 step 0/140 loss=0.5608
02:04:25 | INFO    | holoqpi.engine.trainer |   epoch 58 step 20/140 loss=0.4828
02:04:27 | INFO    | holoqpi.engine.trainer |   epoch 58 step 40/140 loss=0.4670
02:04:29 | INFO    | holoqpi.engine.trainer |   epoch 58 step 60/140 loss=0.5226
02:04:31 | INFO    | holoqpi.engine.trainer |   epoch 58 step 80/140 loss=0.3916
02:04:33 | INFO    | holoqpi.engine.trainer |   epoch 58 step 100/140 loss=0.4485
02:04:35 | INFO    | holoqpi.engine.trainer |   epoch 58 step 120/140 loss=0.5342
02:05:28 | INFO    | holoqpi.engine.trainer | epoch 58/60 (65s = 14s train + 51s val) | train_loss=0.4924  val_phase_mae=0.1678  val_dice=0.8242  val_cls_acc=0.6063  val_mass_mape=0.1823
02:05:28 | INFO    | holoqpi.engine.trainer |   epoch 59 step 0/140 loss=0.4320
02:05:30 | INFO    | holoqpi.engine.trainer |   epoch 59 step 20/140 loss=0.4341
02:05:32 | INFO    | holoqpi.engine.trainer |   epoch 59 step 40/140 loss=0.3497
02:05:34 | INFO    | holoqpi.engine.trainer |   epoch 59 step 60/140 loss=0.5766
02:05:36 | INFO    | holoqpi.engine.trainer |   epoch 59 step 80/140 loss=0.4194
02:05:38 | INFO    | holoqpi.engine.trainer |   epoch 59 step 100/140 loss=0.4380
02:05:40 | INFO    | holoqpi.engine.trainer |   epoch 59 step 120/140 loss=0.9613
02:06:31 | INFO    | holoqpi.engine.trainer | epoch 59/60 (63s = 14s train + 50s val) | train_loss=0.4895  val_phase_mae=0.1688  val_dice=0.8245  val_cls_acc=0.5827  val_mass_mape=0.1864
02:06:31 | INFO    | holoqpi.engine.trainer |   epoch 60 step 0/140 loss=0.5100
02:06:33 | INFO    | holoqpi.engine.trainer |   epoch 60 step 20/140 loss=0.5419
02:06:35 | INFO    | holoqpi.engine.trainer |   epoch 60 step 40/140 loss=0.4128
02:06:37 | INFO    | holoqpi.engine.trainer |   epoch 60 step 60/140 loss=0.5875
02:06:39 | INFO    | holoqpi.engine.trainer |   epoch 60 step 80/140 loss=0.6001
02:06:41 | INFO    | holoqpi.engine.trainer |   epoch 60 step 100/140 loss=0.6388
02:06:43 | INFO    | holoqpi.engine.trainer |   epoch 60 step 120/140 loss=0.5158
02:07:35 | INFO    | holoqpi.engine.trainer | epoch 60/60 (64s = 14s train + 50s val) | train_loss=0.4976  val_phase_mae=0.1693  val_dice=0.8249  val_cls_acc=0.6220  val_mass_mape=0.1894
02:07:35 | INFO    | holoqpi.engine.trainer | training finished; best epoch 56 (composite=0.8129)
02:07:35 | INFO    | holoqpi.engine.trainer | checkpoint best_model.pt: 446/446 tensors matched
02:08:21 | INFO    | holoqpi.engine.compare | modality=off_axis test metrics written to runs/no_measurement_s1337_off_axis
02:08:21 | INFO    | holoqpi.engine.compare | ======================================================================
02:08:21 | INFO    | holoqpi.engine.compare | modality=gabor  device=cuda  run_dir=runs/no_measurement_s1337_gabor
02:08:21 | INFO    | holoqpi.engine.compare | ======================================================================
02:08:21 | INFO    | holoqpi.data.dataset | train split: 560 samples | modality=gabor | crop=512 | augment=True
02:08:21 | INFO    | holoqpi.data.dataset | val split: 127 samples | modality=gabor | crop=None | augment=False
02:08:21 | INFO    | holoqpi.data.dataset | test split: 113 samples | modality=gabor | crop=None | augment=False
02:08:21 | INFO    | holoqpi.models.encoders | encoder=mobilenet_v2 in_channels=1 pretrained=True stages=[16, 24, 32, 96, 1280]
02:08:21 | INFO    | holoqpi.models.holonet | HoloQPINet built: 9.76M parameters, 9.76M trainable (100.0%)
02:08:21 | INFO    | holoqpi.engine.trainer | trainable 9.76M / 9.76M parameters (100.0%)
02:08:21 | INFO    | holoqpi.engine.trainer | active physics terms: ['phase_mask_contrast', 'boundary_gradient_alignment', 'phase_volume']
02:08:22 | INFO    | holoqpi.engine.trainer |   epoch 1 step 0/140 loss=2.0867
02:08:24 | INFO    | holoqpi.engine.trainer |   epoch 1 step 20/140 loss=1.7199
02:08:26 | INFO    | holoqpi.engine.trainer |   epoch 1 step 40/140 loss=1.4747
02:08:27 | INFO    | holoqpi.engine.trainer |   epoch 1 step 60/140 loss=1.3940
02:08:29 | INFO    | holoqpi.engine.trainer |   epoch 1 step 80/140 loss=1.2610
02:08:31 | INFO    | holoqpi.engine.trainer |   epoch 1 step 100/140 loss=1.3938
02:08:33 | INFO    | holoqpi.engine.trainer |   epoch 1 step 120/140 loss=1.2565
02:09:24 | INFO    | holoqpi.engine.trainer |   new best composite=0.6329
02:09:24 | INFO    | holoqpi.engine.trainer | epoch 1/60 (62s = 13s train + 49s val) | train_loss=1.4382  val_phase_mae=0.2278  val_dice=0.6578  val_cls_acc=0.4803  val_mass_mape=0.3901
02:09:24 | INFO    | holoqpi.engine.trainer |   at this rate the full 60-epoch schedule takes about 62 min
02:09:24 | INFO    | holoqpi.engine.trainer |   epoch 2 step 0/140 loss=1.1651
02:09:26 | INFO    | holoqpi.engine.trainer |   epoch 2 step 20/140 loss=1.3072
02:09:28 | INFO    | holoqpi.engine.trainer |   epoch 2 step 40/140 loss=1.0176
02:09:29 | INFO    | holoqpi.engine.trainer |   epoch 2 step 60/140 loss=1.1472
02:09:31 | INFO    | holoqpi.engine.trainer |   epoch 2 step 80/140 loss=1.1719
02:09:33 | INFO    | holoqpi.engine.trainer |   epoch 2 step 100/140 loss=0.9425
02:09:35 | INFO    | holoqpi.engine.trainer |   epoch 2 step 120/140 loss=1.4008
02:10:23 | INFO    | holoqpi.engine.trainer |   new best composite=0.6831
02:10:23 | INFO    | holoqpi.engine.trainer | epoch 2/60 (59s = 13s train + 47s val) | train_loss=1.0834  val_phase_mae=0.2154  val_dice=0.7164  val_cls_acc=0.4803  val_mass_mape=0.3701
02:10:24 | INFO    | holoqpi.engine.trainer |   epoch 3 step 0/140 loss=0.8362
02:10:26 | INFO    | holoqpi.engine.trainer |   epoch 3 step 20/140 loss=1.2982
02:10:28 | INFO    | holoqpi.engine.trainer |   epoch 3 step 40/140 loss=0.9130
02:10:29 | INFO    | holoqpi.engine.trainer |   epoch 3 step 60/140 loss=0.9524
02:10:31 | INFO    | holoqpi.engine.trainer |   epoch 3 step 80/140 loss=0.8182
02:10:33 | INFO    | holoqpi.engine.trainer |   epoch 3 step 100/140 loss=0.9135
02:10:35 | INFO    | holoqpi.engine.trainer |   epoch 3 step 120/140 loss=0.8547
02:11:22 | INFO    | holoqpi.engine.trainer |   new best composite=0.7163
02:11:22 | INFO    | holoqpi.engine.trainer | epoch 3/60 (59s = 13s train + 46s val) | train_loss=0.9759  val_phase_mae=0.2019  val_dice=0.7242  val_cls_acc=0.3858  val_mass_mape=0.2801
02:11:23 | INFO    | holoqpi.engine.trainer |   epoch 4 step 0/140 loss=1.0007
02:11:25 | INFO    | holoqpi.engine.trainer |   epoch 4 step 20/140 loss=0.9759
02:11:26 | INFO    | holoqpi.engine.trainer |   epoch 4 step 40/140 loss=1.0763
02:11:28 | INFO    | holoqpi.engine.trainer |   epoch 4 step 60/140 loss=1.1022
02:11:30 | INFO    | holoqpi.engine.trainer |   epoch 4 step 80/140 loss=0.8249
02:11:32 | INFO    | holoqpi.engine.trainer |   epoch 4 step 100/140 loss=0.9440
02:11:34 | INFO    | holoqpi.engine.trainer |   epoch 4 step 120/140 loss=0.9383
02:12:21 | INFO    | holoqpi.engine.trainer |   new best composite=0.7197
02:12:21 | INFO    | holoqpi.engine.trainer | epoch 4/60 (58s = 13s train + 45s val) | train_loss=0.9531  val_phase_mae=0.1993  val_dice=0.7500  val_cls_acc=0.4567  val_mass_mape=0.3329
02:12:21 | INFO    | holoqpi.engine.trainer |   epoch 5 step 0/140 loss=0.8533
02:12:23 | INFO    | holoqpi.engine.trainer |   epoch 5 step 20/140 loss=0.8953
02:12:25 | INFO    | holoqpi.engine.trainer |   epoch 5 step 40/140 loss=1.0771
02:12:27 | INFO    | holoqpi.engine.trainer |   epoch 5 step 60/140 loss=0.8449
02:12:28 | INFO    | holoqpi.engine.trainer |   epoch 5 step 80/140 loss=0.8743
02:12:30 | INFO    | holoqpi.engine.trainer |   epoch 5 step 100/140 loss=1.1133
02:12:32 | INFO    | holoqpi.engine.trainer |   epoch 5 step 120/140 loss=0.7154
02:13:20 | INFO    | holoqpi.engine.trainer |   new best composite=0.7244
02:13:20 | INFO    | holoqpi.engine.trainer | epoch 5/60 (59s = 13s train + 46s val) | train_loss=0.9344  val_phase_mae=0.2028  val_dice=0.7325  val_cls_acc=0.4409  val_mass_mape=0.2680
02:13:20 | INFO    | holoqpi.engine.trainer |   epoch 6 step 0/140 loss=1.0935
02:13:22 | INFO    | holoqpi.engine.trainer |   epoch 6 step 20/140 loss=0.8299
02:13:24 | INFO    | holoqpi.engine.trainer |   epoch 6 step 40/140 loss=0.7287
02:13:26 | INFO    | holoqpi.engine.trainer |   epoch 6 step 60/140 loss=0.6853
02:13:27 | INFO    | holoqpi.engine.trainer |   epoch 6 step 80/140 loss=1.1582
02:13:29 | INFO    | holoqpi.engine.trainer |   epoch 6 step 100/140 loss=1.0691
02:13:31 | INFO    | holoqpi.engine.trainer |   epoch 6 step 120/140 loss=1.1189
02:14:18 | INFO    | holoqpi.engine.trainer |   new best composite=0.7355
02:14:18 | INFO    | holoqpi.engine.trainer | epoch 6/60 (58s = 13s train + 45s val) | train_loss=0.9087  val_phase_mae=0.1952  val_dice=0.7404  val_cls_acc=0.4961  val_mass_mape=0.2462
02:14:19 | INFO    | holoqpi.engine.trainer |   epoch 7 step 0/140 loss=0.9623
02:14:20 | INFO    | holoqpi.engine.trainer |   epoch 7 step 20/140 loss=0.8780
02:14:22 | INFO    | holoqpi.engine.trainer |   epoch 7 step 40/140 loss=0.8411
02:14:24 | INFO    | holoqpi.engine.trainer |   epoch 7 step 60/140 loss=0.7626
02:14:26 | INFO    | holoqpi.engine.trainer |   epoch 7 step 80/140 loss=0.9877
02:14:27 | INFO    | holoqpi.engine.trainer |   epoch 7 step 100/140 loss=0.7008
02:14:29 | INFO    | holoqpi.engine.trainer |   epoch 7 step 120/140 loss=0.8257
02:15:17 | INFO    | holoqpi.engine.trainer | epoch 7/60 (58s = 13s train + 46s val) | train_loss=0.8812  val_phase_mae=0.1960  val_dice=0.7485  val_cls_acc=0.5984  val_mass_mape=0.3185
02:15:17 | INFO    | holoqpi.engine.trainer |   epoch 8 step 0/140 loss=0.7132
02:15:19 | INFO    | holoqpi.engine.trainer |   epoch 8 step 20/140 loss=0.7850
02:15:21 | INFO    | holoqpi.engine.trainer |   epoch 8 step 40/140 loss=0.6054
02:15:22 | INFO    | holoqpi.engine.trainer |   epoch 8 step 60/140 loss=0.8514
02:15:24 | INFO    | holoqpi.engine.trainer |   epoch 8 step 80/140 loss=0.9725
02:15:26 | INFO    | holoqpi.engine.trainer |   epoch 8 step 100/140 loss=0.7703
02:15:28 | INFO    | holoqpi.engine.trainer |   epoch 8 step 120/140 loss=0.9189
02:16:15 | INFO    | holoqpi.engine.trainer |   new best composite=0.7445
02:16:15 | INFO    | holoqpi.engine.trainer | epoch 8/60 (58s = 13s train + 45s val) | train_loss=0.8950  val_phase_mae=0.1929  val_dice=0.7555  val_cls_acc=0.5906  val_mass_mape=0.2467
02:16:15 | INFO    | holoqpi.engine.trainer |   epoch 9 step 0/140 loss=0.7077
02:16:17 | INFO    | holoqpi.engine.trainer |   epoch 9 step 20/140 loss=0.7284
02:16:19 | INFO    | holoqpi.engine.trainer |   epoch 9 step 40/140 loss=0.8578
02:16:21 | INFO    | holoqpi.engine.trainer |   epoch 9 step 60/140 loss=1.0469
02:16:22 | INFO    | holoqpi.engine.trainer |   epoch 9 step 80/140 loss=1.1708
02:16:24 | INFO    | holoqpi.engine.trainer |   epoch 9 step 100/140 loss=0.8170
02:16:26 | INFO    | holoqpi.engine.trainer |   epoch 9 step 120/140 loss=0.6774
02:17:12 | INFO    | holoqpi.engine.trainer | epoch 9/60 (58s = 13s train + 45s val) | train_loss=0.8880  val_phase_mae=0.1940  val_dice=0.7484  val_cls_acc=0.5118  val_mass_mape=0.3015
02:17:13 | INFO    | holoqpi.engine.trainer |   epoch 10 step 0/140 loss=0.7051
02:17:15 | INFO    | holoqpi.engine.trainer |   epoch 10 step 20/140 loss=0.7127
02:17:16 | INFO    | holoqpi.engine.trainer |   epoch 10 step 40/140 loss=1.3166
02:17:18 | INFO    | holoqpi.engine.trainer |   epoch 10 step 60/140 loss=0.9860
02:17:20 | INFO    | holoqpi.engine.trainer |   epoch 10 step 80/140 loss=0.9425
02:17:22 | INFO    | holoqpi.engine.trainer |   epoch 10 step 100/140 loss=0.8159
02:17:23 | INFO    | holoqpi.engine.trainer |   epoch 10 step 120/140 loss=0.7052
02:18:10 | INFO    | holoqpi.engine.trainer | epoch 10/60 (58s = 13s train + 45s val) | train_loss=0.8800  val_phase_mae=0.1935  val_dice=0.7486  val_cls_acc=0.5827  val_mass_mape=0.2427
02:18:11 | INFO    | holoqpi.engine.trainer |   epoch 11 step 0/140 loss=1.0352
02:18:12 | INFO    | holoqpi.engine.trainer |   epoch 11 step 20/140 loss=0.8914
02:18:14 | INFO    | holoqpi.engine.trainer |   epoch 11 step 40/140 loss=0.6686
02:18:16 | INFO    | holoqpi.engine.trainer |   epoch 11 step 60/140 loss=0.9619
02:18:18 | INFO    | holoqpi.engine.trainer |   epoch 11 step 80/140 loss=0.8031
02:18:19 | INFO    | holoqpi.engine.trainer |   epoch 11 step 100/140 loss=0.7984
02:18:21 | INFO    | holoqpi.engine.trainer |   epoch 11 step 120/140 loss=0.8081
02:19:08 | INFO    | holoqpi.engine.trainer |   new best composite=0.7491
02:19:08 | INFO    | holoqpi.engine.trainer | epoch 11/60 (57s = 13s train + 45s val) | train_loss=0.8659  val_phase_mae=0.1893  val_dice=0.7555  val_cls_acc=0.6378  val_mass_mape=0.2379
02:19:08 | INFO    | holoqpi.engine.trainer |   epoch 12 step 0/140 loss=0.9542
02:19:10 | INFO    | holoqpi.engine.trainer |   epoch 12 step 20/140 loss=0.6733
02:19:12 | INFO    | holoqpi.engine.trainer |   epoch 12 step 40/140 loss=0.7949
02:19:14 | INFO    | holoqpi.engine.trainer |   epoch 12 step 60/140 loss=0.8082
02:19:15 | INFO    | holoqpi.engine.trainer |   epoch 12 step 80/140 loss=0.8001
02:19:17 | INFO    | holoqpi.engine.trainer |   epoch 12 step 100/140 loss=0.7114
02:19:19 | INFO    | holoqpi.engine.trainer |   epoch 12 step 120/140 loss=0.6754
02:20:05 | INFO    | holoqpi.engine.trainer | epoch 12/60 (57s = 13s train + 44s val) | train_loss=0.8488  val_phase_mae=0.1948  val_dice=0.7627  val_cls_acc=0.5276  val_mass_mape=0.2847
02:20:05 | INFO    | holoqpi.engine.trainer |   epoch 13 step 0/140 loss=0.8712
02:20:07 | INFO    | holoqpi.engine.trainer |   epoch 13 step 20/140 loss=0.8867
02:20:09 | INFO    | holoqpi.engine.trainer |   epoch 13 step 40/140 loss=0.6538
02:20:11 | INFO    | holoqpi.engine.trainer |   epoch 13 step 60/140 loss=0.8846
02:20:12 | INFO    | holoqpi.engine.trainer |   epoch 13 step 80/140 loss=1.1092
02:20:14 | INFO    | holoqpi.engine.trainer |   epoch 13 step 100/140 loss=0.9515
02:20:16 | INFO    | holoqpi.engine.trainer |   epoch 13 step 120/140 loss=0.9305
02:21:02 | INFO    | holoqpi.engine.trainer | epoch 13/60 (58s = 13s train + 45s val) | train_loss=0.8394  val_phase_mae=0.2062  val_dice=0.7522  val_cls_acc=0.6063  val_mass_mape=0.2702
02:21:03 | INFO    | holoqpi.engine.trainer |   epoch 14 step 0/140 loss=0.8476
02:21:05 | INFO    | holoqpi.engine.trainer |   epoch 14 step 20/140 loss=0.9023
02:21:06 | INFO    | holoqpi.engine.trainer |   epoch 14 step 40/140 loss=0.8508
02:21:08 | INFO    | holoqpi.engine.trainer |   epoch 14 step 60/140 loss=1.3149
02:21:10 | INFO    | holoqpi.engine.trainer |   epoch 14 step 80/140 loss=0.7683
02:21:12 | INFO    | holoqpi.engine.trainer |   epoch 14 step 100/140 loss=0.6516
02:21:14 | INFO    | holoqpi.engine.trainer |   epoch 14 step 120/140 loss=0.7781
02:22:00 | INFO    | holoqpi.engine.trainer | epoch 14/60 (58s = 13s train + 45s val) | train_loss=0.8492  val_phase_mae=0.1918  val_dice=0.7580  val_cls_acc=0.7008  val_mass_mape=0.2452
02:22:01 | INFO    | holoqpi.engine.trainer |   epoch 15 step 0/140 loss=0.9789
02:22:03 | INFO    | holoqpi.engine.trainer |   epoch 15 step 20/140 loss=0.8161
02:22:04 | INFO    | holoqpi.engine.trainer |   epoch 15 step 40/140 loss=0.7520
02:22:06 | INFO    | holoqpi.engine.trainer |   epoch 15 step 60/140 loss=0.7591
02:22:08 | INFO    | holoqpi.engine.trainer |   epoch 15 step 80/140 loss=0.6322
02:22:10 | INFO    | holoqpi.engine.trainer |   epoch 15 step 100/140 loss=0.7901
02:22:11 | INFO    | holoqpi.engine.trainer |   epoch 15 step 120/140 loss=0.6980
02:22:58 | INFO    | holoqpi.engine.trainer | epoch 15/60 (58s = 13s train + 45s val) | train_loss=0.8349  val_phase_mae=0.1916  val_dice=0.7569  val_cls_acc=0.5827  val_mass_mape=0.3131
02:22:59 | INFO    | holoqpi.engine.trainer |   epoch 16 step 0/140 loss=0.8695
02:23:00 | INFO    | holoqpi.engine.trainer |   epoch 16 step 20/140 loss=0.8969
02:23:02 | INFO    | holoqpi.engine.trainer |   epoch 16 step 40/140 loss=1.1587
02:23:04 | INFO    | holoqpi.engine.trainer |   epoch 16 step 60/140 loss=0.7978
02:23:06 | INFO    | holoqpi.engine.trainer |   epoch 16 step 80/140 loss=0.7837
02:23:07 | INFO    | holoqpi.engine.trainer |   epoch 16 step 100/140 loss=0.6843
02:23:09 | INFO    | holoqpi.engine.trainer |   epoch 16 step 120/140 loss=0.6704
02:23:55 | INFO    | holoqpi.engine.trainer | epoch 16/60 (57s = 13s train + 45s val) | train_loss=0.8405  val_phase_mae=0.1900  val_dice=0.7536  val_cls_acc=0.5354  val_mass_mape=0.2429
02:23:56 | INFO    | holoqpi.engine.trainer |   epoch 17 step 0/140 loss=0.6950
02:23:58 | INFO    | holoqpi.engine.trainer |   epoch 17 step 20/140 loss=0.7653
02:23:59 | INFO    | holoqpi.engine.trainer |   epoch 17 step 40/140 loss=1.0623
02:24:01 | INFO    | holoqpi.engine.trainer |   epoch 17 step 60/140 loss=0.6143
02:24:03 | INFO    | holoqpi.engine.trainer |   epoch 17 step 80/140 loss=1.2832
02:24:05 | INFO    | holoqpi.engine.trainer |   epoch 17 step 100/140 loss=0.7643
02:24:07 | INFO    | holoqpi.engine.trainer |   epoch 17 step 120/140 loss=0.6370
02:24:54 | INFO    | holoqpi.engine.trainer |   new best composite=0.7511
02:24:54 | INFO    | holoqpi.engine.trainer | epoch 17/60 (58s = 13s train + 45s val) | train_loss=0.8225  val_phase_mae=0.1867  val_dice=0.7565  val_cls_acc=0.6220  val_mass_mape=0.2362
02:24:54 | INFO    | holoqpi.engine.trainer |   epoch 18 step 0/140 loss=0.7319
02:24:56 | INFO    | holoqpi.engine.trainer |   epoch 18 step 20/140 loss=0.8555
02:24:58 | INFO    | holoqpi.engine.trainer |   epoch 18 step 40/140 loss=1.0856
02:24:59 | INFO    | holoqpi.engine.trainer |   epoch 18 step 60/140 loss=0.7114
02:25:01 | INFO    | holoqpi.engine.trainer |   epoch 18 step 80/140 loss=0.6084
02:25:03 | INFO    | holoqpi.engine.trainer |   epoch 18 step 100/140 loss=0.6651
02:25:05 | INFO    | holoqpi.engine.trainer |   epoch 18 step 120/140 loss=0.7703
02:25:52 | INFO    | holoqpi.engine.trainer | epoch 18/60 (58s = 13s train + 45s val) | train_loss=0.8413  val_phase_mae=0.1900  val_dice=0.7527  val_cls_acc=0.7165  val_mass_mape=0.2390
02:25:52 | INFO    | holoqpi.engine.trainer |   epoch 19 step 0/140 loss=0.9216
02:25:54 | INFO    | holoqpi.engine.trainer |   epoch 19 step 20/140 loss=0.7386
02:25:56 | INFO    | holoqpi.engine.trainer |   epoch 19 step 40/140 loss=0.7905
02:25:57 | INFO    | holoqpi.engine.trainer |   epoch 19 step 60/140 loss=0.9964
02:25:59 | INFO    | holoqpi.engine.trainer |   epoch 19 step 80/140 loss=0.9597
02:26:01 | INFO    | holoqpi.engine.trainer |   epoch 19 step 100/140 loss=1.1071
02:26:03 | INFO    | holoqpi.engine.trainer |   epoch 19 step 120/140 loss=0.7618
02:26:49 | INFO    | holoqpi.engine.trainer | epoch 19/60 (58s = 13s train + 45s val) | train_loss=0.8236  val_phase_mae=0.1939  val_dice=0.7483  val_cls_acc=0.6850  val_mass_mape=0.2928
02:26:50 | INFO    | holoqpi.engine.trainer |   epoch 20 step 0/140 loss=0.7024
02:26:52 | INFO    | holoqpi.engine.trainer |   epoch 20 step 20/140 loss=0.7338
02:26:53 | INFO    | holoqpi.engine.trainer |   epoch 20 step 40/140 loss=0.5818
02:26:55 | INFO    | holoqpi.engine.trainer |   epoch 20 step 60/140 loss=0.7465
02:26:57 | INFO    | holoqpi.engine.trainer |   epoch 20 step 80/140 loss=0.7304
02:26:59 | INFO    | holoqpi.engine.trainer |   epoch 20 step 100/140 loss=0.8192
02:27:00 | INFO    | holoqpi.engine.trainer |   epoch 20 step 120/140 loss=1.0042
02:27:47 | INFO    | holoqpi.engine.trainer | epoch 20/60 (58s = 13s train + 45s val) | train_loss=0.8206  val_phase_mae=0.1914  val_dice=0.7519  val_cls_acc=0.6535  val_mass_mape=0.2397
02:27:47 | INFO    | holoqpi.engine.trainer |   epoch 21 step 0/140 loss=0.9637
02:27:49 | INFO    | holoqpi.engine.trainer |   epoch 21 step 20/140 loss=0.7784
02:27:51 | INFO    | holoqpi.engine.trainer |   epoch 21 step 40/140 loss=0.7819
02:27:53 | INFO    | holoqpi.engine.trainer |   epoch 21 step 60/140 loss=0.6498
02:27:54 | INFO    | holoqpi.engine.trainer |   epoch 21 step 80/140 loss=0.8645
02:27:56 | INFO    | holoqpi.engine.trainer |   epoch 21 step 100/140 loss=0.7467
02:27:58 | INFO    | holoqpi.engine.trainer |   epoch 21 step 120/140 loss=0.9108
02:28:44 | INFO    | holoqpi.engine.trainer | epoch 21/60 (58s = 13s train + 45s val) | train_loss=0.8029  val_phase_mae=0.1870  val_dice=0.7598  val_cls_acc=0.6142  val_mass_mape=0.2493
02:28:45 | INFO    | holoqpi.engine.trainer |   epoch 22 step 0/140 loss=0.6637
02:28:47 | INFO    | holoqpi.engine.trainer |   epoch 22 step 20/140 loss=0.6419
02:28:49 | INFO    | holoqpi.engine.trainer |   epoch 22 step 40/140 loss=0.6527
02:28:50 | INFO    | holoqpi.engine.trainer |   epoch 22 step 60/140 loss=0.6986
02:28:52 | INFO    | holoqpi.engine.trainer |   epoch 22 step 80/140 loss=0.9325
02:28:54 | INFO    | holoqpi.engine.trainer |   epoch 22 step 100/140 loss=0.6368
02:28:56 | INFO    | holoqpi.engine.trainer |   epoch 22 step 120/140 loss=1.0827
02:29:43 | INFO    | holoqpi.engine.trainer |   new best composite=0.7573
02:29:43 | INFO    | holoqpi.engine.trainer | epoch 22/60 (58s = 13s train + 45s val) | train_loss=0.7856  val_phase_mae=0.1834  val_dice=0.7646  val_cls_acc=0.6142  val_mass_mape=0.2330
02:29:43 | INFO    | holoqpi.engine.trainer |   epoch 23 step 0/140 loss=0.7629
02:29:45 | INFO    | holoqpi.engine.trainer |   epoch 23 step 20/140 loss=0.7506
02:29:47 | INFO    | holoqpi.engine.trainer |   epoch 23 step 40/140 loss=1.0219
02:29:48 | INFO    | holoqpi.engine.trainer |   epoch 23 step 60/140 loss=0.6175
02:29:50 | INFO    | holoqpi.engine.trainer |   epoch 23 step 80/140 loss=0.6603
02:29:52 | INFO    | holoqpi.engine.trainer |   epoch 23 step 100/140 loss=0.6686
02:29:54 | INFO    | holoqpi.engine.trainer |   epoch 23 step 120/140 loss=0.7491
02:30:42 | INFO    | holoqpi.engine.trainer | epoch 23/60 (59s = 13s train + 46s val) | train_loss=0.7860  val_phase_mae=0.1875  val_dice=0.7551  val_cls_acc=0.7165  val_mass_mape=0.2397
02:30:42 | INFO    | holoqpi.engine.trainer |   epoch 24 step 0/140 loss=0.7654
02:30:44 | INFO    | holoqpi.engine.trainer |   epoch 24 step 20/140 loss=0.7634
02:30:46 | INFO    | holoqpi.engine.trainer |   epoch 24 step 40/140 loss=0.7564
02:30:47 | INFO    | holoqpi.engine.trainer |   epoch 24 step 60/140 loss=0.9875
02:30:49 | INFO    | holoqpi.engine.trainer |   epoch 24 step 80/140 loss=0.7234
02:30:51 | INFO    | holoqpi.engine.trainer |   epoch 24 step 100/140 loss=0.8100
02:30:53 | INFO    | holoqpi.engine.trainer |   epoch 24 step 120/140 loss=0.8038
02:31:40 | INFO    | holoqpi.engine.trainer | epoch 24/60 (58s = 13s train + 45s val) | train_loss=0.7934  val_phase_mae=0.1877  val_dice=0.7581  val_cls_acc=0.6693  val_mass_mape=0.2472
02:31:40 | INFO    | holoqpi.engine.trainer |   epoch 25 step 0/140 loss=1.4132
02:31:42 | INFO    | holoqpi.engine.trainer |   epoch 25 step 20/140 loss=0.6506
02:31:44 | INFO    | holoqpi.engine.trainer |   epoch 25 step 40/140 loss=0.6134
02:31:46 | INFO    | holoqpi.engine.trainer |   epoch 25 step 60/140 loss=0.5404
02:31:47 | INFO    | holoqpi.engine.trainer |   epoch 25 step 80/140 loss=0.9488
02:31:49 | INFO    | holoqpi.engine.trainer |   epoch 25 step 100/140 loss=0.7098
02:31:51 | INFO    | holoqpi.engine.trainer |   epoch 25 step 120/140 loss=0.8482
02:32:37 | INFO    | holoqpi.engine.trainer | epoch 25/60 (58s = 13s train + 45s val) | train_loss=0.7815  val_phase_mae=0.1886  val_dice=0.7547  val_cls_acc=0.6535  val_mass_mape=0.2297
02:32:38 | INFO    | holoqpi.engine.trainer |   epoch 26 step 0/140 loss=0.6504
02:32:40 | INFO    | holoqpi.engine.trainer |   epoch 26 step 20/140 loss=0.7094
02:32:41 | INFO    | holoqpi.engine.trainer |   epoch 26 step 40/140 loss=0.9295
02:32:43 | INFO    | holoqpi.engine.trainer |   epoch 26 step 60/140 loss=1.0094
02:32:45 | INFO    | holoqpi.engine.trainer |   epoch 26 step 80/140 loss=0.7812
02:32:47 | INFO    | holoqpi.engine.trainer |   epoch 26 step 100/140 loss=0.6667
02:32:48 | INFO    | holoqpi.engine.trainer |   epoch 26 step 120/140 loss=0.6346
02:33:36 | INFO    | holoqpi.engine.trainer | epoch 26/60 (59s = 13s train + 46s val) | train_loss=0.7783  val_phase_mae=0.1872  val_dice=0.7615  val_cls_acc=0.6693  val_mass_mape=0.2433
02:33:36 | INFO    | holoqpi.engine.trainer |   epoch 27 step 0/140 loss=0.7422
02:33:38 | INFO    | holoqpi.engine.trainer |   epoch 27 step 20/140 loss=0.7041
02:33:40 | INFO    | holoqpi.engine.trainer |   epoch 27 step 40/140 loss=0.8935
02:33:42 | INFO    | holoqpi.engine.trainer |   epoch 27 step 60/140 loss=0.6027
02:33:43 | INFO    | holoqpi.engine.trainer |   epoch 27 step 80/140 loss=0.6469
02:33:45 | INFO    | holoqpi.engine.trainer |   epoch 27 step 100/140 loss=0.7452
02:33:47 | INFO    | holoqpi.engine.trainer |   epoch 27 step 120/140 loss=0.6334
02:34:34 | INFO    | holoqpi.engine.trainer | epoch 27/60 (58s = 13s train + 45s val) | train_loss=0.7624  val_phase_mae=0.1863  val_dice=0.7643  val_cls_acc=0.6535  val_mass_mape=0.2498
02:34:34 | INFO    | holoqpi.engine.trainer |   epoch 28 step 0/140 loss=0.8816
02:34:36 | INFO    | holoqpi.engine.trainer |   epoch 28 step 20/140 loss=0.5069
02:34:38 | INFO    | holoqpi.engine.trainer |   epoch 28 step 40/140 loss=0.8096
02:34:40 | INFO    | holoqpi.engine.trainer |   epoch 28 step 60/140 loss=0.6529
02:34:42 | INFO    | holoqpi.engine.trainer |   epoch 28 step 80/140 loss=0.5634
02:34:43 | INFO    | holoqpi.engine.trainer |   epoch 28 step 100/140 loss=0.7423
02:34:45 | INFO    | holoqpi.engine.trainer |   epoch 28 step 120/140 loss=0.6944
02:35:32 | INFO    | holoqpi.engine.trainer | epoch 28/60 (58s = 13s train + 45s val) | train_loss=0.7703  val_phase_mae=0.1878  val_dice=0.7595  val_cls_acc=0.7008  val_mass_mape=0.2753
02:35:33 | INFO    | holoqpi.engine.trainer |   epoch 29 step 0/140 loss=0.6879
02:35:34 | INFO    | holoqpi.engine.trainer |   epoch 29 step 20/140 loss=0.6442
02:35:36 | INFO    | holoqpi.engine.trainer |   epoch 29 step 40/140 loss=0.8342
02:35:38 | INFO    | holoqpi.engine.trainer |   epoch 29 step 60/140 loss=0.5722
02:35:40 | INFO    | holoqpi.engine.trainer |   epoch 29 step 80/140 loss=0.9141
02:35:41 | INFO    | holoqpi.engine.trainer |   epoch 29 step 100/140 loss=0.6275
02:35:43 | INFO    | holoqpi.engine.trainer |   epoch 29 step 120/140 loss=0.8298
02:36:29 | INFO    | holoqpi.engine.trainer | epoch 29/60 (57s = 13s train + 44s val) | train_loss=0.7412  val_phase_mae=0.1873  val_dice=0.7593  val_cls_acc=0.6535  val_mass_mape=0.2385
02:36:30 | INFO    | holoqpi.engine.trainer |   epoch 30 step 0/140 loss=0.7442
02:36:32 | INFO    | holoqpi.engine.trainer |   epoch 30 step 20/140 loss=0.6189
02:36:33 | INFO    | holoqpi.engine.trainer |   epoch 30 step 40/140 loss=0.9448
02:36:35 | INFO    | holoqpi.engine.trainer |   epoch 30 step 60/140 loss=1.2186
02:36:37 | INFO    | holoqpi.engine.trainer |   epoch 30 step 80/140 loss=0.7144
02:36:39 | INFO    | holoqpi.engine.trainer |   epoch 30 step 100/140 loss=0.6074
02:36:40 | INFO    | holoqpi.engine.trainer |   epoch 30 step 120/140 loss=1.2468
02:37:27 | INFO    | holoqpi.engine.trainer | epoch 30/60 (58s = 13s train + 45s val) | train_loss=0.7492  val_phase_mae=0.1835  val_dice=0.7651  val_cls_acc=0.7087  val_mass_mape=0.2394
02:37:28 | INFO    | holoqpi.engine.trainer |   epoch 31 step 0/140 loss=0.6821
02:37:30 | INFO    | holoqpi.engine.trainer |   epoch 31 step 20/140 loss=0.6911
02:37:31 | INFO    | holoqpi.engine.trainer |   epoch 31 step 40/140 loss=0.6257
02:37:33 | INFO    | holoqpi.engine.trainer |   epoch 31 step 60/140 loss=0.7503
02:37:35 | INFO    | holoqpi.engine.trainer |   epoch 31 step 80/140 loss=0.5870
02:37:37 | INFO    | holoqpi.engine.trainer |   epoch 31 step 100/140 loss=1.3566
02:37:39 | INFO    | holoqpi.engine.trainer |   epoch 31 step 120/140 loss=1.0204
02:38:25 | INFO    | holoqpi.engine.trainer | epoch 31/60 (58s = 13s train + 45s val) | train_loss=0.7567  val_phase_mae=0.1845  val_dice=0.7662  val_cls_acc=0.7402  val_mass_mape=0.2469
02:38:26 | INFO    | holoqpi.engine.trainer |   epoch 32 step 0/140 loss=0.6053
02:38:27 | INFO    | holoqpi.engine.trainer |   epoch 32 step 20/140 loss=0.5444
02:38:29 | INFO    | holoqpi.engine.trainer |   epoch 32 step 40/140 loss=0.9083
02:38:31 | INFO    | holoqpi.engine.trainer |   epoch 32 step 60/140 loss=0.7183
02:38:33 | INFO    | holoqpi.engine.trainer |   epoch 32 step 80/140 loss=0.6404
02:38:35 | INFO    | holoqpi.engine.trainer |   epoch 32 step 100/140 loss=0.6825
02:38:36 | INFO    | holoqpi.engine.trainer |   epoch 32 step 120/140 loss=0.5690
02:39:23 | INFO    | holoqpi.engine.trainer | epoch 32/60 (58s = 13s train + 45s val) | train_loss=0.7476  val_phase_mae=0.1874  val_dice=0.7619  val_cls_acc=0.7323  val_mass_mape=0.2598
02:39:23 | INFO    | holoqpi.engine.trainer |   epoch 33 step 0/140 loss=0.9659
02:39:25 | INFO    | holoqpi.engine.trainer |   epoch 33 step 20/140 loss=0.8482
02:39:27 | INFO    | holoqpi.engine.trainer |   epoch 33 step 40/140 loss=0.8347
02:39:28 | INFO    | holoqpi.engine.trainer |   epoch 33 step 60/140 loss=0.9534
02:39:30 | INFO    | holoqpi.engine.trainer |   epoch 33 step 80/140 loss=0.6788
02:39:32 | INFO    | holoqpi.engine.trainer |   epoch 33 step 100/140 loss=0.9731
02:39:34 | INFO    | holoqpi.engine.trainer |   epoch 33 step 120/140 loss=0.6506
02:40:20 | INFO    | holoqpi.engine.trainer |   new best composite=0.7593
02:40:20 | INFO    | holoqpi.engine.trainer | epoch 33/60 (57s = 13s train + 45s val) | train_loss=0.7383  val_phase_mae=0.1828  val_dice=0.7692  val_cls_acc=0.7165  val_mass_mape=0.2382
02:40:21 | INFO    | holoqpi.engine.trainer |   epoch 34 step 0/140 loss=0.8361
02:40:23 | INFO    | holoqpi.engine.trainer |   epoch 34 step 20/140 loss=0.8778
02:40:24 | INFO    | holoqpi.engine.trainer |   epoch 34 step 40/140 loss=0.7065
02:40:26 | INFO    | holoqpi.engine.trainer |   epoch 34 step 60/140 loss=0.5454
02:40:28 | INFO    | holoqpi.engine.trainer |   epoch 34 step 80/140 loss=0.5509
02:40:30 | INFO    | holoqpi.engine.trainer |   epoch 34 step 100/140 loss=0.5785
02:40:31 | INFO    | holoqpi.engine.trainer |   epoch 34 step 120/140 loss=0.8102
02:41:18 | INFO    | holoqpi.engine.trainer | epoch 34/60 (58s = 13s train + 45s val) | train_loss=0.7387  val_phase_mae=0.1865  val_dice=0.7607  val_cls_acc=0.7323  val_mass_mape=0.2471
02:41:19 | INFO    | holoqpi.engine.trainer |   epoch 35 step 0/140 loss=0.7629
02:41:21 | INFO    | holoqpi.engine.trainer |   epoch 35 step 20/140 loss=0.5398
02:41:22 | INFO    | holoqpi.engine.trainer |   epoch 35 step 40/140 loss=0.6867
02:41:24 | INFO    | holoqpi.engine.trainer |   epoch 35 step 60/140 loss=0.6588
02:41:26 | INFO    | holoqpi.engine.trainer |   epoch 35 step 80/140 loss=0.6021
02:41:28 | INFO    | holoqpi.engine.trainer |   epoch 35 step 100/140 loss=1.0831
02:41:29 | INFO    | holoqpi.engine.trainer |   epoch 35 step 120/140 loss=0.5537
02:42:15 | INFO    | holoqpi.engine.trainer | epoch 35/60 (57s = 13s train + 45s val) | train_loss=0.7216  val_phase_mae=0.1822  val_dice=0.7676  val_cls_acc=0.7165  val_mass_mape=0.2374
02:42:16 | INFO    | holoqpi.engine.trainer |   epoch 36 step 0/140 loss=0.9654
02:42:18 | INFO    | holoqpi.engine.trainer |   epoch 36 step 20/140 loss=0.9190
02:42:19 | INFO    | holoqpi.engine.trainer |   epoch 36 step 40/140 loss=1.0755
02:42:21 | INFO    | holoqpi.engine.trainer |   epoch 36 step 60/140 loss=0.5459
02:42:23 | INFO    | holoqpi.engine.trainer |   epoch 36 step 80/140 loss=0.7314
02:42:25 | INFO    | holoqpi.engine.trainer |   epoch 36 step 100/140 loss=0.5263
02:42:27 | INFO    | holoqpi.engine.trainer |   epoch 36 step 120/140 loss=0.8770
02:43:13 | INFO    | holoqpi.engine.trainer | epoch 36/60 (57s = 13s train + 45s val) | train_loss=0.7224  val_phase_mae=0.1836  val_dice=0.7646  val_cls_acc=0.6772  val_mass_mape=0.2271
02:43:13 | INFO    | holoqpi.engine.trainer |   epoch 37 step 0/140 loss=1.0872
02:43:15 | INFO    | holoqpi.engine.trainer |   epoch 37 step 20/140 loss=0.5976
02:43:17 | INFO    | holoqpi.engine.trainer |   epoch 37 step 40/140 loss=0.8647
02:43:19 | INFO    | holoqpi.engine.trainer |   epoch 37 step 60/140 loss=0.7848
02:43:21 | INFO    | holoqpi.engine.trainer |   epoch 37 step 80/140 loss=0.6522
02:43:22 | INFO    | holoqpi.engine.trainer |   epoch 37 step 100/140 loss=0.7320
02:43:24 | INFO    | holoqpi.engine.trainer |   epoch 37 step 120/140 loss=0.5826
02:44:11 | INFO    | holoqpi.engine.trainer | epoch 37/60 (58s = 13s train + 45s val) | train_loss=0.7168  val_phase_mae=0.1825  val_dice=0.7664  val_cls_acc=0.7402  val_mass_mape=0.2327
02:44:12 | INFO    | holoqpi.engine.trainer |   epoch 38 step 0/140 loss=0.9513
02:44:13 | INFO    | holoqpi.engine.trainer |   epoch 38 step 20/140 loss=0.6998
02:44:15 | INFO    | holoqpi.engine.trainer |   epoch 38 step 40/140 loss=0.9424
02:44:17 | INFO    | holoqpi.engine.trainer |   epoch 38 step 60/140 loss=0.8243
02:44:19 | INFO    | holoqpi.engine.trainer |   epoch 38 step 80/140 loss=1.2743
02:44:21 | INFO    | holoqpi.engine.trainer |   epoch 38 step 100/140 loss=0.8890
02:44:22 | INFO    | holoqpi.engine.trainer |   epoch 38 step 120/140 loss=0.7878
02:45:09 | INFO    | holoqpi.engine.trainer | epoch 38/60 (58s = 13s train + 45s val) | train_loss=0.7182  val_phase_mae=0.1828  val_dice=0.7668  val_cls_acc=0.8031  val_mass_mape=0.2366
02:45:09 | INFO    | holoqpi.engine.trainer |   epoch 39 step 0/140 loss=0.7080
02:45:11 | INFO    | holoqpi.engine.trainer |   epoch 39 step 20/140 loss=0.6546
02:45:13 | INFO    | holoqpi.engine.trainer |   epoch 39 step 40/140 loss=0.6414
02:45:14 | INFO    | holoqpi.engine.trainer |   epoch 39 step 60/140 loss=0.8700
02:45:16 | INFO    | holoqpi.engine.trainer |   epoch 39 step 80/140 loss=0.8345
02:45:18 | INFO    | holoqpi.engine.trainer |   epoch 39 step 100/140 loss=0.8278
02:45:20 | INFO    | holoqpi.engine.trainer |   epoch 39 step 120/140 loss=0.6968
02:46:06 | INFO    | holoqpi.engine.trainer |   new best composite=0.7633
02:46:06 | INFO    | holoqpi.engine.trainer | epoch 39/60 (58s = 13s train + 45s val) | train_loss=0.7202  val_phase_mae=0.1812  val_dice=0.7703  val_cls_acc=0.7402  val_mass_mape=0.2246
02:46:07 | INFO    | holoqpi.engine.trainer |   epoch 40 step 0/140 loss=0.5100
02:46:09 | INFO    | holoqpi.engine.trainer |   epoch 40 step 20/140 loss=0.5680
02:46:11 | INFO    | holoqpi.engine.trainer |   epoch 40 step 40/140 loss=0.5554
02:46:12 | INFO    | holoqpi.engine.trainer |   epoch 40 step 60/140 loss=0.7820
02:46:14 | INFO    | holoqpi.engine.trainer |   epoch 40 step 80/140 loss=0.8530
02:46:16 | INFO    | holoqpi.engine.trainer |   epoch 40 step 100/140 loss=0.6225
02:46:18 | INFO    | holoqpi.engine.trainer |   epoch 40 step 120/140 loss=0.4860
02:47:04 | INFO    | holoqpi.engine.trainer | epoch 40/60 (57s = 13s train + 45s val) | train_loss=0.6973  val_phase_mae=0.1801  val_dice=0.7708  val_cls_acc=0.7717  val_mass_mape=0.2328
02:47:04 | INFO    | holoqpi.engine.trainer |   epoch 41 step 0/140 loss=0.8415
02:47:06 | INFO    | holoqpi.engine.trainer |   epoch 41 step 20/140 loss=0.5706
02:47:08 | INFO    | holoqpi.engine.trainer |   epoch 41 step 40/140 loss=0.5557
02:47:10 | INFO    | holoqpi.engine.trainer |   epoch 41 step 60/140 loss=0.7061
02:47:11 | INFO    | holoqpi.engine.trainer |   epoch 41 step 80/140 loss=0.7110
02:47:13 | INFO    | holoqpi.engine.trainer |   epoch 41 step 100/140 loss=0.7132
02:47:15 | INFO    | holoqpi.engine.trainer |   epoch 41 step 120/140 loss=0.6425
02:48:01 | INFO    | holoqpi.engine.trainer | epoch 41/60 (58s = 13s train + 45s val) | train_loss=0.6975  val_phase_mae=0.1818  val_dice=0.7709  val_cls_acc=0.8110  val_mass_mape=0.2326
02:48:02 | INFO    | holoqpi.engine.trainer |   epoch 42 step 0/140 loss=0.5987
02:48:04 | INFO    | holoqpi.engine.trainer |   epoch 42 step 20/140 loss=0.5117
02:48:05 | INFO    | holoqpi.engine.trainer |   epoch 42 step 40/140 loss=0.4662
02:48:07 | INFO    | holoqpi.engine.trainer |   epoch 42 step 60/140 loss=0.5953
02:48:09 | INFO    | holoqpi.engine.trainer |   epoch 42 step 80/140 loss=0.5551
02:48:11 | INFO    | holoqpi.engine.trainer |   epoch 42 step 100/140 loss=0.8290
02:48:12 | INFO    | holoqpi.engine.trainer |   epoch 42 step 120/140 loss=0.7711
02:48:59 | INFO    | holoqpi.engine.trainer | epoch 42/60 (58s = 13s train + 45s val) | train_loss=0.7038  val_phase_mae=0.1808  val_dice=0.7673  val_cls_acc=0.7480  val_mass_mape=0.2349
02:49:00 | INFO    | holoqpi.engine.trainer |   epoch 43 step 0/140 loss=0.5940
02:49:01 | INFO    | holoqpi.engine.trainer |   epoch 43 step 20/140 loss=0.6833
02:49:03 | INFO    | holoqpi.engine.trainer |   epoch 43 step 40/140 loss=0.6194
02:49:05 | INFO    | holoqpi.engine.trainer |   epoch 43 step 60/140 loss=0.5134
02:49:07 | INFO    | holoqpi.engine.trainer |   epoch 43 step 80/140 loss=0.6863
02:49:08 | INFO    | holoqpi.engine.trainer |   epoch 43 step 100/140 loss=0.5830
02:49:10 | INFO    | holoqpi.engine.trainer |   epoch 43 step 120/140 loss=0.5009
02:49:57 | INFO    | holoqpi.engine.trainer |   new best composite=0.7641
02:49:57 | INFO    | holoqpi.engine.trainer | epoch 43/60 (58s = 13s train + 45s val) | train_loss=0.6824  val_phase_mae=0.1804  val_dice=0.7697  val_cls_acc=0.8189  val_mass_mape=0.2235
02:49:57 | INFO    | holoqpi.engine.trainer |   epoch 44 step 0/140 loss=0.6299
02:49:59 | INFO    | holoqpi.engine.trainer |   epoch 44 step 20/140 loss=0.5313
02:50:01 | INFO    | holoqpi.engine.trainer |   epoch 44 step 40/140 loss=0.6976
02:50:03 | INFO    | holoqpi.engine.trainer |   epoch 44 step 60/140 loss=0.5175
02:50:04 | INFO    | holoqpi.engine.trainer |   epoch 44 step 80/140 loss=0.7145
02:50:06 | INFO    | holoqpi.engine.trainer |   epoch 44 step 100/140 loss=0.6526
02:50:08 | INFO    | holoqpi.engine.trainer |   epoch 44 step 120/140 loss=0.4925
02:50:55 | INFO    | holoqpi.engine.trainer | epoch 44/60 (58s = 13s train + 45s val) | train_loss=0.6817  val_phase_mae=0.1812  val_dice=0.7670  val_cls_acc=0.7480  val_mass_mape=0.2320
02:50:55 | INFO    | holoqpi.engine.trainer |   epoch 45 step 0/140 loss=0.7883
02:50:57 | INFO    | holoqpi.engine.trainer |   epoch 45 step 20/140 loss=0.5856
02:50:59 | INFO    | holoqpi.engine.trainer |   epoch 45 step 40/140 loss=0.6316
02:51:01 | INFO    | holoqpi.engine.trainer |   epoch 45 step 60/140 loss=0.7259
02:51:02 | INFO    | holoqpi.engine.trainer |   epoch 45 step 80/140 loss=0.8985
02:51:04 | INFO    | holoqpi.engine.trainer |   epoch 45 step 100/140 loss=0.7496
02:51:06 | INFO    | holoqpi.engine.trainer |   epoch 45 step 120/140 loss=1.0153
02:51:52 | INFO    | holoqpi.engine.trainer | epoch 45/60 (58s = 13s train + 45s val) | train_loss=0.6833  val_phase_mae=0.1803  val_dice=0.7695  val_cls_acc=0.8189  val_mass_mape=0.2298
02:51:53 | INFO    | holoqpi.engine.trainer |   epoch 46 step 0/140 loss=0.5570
02:51:55 | INFO    | holoqpi.engine.trainer |   epoch 46 step 20/140 loss=0.5813
02:51:57 | INFO    | holoqpi.engine.trainer |   epoch 46 step 40/140 loss=0.8401
02:51:58 | INFO    | holoqpi.engine.trainer |   epoch 46 step 60/140 loss=0.9525
02:52:00 | INFO    | holoqpi.engine.trainer |   epoch 46 step 80/140 loss=0.5157
02:52:02 | INFO    | holoqpi.engine.trainer |   epoch 46 step 100/140 loss=0.7233
02:52:04 | INFO    | holoqpi.engine.trainer |   epoch 46 step 120/140 loss=0.7038
02:52:50 | INFO    | holoqpi.engine.trainer | epoch 46/60 (58s = 13s train + 45s val) | train_loss=0.6888  val_phase_mae=0.1792  val_dice=0.7680  val_cls_acc=0.7717  val_mass_mape=0.2269
02:52:51 | INFO    | holoqpi.engine.trainer |   epoch 47 step 0/140 loss=0.6256
02:52:52 | INFO    | holoqpi.engine.trainer |   epoch 47 step 20/140 loss=0.7354
02:52:54 | INFO    | holoqpi.engine.trainer |   epoch 47 step 40/140 loss=0.5618
02:52:56 | INFO    | holoqpi.engine.trainer |   epoch 47 step 60/140 loss=0.9137
02:52:58 | INFO    | holoqpi.engine.trainer |   epoch 47 step 80/140 loss=0.6978
02:52:59 | INFO    | holoqpi.engine.trainer |   epoch 47 step 100/140 loss=0.5700
02:53:01 | INFO    | holoqpi.engine.trainer |   epoch 47 step 120/140 loss=0.8379
02:53:47 | INFO    | holoqpi.engine.trainer | epoch 47/60 (57s = 13s train + 45s val) | train_loss=0.6744  val_phase_mae=0.1796  val_dice=0.7694  val_cls_acc=0.8346  val_mass_mape=0.2323
02:53:48 | INFO    | holoqpi.engine.trainer |   epoch 48 step 0/140 loss=0.5266
02:53:50 | INFO    | holoqpi.engine.trainer |   epoch 48 step 20/140 loss=0.5852
02:53:51 | INFO    | holoqpi.engine.trainer |   epoch 48 step 40/140 loss=0.5404
02:53:53 | INFO    | holoqpi.engine.trainer |   epoch 48 step 60/140 loss=0.5206
02:53:55 | INFO    | holoqpi.engine.trainer |   epoch 48 step 80/140 loss=0.4985
02:53:57 | INFO    | holoqpi.engine.trainer |   epoch 48 step 100/140 loss=0.6070
02:53:58 | INFO    | holoqpi.engine.trainer |   epoch 48 step 120/140 loss=0.5622
02:54:45 | INFO    | holoqpi.engine.trainer | epoch 48/60 (57s = 13s train + 45s val) | train_loss=0.6690  val_phase_mae=0.1803  val_dice=0.7676  val_cls_acc=0.7953  val_mass_mape=0.2262
02:54:45 | INFO    | holoqpi.engine.trainer |   epoch 49 step 0/140 loss=0.6826
02:54:47 | INFO    | holoqpi.engine.trainer |   epoch 49 step 20/140 loss=0.5636
02:54:49 | INFO    | holoqpi.engine.trainer |   epoch 49 step 40/140 loss=0.5054
02:54:50 | INFO    | holoqpi.engine.trainer |   epoch 49 step 60/140 loss=0.8726
02:54:52 | INFO    | holoqpi.engine.trainer |   epoch 49 step 80/140 loss=0.4438
02:54:54 | INFO    | holoqpi.engine.trainer |   epoch 49 step 100/140 loss=0.5168
02:54:56 | INFO    | holoqpi.engine.trainer |   epoch 49 step 120/140 loss=0.9584
02:55:42 | INFO    | holoqpi.engine.trainer | epoch 49/60 (58s = 13s train + 45s val) | train_loss=0.6751  val_phase_mae=0.1795  val_dice=0.7722  val_cls_acc=0.8110  val_mass_mape=0.2384
02:55:43 | INFO    | holoqpi.engine.trainer |   epoch 50 step 0/140 loss=0.6364
02:55:45 | INFO    | holoqpi.engine.trainer |   epoch 50 step 20/140 loss=0.6459
02:55:46 | INFO    | holoqpi.engine.trainer |   epoch 50 step 40/140 loss=0.5287
02:55:48 | INFO    | holoqpi.engine.trainer |   epoch 50 step 60/140 loss=0.4750
02:55:50 | INFO    | holoqpi.engine.trainer |   epoch 50 step 80/140 loss=0.5722
02:55:51 | INFO    | holoqpi.engine.trainer |   epoch 50 step 100/140 loss=0.8462
02:55:53 | INFO    | holoqpi.engine.trainer |   epoch 50 step 120/140 loss=0.5709
02:56:40 | INFO    | holoqpi.engine.trainer | epoch 50/60 (57s = 12s train + 45s val) | train_loss=0.6711  val_phase_mae=0.1792  val_dice=0.7711  val_cls_acc=0.8189  val_mass_mape=0.2262
02:56:40 | INFO    | holoqpi.engine.trainer |   epoch 51 step 0/140 loss=0.5378
02:56:42 | INFO    | holoqpi.engine.trainer |   epoch 51 step 20/140 loss=0.5201
02:56:44 | INFO    | holoqpi.engine.trainer |   epoch 51 step 40/140 loss=0.7957
02:56:45 | INFO    | holoqpi.engine.trainer |   epoch 51 step 60/140 loss=0.6536
02:56:47 | INFO    | holoqpi.engine.trainer |   epoch 51 step 80/140 loss=0.5560
02:56:49 | INFO    | holoqpi.engine.trainer |   epoch 51 step 100/140 loss=1.0662
02:56:50 | INFO    | holoqpi.engine.trainer |   epoch 51 step 120/140 loss=0.5768
02:57:37 | INFO    | holoqpi.engine.trainer | epoch 51/60 (57s = 12s train + 45s val) | train_loss=0.6704  val_phase_mae=0.1796  val_dice=0.7696  val_cls_acc=0.8031  val_mass_mape=0.2282
02:57:37 | INFO    | holoqpi.engine.trainer |   epoch 52 step 0/140 loss=0.5578
02:57:39 | INFO    | holoqpi.engine.trainer |   epoch 52 step 20/140 loss=1.0878
02:57:41 | INFO    | holoqpi.engine.trainer |   epoch 52 step 40/140 loss=0.8760
02:57:42 | INFO    | holoqpi.engine.trainer |   epoch 52 step 60/140 loss=0.5240
02:57:44 | INFO    | holoqpi.engine.trainer |   epoch 52 step 80/140 loss=0.6733
02:57:46 | INFO    | holoqpi.engine.trainer |   epoch 52 step 100/140 loss=0.6200
02:57:48 | INFO    | holoqpi.engine.trainer |   epoch 52 step 120/140 loss=0.7718
02:58:34 | INFO    | holoqpi.engine.trainer | epoch 52/60 (58s = 12s train + 45s val) | train_loss=0.6686  val_phase_mae=0.1797  val_dice=0.7699  val_cls_acc=0.7795  val_mass_mape=0.2295
02:58:35 | INFO    | holoqpi.engine.trainer |   epoch 53 step 0/140 loss=1.0525
02:58:37 | INFO    | holoqpi.engine.trainer |   epoch 53 step 20/140 loss=1.0983
02:58:38 | INFO    | holoqpi.engine.trainer |   epoch 53 step 40/140 loss=0.5974
02:58:40 | INFO    | holoqpi.engine.trainer |   epoch 53 step 60/140 loss=0.7496
02:58:42 | INFO    | holoqpi.engine.trainer |   epoch 53 step 80/140 loss=0.4330
02:58:43 | INFO    | holoqpi.engine.trainer |   epoch 53 step 100/140 loss=0.5301
02:58:45 | INFO    | holoqpi.engine.trainer |   epoch 53 step 120/140 loss=0.5477
02:59:32 | INFO    | holoqpi.engine.trainer | epoch 53/60 (57s = 12s train + 45s val) | train_loss=0.6598  val_phase_mae=0.1793  val_dice=0.7714  val_cls_acc=0.7795  val_mass_mape=0.2274
02:59:32 | INFO    | holoqpi.engine.trainer |   epoch 54 step 0/140 loss=0.4372
02:59:34 | INFO    | holoqpi.engine.trainer |   epoch 54 step 20/140 loss=0.9675
02:59:35 | INFO    | holoqpi.engine.trainer |   epoch 54 step 40/140 loss=0.6641
02:59:37 | INFO    | holoqpi.engine.trainer |   epoch 54 step 60/140 loss=0.4794
02:59:39 | INFO    | holoqpi.engine.trainer |   epoch 54 step 80/140 loss=0.4531
02:59:41 | INFO    | holoqpi.engine.trainer |   epoch 54 step 100/140 loss=0.8903
02:59:42 | INFO    | holoqpi.engine.trainer |   epoch 54 step 120/140 loss=1.1997
03:00:29 | INFO    | holoqpi.engine.trainer | epoch 54/60 (57s = 12s train + 45s val) | train_loss=0.6535  val_phase_mae=0.1796  val_dice=0.7702  val_cls_acc=0.8425  val_mass_mape=0.2278
03:00:29 | INFO    | holoqpi.engine.trainer |   epoch 55 step 0/140 loss=0.5129
03:00:31 | INFO    | holoqpi.engine.trainer |   epoch 55 step 20/140 loss=0.4897
03:00:33 | INFO    | holoqpi.engine.trainer |   epoch 55 step 40/140 loss=0.5797
03:00:34 | INFO    | holoqpi.engine.trainer |   epoch 55 step 60/140 loss=0.8525
03:00:36 | INFO    | holoqpi.engine.trainer |   epoch 55 step 80/140 loss=0.8070
03:00:38 | INFO    | holoqpi.engine.trainer |   epoch 55 step 100/140 loss=0.7233
03:00:39 | INFO    | holoqpi.engine.trainer |   epoch 55 step 120/140 loss=0.5713
03:01:26 | INFO    | holoqpi.engine.trainer | epoch 55/60 (57s = 12s train + 45s val) | train_loss=0.6697  val_phase_mae=0.1795  val_dice=0.7699  val_cls_acc=0.8504  val_mass_mape=0.2271
03:01:26 | INFO    | holoqpi.engine.trainer |   epoch 56 step 0/140 loss=0.6042
03:01:28 | INFO    | holoqpi.engine.trainer |   epoch 56 step 20/140 loss=0.7093
03:01:30 | INFO    | holoqpi.engine.trainer |   epoch 56 step 40/140 loss=0.5854
03:01:32 | INFO    | holoqpi.engine.trainer |   epoch 56 step 60/140 loss=0.5720
03:01:33 | INFO    | holoqpi.engine.trainer |   epoch 56 step 80/140 loss=0.7107
03:01:35 | INFO    | holoqpi.engine.trainer |   epoch 56 step 100/140 loss=0.5755
03:01:37 | INFO    | holoqpi.engine.trainer |   epoch 56 step 120/140 loss=0.5301
03:02:24 | INFO    | holoqpi.engine.trainer | epoch 56/60 (58s = 12s train + 45s val) | train_loss=0.6595  val_phase_mae=0.1801  val_dice=0.7711  val_cls_acc=0.8425  val_mass_mape=0.2344
03:02:24 | INFO    | holoqpi.engine.trainer |   epoch 57 step 0/140 loss=0.7404
03:02:26 | INFO    | holoqpi.engine.trainer |   epoch 57 step 20/140 loss=0.5987
03:02:28 | INFO    | holoqpi.engine.trainer |   epoch 57 step 40/140 loss=0.5760
03:02:29 | INFO    | holoqpi.engine.trainer |   epoch 57 step 60/140 loss=0.5243
03:02:31 | INFO    | holoqpi.engine.trainer |   epoch 57 step 80/140 loss=0.5493
03:02:33 | INFO    | holoqpi.engine.trainer |   epoch 57 step 100/140 loss=0.6528
03:02:34 | INFO    | holoqpi.engine.trainer |   epoch 57 step 120/140 loss=0.5287
03:03:21 | INFO    | holoqpi.engine.trainer | epoch 57/60 (57s = 12s train + 45s val) | train_loss=0.6563  val_phase_mae=0.1791  val_dice=0.7709  val_cls_acc=0.8268  val_mass_mape=0.2241
03:03:21 | INFO    | holoqpi.engine.trainer |   epoch 58 step 0/140 loss=0.7435
03:03:23 | INFO    | holoqpi.engine.trainer |   epoch 58 step 20/140 loss=0.5112
03:03:25 | INFO    | holoqpi.engine.trainer |   epoch 58 step 40/140 loss=0.5053
03:03:26 | INFO    | holoqpi.engine.trainer |   epoch 58 step 60/140 loss=0.5488
03:03:28 | INFO    | holoqpi.engine.trainer |   epoch 58 step 80/140 loss=0.5351
03:03:30 | INFO    | holoqpi.engine.trainer |   epoch 58 step 100/140 loss=0.5368
03:03:32 | INFO    | holoqpi.engine.trainer |   epoch 58 step 120/140 loss=0.9787
03:04:18 | INFO    | holoqpi.engine.trainer | epoch 58/60 (57s = 12s train + 45s val) | train_loss=0.6486  val_phase_mae=0.1793  val_dice=0.7714  val_cls_acc=0.8504  val_mass_mape=0.2296
03:04:19 | INFO    | holoqpi.engine.trainer |   epoch 59 step 0/140 loss=0.6514
03:04:20 | INFO    | holoqpi.engine.trainer |   epoch 59 step 20/140 loss=0.9440
03:04:22 | INFO    | holoqpi.engine.trainer |   epoch 59 step 40/140 loss=1.1272
03:04:24 | INFO    | holoqpi.engine.trainer |   epoch 59 step 60/140 loss=0.6253
03:04:26 | INFO    | holoqpi.engine.trainer |   epoch 59 step 80/140 loss=0.5126
03:04:27 | INFO    | holoqpi.engine.trainer |   epoch 59 step 100/140 loss=0.6059
03:04:29 | INFO    | holoqpi.engine.trainer |   epoch 59 step 120/140 loss=1.1372
03:05:16 | INFO    | holoqpi.engine.trainer | epoch 59/60 (57s = 12s train + 45s val) | train_loss=0.6526  val_phase_mae=0.1791  val_dice=0.7715  val_cls_acc=0.8583  val_mass_mape=0.2311
03:05:16 | INFO    | holoqpi.engine.trainer |   epoch 60 step 0/140 loss=0.5100
03:05:18 | INFO    | holoqpi.engine.trainer |   epoch 60 step 20/140 loss=0.5987
03:05:19 | INFO    | holoqpi.engine.trainer |   epoch 60 step 40/140 loss=0.5473
03:05:21 | INFO    | holoqpi.engine.trainer |   epoch 60 step 60/140 loss=0.5454
03:05:23 | INFO    | holoqpi.engine.trainer |   epoch 60 step 80/140 loss=0.5470
03:05:25 | INFO    | holoqpi.engine.trainer |   epoch 60 step 100/140 loss=0.6403
03:05:26 | INFO    | holoqpi.engine.trainer |   epoch 60 step 120/140 loss=0.8079
03:06:13 | INFO    | holoqpi.engine.trainer | epoch 60/60 (57s = 12s train + 45s val) | train_loss=0.6503  val_phase_mae=0.1792  val_dice=0.7715  val_cls_acc=0.8268  val_mass_mape=0.2291
03:06:13 | INFO    | holoqpi.engine.trainer | training finished; best epoch 43 (composite=0.7641)
03:06:13 | INFO    | holoqpi.engine.trainer | checkpoint best_model.pt: 446/446 tensors matched
03:06:54 | INFO    | holoqpi.engine.compare | modality=gabor test metrics written to runs/no_measurement_s1337_gabor
03:06:54 | INFO    | holoqpi.engine.compare | comparison table written to runs/no_measurement_s1337_modality_comparison.csv
