23:04:40 | INFO    | holoqpi.engine.compare | ======================================================================
23:04:40 | INFO    | holoqpi.engine.compare | modality=off_axis  device=cuda  run_dir=runs/physics_coupling_only_s1337_off_axis
23:04:40 | INFO    | holoqpi.engine.compare | ======================================================================
23:04:40 | INFO    | holoqpi.data.dataset | train split: 560 samples | modality=off_axis | crop=512 | augment=True
23:04:40 | INFO    | holoqpi.data.dataset | val split: 127 samples | modality=off_axis | crop=None | augment=False
23:04:40 | INFO    | holoqpi.data.dataset | test split: 113 samples | modality=off_axis | crop=None | augment=False
23:04:41 | INFO    | holoqpi.models.encoders | encoder=mobilenet_v2 in_channels=1 pretrained=True stages=[16, 24, 32, 96, 1280]
23:04:41 | INFO    | holoqpi.models.holonet | HoloQPINet built: 9.76M parameters, 9.76M trainable (100.0%)
23:04:42 | INFO    | holoqpi.engine.trainer | trainable 9.76M / 9.76M parameters (100.0%)
23:04:42 | INFO    | holoqpi.engine.trainer | active physics terms: ['phase_mask_contrast', 'boundary_gradient_alignment', 'phase_volume', 'dry_mass_consistency', 'projected_area_consistency']
23:04:48 | INFO    | holoqpi.engine.trainer |   epoch 1 step 0/140 loss=2.1931
23:04:49 | INFO    | holoqpi.engine.trainer |   epoch 1 step 20/140 loss=2.0691
23:04:51 | INFO    | holoqpi.engine.trainer |   epoch 1 step 40/140 loss=1.7984
23:04:53 | INFO    | holoqpi.engine.trainer |   epoch 1 step 60/140 loss=1.5917
23:04:55 | INFO    | holoqpi.engine.trainer |   epoch 1 step 80/140 loss=1.5692
23:04:57 | INFO    | holoqpi.engine.trainer |   epoch 1 step 100/140 loss=1.4529
23:04:59 | INFO    | holoqpi.engine.trainer |   epoch 1 step 120/140 loss=1.3581
23:05:55 | INFO    | holoqpi.engine.trainer |   new best composite=0.6204
23:05:55 | INFO    | holoqpi.engine.trainer | epoch 1/60 (73s = 18s train + 54s val) | train_loss=1.6585  val_phase_mae=0.2662  val_dice=0.6207  val_cls_acc=0.2441  val_mass_mape=0.2818
23:05:55 | INFO    | holoqpi.engine.trainer |   at this rate the full 60-epoch schedule takes about 73 min
23:05:55 | INFO    | holoqpi.engine.trainer |   epoch 2 step 0/140 loss=1.2944
23:05:57 | INFO    | holoqpi.engine.trainer |   epoch 2 step 20/140 loss=1.4643
23:05:59 | INFO    | holoqpi.engine.trainer |   epoch 2 step 40/140 loss=1.1134
23:06:01 | INFO    | holoqpi.engine.trainer |   epoch 2 step 60/140 loss=1.2423
23:06:03 | INFO    | holoqpi.engine.trainer |   epoch 2 step 80/140 loss=0.9696
23:06:05 | INFO    | holoqpi.engine.trainer |   epoch 2 step 100/140 loss=1.0597
23:06:07 | INFO    | holoqpi.engine.trainer |   epoch 2 step 120/140 loss=1.2555
23:06:56 | INFO    | holoqpi.engine.trainer |   new best composite=0.7220
23:06:56 | INFO    | holoqpi.engine.trainer | epoch 2/60 (61s = 14s train + 47s val) | train_loss=1.1407  val_phase_mae=0.2148  val_dice=0.7411  val_cls_acc=0.2992  val_mass_mape=0.2877
23:06:57 | INFO    | holoqpi.engine.trainer |   epoch 3 step 0/140 loss=0.9136
23:06:59 | INFO    | holoqpi.engine.trainer |   epoch 3 step 20/140 loss=0.9996
23:07:01 | INFO    | holoqpi.engine.trainer |   epoch 3 step 40/140 loss=0.9417
23:07:02 | INFO    | holoqpi.engine.trainer |   epoch 3 step 60/140 loss=1.0228
23:07:04 | INFO    | holoqpi.engine.trainer |   epoch 3 step 80/140 loss=0.8084
23:07:06 | INFO    | holoqpi.engine.trainer |   epoch 3 step 100/140 loss=0.8606
23:07:08 | INFO    | holoqpi.engine.trainer |   epoch 3 step 120/140 loss=0.8378
23:07:56 | INFO    | holoqpi.engine.trainer |   new best composite=0.7434
23:07:56 | INFO    | holoqpi.engine.trainer | epoch 3/60 (59s = 13s train + 46s val) | train_loss=0.9388  val_phase_mae=0.2017  val_dice=0.7642  val_cls_acc=0.2677  val_mass_mape=0.2833
23:07:56 | INFO    | holoqpi.engine.trainer |   epoch 4 step 0/140 loss=0.9867
23:07:58 | INFO    | holoqpi.engine.trainer |   epoch 4 step 20/140 loss=0.9417
23:08:00 | INFO    | holoqpi.engine.trainer |   epoch 4 step 40/140 loss=1.0015
23:08:02 | INFO    | holoqpi.engine.trainer |   epoch 4 step 60/140 loss=0.8012
23:08:04 | INFO    | holoqpi.engine.trainer |   epoch 4 step 80/140 loss=0.7877
23:08:05 | INFO    | holoqpi.engine.trainer |   epoch 4 step 100/140 loss=0.8514
23:08:07 | INFO    | holoqpi.engine.trainer |   epoch 4 step 120/140 loss=0.9966
23:08:56 | INFO    | holoqpi.engine.trainer |   new best composite=0.7561
23:08:56 | INFO    | holoqpi.engine.trainer | epoch 4/60 (59s = 13s train + 46s val) | train_loss=0.8757  val_phase_mae=0.1948  val_dice=0.7742  val_cls_acc=0.3228  val_mass_mape=0.2570
23:08:56 | INFO    | holoqpi.engine.trainer |   epoch 5 step 0/140 loss=0.9696
23:08:58 | INFO    | holoqpi.engine.trainer |   epoch 5 step 20/140 loss=0.8768
23:09:00 | INFO    | holoqpi.engine.trainer |   epoch 5 step 40/140 loss=0.7189
23:09:01 | INFO    | holoqpi.engine.trainer |   epoch 5 step 60/140 loss=0.7783
23:09:03 | INFO    | holoqpi.engine.trainer |   epoch 5 step 80/140 loss=0.7940
23:09:05 | INFO    | holoqpi.engine.trainer |   epoch 5 step 100/140 loss=0.8339
23:09:07 | INFO    | holoqpi.engine.trainer |   epoch 5 step 120/140 loss=0.7445
23:09:55 | INFO    | holoqpi.engine.trainer |   new best composite=0.7701
23:09:55 | INFO    | holoqpi.engine.trainer | epoch 5/60 (59s = 13s train + 46s val) | train_loss=0.8375  val_phase_mae=0.1818  val_dice=0.7805  val_cls_acc=0.3701  val_mass_mape=0.2286
23:09:55 | INFO    | holoqpi.engine.trainer |   epoch 6 step 0/140 loss=0.7168
23:09:57 | INFO    | holoqpi.engine.trainer |   epoch 6 step 20/140 loss=0.7381
23:09:59 | INFO    | holoqpi.engine.trainer |   epoch 6 step 40/140 loss=0.6934
23:10:01 | INFO    | holoqpi.engine.trainer |   epoch 6 step 60/140 loss=0.6727
23:10:03 | INFO    | holoqpi.engine.trainer |   epoch 6 step 80/140 loss=0.7588
23:10:04 | INFO    | holoqpi.engine.trainer |   epoch 6 step 100/140 loss=0.9461
23:10:06 | INFO    | holoqpi.engine.trainer |   epoch 6 step 120/140 loss=0.8007
23:10:55 | INFO    | holoqpi.engine.trainer | epoch 6/60 (60s = 13s train + 47s val) | train_loss=0.7966  val_phase_mae=0.1965  val_dice=0.7946  val_cls_acc=0.3780  val_mass_mape=0.2958
23:10:55 | INFO    | holoqpi.engine.trainer |   epoch 7 step 0/140 loss=1.0306
23:10:57 | INFO    | holoqpi.engine.trainer |   epoch 7 step 20/140 loss=0.8174
23:10:59 | INFO    | holoqpi.engine.trainer |   epoch 7 step 40/140 loss=0.7293
23:11:00 | INFO    | holoqpi.engine.trainer |   epoch 7 step 60/140 loss=0.6650
23:11:02 | INFO    | holoqpi.engine.trainer |   epoch 7 step 80/140 loss=0.8014
23:11:04 | INFO    | holoqpi.engine.trainer |   epoch 7 step 100/140 loss=0.7780
23:11:06 | INFO    | holoqpi.engine.trainer |   epoch 7 step 120/140 loss=0.7780
23:11:54 | INFO    | holoqpi.engine.trainer | epoch 7/60 (60s = 13s train + 47s val) | train_loss=0.7782  val_phase_mae=0.1961  val_dice=0.7806  val_cls_acc=0.3543  val_mass_mape=0.3589
23:11:55 | INFO    | holoqpi.engine.trainer |   epoch 8 step 0/140 loss=0.7307
23:11:56 | INFO    | holoqpi.engine.trainer |   epoch 8 step 20/140 loss=0.7014
23:11:58 | INFO    | holoqpi.engine.trainer |   epoch 8 step 40/140 loss=0.6201
23:12:00 | INFO    | holoqpi.engine.trainer |   epoch 8 step 60/140 loss=0.8254
23:12:02 | INFO    | holoqpi.engine.trainer |   epoch 8 step 80/140 loss=0.7508
23:12:03 | INFO    | holoqpi.engine.trainer |   epoch 8 step 100/140 loss=0.6716
23:12:05 | INFO    | holoqpi.engine.trainer |   epoch 8 step 120/140 loss=0.6000
23:12:54 | INFO    | holoqpi.engine.trainer |   new best composite=0.7805
23:12:54 | INFO    | holoqpi.engine.trainer | epoch 8/60 (60s = 13s train + 47s val) | train_loss=0.7673  val_phase_mae=0.1808  val_dice=0.7981  val_cls_acc=0.4016  val_mass_mape=0.2383
23:12:55 | INFO    | holoqpi.engine.trainer |   epoch 9 step 0/140 loss=0.6165
23:12:56 | INFO    | holoqpi.engine.trainer |   epoch 9 step 20/140 loss=0.7431
23:12:58 | INFO    | holoqpi.engine.trainer |   epoch 9 step 40/140 loss=0.6957
23:13:00 | INFO    | holoqpi.engine.trainer |   epoch 9 step 60/140 loss=0.8222
23:13:02 | INFO    | holoqpi.engine.trainer |   epoch 9 step 80/140 loss=0.7183
23:13:03 | INFO    | holoqpi.engine.trainer |   epoch 9 step 100/140 loss=0.7261
23:13:05 | INFO    | holoqpi.engine.trainer |   epoch 9 step 120/140 loss=0.6480
23:13:54 | INFO    | holoqpi.engine.trainer |   new best composite=0.7846
23:13:54 | INFO    | holoqpi.engine.trainer | epoch 9/60 (59s = 13s train + 47s val) | train_loss=0.7527  val_phase_mae=0.1806  val_dice=0.7997  val_cls_acc=0.3701  val_mass_mape=0.2275
23:13:54 | INFO    | holoqpi.engine.trainer |   epoch 10 step 0/140 loss=0.6787
23:13:56 | INFO    | holoqpi.engine.trainer |   epoch 10 step 20/140 loss=0.7322
23:13:58 | INFO    | holoqpi.engine.trainer |   epoch 10 step 40/140 loss=1.0908
23:13:59 | INFO    | holoqpi.engine.trainer |   epoch 10 step 60/140 loss=0.8823
23:14:01 | INFO    | holoqpi.engine.trainer |   epoch 10 step 80/140 loss=0.7634
23:14:03 | INFO    | holoqpi.engine.trainer |   epoch 10 step 100/140 loss=0.6997
23:14:05 | INFO    | holoqpi.engine.trainer |   epoch 10 step 120/140 loss=0.6335
23:14:54 | INFO    | holoqpi.engine.trainer |   new best composite=0.7855
23:14:54 | INFO    | holoqpi.engine.trainer | epoch 10/60 (60s = 13s train + 47s val) | train_loss=0.7422  val_phase_mae=0.1802  val_dice=0.8003  val_cls_acc=0.3858  val_mass_mape=0.2175
23:14:54 | INFO    | holoqpi.engine.trainer |   epoch 11 step 0/140 loss=0.7240
23:14:56 | INFO    | holoqpi.engine.trainer |   epoch 11 step 20/140 loss=0.7901
23:14:58 | INFO    | holoqpi.engine.trainer |   epoch 11 step 40/140 loss=0.6240
23:15:00 | INFO    | holoqpi.engine.trainer |   epoch 11 step 60/140 loss=0.6344
23:15:01 | INFO    | holoqpi.engine.trainer |   epoch 11 step 80/140 loss=0.9018
23:15:03 | INFO    | holoqpi.engine.trainer |   epoch 11 step 100/140 loss=0.8613
23:15:05 | INFO    | holoqpi.engine.trainer |   epoch 11 step 120/140 loss=0.9225
23:15:53 | INFO    | holoqpi.engine.trainer | epoch 11/60 (60s = 13s train + 47s val) | train_loss=0.7280  val_phase_mae=0.1812  val_dice=0.7997  val_cls_acc=0.3937  val_mass_mape=0.2254
23:15:54 | INFO    | holoqpi.engine.trainer |   epoch 12 step 0/140 loss=0.8802
23:15:55 | INFO    | holoqpi.engine.trainer |   epoch 12 step 20/140 loss=0.6512
23:15:57 | INFO    | holoqpi.engine.trainer |   epoch 12 step 40/140 loss=0.6971
23:15:59 | INFO    | holoqpi.engine.trainer |   epoch 12 step 60/140 loss=0.7228
23:16:01 | INFO    | holoqpi.engine.trainer |   epoch 12 step 80/140 loss=0.6052
23:16:03 | INFO    | holoqpi.engine.trainer |   epoch 12 step 100/140 loss=0.6203
23:16:04 | INFO    | holoqpi.engine.trainer |   epoch 12 step 120/140 loss=0.7206
23:16:53 | INFO    | holoqpi.engine.trainer |   new best composite=0.7856
23:16:53 | INFO    | holoqpi.engine.trainer | epoch 12/60 (60s = 13s train + 47s val) | train_loss=0.7125  val_phase_mae=0.1777  val_dice=0.8104  val_cls_acc=0.4882  val_mass_mape=0.2450
23:16:54 | INFO    | holoqpi.engine.trainer |   epoch 13 step 0/140 loss=0.8870
23:16:56 | INFO    | holoqpi.engine.trainer |   epoch 13 step 20/140 loss=0.8994
23:16:57 | INFO    | holoqpi.engine.trainer |   epoch 13 step 40/140 loss=0.6936
23:16:59 | INFO    | holoqpi.engine.trainer |   epoch 13 step 60/140 loss=0.6333
23:17:01 | INFO    | holoqpi.engine.trainer |   epoch 13 step 80/140 loss=0.5977
23:17:03 | INFO    | holoqpi.engine.trainer |   epoch 13 step 100/140 loss=0.7407
23:17:05 | INFO    | holoqpi.engine.trainer |   epoch 13 step 120/140 loss=0.7419
23:17:53 | INFO    | holoqpi.engine.trainer | epoch 13/60 (60s = 13s train + 47s val) | train_loss=0.7029  val_phase_mae=0.1854  val_dice=0.8011  val_cls_acc=0.3937  val_mass_mape=0.2433
23:17:53 | INFO    | holoqpi.engine.trainer |   epoch 14 step 0/140 loss=0.6790
23:17:55 | INFO    | holoqpi.engine.trainer |   epoch 14 step 20/140 loss=0.5703
23:17:57 | INFO    | holoqpi.engine.trainer |   epoch 14 step 40/140 loss=0.7553
23:17:59 | INFO    | holoqpi.engine.trainer |   epoch 14 step 60/140 loss=0.8469
23:18:00 | INFO    | holoqpi.engine.trainer |   epoch 14 step 80/140 loss=0.7480
23:18:02 | INFO    | holoqpi.engine.trainer |   epoch 14 step 100/140 loss=0.7858
23:18:04 | INFO    | holoqpi.engine.trainer |   epoch 14 step 120/140 loss=0.6484
23:18:53 | INFO    | holoqpi.engine.trainer |   new best composite=0.7921
23:18:53 | INFO    | holoqpi.engine.trainer | epoch 14/60 (60s = 13s train + 47s val) | train_loss=0.6979  val_phase_mae=0.1765  val_dice=0.8068  val_cls_acc=0.4331  val_mass_mape=0.2122
23:18:53 | INFO    | holoqpi.engine.trainer |   epoch 15 step 0/140 loss=0.5838
23:18:55 | INFO    | holoqpi.engine.trainer |   epoch 15 step 20/140 loss=0.6900
23:18:57 | INFO    | holoqpi.engine.trainer |   epoch 15 step 40/140 loss=0.7774
23:18:58 | INFO    | holoqpi.engine.trainer |   epoch 15 step 60/140 loss=0.7947
23:19:00 | INFO    | holoqpi.engine.trainer |   epoch 15 step 80/140 loss=0.6819
23:19:02 | INFO    | holoqpi.engine.trainer |   epoch 15 step 100/140 loss=0.6839
23:19:04 | INFO    | holoqpi.engine.trainer |   epoch 15 step 120/140 loss=0.6568
23:19:53 | INFO    | holoqpi.engine.trainer | epoch 15/60 (60s = 13s train + 47s val) | train_loss=0.6847  val_phase_mae=0.1768  val_dice=0.8123  val_cls_acc=0.5354  val_mass_mape=0.2380
23:19:53 | INFO    | holoqpi.engine.trainer |   epoch 16 step 0/140 loss=0.7633
23:19:55 | INFO    | holoqpi.engine.trainer |   epoch 16 step 20/140 loss=0.6758
23:19:57 | INFO    | holoqpi.engine.trainer |   epoch 16 step 40/140 loss=0.5567
23:19:58 | INFO    | holoqpi.engine.trainer |   epoch 16 step 60/140 loss=0.7290
23:20:00 | INFO    | holoqpi.engine.trainer |   epoch 16 step 80/140 loss=0.8830
23:20:02 | INFO    | holoqpi.engine.trainer |   epoch 16 step 100/140 loss=0.6430
23:20:04 | INFO    | holoqpi.engine.trainer |   epoch 16 step 120/140 loss=0.5654
23:20:52 | INFO    | holoqpi.engine.trainer | epoch 16/60 (60s = 13s train + 47s val) | train_loss=0.6887  val_phase_mae=0.1819  val_dice=0.8098  val_cls_acc=0.4252  val_mass_mape=0.2360
23:20:53 | INFO    | holoqpi.engine.trainer |   epoch 17 step 0/140 loss=0.7139
23:20:54 | INFO    | holoqpi.engine.trainer |   epoch 17 step 20/140 loss=0.6745
23:20:56 | INFO    | holoqpi.engine.trainer |   epoch 17 step 40/140 loss=0.6534
23:20:58 | INFO    | holoqpi.engine.trainer |   epoch 17 step 60/140 loss=0.5490
23:21:00 | INFO    | holoqpi.engine.trainer |   epoch 17 step 80/140 loss=0.8553
23:21:02 | INFO    | holoqpi.engine.trainer |   epoch 17 step 100/140 loss=0.5564
23:21:03 | INFO    | holoqpi.engine.trainer |   epoch 17 step 120/140 loss=0.6229
23:21:52 | INFO    | holoqpi.engine.trainer |   new best composite=0.7999
23:21:52 | INFO    | holoqpi.engine.trainer | epoch 17/60 (59s = 13s train + 46s val) | train_loss=0.6726  val_phase_mae=0.1786  val_dice=0.8077  val_cls_acc=0.4803  val_mass_mape=0.1897
23:21:52 | INFO    | holoqpi.engine.trainer |   epoch 18 step 0/140 loss=0.6714
23:21:54 | INFO    | holoqpi.engine.trainer |   epoch 18 step 20/140 loss=0.7883
23:21:56 | INFO    | holoqpi.engine.trainer |   epoch 18 step 40/140 loss=0.9273
23:21:57 | INFO    | holoqpi.engine.trainer |   epoch 18 step 60/140 loss=0.6431
23:21:59 | INFO    | holoqpi.engine.trainer |   epoch 18 step 80/140 loss=0.5607
23:22:01 | INFO    | holoqpi.engine.trainer |   epoch 18 step 100/140 loss=0.7433
23:22:03 | INFO    | holoqpi.engine.trainer |   epoch 18 step 120/140 loss=0.6321
23:22:51 | INFO    | holoqpi.engine.trainer | epoch 18/60 (59s = 13s train + 47s val) | train_loss=0.6783  val_phase_mae=0.1765  val_dice=0.8075  val_cls_acc=0.4331  val_mass_mape=0.2165
23:22:52 | INFO    | holoqpi.engine.trainer |   epoch 19 step 0/140 loss=0.6139
23:22:53 | INFO    | holoqpi.engine.trainer |   epoch 19 step 20/140 loss=0.5876
23:22:55 | INFO    | holoqpi.engine.trainer |   epoch 19 step 40/140 loss=0.6308
23:22:57 | INFO    | holoqpi.engine.trainer |   epoch 19 step 60/140 loss=0.6119
23:22:59 | INFO    | holoqpi.engine.trainer |   epoch 19 step 80/140 loss=0.6077
23:23:01 | INFO    | holoqpi.engine.trainer |   epoch 19 step 100/140 loss=0.7900
23:23:02 | INFO    | holoqpi.engine.trainer |   epoch 19 step 120/140 loss=0.6143
23:23:51 | INFO    | holoqpi.engine.trainer | epoch 19/60 (60s = 13s train + 47s val) | train_loss=0.6567  val_phase_mae=0.1760  val_dice=0.8128  val_cls_acc=0.5748  val_mass_mape=0.2266
23:23:51 | INFO    | holoqpi.engine.trainer |   epoch 20 step 0/140 loss=0.5635
23:23:53 | INFO    | holoqpi.engine.trainer |   epoch 20 step 20/140 loss=0.6160
23:23:55 | INFO    | holoqpi.engine.trainer |   epoch 20 step 40/140 loss=0.5398
23:23:57 | INFO    | holoqpi.engine.trainer |   epoch 20 step 60/140 loss=0.6578
23:23:59 | INFO    | holoqpi.engine.trainer |   epoch 20 step 80/140 loss=0.6097
23:24:00 | INFO    | holoqpi.engine.trainer |   epoch 20 step 100/140 loss=0.6427
23:24:02 | INFO    | holoqpi.engine.trainer |   epoch 20 step 120/140 loss=0.7115
23:24:51 | INFO    | holoqpi.engine.trainer |   new best composite=0.8006
23:24:51 | INFO    | holoqpi.engine.trainer | epoch 20/60 (60s = 13s train + 47s val) | train_loss=0.6749  val_phase_mae=0.1745  val_dice=0.8163  val_cls_acc=0.4173  val_mass_mape=0.2072
23:24:52 | INFO    | holoqpi.engine.trainer |   epoch 21 step 0/140 loss=0.5494
23:24:54 | INFO    | holoqpi.engine.trainer |   epoch 21 step 20/140 loss=0.6005
23:24:55 | INFO    | holoqpi.engine.trainer |   epoch 21 step 40/140 loss=0.7575
23:24:57 | INFO    | holoqpi.engine.trainer |   epoch 21 step 60/140 loss=0.5160
23:24:59 | INFO    | holoqpi.engine.trainer |   epoch 21 step 80/140 loss=0.5469
23:25:01 | INFO    | holoqpi.engine.trainer |   epoch 21 step 100/140 loss=0.8282
23:25:03 | INFO    | holoqpi.engine.trainer |   epoch 21 step 120/140 loss=0.5766
23:25:51 | INFO    | holoqpi.engine.trainer | epoch 21/60 (60s = 13s train + 47s val) | train_loss=0.6433  val_phase_mae=0.1693  val_dice=0.8135  val_cls_acc=0.6142  val_mass_mape=0.2150
23:25:52 | INFO    | holoqpi.engine.trainer |   epoch 22 step 0/140 loss=0.5597
23:25:53 | INFO    | holoqpi.engine.trainer |   epoch 22 step 20/140 loss=0.7531
23:25:55 | INFO    | holoqpi.engine.trainer |   epoch 22 step 40/140 loss=0.6194
23:25:57 | INFO    | holoqpi.engine.trainer |   epoch 22 step 60/140 loss=0.7140
23:25:59 | INFO    | holoqpi.engine.trainer |   epoch 22 step 80/140 loss=0.5690
23:26:00 | INFO    | holoqpi.engine.trainer |   epoch 22 step 100/140 loss=0.5703
23:26:02 | INFO    | holoqpi.engine.trainer |   epoch 22 step 120/140 loss=0.6528
23:26:51 | INFO    | holoqpi.engine.trainer | epoch 22/60 (60s = 13s train + 47s val) | train_loss=0.6414  val_phase_mae=0.1762  val_dice=0.8154  val_cls_acc=0.6614  val_mass_mape=0.2369
23:26:51 | INFO    | holoqpi.engine.trainer |   epoch 23 step 0/140 loss=0.6663
23:26:53 | INFO    | holoqpi.engine.trainer |   epoch 23 step 20/140 loss=0.5967
23:26:55 | INFO    | holoqpi.engine.trainer |   epoch 23 step 40/140 loss=0.5913
23:26:57 | INFO    | holoqpi.engine.trainer |   epoch 23 step 60/140 loss=0.4796
23:26:59 | INFO    | holoqpi.engine.trainer |   epoch 23 step 80/140 loss=0.5346
23:27:00 | INFO    | holoqpi.engine.trainer |   epoch 23 step 100/140 loss=0.6218
23:27:02 | INFO    | holoqpi.engine.trainer |   epoch 23 step 120/140 loss=0.7141
23:27:51 | INFO    | holoqpi.engine.trainer | epoch 23/60 (60s = 13s train + 47s val) | train_loss=0.6305  val_phase_mae=0.1750  val_dice=0.8123  val_cls_acc=0.5433  val_mass_mape=0.2317
23:27:51 | INFO    | holoqpi.engine.trainer |   epoch 24 step 0/140 loss=0.6736
23:27:53 | INFO    | holoqpi.engine.trainer |   epoch 24 step 20/140 loss=0.7182
23:27:55 | INFO    | holoqpi.engine.trainer |   epoch 24 step 40/140 loss=0.6522
23:27:57 | INFO    | holoqpi.engine.trainer |   epoch 24 step 60/140 loss=0.6184
23:27:59 | INFO    | holoqpi.engine.trainer |   epoch 24 step 80/140 loss=0.5644
23:28:00 | INFO    | holoqpi.engine.trainer |   epoch 24 step 100/140 loss=0.8352
23:28:02 | INFO    | holoqpi.engine.trainer |   epoch 24 step 120/140 loss=0.6669
23:28:51 | INFO    | holoqpi.engine.trainer | epoch 24/60 (60s = 13s train + 47s val) | train_loss=0.6313  val_phase_mae=0.1786  val_dice=0.8171  val_cls_acc=0.5669  val_mass_mape=0.2293
23:28:51 | INFO    | holoqpi.engine.trainer |   epoch 25 step 0/140 loss=0.5852
23:28:53 | INFO    | holoqpi.engine.trainer |   epoch 25 step 20/140 loss=0.5542
23:28:55 | INFO    | holoqpi.engine.trainer |   epoch 25 step 40/140 loss=0.5286
23:28:57 | INFO    | holoqpi.engine.trainer |   epoch 25 step 60/140 loss=0.5586
23:28:58 | INFO    | holoqpi.engine.trainer |   epoch 25 step 80/140 loss=0.6142
23:29:00 | INFO    | holoqpi.engine.trainer |   epoch 25 step 100/140 loss=0.6306
23:29:02 | INFO    | holoqpi.engine.trainer |   epoch 25 step 120/140 loss=0.4986
23:29:51 | INFO    | holoqpi.engine.trainer | epoch 25/60 (60s = 13s train + 47s val) | train_loss=0.6307  val_phase_mae=0.1725  val_dice=0.8134  val_cls_acc=0.5827  val_mass_mape=0.2103
23:29:52 | INFO    | holoqpi.engine.trainer |   epoch 26 step 0/140 loss=0.5587
23:29:53 | INFO    | holoqpi.engine.trainer |   epoch 26 step 20/140 loss=0.6131
23:29:55 | INFO    | holoqpi.engine.trainer |   epoch 26 step 40/140 loss=0.5701
23:29:57 | INFO    | holoqpi.engine.trainer |   epoch 26 step 60/140 loss=0.6388
23:29:59 | INFO    | holoqpi.engine.trainer |   epoch 26 step 80/140 loss=0.6282
23:30:01 | INFO    | holoqpi.engine.trainer |   epoch 26 step 100/140 loss=0.7658
23:30:02 | INFO    | holoqpi.engine.trainer |   epoch 26 step 120/140 loss=0.6254
23:30:51 | INFO    | holoqpi.engine.trainer |   new best composite=0.8010
23:30:51 | INFO    | holoqpi.engine.trainer | epoch 26/60 (60s = 13s train + 47s val) | train_loss=0.6228  val_phase_mae=0.1760  val_dice=0.8146  val_cls_acc=0.6220  val_mass_mape=0.2033
23:30:52 | INFO    | holoqpi.engine.trainer |   epoch 27 step 0/140 loss=0.4912
23:30:53 | INFO    | holoqpi.engine.trainer |   epoch 27 step 20/140 loss=0.5565
23:30:55 | INFO    | holoqpi.engine.trainer |   epoch 27 step 40/140 loss=0.5858
23:30:57 | INFO    | holoqpi.engine.trainer |   epoch 27 step 60/140 loss=0.6549
23:30:59 | INFO    | holoqpi.engine.trainer |   epoch 27 step 80/140 loss=0.5497
23:31:01 | INFO    | holoqpi.engine.trainer |   epoch 27 step 100/140 loss=0.6181
23:31:02 | INFO    | holoqpi.engine.trainer |   epoch 27 step 120/140 loss=0.7748
23:31:51 | INFO    | holoqpi.engine.trainer |   new best composite=0.8022
23:31:51 | INFO    | holoqpi.engine.trainer | epoch 27/60 (60s = 13s train + 47s val) | train_loss=0.6187  val_phase_mae=0.1737  val_dice=0.8144  val_cls_acc=0.5276  val_mass_mape=0.2015
23:31:52 | INFO    | holoqpi.engine.trainer |   epoch 28 step 0/140 loss=0.7050
23:31:54 | INFO    | holoqpi.engine.trainer |   epoch 28 step 20/140 loss=0.5184
23:31:55 | INFO    | holoqpi.engine.trainer |   epoch 28 step 40/140 loss=0.4159
23:31:57 | INFO    | holoqpi.engine.trainer |   epoch 28 step 60/140 loss=0.7807
23:31:59 | INFO    | holoqpi.engine.trainer |   epoch 28 step 80/140 loss=0.4789
23:32:01 | INFO    | holoqpi.engine.trainer |   epoch 28 step 100/140 loss=0.6752
23:32:03 | INFO    | holoqpi.engine.trainer |   epoch 28 step 120/140 loss=0.6279
23:32:52 | INFO    | holoqpi.engine.trainer |   new best composite=0.8031
23:32:52 | INFO    | holoqpi.engine.trainer | epoch 28/60 (60s = 13s train + 47s val) | train_loss=0.6156  val_phase_mae=0.1731  val_dice=0.8161  val_cls_acc=0.4803  val_mass_mape=0.1980
23:32:52 | INFO    | holoqpi.engine.trainer |   epoch 29 step 0/140 loss=0.4730
23:32:54 | INFO    | holoqpi.engine.trainer |   epoch 29 step 20/140 loss=0.6040
23:32:56 | INFO    | holoqpi.engine.trainer |   epoch 29 step 40/140 loss=0.6797
23:32:57 | INFO    | holoqpi.engine.trainer |   epoch 29 step 60/140 loss=0.5943
23:32:59 | INFO    | holoqpi.engine.trainer |   epoch 29 step 80/140 loss=0.4534
23:33:01 | INFO    | holoqpi.engine.trainer |   epoch 29 step 100/140 loss=0.5669
23:33:03 | INFO    | holoqpi.engine.trainer |   epoch 29 step 120/140 loss=0.5357
23:33:52 | INFO    | holoqpi.engine.trainer |   new best composite=0.8035
23:33:52 | INFO    | holoqpi.engine.trainer | epoch 29/60 (60s = 13s train + 47s val) | train_loss=0.5904  val_phase_mae=0.1708  val_dice=0.8181  val_cls_acc=0.6614  val_mass_mape=0.1986
23:33:52 | INFO    | holoqpi.engine.trainer |   epoch 30 step 0/140 loss=0.6843
23:33:54 | INFO    | holoqpi.engine.trainer |   epoch 30 step 20/140 loss=0.6638
23:33:56 | INFO    | holoqpi.engine.trainer |   epoch 30 step 40/140 loss=0.7200
23:33:58 | INFO    | holoqpi.engine.trainer |   epoch 30 step 60/140 loss=0.5077
23:34:00 | INFO    | holoqpi.engine.trainer |   epoch 30 step 80/140 loss=0.5685
23:34:01 | INFO    | holoqpi.engine.trainer |   epoch 30 step 100/140 loss=0.5276
23:34:03 | INFO    | holoqpi.engine.trainer |   epoch 30 step 120/140 loss=0.5423
23:34:52 | INFO    | holoqpi.engine.trainer |   new best composite=0.8057
23:34:52 | INFO    | holoqpi.engine.trainer | epoch 30/60 (60s = 13s train + 47s val) | train_loss=0.6045  val_phase_mae=0.1707  val_dice=0.8194  val_cls_acc=0.6378  val_mass_mape=0.1986
23:34:52 | INFO    | holoqpi.engine.trainer |   epoch 31 step 0/140 loss=0.5635
23:34:54 | INFO    | holoqpi.engine.trainer |   epoch 31 step 20/140 loss=0.6244
23:34:56 | INFO    | holoqpi.engine.trainer |   epoch 31 step 40/140 loss=0.5208
23:34:58 | INFO    | holoqpi.engine.trainer |   epoch 31 step 60/140 loss=0.6523
23:34:59 | INFO    | holoqpi.engine.trainer |   epoch 31 step 80/140 loss=0.5688
23:35:01 | INFO    | holoqpi.engine.trainer |   epoch 31 step 100/140 loss=0.4553
23:35:03 | INFO    | holoqpi.engine.trainer |   epoch 31 step 120/140 loss=0.6830
23:35:52 | INFO    | holoqpi.engine.trainer |   new best composite=0.8069
23:35:52 | INFO    | holoqpi.engine.trainer | epoch 31/60 (60s = 13s train + 47s val) | train_loss=0.5999  val_phase_mae=0.1725  val_dice=0.8198  val_cls_acc=0.6220  val_mass_mape=0.1925
23:35:53 | INFO    | holoqpi.engine.trainer |   epoch 32 step 0/140 loss=0.4732
23:35:54 | INFO    | holoqpi.engine.trainer |   epoch 32 step 20/140 loss=0.5427
23:35:56 | INFO    | holoqpi.engine.trainer |   epoch 32 step 40/140 loss=0.4329
23:35:58 | INFO    | holoqpi.engine.trainer |   epoch 32 step 60/140 loss=0.8174
23:36:00 | INFO    | holoqpi.engine.trainer |   epoch 32 step 80/140 loss=0.5684
23:36:02 | INFO    | holoqpi.engine.trainer |   epoch 32 step 100/140 loss=0.6462
23:36:03 | INFO    | holoqpi.engine.trainer |   epoch 32 step 120/140 loss=0.5850
23:36:52 | INFO    | holoqpi.engine.trainer | epoch 32/60 (60s = 13s train + 47s val) | train_loss=0.5916  val_phase_mae=0.1739  val_dice=0.8207  val_cls_acc=0.6850  val_mass_mape=0.2430
23:36:52 | INFO    | holoqpi.engine.trainer |   epoch 33 step 0/140 loss=0.5151
23:36:54 | INFO    | holoqpi.engine.trainer |   epoch 33 step 20/140 loss=0.6780
23:36:56 | INFO    | holoqpi.engine.trainer |   epoch 33 step 40/140 loss=0.6241
23:36:58 | INFO    | holoqpi.engine.trainer |   epoch 33 step 60/140 loss=0.5623
23:36:59 | INFO    | holoqpi.engine.trainer |   epoch 33 step 80/140 loss=0.6723
23:37:01 | INFO    | holoqpi.engine.trainer |   epoch 33 step 100/140 loss=0.5666
23:37:03 | INFO    | holoqpi.engine.trainer |   epoch 33 step 120/140 loss=0.4863
23:37:52 | INFO    | holoqpi.engine.trainer | epoch 33/60 (60s = 13s train + 47s val) | train_loss=0.5782  val_phase_mae=0.1702  val_dice=0.8198  val_cls_acc=0.6693  val_mass_mape=0.1922
23:37:52 | INFO    | holoqpi.engine.trainer |   epoch 34 step 0/140 loss=0.6258
23:37:54 | INFO    | holoqpi.engine.trainer |   epoch 34 step 20/140 loss=0.6670
23:37:56 | INFO    | holoqpi.engine.trainer |   epoch 34 step 40/140 loss=0.5500
23:37:57 | INFO    | holoqpi.engine.trainer |   epoch 34 step 60/140 loss=0.6810
23:37:59 | INFO    | holoqpi.engine.trainer |   epoch 34 step 80/140 loss=0.5721
23:38:01 | INFO    | holoqpi.engine.trainer |   epoch 34 step 100/140 loss=0.4583
23:38:03 | INFO    | holoqpi.engine.trainer |   epoch 34 step 120/140 loss=0.6083
23:38:52 | INFO    | holoqpi.engine.trainer | epoch 34/60 (60s = 13s train + 47s val) | train_loss=0.5718  val_phase_mae=0.1728  val_dice=0.8212  val_cls_acc=0.6693  val_mass_mape=0.1958
23:38:52 | INFO    | holoqpi.engine.trainer |   epoch 35 step 0/140 loss=0.7313
23:38:54 | INFO    | holoqpi.engine.trainer |   epoch 35 step 20/140 loss=0.4138
23:38:56 | INFO    | holoqpi.engine.trainer |   epoch 35 step 40/140 loss=0.5950
23:38:58 | INFO    | holoqpi.engine.trainer |   epoch 35 step 60/140 loss=0.6520
23:38:59 | INFO    | holoqpi.engine.trainer |   epoch 35 step 80/140 loss=0.5385
23:39:01 | INFO    | holoqpi.engine.trainer |   epoch 35 step 100/140 loss=0.5951
23:39:03 | INFO    | holoqpi.engine.trainer |   epoch 35 step 120/140 loss=0.6545
23:39:51 | INFO    | holoqpi.engine.trainer | epoch 35/60 (60s = 13s train + 47s val) | train_loss=0.5743  val_phase_mae=0.1723  val_dice=0.8198  val_cls_acc=0.5512  val_mass_mape=0.1960
23:39:52 | INFO    | holoqpi.engine.trainer |   epoch 36 step 0/140 loss=0.5646
23:39:54 | INFO    | holoqpi.engine.trainer |   epoch 36 step 20/140 loss=0.5100
23:39:55 | INFO    | holoqpi.engine.trainer |   epoch 36 step 40/140 loss=0.7590
23:39:57 | INFO    | holoqpi.engine.trainer |   epoch 36 step 60/140 loss=0.5239
23:39:59 | INFO    | holoqpi.engine.trainer |   epoch 36 step 80/140 loss=0.6679
23:40:01 | INFO    | holoqpi.engine.trainer |   epoch 36 step 100/140 loss=0.4337
23:40:03 | INFO    | holoqpi.engine.trainer |   epoch 36 step 120/140 loss=0.7597
23:40:51 | INFO    | holoqpi.engine.trainer | epoch 36/60 (60s = 13s train + 47s val) | train_loss=0.5799  val_phase_mae=0.1739  val_dice=0.8198  val_cls_acc=0.6142  val_mass_mape=0.2047
23:40:52 | INFO    | holoqpi.engine.trainer |   epoch 37 step 0/140 loss=0.3773
23:40:54 | INFO    | holoqpi.engine.trainer |   epoch 37 step 20/140 loss=0.5272
23:40:56 | INFO    | holoqpi.engine.trainer |   epoch 37 step 40/140 loss=0.7186
23:40:57 | INFO    | holoqpi.engine.trainer |   epoch 37 step 60/140 loss=0.3678
23:40:59 | INFO    | holoqpi.engine.trainer |   epoch 37 step 80/140 loss=0.6694
23:41:01 | INFO    | holoqpi.engine.trainer |   epoch 37 step 100/140 loss=0.5111
23:41:03 | INFO    | holoqpi.engine.trainer |   epoch 37 step 120/140 loss=0.5881
23:41:51 | INFO    | holoqpi.engine.trainer | epoch 37/60 (60s = 13s train + 47s val) | train_loss=0.5598  val_phase_mae=0.1792  val_dice=0.8200  val_cls_acc=0.5669  val_mass_mape=0.2351
23:41:52 | INFO    | holoqpi.engine.trainer |   epoch 38 step 0/140 loss=0.7716
23:41:53 | INFO    | holoqpi.engine.trainer |   epoch 38 step 20/140 loss=0.6496
23:41:55 | INFO    | holoqpi.engine.trainer |   epoch 38 step 40/140 loss=0.7487
23:41:57 | INFO    | holoqpi.engine.trainer |   epoch 38 step 60/140 loss=0.5666
23:41:59 | INFO    | holoqpi.engine.trainer |   epoch 38 step 80/140 loss=0.7441
23:42:01 | INFO    | holoqpi.engine.trainer |   epoch 38 step 100/140 loss=0.4586
23:42:03 | INFO    | holoqpi.engine.trainer |   epoch 38 step 120/140 loss=0.5145
23:42:51 | INFO    | holoqpi.engine.trainer | epoch 38/60 (59s = 13s train + 46s val) | train_loss=0.5633  val_phase_mae=0.1688  val_dice=0.8180  val_cls_acc=0.5906  val_mass_mape=0.1948
23:42:51 | INFO    | holoqpi.engine.trainer |   epoch 39 step 0/140 loss=0.5275
23:42:53 | INFO    | holoqpi.engine.trainer |   epoch 39 step 20/140 loss=0.5256
23:42:55 | INFO    | holoqpi.engine.trainer |   epoch 39 step 40/140 loss=0.7543
23:42:56 | INFO    | holoqpi.engine.trainer |   epoch 39 step 60/140 loss=0.5651
23:42:58 | INFO    | holoqpi.engine.trainer |   epoch 39 step 80/140 loss=0.3932
23:43:00 | INFO    | holoqpi.engine.trainer |   epoch 39 step 100/140 loss=0.4525
23:43:02 | INFO    | holoqpi.engine.trainer |   epoch 39 step 120/140 loss=0.5107
23:43:50 | INFO    | holoqpi.engine.trainer | epoch 39/60 (60s = 13s train + 47s val) | train_loss=0.5666  val_phase_mae=0.1729  val_dice=0.8189  val_cls_acc=0.5827  val_mass_mape=0.2163
23:43:51 | INFO    | holoqpi.engine.trainer |   epoch 40 step 0/140 loss=0.4090
23:43:53 | INFO    | holoqpi.engine.trainer |   epoch 40 step 20/140 loss=0.5890
23:43:54 | INFO    | holoqpi.engine.trainer |   epoch 40 step 40/140 loss=0.5940
23:43:56 | INFO    | holoqpi.engine.trainer |   epoch 40 step 60/140 loss=0.5106
23:43:58 | INFO    | holoqpi.engine.trainer |   epoch 40 step 80/140 loss=0.4470
23:44:00 | INFO    | holoqpi.engine.trainer |   epoch 40 step 100/140 loss=0.5403
23:44:02 | INFO    | holoqpi.engine.trainer |   epoch 40 step 120/140 loss=0.5074
23:44:50 | INFO    | holoqpi.engine.trainer |   new best composite=0.8096
23:44:50 | INFO    | holoqpi.engine.trainer | epoch 40/60 (60s = 13s train + 47s val) | train_loss=0.5587  val_phase_mae=0.1676  val_dice=0.8205  val_cls_acc=0.6693  val_mass_mape=0.1883
23:44:51 | INFO    | holoqpi.engine.trainer |   epoch 41 step 0/140 loss=0.5243
23:44:53 | INFO    | holoqpi.engine.trainer |   epoch 41 step 20/140 loss=0.5362
23:44:54 | INFO    | holoqpi.engine.trainer |   epoch 41 step 40/140 loss=0.4537
23:44:56 | INFO    | holoqpi.engine.trainer |   epoch 41 step 60/140 loss=0.4739
23:44:58 | INFO    | holoqpi.engine.trainer |   epoch 41 step 80/140 loss=0.6056
23:45:00 | INFO    | holoqpi.engine.trainer |   epoch 41 step 100/140 loss=0.5619
23:45:01 | INFO    | holoqpi.engine.trainer |   epoch 41 step 120/140 loss=0.5602
23:45:50 | INFO    | holoqpi.engine.trainer | epoch 41/60 (60s = 13s train + 47s val) | train_loss=0.5393  val_phase_mae=0.1687  val_dice=0.8226  val_cls_acc=0.6063  val_mass_mape=0.1942
23:45:51 | INFO    | holoqpi.engine.trainer |   epoch 42 step 0/140 loss=0.4060
23:45:52 | INFO    | holoqpi.engine.trainer |   epoch 42 step 20/140 loss=0.4304
23:45:54 | INFO    | holoqpi.engine.trainer |   epoch 42 step 40/140 loss=0.5182
23:45:56 | INFO    | holoqpi.engine.trainer |   epoch 42 step 60/140 loss=0.5570
23:45:58 | INFO    | holoqpi.engine.trainer |   epoch 42 step 80/140 loss=0.5189
23:46:00 | INFO    | holoqpi.engine.trainer |   epoch 42 step 100/140 loss=0.7673
23:46:01 | INFO    | holoqpi.engine.trainer |   epoch 42 step 120/140 loss=0.4713
23:46:50 | INFO    | holoqpi.engine.trainer | epoch 42/60 (60s = 13s train + 47s val) | train_loss=0.5500  val_phase_mae=0.1681  val_dice=0.8201  val_cls_acc=0.6693  val_mass_mape=0.1885
23:46:50 | INFO    | holoqpi.engine.trainer |   epoch 43 step 0/140 loss=0.5371
23:46:52 | INFO    | holoqpi.engine.trainer |   epoch 43 step 20/140 loss=0.4473
23:46:54 | INFO    | holoqpi.engine.trainer |   epoch 43 step 40/140 loss=0.5011
23:46:56 | INFO    | holoqpi.engine.trainer |   epoch 43 step 60/140 loss=0.4116
23:46:58 | INFO    | holoqpi.engine.trainer |   epoch 43 step 80/140 loss=0.7712
23:46:59 | INFO    | holoqpi.engine.trainer |   epoch 43 step 100/140 loss=0.5155
23:47:01 | INFO    | holoqpi.engine.trainer |   epoch 43 step 120/140 loss=0.4402
23:47:50 | INFO    | holoqpi.engine.trainer | epoch 43/60 (60s = 13s train + 47s val) | train_loss=0.5357  val_phase_mae=0.1696  val_dice=0.8227  val_cls_acc=0.6535  val_mass_mape=0.2019
23:47:51 | INFO    | holoqpi.engine.trainer |   epoch 44 step 0/140 loss=0.5749
23:47:52 | INFO    | holoqpi.engine.trainer |   epoch 44 step 20/140 loss=0.4790
23:47:54 | INFO    | holoqpi.engine.trainer |   epoch 44 step 40/140 loss=0.9830
23:47:56 | INFO    | holoqpi.engine.trainer |   epoch 44 step 60/140 loss=0.5611
23:47:58 | INFO    | holoqpi.engine.trainer |   epoch 44 step 80/140 loss=0.5971
23:48:00 | INFO    | holoqpi.engine.trainer |   epoch 44 step 100/140 loss=0.6974
23:48:01 | INFO    | holoqpi.engine.trainer |   epoch 44 step 120/140 loss=0.4290
23:48:50 | INFO    | holoqpi.engine.trainer | epoch 44/60 (60s = 13s train + 47s val) | train_loss=0.5418  val_phase_mae=0.1694  val_dice=0.8231  val_cls_acc=0.5906  val_mass_mape=0.1930
23:48:51 | INFO    | holoqpi.engine.trainer |   epoch 45 step 0/140 loss=0.5525
23:48:52 | INFO    | holoqpi.engine.trainer |   epoch 45 step 20/140 loss=0.6464
23:48:54 | INFO    | holoqpi.engine.trainer |   epoch 45 step 40/140 loss=0.5310
23:48:56 | INFO    | holoqpi.engine.trainer |   epoch 45 step 60/140 loss=0.5131
23:48:58 | INFO    | holoqpi.engine.trainer |   epoch 45 step 80/140 loss=0.4510
23:49:00 | INFO    | holoqpi.engine.trainer |   epoch 45 step 100/140 loss=0.5620
23:49:01 | INFO    | holoqpi.engine.trainer |   epoch 45 step 120/140 loss=0.5823
23:49:50 | INFO    | holoqpi.engine.trainer |   new best composite=0.8106
23:49:50 | INFO    | holoqpi.engine.trainer | epoch 45/60 (60s = 13s train + 47s val) | train_loss=0.5301  val_phase_mae=0.1706  val_dice=0.8237  val_cls_acc=0.5039  val_mass_mape=0.1908
23:49:51 | INFO    | holoqpi.engine.trainer |   epoch 46 step 0/140 loss=0.4321
23:49:53 | INFO    | holoqpi.engine.trainer |   epoch 46 step 20/140 loss=0.4290
23:49:54 | INFO    | holoqpi.engine.trainer |   epoch 46 step 40/140 loss=0.4601
23:49:56 | INFO    | holoqpi.engine.trainer |   epoch 46 step 60/140 loss=0.4822
23:49:58 | INFO    | holoqpi.engine.trainer |   epoch 46 step 80/140 loss=0.5822
23:50:00 | INFO    | holoqpi.engine.trainer |   epoch 46 step 100/140 loss=0.6162
23:50:02 | INFO    | holoqpi.engine.trainer |   epoch 46 step 120/140 loss=0.4554
23:50:50 | INFO    | holoqpi.engine.trainer | epoch 46/60 (60s = 13s train + 47s val) | train_loss=0.5343  val_phase_mae=0.1722  val_dice=0.8211  val_cls_acc=0.6220  val_mass_mape=0.2108
23:50:51 | INFO    | holoqpi.engine.trainer |   epoch 47 step 0/140 loss=0.4928
23:50:52 | INFO    | holoqpi.engine.trainer |   epoch 47 step 20/140 loss=0.4893
23:50:54 | INFO    | holoqpi.engine.trainer |   epoch 47 step 40/140 loss=0.4198
23:50:56 | INFO    | holoqpi.engine.trainer |   epoch 47 step 60/140 loss=0.4154
23:50:58 | INFO    | holoqpi.engine.trainer |   epoch 47 step 80/140 loss=0.5402
23:51:00 | INFO    | holoqpi.engine.trainer |   epoch 47 step 100/140 loss=0.5117
23:51:01 | INFO    | holoqpi.engine.trainer |   epoch 47 step 120/140 loss=0.4267
23:51:50 | INFO    | holoqpi.engine.trainer | epoch 47/60 (60s = 13s train + 47s val) | train_loss=0.5231  val_phase_mae=0.1680  val_dice=0.8241  val_cls_acc=0.7008  val_mass_mape=0.1934
23:51:50 | INFO    | holoqpi.engine.trainer |   epoch 48 step 0/140 loss=0.4809
23:51:52 | INFO    | holoqpi.engine.trainer |   epoch 48 step 20/140 loss=0.4920
23:51:54 | INFO    | holoqpi.engine.trainer |   epoch 48 step 40/140 loss=0.4458
23:51:55 | INFO    | holoqpi.engine.trainer |   epoch 48 step 60/140 loss=0.6305
23:51:57 | INFO    | holoqpi.engine.trainer |   epoch 48 step 80/140 loss=0.4830
23:51:59 | INFO    | holoqpi.engine.trainer |   epoch 48 step 100/140 loss=0.4414
23:52:01 | INFO    | holoqpi.engine.trainer |   epoch 48 step 120/140 loss=0.4930
23:52:49 | INFO    | holoqpi.engine.trainer | epoch 48/60 (60s = 13s train + 47s val) | train_loss=0.5217  val_phase_mae=0.1687  val_dice=0.8237  val_cls_acc=0.6063  val_mass_mape=0.1930
23:52:50 | INFO    | holoqpi.engine.trainer |   epoch 49 step 0/140 loss=0.6357
23:52:52 | INFO    | holoqpi.engine.trainer |   epoch 49 step 20/140 loss=0.6889
23:52:54 | INFO    | holoqpi.engine.trainer |   epoch 49 step 40/140 loss=0.5382
23:52:55 | INFO    | holoqpi.engine.trainer |   epoch 49 step 60/140 loss=0.4239
23:52:57 | INFO    | holoqpi.engine.trainer |   epoch 49 step 80/140 loss=0.3613
23:52:59 | INFO    | holoqpi.engine.trainer |   epoch 49 step 100/140 loss=0.5823
23:53:01 | INFO    | holoqpi.engine.trainer |   epoch 49 step 120/140 loss=0.4483
23:53:49 | INFO    | holoqpi.engine.trainer | epoch 49/60 (60s = 13s train + 47s val) | train_loss=0.5198  val_phase_mae=0.1681  val_dice=0.8243  val_cls_acc=0.5984  val_mass_mape=0.1942
23:53:50 | INFO    | holoqpi.engine.trainer |   epoch 50 step 0/140 loss=0.6207
23:53:52 | INFO    | holoqpi.engine.trainer |   epoch 50 step 20/140 loss=0.4782
23:53:54 | INFO    | holoqpi.engine.trainer |   epoch 50 step 40/140 loss=0.4495
23:53:55 | INFO    | holoqpi.engine.trainer |   epoch 50 step 60/140 loss=0.4844
23:53:57 | INFO    | holoqpi.engine.trainer |   epoch 50 step 80/140 loss=0.3766
23:53:59 | INFO    | holoqpi.engine.trainer |   epoch 50 step 100/140 loss=0.8242
23:54:01 | INFO    | holoqpi.engine.trainer |   epoch 50 step 120/140 loss=0.5473
23:54:49 | INFO    | holoqpi.engine.trainer | epoch 50/60 (60s = 13s train + 47s val) | train_loss=0.5178  val_phase_mae=0.1707  val_dice=0.8233  val_cls_acc=0.4331  val_mass_mape=0.1968
23:54:50 | INFO    | holoqpi.engine.trainer |   epoch 51 step 0/140 loss=0.4158
23:54:52 | INFO    | holoqpi.engine.trainer |   epoch 51 step 20/140 loss=0.4575
23:54:53 | INFO    | holoqpi.engine.trainer |   epoch 51 step 40/140 loss=0.4923
23:54:55 | INFO    | holoqpi.engine.trainer |   epoch 51 step 60/140 loss=0.4367
23:54:57 | INFO    | holoqpi.engine.trainer |   epoch 51 step 80/140 loss=0.4643
23:54:59 | INFO    | holoqpi.engine.trainer |   epoch 51 step 100/140 loss=0.5738
23:55:01 | INFO    | holoqpi.engine.trainer |   epoch 51 step 120/140 loss=0.6104
23:55:49 | INFO    | holoqpi.engine.trainer | epoch 51/60 (60s = 13s train + 47s val) | train_loss=0.5155  val_phase_mae=0.1686  val_dice=0.8239  val_cls_acc=0.5984  val_mass_mape=0.1912
23:55:50 | INFO    | holoqpi.engine.trainer |   epoch 52 step 0/140 loss=0.4901
23:55:51 | INFO    | holoqpi.engine.trainer |   epoch 52 step 20/140 loss=0.4147
23:55:53 | INFO    | holoqpi.engine.trainer |   epoch 52 step 40/140 loss=0.4293
23:55:55 | INFO    | holoqpi.engine.trainer |   epoch 52 step 60/140 loss=0.5899
23:55:57 | INFO    | holoqpi.engine.trainer |   epoch 52 step 80/140 loss=0.5504
23:55:59 | INFO    | holoqpi.engine.trainer |   epoch 52 step 100/140 loss=0.5228
23:56:00 | INFO    | holoqpi.engine.trainer |   epoch 52 step 120/140 loss=0.6347
23:56:48 | INFO    | holoqpi.engine.trainer | epoch 52/60 (59s = 13s train + 46s val) | train_loss=0.5163  val_phase_mae=0.1697  val_dice=0.8235  val_cls_acc=0.6614  val_mass_mape=0.1959
23:56:49 | INFO    | holoqpi.engine.trainer |   epoch 53 step 0/140 loss=0.5626
23:56:51 | INFO    | holoqpi.engine.trainer |   epoch 53 step 20/140 loss=0.5912
23:56:52 | INFO    | holoqpi.engine.trainer |   epoch 53 step 40/140 loss=0.5340
23:56:54 | INFO    | holoqpi.engine.trainer |   epoch 53 step 60/140 loss=0.4714
23:56:56 | INFO    | holoqpi.engine.trainer |   epoch 53 step 80/140 loss=0.3876
23:56:58 | INFO    | holoqpi.engine.trainer |   epoch 53 step 100/140 loss=0.5483
23:57:00 | INFO    | holoqpi.engine.trainer |   epoch 53 step 120/140 loss=0.4407
23:57:48 | INFO    | holoqpi.engine.trainer |   new best composite=0.8113
23:57:48 | INFO    | holoqpi.engine.trainer | epoch 53/60 (59s = 13s train + 46s val) | train_loss=0.5067  val_phase_mae=0.1673  val_dice=0.8243  val_cls_acc=0.6772  val_mass_mape=0.1883
23:57:48 | INFO    | holoqpi.engine.trainer |   epoch 54 step 0/140 loss=0.4527
23:57:50 | INFO    | holoqpi.engine.trainer |   epoch 54 step 20/140 loss=0.7476
23:57:52 | INFO    | holoqpi.engine.trainer |   epoch 54 step 40/140 loss=0.5008
23:57:54 | INFO    | holoqpi.engine.trainer |   epoch 54 step 60/140 loss=0.5176
23:57:56 | INFO    | holoqpi.engine.trainer |   epoch 54 step 80/140 loss=0.5187
23:57:57 | INFO    | holoqpi.engine.trainer |   epoch 54 step 100/140 loss=0.4266
23:57:59 | INFO    | holoqpi.engine.trainer |   epoch 54 step 120/140 loss=0.4354
23:58:48 | INFO    | holoqpi.engine.trainer |   new best composite=0.8115
23:58:48 | INFO    | holoqpi.engine.trainer | epoch 54/60 (60s = 13s train + 47s val) | train_loss=0.5113  val_phase_mae=0.1678  val_dice=0.8237  val_cls_acc=0.5512  val_mass_mape=0.1857
23:58:49 | INFO    | holoqpi.engine.trainer |   epoch 55 step 0/140 loss=0.4806
23:58:51 | INFO    | holoqpi.engine.trainer |   epoch 55 step 20/140 loss=0.4300
23:58:53 | INFO    | holoqpi.engine.trainer |   epoch 55 step 40/140 loss=0.6957
23:58:54 | INFO    | holoqpi.engine.trainer |   epoch 55 step 60/140 loss=0.4171
23:58:56 | INFO    | holoqpi.engine.trainer |   epoch 55 step 80/140 loss=0.6068
23:58:58 | INFO    | holoqpi.engine.trainer |   epoch 55 step 100/140 loss=0.4188
23:59:00 | INFO    | holoqpi.engine.trainer |   epoch 55 step 120/140 loss=0.4954
23:59:49 | INFO    | holoqpi.engine.trainer |   new best composite=0.8122
23:59:49 | INFO    | holoqpi.engine.trainer | epoch 55/60 (60s = 13s train + 47s val) | train_loss=0.5156  val_phase_mae=0.1680  val_dice=0.8239  val_cls_acc=0.5827  val_mass_mape=0.1841
23:59:49 | INFO    | holoqpi.engine.trainer |   epoch 56 step 0/140 loss=0.6795
23:59:51 | INFO    | holoqpi.engine.trainer |   epoch 56 step 20/140 loss=0.6535
23:59:53 | INFO    | holoqpi.engine.trainer |   epoch 56 step 40/140 loss=0.5450
23:59:55 | INFO    | holoqpi.engine.trainer |   epoch 56 step 60/140 loss=0.5268
23:59:57 | INFO    | holoqpi.engine.trainer |   epoch 56 step 80/140 loss=0.3768
23:59:58 | INFO    | holoqpi.engine.trainer |   epoch 56 step 100/140 loss=0.4846
00:00:00 | INFO    | holoqpi.engine.trainer |   epoch 56 step 120/140 loss=0.5475
00:00:49 | INFO    | holoqpi.engine.trainer |   new best composite=0.8122
00:00:49 | INFO    | holoqpi.engine.trainer | epoch 56/60 (60s = 13s train + 47s val) | train_loss=0.5091  val_phase_mae=0.1673  val_dice=0.8244  val_cls_acc=0.6693  val_mass_mape=0.1874
00:00:50 | INFO    | holoqpi.engine.trainer |   epoch 57 step 0/140 loss=0.3607
00:00:51 | INFO    | holoqpi.engine.trainer |   epoch 57 step 20/140 loss=0.4973
00:00:53 | INFO    | holoqpi.engine.trainer |   epoch 57 step 40/140 loss=0.4366
00:00:55 | INFO    | holoqpi.engine.trainer |   epoch 57 step 60/140 loss=0.6419
00:00:57 | INFO    | holoqpi.engine.trainer |   epoch 57 step 80/140 loss=0.4724
00:00:59 | INFO    | holoqpi.engine.trainer |   epoch 57 step 100/140 loss=0.5550
00:01:00 | INFO    | holoqpi.engine.trainer |   epoch 57 step 120/140 loss=0.7196
00:01:50 | INFO    | holoqpi.engine.trainer | epoch 57/60 (61s = 13s train + 48s val) | train_loss=0.5112  val_phase_mae=0.1680  val_dice=0.8238  val_cls_acc=0.6299  val_mass_mape=0.1857
00:01:50 | INFO    | holoqpi.engine.trainer |   epoch 58 step 0/140 loss=0.5577
00:01:52 | INFO    | holoqpi.engine.trainer |   epoch 58 step 20/140 loss=0.4786
00:01:54 | INFO    | holoqpi.engine.trainer |   epoch 58 step 40/140 loss=0.4694
00:01:56 | INFO    | holoqpi.engine.trainer |   epoch 58 step 60/140 loss=0.5358
00:01:57 | INFO    | holoqpi.engine.trainer |   epoch 58 step 80/140 loss=0.4055
00:01:59 | INFO    | holoqpi.engine.trainer |   epoch 58 step 100/140 loss=0.4753
00:02:01 | INFO    | holoqpi.engine.trainer |   epoch 58 step 120/140 loss=0.5730
00:02:49 | INFO    | holoqpi.engine.trainer | epoch 58/60 (60s = 13s train + 47s val) | train_loss=0.5022  val_phase_mae=0.1676  val_dice=0.8243  val_cls_acc=0.5827  val_mass_mape=0.1859
00:02:50 | INFO    | holoqpi.engine.trainer |   epoch 59 step 0/140 loss=0.4307
00:02:52 | INFO    | holoqpi.engine.trainer |   epoch 59 step 20/140 loss=0.4635
00:02:53 | INFO    | holoqpi.engine.trainer |   epoch 59 step 40/140 loss=0.3525
00:02:55 | INFO    | holoqpi.engine.trainer |   epoch 59 step 60/140 loss=0.5572
00:02:57 | INFO    | holoqpi.engine.trainer |   epoch 59 step 80/140 loss=0.4694
00:02:59 | INFO    | holoqpi.engine.trainer |   epoch 59 step 100/140 loss=0.3875
00:03:01 | INFO    | holoqpi.engine.trainer |   epoch 59 step 120/140 loss=0.9381
00:03:49 | INFO    | holoqpi.engine.trainer | epoch 59/60 (60s = 13s train + 47s val) | train_loss=0.4935  val_phase_mae=0.1699  val_dice=0.8232  val_cls_acc=0.5354  val_mass_mape=0.1922
00:03:50 | INFO    | holoqpi.engine.trainer |   epoch 60 step 0/140 loss=0.5344
00:03:52 | INFO    | holoqpi.engine.trainer |   epoch 60 step 20/140 loss=0.5383
00:03:54 | INFO    | holoqpi.engine.trainer |   epoch 60 step 40/140 loss=0.4331
00:03:55 | INFO    | holoqpi.engine.trainer |   epoch 60 step 60/140 loss=0.5633
00:03:57 | INFO    | holoqpi.engine.trainer |   epoch 60 step 80/140 loss=0.6273
00:03:59 | INFO    | holoqpi.engine.trainer |   epoch 60 step 100/140 loss=0.6519
00:04:01 | INFO    | holoqpi.engine.trainer |   epoch 60 step 120/140 loss=0.5622
00:04:50 | INFO    | holoqpi.engine.trainer | epoch 60/60 (60s = 13s train + 47s val) | train_loss=0.5068  val_phase_mae=0.1706  val_dice=0.8239  val_cls_acc=0.5827  val_mass_mape=0.1946
00:04:50 | INFO    | holoqpi.engine.trainer | training finished; best epoch 56 (composite=0.8122)
00:04:50 | INFO    | holoqpi.engine.trainer | checkpoint best_model.pt: 446/446 tensors matched
00:05:32 | INFO    | holoqpi.engine.compare | modality=off_axis test metrics written to runs/physics_coupling_only_s1337_off_axis
00:05:32 | INFO    | holoqpi.engine.compare | ======================================================================
00:05:32 | INFO    | holoqpi.engine.compare | modality=gabor  device=cuda  run_dir=runs/physics_coupling_only_s1337_gabor
00:05:32 | INFO    | holoqpi.engine.compare | ======================================================================
00:05:32 | INFO    | holoqpi.data.dataset | train split: 560 samples | modality=gabor | crop=512 | augment=True
00:05:32 | INFO    | holoqpi.data.dataset | val split: 127 samples | modality=gabor | crop=None | augment=False
00:05:32 | INFO    | holoqpi.data.dataset | test split: 113 samples | modality=gabor | crop=None | augment=False
00:05:32 | INFO    | holoqpi.models.encoders | encoder=mobilenet_v2 in_channels=1 pretrained=True stages=[16, 24, 32, 96, 1280]
00:05:32 | INFO    | holoqpi.models.holonet | HoloQPINet built: 9.76M parameters, 9.76M trainable (100.0%)
00:05:32 | INFO    | holoqpi.engine.trainer | trainable 9.76M / 9.76M parameters (100.0%)
00:05:32 | INFO    | holoqpi.engine.trainer | active physics terms: ['phase_mask_contrast', 'boundary_gradient_alignment', 'phase_volume', 'dry_mass_consistency', 'projected_area_consistency']
00:05:34 | INFO    | holoqpi.engine.trainer |   epoch 1 step 0/140 loss=2.2104
00:05:35 | INFO    | holoqpi.engine.trainer |   epoch 1 step 20/140 loss=1.9846
00:05:37 | INFO    | holoqpi.engine.trainer |   epoch 1 step 40/140 loss=1.6134
00:05:39 | INFO    | holoqpi.engine.trainer |   epoch 1 step 60/140 loss=1.5111
00:05:41 | INFO    | holoqpi.engine.trainer |   epoch 1 step 80/140 loss=1.3193
00:05:43 | INFO    | holoqpi.engine.trainer |   epoch 1 step 100/140 loss=1.4407
00:05:45 | INFO    | holoqpi.engine.trainer |   epoch 1 step 120/140 loss=1.3652
00:06:34 | INFO    | holoqpi.engine.trainer |   new best composite=0.6412
00:06:34 | INFO    | holoqpi.engine.trainer | epoch 1/60 (61s = 14s train + 47s val) | train_loss=1.5367  val_phase_mae=0.2330  val_dice=0.6617  val_cls_acc=0.5197  val_mass_mape=0.3638
00:06:34 | INFO    | holoqpi.engine.trainer |   at this rate the full 60-epoch schedule takes about 61 min
00:06:34 | INFO    | holoqpi.engine.trainer |   epoch 2 step 0/140 loss=1.2128
00:06:36 | INFO    | holoqpi.engine.trainer |   epoch 2 step 20/140 loss=1.4252
00:06:38 | INFO    | holoqpi.engine.trainer |   epoch 2 step 40/140 loss=1.0473
00:06:40 | INFO    | holoqpi.engine.trainer |   epoch 2 step 60/140 loss=1.2350
00:06:41 | INFO    | holoqpi.engine.trainer |   epoch 2 step 80/140 loss=1.2054
00:06:43 | INFO    | holoqpi.engine.trainer |   epoch 2 step 100/140 loss=0.9678
00:06:45 | INFO    | holoqpi.engine.trainer |   epoch 2 step 120/140 loss=1.5695
00:07:32 | INFO    | holoqpi.engine.trainer |   new best composite=0.6989
00:07:32 | INFO    | holoqpi.engine.trainer | epoch 2/60 (58s = 13s train + 45s val) | train_loss=1.1256  val_phase_mae=0.2088  val_dice=0.7226  val_cls_acc=0.5354  val_mass_mape=0.3270
00:07:33 | INFO    | holoqpi.engine.trainer |   epoch 3 step 0/140 loss=0.8339
00:07:34 | INFO    | holoqpi.engine.trainer |   epoch 3 step 20/140 loss=1.3351
00:07:36 | INFO    | holoqpi.engine.trainer |   epoch 3 step 40/140 loss=0.9177
00:07:38 | INFO    | holoqpi.engine.trainer |   epoch 3 step 60/140 loss=0.9909
00:07:40 | INFO    | holoqpi.engine.trainer |   epoch 3 step 80/140 loss=0.8377
00:07:42 | INFO    | holoqpi.engine.trainer |   epoch 3 step 100/140 loss=0.9795
00:07:44 | INFO    | holoqpi.engine.trainer |   epoch 3 step 120/140 loss=0.8886
00:08:31 | INFO    | holoqpi.engine.trainer |   new best composite=0.7156
00:08:31 | INFO    | holoqpi.engine.trainer | epoch 3/60 (59s = 14s train + 45s val) | train_loss=1.0023  val_phase_mae=0.2011  val_dice=0.7222  val_cls_acc=0.3465  val_mass_mape=0.2840
00:08:32 | INFO    | holoqpi.engine.trainer |   epoch 4 step 0/140 loss=1.0267
00:08:34 | INFO    | holoqpi.engine.trainer |   epoch 4 step 20/140 loss=0.9773
00:08:36 | INFO    | holoqpi.engine.trainer |   epoch 4 step 40/140 loss=1.0874
00:08:38 | INFO    | holoqpi.engine.trainer |   epoch 4 step 60/140 loss=1.1566
00:08:39 | INFO    | holoqpi.engine.trainer |   epoch 4 step 80/140 loss=0.8092
00:08:41 | INFO    | holoqpi.engine.trainer |   epoch 4 step 100/140 loss=0.9564
00:08:43 | INFO    | holoqpi.engine.trainer |   epoch 4 step 120/140 loss=0.9217
00:09:30 | INFO    | holoqpi.engine.trainer | epoch 4/60 (59s = 14s train + 45s val) | train_loss=0.9735  val_phase_mae=0.2045  val_dice=0.7510  val_cls_acc=0.5118  val_mass_mape=0.3847
00:09:30 | INFO    | holoqpi.engine.trainer |   epoch 5 step 0/140 loss=0.8803
00:09:32 | INFO    | holoqpi.engine.trainer |   epoch 5 step 20/140 loss=0.9092
00:09:34 | INFO    | holoqpi.engine.trainer |   epoch 5 step 40/140 loss=1.1058
00:09:36 | INFO    | holoqpi.engine.trainer |   epoch 5 step 60/140 loss=0.8530
00:09:38 | INFO    | holoqpi.engine.trainer |   epoch 5 step 80/140 loss=0.9212
00:09:40 | INFO    | holoqpi.engine.trainer |   epoch 5 step 100/140 loss=1.1254
00:09:42 | INFO    | holoqpi.engine.trainer |   epoch 5 step 120/140 loss=0.7350
00:10:28 | INFO    | holoqpi.engine.trainer |   new best composite=0.7165
00:10:28 | INFO    | holoqpi.engine.trainer | epoch 5/60 (58s = 13s train + 44s val) | train_loss=0.9565  val_phase_mae=0.2011  val_dice=0.7342  val_cls_acc=0.4882  val_mass_mape=0.3064
00:10:29 | INFO    | holoqpi.engine.trainer |   epoch 6 step 0/140 loss=1.1279
00:10:31 | INFO    | holoqpi.engine.trainer |   epoch 6 step 20/140 loss=0.8000
00:10:32 | INFO    | holoqpi.engine.trainer |   epoch 6 step 40/140 loss=0.7466
00:10:34 | INFO    | holoqpi.engine.trainer |   epoch 6 step 60/140 loss=0.6841
00:10:36 | INFO    | holoqpi.engine.trainer |   epoch 6 step 80/140 loss=1.1870
00:10:38 | INFO    | holoqpi.engine.trainer |   epoch 6 step 100/140 loss=1.0314
00:10:40 | INFO    | holoqpi.engine.trainer |   epoch 6 step 120/140 loss=1.2045
00:11:27 | INFO    | holoqpi.engine.trainer |   new best composite=0.7311
00:11:27 | INFO    | holoqpi.engine.trainer | epoch 6/60 (58s = 14s train + 45s val) | train_loss=0.9300  val_phase_mae=0.1970  val_dice=0.7354  val_cls_acc=0.4567  val_mass_mape=0.2539
00:11:27 | INFO    | holoqpi.engine.trainer |   epoch 7 step 0/140 loss=0.9808
00:11:29 | INFO    | holoqpi.engine.trainer |   epoch 7 step 20/140 loss=0.8725
00:11:31 | INFO    | holoqpi.engine.trainer |   epoch 7 step 40/140 loss=0.8347
00:11:33 | INFO    | holoqpi.engine.trainer |   epoch 7 step 60/140 loss=0.8002
00:11:34 | INFO    | holoqpi.engine.trainer |   epoch 7 step 80/140 loss=1.0328
00:11:36 | INFO    | holoqpi.engine.trainer |   epoch 7 step 100/140 loss=0.7223
00:11:38 | INFO    | holoqpi.engine.trainer |   epoch 7 step 120/140 loss=0.8520
00:12:26 | INFO    | holoqpi.engine.trainer |   new best composite=0.7384
00:12:26 | INFO    | holoqpi.engine.trainer | epoch 7/60 (59s = 14s train + 45s val) | train_loss=0.8995  val_phase_mae=0.1921  val_dice=0.7485  val_cls_acc=0.6220  val_mass_mape=0.2669
00:12:26 | INFO    | holoqpi.engine.trainer |   epoch 8 step 0/140 loss=0.7046
00:12:28 | INFO    | holoqpi.engine.trainer |   epoch 8 step 20/140 loss=0.8328
00:12:30 | INFO    | holoqpi.engine.trainer |   epoch 8 step 40/140 loss=0.6255
00:12:32 | INFO    | holoqpi.engine.trainer |   epoch 8 step 60/140 loss=0.8370
00:12:34 | INFO    | holoqpi.engine.trainer |   epoch 8 step 80/140 loss=1.0039
00:12:35 | INFO    | holoqpi.engine.trainer |   epoch 8 step 100/140 loss=0.7625
00:12:37 | INFO    | holoqpi.engine.trainer |   epoch 8 step 120/140 loss=0.9220
00:13:23 | INFO    | holoqpi.engine.trainer |   new best composite=0.7422
00:13:23 | INFO    | holoqpi.engine.trainer | epoch 8/60 (58s = 13s train + 44s val) | train_loss=0.9137  val_phase_mae=0.1928  val_dice=0.7512  val_cls_acc=0.5906  val_mass_mape=0.2481
00:13:24 | INFO    | holoqpi.engine.trainer |   epoch 9 step 0/140 loss=0.7273
00:13:26 | INFO    | holoqpi.engine.trainer |   epoch 9 step 20/140 loss=0.7423
00:13:28 | INFO    | holoqpi.engine.trainer |   epoch 9 step 40/140 loss=0.8969
00:13:30 | INFO    | holoqpi.engine.trainer |   epoch 9 step 60/140 loss=1.0662
00:13:31 | INFO    | holoqpi.engine.trainer |   epoch 9 step 80/140 loss=1.1762
00:13:33 | INFO    | holoqpi.engine.trainer |   epoch 9 step 100/140 loss=0.8502
00:13:35 | INFO    | holoqpi.engine.trainer |   epoch 9 step 120/140 loss=0.6439
00:14:21 | INFO    | holoqpi.engine.trainer | epoch 9/60 (58s = 13s train + 44s val) | train_loss=0.9019  val_phase_mae=0.1925  val_dice=0.7458  val_cls_acc=0.5512  val_mass_mape=0.2544
00:14:22 | INFO    | holoqpi.engine.trainer |   epoch 10 step 0/140 loss=0.7222
00:14:23 | INFO    | holoqpi.engine.trainer |   epoch 10 step 20/140 loss=0.7271
00:14:25 | INFO    | holoqpi.engine.trainer |   epoch 10 step 40/140 loss=1.3205
00:14:27 | INFO    | holoqpi.engine.trainer |   epoch 10 step 60/140 loss=0.9679
00:14:29 | INFO    | holoqpi.engine.trainer |   epoch 10 step 80/140 loss=0.9689
00:14:31 | INFO    | holoqpi.engine.trainer |   epoch 10 step 100/140 loss=0.7918
00:14:33 | INFO    | holoqpi.engine.trainer |   epoch 10 step 120/140 loss=0.7409
00:15:19 | INFO    | holoqpi.engine.trainer | epoch 10/60 (58s = 13s train + 44s val) | train_loss=0.8953  val_phase_mae=0.1940  val_dice=0.7493  val_cls_acc=0.5669  val_mass_mape=0.2429
00:15:19 | INFO    | holoqpi.engine.trainer |   epoch 11 step 0/140 loss=1.0359
00:15:21 | INFO    | holoqpi.engine.trainer |   epoch 11 step 20/140 loss=0.9402
00:15:23 | INFO    | holoqpi.engine.trainer |   epoch 11 step 40/140 loss=0.6660
00:15:25 | INFO    | holoqpi.engine.trainer |   epoch 11 step 60/140 loss=0.9989
00:15:27 | INFO    | holoqpi.engine.trainer |   epoch 11 step 80/140 loss=0.8343
00:15:28 | INFO    | holoqpi.engine.trainer |   epoch 11 step 100/140 loss=0.8284
00:15:30 | INFO    | holoqpi.engine.trainer |   epoch 11 step 120/140 loss=0.8439
00:16:16 | INFO    | holoqpi.engine.trainer |   new best composite=0.7475
00:16:16 | INFO    | holoqpi.engine.trainer | epoch 11/60 (57s = 13s train + 44s val) | train_loss=0.8844  val_phase_mae=0.1895  val_dice=0.7524  val_cls_acc=0.6378  val_mass_mape=0.2424
00:16:17 | INFO    | holoqpi.engine.trainer |   epoch 12 step 0/140 loss=0.9580
00:16:18 | INFO    | holoqpi.engine.trainer |   epoch 12 step 20/140 loss=0.7115
00:16:20 | INFO    | holoqpi.engine.trainer |   epoch 12 step 40/140 loss=0.8984
00:16:22 | INFO    | holoqpi.engine.trainer |   epoch 12 step 60/140 loss=0.8124
00:16:24 | INFO    | holoqpi.engine.trainer |   epoch 12 step 80/140 loss=0.7590
00:16:25 | INFO    | holoqpi.engine.trainer |   epoch 12 step 100/140 loss=0.7207
00:16:27 | INFO    | holoqpi.engine.trainer |   epoch 12 step 120/140 loss=0.6865
00:17:13 | INFO    | holoqpi.engine.trainer |   new best composite=0.7475
00:17:13 | INFO    | holoqpi.engine.trainer | epoch 12/60 (57s = 13s train + 44s val) | train_loss=0.8646  val_phase_mae=0.1907  val_dice=0.7600  val_cls_acc=0.5591  val_mass_mape=0.2602
00:17:14 | INFO    | holoqpi.engine.trainer |   epoch 13 step 0/140 loss=0.9611
00:17:16 | INFO    | holoqpi.engine.trainer |   epoch 13 step 20/140 loss=0.9116
00:17:17 | INFO    | holoqpi.engine.trainer |   epoch 13 step 40/140 loss=0.6445
00:17:19 | INFO    | holoqpi.engine.trainer |   epoch 13 step 60/140 loss=0.9360
00:17:21 | INFO    | holoqpi.engine.trainer |   epoch 13 step 80/140 loss=1.3287
00:17:22 | INFO    | holoqpi.engine.trainer |   epoch 13 step 100/140 loss=0.9859
00:17:24 | INFO    | holoqpi.engine.trainer |   epoch 13 step 120/140 loss=0.8018
00:18:10 | INFO    | holoqpi.engine.trainer | epoch 13/60 (57s = 13s train + 44s val) | train_loss=0.8586  val_phase_mae=0.2028  val_dice=0.7506  val_cls_acc=0.5984  val_mass_mape=0.2634
00:18:11 | INFO    | holoqpi.engine.trainer |   epoch 14 step 0/140 loss=0.9174
00:18:12 | INFO    | holoqpi.engine.trainer |   epoch 14 step 20/140 loss=0.9297
00:18:14 | INFO    | holoqpi.engine.trainer |   epoch 14 step 40/140 loss=0.8668
00:18:16 | INFO    | holoqpi.engine.trainer |   epoch 14 step 60/140 loss=1.3215
00:18:18 | INFO    | holoqpi.engine.trainer |   epoch 14 step 80/140 loss=0.7896
00:18:20 | INFO    | holoqpi.engine.trainer |   epoch 14 step 100/140 loss=0.6753
00:18:22 | INFO    | holoqpi.engine.trainer |   epoch 14 step 120/140 loss=0.7663
00:19:08 | INFO    | holoqpi.engine.trainer | epoch 14/60 (57s = 13s train + 44s val) | train_loss=0.8646  val_phase_mae=0.1944  val_dice=0.7541  val_cls_acc=0.6378  val_mass_mape=0.2700
00:19:08 | INFO    | holoqpi.engine.trainer |   epoch 15 step 0/140 loss=1.0332
00:19:10 | INFO    | holoqpi.engine.trainer |   epoch 15 step 20/140 loss=0.7701
00:19:12 | INFO    | holoqpi.engine.trainer |   epoch 15 step 40/140 loss=0.7630
00:19:14 | INFO    | holoqpi.engine.trainer |   epoch 15 step 60/140 loss=0.7522
00:19:15 | INFO    | holoqpi.engine.trainer |   epoch 15 step 80/140 loss=0.6510
00:19:17 | INFO    | holoqpi.engine.trainer |   epoch 15 step 100/140 loss=0.7724
00:19:19 | INFO    | holoqpi.engine.trainer |   epoch 15 step 120/140 loss=0.6705
00:20:05 | INFO    | holoqpi.engine.trainer | epoch 15/60 (57s = 13s train + 44s val) | train_loss=0.8507  val_phase_mae=0.1940  val_dice=0.7573  val_cls_acc=0.6378  val_mass_mape=0.3281
00:20:05 | INFO    | holoqpi.engine.trainer |   epoch 16 step 0/140 loss=0.9050
00:20:07 | INFO    | holoqpi.engine.trainer |   epoch 16 step 20/140 loss=0.8241
00:20:09 | INFO    | holoqpi.engine.trainer |   epoch 16 step 40/140 loss=1.1526
00:20:11 | INFO    | holoqpi.engine.trainer |   epoch 16 step 60/140 loss=0.8557
00:20:13 | INFO    | holoqpi.engine.trainer |   epoch 16 step 80/140 loss=0.7883
00:20:15 | INFO    | holoqpi.engine.trainer |   epoch 16 step 100/140 loss=0.6984
00:20:16 | INFO    | holoqpi.engine.trainer |   epoch 16 step 120/140 loss=0.6856
00:21:02 | INFO    | holoqpi.engine.trainer | epoch 16/60 (57s = 13s train + 44s val) | train_loss=0.8555  val_phase_mae=0.1901  val_dice=0.7531  val_cls_acc=0.5827  val_mass_mape=0.2613
00:21:03 | INFO    | holoqpi.engine.trainer |   epoch 17 step 0/140 loss=0.7003
00:21:05 | INFO    | holoqpi.engine.trainer |   epoch 17 step 20/140 loss=0.7801
00:21:06 | INFO    | holoqpi.engine.trainer |   epoch 17 step 40/140 loss=1.0944
00:21:08 | INFO    | holoqpi.engine.trainer |   epoch 17 step 60/140 loss=0.5986
00:21:10 | INFO    | holoqpi.engine.trainer |   epoch 17 step 80/140 loss=1.3175
00:21:12 | INFO    | holoqpi.engine.trainer |   epoch 17 step 100/140 loss=0.7853
00:21:14 | INFO    | holoqpi.engine.trainer |   epoch 17 step 120/140 loss=0.6914
00:22:00 | INFO    | holoqpi.engine.trainer |   new best composite=0.7490
00:22:00 | INFO    | holoqpi.engine.trainer | epoch 17/60 (57s = 13s train + 44s val) | train_loss=0.8381  val_phase_mae=0.1881  val_dice=0.7565  val_cls_acc=0.6457  val_mass_mape=0.2447
00:22:00 | INFO    | holoqpi.engine.trainer |   epoch 18 step 0/140 loss=0.6660
00:22:02 | INFO    | holoqpi.engine.trainer |   epoch 18 step 20/140 loss=0.8572
00:22:04 | INFO    | holoqpi.engine.trainer |   epoch 18 step 40/140 loss=1.0546
00:22:06 | INFO    | holoqpi.engine.trainer |   epoch 18 step 60/140 loss=0.7056
00:22:08 | INFO    | holoqpi.engine.trainer |   epoch 18 step 80/140 loss=0.6604
00:22:10 | INFO    | holoqpi.engine.trainer |   epoch 18 step 100/140 loss=0.6581
00:22:11 | INFO    | holoqpi.engine.trainer |   epoch 18 step 120/140 loss=0.7654
00:22:57 | INFO    | holoqpi.engine.trainer | epoch 18/60 (57s = 13s train + 44s val) | train_loss=0.8573  val_phase_mae=0.1895  val_dice=0.7529  val_cls_acc=0.6693  val_mass_mape=0.2369
00:22:58 | INFO    | holoqpi.engine.trainer |   epoch 19 step 0/140 loss=0.9533
00:23:00 | INFO    | holoqpi.engine.trainer |   epoch 19 step 20/140 loss=0.7517
00:23:02 | INFO    | holoqpi.engine.trainer |   epoch 19 step 40/140 loss=0.8096
00:23:04 | INFO    | holoqpi.engine.trainer |   epoch 19 step 60/140 loss=1.0440
00:23:05 | INFO    | holoqpi.engine.trainer |   epoch 19 step 80/140 loss=1.0360
00:23:07 | INFO    | holoqpi.engine.trainer |   epoch 19 step 100/140 loss=1.1056
00:23:09 | INFO    | holoqpi.engine.trainer |   epoch 19 step 120/140 loss=0.7922
00:23:54 | INFO    | holoqpi.engine.trainer | epoch 19/60 (57s = 13s train + 44s val) | train_loss=0.8374  val_phase_mae=0.1912  val_dice=0.7480  val_cls_acc=0.7008  val_mass_mape=0.2443
00:23:55 | INFO    | holoqpi.engine.trainer |   epoch 20 step 0/140 loss=0.6823
00:23:57 | INFO    | holoqpi.engine.trainer |   epoch 20 step 20/140 loss=0.7314
00:23:58 | INFO    | holoqpi.engine.trainer |   epoch 20 step 40/140 loss=0.6017
00:24:00 | INFO    | holoqpi.engine.trainer |   epoch 20 step 60/140 loss=0.7310
00:24:02 | INFO    | holoqpi.engine.trainer |   epoch 20 step 80/140 loss=0.6975
00:24:03 | INFO    | holoqpi.engine.trainer |   epoch 20 step 100/140 loss=0.8803
00:24:05 | INFO    | holoqpi.engine.trainer |   epoch 20 step 120/140 loss=0.9804
00:24:51 | INFO    | holoqpi.engine.trainer | epoch 20/60 (57s = 13s train + 44s val) | train_loss=0.8300  val_phase_mae=0.1908  val_dice=0.7522  val_cls_acc=0.6614  val_mass_mape=0.2358
00:24:51 | INFO    | holoqpi.engine.trainer |   epoch 21 step 0/140 loss=0.9834
00:24:53 | INFO    | holoqpi.engine.trainer |   epoch 21 step 20/140 loss=0.8072
00:24:55 | INFO    | holoqpi.engine.trainer |   epoch 21 step 40/140 loss=0.7784
00:24:57 | INFO    | holoqpi.engine.trainer |   epoch 21 step 60/140 loss=0.6559
00:24:58 | INFO    | holoqpi.engine.trainer |   epoch 21 step 80/140 loss=0.9005
00:25:00 | INFO    | holoqpi.engine.trainer |   epoch 21 step 100/140 loss=0.7723
00:25:02 | INFO    | holoqpi.engine.trainer |   epoch 21 step 120/140 loss=0.9757
00:25:48 | INFO    | holoqpi.engine.trainer |   new best composite=0.7504
00:25:48 | INFO    | holoqpi.engine.trainer | epoch 21/60 (57s = 13s train + 44s val) | train_loss=0.8175  val_phase_mae=0.1860  val_dice=0.7587  val_cls_acc=0.6772  val_mass_mape=0.2404
00:25:48 | INFO    | holoqpi.engine.trainer |   epoch 22 step 0/140 loss=0.6407
00:25:50 | INFO    | holoqpi.engine.trainer |   epoch 22 step 20/140 loss=0.6631
00:25:52 | INFO    | holoqpi.engine.trainer |   epoch 22 step 40/140 loss=0.6892
00:25:54 | INFO    | holoqpi.engine.trainer |   epoch 22 step 60/140 loss=0.7223
00:25:55 | INFO    | holoqpi.engine.trainer |   epoch 22 step 80/140 loss=0.9291
00:25:57 | INFO    | holoqpi.engine.trainer |   epoch 22 step 100/140 loss=0.6543
00:25:59 | INFO    | holoqpi.engine.trainer |   epoch 22 step 120/140 loss=1.1060
00:26:45 | INFO    | holoqpi.engine.trainer |   new best composite=0.7560
00:26:45 | INFO    | holoqpi.engine.trainer | epoch 22/60 (57s = 13s train + 44s val) | train_loss=0.7986  val_phase_mae=0.1836  val_dice=0.7622  val_cls_acc=0.7244  val_mass_mape=0.2299
00:26:46 | INFO    | holoqpi.engine.trainer |   epoch 23 step 0/140 loss=0.7231
00:26:48 | INFO    | holoqpi.engine.trainer |   epoch 23 step 20/140 loss=0.8080
00:26:49 | INFO    | holoqpi.engine.trainer |   epoch 23 step 40/140 loss=1.0292
00:26:51 | INFO    | holoqpi.engine.trainer |   epoch 23 step 60/140 loss=0.6133
00:26:53 | INFO    | holoqpi.engine.trainer |   epoch 23 step 80/140 loss=0.7023
00:26:55 | INFO    | holoqpi.engine.trainer |   epoch 23 step 100/140 loss=0.7219
00:26:57 | INFO    | holoqpi.engine.trainer |   epoch 23 step 120/140 loss=0.8134
00:27:43 | INFO    | holoqpi.engine.trainer | epoch 23/60 (57s = 13s train + 44s val) | train_loss=0.7972  val_phase_mae=0.1881  val_dice=0.7604  val_cls_acc=0.6929  val_mass_mape=0.2470
00:27:43 | INFO    | holoqpi.engine.trainer |   epoch 24 step 0/140 loss=0.7059
00:27:45 | INFO    | holoqpi.engine.trainer |   epoch 24 step 20/140 loss=0.7320
00:27:47 | INFO    | holoqpi.engine.trainer |   epoch 24 step 40/140 loss=0.7573
00:27:49 | INFO    | holoqpi.engine.trainer |   epoch 24 step 60/140 loss=0.9663
00:27:50 | INFO    | holoqpi.engine.trainer |   epoch 24 step 80/140 loss=0.7006
00:27:52 | INFO    | holoqpi.engine.trainer |   epoch 24 step 100/140 loss=0.8058
00:27:54 | INFO    | holoqpi.engine.trainer |   epoch 24 step 120/140 loss=0.8780
00:28:40 | INFO    | holoqpi.engine.trainer | epoch 24/60 (57s = 13s train + 44s val) | train_loss=0.8108  val_phase_mae=0.1880  val_dice=0.7589  val_cls_acc=0.6772  val_mass_mape=0.2495
00:28:41 | INFO    | holoqpi.engine.trainer |   epoch 25 step 0/140 loss=1.3954
00:28:42 | INFO    | holoqpi.engine.trainer |   epoch 25 step 20/140 loss=0.6277
00:28:44 | INFO    | holoqpi.engine.trainer |   epoch 25 step 40/140 loss=0.6257
00:28:46 | INFO    | holoqpi.engine.trainer |   epoch 25 step 60/140 loss=0.5814
00:28:48 | INFO    | holoqpi.engine.trainer |   epoch 25 step 80/140 loss=0.9584
00:28:50 | INFO    | holoqpi.engine.trainer |   epoch 25 step 100/140 loss=0.7413
00:28:51 | INFO    | holoqpi.engine.trainer |   epoch 25 step 120/140 loss=0.8382
00:29:38 | INFO    | holoqpi.engine.trainer | epoch 25/60 (58s = 13s train + 45s val) | train_loss=0.7937  val_phase_mae=0.1883  val_dice=0.7566  val_cls_acc=0.5827  val_mass_mape=0.2324
00:29:38 | INFO    | holoqpi.engine.trainer |   epoch 26 step 0/140 loss=0.6507
00:29:40 | INFO    | holoqpi.engine.trainer |   epoch 26 step 20/140 loss=0.7530
00:29:42 | INFO    | holoqpi.engine.trainer |   epoch 26 step 40/140 loss=0.9378
00:29:44 | INFO    | holoqpi.engine.trainer |   epoch 26 step 60/140 loss=1.0633
00:29:45 | INFO    | holoqpi.engine.trainer |   epoch 26 step 80/140 loss=0.7724
00:29:47 | INFO    | holoqpi.engine.trainer |   epoch 26 step 100/140 loss=0.6515
00:29:49 | INFO    | holoqpi.engine.trainer |   epoch 26 step 120/140 loss=0.6885
00:30:35 | INFO    | holoqpi.engine.trainer | epoch 26/60 (57s = 13s train + 44s val) | train_loss=0.7925  val_phase_mae=0.1887  val_dice=0.7600  val_cls_acc=0.6614  val_mass_mape=0.2657
00:30:36 | INFO    | holoqpi.engine.trainer |   epoch 27 step 0/140 loss=0.7694
00:30:38 | INFO    | holoqpi.engine.trainer |   epoch 27 step 20/140 loss=0.7207
00:30:39 | INFO    | holoqpi.engine.trainer |   epoch 27 step 40/140 loss=0.8868
00:30:41 | INFO    | holoqpi.engine.trainer |   epoch 27 step 60/140 loss=0.6098
00:30:43 | INFO    | holoqpi.engine.trainer |   epoch 27 step 80/140 loss=0.6569
00:30:45 | INFO    | holoqpi.engine.trainer |   epoch 27 step 100/140 loss=0.7487
00:30:46 | INFO    | holoqpi.engine.trainer |   epoch 27 step 120/140 loss=0.6556
00:31:32 | INFO    | holoqpi.engine.trainer | epoch 27/60 (57s = 13s train + 44s val) | train_loss=0.7768  val_phase_mae=0.1867  val_dice=0.7624  val_cls_acc=0.7087  val_mass_mape=0.2432
00:31:32 | INFO    | holoqpi.engine.trainer |   epoch 28 step 0/140 loss=0.8771
00:31:34 | INFO    | holoqpi.engine.trainer |   epoch 28 step 20/140 loss=0.5407
00:31:36 | INFO    | holoqpi.engine.trainer |   epoch 28 step 40/140 loss=0.8521
00:31:38 | INFO    | holoqpi.engine.trainer |   epoch 28 step 60/140 loss=0.6165
00:31:40 | INFO    | holoqpi.engine.trainer |   epoch 28 step 80/140 loss=0.5563
00:31:41 | INFO    | holoqpi.engine.trainer |   epoch 28 step 100/140 loss=0.7775
00:31:43 | INFO    | holoqpi.engine.trainer |   epoch 28 step 120/140 loss=0.7311
00:32:29 | INFO    | holoqpi.engine.trainer | epoch 28/60 (57s = 13s train + 44s val) | train_loss=0.7801  val_phase_mae=0.1870  val_dice=0.7588  val_cls_acc=0.7559  val_mass_mape=0.2608
00:32:30 | INFO    | holoqpi.engine.trainer |   epoch 29 step 0/140 loss=0.6537
00:32:31 | INFO    | holoqpi.engine.trainer |   epoch 29 step 20/140 loss=0.6818
00:32:33 | INFO    | holoqpi.engine.trainer |   epoch 29 step 40/140 loss=0.7592
00:32:35 | INFO    | holoqpi.engine.trainer |   epoch 29 step 60/140 loss=0.6119
00:32:37 | INFO    | holoqpi.engine.trainer |   epoch 29 step 80/140 loss=0.9327
00:32:39 | INFO    | holoqpi.engine.trainer |   epoch 29 step 100/140 loss=0.6322
00:32:40 | INFO    | holoqpi.engine.trainer |   epoch 29 step 120/140 loss=0.8672
00:33:26 | INFO    | holoqpi.engine.trainer | epoch 29/60 (57s = 13s train + 44s val) | train_loss=0.7512  val_phase_mae=0.1874  val_dice=0.7594  val_cls_acc=0.6535  val_mass_mape=0.2422
00:33:27 | INFO    | holoqpi.engine.trainer |   epoch 30 step 0/140 loss=0.7990
00:33:28 | INFO    | holoqpi.engine.trainer |   epoch 30 step 20/140 loss=0.6679
00:33:30 | INFO    | holoqpi.engine.trainer |   epoch 30 step 40/140 loss=1.0524
00:33:32 | INFO    | holoqpi.engine.trainer |   epoch 30 step 60/140 loss=1.2503
00:33:34 | INFO    | holoqpi.engine.trainer |   epoch 30 step 80/140 loss=0.6986
00:33:36 | INFO    | holoqpi.engine.trainer |   epoch 30 step 100/140 loss=0.6237
00:33:38 | INFO    | holoqpi.engine.trainer |   epoch 30 step 120/140 loss=1.2724
00:34:23 | INFO    | holoqpi.engine.trainer | epoch 30/60 (57s = 13s train + 44s val) | train_loss=0.7648  val_phase_mae=0.1861  val_dice=0.7619  val_cls_acc=0.7402  val_mass_mape=0.2616
00:34:24 | INFO    | holoqpi.engine.trainer |   epoch 31 step 0/140 loss=0.6604
00:34:26 | INFO    | holoqpi.engine.trainer |   epoch 31 step 20/140 loss=0.7057
00:34:28 | INFO    | holoqpi.engine.trainer |   epoch 31 step 40/140 loss=0.6440
00:34:29 | INFO    | holoqpi.engine.trainer |   epoch 31 step 60/140 loss=0.7750
00:34:31 | INFO    | holoqpi.engine.trainer |   epoch 31 step 80/140 loss=0.5672
00:34:33 | INFO    | holoqpi.engine.trainer |   epoch 31 step 100/140 loss=1.3178
00:34:35 | INFO    | holoqpi.engine.trainer |   epoch 31 step 120/140 loss=1.0586
00:35:21 | INFO    | holoqpi.engine.trainer | epoch 31/60 (57s = 13s train + 44s val) | train_loss=0.7670  val_phase_mae=0.1849  val_dice=0.7636  val_cls_acc=0.7323  val_mass_mape=0.2382
00:35:21 | INFO    | holoqpi.engine.trainer |   epoch 32 step 0/140 loss=0.5636
00:35:23 | INFO    | holoqpi.engine.trainer |   epoch 32 step 20/140 loss=0.4776
00:35:25 | INFO    | holoqpi.engine.trainer |   epoch 32 step 40/140 loss=0.9353
00:35:27 | INFO    | holoqpi.engine.trainer |   epoch 32 step 60/140 loss=0.7213
00:35:29 | INFO    | holoqpi.engine.trainer |   epoch 32 step 80/140 loss=0.6312
00:35:30 | INFO    | holoqpi.engine.trainer |   epoch 32 step 100/140 loss=0.7205
00:35:32 | INFO    | holoqpi.engine.trainer |   epoch 32 step 120/140 loss=0.5632
00:36:18 | INFO    | holoqpi.engine.trainer | epoch 32/60 (57s = 13s train + 44s val) | train_loss=0.7606  val_phase_mae=0.1887  val_dice=0.7610  val_cls_acc=0.6850  val_mass_mape=0.2657
00:36:19 | INFO    | holoqpi.engine.trainer |   epoch 33 step 0/140 loss=0.9709
00:36:20 | INFO    | holoqpi.engine.trainer |   epoch 33 step 20/140 loss=0.8178
00:36:22 | INFO    | holoqpi.engine.trainer |   epoch 33 step 40/140 loss=0.8565
00:36:24 | INFO    | holoqpi.engine.trainer |   epoch 33 step 60/140 loss=0.9777
00:36:26 | INFO    | holoqpi.engine.trainer |   epoch 33 step 80/140 loss=0.6765
00:36:27 | INFO    | holoqpi.engine.trainer |   epoch 33 step 100/140 loss=1.0140
00:36:29 | INFO    | holoqpi.engine.trainer |   epoch 33 step 120/140 loss=0.6436
00:37:15 | INFO    | holoqpi.engine.trainer |   new best composite=0.7565
00:37:15 | INFO    | holoqpi.engine.trainer | epoch 33/60 (57s = 13s train + 44s val) | train_loss=0.7507  val_phase_mae=0.1833  val_dice=0.7653  val_cls_acc=0.7165  val_mass_mape=0.2395
00:37:16 | INFO    | holoqpi.engine.trainer |   epoch 34 step 0/140 loss=0.8646
00:37:18 | INFO    | holoqpi.engine.trainer |   epoch 34 step 20/140 loss=0.8084
00:37:20 | INFO    | holoqpi.engine.trainer |   epoch 34 step 40/140 loss=0.6955
00:37:21 | INFO    | holoqpi.engine.trainer |   epoch 34 step 60/140 loss=0.5553
00:37:23 | INFO    | holoqpi.engine.trainer |   epoch 34 step 80/140 loss=0.5898
00:37:25 | INFO    | holoqpi.engine.trainer |   epoch 34 step 100/140 loss=0.5900
00:37:27 | INFO    | holoqpi.engine.trainer |   epoch 34 step 120/140 loss=0.8204
00:38:12 | INFO    | holoqpi.engine.trainer | epoch 34/60 (57s = 13s train + 44s val) | train_loss=0.7449  val_phase_mae=0.1884  val_dice=0.7605  val_cls_acc=0.7480  val_mass_mape=0.2537
00:38:13 | INFO    | holoqpi.engine.trainer |   epoch 35 step 0/140 loss=0.7603
00:38:14 | INFO    | holoqpi.engine.trainer |   epoch 35 step 20/140 loss=0.5298
00:38:16 | INFO    | holoqpi.engine.trainer |   epoch 35 step 40/140 loss=0.7610
00:38:18 | INFO    | holoqpi.engine.trainer |   epoch 35 step 60/140 loss=0.6290
00:38:20 | INFO    | holoqpi.engine.trainer |   epoch 35 step 80/140 loss=0.5720
00:38:22 | INFO    | holoqpi.engine.trainer |   epoch 35 step 100/140 loss=1.1642
00:38:24 | INFO    | holoqpi.engine.trainer |   epoch 35 step 120/140 loss=0.5452
00:39:10 | INFO    | holoqpi.engine.trainer |   new best composite=0.7568
00:39:10 | INFO    | holoqpi.engine.trainer | epoch 35/60 (57s = 13s train + 44s val) | train_loss=0.7344  val_phase_mae=0.1816  val_dice=0.7643  val_cls_acc=0.7402  val_mass_mape=0.2403
00:39:10 | INFO    | holoqpi.engine.trainer |   epoch 36 step 0/140 loss=0.9741
00:39:12 | INFO    | holoqpi.engine.trainer |   epoch 36 step 20/140 loss=0.9353
00:39:14 | INFO    | holoqpi.engine.trainer |   epoch 36 step 40/140 loss=1.1326
00:39:15 | INFO    | holoqpi.engine.trainer |   epoch 36 step 60/140 loss=0.5634
00:39:17 | INFO    | holoqpi.engine.trainer |   epoch 36 step 80/140 loss=0.7129
00:39:19 | INFO    | holoqpi.engine.trainer |   epoch 36 step 100/140 loss=0.5992
00:39:21 | INFO    | holoqpi.engine.trainer |   epoch 36 step 120/140 loss=0.8641
00:40:07 | INFO    | holoqpi.engine.trainer |   new best composite=0.7577
00:40:07 | INFO    | holoqpi.engine.trainer | epoch 36/60 (57s = 13s train + 44s val) | train_loss=0.7337  val_phase_mae=0.1844  val_dice=0.7618  val_cls_acc=0.6457  val_mass_mape=0.2244
00:40:07 | INFO    | holoqpi.engine.trainer |   epoch 37 step 0/140 loss=1.1425
00:40:09 | INFO    | holoqpi.engine.trainer |   epoch 37 step 20/140 loss=0.6050
00:40:11 | INFO    | holoqpi.engine.trainer |   epoch 37 step 40/140 loss=0.9131
00:40:13 | INFO    | holoqpi.engine.trainer |   epoch 37 step 60/140 loss=0.7927
00:40:15 | INFO    | holoqpi.engine.trainer |   epoch 37 step 80/140 loss=0.6493
00:40:16 | INFO    | holoqpi.engine.trainer |   epoch 37 step 100/140 loss=0.7180
00:40:18 | INFO    | holoqpi.engine.trainer |   epoch 37 step 120/140 loss=0.5711
00:41:04 | INFO    | holoqpi.engine.trainer |   new best composite=0.7595
00:41:04 | INFO    | holoqpi.engine.trainer | epoch 37/60 (57s = 13s train + 44s val) | train_loss=0.7289  val_phase_mae=0.1823  val_dice=0.7651  val_cls_acc=0.7087  val_mass_mape=0.2295
00:41:05 | INFO    | holoqpi.engine.trainer |   epoch 38 step 0/140 loss=0.9183
00:41:06 | INFO    | holoqpi.engine.trainer |   epoch 38 step 20/140 loss=0.6941
00:41:08 | INFO    | holoqpi.engine.trainer |   epoch 38 step 40/140 loss=0.9119
00:41:10 | INFO    | holoqpi.engine.trainer |   epoch 38 step 60/140 loss=0.7900
00:41:12 | INFO    | holoqpi.engine.trainer |   epoch 38 step 80/140 loss=1.3296
00:41:14 | INFO    | holoqpi.engine.trainer |   epoch 38 step 100/140 loss=0.8908
00:41:16 | INFO    | holoqpi.engine.trainer |   epoch 38 step 120/140 loss=0.8318
00:42:01 | INFO    | holoqpi.engine.trainer | epoch 38/60 (57s = 13s train + 44s val) | train_loss=0.7291  val_phase_mae=0.1833  val_dice=0.7618  val_cls_acc=0.7638  val_mass_mape=0.2337
00:42:02 | INFO    | holoqpi.engine.trainer |   epoch 39 step 0/140 loss=0.7597
00:42:03 | INFO    | holoqpi.engine.trainer |   epoch 39 step 20/140 loss=0.6547
00:42:05 | INFO    | holoqpi.engine.trainer |   epoch 39 step 40/140 loss=0.6584
00:42:07 | INFO    | holoqpi.engine.trainer |   epoch 39 step 60/140 loss=0.8863
00:42:09 | INFO    | holoqpi.engine.trainer |   epoch 39 step 80/140 loss=0.8615
00:42:11 | INFO    | holoqpi.engine.trainer |   epoch 39 step 100/140 loss=0.8575
00:42:12 | INFO    | holoqpi.engine.trainer |   epoch 39 step 120/140 loss=0.7244
00:42:59 | INFO    | holoqpi.engine.trainer |   new best composite=0.7617
00:42:59 | INFO    | holoqpi.engine.trainer | epoch 39/60 (57s = 13s train + 44s val) | train_loss=0.7371  val_phase_mae=0.1817  val_dice=0.7678  val_cls_acc=0.7559  val_mass_mape=0.2252
00:42:59 | INFO    | holoqpi.engine.trainer |   epoch 40 step 0/140 loss=0.5171
00:43:01 | INFO    | holoqpi.engine.trainer |   epoch 40 step 20/140 loss=0.5643
00:43:03 | INFO    | holoqpi.engine.trainer |   epoch 40 step 40/140 loss=0.5396
00:43:05 | INFO    | holoqpi.engine.trainer |   epoch 40 step 60/140 loss=0.8144
00:43:06 | INFO    | holoqpi.engine.trainer |   epoch 40 step 80/140 loss=0.8584
00:43:08 | INFO    | holoqpi.engine.trainer |   epoch 40 step 100/140 loss=0.6013
00:43:10 | INFO    | holoqpi.engine.trainer |   epoch 40 step 120/140 loss=0.5047
00:43:56 | INFO    | holoqpi.engine.trainer | epoch 40/60 (57s = 13s train + 44s val) | train_loss=0.7136  val_phase_mae=0.1805  val_dice=0.7695  val_cls_acc=0.7244  val_mass_mape=0.2389
00:43:56 | INFO    | holoqpi.engine.trainer |   epoch 41 step 0/140 loss=0.8901
00:43:58 | INFO    | holoqpi.engine.trainer |   epoch 41 step 20/140 loss=0.5885
00:44:00 | INFO    | holoqpi.engine.trainer |   epoch 41 step 40/140 loss=0.5748
00:44:01 | INFO    | holoqpi.engine.trainer |   epoch 41 step 60/140 loss=0.7296
00:44:03 | INFO    | holoqpi.engine.trainer |   epoch 41 step 80/140 loss=0.7274
00:44:05 | INFO    | holoqpi.engine.trainer |   epoch 41 step 100/140 loss=0.7287
00:44:07 | INFO    | holoqpi.engine.trainer |   epoch 41 step 120/140 loss=0.6378
00:44:53 | INFO    | holoqpi.engine.trainer | epoch 41/60 (57s = 13s train + 44s val) | train_loss=0.7073  val_phase_mae=0.1819  val_dice=0.7699  val_cls_acc=0.8425  val_mass_mape=0.2333
00:44:53 | INFO    | holoqpi.engine.trainer |   epoch 42 step 0/140 loss=0.6712
00:44:55 | INFO    | holoqpi.engine.trainer |   epoch 42 step 20/140 loss=0.5255
00:44:57 | INFO    | holoqpi.engine.trainer |   epoch 42 step 40/140 loss=0.4647
00:44:59 | INFO    | holoqpi.engine.trainer |   epoch 42 step 60/140 loss=0.6160
00:45:00 | INFO    | holoqpi.engine.trainer |   epoch 42 step 80/140 loss=0.5222
00:45:02 | INFO    | holoqpi.engine.trainer |   epoch 42 step 100/140 loss=0.8375
00:45:04 | INFO    | holoqpi.engine.trainer |   epoch 42 step 120/140 loss=0.7600
00:45:50 | INFO    | holoqpi.engine.trainer | epoch 42/60 (57s = 13s train + 44s val) | train_loss=0.7179  val_phase_mae=0.1812  val_dice=0.7658  val_cls_acc=0.7559  val_mass_mape=0.2269
00:45:50 | INFO    | holoqpi.engine.trainer |   epoch 43 step 0/140 loss=0.5832
00:45:52 | INFO    | holoqpi.engine.trainer |   epoch 43 step 20/140 loss=0.7117
00:45:54 | INFO    | holoqpi.engine.trainer |   epoch 43 step 40/140 loss=0.6027
00:45:56 | INFO    | holoqpi.engine.trainer |   epoch 43 step 60/140 loss=0.4932
00:45:58 | INFO    | holoqpi.engine.trainer |   epoch 43 step 80/140 loss=0.7504
00:46:00 | INFO    | holoqpi.engine.trainer |   epoch 43 step 100/140 loss=0.5981
00:46:01 | INFO    | holoqpi.engine.trainer |   epoch 43 step 120/140 loss=0.5433
00:46:48 | INFO    | holoqpi.engine.trainer | epoch 43/60 (58s = 13s train + 45s val) | train_loss=0.6950  val_phase_mae=0.1806  val_dice=0.7681  val_cls_acc=0.7559  val_mass_mape=0.2310
00:46:48 | INFO    | holoqpi.engine.trainer |   epoch 44 step 0/140 loss=0.6331
00:46:50 | INFO    | holoqpi.engine.trainer |   epoch 44 step 20/140 loss=0.5452
00:46:52 | INFO    | holoqpi.engine.trainer |   epoch 44 step 40/140 loss=0.7568
00:46:54 | INFO    | holoqpi.engine.trainer |   epoch 44 step 60/140 loss=0.4992
00:46:55 | INFO    | holoqpi.engine.trainer |   epoch 44 step 80/140 loss=0.7321
00:46:57 | INFO    | holoqpi.engine.trainer |   epoch 44 step 100/140 loss=0.6092
00:46:59 | INFO    | holoqpi.engine.trainer |   epoch 44 step 120/140 loss=0.5017
00:47:45 | INFO    | holoqpi.engine.trainer | epoch 44/60 (57s = 13s train + 44s val) | train_loss=0.6958  val_phase_mae=0.1820  val_dice=0.7648  val_cls_acc=0.7402  val_mass_mape=0.2346
00:47:46 | INFO    | holoqpi.engine.trainer |   epoch 45 step 0/140 loss=0.7900
00:47:47 | INFO    | holoqpi.engine.trainer |   epoch 45 step 20/140 loss=0.5693
00:47:49 | INFO    | holoqpi.engine.trainer |   epoch 45 step 40/140 loss=0.6061
00:47:51 | INFO    | holoqpi.engine.trainer |   epoch 45 step 60/140 loss=0.7143
00:47:53 | INFO    | holoqpi.engine.trainer |   epoch 45 step 80/140 loss=0.9933
00:47:54 | INFO    | holoqpi.engine.trainer |   epoch 45 step 100/140 loss=0.6710
00:47:56 | INFO    | holoqpi.engine.trainer |   epoch 45 step 120/140 loss=1.0562
00:48:42 | INFO    | holoqpi.engine.trainer |   new best composite=0.7618
00:48:42 | INFO    | holoqpi.engine.trainer | epoch 45/60 (57s = 13s train + 44s val) | train_loss=0.6945  val_phase_mae=0.1809  val_dice=0.7675  val_cls_acc=0.8504  val_mass_mape=0.2317
00:48:43 | INFO    | holoqpi.engine.trainer |   epoch 46 step 0/140 loss=0.5876
00:48:45 | INFO    | holoqpi.engine.trainer |   epoch 46 step 20/140 loss=0.5711
00:48:46 | INFO    | holoqpi.engine.trainer |   epoch 46 step 40/140 loss=0.8544
00:48:48 | INFO    | holoqpi.engine.trainer |   epoch 46 step 60/140 loss=0.9872
00:48:50 | INFO    | holoqpi.engine.trainer |   epoch 46 step 80/140 loss=0.4918
00:48:52 | INFO    | holoqpi.engine.trainer |   epoch 46 step 100/140 loss=0.7150
00:48:54 | INFO    | holoqpi.engine.trainer |   epoch 46 step 120/140 loss=0.6958
00:49:40 | INFO    | holoqpi.engine.trainer |   new best composite=0.7625
00:49:40 | INFO    | holoqpi.engine.trainer | epoch 46/60 (57s = 13s train + 44s val) | train_loss=0.6994  val_phase_mae=0.1796  val_dice=0.7662  val_cls_acc=0.7795  val_mass_mape=0.2236
00:49:40 | INFO    | holoqpi.engine.trainer |   epoch 47 step 0/140 loss=0.6218
00:49:42 | INFO    | holoqpi.engine.trainer |   epoch 47 step 20/140 loss=0.7452
00:49:44 | INFO    | holoqpi.engine.trainer |   epoch 47 step 40/140 loss=0.6041
00:49:46 | INFO    | holoqpi.engine.trainer |   epoch 47 step 60/140 loss=0.9540
00:49:48 | INFO    | holoqpi.engine.trainer |   epoch 47 step 80/140 loss=0.6816
00:49:49 | INFO    | holoqpi.engine.trainer |   epoch 47 step 100/140 loss=0.5846
00:49:51 | INFO    | holoqpi.engine.trainer |   epoch 47 step 120/140 loss=0.8358
00:50:37 | INFO    | holoqpi.engine.trainer | epoch 47/60 (58s = 13s train + 45s val) | train_loss=0.6875  val_phase_mae=0.1798  val_dice=0.7679  val_cls_acc=0.8110  val_mass_mape=0.2331
00:50:38 | INFO    | holoqpi.engine.trainer |   epoch 48 step 0/140 loss=0.5320
00:50:40 | INFO    | holoqpi.engine.trainer |   epoch 48 step 20/140 loss=0.5801
00:50:41 | INFO    | holoqpi.engine.trainer |   epoch 48 step 40/140 loss=0.5394
00:50:43 | INFO    | holoqpi.engine.trainer |   epoch 48 step 60/140 loss=0.5576
00:50:45 | INFO    | holoqpi.engine.trainer |   epoch 48 step 80/140 loss=0.5712
00:50:47 | INFO    | holoqpi.engine.trainer |   epoch 48 step 100/140 loss=0.5493
00:50:49 | INFO    | holoqpi.engine.trainer |   epoch 48 step 120/140 loss=0.5957
00:51:34 | INFO    | holoqpi.engine.trainer | epoch 48/60 (57s = 13s train + 44s val) | train_loss=0.6831  val_phase_mae=0.1809  val_dice=0.7654  val_cls_acc=0.8189  val_mass_mape=0.2213
00:51:35 | INFO    | holoqpi.engine.trainer |   epoch 49 step 0/140 loss=0.6694
00:51:37 | INFO    | holoqpi.engine.trainer |   epoch 49 step 20/140 loss=0.5901
00:51:39 | INFO    | holoqpi.engine.trainer |   epoch 49 step 40/140 loss=0.6107
00:51:40 | INFO    | holoqpi.engine.trainer |   epoch 49 step 60/140 loss=0.8925
00:51:42 | INFO    | holoqpi.engine.trainer |   epoch 49 step 80/140 loss=0.4447
00:51:44 | INFO    | holoqpi.engine.trainer |   epoch 49 step 100/140 loss=0.5744
00:51:46 | INFO    | holoqpi.engine.trainer |   epoch 49 step 120/140 loss=0.9898
00:52:32 | INFO    | holoqpi.engine.trainer | epoch 49/60 (57s = 13s train + 44s val) | train_loss=0.6881  val_phase_mae=0.1798  val_dice=0.7706  val_cls_acc=0.8110  val_mass_mape=0.2321
00:52:32 | INFO    | holoqpi.engine.trainer |   epoch 50 step 0/140 loss=0.6275
00:52:34 | INFO    | holoqpi.engine.trainer |   epoch 50 step 20/140 loss=0.6765
00:52:36 | INFO    | holoqpi.engine.trainer |   epoch 50 step 40/140 loss=0.5325
00:52:37 | INFO    | holoqpi.engine.trainer |   epoch 50 step 60/140 loss=0.4897
00:52:39 | INFO    | holoqpi.engine.trainer |   epoch 50 step 80/140 loss=0.6248
00:52:41 | INFO    | holoqpi.engine.trainer |   epoch 50 step 100/140 loss=0.8294
00:52:43 | INFO    | holoqpi.engine.trainer |   epoch 50 step 120/140 loss=0.5671
00:53:29 | INFO    | holoqpi.engine.trainer |   new best composite=0.7643
00:53:29 | INFO    | holoqpi.engine.trainer | epoch 50/60 (57s = 13s train + 44s val) | train_loss=0.6842  val_phase_mae=0.1795  val_dice=0.7696  val_cls_acc=0.8346  val_mass_mape=0.2243
00:53:30 | INFO    | holoqpi.engine.trainer |   epoch 51 step 0/140 loss=0.5341
00:53:32 | INFO    | holoqpi.engine.trainer |   epoch 51 step 20/140 loss=0.5128
00:53:33 | INFO    | holoqpi.engine.trainer |   epoch 51 step 40/140 loss=0.8334
00:53:35 | INFO    | holoqpi.engine.trainer |   epoch 51 step 60/140 loss=0.6560
00:53:37 | INFO    | holoqpi.engine.trainer |   epoch 51 step 80/140 loss=0.5982
00:53:39 | INFO    | holoqpi.engine.trainer |   epoch 51 step 100/140 loss=1.1093
00:53:41 | INFO    | holoqpi.engine.trainer |   epoch 51 step 120/140 loss=0.5775
00:54:26 | INFO    | holoqpi.engine.trainer | epoch 51/60 (57s = 13s train + 44s val) | train_loss=0.6801  val_phase_mae=0.1802  val_dice=0.7678  val_cls_acc=0.8110  val_mass_mape=0.2274
00:54:27 | INFO    | holoqpi.engine.trainer |   epoch 52 step 0/140 loss=0.5809
00:54:29 | INFO    | holoqpi.engine.trainer |   epoch 52 step 20/140 loss=1.0901
00:54:30 | INFO    | holoqpi.engine.trainer |   epoch 52 step 40/140 loss=0.7958
00:54:32 | INFO    | holoqpi.engine.trainer |   epoch 52 step 60/140 loss=0.5174
00:54:34 | INFO    | holoqpi.engine.trainer |   epoch 52 step 80/140 loss=0.6551
00:54:36 | INFO    | holoqpi.engine.trainer |   epoch 52 step 100/140 loss=0.6257
00:54:38 | INFO    | holoqpi.engine.trainer |   epoch 52 step 120/140 loss=0.7789
00:55:23 | INFO    | holoqpi.engine.trainer | epoch 52/60 (57s = 13s train + 44s val) | train_loss=0.6816  val_phase_mae=0.1803  val_dice=0.7681  val_cls_acc=0.7953  val_mass_mape=0.2313
00:55:24 | INFO    | holoqpi.engine.trainer |   epoch 53 step 0/140 loss=1.0060
00:55:26 | INFO    | holoqpi.engine.trainer |   epoch 53 step 20/140 loss=1.0593
00:55:27 | INFO    | holoqpi.engine.trainer |   epoch 53 step 40/140 loss=0.6178
00:55:29 | INFO    | holoqpi.engine.trainer |   epoch 53 step 60/140 loss=0.7906
00:55:31 | INFO    | holoqpi.engine.trainer |   epoch 53 step 80/140 loss=0.4359
00:55:33 | INFO    | holoqpi.engine.trainer |   epoch 53 step 100/140 loss=0.5439
00:55:34 | INFO    | holoqpi.engine.trainer |   epoch 53 step 120/140 loss=0.5646
00:56:20 | INFO    | holoqpi.engine.trainer | epoch 53/60 (57s = 13s train + 44s val) | train_loss=0.6696  val_phase_mae=0.1797  val_dice=0.7696  val_cls_acc=0.7795  val_mass_mape=0.2254
00:56:20 | INFO    | holoqpi.engine.trainer |   epoch 54 step 0/140 loss=0.4455
00:56:22 | INFO    | holoqpi.engine.trainer |   epoch 54 step 20/140 loss=0.9776
00:56:24 | INFO    | holoqpi.engine.trainer |   epoch 54 step 40/140 loss=0.6485
00:56:26 | INFO    | holoqpi.engine.trainer |   epoch 54 step 60/140 loss=0.5020
00:56:28 | INFO    | holoqpi.engine.trainer |   epoch 54 step 80/140 loss=0.4762
00:56:30 | INFO    | holoqpi.engine.trainer |   epoch 54 step 100/140 loss=0.9391
00:56:32 | INFO    | holoqpi.engine.trainer |   epoch 54 step 120/140 loss=1.2297
00:57:18 | INFO    | holoqpi.engine.trainer | epoch 54/60 (58s = 13s train + 44s val) | train_loss=0.6636  val_phase_mae=0.1799  val_dice=0.7687  val_cls_acc=0.8189  val_mass_mape=0.2260
00:57:18 | INFO    | holoqpi.engine.trainer |   epoch 55 step 0/140 loss=0.5383
00:57:20 | INFO    | holoqpi.engine.trainer |   epoch 55 step 20/140 loss=0.4882
00:57:22 | INFO    | holoqpi.engine.trainer |   epoch 55 step 40/140 loss=0.6337
00:57:24 | INFO    | holoqpi.engine.trainer |   epoch 55 step 60/140 loss=0.8746
00:57:26 | INFO    | holoqpi.engine.trainer |   epoch 55 step 80/140 loss=0.7806
00:57:28 | INFO    | holoqpi.engine.trainer |   epoch 55 step 100/140 loss=0.7697
00:57:29 | INFO    | holoqpi.engine.trainer |   epoch 55 step 120/140 loss=0.5672
00:58:15 | INFO    | holoqpi.engine.trainer | epoch 55/60 (58s = 13s train + 44s val) | train_loss=0.6860  val_phase_mae=0.1800  val_dice=0.7682  val_cls_acc=0.8425  val_mass_mape=0.2258
00:58:16 | INFO    | holoqpi.engine.trainer |   epoch 56 step 0/140 loss=0.6207
00:58:18 | INFO    | holoqpi.engine.trainer |   epoch 56 step 20/140 loss=0.6987
00:58:19 | INFO    | holoqpi.engine.trainer |   epoch 56 step 40/140 loss=0.5675
00:58:21 | INFO    | holoqpi.engine.trainer |   epoch 56 step 60/140 loss=0.6098
00:58:23 | INFO    | holoqpi.engine.trainer |   epoch 56 step 80/140 loss=0.7315
00:58:25 | INFO    | holoqpi.engine.trainer |   epoch 56 step 100/140 loss=0.5670
00:58:26 | INFO    | holoqpi.engine.trainer |   epoch 56 step 120/140 loss=0.5521
00:59:12 | INFO    | holoqpi.engine.trainer | epoch 56/60 (57s = 13s train + 44s val) | train_loss=0.6714  val_phase_mae=0.1801  val_dice=0.7699  val_cls_acc=0.8031  val_mass_mape=0.2341
00:59:13 | INFO    | holoqpi.engine.trainer |   epoch 57 step 0/140 loss=0.7516
00:59:15 | INFO    | holoqpi.engine.trainer |   epoch 57 step 20/140 loss=0.5841
00:59:16 | INFO    | holoqpi.engine.trainer |   epoch 57 step 40/140 loss=0.5750
00:59:18 | INFO    | holoqpi.engine.trainer |   epoch 57 step 60/140 loss=0.4640
00:59:20 | INFO    | holoqpi.engine.trainer |   epoch 57 step 80/140 loss=0.5959
00:59:22 | INFO    | holoqpi.engine.trainer |   epoch 57 step 100/140 loss=0.6396
00:59:24 | INFO    | holoqpi.engine.trainer |   epoch 57 step 120/140 loss=0.5505
01:00:09 | INFO    | holoqpi.engine.trainer | epoch 57/60 (57s = 13s train + 44s val) | train_loss=0.6692  val_phase_mae=0.1794  val_dice=0.7694  val_cls_acc=0.8346  val_mass_mape=0.2221
01:00:10 | INFO    | holoqpi.engine.trainer |   epoch 58 step 0/140 loss=0.7134
01:00:11 | INFO    | holoqpi.engine.trainer |   epoch 58 step 20/140 loss=0.5191
01:00:13 | INFO    | holoqpi.engine.trainer |   epoch 58 step 40/140 loss=0.5137
01:00:15 | INFO    | holoqpi.engine.trainer |   epoch 58 step 60/140 loss=0.5342
01:00:17 | INFO    | holoqpi.engine.trainer |   epoch 58 step 80/140 loss=0.5584
01:00:19 | INFO    | holoqpi.engine.trainer |   epoch 58 step 100/140 loss=0.5551
01:00:20 | INFO    | holoqpi.engine.trainer |   epoch 58 step 120/140 loss=0.9543
01:01:06 | INFO    | holoqpi.engine.trainer | epoch 58/60 (57s = 13s train + 44s val) | train_loss=0.6587  val_phase_mae=0.1797  val_dice=0.7699  val_cls_acc=0.8110  val_mass_mape=0.2314
01:01:07 | INFO    | holoqpi.engine.trainer |   epoch 59 step 0/140 loss=0.6740
01:01:08 | INFO    | holoqpi.engine.trainer |   epoch 59 step 20/140 loss=0.9394
01:01:10 | INFO    | holoqpi.engine.trainer |   epoch 59 step 40/140 loss=1.2781
01:01:12 | INFO    | holoqpi.engine.trainer |   epoch 59 step 60/140 loss=0.6291
01:01:14 | INFO    | holoqpi.engine.trainer |   epoch 59 step 80/140 loss=0.5526
01:01:16 | INFO    | holoqpi.engine.trainer |   epoch 59 step 100/140 loss=0.6042
01:01:18 | INFO    | holoqpi.engine.trainer |   epoch 59 step 120/140 loss=1.0905
01:02:04 | INFO    | holoqpi.engine.trainer | epoch 59/60 (58s = 13s train + 45s val) | train_loss=0.6636  val_phase_mae=0.1796  val_dice=0.7699  val_cls_acc=0.8189  val_mass_mape=0.2300
01:02:04 | INFO    | holoqpi.engine.trainer |   epoch 60 step 0/140 loss=0.5088
01:02:06 | INFO    | holoqpi.engine.trainer |   epoch 60 step 20/140 loss=0.5623
01:02:08 | INFO    | holoqpi.engine.trainer |   epoch 60 step 40/140 loss=0.5238
01:02:10 | INFO    | holoqpi.engine.trainer |   epoch 60 step 60/140 loss=0.5576
01:02:12 | INFO    | holoqpi.engine.trainer |   epoch 60 step 80/140 loss=0.6101
01:02:13 | INFO    | holoqpi.engine.trainer |   epoch 60 step 100/140 loss=0.6379
01:02:15 | INFO    | holoqpi.engine.trainer |   epoch 60 step 120/140 loss=0.8436
01:03:01 | INFO    | holoqpi.engine.trainer | epoch 60/60 (57s = 13s train + 44s val) | train_loss=0.6640  val_phase_mae=0.1795  val_dice=0.7702  val_cls_acc=0.7953  val_mass_mape=0.2298
01:03:01 | INFO    | holoqpi.engine.trainer | training finished; best epoch 50 (composite=0.7643)
01:03:01 | INFO    | holoqpi.engine.trainer | checkpoint best_model.pt: 446/446 tensors matched
01:03:40 | INFO    | holoqpi.engine.compare | modality=gabor test metrics written to runs/physics_coupling_only_s1337_gabor
01:03:41 | INFO    | holoqpi.engine.compare | comparison table written to runs/physics_coupling_only_s1337_modality_comparison.csv
