16:16:04 | INFO    | holoqpi.models.encoders | loading pretrained mobilenet_v2 from weights/mobilenet_v2-b0353104.pth
16:16:04 | INFO    | holoqpi.models.encoders | loading pretrained mobilenet_v2 from weights/mobilenet_v2-b0353104.pth
16:16:05 | INFO    | holoqpi.models.encoders | encoder=mobilenet_v2 in_channels=1 pretrained=True weights=local (weights) stages=[16, 24, 32, 96, 1280]
16:16:05 | INFO    | holoqpi.models.holonet | HoloQPINet built: 9.61M parameters, 9.61M trainable (100.0%)
16:16:06 | INFO    | holoqpi.engine.trainer | checkpoint best_model.pt: 448/448 tensors matched
16:16:06 | INFO    | holoqpi.data.dataset | test split: 113 samples | modality=off_axis | crop=None | augment=False
16:16:59 | INFO    | holoqpi | labels from membrane_mask -> metrics_test_membrane.json
16:16:59 | INFO    | holoqpi |   amplitude_bias                     0.0339
16:16:59 | INFO    | holoqpi |   amplitude_bias_in_cell             0.0169
16:16:59 | INFO    | holoqpi |   amplitude_mae                      0.0651
16:16:59 | INFO    | holoqpi |   amplitude_mae_in_cell              0.0684
16:16:59 | INFO    | holoqpi |   amplitude_mae_over_unity           0.4429
16:16:59 | INFO    | holoqpi |   amplitude_n_images                 113
16:16:59 | INFO    | holoqpi |   amplitude_pearson_r                0.9047
16:16:59 | INFO    | holoqpi |   amplitude_pred_mean                1.0324
16:16:59 | INFO    | holoqpi |   amplitude_pred_sd                  0.1207
16:16:59 | INFO    | holoqpi |   amplitude_reference_mean           0.9985
16:16:59 | INFO    | holoqpi |   amplitude_rmse                     0.1004
16:16:59 | INFO    | holoqpi |   amplitude_unity_mae                0.1469
16:16:59 | INFO    | holoqpi |   area_bootstrap_fields              88
16:16:59 | INFO    | holoqpi |   area_bootstrap_resamples           2000
16:16:59 | INFO    | holoqpi |   area_cell_pearson_r                0.8325
16:16:59 | INFO    | holoqpi |   area_cell_pearson_r_ci_lower       0.7773
16:16:59 | INFO    | holoqpi |   area_cell_pearson_r_ci_upper       0.8748
16:16:59 | INFO    | holoqpi |   area_field_total_bias              -0.4674
16:16:59 | INFO    | holoqpi |   area_field_total_mape              0.4789
16:16:59 | INFO    | holoqpi |   area_field_total_pearson_r         0.2637
16:16:59 | INFO    | holoqpi |   area_image_pearson_r               0.8055
16:16:59 | INFO    | holoqpi |   area_loa_lower                     -0.7382
16:16:59 | INFO    | holoqpi |   area_loa_upper                     -0.0001
16:16:59 | INFO    | holoqpi |   area_mae                           232.6658
16:16:59 | INFO    | holoqpi |   area_mape                          0.3114
16:16:59 | INFO    | holoqpi |   area_mape_ci_lower                 0.2976
16:16:59 | INFO    | holoqpi |   area_mape_ci_upper                 0.3253
16:16:59 | INFO    | holoqpi |   area_mape_coverage_adjusted        0.9243
16:16:59 | INFO    | holoqpi |   area_median_relative_bias          -0.4067
16:16:59 | INFO    | holoqpi |   area_n_cells                       394
16:16:59 | INFO    | holoqpi |   area_n_fields                      113
16:16:59 | INFO    | holoqpi |   area_relative_bias                 -0.3691
16:16:59 | INFO    | holoqpi |   cell_count_ratio                   0.6384
16:16:59 | INFO    | holoqpi |   cells_detected                     2288
16:16:59 | INFO    | holoqpi |   cells_false_positive               1894
16:16:59 | INFO    | holoqpi |   cells_matched                      394
16:16:59 | INFO    | holoqpi |   cells_missed                       3190
16:16:59 | INFO    | holoqpi |   cells_reference                    3584
16:16:59 | INFO    | holoqpi |   circularity_bootstrap_fields       88
16:16:59 | INFO    | holoqpi |   circularity_bootstrap_resamples    2000
16:16:59 | INFO    | holoqpi |   circularity_cell_pearson_r         0.3935
16:16:59 | INFO    | holoqpi |   circularity_cell_pearson_r_ci_lower 0.2675
16:16:59 | INFO    | holoqpi |   circularity_cell_pearson_r_ci_upper 0.4903
16:16:59 | INFO    | holoqpi |   circularity_image_pearson_r        0.1585
16:16:59 | INFO    | holoqpi |   circularity_loa_lower              -0.0386
16:16:59 | INFO    | holoqpi |   circularity_loa_upper              0.7440
16:16:59 | INFO    | holoqpi |   circularity_mae                    0.2565
16:16:59 | INFO    | holoqpi |   circularity_mape                   0.5018
16:16:59 | INFO    | holoqpi |   circularity_mape_ci_lower          0.4382
16:16:59 | INFO    | holoqpi |   circularity_mape_ci_upper          0.5695
16:16:59 | INFO    | holoqpi |   circularity_mape_coverage_adjusted 0.9452
16:16:59 | INFO    | holoqpi |   circularity_median_relative_bias   0.3648
16:16:59 | INFO    | holoqpi |   circularity_n_cells                394
16:16:59 | INFO    | holoqpi |   circularity_relative_bias          0.3527
16:16:59 | INFO    | holoqpi |   coverage                           0.1099
16:16:59 | INFO    | holoqpi |   detection_f1                       0.1342
16:16:59 | INFO    | holoqpi |   detection_precision                0.1722
16:16:59 | INFO    | holoqpi |   detection_recall                   0.1099
16:16:59 | INFO    | holoqpi |   dry_mass_bootstrap_fields          88
16:16:59 | INFO    | holoqpi |   dry_mass_bootstrap_resamples       2000
16:16:59 | INFO    | holoqpi |   dry_mass_cell_pearson_r            0.9307
16:16:59 | INFO    | holoqpi |   dry_mass_cell_pearson_r_ci_lower   0.9043
16:16:59 | INFO    | holoqpi |   dry_mass_cell_pearson_r_ci_upper   0.9512
16:16:59 | INFO    | holoqpi |   dry_mass_field_total_bias          0.5542
16:16:59 | INFO    | holoqpi |   dry_mass_field_total_mape          0.5542
16:16:59 | INFO    | holoqpi |   dry_mass_field_total_pearson_r     0.8699
16:16:59 | INFO    | holoqpi |   dry_mass_image_pearson_r           0.9317
16:16:59 | INFO    | holoqpi |   dry_mass_loa_lower                 -0.2697
16:16:59 | INFO    | holoqpi |   dry_mass_loa_upper                 0.3112
16:16:59 | INFO    | holoqpi |   dry_mass_mae                       40.0784
16:16:59 | INFO    | holoqpi |   dry_mass_mape                      0.1741
16:16:59 | INFO    | holoqpi |   dry_mass_mape_ci_lower             0.1558
16:16:59 | INFO    | holoqpi |   dry_mass_mape_ci_upper             0.1954
16:16:59 | INFO    | holoqpi |   dry_mass_mape_coverage_adjusted    0.9092
16:16:59 | INFO    | holoqpi |   dry_mass_median_relative_bias      -0.0024
16:16:59 | INFO    | holoqpi |   dry_mass_n_cells                   394
16:16:59 | INFO    | holoqpi |   dry_mass_n_fields                  113
16:16:59 | INFO    | holoqpi |   dry_mass_relative_bias             0.0208
16:16:59 | INFO    | holoqpi |   false_positive_median_area_um2     357.2694
16:16:59 | INFO    | holoqpi |   forward_distance_um                33.7700
16:16:59 | INFO    | holoqpi |   forward_residual                   0.8699
16:16:59 | INFO    | holoqpi |   forward_residual_n                 113
16:16:59 | INFO    | holoqpi |   forward_residual_ratio             1.0061
16:16:59 | INFO    | holoqpi |   forward_residual_reference         0.8647
16:16:59 | INFO    | holoqpi |   missed_median_area_um2             147.4928
16:16:59 | INFO    | holoqpi |   optical_volume_bootstrap_fields    88
16:16:59 | INFO    | holoqpi |   optical_volume_bootstrap_resamples 2000
16:16:59 | INFO    | holoqpi |   optical_volume_cell_pearson_r      0.9307
16:16:59 | INFO    | holoqpi |   optical_volume_cell_pearson_r_ci_lower 0.9043
16:16:59 | INFO    | holoqpi |   optical_volume_cell_pearson_r_ci_upper 0.9512
16:16:59 | INFO    | holoqpi |   optical_volume_field_total_bias    0.5542
16:16:59 | INFO    | holoqpi |   optical_volume_field_total_mape    0.5542
16:16:59 | INFO    | holoqpi |   optical_volume_field_total_pearson_r 0.8699
16:16:59 | INFO    | holoqpi |   optical_volume_image_pearson_r     0.9317
16:16:59 | INFO    | holoqpi |   optical_volume_loa_lower           -0.2697
16:16:59 | INFO    | holoqpi |   optical_volume_loa_upper           0.3112
16:16:59 | INFO    | holoqpi |   optical_volume_mae                 75.6217
16:16:59 | INFO    | holoqpi |   optical_volume_mape                0.1741
16:16:59 | INFO    | holoqpi |   optical_volume_mape_ci_lower       0.1558
16:16:59 | INFO    | holoqpi |   optical_volume_mape_ci_upper       0.1954
16:16:59 | INFO    | holoqpi |   optical_volume_mape_coverage_adjusted 0.9092
16:16:59 | INFO    | holoqpi |   optical_volume_median_relative_bias -0.0024
16:16:59 | INFO    | holoqpi |   optical_volume_n_cells             394
16:16:59 | INFO    | holoqpi |   optical_volume_n_fields            113
16:16:59 | INFO    | holoqpi |   optical_volume_relative_bias       0.0208
16:16:59 | INFO    | holoqpi |   phase_bias_rad                     0.0039
16:16:59 | INFO    | holoqpi |   phase_bias_rad_background          0.0090
16:16:59 | INFO    | holoqpi |   phase_bias_rad_in_cell             -0.0122
16:16:59 | INFO    | holoqpi |   phase_mae_rad                      0.1633
16:16:59 | INFO    | holoqpi |   phase_mae_rad_background           0.1629
16:16:59 | INFO    | holoqpi |   phase_mae_rad_in_cell              0.1647
16:16:59 | INFO    | holoqpi |   phase_n_images                     113
16:16:59 | INFO    | holoqpi |   phase_pearson_r                    0.8631
16:16:59 | INFO    | holoqpi |   phase_psnr_db                      30.8281
16:16:59 | INFO    | holoqpi |   phase_rmse_rad                     0.2516
16:16:59 | INFO    | holoqpi |   phase_ssim                         0.6246
16:16:59 | INFO    | holoqpi |   seg_aji                            0.2357
16:16:59 | INFO    | holoqpi |   seg_boundary_f1                    0.0644
16:16:59 | INFO    | holoqpi |   seg_dice                           0.4987
16:16:59 | INFO    | holoqpi |   seg_dice_macro                     0.4987
16:16:59 | INFO    | holoqpi |   seg_instance_count_mape            0.5541
16:16:59 | INFO    | holoqpi |   seg_iou                            0.3322
16:16:59 | INFO    | holoqpi |   seg_n_images                       113
