09:06:22 | INFO    | holoqpi.models.encoders | loading pretrained mobilenet_v2 from weights/mobilenet_v2-b0353104.pth
09:06:22 | INFO    | holoqpi.models.encoders | loading pretrained mobilenet_v2 from weights/mobilenet_v2-b0353104.pth
09:06:22 | INFO    | holoqpi.models.encoders | encoder=mobilenet_v2 in_channels=1 pretrained=True weights=local (weights) stages=[16, 24, 32, 96, 1280]
09:06:22 | INFO    | holoqpi.models.holonet | HoloQPINet built: 9.60M parameters, 9.60M trainable (100.0%)
09:06:24 | INFO    | holoqpi.engine.trainer | checkpoint best_model.pt: 440/440 tensors matched
09:06:24 | INFO    | holoqpi.data.dataset | test split: 113 samples | modality=off_axis | crop=None | augment=False
09:07:18 | INFO    | holoqpi | labels from membrane_mask -> metrics_test_membrane.json
09:07:18 | INFO    | holoqpi |   area_bootstrap_fields              90
09:07:18 | INFO    | holoqpi |   area_bootstrap_resamples           2000
09:07:18 | INFO    | holoqpi |   area_cell_pearson_r                0.8123
09:07:18 | INFO    | holoqpi |   area_cell_pearson_r_ci_lower       0.7522
09:07:18 | INFO    | holoqpi |   area_cell_pearson_r_ci_upper       0.8598
09:07:18 | INFO    | holoqpi |   area_field_total_bias              -0.4632
09:07:18 | INFO    | holoqpi |   area_field_total_mape              0.4758
09:07:18 | INFO    | holoqpi |   area_field_total_pearson_r         0.2687
09:07:18 | INFO    | holoqpi |   area_image_pearson_r               0.7732
09:07:18 | INFO    | holoqpi |   area_loa_lower                     -0.7346
09:07:18 | INFO    | holoqpi |   area_loa_upper                     0.0432
09:07:18 | INFO    | holoqpi |   area_mae                           229.2345
09:07:18 | INFO    | holoqpi |   area_mape                          0.3104
09:07:18 | INFO    | holoqpi |   area_mape_ci_lower                 0.2960
09:07:18 | INFO    | holoqpi |   area_mape_ci_upper                 0.3249
09:07:18 | INFO    | holoqpi |   area_mape_coverage_adjusted        0.9211
09:07:18 | INFO    | holoqpi |   area_median_relative_bias          -0.3825
09:07:18 | INFO    | holoqpi |   area_n_cells                       410
09:07:18 | INFO    | holoqpi |   area_n_fields                      113
09:07:18 | INFO    | holoqpi |   area_relative_bias                 -0.3457
09:07:18 | INFO    | holoqpi |   cell_count_ratio                   0.6150
09:07:18 | INFO    | holoqpi |   cells_detected                     2204
09:07:18 | INFO    | holoqpi |   cells_false_positive               1794
09:07:18 | INFO    | holoqpi |   cells_matched                      410
09:07:18 | INFO    | holoqpi |   cells_missed                       3174
09:07:18 | INFO    | holoqpi |   cells_reference                    3584
09:07:18 | INFO    | holoqpi |   circularity_bootstrap_fields       90
09:07:18 | INFO    | holoqpi |   circularity_bootstrap_resamples    2000
09:07:18 | INFO    | holoqpi |   circularity_cell_pearson_r         0.3903
09:07:18 | INFO    | holoqpi |   circularity_cell_pearson_r_ci_lower 0.2564
09:07:18 | INFO    | holoqpi |   circularity_cell_pearson_r_ci_upper 0.4870
09:07:18 | INFO    | holoqpi |   circularity_image_pearson_r        0.1688
09:07:18 | INFO    | holoqpi |   circularity_loa_lower              -0.0667
09:07:18 | INFO    | holoqpi |   circularity_loa_upper              0.7527
09:07:18 | INFO    | holoqpi |   circularity_mae                    0.2567
09:07:18 | INFO    | holoqpi |   circularity_mape                   0.5046
09:07:18 | INFO    | holoqpi |   circularity_mape_ci_lower          0.4432
09:07:18 | INFO    | holoqpi |   circularity_mape_ci_upper          0.5687
09:07:18 | INFO    | holoqpi |   circularity_mape_coverage_adjusted 0.9433
09:07:18 | INFO    | holoqpi |   circularity_median_relative_bias   0.3499
09:07:18 | INFO    | holoqpi |   circularity_n_cells                410
09:07:18 | INFO    | holoqpi |   circularity_relative_bias          0.3430
09:07:18 | INFO    | holoqpi |   coverage                           0.1144
09:07:18 | INFO    | holoqpi |   detection_f1                       0.1417
09:07:18 | INFO    | holoqpi |   detection_precision                0.1860
09:07:18 | INFO    | holoqpi |   detection_recall                   0.1144
09:07:18 | INFO    | holoqpi |   dry_mass_bootstrap_fields          90
09:07:18 | INFO    | holoqpi |   dry_mass_bootstrap_resamples       2000
09:07:18 | INFO    | holoqpi |   dry_mass_cell_pearson_r            0.9285
09:07:18 | INFO    | holoqpi |   dry_mass_cell_pearson_r_ci_lower   0.9071
09:07:18 | INFO    | holoqpi |   dry_mass_cell_pearson_r_ci_upper   0.9467
09:07:18 | INFO    | holoqpi |   dry_mass_field_total_bias          0.5232
09:07:18 | INFO    | holoqpi |   dry_mass_field_total_mape          0.5232
09:07:18 | INFO    | holoqpi |   dry_mass_field_total_pearson_r     0.8845
09:07:18 | INFO    | holoqpi |   dry_mass_image_pearson_r           0.9468
09:07:18 | INFO    | holoqpi |   dry_mass_loa_lower                 -0.4218
09:07:18 | INFO    | holoqpi |   dry_mass_loa_upper                 0.5056
09:07:18 | INFO    | holoqpi |   dry_mass_mae                       39.5660
09:07:18 | INFO    | holoqpi |   dry_mass_mape                      0.2492
09:07:18 | INFO    | holoqpi |   dry_mass_mape_ci_lower             0.1571
09:07:18 | INFO    | holoqpi |   dry_mass_mape_ci_upper             0.3987
09:07:18 | INFO    | holoqpi |   dry_mass_mape_coverage_adjusted    0.9141
09:07:18 | INFO    | holoqpi |   dry_mass_median_relative_bias      0.0130
09:07:18 | INFO    | holoqpi |   dry_mass_n_cells                   410
09:07:18 | INFO    | holoqpi |   dry_mass_n_fields                  113
09:07:18 | INFO    | holoqpi |   dry_mass_relative_bias             0.0419
09:07:18 | INFO    | holoqpi |   false_positive_median_area_um2     375.4474
09:07:18 | INFO    | holoqpi |   forward_distance_um                33.7700
09:07:18 | INFO    | holoqpi |   forward_residual                   0.8951
09:07:18 | INFO    | holoqpi |   forward_residual_n                 113
09:07:18 | INFO    | holoqpi |   forward_residual_ratio             1.0042
09:07:18 | INFO    | holoqpi |   forward_residual_reference         0.8914
09:07:18 | INFO    | holoqpi |   missed_median_area_um2             146.4784
09:07:18 | INFO    | holoqpi |   optical_volume_bootstrap_fields    90
09:07:18 | INFO    | holoqpi |   optical_volume_bootstrap_resamples 2000
09:07:18 | INFO    | holoqpi |   optical_volume_cell_pearson_r      0.9285
09:07:18 | INFO    | holoqpi |   optical_volume_cell_pearson_r_ci_lower 0.9071
09:07:18 | INFO    | holoqpi |   optical_volume_cell_pearson_r_ci_upper 0.9467
09:07:18 | INFO    | holoqpi |   optical_volume_field_total_bias    0.5232
09:07:18 | INFO    | holoqpi |   optical_volume_field_total_mape    0.5232
09:07:18 | INFO    | holoqpi |   optical_volume_field_total_pearson_r 0.8845
09:07:18 | INFO    | holoqpi |   optical_volume_image_pearson_r     0.9468
09:07:18 | INFO    | holoqpi |   optical_volume_loa_lower           -0.4218
09:07:18 | INFO    | holoqpi |   optical_volume_loa_upper           0.5056
09:07:18 | INFO    | holoqpi |   optical_volume_mae                 74.6549
09:07:18 | INFO    | holoqpi |   optical_volume_mape                0.2492
09:07:18 | INFO    | holoqpi |   optical_volume_mape_ci_lower       0.1571
09:07:18 | INFO    | holoqpi |   optical_volume_mape_ci_upper       0.3987
09:07:18 | INFO    | holoqpi |   optical_volume_mape_coverage_adjusted 0.9141
09:07:18 | INFO    | holoqpi |   optical_volume_median_relative_bias 0.0130
09:07:18 | INFO    | holoqpi |   optical_volume_n_cells             410
09:07:18 | INFO    | holoqpi |   optical_volume_n_fields            113
09:07:18 | INFO    | holoqpi |   optical_volume_relative_bias       0.0419
09:07:18 | INFO    | holoqpi |   phase_bias_rad                     -0.0086
09:07:18 | INFO    | holoqpi |   phase_bias_rad_background          -0.0042
09:07:18 | INFO    | holoqpi |   phase_bias_rad_in_cell             -0.0229
09:07:18 | INFO    | holoqpi |   phase_mae_rad                      0.1568
09:07:18 | INFO    | holoqpi |   phase_mae_rad_background           0.1596
09:07:18 | INFO    | holoqpi |   phase_mae_rad_in_cell              0.1479
09:07:18 | INFO    | holoqpi |   phase_n_images                     113
09:07:18 | INFO    | holoqpi |   phase_pearson_r                    0.8757
09:07:18 | INFO    | holoqpi |   phase_psnr_db                      31.2293
09:07:18 | INFO    | holoqpi |   phase_rmse_rad                     0.2411
09:07:18 | INFO    | holoqpi |   phase_ssim                         0.6390
09:07:18 | INFO    | holoqpi |   seg_aji                            0.2363
09:07:18 | INFO    | holoqpi |   seg_boundary_f1                    0.0639
09:07:18 | INFO    | holoqpi |   seg_dice                           0.5026
09:07:18 | INFO    | holoqpi |   seg_dice_macro                     0.5026
09:07:18 | INFO    | holoqpi |   seg_instance_count_mape            0.5999
09:07:18 | INFO    | holoqpi |   seg_iou                            0.3357
09:07:18 | INFO    | holoqpi |   seg_n_images                       113
