10:30:08 | INFO    | holoqpi.models.encoders | loading pretrained mobilenet_v2 from weights/mobilenet_v2-b0353104.pth
10:30:08 | INFO    | holoqpi.models.encoders | loading pretrained mobilenet_v2 from weights/mobilenet_v2-b0353104.pth
10:30:08 | INFO    | holoqpi.models.encoders | encoder=mobilenet_v2 in_channels=1 pretrained=True weights=local (weights) stages=[16, 24, 32, 96, 1280]
10:30:08 | INFO    | holoqpi.models.holonet | HoloQPINet built: 9.60M parameters, 9.60M trainable (100.0%)
10:30:10 | INFO    | holoqpi.engine.trainer | checkpoint best_model.pt: 440/440 tensors matched
10:30:10 | INFO    | holoqpi.data.dataset | test split: 113 samples | modality=off_axis | crop=None | augment=False
10:31:01 | INFO    | holoqpi |   area_bootstrap_fields              113
10:31:01 | INFO    | holoqpi |   area_bootstrap_resamples           2000
10:31:01 | INFO    | holoqpi |   area_cell_pearson_r                0.8992
10:31:01 | INFO    | holoqpi |   area_cell_pearson_r_ci_lower       0.8833
10:31:01 | INFO    | holoqpi |   area_cell_pearson_r_ci_upper       0.9144
10:31:01 | INFO    | holoqpi |   area_field_total_bias              -0.0836
10:31:01 | INFO    | holoqpi |   area_field_total_mape              0.1531
10:31:01 | INFO    | holoqpi |   area_field_total_pearson_r         0.9352
10:31:01 | INFO    | holoqpi |   area_image_pearson_r               0.8345
10:31:01 | INFO    | holoqpi |   area_loa_lower                     -0.1442
10:31:01 | INFO    | holoqpi |   area_loa_upper                     0.2814
10:31:01 | INFO    | holoqpi |   area_mae                           59.4326
10:31:01 | INFO    | holoqpi |   area_mape                          0.1621
10:31:01 | INFO    | holoqpi |   area_mape_ci_lower                 0.1528
10:31:01 | INFO    | holoqpi |   area_mape_ci_upper                 0.1724
10:31:01 | INFO    | holoqpi |   area_mape_coverage_adjusted        0.4979
10:31:01 | INFO    | holoqpi |   area_median_relative_bias          0.0676
10:31:01 | INFO    | holoqpi |   area_n_cells                       1909
10:31:01 | INFO    | holoqpi |   area_n_fields                      113
10:31:01 | INFO    | holoqpi |   area_relative_bias                 0.0686
10:31:01 | INFO    | holoqpi |   cell_count_ratio                   0.7307
10:31:01 | INFO    | holoqpi |   cells_detected                     2328
10:31:01 | INFO    | holoqpi |   cells_false_positive               419
10:31:01 | INFO    | holoqpi |   cells_matched                      1909
10:31:01 | INFO    | holoqpi |   cells_missed                       1277
10:31:01 | INFO    | holoqpi |   cells_reference                    3186
10:31:01 | INFO    | holoqpi |   circularity_bootstrap_fields       113
10:31:01 | INFO    | holoqpi |   circularity_bootstrap_resamples    2000
10:31:01 | INFO    | holoqpi |   circularity_cell_pearson_r         0.8795
10:31:01 | INFO    | holoqpi |   circularity_cell_pearson_r_ci_lower 0.8620
10:31:01 | INFO    | holoqpi |   circularity_cell_pearson_r_ci_upper 0.8961
10:31:01 | INFO    | holoqpi |   circularity_image_pearson_r        0.9336
10:31:01 | INFO    | holoqpi |   circularity_loa_lower              -0.0633
10:31:01 | INFO    | holoqpi |   circularity_loa_upper              0.0890
10:31:01 | INFO    | holoqpi |   circularity_mae                    0.0412
10:31:01 | INFO    | holoqpi |   circularity_mape                   0.0577
10:31:01 | INFO    | holoqpi |   circularity_mape_ci_lower          0.0513
10:31:01 | INFO    | holoqpi |   circularity_mape_ci_upper          0.0642
10:31:01 | INFO    | holoqpi |   circularity_mape_coverage_adjusted 0.4354
10:31:01 | INFO    | holoqpi |   circularity_median_relative_bias   0.0090
10:31:01 | INFO    | holoqpi |   circularity_n_cells                1909
10:31:01 | INFO    | holoqpi |   circularity_relative_bias          0.0129
10:31:01 | INFO    | holoqpi |   coverage                           0.5992
10:31:01 | INFO    | holoqpi |   detection_f1                       0.6924
10:31:01 | INFO    | holoqpi |   detection_precision                0.8200
10:31:01 | INFO    | holoqpi |   detection_recall                   0.5992
10:31:01 | INFO    | holoqpi |   dry_mass_bootstrap_fields          113
10:31:01 | INFO    | holoqpi |   dry_mass_bootstrap_resamples       2000
10:31:01 | INFO    | holoqpi |   dry_mass_cell_pearson_r            0.9339
10:31:01 | INFO    | holoqpi |   dry_mass_cell_pearson_r_ci_lower   0.9204
10:31:01 | INFO    | holoqpi |   dry_mass_cell_pearson_r_ci_upper   0.9453
10:31:01 | INFO    | holoqpi |   dry_mass_field_total_bias          -0.1614
10:31:01 | INFO    | holoqpi |   dry_mass_field_total_mape          0.1641
10:31:01 | INFO    | holoqpi |   dry_mass_field_total_pearson_r     0.9903
10:31:01 | INFO    | holoqpi |   dry_mass_image_pearson_r           0.9483
10:31:01 | INFO    | holoqpi |   dry_mass_loa_lower                 -0.2478
10:31:01 | INFO    | holoqpi |   dry_mass_loa_upper                 0.1646
10:31:01 | INFO    | holoqpi |   dry_mass_mae                       37.3870
10:31:01 | INFO    | holoqpi |   dry_mass_mape                      0.1875
10:31:01 | INFO    | holoqpi |   dry_mass_mape_ci_lower             0.1762
10:31:01 | INFO    | holoqpi |   dry_mass_mape_ci_upper             0.1991
10:31:01 | INFO    | holoqpi |   dry_mass_mape_coverage_adjusted    0.5132
10:31:01 | INFO    | holoqpi |   dry_mass_median_relative_bias      -0.0386
10:31:01 | INFO    | holoqpi |   dry_mass_n_cells                   1909
10:31:01 | INFO    | holoqpi |   dry_mass_n_fields                  113
10:31:01 | INFO    | holoqpi |   dry_mass_relative_bias             -0.0416
10:31:01 | INFO    | holoqpi |   false_positive_median_area_um2     105.2535
10:31:01 | INFO    | holoqpi |   forward_distance_um                33.7700
10:31:01 | INFO    | holoqpi |   forward_residual                   0.8970
10:31:01 | INFO    | holoqpi |   forward_residual_n                 113
10:31:01 | INFO    | holoqpi |   forward_residual_ratio             1.0063
10:31:01 | INFO    | holoqpi |   forward_residual_reference         0.8914
10:31:01 | INFO    | holoqpi |   missed_median_area_um2             98.9237
10:31:01 | INFO    | holoqpi |   optical_volume_bootstrap_fields    113
10:31:01 | INFO    | holoqpi |   optical_volume_bootstrap_resamples 2000
10:31:01 | INFO    | holoqpi |   optical_volume_cell_pearson_r      0.9339
10:31:01 | INFO    | holoqpi |   optical_volume_cell_pearson_r_ci_lower 0.9204
10:31:01 | INFO    | holoqpi |   optical_volume_cell_pearson_r_ci_upper 0.9453
10:31:01 | INFO    | holoqpi |   optical_volume_field_total_bias    -0.1614
10:31:01 | INFO    | holoqpi |   optical_volume_field_total_mape    0.1641
10:31:01 | INFO    | holoqpi |   optical_volume_field_total_pearson_r 0.9903
10:31:01 | INFO    | holoqpi |   optical_volume_image_pearson_r     0.9483
10:31:01 | INFO    | holoqpi |   optical_volume_loa_lower           -0.2478
10:31:01 | INFO    | holoqpi |   optical_volume_loa_upper           0.1646
10:31:01 | INFO    | holoqpi |   optical_volume_mae                 70.5434
10:31:01 | INFO    | holoqpi |   optical_volume_mape                0.1875
10:31:01 | INFO    | holoqpi |   optical_volume_mape_ci_lower       0.1762
10:31:01 | INFO    | holoqpi |   optical_volume_mape_ci_upper       0.1991
10:31:01 | INFO    | holoqpi |   optical_volume_mape_coverage_adjusted 0.5132
10:31:01 | INFO    | holoqpi |   optical_volume_median_relative_bias -0.0386
10:31:01 | INFO    | holoqpi |   optical_volume_n_cells             1909
10:31:01 | INFO    | holoqpi |   optical_volume_n_fields            113
10:31:01 | INFO    | holoqpi |   optical_volume_relative_bias       -0.0416
10:31:01 | INFO    | holoqpi |   phase_bias_rad                     -0.0028
10:31:01 | INFO    | holoqpi |   phase_bias_rad_background          0.0300
10:31:01 | INFO    | holoqpi |   phase_bias_rad_in_cell             -0.2104
10:31:01 | INFO    | holoqpi |   phase_mae_rad                      0.1632
10:31:01 | INFO    | holoqpi |   phase_mae_rad_background           0.1449
10:31:01 | INFO    | holoqpi |   phase_mae_rad_in_cell              0.2882
10:31:01 | INFO    | holoqpi |   phase_n_images                     113
10:31:01 | INFO    | holoqpi |   phase_pearson_r                    0.8649
10:31:01 | INFO    | holoqpi |   phase_psnr_db                      30.8545
10:31:01 | INFO    | holoqpi |   phase_rmse_rad                     0.2483
10:31:01 | INFO    | holoqpi |   phase_ssim                         0.6254
10:31:01 | INFO    | holoqpi |   seg_aji                            0.6664
10:31:01 | INFO    | holoqpi |   seg_boundary_f1                    0.4617
10:31:01 | INFO    | holoqpi |   seg_dice                           0.8326
10:31:01 | INFO    | holoqpi |   seg_dice_macro                     0.8326
10:31:01 | INFO    | holoqpi |   seg_instance_count_mape            0.2799
10:31:01 | INFO    | holoqpi |   seg_iou                            0.7132
10:31:01 | INFO    | holoqpi |   seg_n_images                       113
