17:44:32 | INFO    | holoqpi.models.encoders | loading pretrained mobilenet_v2 from weights/mobilenet_v2-b0353104.pth
17:44:32 | INFO    | holoqpi.models.encoders | loading pretrained mobilenet_v2 from weights/mobilenet_v2-b0353104.pth
17:44:32 | INFO    | holoqpi.models.encoders | encoder=mobilenet_v2 in_channels=1 pretrained=True weights=local (weights) stages=[16, 24, 32, 96, 1280]
17:44:32 | INFO    | holoqpi.models.holonet | HoloQPINet built: 9.61M parameters, 9.61M trainable (100.0%)
17:44:34 | INFO    | holoqpi.engine.trainer | checkpoint best_model.pt: 448/448 tensors matched
17:44:34 | INFO    | holoqpi.data.dataset | test split: 113 samples | modality=off_axis | crop=None | augment=False
17:45:27 | INFO    | holoqpi | labels from membrane_mask -> metrics_test_membrane.json
17:45:27 | INFO    | holoqpi |   amplitude_bias                     0.0378
17:45:27 | INFO    | holoqpi |   amplitude_bias_in_cell             0.0257
17:45:27 | INFO    | holoqpi |   amplitude_mae                      0.0665
17:45:27 | INFO    | holoqpi |   amplitude_mae_in_cell              0.0702
17:45:27 | INFO    | holoqpi |   amplitude_mae_over_unity           0.4526
17:45:27 | INFO    | holoqpi |   amplitude_n_images                 113
17:45:27 | INFO    | holoqpi |   amplitude_pearson_r                0.9064
17:45:27 | INFO    | holoqpi |   amplitude_pred_mean                1.0363
17:45:27 | INFO    | holoqpi |   amplitude_pred_sd                  0.1223
17:45:27 | INFO    | holoqpi |   amplitude_reference_mean           0.9985
17:45:27 | INFO    | holoqpi |   amplitude_rmse                     0.1009
17:45:27 | INFO    | holoqpi |   amplitude_unity_mae                0.1469
17:45:27 | INFO    | holoqpi |   area_bootstrap_fields              91
17:45:27 | INFO    | holoqpi |   area_bootstrap_resamples           2000
17:45:27 | INFO    | holoqpi |   area_cell_pearson_r                0.8054
17:45:27 | INFO    | holoqpi |   area_cell_pearson_r_ci_lower       0.7480
17:45:27 | INFO    | holoqpi |   area_cell_pearson_r_ci_upper       0.8520
17:45:27 | INFO    | holoqpi |   area_field_total_bias              -0.4444
17:45:27 | INFO    | holoqpi |   area_field_total_mape              0.4603
17:45:27 | INFO    | holoqpi |   area_field_total_pearson_r         0.2640
17:45:27 | INFO    | holoqpi |   area_image_pearson_r               0.7911
17:45:27 | INFO    | holoqpi |   area_loa_lower                     -0.7344
17:45:27 | INFO    | holoqpi |   area_loa_upper                     0.0388
17:45:27 | INFO    | holoqpi |   area_mae                           233.5563
17:45:27 | INFO    | holoqpi |   area_mape                          0.3122
17:45:27 | INFO    | holoqpi |   area_mape_ci_lower                 0.2973
17:45:27 | INFO    | holoqpi |   area_mape_ci_upper                 0.3268
17:45:27 | INFO    | holoqpi |   area_mape_coverage_adjusted        0.9200
17:45:27 | INFO    | holoqpi |   area_median_relative_bias          -0.3567
17:45:27 | INFO    | holoqpi |   area_n_cells                       417
17:45:27 | INFO    | holoqpi |   area_n_fields                      113
17:45:27 | INFO    | holoqpi |   area_relative_bias                 -0.3478
17:45:27 | INFO    | holoqpi |   cell_count_ratio                   0.6470
17:45:27 | INFO    | holoqpi |   cells_detected                     2319
17:45:27 | INFO    | holoqpi |   cells_false_positive               1902
17:45:27 | INFO    | holoqpi |   cells_matched                      417
17:45:27 | INFO    | holoqpi |   cells_missed                       3167
17:45:27 | INFO    | holoqpi |   cells_reference                    3584
17:45:27 | INFO    | holoqpi |   circularity_bootstrap_fields       91
17:45:27 | INFO    | holoqpi |   circularity_bootstrap_resamples    2000
17:45:27 | INFO    | holoqpi |   circularity_cell_pearson_r         0.3668
17:45:27 | INFO    | holoqpi |   circularity_cell_pearson_r_ci_lower 0.2422
17:45:27 | INFO    | holoqpi |   circularity_cell_pearson_r_ci_upper 0.4609
17:45:27 | INFO    | holoqpi |   circularity_image_pearson_r        0.2044
17:45:27 | INFO    | holoqpi |   circularity_loa_lower              -0.0534
17:45:27 | INFO    | holoqpi |   circularity_loa_upper              0.7383
17:45:27 | INFO    | holoqpi |   circularity_mae                    0.2578
17:45:27 | INFO    | holoqpi |   circularity_mape                   0.5061
17:45:27 | INFO    | holoqpi |   circularity_mape_ci_lower          0.4467
17:45:27 | INFO    | holoqpi |   circularity_mape_ci_upper          0.5693
17:45:27 | INFO    | holoqpi |   circularity_mape_coverage_adjusted 0.9425
17:45:27 | INFO    | holoqpi |   circularity_median_relative_bias   0.3465
17:45:27 | INFO    | holoqpi |   circularity_n_cells                417
17:45:27 | INFO    | holoqpi |   circularity_relative_bias          0.3425
17:45:27 | INFO    | holoqpi |   coverage                           0.1164
17:45:27 | INFO    | holoqpi |   detection_f1                       0.1413
17:45:27 | INFO    | holoqpi |   detection_precision                0.1798
17:45:27 | INFO    | holoqpi |   detection_recall                   0.1164
17:45:27 | INFO    | holoqpi |   dry_mass_bootstrap_fields          91
17:45:27 | INFO    | holoqpi |   dry_mass_bootstrap_resamples       2000
17:45:27 | INFO    | holoqpi |   dry_mass_cell_pearson_r            0.9321
17:45:27 | INFO    | holoqpi |   dry_mass_cell_pearson_r_ci_lower   0.9086
17:45:27 | INFO    | holoqpi |   dry_mass_cell_pearson_r_ci_upper   0.9504
17:45:27 | INFO    | holoqpi |   dry_mass_field_total_bias          0.5656
17:45:27 | INFO    | holoqpi |   dry_mass_field_total_mape          0.5656
17:45:27 | INFO    | holoqpi |   dry_mass_field_total_pearson_r     0.8673
17:45:27 | INFO    | holoqpi |   dry_mass_image_pearson_r           0.9339
17:45:27 | INFO    | holoqpi |   dry_mass_loa_lower                 -0.4134
17:45:27 | INFO    | holoqpi |   dry_mass_loa_upper                 0.5255
17:45:27 | INFO    | holoqpi |   dry_mass_mae                       39.9124
17:45:27 | INFO    | holoqpi |   dry_mass_mape                      0.2352
17:45:27 | INFO    | holoqpi |   dry_mass_mape_ci_lower             0.1612
17:45:27 | INFO    | holoqpi |   dry_mass_mape_ci_upper             0.3921
17:45:27 | INFO    | holoqpi |   dry_mass_mape_coverage_adjusted    0.9110
17:45:27 | INFO    | holoqpi |   dry_mass_median_relative_bias      0.0238
17:45:27 | INFO    | holoqpi |   dry_mass_n_cells                   417
17:45:27 | INFO    | holoqpi |   dry_mass_n_fields                  113
17:45:27 | INFO    | holoqpi |   dry_mass_relative_bias             0.0561
17:45:27 | INFO    | holoqpi |   false_positive_median_area_um2     371.4304
17:45:27 | INFO    | holoqpi |   forward_distance_um                33.7700
17:45:27 | INFO    | holoqpi |   forward_residual                   0.8702
17:45:27 | INFO    | holoqpi |   forward_residual_n                 113
17:45:27 | INFO    | holoqpi |   forward_residual_ratio             1.0068
17:45:27 | INFO    | holoqpi |   forward_residual_reference         0.8643
17:45:27 | INFO    | holoqpi |   missed_median_area_um2             145.5046
17:45:27 | INFO    | holoqpi |   optical_volume_bootstrap_fields    91
17:45:27 | INFO    | holoqpi |   optical_volume_bootstrap_resamples 2000
17:45:27 | INFO    | holoqpi |   optical_volume_cell_pearson_r      0.9321
17:45:27 | INFO    | holoqpi |   optical_volume_cell_pearson_r_ci_lower 0.9086
17:45:27 | INFO    | holoqpi |   optical_volume_cell_pearson_r_ci_upper 0.9504
17:45:27 | INFO    | holoqpi |   optical_volume_field_total_bias    0.5656
17:45:27 | INFO    | holoqpi |   optical_volume_field_total_mape    0.5656
17:45:27 | INFO    | holoqpi |   optical_volume_field_total_pearson_r 0.8673
17:45:27 | INFO    | holoqpi |   optical_volume_image_pearson_r     0.9339
17:45:27 | INFO    | holoqpi |   optical_volume_loa_lower           -0.4134
17:45:27 | INFO    | holoqpi |   optical_volume_loa_upper           0.5255
17:45:27 | INFO    | holoqpi |   optical_volume_mae                 75.3084
17:45:27 | INFO    | holoqpi |   optical_volume_mape                0.2352
17:45:27 | INFO    | holoqpi |   optical_volume_mape_ci_lower       0.1612
17:45:27 | INFO    | holoqpi |   optical_volume_mape_ci_upper       0.3921
17:45:27 | INFO    | holoqpi |   optical_volume_mape_coverage_adjusted 0.9110
17:45:27 | INFO    | holoqpi |   optical_volume_median_relative_bias 0.0238
17:45:27 | INFO    | holoqpi |   optical_volume_n_cells             417
17:45:27 | INFO    | holoqpi |   optical_volume_n_fields            113
17:45:27 | INFO    | holoqpi |   optical_volume_relative_bias       0.0561
17:45:27 | INFO    | holoqpi |   phase_bias_rad                     0.0033
17:45:27 | INFO    | holoqpi |   phase_bias_rad_background          0.0087
17:45:27 | INFO    | holoqpi |   phase_bias_rad_in_cell             -0.0141
17:45:27 | INFO    | holoqpi |   phase_mae_rad                      0.1647
17:45:27 | INFO    | holoqpi |   phase_mae_rad_background           0.1646
17:45:27 | INFO    | holoqpi |   phase_mae_rad_in_cell              0.1652
17:45:27 | INFO    | holoqpi |   phase_n_images                     113
17:45:27 | INFO    | holoqpi |   phase_pearson_r                    0.8647
17:45:27 | INFO    | holoqpi |   phase_psnr_db                      30.8277
17:45:27 | INFO    | holoqpi |   phase_rmse_rad                     0.2522
17:45:27 | INFO    | holoqpi |   phase_ssim                         0.6217
17:45:27 | INFO    | holoqpi |   seg_aji                            0.2372
17:45:27 | INFO    | holoqpi |   seg_boundary_f1                    0.0654
17:45:27 | INFO    | holoqpi |   seg_dice                           0.5090
17:45:27 | INFO    | holoqpi |   seg_dice_macro                     0.5090
17:45:27 | INFO    | holoqpi |   seg_instance_count_mape            0.5280
17:45:27 | INFO    | holoqpi |   seg_iou                            0.3414
17:45:27 | INFO    | holoqpi |   seg_n_images                       113
