10:31:07 | INFO    | holoqpi.models.encoders | loading pretrained mobilenet_v2 from weights/mobilenet_v2-b0353104.pth
10:31:07 | INFO    | holoqpi.models.encoders | loading pretrained mobilenet_v2 from weights/mobilenet_v2-b0353104.pth
10:31:07 | INFO    | holoqpi.models.encoders | encoder=mobilenet_v2 in_channels=1 pretrained=True weights=local (weights) stages=[16, 24, 32, 96, 1280]
10:31:07 | INFO    | holoqpi.models.holonet | HoloQPINet built: 9.60M parameters, 9.60M trainable (100.0%)
10:31:08 | INFO    | holoqpi.engine.trainer | checkpoint best_model.pt: 440/440 tensors matched
10:31:08 | INFO    | holoqpi.data.dataset | test split: 113 samples | modality=off_axis | crop=None | augment=False
10:32:01 | INFO    | holoqpi | labels from membrane_mask -> metrics_test_membrane.json
10:32:01 | INFO    | holoqpi |   area_bootstrap_fields              90
10:32:01 | INFO    | holoqpi |   area_bootstrap_resamples           2000
10:32:01 | INFO    | holoqpi |   area_cell_pearson_r                0.8088
10:32:01 | INFO    | holoqpi |   area_cell_pearson_r_ci_lower       0.7510
10:32:01 | INFO    | holoqpi |   area_cell_pearson_r_ci_upper       0.8554
10:32:01 | INFO    | holoqpi |   area_field_total_bias              -0.4551
10:32:01 | INFO    | holoqpi |   area_field_total_mape              0.4707
10:32:01 | INFO    | holoqpi |   area_field_total_pearson_r         0.2552
10:32:01 | INFO    | holoqpi |   area_image_pearson_r               0.7959
10:32:01 | INFO    | holoqpi |   area_loa_lower                     -0.7263
10:32:01 | INFO    | holoqpi |   area_loa_upper                     0.0158
10:32:01 | INFO    | holoqpi |   area_mae                           230.7606
10:32:01 | INFO    | holoqpi |   area_mape                          0.3131
10:32:01 | INFO    | holoqpi |   area_mape_ci_lower                 0.2979
10:32:01 | INFO    | holoqpi |   area_mape_ci_upper                 0.3284
10:32:01 | INFO    | holoqpi |   area_mape_coverage_adjusted        0.9224
10:32:01 | INFO    | holoqpi |   area_median_relative_bias          -0.3883
10:32:01 | INFO    | holoqpi |   area_n_cells                       405
10:32:01 | INFO    | holoqpi |   area_n_fields                      113
10:32:01 | INFO    | holoqpi |   area_relative_bias                 -0.3553
10:32:01 | INFO    | holoqpi |   cell_count_ratio                   0.6496
10:32:01 | INFO    | holoqpi |   cells_detected                     2328
10:32:01 | INFO    | holoqpi |   cells_false_positive               1923
10:32:01 | INFO    | holoqpi |   cells_matched                      405
10:32:01 | INFO    | holoqpi |   cells_missed                       3179
10:32:01 | INFO    | holoqpi |   cells_reference                    3584
10:32:01 | INFO    | holoqpi |   circularity_bootstrap_fields       90
10:32:01 | INFO    | holoqpi |   circularity_bootstrap_resamples    2000
10:32:01 | INFO    | holoqpi |   circularity_cell_pearson_r         0.3956
10:32:01 | INFO    | holoqpi |   circularity_cell_pearson_r_ci_lower 0.2582
10:32:01 | INFO    | holoqpi |   circularity_cell_pearson_r_ci_upper 0.4877
10:32:01 | INFO    | holoqpi |   circularity_image_pearson_r        0.1537
10:32:01 | INFO    | holoqpi |   circularity_loa_lower              -0.0719
10:32:01 | INFO    | holoqpi |   circularity_loa_upper              0.7646
10:32:01 | INFO    | holoqpi |   circularity_mae                    0.2519
10:32:01 | INFO    | holoqpi |   circularity_mape                   0.4913
10:32:01 | INFO    | holoqpi |   circularity_mape_ci_lower          0.4284
10:32:01 | INFO    | holoqpi |   circularity_mape_ci_upper          0.5578
10:32:01 | INFO    | holoqpi |   circularity_mape_coverage_adjusted 0.9425
10:32:01 | INFO    | holoqpi |   circularity_median_relative_bias   0.3556
10:32:01 | INFO    | holoqpi |   circularity_n_cells                405
10:32:01 | INFO    | holoqpi |   circularity_relative_bias          0.3463
10:32:01 | INFO    | holoqpi |   coverage                           0.1130
10:32:01 | INFO    | holoqpi |   detection_f1                       0.1370
10:32:01 | INFO    | holoqpi |   detection_precision                0.1740
10:32:01 | INFO    | holoqpi |   detection_recall                   0.1130
10:32:01 | INFO    | holoqpi |   dry_mass_bootstrap_fields          90
10:32:01 | INFO    | holoqpi |   dry_mass_bootstrap_resamples       2000
10:32:01 | INFO    | holoqpi |   dry_mass_cell_pearson_r            0.9368
10:32:01 | INFO    | holoqpi |   dry_mass_cell_pearson_r_ci_lower   0.9184
10:32:01 | INFO    | holoqpi |   dry_mass_cell_pearson_r_ci_upper   0.9508
10:32:01 | INFO    | holoqpi |   dry_mass_field_total_bias          0.5261
10:32:01 | INFO    | holoqpi |   dry_mass_field_total_mape          0.5261
10:32:01 | INFO    | holoqpi |   dry_mass_field_total_pearson_r     0.8814
10:32:01 | INFO    | holoqpi |   dry_mass_image_pearson_r           0.9455
10:32:01 | INFO    | holoqpi |   dry_mass_loa_lower                 -0.2740
10:32:01 | INFO    | holoqpi |   dry_mass_loa_upper                 0.2940
10:32:01 | INFO    | holoqpi |   dry_mass_mae                       39.2910
10:32:01 | INFO    | holoqpi |   dry_mass_mape                      0.1699
10:32:01 | INFO    | holoqpi |   dry_mass_mape_ci_lower             0.1528
10:32:01 | INFO    | holoqpi |   dry_mass_mape_ci_upper             0.1889
10:32:01 | INFO    | holoqpi |   dry_mass_mape_coverage_adjusted    0.9062
10:32:01 | INFO    | holoqpi |   dry_mass_median_relative_bias      -0.0213
10:32:01 | INFO    | holoqpi |   dry_mass_n_cells                   405
10:32:01 | INFO    | holoqpi |   dry_mass_n_fields                  113
10:32:01 | INFO    | holoqpi |   dry_mass_relative_bias             0.0100
10:32:01 | INFO    | holoqpi |   false_positive_median_area_um2     365.2628
10:32:01 | INFO    | holoqpi |   forward_distance_um                33.7700
10:32:01 | INFO    | holoqpi |   forward_residual                   0.8970
10:32:01 | INFO    | holoqpi |   forward_residual_n                 113
10:32:01 | INFO    | holoqpi |   forward_residual_ratio             1.0063
10:32:01 | INFO    | holoqpi |   forward_residual_reference         0.8914
10:32:01 | INFO    | holoqpi |   missed_median_area_um2             146.5596
10:32:01 | INFO    | holoqpi |   optical_volume_bootstrap_fields    90
10:32:01 | INFO    | holoqpi |   optical_volume_bootstrap_resamples 2000
10:32:01 | INFO    | holoqpi |   optical_volume_cell_pearson_r      0.9368
10:32:01 | INFO    | holoqpi |   optical_volume_cell_pearson_r_ci_lower 0.9184
10:32:01 | INFO    | holoqpi |   optical_volume_cell_pearson_r_ci_upper 0.9508
10:32:01 | INFO    | holoqpi |   optical_volume_field_total_bias    0.5261
10:32:01 | INFO    | holoqpi |   optical_volume_field_total_mape    0.5261
10:32:01 | INFO    | holoqpi |   optical_volume_field_total_pearson_r 0.8814
10:32:01 | INFO    | holoqpi |   optical_volume_image_pearson_r     0.9455
10:32:01 | INFO    | holoqpi |   optical_volume_loa_lower           -0.2740
10:32:01 | INFO    | holoqpi |   optical_volume_loa_upper           0.2940
10:32:01 | INFO    | holoqpi |   optical_volume_mae                 74.1359
10:32:01 | INFO    | holoqpi |   optical_volume_mape                0.1699
10:32:01 | INFO    | holoqpi |   optical_volume_mape_ci_lower       0.1528
10:32:01 | INFO    | holoqpi |   optical_volume_mape_ci_upper       0.1889
10:32:01 | INFO    | holoqpi |   optical_volume_mape_coverage_adjusted 0.9062
10:32:01 | INFO    | holoqpi |   optical_volume_median_relative_bias -0.0213
10:32:01 | INFO    | holoqpi |   optical_volume_n_cells             405
10:32:01 | INFO    | holoqpi |   optical_volume_n_fields            113
10:32:01 | INFO    | holoqpi |   optical_volume_relative_bias       0.0100
10:32:01 | INFO    | holoqpi |   phase_bias_rad                     -0.0028
10:32:01 | INFO    | holoqpi |   phase_bias_rad_background          0.0046
10:32:01 | INFO    | holoqpi |   phase_bias_rad_in_cell             -0.0263
10:32:01 | INFO    | holoqpi |   phase_mae_rad                      0.1632
10:32:01 | INFO    | holoqpi |   phase_mae_rad_background           0.1632
10:32:01 | INFO    | holoqpi |   phase_mae_rad_in_cell              0.1632
10:32:01 | INFO    | holoqpi |   phase_n_images                     113
10:32:01 | INFO    | holoqpi |   phase_pearson_r                    0.8649
10:32:01 | INFO    | holoqpi |   phase_psnr_db                      30.8545
10:32:01 | INFO    | holoqpi |   phase_rmse_rad                     0.2483
10:32:01 | INFO    | holoqpi |   phase_ssim                         0.6254
10:32:01 | INFO    | holoqpi |   seg_aji                            0.2363
10:32:01 | INFO    | holoqpi |   seg_boundary_f1                    0.0652
10:32:01 | INFO    | holoqpi |   seg_dice                           0.5043
10:32:01 | INFO    | holoqpi |   seg_dice_macro                     0.5043
10:32:01 | INFO    | holoqpi |   seg_instance_count_mape            0.5182
10:32:01 | INFO    | holoqpi |   seg_iou                            0.3372
10:32:01 | INFO    | holoqpi |   seg_n_images                       113
