17:43:30 | INFO    | holoqpi.models.encoders | loading pretrained mobilenet_v2 from weights/mobilenet_v2-b0353104.pth
17:43:30 | INFO    | holoqpi.models.encoders | loading pretrained mobilenet_v2 from weights/mobilenet_v2-b0353104.pth
17:43:30 | INFO    | holoqpi.models.encoders | encoder=mobilenet_v2 in_channels=1 pretrained=True weights=local (weights) stages=[16, 24, 32, 96, 1280]
17:43:30 | INFO    | holoqpi.models.holonet | HoloQPINet built: 9.61M parameters, 9.61M trainable (100.0%)
17:43:32 | INFO    | holoqpi.engine.trainer | checkpoint best_model.pt: 448/448 tensors matched
17:43:32 | INFO    | holoqpi.data.dataset | test split: 113 samples | modality=off_axis | crop=None | augment=False
17:44:27 | INFO    | holoqpi |   amplitude_bias                     0.0378
17:44:27 | INFO    | holoqpi |   amplitude_bias_in_cell             0.0351
17:44:27 | INFO    | holoqpi |   amplitude_mae                      0.0665
17:44:27 | INFO    | holoqpi |   amplitude_mae_in_cell              0.0922
17:44:27 | INFO    | holoqpi |   amplitude_mae_over_unity           0.4526
17:44:27 | INFO    | holoqpi |   amplitude_n_images                 113
17:44:27 | INFO    | holoqpi |   amplitude_pearson_r                0.9064
17:44:27 | INFO    | holoqpi |   amplitude_pred_mean                1.0363
17:44:27 | INFO    | holoqpi |   amplitude_pred_sd                  0.1223
17:44:27 | INFO    | holoqpi |   amplitude_reference_mean           0.9985
17:44:27 | INFO    | holoqpi |   amplitude_rmse                     0.1009
17:44:27 | INFO    | holoqpi |   amplitude_unity_mae                0.1469
17:44:27 | INFO    | holoqpi |   area_bootstrap_fields              113
17:44:27 | INFO    | holoqpi |   area_bootstrap_resamples           2000
17:44:27 | INFO    | holoqpi |   area_cell_pearson_r                0.9000
17:44:27 | INFO    | holoqpi |   area_cell_pearson_r_ci_lower       0.8838
17:44:27 | INFO    | holoqpi |   area_cell_pearson_r_ci_upper       0.9155
17:44:27 | INFO    | holoqpi |   area_field_total_bias              -0.0621
17:44:27 | INFO    | holoqpi |   area_field_total_mape              0.1451
17:44:27 | INFO    | holoqpi |   area_field_total_pearson_r         0.9364
17:44:27 | INFO    | holoqpi |   area_image_pearson_r               0.8261
17:44:27 | INFO    | holoqpi |   area_loa_lower                     -0.1392
17:44:27 | INFO    | holoqpi |   area_loa_upper                     0.3083
17:44:27 | INFO    | holoqpi |   area_mae                           61.5055
17:44:27 | INFO    | holoqpi |   area_mape                          0.1685
17:44:27 | INFO    | holoqpi |   area_mape_ci_lower                 0.1592
17:44:27 | INFO    | holoqpi |   area_mape_ci_upper                 0.1782
17:44:27 | INFO    | holoqpi |   area_mape_coverage_adjusted        0.4979
17:44:27 | INFO    | holoqpi |   area_median_relative_bias          0.0810
17:44:27 | INFO    | holoqpi |   area_n_cells                       1924
17:44:27 | INFO    | holoqpi |   area_n_fields                      113
17:44:27 | INFO    | holoqpi |   area_relative_bias                 0.0846
17:44:27 | INFO    | holoqpi |   cell_count_ratio                   0.7279
17:44:27 | INFO    | holoqpi |   cells_detected                     2319
17:44:27 | INFO    | holoqpi |   cells_false_positive               395
17:44:27 | INFO    | holoqpi |   cells_matched                      1924
17:44:27 | INFO    | holoqpi |   cells_missed                       1262
17:44:27 | INFO    | holoqpi |   cells_reference                    3186
17:44:27 | INFO    | holoqpi |   circularity_bootstrap_fields       113
17:44:27 | INFO    | holoqpi |   circularity_bootstrap_resamples    2000
17:44:27 | INFO    | holoqpi |   circularity_cell_pearson_r         0.8806
17:44:27 | INFO    | holoqpi |   circularity_cell_pearson_r_ci_lower 0.8630
17:44:27 | INFO    | holoqpi |   circularity_cell_pearson_r_ci_upper 0.8964
17:44:27 | INFO    | holoqpi |   circularity_image_pearson_r        0.9292
17:44:27 | INFO    | holoqpi |   circularity_loa_lower              -0.0580
17:44:27 | INFO    | holoqpi |   circularity_loa_upper              0.0990
17:44:27 | INFO    | holoqpi |   circularity_mae                    0.0426
17:44:27 | INFO    | holoqpi |   circularity_mape                   0.0602
17:44:27 | INFO    | holoqpi |   circularity_mape_ci_lower          0.0534
17:44:27 | INFO    | holoqpi |   circularity_mape_ci_upper          0.0672
17:44:27 | INFO    | holoqpi |   circularity_mape_coverage_adjusted 0.4325
17:44:27 | INFO    | holoqpi |   circularity_median_relative_bias   0.0199
17:44:27 | INFO    | holoqpi |   circularity_n_cells                1924
17:44:27 | INFO    | holoqpi |   circularity_relative_bias          0.0205
17:44:27 | INFO    | holoqpi |   coverage                           0.6039
17:44:27 | INFO    | holoqpi |   detection_f1                       0.6990
17:44:27 | INFO    | holoqpi |   detection_precision                0.8297
17:44:27 | INFO    | holoqpi |   detection_recall                   0.6039
17:44:27 | INFO    | holoqpi |   dry_mass_bootstrap_fields          113
17:44:27 | INFO    | holoqpi |   dry_mass_bootstrap_resamples       2000
17:44:27 | INFO    | holoqpi |   dry_mass_cell_pearson_r            0.9256
17:44:27 | INFO    | holoqpi |   dry_mass_cell_pearson_r_ci_lower   0.9112
17:44:27 | INFO    | holoqpi |   dry_mass_cell_pearson_r_ci_upper   0.9380
17:44:27 | INFO    | holoqpi |   dry_mass_field_total_bias          -0.1397
17:44:27 | INFO    | holoqpi |   dry_mass_field_total_mape          0.1573
17:44:27 | INFO    | holoqpi |   dry_mass_field_total_pearson_r     0.9876
17:44:27 | INFO    | holoqpi |   dry_mass_image_pearson_r           0.9358
17:44:27 | INFO    | holoqpi |   dry_mass_loa_lower                 -0.2353
17:44:27 | INFO    | holoqpi |   dry_mass_loa_upper                 0.2047
17:44:27 | INFO    | holoqpi |   dry_mass_mae                       37.4577
17:44:27 | INFO    | holoqpi |   dry_mass_mape                      0.1855
17:44:27 | INFO    | holoqpi |   dry_mass_mape_ci_lower             0.1750
17:44:27 | INFO    | holoqpi |   dry_mass_mape_ci_upper             0.1959
17:44:27 | INFO    | holoqpi |   dry_mass_mape_coverage_adjusted    0.5081
17:44:27 | INFO    | holoqpi |   dry_mass_median_relative_bias      -0.0228
17:44:27 | INFO    | holoqpi |   dry_mass_n_cells                   1924
17:44:27 | INFO    | holoqpi |   dry_mass_n_fields                  113
17:44:27 | INFO    | holoqpi |   dry_mass_relative_bias             -0.0153
17:44:27 | INFO    | holoqpi |   false_positive_median_area_um2     105.6592
17:44:27 | INFO    | holoqpi |   forward_distance_um                33.7700
17:44:27 | INFO    | holoqpi |   forward_residual                   0.8702
17:44:27 | INFO    | holoqpi |   forward_residual_n                 113
17:44:27 | INFO    | holoqpi |   forward_residual_ratio             1.0068
17:44:27 | INFO    | holoqpi |   forward_residual_reference         0.8643
17:44:27 | INFO    | holoqpi |   missed_median_area_um2             98.5179
17:44:27 | INFO    | holoqpi |   optical_volume_bootstrap_fields    113
17:44:27 | INFO    | holoqpi |   optical_volume_bootstrap_resamples 2000
17:44:27 | INFO    | holoqpi |   optical_volume_cell_pearson_r      0.9256
17:44:27 | INFO    | holoqpi |   optical_volume_cell_pearson_r_ci_lower 0.9112
17:44:27 | INFO    | holoqpi |   optical_volume_cell_pearson_r_ci_upper 0.9380
17:44:27 | INFO    | holoqpi |   optical_volume_field_total_bias    -0.1397
17:44:27 | INFO    | holoqpi |   optical_volume_field_total_mape    0.1573
17:44:27 | INFO    | holoqpi |   optical_volume_field_total_pearson_r 0.9876
17:44:27 | INFO    | holoqpi |   optical_volume_image_pearson_r     0.9358
17:44:27 | INFO    | holoqpi |   optical_volume_loa_lower           -0.2353
17:44:27 | INFO    | holoqpi |   optical_volume_loa_upper           0.2047
17:44:27 | INFO    | holoqpi |   optical_volume_mae                 70.6768
17:44:27 | INFO    | holoqpi |   optical_volume_mape                0.1855
17:44:27 | INFO    | holoqpi |   optical_volume_mape_ci_lower       0.1750
17:44:27 | INFO    | holoqpi |   optical_volume_mape_ci_upper       0.1959
17:44:27 | INFO    | holoqpi |   optical_volume_mape_coverage_adjusted 0.5081
17:44:27 | INFO    | holoqpi |   optical_volume_median_relative_bias -0.0228
17:44:27 | INFO    | holoqpi |   optical_volume_n_cells             1924
17:44:27 | INFO    | holoqpi |   optical_volume_n_fields            113
17:44:27 | INFO    | holoqpi |   optical_volume_relative_bias       -0.0153
17:44:27 | INFO    | holoqpi |   phase_bias_rad                     0.0033
17:44:27 | INFO    | holoqpi |   phase_bias_rad_background          0.0359
17:44:27 | INFO    | holoqpi |   phase_bias_rad_in_cell             -0.1996
17:44:27 | INFO    | holoqpi |   phase_mae_rad                      0.1647
17:44:27 | INFO    | holoqpi |   phase_mae_rad_background           0.1468
17:44:27 | INFO    | holoqpi |   phase_mae_rad_in_cell              0.2893
17:44:27 | INFO    | holoqpi |   phase_n_images                     113
17:44:27 | INFO    | holoqpi |   phase_pearson_r                    0.8647
17:44:27 | INFO    | holoqpi |   phase_psnr_db                      30.8277
17:44:27 | INFO    | holoqpi |   phase_rmse_rad                     0.2522
17:44:27 | INFO    | holoqpi |   phase_ssim                         0.6217
17:44:27 | INFO    | holoqpi |   seg_aji                            0.6681
17:44:27 | INFO    | holoqpi |   seg_boundary_f1                    0.4558
17:44:27 | INFO    | holoqpi |   seg_dice                           0.8318
17:44:27 | INFO    | holoqpi |   seg_dice_macro                     0.8318
17:44:27 | INFO    | holoqpi |   seg_instance_count_mape            0.2923
17:44:27 | INFO    | holoqpi |   seg_iou                            0.7120
17:44:27 | INFO    | holoqpi |   seg_n_images                       113
