13:21:23 | INFO    | holoqpi.models.encoders | loading pretrained mobilenet_v2 from weights/mobilenet_v2-b0353104.pth
13:21:23 | INFO    | holoqpi.models.encoders | loading pretrained mobilenet_v2 from weights/mobilenet_v2-b0353104.pth
13:21:23 | INFO    | holoqpi.models.encoders | encoder=mobilenet_v2 in_channels=1 pretrained=True weights=local (weights) stages=[16, 24, 32, 96, 1280]
13:21:23 | INFO    | holoqpi.models.holonet | HoloQPINet built: 9.60M parameters, 9.60M trainable (100.0%)
13:21:25 | INFO    | holoqpi.engine.trainer | checkpoint best_model.pt: 440/440 tensors matched
13:21:25 | INFO    | holoqpi.data.dataset | test split: 113 samples | modality=off_axis | crop=None | augment=False
13:22:16 | INFO    | holoqpi |   area_bootstrap_fields              113
13:22:16 | INFO    | holoqpi |   area_bootstrap_resamples           2000
13:22:16 | INFO    | holoqpi |   area_cell_pearson_r                0.9012
13:22:16 | INFO    | holoqpi |   area_cell_pearson_r_ci_lower       0.8861
13:22:16 | INFO    | holoqpi |   area_cell_pearson_r_ci_upper       0.9165
13:22:16 | INFO    | holoqpi |   area_field_total_bias              -0.0143
13:22:16 | INFO    | holoqpi |   area_field_total_mape              0.1515
13:22:16 | INFO    | holoqpi |   area_field_total_pearson_r         0.9246
13:22:16 | INFO    | holoqpi |   area_image_pearson_r               0.8468
13:22:16 | INFO    | holoqpi |   area_loa_lower                     -0.0888
13:22:16 | INFO    | holoqpi |   area_loa_upper                     0.3102
13:22:16 | INFO    | holoqpi |   area_mae                           63.6514
13:22:16 | INFO    | holoqpi |   area_mape                          0.1779
13:22:16 | INFO    | holoqpi |   area_mape_ci_lower                 0.1672
13:22:16 | INFO    | holoqpi |   area_mape_ci_upper                 0.1891
13:22:16 | INFO    | holoqpi |   area_mape_coverage_adjusted        0.5033
13:22:16 | INFO    | holoqpi |   area_median_relative_bias          0.1121
13:22:16 | INFO    | holoqpi |   area_n_cells                       1925
13:22:16 | INFO    | holoqpi |   area_n_fields                      113
13:22:16 | INFO    | holoqpi |   area_relative_bias                 0.1107
13:22:16 | INFO    | holoqpi |   cell_count_ratio                   0.7593
13:22:16 | INFO    | holoqpi |   cells_detected                     2419
13:22:16 | INFO    | holoqpi |   cells_false_positive               494
13:22:16 | INFO    | holoqpi |   cells_matched                      1925
13:22:16 | INFO    | holoqpi |   cells_missed                       1261
13:22:16 | INFO    | holoqpi |   cells_reference                    3186
13:22:16 | INFO    | holoqpi |   circularity_bootstrap_fields       113
13:22:16 | INFO    | holoqpi |   circularity_bootstrap_resamples    2000
13:22:16 | INFO    | holoqpi |   circularity_cell_pearson_r         0.8825
13:22:16 | INFO    | holoqpi |   circularity_cell_pearson_r_ci_lower 0.8654
13:22:16 | INFO    | holoqpi |   circularity_cell_pearson_r_ci_upper 0.8976
13:22:16 | INFO    | holoqpi |   circularity_image_pearson_r        0.9093
13:22:16 | INFO    | holoqpi |   circularity_loa_lower              -0.0850
13:22:16 | INFO    | holoqpi |   circularity_loa_upper              0.0892
13:22:16 | INFO    | holoqpi |   circularity_mae                    0.0417
13:22:16 | INFO    | holoqpi |   circularity_mape                   0.0582
13:22:16 | INFO    | holoqpi |   circularity_mape_ci_lower          0.0521
13:22:16 | INFO    | holoqpi |   circularity_mape_ci_upper          0.0642
13:22:16 | INFO    | holoqpi |   circularity_mape_coverage_adjusted 0.4309
13:22:16 | INFO    | holoqpi |   circularity_median_relative_bias   0.0029
13:22:16 | INFO    | holoqpi |   circularity_n_cells                1925
13:22:16 | INFO    | holoqpi |   circularity_relative_bias          0.0021
13:22:16 | INFO    | holoqpi |   coverage                           0.6042
13:22:16 | INFO    | holoqpi |   detection_f1                       0.6869
13:22:16 | INFO    | holoqpi |   detection_precision                0.7958
13:22:16 | INFO    | holoqpi |   detection_recall                   0.6042
13:22:16 | INFO    | holoqpi |   dry_mass_bootstrap_fields          113
13:22:16 | INFO    | holoqpi |   dry_mass_bootstrap_resamples       2000
13:22:16 | INFO    | holoqpi |   dry_mass_cell_pearson_r            0.9285
13:22:16 | INFO    | holoqpi |   dry_mass_cell_pearson_r_ci_lower   0.9139
13:22:16 | INFO    | holoqpi |   dry_mass_cell_pearson_r_ci_upper   0.9404
13:22:16 | INFO    | holoqpi |   dry_mass_field_total_bias          -0.1244
13:22:16 | INFO    | holoqpi |   dry_mass_field_total_mape          0.1696
13:22:16 | INFO    | holoqpi |   dry_mass_field_total_pearson_r     0.9648
13:22:16 | INFO    | holoqpi |   dry_mass_image_pearson_r           0.9284
13:22:16 | INFO    | holoqpi |   dry_mass_loa_lower                 -0.2363
13:22:16 | INFO    | holoqpi |   dry_mass_loa_upper                 0.1965
13:22:16 | INFO    | holoqpi |   dry_mass_mae                       36.6212
13:22:16 | INFO    | holoqpi |   dry_mass_mape                      0.1850
13:22:16 | INFO    | holoqpi |   dry_mass_mape_ci_lower             0.1733
13:22:16 | INFO    | holoqpi |   dry_mass_mape_ci_upper             0.1967
13:22:16 | INFO    | holoqpi |   dry_mass_mape_coverage_adjusted    0.5075
13:22:16 | INFO    | holoqpi |   dry_mass_median_relative_bias      -0.0308
13:22:16 | INFO    | holoqpi |   dry_mass_n_cells                   1925
13:22:16 | INFO    | holoqpi |   dry_mass_n_fields                  113
13:22:16 | INFO    | holoqpi |   dry_mass_relative_bias             -0.0199
13:22:16 | INFO    | holoqpi |   false_positive_median_area_um2     106.9171
13:22:16 | INFO    | holoqpi |   forward_distance_um                33.7700
13:22:16 | INFO    | holoqpi |   forward_residual                   0.8981
13:22:16 | INFO    | holoqpi |   forward_residual_n                 113
13:22:16 | INFO    | holoqpi |   forward_residual_ratio             1.0075
13:22:16 | INFO    | holoqpi |   forward_residual_reference         0.8914
13:22:16 | INFO    | holoqpi |   missed_median_area_um2             98.9237
13:22:16 | INFO    | holoqpi |   optical_volume_bootstrap_fields    113
13:22:16 | INFO    | holoqpi |   optical_volume_bootstrap_resamples 2000
13:22:16 | INFO    | holoqpi |   optical_volume_cell_pearson_r      0.9285
13:22:16 | INFO    | holoqpi |   optical_volume_cell_pearson_r_ci_lower 0.9139
13:22:16 | INFO    | holoqpi |   optical_volume_cell_pearson_r_ci_upper 0.9404
13:22:16 | INFO    | holoqpi |   optical_volume_field_total_bias    -0.1244
13:22:16 | INFO    | holoqpi |   optical_volume_field_total_mape    0.1696
13:22:16 | INFO    | holoqpi |   optical_volume_field_total_pearson_r 0.9648
13:22:16 | INFO    | holoqpi |   optical_volume_image_pearson_r     0.9284
13:22:16 | INFO    | holoqpi |   optical_volume_loa_lower           -0.2363
13:22:16 | INFO    | holoqpi |   optical_volume_loa_upper           0.1965
13:22:16 | INFO    | holoqpi |   optical_volume_mae                 69.0985
13:22:16 | INFO    | holoqpi |   optical_volume_mape                0.1850
13:22:16 | INFO    | holoqpi |   optical_volume_mape_ci_lower       0.1733
13:22:16 | INFO    | holoqpi |   optical_volume_mape_ci_upper       0.1967
13:22:16 | INFO    | holoqpi |   optical_volume_mape_coverage_adjusted 0.5075
13:22:16 | INFO    | holoqpi |   optical_volume_median_relative_bias -0.0308
13:22:16 | INFO    | holoqpi |   optical_volume_n_cells             1925
13:22:16 | INFO    | holoqpi |   optical_volume_n_fields            113
13:22:16 | INFO    | holoqpi |   optical_volume_relative_bias       -0.0199
13:22:16 | INFO    | holoqpi |   phase_bias_rad                     -0.0079
13:22:16 | INFO    | holoqpi |   phase_bias_rad_background          0.0245
13:22:16 | INFO    | holoqpi |   phase_bias_rad_in_cell             -0.2069
13:22:16 | INFO    | holoqpi |   phase_mae_rad                      0.1646
13:22:16 | INFO    | holoqpi |   phase_mae_rad_background           0.1462
13:22:16 | INFO    | holoqpi |   phase_mae_rad_in_cell              0.2938
13:22:16 | INFO    | holoqpi |   phase_n_images                     113
13:22:16 | INFO    | holoqpi |   phase_pearson_r                    0.8647
13:22:16 | INFO    | holoqpi |   phase_psnr_db                      30.8406
13:22:16 | INFO    | holoqpi |   phase_rmse_rad                     0.2541
13:22:16 | INFO    | holoqpi |   phase_ssim                         0.6257
13:22:16 | INFO    | holoqpi |   seg_aji                            0.6592
13:22:16 | INFO    | holoqpi |   seg_boundary_f1                    0.4505
13:22:16 | INFO    | holoqpi |   seg_dice                           0.8294
13:22:16 | INFO    | holoqpi |   seg_dice_macro                     0.8294
13:22:16 | INFO    | holoqpi |   seg_instance_count_mape            0.2895
13:22:16 | INFO    | holoqpi |   seg_iou                            0.7085
13:22:16 | INFO    | holoqpi |   seg_n_images                       113
