14:47:26 | INFO    | holoqpi.models.encoders | loading pretrained mobilenet_v2 from weights/mobilenet_v2-b0353104.pth
14:47:26 | INFO    | holoqpi.models.encoders | loading pretrained mobilenet_v2 from weights/mobilenet_v2-b0353104.pth
14:47:26 | INFO    | holoqpi.models.encoders | encoder=mobilenet_v2 in_channels=1 pretrained=True weights=local (weights) stages=[16, 24, 32, 96, 1280]
14:47:27 | INFO    | holoqpi.models.holonet | HoloQPINet built: 9.60M parameters, 9.60M trainable (100.0%)
14:47:28 | INFO    | holoqpi.engine.trainer | checkpoint best_model.pt: 440/440 tensors matched
14:47:28 | INFO    | holoqpi.data.dataset | test split: 113 samples | modality=off_axis | crop=None | augment=False
14:48:23 | INFO    | holoqpi | labels from membrane_mask -> metrics_test_membrane.json
14:48:23 | INFO    | holoqpi |   area_bootstrap_fields              90
14:48:23 | INFO    | holoqpi |   area_bootstrap_resamples           2000
14:48:23 | INFO    | holoqpi |   area_cell_pearson_r                0.7983
14:48:23 | INFO    | holoqpi |   area_cell_pearson_r_ci_lower       0.7371
14:48:23 | INFO    | holoqpi |   area_cell_pearson_r_ci_upper       0.8489
14:48:23 | INFO    | holoqpi |   area_field_total_bias              -0.4424
14:48:23 | INFO    | holoqpi |   area_field_total_mape              0.4600
14:48:23 | INFO    | holoqpi |   area_field_total_pearson_r         0.2600
14:48:23 | INFO    | holoqpi |   area_image_pearson_r               0.7784
14:48:23 | INFO    | holoqpi |   area_loa_lower                     -0.7123
14:48:23 | INFO    | holoqpi |   area_loa_upper                     -0.0004
14:48:23 | INFO    | holoqpi |   area_mae                           231.8364
14:48:23 | INFO    | holoqpi |   area_mape                          0.3102
14:48:23 | INFO    | holoqpi |   area_mape_ci_lower                 0.2972
14:48:23 | INFO    | holoqpi |   area_mape_ci_upper                 0.3236
14:48:23 | INFO    | holoqpi |   area_mape_coverage_adjusted        0.9194
14:48:23 | INFO    | holoqpi |   area_median_relative_bias          -0.3719
14:48:23 | INFO    | holoqpi |   area_n_cells                       419
14:48:23 | INFO    | holoqpi |   area_n_fields                      113
14:48:23 | INFO    | holoqpi |   area_relative_bias                 -0.3564
14:48:23 | INFO    | holoqpi |   cell_count_ratio                   0.6479
14:48:23 | INFO    | holoqpi |   cells_detected                     2322
14:48:23 | INFO    | holoqpi |   cells_false_positive               1903
14:48:23 | INFO    | holoqpi |   cells_matched                      419
14:48:23 | INFO    | holoqpi |   cells_missed                       3165
14:48:23 | INFO    | holoqpi |   cells_reference                    3584
14:48:23 | INFO    | holoqpi |   circularity_bootstrap_fields       90
14:48:23 | INFO    | holoqpi |   circularity_bootstrap_resamples    2000
14:48:23 | INFO    | holoqpi |   circularity_cell_pearson_r         0.3376
14:48:23 | INFO    | holoqpi |   circularity_cell_pearson_r_ci_lower 0.2046
14:48:23 | INFO    | holoqpi |   circularity_cell_pearson_r_ci_upper 0.4394
14:48:23 | INFO    | holoqpi |   circularity_image_pearson_r        0.0477
14:48:23 | INFO    | holoqpi |   circularity_loa_lower              -0.0995
14:48:23 | INFO    | holoqpi |   circularity_loa_upper              0.7606
14:48:23 | INFO    | holoqpi |   circularity_mae                    0.2479
14:48:23 | INFO    | holoqpi |   circularity_mape                   0.4913
14:48:23 | INFO    | holoqpi |   circularity_mape_ci_lower          0.4302
14:48:23 | INFO    | holoqpi |   circularity_mape_ci_upper          0.5515
14:48:23 | INFO    | holoqpi |   circularity_mape_coverage_adjusted 0.9405
14:48:23 | INFO    | holoqpi |   circularity_median_relative_bias   0.3434
14:48:23 | INFO    | holoqpi |   circularity_n_cells                419
14:48:23 | INFO    | holoqpi |   circularity_relative_bias          0.3305
14:48:23 | INFO    | holoqpi |   coverage                           0.1169
14:48:23 | INFO    | holoqpi |   detection_f1                       0.1419
14:48:23 | INFO    | holoqpi |   detection_precision                0.1804
14:48:23 | INFO    | holoqpi |   detection_recall                   0.1169
14:48:23 | INFO    | holoqpi |   dry_mass_bootstrap_fields          90
14:48:23 | INFO    | holoqpi |   dry_mass_bootstrap_resamples       2000
14:48:23 | INFO    | holoqpi |   dry_mass_cell_pearson_r            0.9276
14:48:23 | INFO    | holoqpi |   dry_mass_cell_pearson_r_ci_lower   0.9040
14:48:23 | INFO    | holoqpi |   dry_mass_cell_pearson_r_ci_upper   0.9470
14:48:23 | INFO    | holoqpi |   dry_mass_field_total_bias          0.5399
14:48:23 | INFO    | holoqpi |   dry_mass_field_total_mape          0.5399
14:48:23 | INFO    | holoqpi |   dry_mass_field_total_pearson_r     0.8747
14:48:23 | INFO    | holoqpi |   dry_mass_image_pearson_r           0.9382
14:48:23 | INFO    | holoqpi |   dry_mass_loa_lower                 -0.3123
14:48:23 | INFO    | holoqpi |   dry_mass_loa_upper                 0.2973
14:48:23 | INFO    | holoqpi |   dry_mass_mae                       42.2821
14:48:23 | INFO    | holoqpi |   dry_mass_mape                      0.1790
14:48:23 | INFO    | holoqpi |   dry_mass_mape_ci_lower             0.1625
14:48:23 | INFO    | holoqpi |   dry_mass_mape_ci_upper             0.1975
14:48:23 | INFO    | holoqpi |   dry_mass_mape_coverage_adjusted    0.9040
14:48:23 | INFO    | holoqpi |   dry_mass_median_relative_bias      -0.0078
14:48:23 | INFO    | holoqpi |   dry_mass_n_cells                   419
14:48:23 | INFO    | holoqpi |   dry_mass_n_fields                  113
14:48:23 | INFO    | holoqpi |   dry_mass_relative_bias             -0.0075
14:48:23 | INFO    | holoqpi |   false_positive_median_area_um2     370.6188
14:48:23 | INFO    | holoqpi |   forward_distance_um                33.7700
14:48:23 | INFO    | holoqpi |   forward_residual                   0.8977
14:48:23 | INFO    | holoqpi |   forward_residual_n                 113
14:48:23 | INFO    | holoqpi |   forward_residual_ratio             1.0071
14:48:23 | INFO    | holoqpi |   forward_residual_reference         0.8914
14:48:23 | INFO    | holoqpi |   missed_median_area_um2             144.6931
14:48:23 | INFO    | holoqpi |   optical_volume_bootstrap_fields    90
14:48:23 | INFO    | holoqpi |   optical_volume_bootstrap_resamples 2000
14:48:23 | INFO    | holoqpi |   optical_volume_cell_pearson_r      0.9276
14:48:23 | INFO    | holoqpi |   optical_volume_cell_pearson_r_ci_lower 0.9040
14:48:23 | INFO    | holoqpi |   optical_volume_cell_pearson_r_ci_upper 0.9470
14:48:23 | INFO    | holoqpi |   optical_volume_field_total_bias    0.5399
14:48:23 | INFO    | holoqpi |   optical_volume_field_total_mape    0.5399
14:48:23 | INFO    | holoqpi |   optical_volume_field_total_pearson_r 0.8747
14:48:23 | INFO    | holoqpi |   optical_volume_image_pearson_r     0.9382
14:48:23 | INFO    | holoqpi |   optical_volume_loa_lower           -0.3123
14:48:23 | INFO    | holoqpi |   optical_volume_loa_upper           0.2973
14:48:23 | INFO    | holoqpi |   optical_volume_mae                 79.7797
14:48:23 | INFO    | holoqpi |   optical_volume_mape                0.1790
14:48:23 | INFO    | holoqpi |   optical_volume_mape_ci_lower       0.1625
14:48:23 | INFO    | holoqpi |   optical_volume_mape_ci_upper       0.1975
14:48:23 | INFO    | holoqpi |   optical_volume_mape_coverage_adjusted 0.9040
14:48:23 | INFO    | holoqpi |   optical_volume_median_relative_bias -0.0078
14:48:23 | INFO    | holoqpi |   optical_volume_n_cells             419
14:48:23 | INFO    | holoqpi |   optical_volume_n_fields            113
14:48:23 | INFO    | holoqpi |   optical_volume_relative_bias       -0.0075
14:48:23 | INFO    | holoqpi |   phase_bias_rad                     0.0068
14:48:23 | INFO    | holoqpi |   phase_bias_rad_background          0.0151
14:48:23 | INFO    | holoqpi |   phase_bias_rad_in_cell             -0.0199
14:48:23 | INFO    | holoqpi |   phase_mae_rad                      0.1654
14:48:23 | INFO    | holoqpi |   phase_mae_rad_background           0.1646
14:48:23 | INFO    | holoqpi |   phase_mae_rad_in_cell              0.1680
14:48:23 | INFO    | holoqpi |   phase_n_images                     113
14:48:23 | INFO    | holoqpi |   phase_pearson_r                    0.8635
14:48:23 | INFO    | holoqpi |   phase_psnr_db                      30.7595
14:48:23 | INFO    | holoqpi |   phase_rmse_rad                     0.2522
14:48:23 | INFO    | holoqpi |   phase_ssim                         0.6193
14:48:23 | INFO    | holoqpi |   seg_aji                            0.2377
14:48:23 | INFO    | holoqpi |   seg_boundary_f1                    0.0658
14:48:23 | INFO    | holoqpi |   seg_dice                           0.5094
14:48:23 | INFO    | holoqpi |   seg_dice_macro                     0.5094
14:48:23 | INFO    | holoqpi |   seg_instance_count_mape            0.5322
14:48:23 | INFO    | holoqpi |   seg_iou                            0.3418
14:48:23 | INFO    | holoqpi |   seg_n_images                       113
