09:05:25 | INFO    | holoqpi.models.encoders | loading pretrained mobilenet_v2 from weights/mobilenet_v2-b0353104.pth
09:05:25 | INFO    | holoqpi.models.encoders | loading pretrained mobilenet_v2 from weights/mobilenet_v2-b0353104.pth
09:05:25 | INFO    | holoqpi.models.encoders | encoder=mobilenet_v2 in_channels=1 pretrained=True weights=local (weights) stages=[16, 24, 32, 96, 1280]
09:05:25 | INFO    | holoqpi.models.holonet | HoloQPINet built: 9.60M parameters, 9.60M trainable (100.0%)
09:05:27 | INFO    | holoqpi.engine.trainer | checkpoint best_model.pt: 440/440 tensors matched
09:05:27 | INFO    | holoqpi.data.dataset | test split: 113 samples | modality=off_axis | crop=None | augment=False
09:06:17 | INFO    | holoqpi |   area_bootstrap_fields              113
09:06:17 | INFO    | holoqpi |   area_bootstrap_resamples           2000
09:06:17 | INFO    | holoqpi |   area_cell_pearson_r                0.8999
09:06:17 | INFO    | holoqpi |   area_cell_pearson_r_ci_lower       0.8826
09:06:17 | INFO    | holoqpi |   area_cell_pearson_r_ci_upper       0.9155
09:06:17 | INFO    | holoqpi |   area_field_total_bias              -0.0923
09:06:17 | INFO    | holoqpi |   area_field_total_mape              0.1529
09:06:17 | INFO    | holoqpi |   area_field_total_pearson_r         0.9352
09:06:17 | INFO    | holoqpi |   area_image_pearson_r               0.8223
09:06:17 | INFO    | holoqpi |   area_loa_lower                     -0.1600
09:06:17 | INFO    | holoqpi |   area_loa_upper                     0.2874
09:06:17 | INFO    | holoqpi |   area_mae                           58.7351
09:06:17 | INFO    | holoqpi |   area_mape                          0.1558
09:06:17 | INFO    | holoqpi |   area_mape_ci_lower                 0.1471
09:06:17 | INFO    | holoqpi |   area_mape_ci_upper                 0.1663
09:06:17 | INFO    | holoqpi |   area_mape_coverage_adjusted        0.4971
09:06:17 | INFO    | holoqpi |   area_median_relative_bias          0.0590
09:06:17 | INFO    | holoqpi |   area_n_cells                       1898
09:06:17 | INFO    | holoqpi |   area_n_fields                      113
09:06:17 | INFO    | holoqpi |   area_relative_bias                 0.0637
09:06:17 | INFO    | holoqpi |   cell_count_ratio                   0.6918
09:06:17 | INFO    | holoqpi |   cells_detected                     2204
09:06:17 | INFO    | holoqpi |   cells_false_positive               306
09:06:17 | INFO    | holoqpi |   cells_matched                      1898
09:06:17 | INFO    | holoqpi |   cells_missed                       1288
09:06:17 | INFO    | holoqpi |   cells_reference                    3186
09:06:17 | INFO    | holoqpi |   circularity_bootstrap_fields       113
09:06:17 | INFO    | holoqpi |   circularity_bootstrap_resamples    2000
09:06:17 | INFO    | holoqpi |   circularity_cell_pearson_r         0.8895
09:06:17 | INFO    | holoqpi |   circularity_cell_pearson_r_ci_lower 0.8684
09:06:17 | INFO    | holoqpi |   circularity_cell_pearson_r_ci_upper 0.9076
09:06:17 | INFO    | holoqpi |   circularity_image_pearson_r        0.9371
09:06:17 | INFO    | holoqpi |   circularity_loa_lower              -0.0506
09:06:17 | INFO    | holoqpi |   circularity_loa_upper              0.0924
09:06:17 | INFO    | holoqpi |   circularity_mae                    0.0396
09:06:17 | INFO    | holoqpi |   circularity_mape                   0.0560
09:06:17 | INFO    | holoqpi |   circularity_mape_ci_lower          0.0493
09:06:17 | INFO    | holoqpi |   circularity_mape_ci_upper          0.0633
09:06:17 | INFO    | holoqpi |   circularity_mape_coverage_adjusted 0.4376
09:06:17 | INFO    | holoqpi |   circularity_median_relative_bias   0.0152
09:06:17 | INFO    | holoqpi |   circularity_n_cells                1898
09:06:17 | INFO    | holoqpi |   circularity_relative_bias          0.0209
09:06:17 | INFO    | holoqpi |   coverage                           0.5957
09:06:17 | INFO    | holoqpi |   detection_f1                       0.7043
09:06:17 | INFO    | holoqpi |   detection_precision                0.8612
09:06:17 | INFO    | holoqpi |   detection_recall                   0.5957
09:06:17 | INFO    | holoqpi |   dry_mass_bootstrap_fields          113
09:06:17 | INFO    | holoqpi |   dry_mass_bootstrap_resamples       2000
09:06:17 | INFO    | holoqpi |   dry_mass_cell_pearson_r            0.9371
09:06:17 | INFO    | holoqpi |   dry_mass_cell_pearson_r_ci_lower   0.9241
09:06:17 | INFO    | holoqpi |   dry_mass_cell_pearson_r_ci_upper   0.9478
09:06:17 | INFO    | holoqpi |   dry_mass_field_total_bias          -0.1605
09:06:17 | INFO    | holoqpi |   dry_mass_field_total_mape          0.1704
09:06:17 | INFO    | holoqpi |   dry_mass_field_total_pearson_r     0.9876
09:06:17 | INFO    | holoqpi |   dry_mass_image_pearson_r           0.9431
09:06:17 | INFO    | holoqpi |   dry_mass_loa_lower                 -0.2606
09:06:17 | INFO    | holoqpi |   dry_mass_loa_upper                 0.1674
09:06:17 | INFO    | holoqpi |   dry_mass_mae                       35.2495
09:06:17 | INFO    | holoqpi |   dry_mass_mape                      0.1750
09:06:17 | INFO    | holoqpi |   dry_mass_mape_ci_lower             0.1650
09:06:17 | INFO    | holoqpi |   dry_mass_mape_ci_upper             0.1849
09:06:17 | INFO    | holoqpi |   dry_mass_mape_coverage_adjusted    0.5085
09:06:17 | INFO    | holoqpi |   dry_mass_median_relative_bias      -0.0404
09:06:17 | INFO    | holoqpi |   dry_mass_n_cells                   1898
09:06:17 | INFO    | holoqpi |   dry_mass_n_fields                  113
09:06:17 | INFO    | holoqpi |   dry_mass_relative_bias             -0.0466
09:06:17 | INFO    | holoqpi |   false_positive_median_area_um2     124.6893
09:06:17 | INFO    | holoqpi |   forward_distance_um                33.7700
09:06:17 | INFO    | holoqpi |   forward_residual                   0.8951
09:06:17 | INFO    | holoqpi |   forward_residual_n                 113
09:06:17 | INFO    | holoqpi |   forward_residual_ratio             1.0042
09:06:17 | INFO    | holoqpi |   forward_residual_reference         0.8914
09:06:17 | INFO    | holoqpi |   missed_median_area_um2             97.0572
09:06:17 | INFO    | holoqpi |   optical_volume_bootstrap_fields    113
09:06:17 | INFO    | holoqpi |   optical_volume_bootstrap_resamples 2000
09:06:17 | INFO    | holoqpi |   optical_volume_cell_pearson_r      0.9371
09:06:17 | INFO    | holoqpi |   optical_volume_cell_pearson_r_ci_lower 0.9241
09:06:17 | INFO    | holoqpi |   optical_volume_cell_pearson_r_ci_upper 0.9478
09:06:17 | INFO    | holoqpi |   optical_volume_field_total_bias    -0.1605
09:06:17 | INFO    | holoqpi |   optical_volume_field_total_mape    0.1704
09:06:17 | INFO    | holoqpi |   optical_volume_field_total_pearson_r 0.9876
09:06:17 | INFO    | holoqpi |   optical_volume_image_pearson_r     0.9431
09:06:17 | INFO    | holoqpi |   optical_volume_loa_lower           -0.2606
09:06:17 | INFO    | holoqpi |   optical_volume_loa_upper           0.1674
09:06:17 | INFO    | holoqpi |   optical_volume_mae                 66.5103
09:06:17 | INFO    | holoqpi |   optical_volume_mape                0.1750
09:06:17 | INFO    | holoqpi |   optical_volume_mape_ci_lower       0.1650
09:06:17 | INFO    | holoqpi |   optical_volume_mape_ci_upper       0.1849
09:06:17 | INFO    | holoqpi |   optical_volume_mape_coverage_adjusted 0.5085
09:06:17 | INFO    | holoqpi |   optical_volume_median_relative_bias -0.0404
09:06:17 | INFO    | holoqpi |   optical_volume_n_cells             1898
09:06:17 | INFO    | holoqpi |   optical_volume_n_fields            113
09:06:17 | INFO    | holoqpi |   optical_volume_relative_bias       -0.0466
09:06:17 | INFO    | holoqpi |   phase_bias_rad                     -0.0086
09:06:17 | INFO    | holoqpi |   phase_bias_rad_background          0.0209
09:06:17 | INFO    | holoqpi |   phase_bias_rad_in_cell             -0.1981
09:06:17 | INFO    | holoqpi |   phase_mae_rad                      0.1568
09:06:17 | INFO    | holoqpi |   phase_mae_rad_background           0.1401
09:06:17 | INFO    | holoqpi |   phase_mae_rad_in_cell              0.2699
09:06:17 | INFO    | holoqpi |   phase_n_images                     113
09:06:17 | INFO    | holoqpi |   phase_pearson_r                    0.8757
09:06:17 | INFO    | holoqpi |   phase_psnr_db                      31.2293
09:06:17 | INFO    | holoqpi |   phase_rmse_rad                     0.2411
09:06:17 | INFO    | holoqpi |   phase_ssim                         0.6390
09:06:17 | INFO    | holoqpi |   seg_aji                            0.6736
09:06:17 | INFO    | holoqpi |   seg_boundary_f1                    0.4727
09:06:17 | INFO    | holoqpi |   seg_dice                           0.8352
09:06:17 | INFO    | holoqpi |   seg_dice_macro                     0.8352
09:06:17 | INFO    | holoqpi |   seg_instance_count_mape            0.3271
09:06:17 | INFO    | holoqpi |   seg_iou                            0.7171
09:06:17 | INFO    | holoqpi |   seg_n_images                       113
