11:54:02 | INFO    | holoqpi.models.encoders | loading pretrained mobilenet_v2 from weights/mobilenet_v2-b0353104.pth
11:54:03 | INFO    | holoqpi.models.encoders | loading pretrained mobilenet_v2 from weights/mobilenet_v2-b0353104.pth
11:54:03 | INFO    | holoqpi.models.encoders | encoder=mobilenet_v2 in_channels=1 pretrained=True weights=local (weights) stages=[16, 24, 32, 96, 1280]
11:54:03 | INFO    | holoqpi.models.holonet | HoloQPINet built: 9.60M parameters, 9.60M trainable (100.0%)
11:54:04 | INFO    | holoqpi.engine.trainer | checkpoint best_model.pt: 440/440 tensors matched
11:54:04 | INFO    | holoqpi.data.dataset | test split: 113 samples | modality=off_axis | crop=None | augment=False
11:54:56 | INFO    | holoqpi |   area_bootstrap_fields              113
11:54:56 | INFO    | holoqpi |   area_bootstrap_resamples           2000
11:54:56 | INFO    | holoqpi |   area_cell_pearson_r                0.8867
11:54:56 | INFO    | holoqpi |   area_cell_pearson_r_ci_lower       0.8692
11:54:56 | INFO    | holoqpi |   area_cell_pearson_r_ci_upper       0.9032
11:54:56 | INFO    | holoqpi |   area_field_total_bias              -0.1013
11:54:56 | INFO    | holoqpi |   area_field_total_mape              0.1605
11:54:56 | INFO    | holoqpi |   area_field_total_pearson_r         0.9297
11:54:56 | INFO    | holoqpi |   area_image_pearson_r               0.8183
11:54:56 | INFO    | holoqpi |   area_loa_lower                     -0.1677
11:54:56 | INFO    | holoqpi |   area_loa_upper                     0.2807
11:54:56 | INFO    | holoqpi |   area_mae                           61.2961
11:54:56 | INFO    | holoqpi |   area_mape                          0.1585
11:54:56 | INFO    | holoqpi |   area_mape_ci_lower                 0.1490
11:54:56 | INFO    | holoqpi |   area_mape_ci_upper                 0.1688
11:54:56 | INFO    | holoqpi |   area_mape_coverage_adjusted        0.5048
11:54:56 | INFO    | holoqpi |   area_median_relative_bias          0.0529
11:54:56 | INFO    | holoqpi |   area_n_cells                       1875
11:54:56 | INFO    | holoqpi |   area_n_fields                      113
11:54:56 | INFO    | holoqpi |   area_relative_bias                 0.0565
11:54:56 | INFO    | holoqpi |   cell_count_ratio                   0.6890
11:54:56 | INFO    | holoqpi |   cells_detected                     2195
11:54:56 | INFO    | holoqpi |   cells_false_positive               320
11:54:56 | INFO    | holoqpi |   cells_matched                      1875
11:54:56 | INFO    | holoqpi |   cells_missed                       1311
11:54:56 | INFO    | holoqpi |   cells_reference                    3186
11:54:56 | INFO    | holoqpi |   circularity_bootstrap_fields       113
11:54:56 | INFO    | holoqpi |   circularity_bootstrap_resamples    2000
11:54:56 | INFO    | holoqpi |   circularity_cell_pearson_r         0.8718
11:54:56 | INFO    | holoqpi |   circularity_cell_pearson_r_ci_lower 0.8512
11:54:56 | INFO    | holoqpi |   circularity_cell_pearson_r_ci_upper 0.8911
11:54:56 | INFO    | holoqpi |   circularity_image_pearson_r        0.8995
11:54:56 | INFO    | holoqpi |   circularity_loa_lower              -0.0738
11:54:56 | INFO    | holoqpi |   circularity_loa_upper              0.1085
11:54:56 | INFO    | holoqpi |   circularity_mae                    0.0426
11:54:56 | INFO    | holoqpi |   circularity_mape                   0.0597
11:54:56 | INFO    | holoqpi |   circularity_mape_ci_lower          0.0528
11:54:56 | INFO    | holoqpi |   circularity_mape_ci_upper          0.0672
11:54:56 | INFO    | holoqpi |   circularity_mape_coverage_adjusted 0.4466
11:54:56 | INFO    | holoqpi |   circularity_median_relative_bias   0.0100
11:54:56 | INFO    | holoqpi |   circularity_n_cells                1875
11:54:56 | INFO    | holoqpi |   circularity_relative_bias          0.0174
11:54:56 | INFO    | holoqpi |   coverage                           0.5885
11:54:56 | INFO    | holoqpi |   detection_f1                       0.6969
11:54:56 | INFO    | holoqpi |   detection_precision                0.8542
11:54:56 | INFO    | holoqpi |   detection_recall                   0.5885
11:54:56 | INFO    | holoqpi |   dry_mass_bootstrap_fields          113
11:54:56 | INFO    | holoqpi |   dry_mass_bootstrap_resamples       2000
11:54:56 | INFO    | holoqpi |   dry_mass_cell_pearson_r            0.9219
11:54:56 | INFO    | holoqpi |   dry_mass_cell_pearson_r_ci_lower   0.9098
11:54:56 | INFO    | holoqpi |   dry_mass_cell_pearson_r_ci_upper   0.9325
11:54:56 | INFO    | holoqpi |   dry_mass_field_total_bias          -0.1609
11:54:56 | INFO    | holoqpi |   dry_mass_field_total_mape          0.1668
11:54:56 | INFO    | holoqpi |   dry_mass_field_total_pearson_r     0.9905
11:54:56 | INFO    | holoqpi |   dry_mass_image_pearson_r           0.9499
11:54:56 | INFO    | holoqpi |   dry_mass_loa_lower                 -0.2290
11:54:56 | INFO    | holoqpi |   dry_mass_loa_upper                 0.1813
11:54:56 | INFO    | holoqpi |   dry_mass_mae                       38.8293
11:54:56 | INFO    | holoqpi |   dry_mass_mape                      0.1895
11:54:56 | INFO    | holoqpi |   dry_mass_mape_ci_lower             0.1788
11:54:56 | INFO    | holoqpi |   dry_mass_mape_ci_upper             0.2001
11:54:56 | INFO    | holoqpi |   dry_mass_mape_coverage_adjusted    0.5230
11:54:56 | INFO    | holoqpi |   dry_mass_median_relative_bias      -0.0265
11:54:56 | INFO    | holoqpi |   dry_mass_n_cells                   1875
11:54:56 | INFO    | holoqpi |   dry_mass_n_fields                  113
11:54:56 | INFO    | holoqpi |   dry_mass_relative_bias             -0.0238
11:54:56 | INFO    | holoqpi |   false_positive_median_area_um2     134.4680
11:54:56 | INFO    | holoqpi |   forward_distance_um                33.7700
11:54:56 | INFO    | holoqpi |   forward_residual                   0.8956
11:54:56 | INFO    | holoqpi |   forward_residual_n                 113
11:54:56 | INFO    | holoqpi |   forward_residual_ratio             1.0047
11:54:56 | INFO    | holoqpi |   forward_residual_reference         0.8914
11:54:56 | INFO    | holoqpi |   missed_median_area_um2             96.3268
11:54:56 | INFO    | holoqpi |   optical_volume_bootstrap_fields    113
11:54:56 | INFO    | holoqpi |   optical_volume_bootstrap_resamples 2000
11:54:56 | INFO    | holoqpi |   optical_volume_cell_pearson_r      0.9219
11:54:56 | INFO    | holoqpi |   optical_volume_cell_pearson_r_ci_lower 0.9098
11:54:56 | INFO    | holoqpi |   optical_volume_cell_pearson_r_ci_upper 0.9325
11:54:56 | INFO    | holoqpi |   optical_volume_field_total_bias    -0.1609
11:54:56 | INFO    | holoqpi |   optical_volume_field_total_mape    0.1668
11:54:56 | INFO    | holoqpi |   optical_volume_field_total_pearson_r 0.9905
11:54:56 | INFO    | holoqpi |   optical_volume_image_pearson_r     0.9499
11:54:56 | INFO    | holoqpi |   optical_volume_loa_lower           -0.2290
11:54:56 | INFO    | holoqpi |   optical_volume_loa_upper           0.1813
11:54:56 | INFO    | holoqpi |   optical_volume_mae                 73.2647
11:54:56 | INFO    | holoqpi |   optical_volume_mape                0.1895
11:54:56 | INFO    | holoqpi |   optical_volume_mape_ci_lower       0.1788
11:54:56 | INFO    | holoqpi |   optical_volume_mape_ci_upper       0.2001
11:54:56 | INFO    | holoqpi |   optical_volume_mape_coverage_adjusted 0.5230
11:54:56 | INFO    | holoqpi |   optical_volume_median_relative_bias -0.0265
11:54:56 | INFO    | holoqpi |   optical_volume_n_cells             1875
11:54:56 | INFO    | holoqpi |   optical_volume_n_fields            113
11:54:56 | INFO    | holoqpi |   optical_volume_relative_bias       -0.0238
11:54:56 | INFO    | holoqpi |   phase_bias_rad                     -0.0011
11:54:56 | INFO    | holoqpi |   phase_bias_rad_background          0.0291
11:54:56 | INFO    | holoqpi |   phase_bias_rad_in_cell             -0.1996
11:54:56 | INFO    | holoqpi |   phase_mae_rad                      0.1647
11:54:56 | INFO    | holoqpi |   phase_mae_rad_background           0.1461
11:54:56 | INFO    | holoqpi |   phase_mae_rad_in_cell              0.2957
11:54:56 | INFO    | holoqpi |   phase_n_images                     113
11:54:56 | INFO    | holoqpi |   phase_pearson_r                    0.8658
11:54:56 | INFO    | holoqpi |   phase_psnr_db                      30.8779
11:54:56 | INFO    | holoqpi |   phase_rmse_rad                     0.2519
11:54:56 | INFO    | holoqpi |   phase_ssim                         0.6233
11:54:56 | INFO    | holoqpi |   seg_aji                            0.6627
11:54:56 | INFO    | holoqpi |   seg_boundary_f1                    0.4461
11:54:56 | INFO    | holoqpi |   seg_dice                           0.8289
11:54:56 | INFO    | holoqpi |   seg_dice_macro                     0.8289
11:54:56 | INFO    | holoqpi |   seg_instance_count_mape            0.3157
11:54:56 | INFO    | holoqpi |   seg_iou                            0.7078
11:54:56 | INFO    | holoqpi |   seg_n_images                       113
