13:22:21 | INFO    | holoqpi.models.encoders | loading pretrained mobilenet_v2 from weights/mobilenet_v2-b0353104.pth
13:22:21 | INFO    | holoqpi.models.encoders | loading pretrained mobilenet_v2 from weights/mobilenet_v2-b0353104.pth
13:22:21 | INFO    | holoqpi.models.encoders | encoder=mobilenet_v2 in_channels=1 pretrained=True weights=local (weights) stages=[16, 24, 32, 96, 1280]
13:22:21 | INFO    | holoqpi.models.holonet | HoloQPINet built: 9.60M parameters, 9.60M trainable (100.0%)
13:22:23 | INFO    | holoqpi.engine.trainer | checkpoint best_model.pt: 440/440 tensors matched
13:22:23 | INFO    | holoqpi.data.dataset | test split: 113 samples | modality=off_axis | crop=None | augment=False
13:23:15 | INFO    | holoqpi | labels from membrane_mask -> metrics_test_membrane.json
13:23:15 | INFO    | holoqpi |   area_bootstrap_fields              92
13:23:15 | INFO    | holoqpi |   area_bootstrap_resamples           2000
13:23:15 | INFO    | holoqpi |   area_cell_pearson_r                0.8187
13:23:15 | INFO    | holoqpi |   area_cell_pearson_r_ci_lower       0.7660
13:23:15 | INFO    | holoqpi |   area_cell_pearson_r_ci_upper       0.8592
13:23:15 | INFO    | holoqpi |   area_field_total_bias              -0.4198
13:23:15 | INFO    | holoqpi |   area_field_total_mape              0.4420
13:23:15 | INFO    | holoqpi |   area_field_total_pearson_r         0.2729
13:23:15 | INFO    | holoqpi |   area_image_pearson_r               0.8059
13:23:15 | INFO    | holoqpi |   area_loa_lower                     -0.7257
13:23:15 | INFO    | holoqpi |   area_loa_upper                     0.0282
13:23:15 | INFO    | holoqpi |   area_mae                           230.5020
13:23:15 | INFO    | holoqpi |   area_mape                          0.3007
13:23:15 | INFO    | holoqpi |   area_mape_ci_lower                 0.2867
13:23:15 | INFO    | holoqpi |   area_mape_ci_upper                 0.3151
13:23:15 | INFO    | holoqpi |   area_mape_coverage_adjusted        0.9124
13:23:15 | INFO    | holoqpi |   area_median_relative_bias          -0.3733
13:23:15 | INFO    | holoqpi |   area_n_cells                       449
13:23:15 | INFO    | holoqpi |   area_n_fields                      113
13:23:15 | INFO    | holoqpi |   area_relative_bias                 -0.3488
13:23:15 | INFO    | holoqpi |   cell_count_ratio                   0.6749
13:23:15 | INFO    | holoqpi |   cells_detected                     2419
13:23:15 | INFO    | holoqpi |   cells_false_positive               1970
13:23:15 | INFO    | holoqpi |   cells_matched                      449
13:23:15 | INFO    | holoqpi |   cells_missed                       3135
13:23:15 | INFO    | holoqpi |   cells_reference                    3584
13:23:15 | INFO    | holoqpi |   circularity_bootstrap_fields       92
13:23:15 | INFO    | holoqpi |   circularity_bootstrap_resamples    2000
13:23:15 | INFO    | holoqpi |   circularity_cell_pearson_r         0.3745
13:23:15 | INFO    | holoqpi |   circularity_cell_pearson_r_ci_lower 0.2281
13:23:15 | INFO    | holoqpi |   circularity_cell_pearson_r_ci_upper 0.4781
13:23:15 | INFO    | holoqpi |   circularity_image_pearson_r        0.2460
13:23:15 | INFO    | holoqpi |   circularity_loa_lower              -0.0302
13:23:15 | INFO    | holoqpi |   circularity_loa_upper              0.7183
13:23:15 | INFO    | holoqpi |   circularity_mae                    0.2489
13:23:15 | INFO    | holoqpi |   circularity_mape                   0.4887
13:23:15 | INFO    | holoqpi |   circularity_mape_ci_lower          0.4293
13:23:15 | INFO    | holoqpi |   circularity_mape_ci_upper          0.5494
13:23:15 | INFO    | holoqpi |   circularity_mape_coverage_adjusted 0.9359
13:23:15 | INFO    | holoqpi |   circularity_median_relative_bias   0.3497
13:23:15 | INFO    | holoqpi |   circularity_n_cells                449
13:23:15 | INFO    | holoqpi |   circularity_relative_bias          0.3440
13:23:15 | INFO    | holoqpi |   coverage                           0.1253
13:23:15 | INFO    | holoqpi |   detection_f1                       0.1496
13:23:15 | INFO    | holoqpi |   detection_precision                0.1856
13:23:15 | INFO    | holoqpi |   detection_recall                   0.1253
13:23:15 | INFO    | holoqpi |   dry_mass_bootstrap_fields          92
13:23:15 | INFO    | holoqpi |   dry_mass_bootstrap_resamples       2000
13:23:15 | INFO    | holoqpi |   dry_mass_cell_pearson_r            0.9345
13:23:15 | INFO    | holoqpi |   dry_mass_cell_pearson_r_ci_lower   0.9126
13:23:15 | INFO    | holoqpi |   dry_mass_cell_pearson_r_ci_upper   0.9514
13:23:15 | INFO    | holoqpi |   dry_mass_field_total_bias          0.5979
13:23:15 | INFO    | holoqpi |   dry_mass_field_total_mape          0.5979
13:23:15 | INFO    | holoqpi |   dry_mass_field_total_pearson_r     0.8437
13:23:15 | INFO    | holoqpi |   dry_mass_image_pearson_r           0.9296
13:23:15 | INFO    | holoqpi |   dry_mass_loa_lower                 -0.2733
13:23:15 | INFO    | holoqpi |   dry_mass_loa_upper                 0.3328
13:23:15 | INFO    | holoqpi |   dry_mass_mae                       38.5997
13:23:15 | INFO    | holoqpi |   dry_mass_mape                      0.1722
13:23:15 | INFO    | holoqpi |   dry_mass_mape_ci_lower             0.1529
13:23:15 | INFO    | holoqpi |   dry_mass_mape_ci_upper             0.1943
13:23:15 | INFO    | holoqpi |   dry_mass_mape_coverage_adjusted    0.8963
13:23:15 | INFO    | holoqpi |   dry_mass_median_relative_bias      0.0250
13:23:15 | INFO    | holoqpi |   dry_mass_n_cells                   449
13:23:15 | INFO    | holoqpi |   dry_mass_n_fields                  113
13:23:15 | INFO    | holoqpi |   dry_mass_relative_bias             0.0298
13:23:15 | INFO    | holoqpi |   false_positive_median_area_um2     370.6594
13:23:15 | INFO    | holoqpi |   forward_distance_um                33.7700
13:23:15 | INFO    | holoqpi |   forward_residual                   0.8981
13:23:15 | INFO    | holoqpi |   forward_residual_n                 113
13:23:15 | INFO    | holoqpi |   forward_residual_ratio             1.0075
13:23:15 | INFO    | holoqpi |   forward_residual_reference         0.8914
13:23:15 | INFO    | holoqpi |   missed_median_area_um2             142.0151
13:23:15 | INFO    | holoqpi |   optical_volume_bootstrap_fields    92
13:23:15 | INFO    | holoqpi |   optical_volume_bootstrap_resamples 2000
13:23:15 | INFO    | holoqpi |   optical_volume_cell_pearson_r      0.9345
13:23:15 | INFO    | holoqpi |   optical_volume_cell_pearson_r_ci_lower 0.9126
13:23:15 | INFO    | holoqpi |   optical_volume_cell_pearson_r_ci_upper 0.9514
13:23:15 | INFO    | holoqpi |   optical_volume_field_total_bias    0.5979
13:23:15 | INFO    | holoqpi |   optical_volume_field_total_mape    0.5979
13:23:15 | INFO    | holoqpi |   optical_volume_field_total_pearson_r 0.8437
13:23:15 | INFO    | holoqpi |   optical_volume_image_pearson_r     0.9296
13:23:15 | INFO    | holoqpi |   optical_volume_loa_lower           -0.2733
13:23:15 | INFO    | holoqpi |   optical_volume_loa_upper           0.3328
13:23:15 | INFO    | holoqpi |   optical_volume_mae                 72.8315
13:23:15 | INFO    | holoqpi |   optical_volume_mape                0.1722
13:23:15 | INFO    | holoqpi |   optical_volume_mape_ci_lower       0.1529
13:23:15 | INFO    | holoqpi |   optical_volume_mape_ci_upper       0.1943
13:23:15 | INFO    | holoqpi |   optical_volume_mape_coverage_adjusted 0.8963
13:23:15 | INFO    | holoqpi |   optical_volume_median_relative_bias 0.0250
13:23:15 | INFO    | holoqpi |   optical_volume_n_cells             449
13:23:15 | INFO    | holoqpi |   optical_volume_n_fields            113
13:23:15 | INFO    | holoqpi |   optical_volume_relative_bias       0.0298
13:23:15 | INFO    | holoqpi |   phase_bias_rad                     -0.0079
13:23:15 | INFO    | holoqpi |   phase_bias_rad_background          -0.0023
13:23:15 | INFO    | holoqpi |   phase_bias_rad_in_cell             -0.0257
13:23:15 | INFO    | holoqpi |   phase_mae_rad                      0.1646
13:23:15 | INFO    | holoqpi |   phase_mae_rad_background           0.1649
13:23:15 | INFO    | holoqpi |   phase_mae_rad_in_cell              0.1639
13:23:15 | INFO    | holoqpi |   phase_n_images                     113
13:23:15 | INFO    | holoqpi |   phase_pearson_r                    0.8647
13:23:15 | INFO    | holoqpi |   phase_psnr_db                      30.8406
13:23:15 | INFO    | holoqpi |   phase_rmse_rad                     0.2541
13:23:15 | INFO    | holoqpi |   phase_ssim                         0.6257
13:23:15 | INFO    | holoqpi |   seg_aji                            0.2398
13:23:15 | INFO    | holoqpi |   seg_boundary_f1                    0.0688
13:23:15 | INFO    | holoqpi |   seg_dice                           0.5182
13:23:15 | INFO    | holoqpi |   seg_dice_macro                     0.5182
13:23:15 | INFO    | holoqpi |   seg_instance_count_mape            0.4912
13:23:15 | INFO    | holoqpi |   seg_iou                            0.3497
13:23:15 | INFO    | holoqpi |   seg_n_images                       113
