11:55:02 | INFO    | holoqpi.models.encoders | loading pretrained mobilenet_v2 from weights/mobilenet_v2-b0353104.pth
11:55:02 | INFO    | holoqpi.models.encoders | loading pretrained mobilenet_v2 from weights/mobilenet_v2-b0353104.pth
11:55:02 | INFO    | holoqpi.models.encoders | encoder=mobilenet_v2 in_channels=1 pretrained=True weights=local (weights) stages=[16, 24, 32, 96, 1280]
11:55:02 | INFO    | holoqpi.models.holonet | HoloQPINet built: 9.60M parameters, 9.60M trainable (100.0%)
11:55:04 | INFO    | holoqpi.engine.trainer | checkpoint best_model.pt: 440/440 tensors matched
11:55:04 | INFO    | holoqpi.data.dataset | test split: 113 samples | modality=off_axis | crop=None | augment=False
11:55:54 | INFO    | holoqpi | labels from membrane_mask -> metrics_test_membrane.json
11:55:54 | INFO    | holoqpi |   area_bootstrap_fields              89
11:55:54 | INFO    | holoqpi |   area_bootstrap_resamples           2000
11:55:54 | INFO    | holoqpi |   area_cell_pearson_r                0.8071
11:55:54 | INFO    | holoqpi |   area_cell_pearson_r_ci_lower       0.7504
11:55:54 | INFO    | holoqpi |   area_cell_pearson_r_ci_upper       0.8535
11:55:54 | INFO    | holoqpi |   area_field_total_bias              -0.4686
11:55:54 | INFO    | holoqpi |   area_field_total_mape              0.4790
11:55:54 | INFO    | holoqpi |   area_field_total_pearson_r         0.2633
11:55:54 | INFO    | holoqpi |   area_image_pearson_r               0.7614
11:55:54 | INFO    | holoqpi |   area_loa_lower                     -0.7583
11:55:54 | INFO    | holoqpi |   area_loa_upper                     0.0137
11:55:54 | INFO    | holoqpi |   area_mae                           234.2166
11:55:54 | INFO    | holoqpi |   area_mape                          0.3152
11:55:54 | INFO    | holoqpi |   area_mape_ci_lower                 0.3002
11:55:54 | INFO    | holoqpi |   area_mape_ci_upper                 0.3297
11:55:54 | INFO    | holoqpi |   area_mape_coverage_adjusted        0.9238
11:55:54 | INFO    | holoqpi |   area_median_relative_bias          -0.3954
11:55:54 | INFO    | holoqpi |   area_n_cells                       399
11:55:54 | INFO    | holoqpi |   area_n_fields                      113
11:55:54 | INFO    | holoqpi |   area_relative_bias                 -0.3723
11:55:54 | INFO    | holoqpi |   cell_count_ratio                   0.6124
11:55:54 | INFO    | holoqpi |   cells_detected                     2195
11:55:54 | INFO    | holoqpi |   cells_false_positive               1796
11:55:54 | INFO    | holoqpi |   cells_matched                      399
11:55:54 | INFO    | holoqpi |   cells_missed                       3185
11:55:54 | INFO    | holoqpi |   cells_reference                    3584
11:55:54 | INFO    | holoqpi |   circularity_bootstrap_fields       89
11:55:54 | INFO    | holoqpi |   circularity_bootstrap_resamples    2000
11:55:54 | INFO    | holoqpi |   circularity_cell_pearson_r         0.3629
11:55:54 | INFO    | holoqpi |   circularity_cell_pearson_r_ci_lower 0.2269
11:55:54 | INFO    | holoqpi |   circularity_cell_pearson_r_ci_upper 0.4653
11:55:54 | INFO    | holoqpi |   circularity_image_pearson_r        0.1146
11:55:54 | INFO    | holoqpi |   circularity_loa_lower              -0.0560
11:55:54 | INFO    | holoqpi |   circularity_loa_upper              0.7405
11:55:54 | INFO    | holoqpi |   circularity_mae                    0.2579
11:55:54 | INFO    | holoqpi |   circularity_mape                   0.5048
11:55:54 | INFO    | holoqpi |   circularity_mape_ci_lower          0.4410
11:55:54 | INFO    | holoqpi |   circularity_mape_ci_upper          0.5694
11:55:54 | INFO    | holoqpi |   circularity_mape_coverage_adjusted 0.9449
11:55:54 | INFO    | holoqpi |   circularity_median_relative_bias   0.3589
11:55:54 | INFO    | holoqpi |   circularity_n_cells                399
11:55:54 | INFO    | holoqpi |   circularity_relative_bias          0.3423
11:55:54 | INFO    | holoqpi |   coverage                           0.1113
11:55:54 | INFO    | holoqpi |   detection_f1                       0.1381
11:55:54 | INFO    | holoqpi |   detection_precision                0.1818
11:55:54 | INFO    | holoqpi |   detection_recall                   0.1113
11:55:54 | INFO    | holoqpi |   dry_mass_bootstrap_fields          89
11:55:54 | INFO    | holoqpi |   dry_mass_bootstrap_resamples       2000
11:55:54 | INFO    | holoqpi |   dry_mass_cell_pearson_r            0.9215
11:55:54 | INFO    | holoqpi |   dry_mass_cell_pearson_r_ci_lower   0.8982
11:55:54 | INFO    | holoqpi |   dry_mass_cell_pearson_r_ci_upper   0.9412
11:55:54 | INFO    | holoqpi |   dry_mass_field_total_bias          0.5292
11:55:54 | INFO    | holoqpi |   dry_mass_field_total_mape          0.5295
11:55:54 | INFO    | holoqpi |   dry_mass_field_total_pearson_r     0.8710
11:55:54 | INFO    | holoqpi |   dry_mass_image_pearson_r           0.9248
11:55:54 | INFO    | holoqpi |   dry_mass_loa_lower                 -0.2852
11:55:54 | INFO    | holoqpi |   dry_mass_loa_upper                 0.3098
11:55:54 | INFO    | holoqpi |   dry_mass_mae                       42.0285
11:55:54 | INFO    | holoqpi |   dry_mass_mape                      0.1786
11:55:54 | INFO    | holoqpi |   dry_mass_mape_ci_lower             0.1609
11:55:54 | INFO    | holoqpi |   dry_mass_mape_ci_upper             0.1990
11:55:54 | INFO    | holoqpi |   dry_mass_mape_coverage_adjusted    0.9086
11:55:54 | INFO    | holoqpi |   dry_mass_median_relative_bias      -0.0127
11:55:54 | INFO    | holoqpi |   dry_mass_n_cells                   399
11:55:54 | INFO    | holoqpi |   dry_mass_n_fields                  113
11:55:54 | INFO    | holoqpi |   dry_mass_relative_bias             0.0123
11:55:54 | INFO    | holoqpi |   false_positive_median_area_um2     373.6620
11:55:54 | INFO    | holoqpi |   forward_distance_um                33.7700
11:55:54 | INFO    | holoqpi |   forward_residual                   0.8956
11:55:54 | INFO    | holoqpi |   forward_residual_n                 113
11:55:54 | INFO    | holoqpi |   forward_residual_ratio             1.0047
11:55:54 | INFO    | holoqpi |   forward_residual_reference         0.8914
11:55:54 | INFO    | holoqpi |   missed_median_area_um2             146.8030
11:55:54 | INFO    | holoqpi |   optical_volume_bootstrap_fields    89
11:55:54 | INFO    | holoqpi |   optical_volume_bootstrap_resamples 2000
11:55:54 | INFO    | holoqpi |   optical_volume_cell_pearson_r      0.9215
11:55:54 | INFO    | holoqpi |   optical_volume_cell_pearson_r_ci_lower 0.8982
11:55:54 | INFO    | holoqpi |   optical_volume_cell_pearson_r_ci_upper 0.9412
11:55:54 | INFO    | holoqpi |   optical_volume_field_total_bias    0.5292
11:55:54 | INFO    | holoqpi |   optical_volume_field_total_mape    0.5295
11:55:54 | INFO    | holoqpi |   optical_volume_field_total_pearson_r 0.8710
11:55:54 | INFO    | holoqpi |   optical_volume_image_pearson_r     0.9248
11:55:54 | INFO    | holoqpi |   optical_volume_loa_lower           -0.2852
11:55:54 | INFO    | holoqpi |   optical_volume_loa_upper           0.3098
11:55:54 | INFO    | holoqpi |   optical_volume_mae                 79.3011
11:55:54 | INFO    | holoqpi |   optical_volume_mape                0.1786
11:55:54 | INFO    | holoqpi |   optical_volume_mape_ci_lower       0.1609
11:55:54 | INFO    | holoqpi |   optical_volume_mape_ci_upper       0.1990
11:55:54 | INFO    | holoqpi |   optical_volume_mape_coverage_adjusted 0.9086
11:55:54 | INFO    | holoqpi |   optical_volume_median_relative_bias -0.0127
11:55:54 | INFO    | holoqpi |   optical_volume_n_cells             399
11:55:54 | INFO    | holoqpi |   optical_volume_n_fields            113
11:55:54 | INFO    | holoqpi |   optical_volume_relative_bias       0.0123
11:55:54 | INFO    | holoqpi |   phase_bias_rad                     -0.0011
11:55:54 | INFO    | holoqpi |   phase_bias_rad_background          0.0070
11:55:54 | INFO    | holoqpi |   phase_bias_rad_in_cell             -0.0272
11:55:54 | INFO    | holoqpi |   phase_mae_rad                      0.1647
11:55:54 | INFO    | holoqpi |   phase_mae_rad_background           0.1646
11:55:54 | INFO    | holoqpi |   phase_mae_rad_in_cell              0.1653
11:55:54 | INFO    | holoqpi |   phase_n_images                     113
11:55:54 | INFO    | holoqpi |   phase_pearson_r                    0.8658
11:55:54 | INFO    | holoqpi |   phase_psnr_db                      30.8779
11:55:54 | INFO    | holoqpi |   phase_rmse_rad                     0.2519
11:55:54 | INFO    | holoqpi |   phase_ssim                         0.6233
11:55:54 | INFO    | holoqpi |   seg_aji                            0.2363
11:55:54 | INFO    | holoqpi |   seg_boundary_f1                    0.0631
11:55:54 | INFO    | holoqpi |   seg_dice                           0.5006
11:55:54 | INFO    | holoqpi |   seg_dice_macro                     0.5006
11:55:54 | INFO    | holoqpi |   seg_instance_count_mape            0.6016
11:55:54 | INFO    | holoqpi |   seg_iou                            0.3339
11:55:54 | INFO    | holoqpi |   seg_n_images                       113
