16:15:06 | INFO    | holoqpi.models.encoders | loading pretrained mobilenet_v2 from weights/mobilenet_v2-b0353104.pth
16:15:06 | INFO    | holoqpi.models.encoders | loading pretrained mobilenet_v2 from weights/mobilenet_v2-b0353104.pth
16:15:06 | INFO    | holoqpi.models.encoders | encoder=mobilenet_v2 in_channels=1 pretrained=True weights=local (weights) stages=[16, 24, 32, 96, 1280]
16:15:07 | INFO    | holoqpi.models.holonet | HoloQPINet built: 9.61M parameters, 9.61M trainable (100.0%)
16:15:08 | INFO    | holoqpi.engine.trainer | checkpoint best_model.pt: 448/448 tensors matched
16:15:08 | INFO    | holoqpi.data.dataset | test split: 113 samples | modality=off_axis | crop=None | augment=False
16:15:59 | INFO    | holoqpi |   amplitude_bias                     0.0339
16:15:59 | INFO    | holoqpi |   amplitude_bias_in_cell             0.0223
16:15:59 | INFO    | holoqpi |   amplitude_mae                      0.0651
16:15:59 | INFO    | holoqpi |   amplitude_mae_in_cell              0.0906
16:15:59 | INFO    | holoqpi |   amplitude_mae_over_unity           0.4429
16:15:59 | INFO    | holoqpi |   amplitude_n_images                 113
16:15:59 | INFO    | holoqpi |   amplitude_pearson_r                0.9047
16:15:59 | INFO    | holoqpi |   amplitude_pred_mean                1.0324
16:15:59 | INFO    | holoqpi |   amplitude_pred_sd                  0.1207
16:15:59 | INFO    | holoqpi |   amplitude_reference_mean           0.9985
16:15:59 | INFO    | holoqpi |   amplitude_rmse                     0.1004
16:15:59 | INFO    | holoqpi |   amplitude_unity_mae                0.1469
16:15:59 | INFO    | holoqpi |   area_bootstrap_fields              113
16:15:59 | INFO    | holoqpi |   area_bootstrap_resamples           2000
16:15:59 | INFO    | holoqpi |   area_cell_pearson_r                0.8942
16:15:59 | INFO    | holoqpi |   area_cell_pearson_r_ci_lower       0.8763
16:15:59 | INFO    | holoqpi |   area_cell_pearson_r_ci_upper       0.9108
16:15:59 | INFO    | holoqpi |   area_field_total_bias              -0.1013
16:15:59 | INFO    | holoqpi |   area_field_total_mape              0.1593
16:15:59 | INFO    | holoqpi |   area_field_total_pearson_r         0.9259
16:15:59 | INFO    | holoqpi |   area_image_pearson_r               0.8136
16:15:59 | INFO    | holoqpi |   area_loa_lower                     -0.1830
16:15:59 | INFO    | holoqpi |   area_loa_upper                     0.2869
16:15:59 | INFO    | holoqpi |   area_mae                           60.3166
16:15:59 | INFO    | holoqpi |   area_mape                          0.1591
16:15:59 | INFO    | holoqpi |   area_mape_ci_lower                 0.1495
16:15:59 | INFO    | holoqpi |   area_mape_ci_upper                 0.1694
16:15:59 | INFO    | holoqpi |   area_mape_coverage_adjusted        0.4998
16:15:59 | INFO    | holoqpi |   area_median_relative_bias          0.0484
16:15:59 | INFO    | holoqpi |   area_n_cells                       1895
16:15:59 | INFO    | holoqpi |   area_n_fields                      113
16:15:59 | INFO    | holoqpi |   area_relative_bias                 0.0520
16:15:59 | INFO    | holoqpi |   cell_count_ratio                   0.7181
16:15:59 | INFO    | holoqpi |   cells_detected                     2288
16:15:59 | INFO    | holoqpi |   cells_false_positive               393
16:15:59 | INFO    | holoqpi |   cells_matched                      1895
16:15:59 | INFO    | holoqpi |   cells_missed                       1291
16:15:59 | INFO    | holoqpi |   cells_reference                    3186
16:15:59 | INFO    | holoqpi |   circularity_bootstrap_fields       113
16:15:59 | INFO    | holoqpi |   circularity_bootstrap_resamples    2000
16:15:59 | INFO    | holoqpi |   circularity_cell_pearson_r         0.8755
16:15:59 | INFO    | holoqpi |   circularity_cell_pearson_r_ci_lower 0.8553
16:15:59 | INFO    | holoqpi |   circularity_cell_pearson_r_ci_upper 0.8925
16:15:59 | INFO    | holoqpi |   circularity_image_pearson_r        0.9201
16:15:59 | INFO    | holoqpi |   circularity_loa_lower              -0.0646
16:15:59 | INFO    | holoqpi |   circularity_loa_upper              0.1011
16:15:59 | INFO    | holoqpi |   circularity_mae                    0.0426
16:15:59 | INFO    | holoqpi |   circularity_mape                   0.0596
16:15:59 | INFO    | holoqpi |   circularity_mape_ci_lower          0.0530
16:15:59 | INFO    | holoqpi |   circularity_mape_ci_upper          0.0664
16:15:59 | INFO    | holoqpi |   circularity_mape_coverage_adjusted 0.4407
16:15:59 | INFO    | holoqpi |   circularity_median_relative_bias   0.0145
16:15:59 | INFO    | holoqpi |   circularity_n_cells                1895
16:15:59 | INFO    | holoqpi |   circularity_relative_bias          0.0183
16:15:59 | INFO    | holoqpi |   coverage                           0.5948
16:15:59 | INFO    | holoqpi |   detection_f1                       0.6924
16:15:59 | INFO    | holoqpi |   detection_precision                0.8282
16:15:59 | INFO    | holoqpi |   detection_recall                   0.5948
16:15:59 | INFO    | holoqpi |   dry_mass_bootstrap_fields          113
16:15:59 | INFO    | holoqpi |   dry_mass_bootstrap_resamples       2000
16:15:59 | INFO    | holoqpi |   dry_mass_cell_pearson_r            0.9211
16:15:59 | INFO    | holoqpi |   dry_mass_cell_pearson_r_ci_lower   0.9066
16:15:59 | INFO    | holoqpi |   dry_mass_cell_pearson_r_ci_upper   0.9335
16:15:59 | INFO    | holoqpi |   dry_mass_field_total_bias          -0.1460
16:15:59 | INFO    | holoqpi |   dry_mass_field_total_mape          0.1528
16:15:59 | INFO    | holoqpi |   dry_mass_field_total_pearson_r     0.9897
16:15:59 | INFO    | holoqpi |   dry_mass_image_pearson_r           0.9494
16:15:59 | INFO    | holoqpi |   dry_mass_loa_lower                 -0.2079
16:15:59 | INFO    | holoqpi |   dry_mass_loa_upper                 0.1863
16:15:59 | INFO    | holoqpi |   dry_mass_mae                       38.0432
16:15:59 | INFO    | holoqpi |   dry_mass_mape                      0.1857
16:15:59 | INFO    | holoqpi |   dry_mass_mape_ci_lower             0.1745
16:15:59 | INFO    | holoqpi |   dry_mass_mape_ci_upper             0.1961
16:15:59 | INFO    | holoqpi |   dry_mass_mape_coverage_adjusted    0.5157
16:15:59 | INFO    | holoqpi |   dry_mass_median_relative_bias      -0.0200
16:15:59 | INFO    | holoqpi |   dry_mass_n_cells                   1895
16:15:59 | INFO    | holoqpi |   dry_mass_n_fields                  113
16:15:59 | INFO    | holoqpi |   dry_mass_relative_bias             -0.0108
16:15:59 | INFO    | holoqpi |   false_positive_median_area_um2     110.6095
16:15:59 | INFO    | holoqpi |   forward_distance_um                33.7700
16:15:59 | INFO    | holoqpi |   forward_residual                   0.8699
16:15:59 | INFO    | holoqpi |   forward_residual_n                 113
16:15:59 | INFO    | holoqpi |   forward_residual_ratio             1.0061
16:15:59 | INFO    | holoqpi |   forward_residual_reference         0.8647
16:15:59 | INFO    | holoqpi |   missed_median_area_um2             98.9237
16:15:59 | INFO    | holoqpi |   optical_volume_bootstrap_fields    113
16:15:59 | INFO    | holoqpi |   optical_volume_bootstrap_resamples 2000
16:15:59 | INFO    | holoqpi |   optical_volume_cell_pearson_r      0.9211
16:15:59 | INFO    | holoqpi |   optical_volume_cell_pearson_r_ci_lower 0.9066
16:15:59 | INFO    | holoqpi |   optical_volume_cell_pearson_r_ci_upper 0.9335
16:15:59 | INFO    | holoqpi |   optical_volume_field_total_bias    -0.1460
16:15:59 | INFO    | holoqpi |   optical_volume_field_total_mape    0.1528
16:15:59 | INFO    | holoqpi |   optical_volume_field_total_pearson_r 0.9897
16:15:59 | INFO    | holoqpi |   optical_volume_image_pearson_r     0.9494
16:15:59 | INFO    | holoqpi |   optical_volume_loa_lower           -0.2079
16:15:59 | INFO    | holoqpi |   optical_volume_loa_upper           0.1863
16:15:59 | INFO    | holoqpi |   optical_volume_mae                 71.7815
16:15:59 | INFO    | holoqpi |   optical_volume_mape                0.1857
16:15:59 | INFO    | holoqpi |   optical_volume_mape_ci_lower       0.1745
16:15:59 | INFO    | holoqpi |   optical_volume_mape_ci_upper       0.1961
16:15:59 | INFO    | holoqpi |   optical_volume_mape_coverage_adjusted 0.5157
16:15:59 | INFO    | holoqpi |   optical_volume_median_relative_bias -0.0200
16:15:59 | INFO    | holoqpi |   optical_volume_n_cells             1895
16:15:59 | INFO    | holoqpi |   optical_volume_n_fields            113
16:15:59 | INFO    | holoqpi |   optical_volume_relative_bias       -0.0108
16:15:59 | INFO    | holoqpi |   phase_bias_rad                     0.0039
16:15:59 | INFO    | holoqpi |   phase_bias_rad_background          0.0346
16:15:59 | INFO    | holoqpi |   phase_bias_rad_in_cell             -0.1904
16:15:59 | INFO    | holoqpi |   phase_mae_rad                      0.1633
16:15:59 | INFO    | holoqpi |   phase_mae_rad_background           0.1454
16:15:59 | INFO    | holoqpi |   phase_mae_rad_in_cell              0.2862
16:15:59 | INFO    | holoqpi |   phase_n_images                     113
16:15:59 | INFO    | holoqpi |   phase_pearson_r                    0.8631
16:15:59 | INFO    | holoqpi |   phase_psnr_db                      30.8281
16:15:59 | INFO    | holoqpi |   phase_rmse_rad                     0.2516
16:15:59 | INFO    | holoqpi |   phase_ssim                         0.6246
16:15:59 | INFO    | holoqpi |   seg_aji                            0.6635
16:15:59 | INFO    | holoqpi |   seg_boundary_f1                    0.4561
16:15:59 | INFO    | holoqpi |   seg_dice                           0.8297
16:15:59 | INFO    | holoqpi |   seg_dice_macro                     0.8297
16:15:59 | INFO    | holoqpi |   seg_instance_count_mape            0.2954
16:15:59 | INFO    | holoqpi |   seg_iou                            0.7090
16:15:59 | INFO    | holoqpi |   seg_n_images                       113
