07:40:53 | INFO    | holoqpi | training v2_baseline on off_axis (device=cuda)
07:40:53 | INFO    | holoqpi.data.dataset | train split: 560 samples | modality=off_axis | crop=512 | augment=True
07:40:53 | INFO    | holoqpi.data.dataset | val split: 127 samples | modality=off_axis | crop=None | augment=False
07:40:54 | INFO    | holoqpi.models.encoders | loading pretrained mobilenet_v2 from weights/mobilenet_v2-b0353104.pth
07:40:54 | INFO    | holoqpi.models.encoders | loading pretrained mobilenet_v2 from weights/mobilenet_v2-b0353104.pth
07:40:54 | INFO    | holoqpi.models.encoders | encoder=mobilenet_v2 in_channels=1 pretrained=True weights=local (weights) stages=[16, 24, 32, 96, 1280]
07:40:54 | INFO    | holoqpi.models.holonet | HoloQPINet built: 9.60M parameters, 9.60M trainable (100.0%)
07:40:56 | INFO    | holoqpi.engine.trainer | trainable 9.60M / 9.60M parameters (100.0%)
07:40:56 | INFO    | holoqpi.engine.trainer | objective: phase=1  segmentation=1
07:40:56 | INFO    | holoqpi.engine.trainer | active physics terms: none
07:41:02 | INFO    | holoqpi.engine.trainer |   epoch 1 step 0/140 loss=1.7260
07:41:06 | INFO    | holoqpi.engine.trainer |   epoch 1 step 20/140 loss=1.4378
07:41:10 | INFO    | holoqpi.engine.trainer |   epoch 1 step 40/140 loss=1.2363
07:41:15 | INFO    | holoqpi.engine.trainer |   epoch 1 step 60/140 loss=1.1716
07:41:19 | INFO    | holoqpi.engine.trainer |   epoch 1 step 80/140 loss=1.1048
07:41:24 | INFO    | holoqpi.engine.trainer |   epoch 1 step 100/140 loss=1.0170
07:41:28 | INFO    | holoqpi.engine.trainer |   epoch 1 step 120/140 loss=0.9012
07:42:27 | INFO    | holoqpi.engine.trainer |   new best composite=0.6428
07:42:27 | INFO    | holoqpi.engine.trainer | epoch 1/60 (91s = 37s train + 54s val) | train_loss=1.1623  val_phase_mae=0.2739  val_dice=0.6619  val_cls_acc=nan  val_mass_mape=0.3067
07:42:27 | INFO    | holoqpi.engine.trainer |   at this rate the full 60-epoch schedule takes about 91 min
07:42:28 | INFO    | holoqpi.engine.trainer |   epoch 2 step 0/140 loss=0.8657
07:42:32 | INFO    | holoqpi.engine.trainer |   epoch 2 step 20/140 loss=0.8395
07:42:37 | INFO    | holoqpi.engine.trainer |   epoch 2 step 40/140 loss=0.7374
07:42:41 | INFO    | holoqpi.engine.trainer |   epoch 2 step 60/140 loss=0.6871
07:42:46 | INFO    | holoqpi.engine.trainer |   epoch 2 step 80/140 loss=0.7203
07:42:51 | INFO    | holoqpi.engine.trainer |   epoch 2 step 100/140 loss=0.5793
07:42:55 | INFO    | holoqpi.engine.trainer |   epoch 2 step 120/140 loss=0.7154
07:43:51 | INFO    | holoqpi.engine.trainer |   new best composite=0.7494
07:43:51 | INFO    | holoqpi.engine.trainer | epoch 2/60 (84s = 32s train + 52s val) | train_loss=0.7287  val_phase_mae=0.1953  val_dice=0.7688  val_cls_acc=nan  val_mass_mape=0.2382
07:43:52 | INFO    | holoqpi.engine.trainer |   epoch 3 step 0/140 loss=0.6102
07:43:56 | INFO    | holoqpi.engine.trainer |   epoch 3 step 20/140 loss=0.5489
07:44:00 | INFO    | holoqpi.engine.trainer |   epoch 3 step 40/140 loss=0.5276
07:44:04 | INFO    | holoqpi.engine.trainer |   epoch 3 step 60/140 loss=0.4696
07:44:09 | INFO    | holoqpi.engine.trainer |   epoch 3 step 80/140 loss=0.5025
07:44:14 | INFO    | holoqpi.engine.trainer |   epoch 3 step 100/140 loss=0.4936
07:44:18 | INFO    | holoqpi.engine.trainer |   epoch 3 step 120/140 loss=0.5152
07:45:14 | INFO    | holoqpi.engine.trainer | epoch 3/60 (83s = 32s train + 52s val) | train_loss=0.5472  val_phase_mae=0.2078  val_dice=0.7591  val_cls_acc=nan  val_mass_mape=0.3785
07:45:15 | INFO    | holoqpi.engine.trainer |   epoch 4 step 0/140 loss=0.5054
07:45:20 | INFO    | holoqpi.engine.trainer |   epoch 4 step 20/140 loss=0.4646
07:45:24 | INFO    | holoqpi.engine.trainer |   epoch 4 step 40/140 loss=0.4493
07:45:28 | INFO    | holoqpi.engine.trainer |   epoch 4 step 60/140 loss=0.5311
07:45:32 | INFO    | holoqpi.engine.trainer |   epoch 4 step 80/140 loss=0.5188
07:45:37 | INFO    | holoqpi.engine.trainer |   epoch 4 step 100/140 loss=0.4637
07:45:41 | INFO    | holoqpi.engine.trainer |   epoch 4 step 120/140 loss=0.7183
07:46:39 | INFO    | holoqpi.engine.trainer |   new best composite=0.7717
07:46:39 | INFO    | holoqpi.engine.trainer | epoch 4/60 (85s = 31s train + 54s val) | train_loss=0.4813  val_phase_mae=0.1823  val_dice=0.7859  val_cls_acc=nan  val_mass_mape=0.2245
07:46:40 | INFO    | holoqpi.engine.trainer |   epoch 5 step 0/140 loss=0.4314
07:46:45 | INFO    | holoqpi.engine.trainer |   epoch 5 step 20/140 loss=0.4013
07:46:49 | INFO    | holoqpi.engine.trainer |   epoch 5 step 40/140 loss=0.5743
07:46:53 | INFO    | holoqpi.engine.trainer |   epoch 5 step 60/140 loss=0.4453
07:46:57 | INFO    | holoqpi.engine.trainer |   epoch 5 step 80/140 loss=0.3738
07:47:01 | INFO    | holoqpi.engine.trainer |   epoch 5 step 100/140 loss=0.5352
07:47:06 | INFO    | holoqpi.engine.trainer |   epoch 5 step 120/140 loss=0.3922
07:48:03 | INFO    | holoqpi.engine.trainer | epoch 5/60 (84s = 30s train + 54s val) | train_loss=0.4498  val_phase_mae=0.1813  val_dice=0.8043  val_cls_acc=nan  val_mass_mape=0.2774
07:48:04 | INFO    | holoqpi.engine.trainer |   epoch 6 step 0/140 loss=0.3700
07:48:08 | INFO    | holoqpi.engine.trainer |   epoch 6 step 20/140 loss=0.4948
07:48:13 | INFO    | holoqpi.engine.trainer |   epoch 6 step 40/140 loss=0.4102
07:48:17 | INFO    | holoqpi.engine.trainer |   epoch 6 step 60/140 loss=0.3325
07:48:21 | INFO    | holoqpi.engine.trainer |   epoch 6 step 80/140 loss=0.4508
07:48:25 | INFO    | holoqpi.engine.trainer |   epoch 6 step 100/140 loss=0.3330
07:48:30 | INFO    | holoqpi.engine.trainer |   epoch 6 step 120/140 loss=0.6079
07:49:28 | INFO    | holoqpi.engine.trainer |   new best composite=0.7854
07:49:28 | INFO    | holoqpi.engine.trainer | epoch 6/60 (85s = 30s train + 55s val) | train_loss=0.4291  val_phase_mae=0.1790  val_dice=0.8075  val_cls_acc=nan  val_mass_mape=0.2283
07:49:29 | INFO    | holoqpi.engine.trainer |   epoch 7 step 0/140 loss=0.5132
07:49:33 | INFO    | holoqpi.engine.trainer |   epoch 7 step 20/140 loss=0.4051
07:49:38 | INFO    | holoqpi.engine.trainer |   epoch 7 step 40/140 loss=0.3753
07:49:42 | INFO    | holoqpi.engine.trainer |   epoch 7 step 60/140 loss=0.3794
07:49:46 | INFO    | holoqpi.engine.trainer |   epoch 7 step 80/140 loss=0.4501
07:49:51 | INFO    | holoqpi.engine.trainer |   epoch 7 step 100/140 loss=0.4802
07:49:55 | INFO    | holoqpi.engine.trainer |   epoch 7 step 120/140 loss=0.4611
07:50:54 | INFO    | holoqpi.engine.trainer |   new best composite=0.7871
07:50:54 | INFO    | holoqpi.engine.trainer | epoch 7/60 (85s = 30s train + 55s val) | train_loss=0.4091  val_phase_mae=0.1809  val_dice=0.8070  val_cls_acc=nan  val_mass_mape=0.2261
07:50:55 | INFO    | holoqpi.engine.trainer |   epoch 8 step 0/140 loss=0.4511
07:50:59 | INFO    | holoqpi.engine.trainer |   epoch 8 step 20/140 loss=0.3743
07:51:03 | INFO    | holoqpi.engine.trainer |   epoch 8 step 40/140 loss=0.4190
07:51:08 | INFO    | holoqpi.engine.trainer |   epoch 8 step 60/140 loss=0.4825
07:51:12 | INFO    | holoqpi.engine.trainer |   epoch 8 step 80/140 loss=0.4820
07:51:16 | INFO    | holoqpi.engine.trainer |   epoch 8 step 100/140 loss=0.4022
07:51:21 | INFO    | holoqpi.engine.trainer |   epoch 8 step 120/140 loss=0.3837
07:52:19 | INFO    | holoqpi.engine.trainer |   new best composite=0.7913
07:52:19 | INFO    | holoqpi.engine.trainer | epoch 8/60 (85s = 31s train + 54s val) | train_loss=0.4017  val_phase_mae=0.1726  val_dice=0.8096  val_cls_acc=nan  val_mass_mape=0.2122
07:52:20 | INFO    | holoqpi.engine.trainer |   epoch 9 step 0/140 loss=0.3555
07:52:24 | INFO    | holoqpi.engine.trainer |   epoch 9 step 20/140 loss=0.3923
07:52:28 | INFO    | holoqpi.engine.trainer |   epoch 9 step 40/140 loss=0.3486
07:52:33 | INFO    | holoqpi.engine.trainer |   epoch 9 step 60/140 loss=0.3893
07:52:37 | INFO    | holoqpi.engine.trainer |   epoch 9 step 80/140 loss=0.3906
07:52:41 | INFO    | holoqpi.engine.trainer |   epoch 9 step 100/140 loss=0.3613
07:52:45 | INFO    | holoqpi.engine.trainer |   epoch 9 step 120/140 loss=0.3862
07:53:44 | INFO    | holoqpi.engine.trainer |   new best composite=0.7942
07:53:44 | INFO    | holoqpi.engine.trainer | epoch 9/60 (85s = 30s train + 55s val) | train_loss=0.4001  val_phase_mae=0.1757  val_dice=0.8095  val_cls_acc=nan  val_mass_mape=0.2133
07:53:45 | INFO    | holoqpi.engine.trainer |   epoch 10 step 0/140 loss=0.3709
07:53:50 | INFO    | holoqpi.engine.trainer |   epoch 10 step 20/140 loss=0.3986
07:53:54 | INFO    | holoqpi.engine.trainer |   epoch 10 step 40/140 loss=0.3746
07:53:58 | INFO    | holoqpi.engine.trainer |   epoch 10 step 60/140 loss=0.3968
07:54:03 | INFO    | holoqpi.engine.trainer |   epoch 10 step 80/140 loss=0.3357
07:54:07 | INFO    | holoqpi.engine.trainer |   epoch 10 step 100/140 loss=0.5435
07:54:11 | INFO    | holoqpi.engine.trainer |   epoch 10 step 120/140 loss=0.3614
07:55:09 | INFO    | holoqpi.engine.trainer |   new best composite=0.8001
07:55:09 | INFO    | holoqpi.engine.trainer | epoch 10/60 (85s = 30s train + 55s val) | train_loss=0.3869  val_phase_mae=0.1716  val_dice=0.8145  val_cls_acc=nan  val_mass_mape=0.1975
07:55:10 | INFO    | holoqpi.engine.trainer |   epoch 11 step 0/140 loss=0.3170
07:55:15 | INFO    | holoqpi.engine.trainer |   epoch 11 step 20/140 loss=0.3335
07:55:19 | INFO    | holoqpi.engine.trainer |   epoch 11 step 40/140 loss=0.4012
07:55:23 | INFO    | holoqpi.engine.trainer |   epoch 11 step 60/140 loss=0.3819
07:55:28 | INFO    | holoqpi.engine.trainer |   epoch 11 step 80/140 loss=0.3736
07:55:32 | INFO    | holoqpi.engine.trainer |   epoch 11 step 100/140 loss=0.3506
07:55:36 | INFO    | holoqpi.engine.trainer |   epoch 11 step 120/140 loss=0.4491
07:56:34 | INFO    | holoqpi.engine.trainer | epoch 11/60 (84s = 30s train + 54s val) | train_loss=0.3743  val_phase_mae=0.1811  val_dice=0.8106  val_cls_acc=nan  val_mass_mape=0.2349
07:56:35 | INFO    | holoqpi.engine.trainer |   epoch 12 step 0/140 loss=0.3382
07:56:39 | INFO    | holoqpi.engine.trainer |   epoch 12 step 20/140 loss=0.3487
07:56:43 | INFO    | holoqpi.engine.trainer |   epoch 12 step 40/140 loss=0.3533
07:56:48 | INFO    | holoqpi.engine.trainer |   epoch 12 step 60/140 loss=0.3505
07:56:52 | INFO    | holoqpi.engine.trainer |   epoch 12 step 80/140 loss=0.4024
07:56:56 | INFO    | holoqpi.engine.trainer |   epoch 12 step 100/140 loss=0.3641
07:57:01 | INFO    | holoqpi.engine.trainer |   epoch 12 step 120/140 loss=0.3716
07:57:59 | INFO    | holoqpi.engine.trainer |   new best composite=0.8028
07:57:59 | INFO    | holoqpi.engine.trainer | epoch 12/60 (85s = 30s train + 54s val) | train_loss=0.3672  val_phase_mae=0.1703  val_dice=0.8176  val_cls_acc=nan  val_mass_mape=0.1992
07:58:00 | INFO    | holoqpi.engine.trainer |   epoch 13 step 0/140 loss=0.3695
07:58:04 | INFO    | holoqpi.engine.trainer |   epoch 13 step 20/140 loss=0.3528
07:58:08 | INFO    | holoqpi.engine.trainer |   epoch 13 step 40/140 loss=0.3848
07:58:12 | INFO    | holoqpi.engine.trainer |   epoch 13 step 60/140 loss=0.3713
07:58:17 | INFO    | holoqpi.engine.trainer |   epoch 13 step 80/140 loss=0.3857
07:58:21 | INFO    | holoqpi.engine.trainer |   epoch 13 step 100/140 loss=0.5232
07:58:25 | INFO    | holoqpi.engine.trainer |   epoch 13 step 120/140 loss=0.2931
07:59:24 | INFO    | holoqpi.engine.trainer | epoch 13/60 (85s = 30s train + 55s val) | train_loss=0.3731  val_phase_mae=0.1730  val_dice=0.8216  val_cls_acc=nan  val_mass_mape=0.2224
07:59:25 | INFO    | holoqpi.engine.trainer |   epoch 14 step 0/140 loss=0.3277
07:59:29 | INFO    | holoqpi.engine.trainer |   epoch 14 step 20/140 loss=0.4661
07:59:33 | INFO    | holoqpi.engine.trainer |   epoch 14 step 40/140 loss=0.3387
07:59:37 | INFO    | holoqpi.engine.trainer |   epoch 14 step 60/140 loss=0.4983
07:59:42 | INFO    | holoqpi.engine.trainer |   epoch 14 step 80/140 loss=0.4270
07:59:46 | INFO    | holoqpi.engine.trainer |   epoch 14 step 100/140 loss=0.3679
07:59:50 | INFO    | holoqpi.engine.trainer |   epoch 14 step 120/140 loss=0.3912
08:00:48 | INFO    | holoqpi.engine.trainer |   new best composite=0.8047
08:00:48 | INFO    | holoqpi.engine.trainer | epoch 14/60 (84s = 30s train + 54s val) | train_loss=0.3742  val_phase_mae=0.1664  val_dice=0.8214  val_cls_acc=nan  val_mass_mape=0.2087
08:00:49 | INFO    | holoqpi.engine.trainer |   epoch 15 step 0/140 loss=0.4527
08:00:54 | INFO    | holoqpi.engine.trainer |   epoch 15 step 20/140 loss=0.3208
08:00:58 | INFO    | holoqpi.engine.trainer |   epoch 15 step 40/140 loss=0.3334
08:01:02 | INFO    | holoqpi.engine.trainer |   epoch 15 step 60/140 loss=0.2960
08:01:06 | INFO    | holoqpi.engine.trainer |   epoch 15 step 80/140 loss=0.4460
08:01:11 | INFO    | holoqpi.engine.trainer |   epoch 15 step 100/140 loss=0.3773
08:01:15 | INFO    | holoqpi.engine.trainer |   epoch 15 step 120/140 loss=0.4187
08:02:12 | INFO    | holoqpi.engine.trainer | epoch 15/60 (84s = 30s train + 53s val) | train_loss=0.3633  val_phase_mae=0.1717  val_dice=0.8124  val_cls_acc=nan  val_mass_mape=0.1889
08:02:13 | INFO    | holoqpi.engine.trainer |   epoch 16 step 0/140 loss=0.3656
08:02:18 | INFO    | holoqpi.engine.trainer |   epoch 16 step 20/140 loss=0.3151
08:02:22 | INFO    | holoqpi.engine.trainer |   epoch 16 step 40/140 loss=0.2846
08:02:26 | INFO    | holoqpi.engine.trainer |   epoch 16 step 60/140 loss=0.3486
08:02:30 | INFO    | holoqpi.engine.trainer |   epoch 16 step 80/140 loss=0.3811
08:02:35 | INFO    | holoqpi.engine.trainer |   epoch 16 step 100/140 loss=0.3909
08:02:39 | INFO    | holoqpi.engine.trainer |   epoch 16 step 120/140 loss=0.5005
08:03:36 | INFO    | holoqpi.engine.trainer | epoch 16/60 (84s = 31s train + 53s val) | train_loss=0.3494  val_phase_mae=0.1748  val_dice=0.8220  val_cls_acc=nan  val_mass_mape=0.2036
08:03:37 | INFO    | holoqpi.engine.trainer |   epoch 17 step 0/140 loss=0.4529
08:03:41 | INFO    | holoqpi.engine.trainer |   epoch 17 step 20/140 loss=0.3444
08:03:46 | INFO    | holoqpi.engine.trainer |   epoch 17 step 40/140 loss=0.3083
08:03:50 | INFO    | holoqpi.engine.trainer |   epoch 17 step 60/140 loss=0.3120
08:03:54 | INFO    | holoqpi.engine.trainer |   epoch 17 step 80/140 loss=0.3219
08:03:58 | INFO    | holoqpi.engine.trainer |   epoch 17 step 100/140 loss=0.3426
08:04:03 | INFO    | holoqpi.engine.trainer |   epoch 17 step 120/140 loss=0.2851
08:04:59 | INFO    | holoqpi.engine.trainer | epoch 17/60 (83s = 31s train + 52s val) | train_loss=0.3547  val_phase_mae=0.1699  val_dice=0.8170  val_cls_acc=nan  val_mass_mape=0.2177
08:05:00 | INFO    | holoqpi.engine.trainer |   epoch 18 step 0/140 loss=0.3337
08:05:04 | INFO    | holoqpi.engine.trainer |   epoch 18 step 20/140 loss=0.3916
08:05:09 | INFO    | holoqpi.engine.trainer |   epoch 18 step 40/140 loss=0.3069
08:05:14 | INFO    | holoqpi.engine.trainer |   epoch 18 step 60/140 loss=0.3705
08:05:18 | INFO    | holoqpi.engine.trainer |   epoch 18 step 80/140 loss=0.3666
08:05:23 | INFO    | holoqpi.engine.trainer |   epoch 18 step 100/140 loss=0.3118
08:05:27 | INFO    | holoqpi.engine.trainer |   epoch 18 step 120/140 loss=0.4664
08:06:22 | INFO    | holoqpi.engine.trainer | epoch 18/60 (84s = 32s train + 52s val) | train_loss=0.3531  val_phase_mae=0.1699  val_dice=0.8195  val_cls_acc=nan  val_mass_mape=0.2012
08:06:24 | INFO    | holoqpi.engine.trainer |   epoch 19 step 0/140 loss=0.3356
08:06:28 | INFO    | holoqpi.engine.trainer |   epoch 19 step 20/140 loss=0.3207
08:06:33 | INFO    | holoqpi.engine.trainer |   epoch 19 step 40/140 loss=0.4045
08:06:37 | INFO    | holoqpi.engine.trainer |   epoch 19 step 60/140 loss=0.2912
08:06:42 | INFO    | holoqpi.engine.trainer |   epoch 19 step 80/140 loss=0.2905
08:06:46 | INFO    | holoqpi.engine.trainer |   epoch 19 step 100/140 loss=0.4230
08:06:51 | INFO    | holoqpi.engine.trainer |   epoch 19 step 120/140 loss=0.3013
08:07:46 | INFO    | holoqpi.engine.trainer | epoch 19/60 (83s = 32s train + 52s val) | train_loss=0.3527  val_phase_mae=0.1747  val_dice=0.8213  val_cls_acc=nan  val_mass_mape=0.2373
08:07:47 | INFO    | holoqpi.engine.trainer |   epoch 20 step 0/140 loss=0.3637
08:07:52 | INFO    | holoqpi.engine.trainer |   epoch 20 step 20/140 loss=0.3205
08:07:56 | INFO    | holoqpi.engine.trainer |   epoch 20 step 40/140 loss=0.3240
08:08:01 | INFO    | holoqpi.engine.trainer |   epoch 20 step 60/140 loss=0.3269
08:08:06 | INFO    | holoqpi.engine.trainer |   epoch 20 step 80/140 loss=0.2926
08:08:10 | INFO    | holoqpi.engine.trainer |   epoch 20 step 100/140 loss=0.3119
08:08:15 | INFO    | holoqpi.engine.trainer |   epoch 20 step 120/140 loss=0.2950
08:09:09 | INFO    | holoqpi.engine.trainer | epoch 20/60 (84s = 32s train + 51s val) | train_loss=0.3459  val_phase_mae=0.1700  val_dice=0.8187  val_cls_acc=nan  val_mass_mape=0.2005
08:09:10 | INFO    | holoqpi.engine.trainer |   epoch 21 step 0/140 loss=0.3440
08:09:15 | INFO    | holoqpi.engine.trainer |   epoch 21 step 20/140 loss=0.3831
08:09:20 | INFO    | holoqpi.engine.trainer |   epoch 21 step 40/140 loss=0.3082
08:09:25 | INFO    | holoqpi.engine.trainer |   epoch 21 step 60/140 loss=0.3310
08:09:29 | INFO    | holoqpi.engine.trainer |   epoch 21 step 80/140 loss=0.2693
08:09:34 | INFO    | holoqpi.engine.trainer |   epoch 21 step 100/140 loss=0.2739
08:09:38 | INFO    | holoqpi.engine.trainer |   epoch 21 step 120/140 loss=0.3525
08:10:32 | INFO    | holoqpi.engine.trainer | epoch 21/60 (83s = 32s train + 51s val) | train_loss=0.3418  val_phase_mae=0.1665  val_dice=0.8162  val_cls_acc=nan  val_mass_mape=0.2461
08:10:33 | INFO    | holoqpi.engine.trainer |   epoch 22 step 0/140 loss=0.3518
08:10:38 | INFO    | holoqpi.engine.trainer |   epoch 22 step 20/140 loss=0.3906
08:10:43 | INFO    | holoqpi.engine.trainer |   epoch 22 step 40/140 loss=0.2935
08:10:47 | INFO    | holoqpi.engine.trainer |   epoch 22 step 60/140 loss=0.2749
08:10:52 | INFO    | holoqpi.engine.trainer |   epoch 22 step 80/140 loss=0.2884
08:10:56 | INFO    | holoqpi.engine.trainer |   epoch 22 step 100/140 loss=0.3465
08:11:01 | INFO    | holoqpi.engine.trainer |   epoch 22 step 120/140 loss=0.3373
08:11:57 | INFO    | holoqpi.engine.trainer |   new best composite=0.8057
08:11:57 | INFO    | holoqpi.engine.trainer | epoch 22/60 (84s = 33s train + 51s val) | train_loss=0.3390  val_phase_mae=0.1713  val_dice=0.8238  val_cls_acc=nan  val_mass_mape=0.2042
08:11:58 | INFO    | holoqpi.engine.trainer |   epoch 23 step 0/140 loss=0.2932
08:12:02 | INFO    | holoqpi.engine.trainer |   epoch 23 step 20/140 loss=0.3223
08:12:07 | INFO    | holoqpi.engine.trainer |   epoch 23 step 40/140 loss=0.3678
08:12:11 | INFO    | holoqpi.engine.trainer |   epoch 23 step 60/140 loss=0.4727
08:12:16 | INFO    | holoqpi.engine.trainer |   epoch 23 step 80/140 loss=0.3618
08:12:20 | INFO    | holoqpi.engine.trainer |   epoch 23 step 100/140 loss=0.3431
08:12:25 | INFO    | holoqpi.engine.trainer |   epoch 23 step 120/140 loss=0.3401
08:13:20 | INFO    | holoqpi.engine.trainer |   new best composite=0.8090
08:13:20 | INFO    | holoqpi.engine.trainer | epoch 23/60 (83s = 32s train + 51s val) | train_loss=0.3385  val_phase_mae=0.1607  val_dice=0.8259  val_cls_acc=nan  val_mass_mape=0.1973
08:13:21 | INFO    | holoqpi.engine.trainer |   epoch 24 step 0/140 loss=0.3276
08:13:25 | INFO    | holoqpi.engine.trainer |   epoch 24 step 20/140 loss=0.3215
08:13:29 | INFO    | holoqpi.engine.trainer |   epoch 24 step 40/140 loss=0.3707
08:13:34 | INFO    | holoqpi.engine.trainer |   epoch 24 step 60/140 loss=0.3477
08:13:38 | INFO    | holoqpi.engine.trainer |   epoch 24 step 80/140 loss=0.3096
08:13:43 | INFO    | holoqpi.engine.trainer |   epoch 24 step 100/140 loss=0.2824
08:13:48 | INFO    | holoqpi.engine.trainer |   epoch 24 step 120/140 loss=0.3110
08:14:43 | INFO    | holoqpi.engine.trainer | epoch 24/60 (83s = 32s train + 52s val) | train_loss=0.3407  val_phase_mae=0.1717  val_dice=0.8218  val_cls_acc=nan  val_mass_mape=0.2043
08:14:44 | INFO    | holoqpi.engine.trainer |   epoch 25 step 0/140 loss=0.2902
08:14:49 | INFO    | holoqpi.engine.trainer |   epoch 25 step 20/140 loss=0.3790
08:14:53 | INFO    | holoqpi.engine.trainer |   epoch 25 step 40/140 loss=0.2862
08:14:57 | INFO    | holoqpi.engine.trainer |   epoch 25 step 60/140 loss=0.3304
08:15:01 | INFO    | holoqpi.engine.trainer |   epoch 25 step 80/140 loss=0.3800
08:15:06 | INFO    | holoqpi.engine.trainer |   epoch 25 step 100/140 loss=0.3054
08:15:11 | INFO    | holoqpi.engine.trainer |   epoch 25 step 120/140 loss=0.3811
08:16:07 | INFO    | holoqpi.engine.trainer |   new best composite=0.8107
08:16:07 | INFO    | holoqpi.engine.trainer | epoch 25/60 (83s = 32s train + 52s val) | train_loss=0.3372  val_phase_mae=0.1636  val_dice=0.8219  val_cls_acc=nan  val_mass_mape=0.1847
08:16:08 | INFO    | holoqpi.engine.trainer |   epoch 26 step 0/140 loss=0.2945
08:16:12 | INFO    | holoqpi.engine.trainer |   epoch 26 step 20/140 loss=0.3407
08:16:16 | INFO    | holoqpi.engine.trainer |   epoch 26 step 40/140 loss=0.3553
08:16:20 | INFO    | holoqpi.engine.trainer |   epoch 26 step 60/140 loss=0.3461
08:16:25 | INFO    | holoqpi.engine.trainer |   epoch 26 step 80/140 loss=0.4441
08:16:29 | INFO    | holoqpi.engine.trainer |   epoch 26 step 100/140 loss=0.3475
08:16:34 | INFO    | holoqpi.engine.trainer |   epoch 26 step 120/140 loss=0.2802
08:17:30 | INFO    | holoqpi.engine.trainer | epoch 26/60 (84s = 31s train + 53s val) | train_loss=0.3358  val_phase_mae=0.1700  val_dice=0.8254  val_cls_acc=nan  val_mass_mape=0.2351
08:17:31 | INFO    | holoqpi.engine.trainer |   epoch 27 step 0/140 loss=0.2718
08:17:36 | INFO    | holoqpi.engine.trainer |   epoch 27 step 20/140 loss=0.4581
08:17:40 | INFO    | holoqpi.engine.trainer |   epoch 27 step 40/140 loss=0.3488
08:17:45 | INFO    | holoqpi.engine.trainer |   epoch 27 step 60/140 loss=0.3299
08:17:49 | INFO    | holoqpi.engine.trainer |   epoch 27 step 80/140 loss=0.3580
08:17:53 | INFO    | holoqpi.engine.trainer |   epoch 27 step 100/140 loss=0.3060
08:17:58 | INFO    | holoqpi.engine.trainer |   epoch 27 step 120/140 loss=0.5508
08:18:56 | INFO    | holoqpi.engine.trainer | epoch 27/60 (85s = 31s train + 54s val) | train_loss=0.3351  val_phase_mae=0.1746  val_dice=0.8190  val_cls_acc=nan  val_mass_mape=0.2294
08:18:57 | INFO    | holoqpi.engine.trainer |   epoch 28 step 0/140 loss=0.4037
08:19:01 | INFO    | holoqpi.engine.trainer |   epoch 28 step 20/140 loss=0.3926
08:19:06 | INFO    | holoqpi.engine.trainer |   epoch 28 step 40/140 loss=0.3061
08:19:10 | INFO    | holoqpi.engine.trainer |   epoch 28 step 60/140 loss=0.2389
08:19:14 | INFO    | holoqpi.engine.trainer |   epoch 28 step 80/140 loss=0.3040
08:19:18 | INFO    | holoqpi.engine.trainer |   epoch 28 step 100/140 loss=0.3356
08:19:22 | INFO    | holoqpi.engine.trainer |   epoch 28 step 120/140 loss=0.3107
08:20:20 | INFO    | holoqpi.engine.trainer | epoch 28/60 (84s = 30s train + 53s val) | train_loss=0.3314  val_phase_mae=0.1715  val_dice=0.8243  val_cls_acc=nan  val_mass_mape=0.1969
08:20:21 | INFO    | holoqpi.engine.trainer |   epoch 29 step 0/140 loss=0.3118
08:20:25 | INFO    | holoqpi.engine.trainer |   epoch 29 step 20/140 loss=0.3169
08:20:29 | INFO    | holoqpi.engine.trainer |   epoch 29 step 40/140 loss=0.3481
08:20:34 | INFO    | holoqpi.engine.trainer |   epoch 29 step 60/140 loss=0.3511
08:20:38 | INFO    | holoqpi.engine.trainer |   epoch 29 step 80/140 loss=0.4267
08:20:43 | INFO    | holoqpi.engine.trainer |   epoch 29 step 100/140 loss=0.3645
08:20:47 | INFO    | holoqpi.engine.trainer |   epoch 29 step 120/140 loss=0.2788
08:21:44 | INFO    | holoqpi.engine.trainer | epoch 29/60 (85s = 31s train + 54s val) | train_loss=0.3256  val_phase_mae=0.1693  val_dice=0.8251  val_cls_acc=nan  val_mass_mape=0.2022
08:21:45 | INFO    | holoqpi.engine.trainer |   epoch 30 step 0/140 loss=0.3226
08:21:50 | INFO    | holoqpi.engine.trainer |   epoch 30 step 20/140 loss=0.2698
08:21:54 | INFO    | holoqpi.engine.trainer |   epoch 30 step 40/140 loss=0.2718
08:21:58 | INFO    | holoqpi.engine.trainer |   epoch 30 step 60/140 loss=0.2875
08:22:02 | INFO    | holoqpi.engine.trainer |   epoch 30 step 80/140 loss=0.3185
08:22:07 | INFO    | holoqpi.engine.trainer |   epoch 30 step 100/140 loss=0.2844
08:22:11 | INFO    | holoqpi.engine.trainer |   epoch 30 step 120/140 loss=0.2872
08:23:09 | INFO    | holoqpi.engine.trainer | epoch 30/60 (85s = 30s train + 54s val) | train_loss=0.3181  val_phase_mae=0.1719  val_dice=0.8274  val_cls_acc=nan  val_mass_mape=0.2363
08:23:10 | INFO    | holoqpi.engine.trainer |   epoch 31 step 0/140 loss=0.4524
08:23:14 | INFO    | holoqpi.engine.trainer |   epoch 31 step 20/140 loss=0.2947
08:23:19 | INFO    | holoqpi.engine.trainer |   epoch 31 step 40/140 loss=0.3420
08:23:23 | INFO    | holoqpi.engine.trainer |   epoch 31 step 60/140 loss=0.3595
08:23:27 | INFO    | holoqpi.engine.trainer |   epoch 31 step 80/140 loss=0.2464
08:23:32 | INFO    | holoqpi.engine.trainer |   epoch 31 step 100/140 loss=0.2769
08:23:36 | INFO    | holoqpi.engine.trainer |   epoch 31 step 120/140 loss=0.3220
08:24:34 | INFO    | holoqpi.engine.trainer | epoch 31/60 (85s = 31s train + 54s val) | train_loss=0.3272  val_phase_mae=0.1647  val_dice=0.8272  val_cls_acc=nan  val_mass_mape=0.2003
08:24:35 | INFO    | holoqpi.engine.trainer |   epoch 32 step 0/140 loss=0.3219
08:24:39 | INFO    | holoqpi.engine.trainer |   epoch 32 step 20/140 loss=0.3419
08:24:43 | INFO    | holoqpi.engine.trainer |   epoch 32 step 40/140 loss=0.3096
08:24:48 | INFO    | holoqpi.engine.trainer |   epoch 32 step 60/140 loss=0.3185
08:24:52 | INFO    | holoqpi.engine.trainer |   epoch 32 step 80/140 loss=0.2804
08:24:56 | INFO    | holoqpi.engine.trainer |   epoch 32 step 100/140 loss=0.3041
08:25:01 | INFO    | holoqpi.engine.trainer |   epoch 32 step 120/140 loss=0.3312
08:25:59 | INFO    | holoqpi.engine.trainer | epoch 32/60 (85s = 31s train + 54s val) | train_loss=0.3208  val_phase_mae=0.1698  val_dice=0.8264  val_cls_acc=nan  val_mass_mape=0.2205
08:26:00 | INFO    | holoqpi.engine.trainer |   epoch 33 step 0/140 loss=0.3500
08:26:04 | INFO    | holoqpi.engine.trainer |   epoch 33 step 20/140 loss=0.3077
08:26:09 | INFO    | holoqpi.engine.trainer |   epoch 33 step 40/140 loss=0.3874
08:26:13 | INFO    | holoqpi.engine.trainer |   epoch 33 step 60/140 loss=0.3132
08:26:17 | INFO    | holoqpi.engine.trainer |   epoch 33 step 80/140 loss=0.3971
08:26:22 | INFO    | holoqpi.engine.trainer |   epoch 33 step 100/140 loss=0.3885
08:26:26 | INFO    | holoqpi.engine.trainer |   epoch 33 step 120/140 loss=0.3275
08:27:25 | INFO    | holoqpi.engine.trainer | epoch 33/60 (86s = 31s train + 55s val) | train_loss=0.3169  val_phase_mae=0.1702  val_dice=0.8250  val_cls_acc=nan  val_mass_mape=0.2303
08:27:26 | INFO    | holoqpi.engine.trainer |   epoch 34 step 0/140 loss=0.2784
08:27:30 | INFO    | holoqpi.engine.trainer |   epoch 34 step 20/140 loss=0.2678
08:27:34 | INFO    | holoqpi.engine.trainer |   epoch 34 step 40/140 loss=0.3469
08:27:39 | INFO    | holoqpi.engine.trainer |   epoch 34 step 60/140 loss=0.3683
08:27:43 | INFO    | holoqpi.engine.trainer |   epoch 34 step 80/140 loss=0.3275
08:27:48 | INFO    | holoqpi.engine.trainer |   epoch 34 step 100/140 loss=0.3226
08:27:52 | INFO    | holoqpi.engine.trainer |   epoch 34 step 120/140 loss=0.3003
08:28:50 | INFO    | holoqpi.engine.trainer |   new best composite=0.8147
08:28:50 | INFO    | holoqpi.engine.trainer | epoch 34/60 (85s = 31s train + 54s val) | train_loss=0.3197  val_phase_mae=0.1624  val_dice=0.8250  val_cls_acc=nan  val_mass_mape=0.1799
08:28:51 | INFO    | holoqpi.engine.trainer |   epoch 35 step 0/140 loss=0.2586
08:28:55 | INFO    | holoqpi.engine.trainer |   epoch 35 step 20/140 loss=0.2768
08:29:00 | INFO    | holoqpi.engine.trainer |   epoch 35 step 40/140 loss=0.3016
08:29:04 | INFO    | holoqpi.engine.trainer |   epoch 35 step 60/140 loss=0.3374
08:29:09 | INFO    | holoqpi.engine.trainer |   epoch 35 step 80/140 loss=0.3056
08:29:13 | INFO    | holoqpi.engine.trainer |   epoch 35 step 100/140 loss=0.2828
08:29:17 | INFO    | holoqpi.engine.trainer |   epoch 35 step 120/140 loss=0.2770
08:30:16 | INFO    | holoqpi.engine.trainer | epoch 35/60 (85s = 31s train + 54s val) | train_loss=0.3195  val_phase_mae=0.1614  val_dice=0.8258  val_cls_acc=nan  val_mass_mape=0.1861
08:30:17 | INFO    | holoqpi.engine.trainer |   epoch 36 step 0/140 loss=0.2662
08:30:21 | INFO    | holoqpi.engine.trainer |   epoch 36 step 20/140 loss=0.3235
08:30:25 | INFO    | holoqpi.engine.trainer |   epoch 36 step 40/140 loss=0.2621
08:30:29 | INFO    | holoqpi.engine.trainer |   epoch 36 step 60/140 loss=0.2692
08:30:33 | INFO    | holoqpi.engine.trainer |   epoch 36 step 80/140 loss=0.3417
08:30:38 | INFO    | holoqpi.engine.trainer |   epoch 36 step 100/140 loss=0.3244
08:30:42 | INFO    | holoqpi.engine.trainer |   epoch 36 step 120/140 loss=0.2657
08:31:40 | INFO    | holoqpi.engine.trainer |   new best composite=0.8154
08:31:40 | INFO    | holoqpi.engine.trainer | epoch 36/60 (84s = 30s train + 54s val) | train_loss=0.3147  val_phase_mae=0.1597  val_dice=0.8266  val_cls_acc=nan  val_mass_mape=0.1818
08:31:41 | INFO    | holoqpi.engine.trainer |   epoch 37 step 0/140 loss=0.2554
08:31:45 | INFO    | holoqpi.engine.trainer |   epoch 37 step 20/140 loss=0.2943
08:31:49 | INFO    | holoqpi.engine.trainer |   epoch 37 step 40/140 loss=0.2631
08:31:53 | INFO    | holoqpi.engine.trainer |   epoch 37 step 60/140 loss=0.2707
08:31:58 | INFO    | holoqpi.engine.trainer |   epoch 37 step 80/140 loss=0.2882
08:32:02 | INFO    | holoqpi.engine.trainer |   epoch 37 step 100/140 loss=0.3567
08:32:06 | INFO    | holoqpi.engine.trainer |   epoch 37 step 120/140 loss=0.2950
08:33:04 | INFO    | holoqpi.engine.trainer | epoch 37/60 (85s = 30s train + 55s val) | train_loss=0.3121  val_phase_mae=0.1638  val_dice=0.8286  val_cls_acc=nan  val_mass_mape=0.1924
08:33:05 | INFO    | holoqpi.engine.trainer |   epoch 38 step 0/140 loss=0.3317
08:33:10 | INFO    | holoqpi.engine.trainer |   epoch 38 step 20/140 loss=0.3143
08:33:14 | INFO    | holoqpi.engine.trainer |   epoch 38 step 40/140 loss=0.2661
08:33:18 | INFO    | holoqpi.engine.trainer |   epoch 38 step 60/140 loss=0.2918
08:33:23 | INFO    | holoqpi.engine.trainer |   epoch 38 step 80/140 loss=0.3054
08:33:27 | INFO    | holoqpi.engine.trainer |   epoch 38 step 100/140 loss=0.3298
08:33:31 | INFO    | holoqpi.engine.trainer |   epoch 38 step 120/140 loss=0.3001
08:34:27 | INFO    | holoqpi.engine.trainer | epoch 38/60 (83s = 30s train + 53s val) | train_loss=0.3133  val_phase_mae=0.1681  val_dice=0.8255  val_cls_acc=nan  val_mass_mape=0.2104
08:34:28 | INFO    | holoqpi.engine.trainer |   epoch 39 step 0/140 loss=0.2535
08:34:33 | INFO    | holoqpi.engine.trainer |   epoch 39 step 20/140 loss=0.2743
08:34:37 | INFO    | holoqpi.engine.trainer |   epoch 39 step 40/140 loss=0.3088
08:34:42 | INFO    | holoqpi.engine.trainer |   epoch 39 step 60/140 loss=0.2484
08:34:46 | INFO    | holoqpi.engine.trainer |   epoch 39 step 80/140 loss=0.3355
08:34:50 | INFO    | holoqpi.engine.trainer |   epoch 39 step 100/140 loss=0.3349
08:34:54 | INFO    | holoqpi.engine.trainer |   epoch 39 step 120/140 loss=0.2807
08:35:50 | INFO    | holoqpi.engine.trainer | epoch 39/60 (82s = 30s train + 52s val) | train_loss=0.3103  val_phase_mae=0.1681  val_dice=0.8280  val_cls_acc=nan  val_mass_mape=0.1845
08:35:51 | INFO    | holoqpi.engine.trainer |   epoch 40 step 0/140 loss=0.2566
08:35:55 | INFO    | holoqpi.engine.trainer |   epoch 40 step 20/140 loss=0.2620
08:36:00 | INFO    | holoqpi.engine.trainer |   epoch 40 step 40/140 loss=0.2403
08:36:05 | INFO    | holoqpi.engine.trainer |   epoch 40 step 60/140 loss=0.3327
08:36:09 | INFO    | holoqpi.engine.trainer |   epoch 40 step 80/140 loss=0.2748
08:36:13 | INFO    | holoqpi.engine.trainer |   epoch 40 step 100/140 loss=0.2995
08:36:18 | INFO    | holoqpi.engine.trainer |   epoch 40 step 120/140 loss=0.3051
08:37:13 | INFO    | holoqpi.engine.trainer | epoch 40/60 (83s = 31s train + 52s val) | train_loss=0.3025  val_phase_mae=0.1641  val_dice=0.8294  val_cls_acc=nan  val_mass_mape=0.1841
08:37:14 | INFO    | holoqpi.engine.trainer |   epoch 41 step 0/140 loss=0.3440
08:37:19 | INFO    | holoqpi.engine.trainer |   epoch 41 step 20/140 loss=0.3140
08:37:23 | INFO    | holoqpi.engine.trainer |   epoch 41 step 40/140 loss=0.2838
08:37:28 | INFO    | holoqpi.engine.trainer |   epoch 41 step 60/140 loss=0.2646
08:37:33 | INFO    | holoqpi.engine.trainer |   epoch 41 step 80/140 loss=0.3284
08:37:37 | INFO    | holoqpi.engine.trainer |   epoch 41 step 100/140 loss=0.3590
08:37:42 | INFO    | holoqpi.engine.trainer |   epoch 41 step 120/140 loss=0.3208
08:38:36 | INFO    | holoqpi.engine.trainer | epoch 41/60 (83s = 32s train + 51s val) | train_loss=0.3061  val_phase_mae=0.1651  val_dice=0.8300  val_cls_acc=nan  val_mass_mape=0.1887
08:38:37 | INFO    | holoqpi.engine.trainer |   epoch 42 step 0/140 loss=0.2774
08:38:42 | INFO    | holoqpi.engine.trainer |   epoch 42 step 20/140 loss=0.3015
08:38:47 | INFO    | holoqpi.engine.trainer |   epoch 42 step 40/140 loss=0.2707
08:38:51 | INFO    | holoqpi.engine.trainer |   epoch 42 step 60/140 loss=0.2880
08:38:56 | INFO    | holoqpi.engine.trainer |   epoch 42 step 80/140 loss=0.3302
08:39:01 | INFO    | holoqpi.engine.trainer |   epoch 42 step 100/140 loss=0.3314
08:39:05 | INFO    | holoqpi.engine.trainer |   epoch 42 step 120/140 loss=0.3006
08:40:00 | INFO    | holoqpi.engine.trainer |   new best composite=0.8171
08:40:00 | INFO    | holoqpi.engine.trainer | epoch 42/60 (83s = 33s train + 50s val) | train_loss=0.3112  val_phase_mae=0.1614  val_dice=0.8301  val_cls_acc=nan  val_mass_mape=0.1802
08:40:01 | INFO    | holoqpi.engine.trainer |   epoch 43 step 0/140 loss=0.2671
08:40:05 | INFO    | holoqpi.engine.trainer |   epoch 43 step 20/140 loss=0.2899
08:40:10 | INFO    | holoqpi.engine.trainer |   epoch 43 step 40/140 loss=0.3171
08:40:15 | INFO    | holoqpi.engine.trainer |   epoch 43 step 60/140 loss=0.3179
08:40:19 | INFO    | holoqpi.engine.trainer |   epoch 43 step 80/140 loss=0.2996
08:40:24 | INFO    | holoqpi.engine.trainer |   epoch 43 step 100/140 loss=0.2579
08:40:28 | INFO    | holoqpi.engine.trainer |   epoch 43 step 120/140 loss=0.3242
08:41:22 | INFO    | holoqpi.engine.trainer | epoch 43/60 (83s = 33s train + 50s val) | train_loss=0.3086  val_phase_mae=0.1664  val_dice=0.8302  val_cls_acc=nan  val_mass_mape=0.1987
08:41:23 | INFO    | holoqpi.engine.trainer |   epoch 44 step 0/140 loss=0.2833
08:41:28 | INFO    | holoqpi.engine.trainer |   epoch 44 step 20/140 loss=0.2819
08:41:33 | INFO    | holoqpi.engine.trainer |   epoch 44 step 40/140 loss=0.2788
08:41:37 | INFO    | holoqpi.engine.trainer |   epoch 44 step 60/140 loss=0.2979
08:41:42 | INFO    | holoqpi.engine.trainer |   epoch 44 step 80/140 loss=0.2608
08:41:46 | INFO    | holoqpi.engine.trainer |   epoch 44 step 100/140 loss=0.3281
08:41:51 | INFO    | holoqpi.engine.trainer |   epoch 44 step 120/140 loss=0.2783
08:42:45 | INFO    | holoqpi.engine.trainer | epoch 44/60 (83s = 32s train + 50s val) | train_loss=0.2994  val_phase_mae=0.1629  val_dice=0.8292  val_cls_acc=nan  val_mass_mape=0.1922
08:42:46 | INFO    | holoqpi.engine.trainer |   epoch 45 step 0/140 loss=0.3043
08:42:50 | INFO    | holoqpi.engine.trainer |   epoch 45 step 20/140 loss=0.2987
08:42:55 | INFO    | holoqpi.engine.trainer |   epoch 45 step 40/140 loss=0.3965
08:42:59 | INFO    | holoqpi.engine.trainer |   epoch 45 step 60/140 loss=0.3400
08:43:04 | INFO    | holoqpi.engine.trainer |   epoch 45 step 80/140 loss=0.2994
08:43:09 | INFO    | holoqpi.engine.trainer |   epoch 45 step 100/140 loss=0.2511
08:43:13 | INFO    | holoqpi.engine.trainer |   epoch 45 step 120/140 loss=0.2797
08:44:08 | INFO    | holoqpi.engine.trainer | epoch 45/60 (83s = 32s train + 51s val) | train_loss=0.2969  val_phase_mae=0.1615  val_dice=0.8292  val_cls_acc=nan  val_mass_mape=0.1859
08:44:09 | INFO    | holoqpi.engine.trainer |   epoch 46 step 0/140 loss=0.2712
08:44:14 | INFO    | holoqpi.engine.trainer |   epoch 46 step 20/140 loss=0.3127
08:44:18 | INFO    | holoqpi.engine.trainer |   epoch 46 step 40/140 loss=0.2638
08:44:22 | INFO    | holoqpi.engine.trainer |   epoch 46 step 60/140 loss=0.2831
08:44:26 | INFO    | holoqpi.engine.trainer |   epoch 46 step 80/140 loss=0.3175
08:44:31 | INFO    | holoqpi.engine.trainer |   epoch 46 step 100/140 loss=0.2965
08:44:36 | INFO    | holoqpi.engine.trainer |   epoch 46 step 120/140 loss=0.3816
08:45:31 | INFO    | holoqpi.engine.trainer | epoch 46/60 (83s = 31s train + 51s val) | train_loss=0.3015  val_phase_mae=0.1625  val_dice=0.8282  val_cls_acc=nan  val_mass_mape=0.1797
08:45:32 | INFO    | holoqpi.engine.trainer |   epoch 47 step 0/140 loss=0.2900
08:45:36 | INFO    | holoqpi.engine.trainer |   epoch 47 step 20/140 loss=0.2909
08:45:41 | INFO    | holoqpi.engine.trainer |   epoch 47 step 40/140 loss=0.2840
08:45:45 | INFO    | holoqpi.engine.trainer |   epoch 47 step 60/140 loss=0.2614
08:45:49 | INFO    | holoqpi.engine.trainer |   epoch 47 step 80/140 loss=0.2903
08:45:54 | INFO    | holoqpi.engine.trainer |   epoch 47 step 100/140 loss=0.2761
08:45:58 | INFO    | holoqpi.engine.trainer |   epoch 47 step 120/140 loss=0.3174
08:46:54 | INFO    | holoqpi.engine.trainer | epoch 47/60 (83s = 31s train + 52s val) | train_loss=0.2985  val_phase_mae=0.1618  val_dice=0.8296  val_cls_acc=nan  val_mass_mape=0.1853
08:46:55 | INFO    | holoqpi.engine.trainer |   epoch 48 step 0/140 loss=0.3181
08:47:00 | INFO    | holoqpi.engine.trainer |   epoch 48 step 20/140 loss=0.4282
08:47:04 | INFO    | holoqpi.engine.trainer |   epoch 48 step 40/140 loss=0.3297
08:47:08 | INFO    | holoqpi.engine.trainer |   epoch 48 step 60/140 loss=0.3481
08:47:13 | INFO    | holoqpi.engine.trainer |   epoch 48 step 80/140 loss=0.2426
08:47:17 | INFO    | holoqpi.engine.trainer |   epoch 48 step 100/140 loss=0.3260
08:47:21 | INFO    | holoqpi.engine.trainer |   epoch 48 step 120/140 loss=0.2960
08:48:18 | INFO    | holoqpi.engine.trainer | epoch 48/60 (83s = 31s train + 53s val) | train_loss=0.2994  val_phase_mae=0.1640  val_dice=0.8253  val_cls_acc=nan  val_mass_mape=0.2097
08:48:19 | INFO    | holoqpi.engine.trainer |   epoch 49 step 0/140 loss=0.3710
08:48:23 | INFO    | holoqpi.engine.trainer |   epoch 49 step 20/140 loss=0.2982
08:48:28 | INFO    | holoqpi.engine.trainer |   epoch 49 step 40/140 loss=0.3210
08:48:32 | INFO    | holoqpi.engine.trainer |   epoch 49 step 60/140 loss=0.2989
08:48:36 | INFO    | holoqpi.engine.trainer |   epoch 49 step 80/140 loss=0.3506
08:48:41 | INFO    | holoqpi.engine.trainer |   epoch 49 step 100/140 loss=0.2925
08:48:45 | INFO    | holoqpi.engine.trainer |   epoch 49 step 120/140 loss=0.3060
08:49:42 | INFO    | holoqpi.engine.trainer | epoch 49/60 (84s = 30s train + 54s val) | train_loss=0.2976  val_phase_mae=0.1613  val_dice=0.8295  val_cls_acc=nan  val_mass_mape=0.1812
08:49:43 | INFO    | holoqpi.engine.trainer |   epoch 50 step 0/140 loss=0.3013
08:49:48 | INFO    | holoqpi.engine.trainer |   epoch 50 step 20/140 loss=0.2977
08:49:52 | INFO    | holoqpi.engine.trainer |   epoch 50 step 40/140 loss=0.3281
08:49:56 | INFO    | holoqpi.engine.trainer |   epoch 50 step 60/140 loss=0.2753
08:50:01 | INFO    | holoqpi.engine.trainer |   epoch 50 step 80/140 loss=0.3893
08:50:05 | INFO    | holoqpi.engine.trainer |   epoch 50 step 100/140 loss=0.3013
08:50:10 | INFO    | holoqpi.engine.trainer |   epoch 50 step 120/140 loss=0.3001
08:51:08 | INFO    | holoqpi.engine.trainer |   new best composite=0.8176
08:51:08 | INFO    | holoqpi.engine.trainer | epoch 50/60 (85s = 31s train + 54s val) | train_loss=0.2928  val_phase_mae=0.1633  val_dice=0.8310  val_cls_acc=nan  val_mass_mape=0.1836
08:51:09 | INFO    | holoqpi.engine.trainer |   epoch 51 step 0/140 loss=0.2541
08:51:13 | INFO    | holoqpi.engine.trainer |   epoch 51 step 20/140 loss=0.2849
08:51:17 | INFO    | holoqpi.engine.trainer |   epoch 51 step 40/140 loss=0.2635
08:51:21 | INFO    | holoqpi.engine.trainer |   epoch 51 step 60/140 loss=0.2621
08:51:26 | INFO    | holoqpi.engine.trainer |   epoch 51 step 80/140 loss=0.3936
08:51:30 | INFO    | holoqpi.engine.trainer |   epoch 51 step 100/140 loss=0.2929
08:51:35 | INFO    | holoqpi.engine.trainer |   epoch 51 step 120/140 loss=0.2316
08:52:33 | INFO    | holoqpi.engine.trainer | epoch 51/60 (85s = 31s train + 54s val) | train_loss=0.2967  val_phase_mae=0.1630  val_dice=0.8278  val_cls_acc=nan  val_mass_mape=0.1943
08:52:34 | INFO    | holoqpi.engine.trainer |   epoch 52 step 0/140 loss=0.2426
08:52:38 | INFO    | holoqpi.engine.trainer |   epoch 52 step 20/140 loss=0.2470
08:52:42 | INFO    | holoqpi.engine.trainer |   epoch 52 step 40/140 loss=0.2789
08:52:47 | INFO    | holoqpi.engine.trainer |   epoch 52 step 60/140 loss=0.3093
08:52:51 | INFO    | holoqpi.engine.trainer |   epoch 52 step 80/140 loss=0.2772
08:52:56 | INFO    | holoqpi.engine.trainer |   epoch 52 step 100/140 loss=0.3576
08:53:00 | INFO    | holoqpi.engine.trainer |   epoch 52 step 120/140 loss=0.2884
08:53:59 | INFO    | holoqpi.engine.trainer | epoch 52/60 (87s = 31s train + 55s val) | train_loss=0.3000  val_phase_mae=0.1642  val_dice=0.8294  val_cls_acc=nan  val_mass_mape=0.2041
08:54:00 | INFO    | holoqpi.engine.trainer |   epoch 53 step 0/140 loss=0.2863
08:54:04 | INFO    | holoqpi.engine.trainer |   epoch 53 step 20/140 loss=0.2619
08:54:09 | INFO    | holoqpi.engine.trainer |   epoch 53 step 40/140 loss=0.3300
08:54:13 | INFO    | holoqpi.engine.trainer |   epoch 53 step 60/140 loss=0.2458
08:54:18 | INFO    | holoqpi.engine.trainer |   epoch 53 step 80/140 loss=0.2835
08:54:22 | INFO    | holoqpi.engine.trainer |   epoch 53 step 100/140 loss=0.3058
08:54:26 | INFO    | holoqpi.engine.trainer |   epoch 53 step 120/140 loss=0.2834
08:55:24 | INFO    | holoqpi.engine.trainer | epoch 53/60 (85s = 31s train + 54s val) | train_loss=0.2985  val_phase_mae=0.1644  val_dice=0.8288  val_cls_acc=nan  val_mass_mape=0.1911
08:55:25 | INFO    | holoqpi.engine.trainer |   epoch 54 step 0/140 loss=0.2547
08:55:30 | INFO    | holoqpi.engine.trainer |   epoch 54 step 20/140 loss=0.2860
08:55:34 | INFO    | holoqpi.engine.trainer |   epoch 54 step 40/140 loss=0.2768
08:55:38 | INFO    | holoqpi.engine.trainer |   epoch 54 step 60/140 loss=0.2938
08:55:43 | INFO    | holoqpi.engine.trainer |   epoch 54 step 80/140 loss=0.3336
08:55:47 | INFO    | holoqpi.engine.trainer |   epoch 54 step 100/140 loss=0.2811
08:55:52 | INFO    | holoqpi.engine.trainer |   epoch 54 step 120/140 loss=0.3034
08:56:50 | INFO    | holoqpi.engine.trainer | epoch 54/60 (85s = 31s train + 54s val) | train_loss=0.2965  val_phase_mae=0.1650  val_dice=0.8286  val_cls_acc=nan  val_mass_mape=0.1973
08:56:51 | INFO    | holoqpi.engine.trainer |   epoch 55 step 0/140 loss=0.2668
08:56:55 | INFO    | holoqpi.engine.trainer |   epoch 55 step 20/140 loss=0.3568
08:57:00 | INFO    | holoqpi.engine.trainer |   epoch 55 step 40/140 loss=0.3491
08:57:04 | INFO    | holoqpi.engine.trainer |   epoch 55 step 60/140 loss=0.2384
08:57:08 | INFO    | holoqpi.engine.trainer |   epoch 55 step 80/140 loss=0.2892
08:57:13 | INFO    | holoqpi.engine.trainer |   epoch 55 step 100/140 loss=0.2416
08:57:17 | INFO    | holoqpi.engine.trainer |   epoch 55 step 120/140 loss=0.2756
08:58:15 | INFO    | holoqpi.engine.trainer | epoch 55/60 (85s = 31s train + 54s val) | train_loss=0.2969  val_phase_mae=0.1648  val_dice=0.8300  val_cls_acc=nan  val_mass_mape=0.1897
08:58:16 | INFO    | holoqpi.engine.trainer |   epoch 56 step 0/140 loss=0.2703
08:58:20 | INFO    | holoqpi.engine.trainer |   epoch 56 step 20/140 loss=0.2438
08:58:25 | INFO    | holoqpi.engine.trainer |   epoch 56 step 40/140 loss=0.2919
08:58:29 | INFO    | holoqpi.engine.trainer |   epoch 56 step 60/140 loss=0.3616
08:58:33 | INFO    | holoqpi.engine.trainer |   epoch 56 step 80/140 loss=0.2388
08:58:38 | INFO    | holoqpi.engine.trainer |   epoch 56 step 100/140 loss=0.2492
08:58:42 | INFO    | holoqpi.engine.trainer |   epoch 56 step 120/140 loss=0.2693
08:59:40 | INFO    | holoqpi.engine.trainer | epoch 56/60 (85s = 31s train + 54s val) | train_loss=0.2936  val_phase_mae=0.1636  val_dice=0.8297  val_cls_acc=nan  val_mass_mape=0.1886
08:59:41 | INFO    | holoqpi.engine.trainer |   epoch 57 step 0/140 loss=0.2820
08:59:45 | INFO    | holoqpi.engine.trainer |   epoch 57 step 20/140 loss=0.2653
08:59:50 | INFO    | holoqpi.engine.trainer |   epoch 57 step 40/140 loss=0.3031
08:59:54 | INFO    | holoqpi.engine.trainer |   epoch 57 step 60/140 loss=0.2561
08:59:58 | INFO    | holoqpi.engine.trainer |   epoch 57 step 80/140 loss=0.2587
09:00:03 | INFO    | holoqpi.engine.trainer |   epoch 57 step 100/140 loss=0.2563
09:00:07 | INFO    | holoqpi.engine.trainer |   epoch 57 step 120/140 loss=0.3046
09:01:04 | INFO    | holoqpi.engine.trainer | epoch 57/60 (85s = 31s train + 54s val) | train_loss=0.2955  val_phase_mae=0.1618  val_dice=0.8298  val_cls_acc=nan  val_mass_mape=0.1839
09:01:05 | INFO    | holoqpi.engine.trainer |   epoch 58 step 0/140 loss=0.3872
09:01:10 | INFO    | holoqpi.engine.trainer |   epoch 58 step 20/140 loss=0.2573
09:01:14 | INFO    | holoqpi.engine.trainer |   epoch 58 step 40/140 loss=0.2654
09:01:19 | INFO    | holoqpi.engine.trainer |   epoch 58 step 60/140 loss=0.2719
09:01:23 | INFO    | holoqpi.engine.trainer |   epoch 58 step 80/140 loss=0.2802
09:01:28 | INFO    | holoqpi.engine.trainer |   epoch 58 step 100/140 loss=0.2882
09:01:32 | INFO    | holoqpi.engine.trainer |   epoch 58 step 120/140 loss=0.2566
09:02:30 | INFO    | holoqpi.engine.trainer | epoch 58/60 (86s = 31s train + 54s val) | train_loss=0.2967  val_phase_mae=0.1619  val_dice=0.8295  val_cls_acc=nan  val_mass_mape=0.1855
09:02:31 | INFO    | holoqpi.engine.trainer |   epoch 59 step 0/140 loss=0.2296
09:02:36 | INFO    | holoqpi.engine.trainer |   epoch 59 step 20/140 loss=0.2336
09:02:40 | INFO    | holoqpi.engine.trainer |   epoch 59 step 40/140 loss=0.3897
09:02:44 | INFO    | holoqpi.engine.trainer |   epoch 59 step 60/140 loss=0.3459
09:02:49 | INFO    | holoqpi.engine.trainer |   epoch 59 step 80/140 loss=0.2864
09:02:53 | INFO    | holoqpi.engine.trainer |   epoch 59 step 100/140 loss=0.2444
09:02:58 | INFO    | holoqpi.engine.trainer |   epoch 59 step 120/140 loss=0.2872
09:03:54 | INFO    | holoqpi.engine.trainer | epoch 59/60 (84s = 31s train + 53s val) | train_loss=0.2983  val_phase_mae=0.1662  val_dice=0.8296  val_cls_acc=nan  val_mass_mape=0.1981
09:03:56 | INFO    | holoqpi.engine.trainer |   epoch 60 step 0/140 loss=0.3133
09:04:00 | INFO    | holoqpi.engine.trainer |   epoch 60 step 20/140 loss=0.2961
09:04:05 | INFO    | holoqpi.engine.trainer |   epoch 60 step 40/140 loss=0.2893
09:04:09 | INFO    | holoqpi.engine.trainer |   epoch 60 step 60/140 loss=0.2496
09:04:14 | INFO    | holoqpi.engine.trainer |   epoch 60 step 80/140 loss=0.2755
09:04:18 | INFO    | holoqpi.engine.trainer |   epoch 60 step 100/140 loss=0.2558
09:04:23 | INFO    | holoqpi.engine.trainer |   epoch 60 step 120/140 loss=0.3943
09:05:19 | INFO    | holoqpi.engine.trainer | epoch 60/60 (85s = 32s train + 53s val) | train_loss=0.2889  val_phase_mae=0.1629  val_dice=0.8302  val_cls_acc=nan  val_mass_mape=0.1848
09:05:19 | INFO    | holoqpi.engine.trainer | training finished; best epoch 50 (composite=0.8176)
