10:32:05 | INFO    | holoqpi | training v2_image_volume on off_axis (device=cuda)
10:32:05 | INFO    | holoqpi.data.dataset | train split: 560 samples | modality=off_axis | crop=512 | augment=True
10:32:05 | INFO    | holoqpi.data.dataset | val split: 127 samples | modality=off_axis | crop=None | augment=False
10:32:06 | INFO    | holoqpi.models.encoders | loading pretrained mobilenet_v2 from weights/mobilenet_v2-b0353104.pth
10:32:06 | INFO    | holoqpi.models.encoders | loading pretrained mobilenet_v2 from weights/mobilenet_v2-b0353104.pth
10:32:06 | INFO    | holoqpi.models.encoders | encoder=mobilenet_v2 in_channels=1 pretrained=True weights=local (weights) stages=[16, 24, 32, 96, 1280]
10:32:06 | INFO    | holoqpi.models.holonet | HoloQPINet built: 9.60M parameters, 9.60M trainable (100.0%)
10:32:07 | INFO    | holoqpi.engine.trainer | trainable 9.60M / 9.60M parameters (100.0%)
10:32:07 | INFO    | holoqpi.engine.trainer | objective: phase=1  phase_volume=1  segmentation=1
10:32:07 | INFO    | holoqpi.engine.trainer | active physics terms: ['phase_volume']
10:32:14 | INFO    | holoqpi.engine.trainer |   epoch 1 step 0/140 loss=4.6506
10:32:17 | INFO    | holoqpi.engine.trainer |   epoch 1 step 20/140 loss=3.1860
10:32:21 | INFO    | holoqpi.engine.trainer |   epoch 1 step 40/140 loss=2.6432
10:32:26 | INFO    | holoqpi.engine.trainer |   epoch 1 step 60/140 loss=2.3230
10:32:30 | INFO    | holoqpi.engine.trainer |   epoch 1 step 80/140 loss=2.2873
10:32:34 | INFO    | holoqpi.engine.trainer |   epoch 1 step 100/140 loss=1.6765
10:32:38 | INFO    | holoqpi.engine.trainer |   epoch 1 step 120/140 loss=1.6546
10:33:38 | INFO    | holoqpi.engine.trainer |   new best composite=0.4663
10:33:38 | INFO    | holoqpi.engine.trainer | epoch 1/60 (90s = 35s train + 55s val) | train_loss=2.4264  val_phase_mae=0.3796  val_dice=0.5679  val_cls_acc=nan  val_mass_mape=0.6535
10:33:38 | INFO    | holoqpi.engine.trainer |   at this rate the full 60-epoch schedule takes about 90 min
10:33:39 | INFO    | holoqpi.engine.trainer |   epoch 2 step 0/140 loss=1.4341
10:33:42 | INFO    | holoqpi.engine.trainer |   epoch 2 step 20/140 loss=1.6451
10:33:47 | INFO    | holoqpi.engine.trainer |   epoch 2 step 40/140 loss=1.3747
10:33:50 | INFO    | holoqpi.engine.trainer |   epoch 2 step 60/140 loss=1.0424
10:33:55 | INFO    | holoqpi.engine.trainer |   epoch 2 step 80/140 loss=1.3516
10:33:59 | INFO    | holoqpi.engine.trainer |   epoch 2 step 100/140 loss=1.2133
10:34:03 | INFO    | holoqpi.engine.trainer |   epoch 2 step 120/140 loss=1.2747
10:35:00 | INFO    | holoqpi.engine.trainer |   new best composite=0.6303
10:35:00 | INFO    | holoqpi.engine.trainer | epoch 2/60 (83s = 29s train + 53s val) | train_loss=1.3465  val_phase_mae=0.2514  val_dice=0.6719  val_cls_acc=nan  val_mass_mape=0.3899
10:35:01 | INFO    | holoqpi.engine.trainer |   epoch 3 step 0/140 loss=1.0665
10:35:05 | INFO    | holoqpi.engine.trainer |   epoch 3 step 20/140 loss=0.9285
10:35:09 | INFO    | holoqpi.engine.trainer |   epoch 3 step 40/140 loss=0.9599
10:35:13 | INFO    | holoqpi.engine.trainer |   epoch 3 step 60/140 loss=0.9549
10:35:17 | INFO    | holoqpi.engine.trainer |   epoch 3 step 80/140 loss=0.9265
10:35:21 | INFO    | holoqpi.engine.trainer |   epoch 3 step 100/140 loss=0.7651
10:35:25 | INFO    | holoqpi.engine.trainer |   epoch 3 step 120/140 loss=0.7935
10:36:22 | INFO    | holoqpi.engine.trainer |   new best composite=0.6865
10:36:22 | INFO    | holoqpi.engine.trainer | epoch 3/60 (81s = 29s train + 52s val) | train_loss=1.0247  val_phase_mae=0.2197  val_dice=0.7034  val_cls_acc=nan  val_mass_mape=0.3262
10:36:23 | INFO    | holoqpi.engine.trainer |   epoch 4 step 0/140 loss=0.6684
10:36:27 | INFO    | holoqpi.engine.trainer |   epoch 4 step 20/140 loss=0.6914
10:36:31 | INFO    | holoqpi.engine.trainer |   epoch 4 step 40/140 loss=0.8829
10:36:35 | INFO    | holoqpi.engine.trainer |   epoch 4 step 60/140 loss=0.7899
10:36:39 | INFO    | holoqpi.engine.trainer |   epoch 4 step 80/140 loss=0.7940
10:36:43 | INFO    | holoqpi.engine.trainer |   epoch 4 step 100/140 loss=1.0222
10:36:47 | INFO    | holoqpi.engine.trainer |   epoch 4 step 120/140 loss=1.2014
10:37:44 | INFO    | holoqpi.engine.trainer |   new best composite=0.7239
10:37:44 | INFO    | holoqpi.engine.trainer | epoch 4/60 (82s = 29s train + 53s val) | train_loss=0.8809  val_phase_mae=0.2045  val_dice=0.7527  val_cls_acc=nan  val_mass_mape=0.2963
10:37:45 | INFO    | holoqpi.engine.trainer |   epoch 5 step 0/140 loss=1.0818
10:37:49 | INFO    | holoqpi.engine.trainer |   epoch 5 step 20/140 loss=0.6297
10:37:53 | INFO    | holoqpi.engine.trainer |   epoch 5 step 40/140 loss=0.8243
10:37:57 | INFO    | holoqpi.engine.trainer |   epoch 5 step 60/140 loss=0.8217
10:38:00 | INFO    | holoqpi.engine.trainer |   epoch 5 step 80/140 loss=0.5613
10:38:04 | INFO    | holoqpi.engine.trainer |   epoch 5 step 100/140 loss=0.9157
10:38:09 | INFO    | holoqpi.engine.trainer |   epoch 5 step 120/140 loss=0.5584
10:39:05 | INFO    | holoqpi.engine.trainer |   new best composite=0.7359
10:39:05 | INFO    | holoqpi.engine.trainer | epoch 5/60 (81s = 29s train + 53s val) | train_loss=0.7858  val_phase_mae=0.1999  val_dice=0.7864  val_cls_acc=nan  val_mass_mape=0.3347
10:39:06 | INFO    | holoqpi.engine.trainer |   epoch 6 step 0/140 loss=0.5726
10:39:10 | INFO    | holoqpi.engine.trainer |   epoch 6 step 20/140 loss=0.8550
10:39:14 | INFO    | holoqpi.engine.trainer |   epoch 6 step 40/140 loss=0.6978
10:39:18 | INFO    | holoqpi.engine.trainer |   epoch 6 step 60/140 loss=0.4852
10:39:22 | INFO    | holoqpi.engine.trainer |   epoch 6 step 80/140 loss=0.7105
10:39:26 | INFO    | holoqpi.engine.trainer |   epoch 6 step 100/140 loss=0.5988
10:39:30 | INFO    | holoqpi.engine.trainer |   epoch 6 step 120/140 loss=0.9259
10:40:26 | INFO    | holoqpi.engine.trainer | epoch 6/60 (81s = 29s train + 52s val) | train_loss=0.7332  val_phase_mae=0.2114  val_dice=0.7301  val_cls_acc=nan  val_mass_mape=0.4291
10:40:27 | INFO    | holoqpi.engine.trainer |   epoch 7 step 0/140 loss=0.8463
10:40:31 | INFO    | holoqpi.engine.trainer |   epoch 7 step 20/140 loss=0.6013
10:40:35 | INFO    | holoqpi.engine.trainer |   epoch 7 step 40/140 loss=0.5293
10:40:39 | INFO    | holoqpi.engine.trainer |   epoch 7 step 60/140 loss=0.5984
10:40:43 | INFO    | holoqpi.engine.trainer |   epoch 7 step 80/140 loss=0.5858
10:40:47 | INFO    | holoqpi.engine.trainer |   epoch 7 step 100/140 loss=0.8493
10:40:51 | INFO    | holoqpi.engine.trainer |   epoch 7 step 120/140 loss=0.7322
10:41:50 | INFO    | holoqpi.engine.trainer |   new best composite=0.7612
10:41:50 | INFO    | holoqpi.engine.trainer | epoch 7/60 (84s = 29s train + 55s val) | train_loss=0.6993  val_phase_mae=0.1936  val_dice=0.7767  val_cls_acc=nan  val_mass_mape=0.2258
10:41:51 | INFO    | holoqpi.engine.trainer |   epoch 8 step 0/140 loss=0.8262
10:41:55 | INFO    | holoqpi.engine.trainer |   epoch 8 step 20/140 loss=0.5117
10:41:59 | INFO    | holoqpi.engine.trainer |   epoch 8 step 40/140 loss=0.5728
10:42:03 | INFO    | holoqpi.engine.trainer |   epoch 8 step 60/140 loss=0.5828
10:42:07 | INFO    | holoqpi.engine.trainer |   epoch 8 step 80/140 loss=0.7755
10:42:11 | INFO    | holoqpi.engine.trainer |   epoch 8 step 100/140 loss=0.7778
10:42:15 | INFO    | holoqpi.engine.trainer |   epoch 8 step 120/140 loss=0.5679
10:43:14 | INFO    | holoqpi.engine.trainer |   new best composite=0.7661
10:43:14 | INFO    | holoqpi.engine.trainer | epoch 8/60 (84s = 29s train + 55s val) | train_loss=0.6919  val_phase_mae=0.1867  val_dice=0.7936  val_cls_acc=nan  val_mass_mape=0.2506
10:43:15 | INFO    | holoqpi.engine.trainer |   epoch 9 step 0/140 loss=0.5463
10:43:19 | INFO    | holoqpi.engine.trainer |   epoch 9 step 20/140 loss=0.9337
10:43:23 | INFO    | holoqpi.engine.trainer |   epoch 9 step 40/140 loss=0.7593
10:43:27 | INFO    | holoqpi.engine.trainer |   epoch 9 step 60/140 loss=0.6785
10:43:31 | INFO    | holoqpi.engine.trainer |   epoch 9 step 80/140 loss=0.4842
10:43:35 | INFO    | holoqpi.engine.trainer |   epoch 9 step 100/140 loss=0.5594
10:43:40 | INFO    | holoqpi.engine.trainer |   epoch 9 step 120/140 loss=0.6081
10:44:37 | INFO    | holoqpi.engine.trainer |   new best composite=0.7747
10:44:37 | INFO    | holoqpi.engine.trainer | epoch 9/60 (82s = 29s train + 53s val) | train_loss=0.6769  val_phase_mae=0.1867  val_dice=0.7923  val_cls_acc=nan  val_mass_mape=0.2236
10:44:38 | INFO    | holoqpi.engine.trainer |   epoch 10 step 0/140 loss=0.6463
10:44:42 | INFO    | holoqpi.engine.trainer |   epoch 10 step 20/140 loss=0.7954
10:44:46 | INFO    | holoqpi.engine.trainer |   epoch 10 step 40/140 loss=0.5399
10:44:50 | INFO    | holoqpi.engine.trainer |   epoch 10 step 60/140 loss=0.5214
10:44:54 | INFO    | holoqpi.engine.trainer |   epoch 10 step 80/140 loss=0.4483
10:44:58 | INFO    | holoqpi.engine.trainer |   epoch 10 step 100/140 loss=1.0119
10:45:02 | INFO    | holoqpi.engine.trainer |   epoch 10 step 120/140 loss=0.6145
10:45:59 | INFO    | holoqpi.engine.trainer | epoch 10/60 (82s = 29s train + 53s val) | train_loss=0.6430  val_phase_mae=0.1842  val_dice=0.7909  val_cls_acc=nan  val_mass_mape=0.2589
10:46:00 | INFO    | holoqpi.engine.trainer |   epoch 11 step 0/140 loss=0.4303
10:46:04 | INFO    | holoqpi.engine.trainer |   epoch 11 step 20/140 loss=0.5971
10:46:08 | INFO    | holoqpi.engine.trainer |   epoch 11 step 40/140 loss=0.6746
10:46:12 | INFO    | holoqpi.engine.trainer |   epoch 11 step 60/140 loss=0.4825
10:46:16 | INFO    | holoqpi.engine.trainer |   epoch 11 step 80/140 loss=0.6236
10:46:20 | INFO    | holoqpi.engine.trainer |   epoch 11 step 100/140 loss=0.4989
10:46:24 | INFO    | holoqpi.engine.trainer |   epoch 11 step 120/140 loss=0.7106
10:47:21 | INFO    | holoqpi.engine.trainer |   new best composite=0.7761
10:47:21 | INFO    | holoqpi.engine.trainer | epoch 11/60 (82s = 29s train + 53s val) | train_loss=0.6085  val_phase_mae=0.1859  val_dice=0.8006  val_cls_acc=nan  val_mass_mape=0.2371
10:47:22 | INFO    | holoqpi.engine.trainer |   epoch 12 step 0/140 loss=0.4491
10:47:26 | INFO    | holoqpi.engine.trainer |   epoch 12 step 20/140 loss=0.4585
10:47:30 | INFO    | holoqpi.engine.trainer |   epoch 12 step 40/140 loss=0.6028
10:47:34 | INFO    | holoqpi.engine.trainer |   epoch 12 step 60/140 loss=0.5732
10:47:38 | INFO    | holoqpi.engine.trainer |   epoch 12 step 80/140 loss=0.6314
10:47:42 | INFO    | holoqpi.engine.trainer |   epoch 12 step 100/140 loss=0.5204
10:47:46 | INFO    | holoqpi.engine.trainer |   epoch 12 step 120/140 loss=0.5660
10:48:42 | INFO    | holoqpi.engine.trainer | epoch 12/60 (81s = 29s train + 53s val) | train_loss=0.5897  val_phase_mae=0.1834  val_dice=0.7983  val_cls_acc=nan  val_mass_mape=0.2509
10:48:43 | INFO    | holoqpi.engine.trainer |   epoch 13 step 0/140 loss=0.5522
10:48:47 | INFO    | holoqpi.engine.trainer |   epoch 13 step 20/140 loss=0.5441
10:48:51 | INFO    | holoqpi.engine.trainer |   epoch 13 step 40/140 loss=0.6768
10:48:55 | INFO    | holoqpi.engine.trainer |   epoch 13 step 60/140 loss=0.5698
10:48:59 | INFO    | holoqpi.engine.trainer |   epoch 13 step 80/140 loss=0.6132
10:49:03 | INFO    | holoqpi.engine.trainer |   epoch 13 step 100/140 loss=0.8471
10:49:07 | INFO    | holoqpi.engine.trainer |   epoch 13 step 120/140 loss=0.4447
10:50:05 | INFO    | holoqpi.engine.trainer |   new best composite=0.7813
10:50:05 | INFO    | holoqpi.engine.trainer | epoch 13/60 (82s = 29s train + 53s val) | train_loss=0.5926  val_phase_mae=0.1786  val_dice=0.8028  val_cls_acc=nan  val_mass_mape=0.2360
10:50:06 | INFO    | holoqpi.engine.trainer |   epoch 14 step 0/140 loss=0.5105
10:50:10 | INFO    | holoqpi.engine.trainer |   epoch 14 step 20/140 loss=0.5581
10:50:14 | INFO    | holoqpi.engine.trainer |   epoch 14 step 40/140 loss=0.4902
10:50:18 | INFO    | holoqpi.engine.trainer |   epoch 14 step 60/140 loss=0.9857
10:50:22 | INFO    | holoqpi.engine.trainer |   epoch 14 step 80/140 loss=0.5616
10:50:26 | INFO    | holoqpi.engine.trainer |   epoch 14 step 100/140 loss=0.6326
10:50:30 | INFO    | holoqpi.engine.trainer |   epoch 14 step 120/140 loss=0.5385
10:51:27 | INFO    | holoqpi.engine.trainer | epoch 14/60 (82s = 29s train + 53s val) | train_loss=0.6016  val_phase_mae=0.1842  val_dice=0.8099  val_cls_acc=nan  val_mass_mape=0.2695
10:51:28 | INFO    | holoqpi.engine.trainer |   epoch 15 step 0/140 loss=1.0442
10:51:32 | INFO    | holoqpi.engine.trainer |   epoch 15 step 20/140 loss=0.5151
10:51:36 | INFO    | holoqpi.engine.trainer |   epoch 15 step 40/140 loss=0.4406
10:51:40 | INFO    | holoqpi.engine.trainer |   epoch 15 step 60/140 loss=0.3846
10:51:44 | INFO    | holoqpi.engine.trainer |   epoch 15 step 80/140 loss=0.6613
10:51:48 | INFO    | holoqpi.engine.trainer |   epoch 15 step 100/140 loss=0.5540
10:51:52 | INFO    | holoqpi.engine.trainer |   epoch 15 step 120/140 loss=0.6396
10:52:49 | INFO    | holoqpi.engine.trainer |   new best composite=0.7825
10:52:49 | INFO    | holoqpi.engine.trainer | epoch 15/60 (82s = 29s train + 53s val) | train_loss=0.5703  val_phase_mae=0.1809  val_dice=0.8009  val_cls_acc=nan  val_mass_mape=0.2255
10:52:50 | INFO    | holoqpi.engine.trainer |   epoch 16 step 0/140 loss=0.5246
10:52:54 | INFO    | holoqpi.engine.trainer |   epoch 16 step 20/140 loss=0.5563
10:52:58 | INFO    | holoqpi.engine.trainer |   epoch 16 step 40/140 loss=0.5219
10:53:02 | INFO    | holoqpi.engine.trainer |   epoch 16 step 60/140 loss=0.4913
10:53:06 | INFO    | holoqpi.engine.trainer |   epoch 16 step 80/140 loss=0.6151
10:53:10 | INFO    | holoqpi.engine.trainer |   epoch 16 step 100/140 loss=0.5411
10:53:14 | INFO    | holoqpi.engine.trainer |   epoch 16 step 120/140 loss=0.7405
10:54:12 | INFO    | holoqpi.engine.trainer |   new best composite=0.7940
10:54:12 | INFO    | holoqpi.engine.trainer | epoch 16/60 (83s = 29s train + 53s val) | train_loss=0.5481  val_phase_mae=0.1736  val_dice=0.8142  val_cls_acc=nan  val_mass_mape=0.2153
10:54:13 | INFO    | holoqpi.engine.trainer |   epoch 17 step 0/140 loss=0.5902
10:54:17 | INFO    | holoqpi.engine.trainer |   epoch 17 step 20/140 loss=0.4161
10:54:20 | INFO    | holoqpi.engine.trainer |   epoch 17 step 40/140 loss=0.4127
10:54:25 | INFO    | holoqpi.engine.trainer |   epoch 17 step 60/140 loss=0.6144
10:54:29 | INFO    | holoqpi.engine.trainer |   epoch 17 step 80/140 loss=0.4778
10:54:33 | INFO    | holoqpi.engine.trainer |   epoch 17 step 100/140 loss=0.5606
10:54:37 | INFO    | holoqpi.engine.trainer |   epoch 17 step 120/140 loss=0.4580
10:55:34 | INFO    | holoqpi.engine.trainer | epoch 17/60 (82s = 29s train + 53s val) | train_loss=0.5521  val_phase_mae=0.1783  val_dice=0.8077  val_cls_acc=nan  val_mass_mape=0.2299
10:55:35 | INFO    | holoqpi.engine.trainer |   epoch 18 step 0/140 loss=0.4802
10:55:39 | INFO    | holoqpi.engine.trainer |   epoch 18 step 20/140 loss=0.5866
10:55:42 | INFO    | holoqpi.engine.trainer |   epoch 18 step 40/140 loss=0.6128
10:55:46 | INFO    | holoqpi.engine.trainer |   epoch 18 step 60/140 loss=0.6603
10:55:50 | INFO    | holoqpi.engine.trainer |   epoch 18 step 80/140 loss=0.5034
10:55:54 | INFO    | holoqpi.engine.trainer |   epoch 18 step 100/140 loss=0.5207
10:55:58 | INFO    | holoqpi.engine.trainer |   epoch 18 step 120/140 loss=0.6459
10:56:57 | INFO    | holoqpi.engine.trainer | epoch 18/60 (83s = 29s train + 55s val) | train_loss=0.5355  val_phase_mae=0.1828  val_dice=0.8133  val_cls_acc=nan  val_mass_mape=0.3216
10:56:58 | INFO    | holoqpi.engine.trainer |   epoch 19 step 0/140 loss=0.4332
10:57:02 | INFO    | holoqpi.engine.trainer |   epoch 19 step 20/140 loss=0.5534
10:57:06 | INFO    | holoqpi.engine.trainer |   epoch 19 step 40/140 loss=0.8001
10:57:10 | INFO    | holoqpi.engine.trainer |   epoch 19 step 60/140 loss=0.4096
10:57:14 | INFO    | holoqpi.engine.trainer |   epoch 19 step 80/140 loss=0.4601
10:57:18 | INFO    | holoqpi.engine.trainer |   epoch 19 step 100/140 loss=0.6985
10:57:22 | INFO    | holoqpi.engine.trainer |   epoch 19 step 120/140 loss=0.4122
10:58:19 | INFO    | holoqpi.engine.trainer | epoch 19/60 (82s = 29s train + 53s val) | train_loss=0.5413  val_phase_mae=0.1736  val_dice=0.8108  val_cls_acc=nan  val_mass_mape=0.2284
10:58:19 | INFO    | holoqpi.engine.trainer |   epoch 20 step 0/140 loss=0.4660
10:58:23 | INFO    | holoqpi.engine.trainer |   epoch 20 step 20/140 loss=0.4977
10:58:27 | INFO    | holoqpi.engine.trainer |   epoch 20 step 40/140 loss=0.4449
10:58:31 | INFO    | holoqpi.engine.trainer |   epoch 20 step 60/140 loss=0.5989
10:58:35 | INFO    | holoqpi.engine.trainer |   epoch 20 step 80/140 loss=0.4500
10:58:39 | INFO    | holoqpi.engine.trainer |   epoch 20 step 100/140 loss=0.4723
10:58:43 | INFO    | holoqpi.engine.trainer |   epoch 20 step 120/140 loss=0.4653
10:59:40 | INFO    | holoqpi.engine.trainer | epoch 20/60 (81s = 29s train + 53s val) | train_loss=0.5487  val_phase_mae=0.1795  val_dice=0.8122  val_cls_acc=nan  val_mass_mape=0.3102
10:59:41 | INFO    | holoqpi.engine.trainer |   epoch 21 step 0/140 loss=0.5318
10:59:45 | INFO    | holoqpi.engine.trainer |   epoch 21 step 20/140 loss=0.4876
10:59:49 | INFO    | holoqpi.engine.trainer |   epoch 21 step 40/140 loss=0.5854
10:59:53 | INFO    | holoqpi.engine.trainer |   epoch 21 step 60/140 loss=0.5705
10:59:57 | INFO    | holoqpi.engine.trainer |   epoch 21 step 80/140 loss=0.4219
11:00:01 | INFO    | holoqpi.engine.trainer |   epoch 21 step 100/140 loss=0.4405
11:00:05 | INFO    | holoqpi.engine.trainer |   epoch 21 step 120/140 loss=0.5199
11:01:02 | INFO    | holoqpi.engine.trainer | epoch 21/60 (82s = 29s train + 54s val) | train_loss=0.5269  val_phase_mae=0.1751  val_dice=0.8141  val_cls_acc=nan  val_mass_mape=0.2820
11:01:03 | INFO    | holoqpi.engine.trainer |   epoch 22 step 0/140 loss=0.4596
11:01:07 | INFO    | holoqpi.engine.trainer |   epoch 22 step 20/140 loss=0.5614
11:01:11 | INFO    | holoqpi.engine.trainer |   epoch 22 step 40/140 loss=0.4387
11:01:15 | INFO    | holoqpi.engine.trainer |   epoch 22 step 60/140 loss=0.3483
11:01:19 | INFO    | holoqpi.engine.trainer |   epoch 22 step 80/140 loss=0.4291
11:01:23 | INFO    | holoqpi.engine.trainer |   epoch 22 step 100/140 loss=0.6258
11:01:27 | INFO    | holoqpi.engine.trainer |   epoch 22 step 120/140 loss=0.5734
11:02:23 | INFO    | holoqpi.engine.trainer |   new best composite=0.7952
11:02:23 | INFO    | holoqpi.engine.trainer | epoch 22/60 (81s = 29s train + 52s val) | train_loss=0.5150  val_phase_mae=0.1737  val_dice=0.8150  val_cls_acc=nan  val_mass_mape=0.2121
11:02:24 | INFO    | holoqpi.engine.trainer |   epoch 23 step 0/140 loss=0.3874
11:02:28 | INFO    | holoqpi.engine.trainer |   epoch 23 step 20/140 loss=0.4847
11:02:32 | INFO    | holoqpi.engine.trainer |   epoch 23 step 40/140 loss=0.5228
11:02:36 | INFO    | holoqpi.engine.trainer |   epoch 23 step 60/140 loss=0.5713
11:02:40 | INFO    | holoqpi.engine.trainer |   epoch 23 step 80/140 loss=0.5788
11:02:44 | INFO    | holoqpi.engine.trainer |   epoch 23 step 100/140 loss=0.5207
11:02:49 | INFO    | holoqpi.engine.trainer |   epoch 23 step 120/140 loss=0.5428
11:03:46 | INFO    | holoqpi.engine.trainer | epoch 23/60 (83s = 29s train + 54s val) | train_loss=0.5083  val_phase_mae=0.1735  val_dice=0.8145  val_cls_acc=nan  val_mass_mape=0.2243
11:03:47 | INFO    | holoqpi.engine.trainer |   epoch 24 step 0/140 loss=0.4810
11:03:51 | INFO    | holoqpi.engine.trainer |   epoch 24 step 20/140 loss=0.5594
11:03:55 | INFO    | holoqpi.engine.trainer |   epoch 24 step 40/140 loss=0.6183
11:03:59 | INFO    | holoqpi.engine.trainer |   epoch 24 step 60/140 loss=0.4484
11:04:03 | INFO    | holoqpi.engine.trainer |   epoch 24 step 80/140 loss=0.4329
11:04:07 | INFO    | holoqpi.engine.trainer |   epoch 24 step 100/140 loss=0.3906
11:04:11 | INFO    | holoqpi.engine.trainer |   epoch 24 step 120/140 loss=0.4777
11:05:08 | INFO    | holoqpi.engine.trainer | epoch 24/60 (81s = 29s train + 52s val) | train_loss=0.5103  val_phase_mae=0.1742  val_dice=0.8147  val_cls_acc=nan  val_mass_mape=0.2223
11:05:09 | INFO    | holoqpi.engine.trainer |   epoch 25 step 0/140 loss=0.3976
11:05:13 | INFO    | holoqpi.engine.trainer |   epoch 25 step 20/140 loss=0.5211
11:05:16 | INFO    | holoqpi.engine.trainer |   epoch 25 step 40/140 loss=0.4233
11:05:20 | INFO    | holoqpi.engine.trainer |   epoch 25 step 60/140 loss=0.4575
11:05:24 | INFO    | holoqpi.engine.trainer |   epoch 25 step 80/140 loss=0.6709
11:05:29 | INFO    | holoqpi.engine.trainer |   epoch 25 step 100/140 loss=0.5225
11:05:33 | INFO    | holoqpi.engine.trainer |   epoch 25 step 120/140 loss=0.5652
11:06:29 | INFO    | holoqpi.engine.trainer |   new best composite=0.7956
11:06:29 | INFO    | holoqpi.engine.trainer | epoch 25/60 (81s = 29s train + 52s val) | train_loss=0.4930  val_phase_mae=0.1775  val_dice=0.8148  val_cls_acc=nan  val_mass_mape=0.2094
11:06:30 | INFO    | holoqpi.engine.trainer |   epoch 26 step 0/140 loss=0.4574
11:06:34 | INFO    | holoqpi.engine.trainer |   epoch 26 step 20/140 loss=0.4905
11:06:38 | INFO    | holoqpi.engine.trainer |   epoch 26 step 40/140 loss=0.4906
11:06:42 | INFO    | holoqpi.engine.trainer |   epoch 26 step 60/140 loss=0.4708
11:06:46 | INFO    | holoqpi.engine.trainer |   epoch 26 step 80/140 loss=0.5723
11:06:50 | INFO    | holoqpi.engine.trainer |   epoch 26 step 100/140 loss=0.6157
11:06:54 | INFO    | holoqpi.engine.trainer |   epoch 26 step 120/140 loss=0.4402
11:07:50 | INFO    | holoqpi.engine.trainer | epoch 26/60 (81s = 29s train + 52s val) | train_loss=0.5054  val_phase_mae=0.1920  val_dice=0.8182  val_cls_acc=nan  val_mass_mape=0.3584
11:07:51 | INFO    | holoqpi.engine.trainer |   epoch 27 step 0/140 loss=0.4541
11:07:55 | INFO    | holoqpi.engine.trainer |   epoch 27 step 20/140 loss=0.6542
11:07:59 | INFO    | holoqpi.engine.trainer |   epoch 27 step 40/140 loss=0.4567
11:08:03 | INFO    | holoqpi.engine.trainer |   epoch 27 step 60/140 loss=0.4402
11:08:07 | INFO    | holoqpi.engine.trainer |   epoch 27 step 80/140 loss=0.5990
11:08:11 | INFO    | holoqpi.engine.trainer |   epoch 27 step 100/140 loss=0.4450
11:08:15 | INFO    | holoqpi.engine.trainer |   epoch 27 step 120/140 loss=0.6441
11:09:11 | INFO    | holoqpi.engine.trainer | epoch 27/60 (81s = 29s train + 52s val) | train_loss=0.5010  val_phase_mae=0.1836  val_dice=0.8074  val_cls_acc=nan  val_mass_mape=0.2469
11:09:12 | INFO    | holoqpi.engine.trainer |   epoch 28 step 0/140 loss=0.6272
11:09:16 | INFO    | holoqpi.engine.trainer |   epoch 28 step 20/140 loss=0.5301
11:09:20 | INFO    | holoqpi.engine.trainer |   epoch 28 step 40/140 loss=0.6756
11:09:24 | INFO    | holoqpi.engine.trainer |   epoch 28 step 60/140 loss=0.4046
11:09:28 | INFO    | holoqpi.engine.trainer |   epoch 28 step 80/140 loss=0.4093
11:09:32 | INFO    | holoqpi.engine.trainer |   epoch 28 step 100/140 loss=0.4215
11:09:36 | INFO    | holoqpi.engine.trainer |   epoch 28 step 120/140 loss=0.5335
11:10:32 | INFO    | holoqpi.engine.trainer | epoch 28/60 (81s = 29s train + 52s val) | train_loss=0.4915  val_phase_mae=0.1819  val_dice=0.8205  val_cls_acc=nan  val_mass_mape=0.2366
11:10:33 | INFO    | holoqpi.engine.trainer |   epoch 29 step 0/140 loss=0.4948
11:10:37 | INFO    | holoqpi.engine.trainer |   epoch 29 step 20/140 loss=0.5265
11:10:41 | INFO    | holoqpi.engine.trainer |   epoch 29 step 40/140 loss=0.6131
11:10:45 | INFO    | holoqpi.engine.trainer |   epoch 29 step 60/140 loss=0.4553
11:10:49 | INFO    | holoqpi.engine.trainer |   epoch 29 step 80/140 loss=0.5680
11:10:53 | INFO    | holoqpi.engine.trainer |   epoch 29 step 100/140 loss=0.4750
11:10:58 | INFO    | holoqpi.engine.trainer |   epoch 29 step 120/140 loss=0.3940
11:11:54 | INFO    | holoqpi.engine.trainer |   new best composite=0.7960
11:11:54 | INFO    | holoqpi.engine.trainer | epoch 29/60 (82s = 29s train + 53s val) | train_loss=0.4797  val_phase_mae=0.1735  val_dice=0.8185  val_cls_acc=nan  val_mass_mape=0.2196
11:11:55 | INFO    | holoqpi.engine.trainer |   epoch 30 step 0/140 loss=0.4076
11:11:59 | INFO    | holoqpi.engine.trainer |   epoch 30 step 20/140 loss=0.3530
11:12:03 | INFO    | holoqpi.engine.trainer |   epoch 30 step 40/140 loss=0.3789
11:12:07 | INFO    | holoqpi.engine.trainer |   epoch 30 step 60/140 loss=0.3782
11:12:11 | INFO    | holoqpi.engine.trainer |   epoch 30 step 80/140 loss=0.4554
11:12:15 | INFO    | holoqpi.engine.trainer |   epoch 30 step 100/140 loss=0.4430
11:12:19 | INFO    | holoqpi.engine.trainer |   epoch 30 step 120/140 loss=0.3501
11:13:15 | INFO    | holoqpi.engine.trainer |   new best composite=0.7969
11:13:15 | INFO    | holoqpi.engine.trainer | epoch 30/60 (81s = 29s train + 52s val) | train_loss=0.4691  val_phase_mae=0.1726  val_dice=0.8158  val_cls_acc=nan  val_mass_mape=0.2146
11:13:16 | INFO    | holoqpi.engine.trainer |   epoch 31 step 0/140 loss=0.6301
11:13:20 | INFO    | holoqpi.engine.trainer |   epoch 31 step 20/140 loss=0.4240
11:13:24 | INFO    | holoqpi.engine.trainer |   epoch 31 step 40/140 loss=0.5764
11:13:28 | INFO    | holoqpi.engine.trainer |   epoch 31 step 60/140 loss=0.5599
11:13:32 | INFO    | holoqpi.engine.trainer |   epoch 31 step 80/140 loss=0.4122
11:13:36 | INFO    | holoqpi.engine.trainer |   epoch 31 step 100/140 loss=0.3604
11:13:40 | INFO    | holoqpi.engine.trainer |   epoch 31 step 120/140 loss=0.4291
11:14:37 | INFO    | holoqpi.engine.trainer |   new best composite=0.8007
11:14:37 | INFO    | holoqpi.engine.trainer | epoch 31/60 (81s = 29s train + 52s val) | train_loss=0.4831  val_phase_mae=0.1725  val_dice=0.8192  val_cls_acc=nan  val_mass_mape=0.2104
11:14:38 | INFO    | holoqpi.engine.trainer |   epoch 32 step 0/140 loss=0.3860
11:14:42 | INFO    | holoqpi.engine.trainer |   epoch 32 step 20/140 loss=0.4854
11:14:45 | INFO    | holoqpi.engine.trainer |   epoch 32 step 40/140 loss=0.4389
11:14:49 | INFO    | holoqpi.engine.trainer |   epoch 32 step 60/140 loss=0.3705
11:14:53 | INFO    | holoqpi.engine.trainer |   epoch 32 step 80/140 loss=0.4107
11:14:57 | INFO    | holoqpi.engine.trainer |   epoch 32 step 100/140 loss=0.4426
11:15:01 | INFO    | holoqpi.engine.trainer |   epoch 32 step 120/140 loss=0.4518
11:15:57 | INFO    | holoqpi.engine.trainer | epoch 32/60 (81s = 29s train + 52s val) | train_loss=0.4575  val_phase_mae=0.1809  val_dice=0.8177  val_cls_acc=nan  val_mass_mape=0.2431
11:15:58 | INFO    | holoqpi.engine.trainer |   epoch 33 step 0/140 loss=0.4711
11:16:02 | INFO    | holoqpi.engine.trainer |   epoch 33 step 20/140 loss=0.4817
11:16:06 | INFO    | holoqpi.engine.trainer |   epoch 33 step 40/140 loss=0.5825
11:16:10 | INFO    | holoqpi.engine.trainer |   epoch 33 step 60/140 loss=0.3864
11:16:14 | INFO    | holoqpi.engine.trainer |   epoch 33 step 80/140 loss=0.5682
11:16:18 | INFO    | holoqpi.engine.trainer |   epoch 33 step 100/140 loss=0.5227
11:16:22 | INFO    | holoqpi.engine.trainer |   epoch 33 step 120/140 loss=0.4742
11:17:19 | INFO    | holoqpi.engine.trainer |   new best composite=0.8010
11:17:19 | INFO    | holoqpi.engine.trainer | epoch 33/60 (81s = 29s train + 52s val) | train_loss=0.4611  val_phase_mae=0.1710  val_dice=0.8195  val_cls_acc=nan  val_mass_mape=0.2129
11:17:20 | INFO    | holoqpi.engine.trainer |   epoch 34 step 0/140 loss=0.3733
11:17:24 | INFO    | holoqpi.engine.trainer |   epoch 34 step 20/140 loss=0.4025
11:17:28 | INFO    | holoqpi.engine.trainer |   epoch 34 step 40/140 loss=0.5208
11:17:32 | INFO    | holoqpi.engine.trainer |   epoch 34 step 60/140 loss=0.5622
11:17:36 | INFO    | holoqpi.engine.trainer |   epoch 34 step 80/140 loss=0.5015
11:17:39 | INFO    | holoqpi.engine.trainer |   epoch 34 step 100/140 loss=0.4565
11:17:43 | INFO    | holoqpi.engine.trainer |   epoch 34 step 120/140 loss=0.4476
11:18:41 | INFO    | holoqpi.engine.trainer | epoch 34/60 (83s = 29s train + 54s val) | train_loss=0.4567  val_phase_mae=0.1711  val_dice=0.8215  val_cls_acc=nan  val_mass_mape=0.2172
11:18:43 | INFO    | holoqpi.engine.trainer |   epoch 35 step 0/140 loss=0.4696
11:18:46 | INFO    | holoqpi.engine.trainer |   epoch 35 step 20/140 loss=0.4208
11:18:50 | INFO    | holoqpi.engine.trainer |   epoch 35 step 40/140 loss=0.4501
11:18:54 | INFO    | holoqpi.engine.trainer |   epoch 35 step 60/140 loss=0.4760
11:18:58 | INFO    | holoqpi.engine.trainer |   epoch 35 step 80/140 loss=0.5296
11:19:02 | INFO    | holoqpi.engine.trainer |   epoch 35 step 100/140 loss=0.3974
11:19:06 | INFO    | holoqpi.engine.trainer |   epoch 35 step 120/140 loss=0.5054
11:20:03 | INFO    | holoqpi.engine.trainer |   new best composite=0.8026
11:20:03 | INFO    | holoqpi.engine.trainer | epoch 35/60 (81s = 29s train + 52s val) | train_loss=0.4674  val_phase_mae=0.1707  val_dice=0.8224  val_cls_acc=nan  val_mass_mape=0.2097
11:20:04 | INFO    | holoqpi.engine.trainer |   epoch 36 step 0/140 loss=0.4296
11:20:08 | INFO    | holoqpi.engine.trainer |   epoch 36 step 20/140 loss=0.4957
11:20:12 | INFO    | holoqpi.engine.trainer |   epoch 36 step 40/140 loss=0.3712
11:20:16 | INFO    | holoqpi.engine.trainer |   epoch 36 step 60/140 loss=0.3842
11:20:20 | INFO    | holoqpi.engine.trainer |   epoch 36 step 80/140 loss=0.4810
11:20:24 | INFO    | holoqpi.engine.trainer |   epoch 36 step 100/140 loss=0.4908
11:20:28 | INFO    | holoqpi.engine.trainer |   epoch 36 step 120/140 loss=0.3855
11:21:25 | INFO    | holoqpi.engine.trainer |   new best composite=0.8036
11:21:25 | INFO    | holoqpi.engine.trainer | epoch 36/60 (82s = 29s train + 53s val) | train_loss=0.4506  val_phase_mae=0.1648  val_dice=0.8209  val_cls_acc=nan  val_mass_mape=0.2048
11:21:26 | INFO    | holoqpi.engine.trainer |   epoch 37 step 0/140 loss=0.4818
11:21:30 | INFO    | holoqpi.engine.trainer |   epoch 37 step 20/140 loss=0.4225
11:21:34 | INFO    | holoqpi.engine.trainer |   epoch 37 step 40/140 loss=0.3364
11:21:38 | INFO    | holoqpi.engine.trainer |   epoch 37 step 60/140 loss=0.3398
11:21:42 | INFO    | holoqpi.engine.trainer |   epoch 37 step 80/140 loss=0.3930
11:21:46 | INFO    | holoqpi.engine.trainer |   epoch 37 step 100/140 loss=0.4262
11:21:50 | INFO    | holoqpi.engine.trainer |   epoch 37 step 120/140 loss=0.3628
11:22:46 | INFO    | holoqpi.engine.trainer | epoch 37/60 (81s = 29s train + 52s val) | train_loss=0.4501  val_phase_mae=0.1687  val_dice=0.8211  val_cls_acc=nan  val_mass_mape=0.2079
11:22:47 | INFO    | holoqpi.engine.trainer |   epoch 38 step 0/140 loss=0.6138
11:22:51 | INFO    | holoqpi.engine.trainer |   epoch 38 step 20/140 loss=0.4083
11:22:55 | INFO    | holoqpi.engine.trainer |   epoch 38 step 40/140 loss=0.4251
11:22:59 | INFO    | holoqpi.engine.trainer |   epoch 38 step 60/140 loss=0.3912
11:23:03 | INFO    | holoqpi.engine.trainer |   epoch 38 step 80/140 loss=0.4064
11:23:07 | INFO    | holoqpi.engine.trainer |   epoch 38 step 100/140 loss=0.5970
11:23:11 | INFO    | holoqpi.engine.trainer |   epoch 38 step 120/140 loss=0.4196
11:24:07 | INFO    | holoqpi.engine.trainer | epoch 38/60 (81s = 29s train + 52s val) | train_loss=0.4553  val_phase_mae=0.1705  val_dice=0.8186  val_cls_acc=nan  val_mass_mape=0.2123
11:24:08 | INFO    | holoqpi.engine.trainer |   epoch 39 step 0/140 loss=0.3645
11:24:12 | INFO    | holoqpi.engine.trainer |   epoch 39 step 20/140 loss=0.3927
11:24:16 | INFO    | holoqpi.engine.trainer |   epoch 39 step 40/140 loss=0.4418
11:24:20 | INFO    | holoqpi.engine.trainer |   epoch 39 step 60/140 loss=0.3347
11:24:24 | INFO    | holoqpi.engine.trainer |   epoch 39 step 80/140 loss=0.4424
11:24:28 | INFO    | holoqpi.engine.trainer |   epoch 39 step 100/140 loss=0.4452
11:24:32 | INFO    | holoqpi.engine.trainer |   epoch 39 step 120/140 loss=0.3673
11:25:28 | INFO    | holoqpi.engine.trainer | epoch 39/60 (81s = 28s train + 52s val) | train_loss=0.4427  val_phase_mae=0.1766  val_dice=0.8203  val_cls_acc=nan  val_mass_mape=0.2164
11:25:29 | INFO    | holoqpi.engine.trainer |   epoch 40 step 0/140 loss=0.4055
11:25:32 | INFO    | holoqpi.engine.trainer |   epoch 40 step 20/140 loss=0.3718
11:25:36 | INFO    | holoqpi.engine.trainer |   epoch 40 step 40/140 loss=0.3977
11:25:40 | INFO    | holoqpi.engine.trainer |   epoch 40 step 60/140 loss=0.4668
11:25:44 | INFO    | holoqpi.engine.trainer |   epoch 40 step 80/140 loss=0.3783
11:25:49 | INFO    | holoqpi.engine.trainer |   epoch 40 step 100/140 loss=0.4373
11:25:53 | INFO    | holoqpi.engine.trainer |   epoch 40 step 120/140 loss=0.4795
11:26:49 | INFO    | holoqpi.engine.trainer | epoch 40/60 (81s = 29s train + 52s val) | train_loss=0.4389  val_phase_mae=0.1734  val_dice=0.8218  val_cls_acc=nan  val_mass_mape=0.2105
11:26:50 | INFO    | holoqpi.engine.trainer |   epoch 41 step 0/140 loss=0.4734
11:26:54 | INFO    | holoqpi.engine.trainer |   epoch 41 step 20/140 loss=0.4245
11:26:58 | INFO    | holoqpi.engine.trainer |   epoch 41 step 40/140 loss=0.4037
11:27:02 | INFO    | holoqpi.engine.trainer |   epoch 41 step 60/140 loss=0.3358
11:27:06 | INFO    | holoqpi.engine.trainer |   epoch 41 step 80/140 loss=0.4318
11:27:10 | INFO    | holoqpi.engine.trainer |   epoch 41 step 100/140 loss=0.4712
11:27:14 | INFO    | holoqpi.engine.trainer |   epoch 41 step 120/140 loss=0.5232
11:28:09 | INFO    | holoqpi.engine.trainer | epoch 41/60 (81s = 29s train + 52s val) | train_loss=0.4364  val_phase_mae=0.1724  val_dice=0.8206  val_cls_acc=nan  val_mass_mape=0.2093
11:28:10 | INFO    | holoqpi.engine.trainer |   epoch 42 step 0/140 loss=0.3909
11:28:14 | INFO    | holoqpi.engine.trainer |   epoch 42 step 20/140 loss=0.4015
11:28:18 | INFO    | holoqpi.engine.trainer |   epoch 42 step 40/140 loss=0.3872
11:28:22 | INFO    | holoqpi.engine.trainer |   epoch 42 step 60/140 loss=0.4569
11:28:26 | INFO    | holoqpi.engine.trainer |   epoch 42 step 80/140 loss=0.3683
11:28:30 | INFO    | holoqpi.engine.trainer |   epoch 42 step 100/140 loss=0.4402
11:28:34 | INFO    | holoqpi.engine.trainer |   epoch 42 step 120/140 loss=0.4229
11:29:30 | INFO    | holoqpi.engine.trainer | epoch 42/60 (81s = 29s train + 52s val) | train_loss=0.4397  val_phase_mae=0.1728  val_dice=0.8238  val_cls_acc=nan  val_mass_mape=0.2065
11:29:31 | INFO    | holoqpi.engine.trainer |   epoch 43 step 0/140 loss=0.3844
11:29:35 | INFO    | holoqpi.engine.trainer |   epoch 43 step 20/140 loss=0.3786
11:29:39 | INFO    | holoqpi.engine.trainer |   epoch 43 step 40/140 loss=0.4838
11:29:43 | INFO    | holoqpi.engine.trainer |   epoch 43 step 60/140 loss=0.4284
11:29:47 | INFO    | holoqpi.engine.trainer |   epoch 43 step 80/140 loss=0.3893
11:29:51 | INFO    | holoqpi.engine.trainer |   epoch 43 step 100/140 loss=0.4048
11:29:55 | INFO    | holoqpi.engine.trainer |   epoch 43 step 120/140 loss=0.4545
11:30:52 | INFO    | holoqpi.engine.trainer |   new best composite=0.8073
11:30:52 | INFO    | holoqpi.engine.trainer | epoch 43/60 (82s = 29s train + 53s val) | train_loss=0.4341  val_phase_mae=0.1737  val_dice=0.8246  val_cls_acc=nan  val_mass_mape=0.1970
11:30:53 | INFO    | holoqpi.engine.trainer |   epoch 44 step 0/140 loss=0.3791
11:30:57 | INFO    | holoqpi.engine.trainer |   epoch 44 step 20/140 loss=0.3938
11:31:01 | INFO    | holoqpi.engine.trainer |   epoch 44 step 40/140 loss=0.4301
11:31:05 | INFO    | holoqpi.engine.trainer |   epoch 44 step 60/140 loss=0.4823
11:31:09 | INFO    | holoqpi.engine.trainer |   epoch 44 step 80/140 loss=0.3646
11:31:13 | INFO    | holoqpi.engine.trainer |   epoch 44 step 100/140 loss=0.4467
11:31:17 | INFO    | holoqpi.engine.trainer |   epoch 44 step 120/140 loss=0.4308
11:32:15 | INFO    | holoqpi.engine.trainer | epoch 44/60 (83s = 29s train + 54s val) | train_loss=0.4247  val_phase_mae=0.1751  val_dice=0.8250  val_cls_acc=nan  val_mass_mape=0.2048
11:32:16 | INFO    | holoqpi.engine.trainer |   epoch 45 step 0/140 loss=0.4785
11:32:20 | INFO    | holoqpi.engine.trainer |   epoch 45 step 20/140 loss=0.3934
11:32:24 | INFO    | holoqpi.engine.trainer |   epoch 45 step 40/140 loss=0.5340
11:32:28 | INFO    | holoqpi.engine.trainer |   epoch 45 step 60/140 loss=0.4600
11:32:32 | INFO    | holoqpi.engine.trainer |   epoch 45 step 80/140 loss=0.3657
11:32:36 | INFO    | holoqpi.engine.trainer |   epoch 45 step 100/140 loss=0.3390
11:32:40 | INFO    | holoqpi.engine.trainer |   epoch 45 step 120/140 loss=0.3635
11:33:36 | INFO    | holoqpi.engine.trainer |   new best composite=0.8083
11:33:36 | INFO    | holoqpi.engine.trainer | epoch 45/60 (80s = 29s train + 51s val) | train_loss=0.4163  val_phase_mae=0.1696  val_dice=0.8246  val_cls_acc=nan  val_mass_mape=0.1970
11:33:37 | INFO    | holoqpi.engine.trainer |   epoch 46 step 0/140 loss=0.4143
11:33:41 | INFO    | holoqpi.engine.trainer |   epoch 46 step 20/140 loss=0.3823
11:33:45 | INFO    | holoqpi.engine.trainer |   epoch 46 step 40/140 loss=0.3811
11:33:49 | INFO    | holoqpi.engine.trainer |   epoch 46 step 60/140 loss=0.3868
11:33:53 | INFO    | holoqpi.engine.trainer |   epoch 46 step 80/140 loss=0.4247
11:33:57 | INFO    | holoqpi.engine.trainer |   epoch 46 step 100/140 loss=0.3945
11:34:01 | INFO    | holoqpi.engine.trainer |   epoch 46 step 120/140 loss=0.4890
11:34:56 | INFO    | holoqpi.engine.trainer | epoch 46/60 (81s = 29s train + 52s val) | train_loss=0.4289  val_phase_mae=0.1721  val_dice=0.8227  val_cls_acc=nan  val_mass_mape=0.1940
11:34:57 | INFO    | holoqpi.engine.trainer |   epoch 47 step 0/140 loss=0.3981
11:35:02 | INFO    | holoqpi.engine.trainer |   epoch 47 step 20/140 loss=0.4387
11:35:06 | INFO    | holoqpi.engine.trainer |   epoch 47 step 40/140 loss=0.4090
11:35:10 | INFO    | holoqpi.engine.trainer |   epoch 47 step 60/140 loss=0.3421
11:35:14 | INFO    | holoqpi.engine.trainer |   epoch 47 step 80/140 loss=0.4826
11:35:18 | INFO    | holoqpi.engine.trainer |   epoch 47 step 100/140 loss=0.4238
11:35:22 | INFO    | holoqpi.engine.trainer |   epoch 47 step 120/140 loss=0.4534
11:36:17 | INFO    | holoqpi.engine.trainer | epoch 47/60 (81s = 29s train + 51s val) | train_loss=0.4201  val_phase_mae=0.1701  val_dice=0.8237  val_cls_acc=nan  val_mass_mape=0.1963
11:36:18 | INFO    | holoqpi.engine.trainer |   epoch 48 step 0/140 loss=0.4257
11:36:23 | INFO    | holoqpi.engine.trainer |   epoch 48 step 20/140 loss=0.6245
11:36:27 | INFO    | holoqpi.engine.trainer |   epoch 48 step 40/140 loss=0.4536
11:36:31 | INFO    | holoqpi.engine.trainer |   epoch 48 step 60/140 loss=0.4197
11:36:35 | INFO    | holoqpi.engine.trainer |   epoch 48 step 80/140 loss=0.3202
11:36:39 | INFO    | holoqpi.engine.trainer |   epoch 48 step 100/140 loss=0.4744
11:36:43 | INFO    | holoqpi.engine.trainer |   epoch 48 step 120/140 loss=0.5505
11:37:38 | INFO    | holoqpi.engine.trainer |   new best composite=0.8085
11:37:38 | INFO    | holoqpi.engine.trainer | epoch 48/60 (80s = 29s train + 51s val) | train_loss=0.4201  val_phase_mae=0.1689  val_dice=0.8240  val_cls_acc=nan  val_mass_mape=0.1964
11:37:39 | INFO    | holoqpi.engine.trainer |   epoch 49 step 0/140 loss=0.4818
11:37:44 | INFO    | holoqpi.engine.trainer |   epoch 49 step 20/140 loss=0.4114
11:37:48 | INFO    | holoqpi.engine.trainer |   epoch 49 step 40/140 loss=0.5511
11:37:52 | INFO    | holoqpi.engine.trainer |   epoch 49 step 60/140 loss=0.3998
11:37:56 | INFO    | holoqpi.engine.trainer |   epoch 49 step 80/140 loss=0.5247
11:38:00 | INFO    | holoqpi.engine.trainer |   epoch 49 step 100/140 loss=0.4442
11:38:04 | INFO    | holoqpi.engine.trainer |   epoch 49 step 120/140 loss=0.3652
11:38:59 | INFO    | holoqpi.engine.trainer |   new best composite=0.8090
11:38:59 | INFO    | holoqpi.engine.trainer | epoch 49/60 (81s = 29s train + 51s val) | train_loss=0.4194  val_phase_mae=0.1707  val_dice=0.8249  val_cls_acc=nan  val_mass_mape=0.1910
11:39:00 | INFO    | holoqpi.engine.trainer |   epoch 50 step 0/140 loss=0.4930
11:39:05 | INFO    | holoqpi.engine.trainer |   epoch 50 step 20/140 loss=0.3814
11:39:10 | INFO    | holoqpi.engine.trainer |   epoch 50 step 40/140 loss=0.4620
11:39:14 | INFO    | holoqpi.engine.trainer |   epoch 50 step 60/140 loss=0.3439
11:39:18 | INFO    | holoqpi.engine.trainer |   epoch 50 step 80/140 loss=0.5375
11:39:22 | INFO    | holoqpi.engine.trainer |   epoch 50 step 100/140 loss=0.3782
11:39:26 | INFO    | holoqpi.engine.trainer |   epoch 50 step 120/140 loss=0.5027
11:40:21 | INFO    | holoqpi.engine.trainer | epoch 50/60 (82s = 30s train + 52s val) | train_loss=0.4125  val_phase_mae=0.1724  val_dice=0.8248  val_cls_acc=nan  val_mass_mape=0.1939
11:40:22 | INFO    | holoqpi.engine.trainer |   epoch 51 step 0/140 loss=0.3547
11:40:26 | INFO    | holoqpi.engine.trainer |   epoch 51 step 20/140 loss=0.3670
11:40:30 | INFO    | holoqpi.engine.trainer |   epoch 51 step 40/140 loss=0.3574
11:40:35 | INFO    | holoqpi.engine.trainer |   epoch 51 step 60/140 loss=0.4030
11:40:39 | INFO    | holoqpi.engine.trainer |   epoch 51 step 80/140 loss=0.5312
11:40:43 | INFO    | holoqpi.engine.trainer |   epoch 51 step 100/140 loss=0.4642
11:40:47 | INFO    | holoqpi.engine.trainer |   epoch 51 step 120/140 loss=0.3486
11:41:43 | INFO    | holoqpi.engine.trainer | epoch 51/60 (82s = 30s train + 52s val) | train_loss=0.4065  val_phase_mae=0.1700  val_dice=0.8247  val_cls_acc=nan  val_mass_mape=0.1942
11:41:44 | INFO    | holoqpi.engine.trainer |   epoch 52 step 0/140 loss=0.3282
11:41:48 | INFO    | holoqpi.engine.trainer |   epoch 52 step 20/140 loss=0.3159
11:41:53 | INFO    | holoqpi.engine.trainer |   epoch 52 step 40/140 loss=0.3470
11:41:57 | INFO    | holoqpi.engine.trainer |   epoch 52 step 60/140 loss=0.4701
11:42:01 | INFO    | holoqpi.engine.trainer |   epoch 52 step 80/140 loss=0.3862
11:42:05 | INFO    | holoqpi.engine.trainer |   epoch 52 step 100/140 loss=0.4929
11:42:09 | INFO    | holoqpi.engine.trainer |   epoch 52 step 120/140 loss=0.4494
11:43:03 | INFO    | holoqpi.engine.trainer | epoch 52/60 (81s = 30s train + 51s val) | train_loss=0.4152  val_phase_mae=0.1696  val_dice=0.8255  val_cls_acc=nan  val_mass_mape=0.2000
11:43:05 | INFO    | holoqpi.engine.trainer |   epoch 53 step 0/140 loss=0.4196
11:43:09 | INFO    | holoqpi.engine.trainer |   epoch 53 step 20/140 loss=0.3102
11:43:14 | INFO    | holoqpi.engine.trainer |   epoch 53 step 40/140 loss=0.3719
11:43:18 | INFO    | holoqpi.engine.trainer |   epoch 53 step 60/140 loss=0.3010
11:43:22 | INFO    | holoqpi.engine.trainer |   epoch 53 step 80/140 loss=0.3373
11:43:26 | INFO    | holoqpi.engine.trainer |   epoch 53 step 100/140 loss=0.4466
11:43:30 | INFO    | holoqpi.engine.trainer |   epoch 53 step 120/140 loss=0.4290
11:44:26 | INFO    | holoqpi.engine.trainer | epoch 53/60 (83s = 30s train + 53s val) | train_loss=0.4154  val_phase_mae=0.1710  val_dice=0.8241  val_cls_acc=nan  val_mass_mape=0.1926
11:44:27 | INFO    | holoqpi.engine.trainer |   epoch 54 step 0/140 loss=0.3494
11:44:32 | INFO    | holoqpi.engine.trainer |   epoch 54 step 20/140 loss=0.4113
11:44:37 | INFO    | holoqpi.engine.trainer |   epoch 54 step 40/140 loss=0.4080
11:44:41 | INFO    | holoqpi.engine.trainer |   epoch 54 step 60/140 loss=0.4076
11:44:45 | INFO    | holoqpi.engine.trainer |   epoch 54 step 80/140 loss=0.4918
11:44:49 | INFO    | holoqpi.engine.trainer |   epoch 54 step 100/140 loss=0.3892
11:44:53 | INFO    | holoqpi.engine.trainer |   epoch 54 step 120/140 loss=0.4853
11:45:47 | INFO    | holoqpi.engine.trainer | epoch 54/60 (81s = 30s train + 51s val) | train_loss=0.4179  val_phase_mae=0.1711  val_dice=0.8240  val_cls_acc=nan  val_mass_mape=0.1930
11:45:49 | INFO    | holoqpi.engine.trainer |   epoch 55 step 0/140 loss=0.3827
11:45:53 | INFO    | holoqpi.engine.trainer |   epoch 55 step 20/140 loss=0.4151
11:45:58 | INFO    | holoqpi.engine.trainer |   epoch 55 step 40/140 loss=0.4615
11:46:02 | INFO    | holoqpi.engine.trainer |   epoch 55 step 60/140 loss=0.3208
11:46:07 | INFO    | holoqpi.engine.trainer |   epoch 55 step 80/140 loss=0.3649
11:46:11 | INFO    | holoqpi.engine.trainer |   epoch 55 step 100/140 loss=0.3337
11:46:14 | INFO    | holoqpi.engine.trainer |   epoch 55 step 120/140 loss=0.3896
11:47:10 | INFO    | holoqpi.engine.trainer |   new best composite=0.8095
11:47:10 | INFO    | holoqpi.engine.trainer | epoch 55/60 (82s = 30s train + 51s val) | train_loss=0.4134  val_phase_mae=0.1717  val_dice=0.8249  val_cls_acc=nan  val_mass_mape=0.1925
11:47:11 | INFO    | holoqpi.engine.trainer |   epoch 56 step 0/140 loss=0.3596
11:47:15 | INFO    | holoqpi.engine.trainer |   epoch 56 step 20/140 loss=0.4237
11:47:20 | INFO    | holoqpi.engine.trainer |   epoch 56 step 40/140 loss=0.3988
11:47:24 | INFO    | holoqpi.engine.trainer |   epoch 56 step 60/140 loss=0.4896
11:47:29 | INFO    | holoqpi.engine.trainer |   epoch 56 step 80/140 loss=0.3679
11:47:33 | INFO    | holoqpi.engine.trainer |   epoch 56 step 100/140 loss=0.3421
11:47:36 | INFO    | holoqpi.engine.trainer |   epoch 56 step 120/140 loss=0.3769
11:48:31 | INFO    | holoqpi.engine.trainer | epoch 56/60 (82s = 30s train + 52s val) | train_loss=0.4114  val_phase_mae=0.1710  val_dice=0.8241  val_cls_acc=nan  val_mass_mape=0.1923
11:48:32 | INFO    | holoqpi.engine.trainer |   epoch 57 step 0/140 loss=0.3901
11:48:37 | INFO    | holoqpi.engine.trainer |   epoch 57 step 20/140 loss=0.3789
11:48:41 | INFO    | holoqpi.engine.trainer |   epoch 57 step 40/140 loss=0.4265
11:48:46 | INFO    | holoqpi.engine.trainer |   epoch 57 step 60/140 loss=0.3460
11:48:50 | INFO    | holoqpi.engine.trainer |   epoch 57 step 80/140 loss=0.3645
11:48:54 | INFO    | holoqpi.engine.trainer |   epoch 57 step 100/140 loss=0.3478
11:48:58 | INFO    | holoqpi.engine.trainer |   epoch 57 step 120/140 loss=0.4391
11:49:53 | INFO    | holoqpi.engine.trainer | epoch 57/60 (82s = 30s train + 51s val) | train_loss=0.4093  val_phase_mae=0.1710  val_dice=0.8240  val_cls_acc=nan  val_mass_mape=0.1903
11:49:54 | INFO    | holoqpi.engine.trainer |   epoch 58 step 0/140 loss=0.5096
11:49:58 | INFO    | holoqpi.engine.trainer |   epoch 58 step 20/140 loss=0.3534
11:50:03 | INFO    | holoqpi.engine.trainer |   epoch 58 step 40/140 loss=0.4049
11:50:08 | INFO    | holoqpi.engine.trainer |   epoch 58 step 60/140 loss=0.4053
11:50:12 | INFO    | holoqpi.engine.trainer |   epoch 58 step 80/140 loss=0.3888
11:50:16 | INFO    | holoqpi.engine.trainer |   epoch 58 step 100/140 loss=0.4471
11:50:20 | INFO    | holoqpi.engine.trainer |   epoch 58 step 120/140 loss=0.3467
11:51:15 | INFO    | holoqpi.engine.trainer | epoch 58/60 (82s = 31s train + 51s val) | train_loss=0.4057  val_phase_mae=0.1708  val_dice=0.8245  val_cls_acc=nan  val_mass_mape=0.1936
11:51:16 | INFO    | holoqpi.engine.trainer |   epoch 59 step 0/140 loss=0.3048
11:51:21 | INFO    | holoqpi.engine.trainer |   epoch 59 step 20/140 loss=0.3323
11:51:25 | INFO    | holoqpi.engine.trainer |   epoch 59 step 40/140 loss=0.5108
11:51:30 | INFO    | holoqpi.engine.trainer |   epoch 59 step 60/140 loss=0.4457
11:51:34 | INFO    | holoqpi.engine.trainer |   epoch 59 step 80/140 loss=0.4781
11:51:38 | INFO    | holoqpi.engine.trainer |   epoch 59 step 100/140 loss=0.2958
11:51:42 | INFO    | holoqpi.engine.trainer |   epoch 59 step 120/140 loss=0.3795
11:52:36 | INFO    | holoqpi.engine.trainer | epoch 59/60 (81s = 31s train + 51s val) | train_loss=0.4094  val_phase_mae=0.1734  val_dice=0.8240  val_cls_acc=nan  val_mass_mape=0.1996
11:52:37 | INFO    | holoqpi.engine.trainer |   epoch 60 step 0/140 loss=0.4019
11:52:41 | INFO    | holoqpi.engine.trainer |   epoch 60 step 20/140 loss=0.4346
11:52:45 | INFO    | holoqpi.engine.trainer |   epoch 60 step 40/140 loss=0.3773
11:52:49 | INFO    | holoqpi.engine.trainer |   epoch 60 step 60/140 loss=0.4035
11:52:53 | INFO    | holoqpi.engine.trainer |   epoch 60 step 80/140 loss=0.3955
11:52:58 | INFO    | holoqpi.engine.trainer |   epoch 60 step 100/140 loss=0.3416
11:53:02 | INFO    | holoqpi.engine.trainer |   epoch 60 step 120/140 loss=0.5187
11:53:57 | INFO    | holoqpi.engine.trainer | epoch 60/60 (80s = 29s train + 51s val) | train_loss=0.4035  val_phase_mae=0.1712  val_dice=0.8249  val_cls_acc=nan  val_mass_mape=0.1925
11:53:57 | INFO    | holoqpi.engine.trainer | training finished; best epoch 55 (composite=0.8095)
