16:17:04 | INFO    | holoqpi | training v2_forward_amplitude on off_axis (device=cuda)
16:17:04 | INFO    | holoqpi.data.dataset | train split: 560 samples | modality=off_axis | crop=512 | augment=True
16:17:04 | INFO    | holoqpi.data.dataset | val split: 127 samples | modality=off_axis | crop=None | augment=False
16:17:05 | INFO    | holoqpi.models.encoders | loading pretrained mobilenet_v2 from weights/mobilenet_v2-b0353104.pth
16:17:05 | INFO    | holoqpi.models.encoders | loading pretrained mobilenet_v2 from weights/mobilenet_v2-b0353104.pth
16:17:05 | INFO    | holoqpi.models.encoders | encoder=mobilenet_v2 in_channels=1 pretrained=True weights=local (weights) stages=[16, 24, 32, 96, 1280]
16:17:05 | INFO    | holoqpi.models.holonet | HoloQPINet built: 9.61M parameters, 9.61M trainable (100.0%)
16:17:06 | INFO    | holoqpi.engine.trainer | trainable 9.61M / 9.61M parameters (100.0%)
16:17:06 | INFO    | holoqpi.engine.trainer | objective: amplitude=0.1  cell_integrated_phase=1  forward_model=0.02  phase=1  segmentation=1
16:17:06 | INFO    | holoqpi.engine.trainer | active physics terms: ['forward_model', 'cell_integrated_phase']
16:17:13 | INFO    | holoqpi.engine.trainer |   epoch 1 step 0/140 loss=2.8776
16:17:17 | INFO    | holoqpi.engine.trainer |   epoch 1 step 20/140 loss=2.4880
16:17:21 | INFO    | holoqpi.engine.trainer |   epoch 1 step 40/140 loss=2.0775
16:17:26 | INFO    | holoqpi.engine.trainer |   epoch 1 step 60/140 loss=1.8524
16:17:30 | INFO    | holoqpi.engine.trainer |   epoch 1 step 80/140 loss=1.5681
16:17:35 | INFO    | holoqpi.engine.trainer |   epoch 1 step 100/140 loss=1.6030
16:17:40 | INFO    | holoqpi.engine.trainer |   epoch 1 step 120/140 loss=1.5067
16:18:41 | INFO    | holoqpi.engine.trainer |   new best composite=0.6095
16:18:41 | INFO    | holoqpi.engine.trainer | epoch 1/60 (95s = 38s train + 56s val) | train_loss=1.9701  val_phase_mae=0.3362  val_dice=0.6059  val_cls_acc=nan  val_mass_mape=0.2796
16:18:41 | INFO    | holoqpi.engine.trainer |   at this rate the full 60-epoch schedule takes about 95 min
16:18:42 | INFO    | holoqpi.engine.trainer |   epoch 2 step 0/140 loss=1.5568
16:18:46 | INFO    | holoqpi.engine.trainer |   epoch 2 step 20/140 loss=1.4380
16:18:51 | INFO    | holoqpi.engine.trainer |   epoch 2 step 40/140 loss=1.1990
16:18:55 | INFO    | holoqpi.engine.trainer |   epoch 2 step 60/140 loss=1.3285
16:18:59 | INFO    | holoqpi.engine.trainer |   epoch 2 step 80/140 loss=1.2271
16:19:04 | INFO    | holoqpi.engine.trainer |   epoch 2 step 100/140 loss=1.1483
16:19:08 | INFO    | holoqpi.engine.trainer |   epoch 2 step 120/140 loss=0.9249
16:20:08 | INFO    | holoqpi.engine.trainer |   new best composite=0.6732
16:20:08 | INFO    | holoqpi.engine.trainer | epoch 2/60 (86s = 31s train + 56s val) | train_loss=1.2700  val_phase_mae=0.2338  val_dice=0.6890  val_cls_acc=nan  val_mass_mape=0.2639
16:20:09 | INFO    | holoqpi.engine.trainer |   epoch 3 step 0/140 loss=1.0063
16:20:13 | INFO    | holoqpi.engine.trainer |   epoch 3 step 20/140 loss=1.0179
16:20:17 | INFO    | holoqpi.engine.trainer |   epoch 3 step 40/140 loss=0.9900
16:20:21 | INFO    | holoqpi.engine.trainer |   epoch 3 step 60/140 loss=1.0196
16:20:26 | INFO    | holoqpi.engine.trainer |   epoch 3 step 80/140 loss=1.0342
16:20:31 | INFO    | holoqpi.engine.trainer |   epoch 3 step 100/140 loss=1.0668
16:20:35 | INFO    | holoqpi.engine.trainer |   epoch 3 step 120/140 loss=0.9223
16:21:35 | INFO    | holoqpi.engine.trainer | epoch 3/60 (88s = 31s train + 56s val) | train_loss=0.9898  val_phase_mae=0.2592  val_dice=0.7395  val_cls_acc=nan  val_mass_mape=0.7856
16:21:36 | INFO    | holoqpi.engine.trainer |   epoch 4 step 0/140 loss=1.0608
16:21:41 | INFO    | holoqpi.engine.trainer |   epoch 4 step 20/140 loss=0.8851
16:21:45 | INFO    | holoqpi.engine.trainer |   epoch 4 step 40/140 loss=0.9178
16:21:49 | INFO    | holoqpi.engine.trainer |   epoch 4 step 60/140 loss=0.9304
16:21:54 | INFO    | holoqpi.engine.trainer |   epoch 4 step 80/140 loss=0.8056
16:21:59 | INFO    | holoqpi.engine.trainer |   epoch 4 step 100/140 loss=0.8499
16:22:03 | INFO    | holoqpi.engine.trainer |   epoch 4 step 120/140 loss=1.0884
16:23:03 | INFO    | holoqpi.engine.trainer |   new best composite=0.7415
16:23:03 | INFO    | holoqpi.engine.trainer | epoch 4/60 (88s = 32s train + 56s val) | train_loss=0.9005  val_phase_mae=0.1995  val_dice=0.7495  val_cls_acc=nan  val_mass_mape=0.2134
16:23:04 | INFO    | holoqpi.engine.trainer |   epoch 5 step 0/140 loss=0.9319
16:23:09 | INFO    | holoqpi.engine.trainer |   epoch 5 step 20/140 loss=0.6561
16:23:13 | INFO    | holoqpi.engine.trainer |   epoch 5 step 40/140 loss=0.7617
16:23:18 | INFO    | holoqpi.engine.trainer |   epoch 5 step 60/140 loss=0.7497
16:23:22 | INFO    | holoqpi.engine.trainer |   epoch 5 step 80/140 loss=0.6882
16:23:27 | INFO    | holoqpi.engine.trainer |   epoch 5 step 100/140 loss=0.9979
16:23:31 | INFO    | holoqpi.engine.trainer |   epoch 5 step 120/140 loss=0.9949
16:24:30 | INFO    | holoqpi.engine.trainer |   new best composite=0.7507
16:24:30 | INFO    | holoqpi.engine.trainer | epoch 5/60 (86s = 32s train + 55s val) | train_loss=0.8391  val_phase_mae=0.2030  val_dice=0.7812  val_cls_acc=nan  val_mass_mape=0.2490
16:24:31 | INFO    | holoqpi.engine.trainer |   epoch 6 step 0/140 loss=0.7701
16:24:35 | INFO    | holoqpi.engine.trainer |   epoch 6 step 20/140 loss=0.6315
16:24:39 | INFO    | holoqpi.engine.trainer |   epoch 6 step 40/140 loss=0.7380
16:24:44 | INFO    | holoqpi.engine.trainer |   epoch 6 step 60/140 loss=0.9348
16:24:48 | INFO    | holoqpi.engine.trainer |   epoch 6 step 80/140 loss=0.9534
16:24:53 | INFO    | holoqpi.engine.trainer |   epoch 6 step 100/140 loss=0.7279
16:24:57 | INFO    | holoqpi.engine.trainer |   epoch 6 step 120/140 loss=0.8776
16:25:56 | INFO    | holoqpi.engine.trainer |   new best composite=0.7527
16:25:56 | INFO    | holoqpi.engine.trainer | epoch 6/60 (86s = 31s train + 55s val) | train_loss=0.7924  val_phase_mae=0.1998  val_dice=0.7801  val_cls_acc=nan  val_mass_mape=0.2517
16:25:57 | INFO    | holoqpi.engine.trainer |   epoch 7 step 0/140 loss=0.9219
16:26:01 | INFO    | holoqpi.engine.trainer |   epoch 7 step 20/140 loss=0.6426
16:26:05 | INFO    | holoqpi.engine.trainer |   epoch 7 step 40/140 loss=0.8671
16:26:09 | INFO    | holoqpi.engine.trainer |   epoch 7 step 60/140 loss=0.5291
16:26:14 | INFO    | holoqpi.engine.trainer |   epoch 7 step 80/140 loss=0.7105
16:26:18 | INFO    | holoqpi.engine.trainer |   epoch 7 step 100/140 loss=0.8234
16:26:23 | INFO    | holoqpi.engine.trainer |   epoch 7 step 120/140 loss=0.9699
16:27:22 | INFO    | holoqpi.engine.trainer | epoch 7/60 (86s = 31s train + 56s val) | train_loss=0.7628  val_phase_mae=0.1993  val_dice=0.8007  val_cls_acc=nan  val_mass_mape=0.4121
16:27:23 | INFO    | holoqpi.engine.trainer |   epoch 8 step 0/140 loss=0.7236
16:27:27 | INFO    | holoqpi.engine.trainer |   epoch 8 step 20/140 loss=0.7317
16:27:32 | INFO    | holoqpi.engine.trainer |   epoch 8 step 40/140 loss=0.5962
16:27:36 | INFO    | holoqpi.engine.trainer |   epoch 8 step 60/140 loss=0.7372
16:27:41 | INFO    | holoqpi.engine.trainer |   epoch 8 step 80/140 loss=0.6364
16:27:45 | INFO    | holoqpi.engine.trainer |   epoch 8 step 100/140 loss=0.6735
16:27:50 | INFO    | holoqpi.engine.trainer |   epoch 8 step 120/140 loss=0.8636
16:28:48 | INFO    | holoqpi.engine.trainer | epoch 8/60 (86s = 31s train + 55s val) | train_loss=0.7418  val_phase_mae=0.2085  val_dice=0.7875  val_cls_acc=nan  val_mass_mape=0.2750
16:28:49 | INFO    | holoqpi.engine.trainer |   epoch 9 step 0/140 loss=0.5189
16:28:53 | INFO    | holoqpi.engine.trainer |   epoch 9 step 20/140 loss=0.7768
16:28:58 | INFO    | holoqpi.engine.trainer |   epoch 9 step 40/140 loss=0.6329
16:29:02 | INFO    | holoqpi.engine.trainer |   epoch 9 step 60/140 loss=0.5304
16:29:07 | INFO    | holoqpi.engine.trainer |   epoch 9 step 80/140 loss=0.5168
16:29:11 | INFO    | holoqpi.engine.trainer |   epoch 9 step 100/140 loss=0.6086
16:29:15 | INFO    | holoqpi.engine.trainer |   epoch 9 step 120/140 loss=0.7451
16:30:15 | INFO    | holoqpi.engine.trainer |   new best composite=0.7627
16:30:15 | INFO    | holoqpi.engine.trainer | epoch 9/60 (87s = 31s train + 55s val) | train_loss=0.7144  val_phase_mae=0.1936  val_dice=0.7900  val_cls_acc=nan  val_mass_mape=0.2284
16:30:16 | INFO    | holoqpi.engine.trainer |   epoch 10 step 0/140 loss=0.5375
16:30:20 | INFO    | holoqpi.engine.trainer |   epoch 10 step 20/140 loss=0.5904
16:30:24 | INFO    | holoqpi.engine.trainer |   epoch 10 step 40/140 loss=0.7634
16:30:29 | INFO    | holoqpi.engine.trainer |   epoch 10 step 60/140 loss=0.5596
16:30:33 | INFO    | holoqpi.engine.trainer |   epoch 10 step 80/140 loss=0.6161
16:30:38 | INFO    | holoqpi.engine.trainer |   epoch 10 step 100/140 loss=1.1735
16:30:42 | INFO    | holoqpi.engine.trainer |   epoch 10 step 120/140 loss=0.4930
16:31:41 | INFO    | holoqpi.engine.trainer |   new best composite=0.7856
16:31:41 | INFO    | holoqpi.engine.trainer | epoch 10/60 (86s = 31s train + 54s val) | train_loss=0.7040  val_phase_mae=0.1841  val_dice=0.8042  val_cls_acc=nan  val_mass_mape=0.2056
16:31:42 | INFO    | holoqpi.engine.trainer |   epoch 11 step 0/140 loss=0.4908
16:31:46 | INFO    | holoqpi.engine.trainer |   epoch 11 step 20/140 loss=0.7547
16:31:51 | INFO    | holoqpi.engine.trainer |   epoch 11 step 40/140 loss=0.8140
16:31:55 | INFO    | holoqpi.engine.trainer |   epoch 11 step 60/140 loss=0.8417
16:32:00 | INFO    | holoqpi.engine.trainer |   epoch 11 step 80/140 loss=0.6419
16:32:04 | INFO    | holoqpi.engine.trainer |   epoch 11 step 100/140 loss=0.6840
16:32:09 | INFO    | holoqpi.engine.trainer |   epoch 11 step 120/140 loss=0.6701
16:33:07 | INFO    | holoqpi.engine.trainer | epoch 11/60 (86s = 32s train + 54s val) | train_loss=0.6933  val_phase_mae=0.1962  val_dice=0.8004  val_cls_acc=nan  val_mass_mape=0.2189
16:33:08 | INFO    | holoqpi.engine.trainer |   epoch 12 step 0/140 loss=0.5706
16:33:12 | INFO    | holoqpi.engine.trainer |   epoch 12 step 20/140 loss=0.6864
16:33:16 | INFO    | holoqpi.engine.trainer |   epoch 12 step 40/140 loss=0.5683
16:33:21 | INFO    | holoqpi.engine.trainer |   epoch 12 step 60/140 loss=0.5906
16:33:26 | INFO    | holoqpi.engine.trainer |   epoch 12 step 80/140 loss=0.7380
16:33:30 | INFO    | holoqpi.engine.trainer |   epoch 12 step 100/140 loss=0.6287
16:33:34 | INFO    | holoqpi.engine.trainer |   epoch 12 step 120/140 loss=0.5154
16:34:33 | INFO    | holoqpi.engine.trainer | epoch 12/60 (86s = 32s train + 54s val) | train_loss=0.6689  val_phase_mae=0.1853  val_dice=0.8012  val_cls_acc=nan  val_mass_mape=0.2316
16:34:34 | INFO    | holoqpi.engine.trainer |   epoch 13 step 0/140 loss=0.5522
16:34:38 | INFO    | holoqpi.engine.trainer |   epoch 13 step 20/140 loss=0.6932
16:34:42 | INFO    | holoqpi.engine.trainer |   epoch 13 step 40/140 loss=0.7052
16:34:47 | INFO    | holoqpi.engine.trainer |   epoch 13 step 60/140 loss=0.6403
16:34:52 | INFO    | holoqpi.engine.trainer |   epoch 13 step 80/140 loss=0.8131
16:34:56 | INFO    | holoqpi.engine.trainer |   epoch 13 step 100/140 loss=0.6349
16:35:01 | INFO    | holoqpi.engine.trainer |   epoch 13 step 120/140 loss=0.6193
16:35:59 | INFO    | holoqpi.engine.trainer | epoch 13/60 (86s = 32s train + 55s val) | train_loss=0.6847  val_phase_mae=0.1883  val_dice=0.7959  val_cls_acc=nan  val_mass_mape=0.2220
16:36:00 | INFO    | holoqpi.engine.trainer |   epoch 14 step 0/140 loss=0.5333
16:36:05 | INFO    | holoqpi.engine.trainer |   epoch 14 step 20/140 loss=0.6412
16:36:09 | INFO    | holoqpi.engine.trainer |   epoch 14 step 40/140 loss=0.5339
16:36:14 | INFO    | holoqpi.engine.trainer |   epoch 14 step 60/140 loss=0.6104
16:36:18 | INFO    | holoqpi.engine.trainer |   epoch 14 step 80/140 loss=0.7011
16:36:22 | INFO    | holoqpi.engine.trainer |   epoch 14 step 100/140 loss=0.4776
16:36:27 | INFO    | holoqpi.engine.trainer |   epoch 14 step 120/140 loss=0.5826
16:37:25 | INFO    | holoqpi.engine.trainer |   new best composite=0.7903
16:37:25 | INFO    | holoqpi.engine.trainer | epoch 14/60 (86s = 32s train + 54s val) | train_loss=0.6524  val_phase_mae=0.1808  val_dice=0.8105  val_cls_acc=nan  val_mass_mape=0.2069
16:37:26 | INFO    | holoqpi.engine.trainer |   epoch 15 step 0/140 loss=0.5317
16:37:30 | INFO    | holoqpi.engine.trainer |   epoch 15 step 20/140 loss=0.5063
16:37:35 | INFO    | holoqpi.engine.trainer |   epoch 15 step 40/140 loss=1.0433
16:37:40 | INFO    | holoqpi.engine.trainer |   epoch 15 step 60/140 loss=0.8049
16:37:44 | INFO    | holoqpi.engine.trainer |   epoch 15 step 80/140 loss=0.7564
16:37:49 | INFO    | holoqpi.engine.trainer |   epoch 15 step 100/140 loss=0.5700
16:37:53 | INFO    | holoqpi.engine.trainer |   epoch 15 step 120/140 loss=0.5458
16:38:51 | INFO    | holoqpi.engine.trainer | epoch 15/60 (86s = 32s train + 54s val) | train_loss=0.6512  val_phase_mae=0.1889  val_dice=0.8009  val_cls_acc=nan  val_mass_mape=0.2195
16:38:52 | INFO    | holoqpi.engine.trainer |   epoch 16 step 0/140 loss=0.6553
16:38:57 | INFO    | holoqpi.engine.trainer |   epoch 16 step 20/140 loss=0.5984
16:39:01 | INFO    | holoqpi.engine.trainer |   epoch 16 step 40/140 loss=0.6837
16:39:06 | INFO    | holoqpi.engine.trainer |   epoch 16 step 60/140 loss=0.8348
16:39:11 | INFO    | holoqpi.engine.trainer |   epoch 16 step 80/140 loss=0.7510
16:39:15 | INFO    | holoqpi.engine.trainer |   epoch 16 step 100/140 loss=0.5399
16:39:20 | INFO    | holoqpi.engine.trainer |   epoch 16 step 120/140 loss=0.5504
16:40:17 | INFO    | holoqpi.engine.trainer | epoch 16/60 (86s = 32s train + 54s val) | train_loss=0.6314  val_phase_mae=0.1922  val_dice=0.8050  val_cls_acc=nan  val_mass_mape=0.2356
16:40:18 | INFO    | holoqpi.engine.trainer |   epoch 17 step 0/140 loss=0.5107
16:40:23 | INFO    | holoqpi.engine.trainer |   epoch 17 step 20/140 loss=0.6665
16:40:27 | INFO    | holoqpi.engine.trainer |   epoch 17 step 40/140 loss=0.6990
16:40:32 | INFO    | holoqpi.engine.trainer |   epoch 17 step 60/140 loss=0.4824
16:40:36 | INFO    | holoqpi.engine.trainer |   epoch 17 step 80/140 loss=0.7508
16:40:41 | INFO    | holoqpi.engine.trainer |   epoch 17 step 100/140 loss=0.7025
16:40:45 | INFO    | holoqpi.engine.trainer |   epoch 17 step 120/140 loss=0.5321
16:41:44 | INFO    | holoqpi.engine.trainer | epoch 17/60 (87s = 32s train + 55s val) | train_loss=0.6473  val_phase_mae=0.1869  val_dice=0.8065  val_cls_acc=nan  val_mass_mape=0.2786
16:41:45 | INFO    | holoqpi.engine.trainer |   epoch 18 step 0/140 loss=0.5563
16:41:50 | INFO    | holoqpi.engine.trainer |   epoch 18 step 20/140 loss=0.6150
16:41:54 | INFO    | holoqpi.engine.trainer |   epoch 18 step 40/140 loss=0.6181
16:41:59 | INFO    | holoqpi.engine.trainer |   epoch 18 step 60/140 loss=0.5340
16:42:03 | INFO    | holoqpi.engine.trainer |   epoch 18 step 80/140 loss=0.6064
16:42:08 | INFO    | holoqpi.engine.trainer |   epoch 18 step 100/140 loss=0.6795
16:42:12 | INFO    | holoqpi.engine.trainer |   epoch 18 step 120/140 loss=0.5353
16:43:13 | INFO    | holoqpi.engine.trainer | epoch 18/60 (88s = 32s train + 57s val) | train_loss=0.6365  val_phase_mae=0.1812  val_dice=0.8116  val_cls_acc=nan  val_mass_mape=0.2093
16:43:14 | INFO    | holoqpi.engine.trainer |   epoch 19 step 0/140 loss=0.6294
16:43:18 | INFO    | holoqpi.engine.trainer |   epoch 19 step 20/140 loss=0.7107
16:43:23 | INFO    | holoqpi.engine.trainer |   epoch 19 step 40/140 loss=0.4886
16:43:27 | INFO    | holoqpi.engine.trainer |   epoch 19 step 60/140 loss=0.7123
16:43:32 | INFO    | holoqpi.engine.trainer |   epoch 19 step 80/140 loss=0.5277
16:43:36 | INFO    | holoqpi.engine.trainer |   epoch 19 step 100/140 loss=0.5060
16:43:40 | INFO    | holoqpi.engine.trainer |   epoch 19 step 120/140 loss=0.5086
16:44:39 | INFO    | holoqpi.engine.trainer | epoch 19/60 (86s = 31s train + 55s val) | train_loss=0.6205  val_phase_mae=0.1869  val_dice=0.8092  val_cls_acc=nan  val_mass_mape=0.2310
16:44:40 | INFO    | holoqpi.engine.trainer |   epoch 20 step 0/140 loss=0.5636
16:44:44 | INFO    | holoqpi.engine.trainer |   epoch 20 step 20/140 loss=0.4791
16:44:49 | INFO    | holoqpi.engine.trainer |   epoch 20 step 40/140 loss=0.6249
16:44:53 | INFO    | holoqpi.engine.trainer |   epoch 20 step 60/140 loss=0.5636
16:44:58 | INFO    | holoqpi.engine.trainer |   epoch 20 step 80/140 loss=0.6090
16:45:02 | INFO    | holoqpi.engine.trainer |   epoch 20 step 100/140 loss=0.7305
16:45:06 | INFO    | holoqpi.engine.trainer |   epoch 20 step 120/140 loss=0.6632
16:46:05 | INFO    | holoqpi.engine.trainer | epoch 20/60 (86s = 31s train + 55s val) | train_loss=0.6076  val_phase_mae=0.1880  val_dice=0.8147  val_cls_acc=nan  val_mass_mape=0.2396
16:46:06 | INFO    | holoqpi.engine.trainer |   epoch 21 step 0/140 loss=0.7709
16:46:10 | INFO    | holoqpi.engine.trainer |   epoch 21 step 20/140 loss=0.6797
16:46:15 | INFO    | holoqpi.engine.trainer |   epoch 21 step 40/140 loss=0.5457
16:46:19 | INFO    | holoqpi.engine.trainer |   epoch 21 step 60/140 loss=0.6368
16:46:24 | INFO    | holoqpi.engine.trainer |   epoch 21 step 80/140 loss=0.4733
16:46:28 | INFO    | holoqpi.engine.trainer |   epoch 21 step 100/140 loss=0.6074
16:46:32 | INFO    | holoqpi.engine.trainer |   epoch 21 step 120/140 loss=0.6052
16:47:31 | INFO    | holoqpi.engine.trainer | epoch 21/60 (86s = 31s train + 55s val) | train_loss=0.6182  val_phase_mae=0.1815  val_dice=0.8153  val_cls_acc=nan  val_mass_mape=0.2381
16:47:32 | INFO    | holoqpi.engine.trainer |   epoch 22 step 0/140 loss=0.5475
16:47:37 | INFO    | holoqpi.engine.trainer |   epoch 22 step 20/140 loss=0.8951
16:47:41 | INFO    | holoqpi.engine.trainer |   epoch 22 step 40/140 loss=0.5477
16:47:46 | INFO    | holoqpi.engine.trainer |   epoch 22 step 60/140 loss=0.4701
16:47:50 | INFO    | holoqpi.engine.trainer |   epoch 22 step 80/140 loss=0.4215
16:47:54 | INFO    | holoqpi.engine.trainer |   epoch 22 step 100/140 loss=0.4565
16:47:58 | INFO    | holoqpi.engine.trainer |   epoch 22 step 120/140 loss=0.4339
16:48:57 | INFO    | holoqpi.engine.trainer |   new best composite=0.7944
16:48:57 | INFO    | holoqpi.engine.trainer | epoch 22/60 (86s = 31s train + 55s val) | train_loss=0.6015  val_phase_mae=0.1729  val_dice=0.8145  val_cls_acc=nan  val_mass_mape=0.2163
16:48:58 | INFO    | holoqpi.engine.trainer |   epoch 23 step 0/140 loss=0.5658
16:49:03 | INFO    | holoqpi.engine.trainer |   epoch 23 step 20/140 loss=0.6962
16:49:07 | INFO    | holoqpi.engine.trainer |   epoch 23 step 40/140 loss=0.3930
16:49:12 | INFO    | holoqpi.engine.trainer |   epoch 23 step 60/140 loss=0.5716
16:49:16 | INFO    | holoqpi.engine.trainer |   epoch 23 step 80/140 loss=0.7494
16:49:20 | INFO    | holoqpi.engine.trainer |   epoch 23 step 100/140 loss=0.6478
16:49:24 | INFO    | holoqpi.engine.trainer |   epoch 23 step 120/140 loss=0.4530
16:50:23 | INFO    | holoqpi.engine.trainer | epoch 23/60 (86s = 30s train + 55s val) | train_loss=0.6060  val_phase_mae=0.1808  val_dice=0.8199  val_cls_acc=nan  val_mass_mape=0.2262
16:50:24 | INFO    | holoqpi.engine.trainer |   epoch 24 step 0/140 loss=0.7233
16:50:29 | INFO    | holoqpi.engine.trainer |   epoch 24 step 20/140 loss=0.5501
16:50:33 | INFO    | holoqpi.engine.trainer |   epoch 24 step 40/140 loss=0.6027
16:50:37 | INFO    | holoqpi.engine.trainer |   epoch 24 step 60/140 loss=0.7250
16:50:41 | INFO    | holoqpi.engine.trainer |   epoch 24 step 80/140 loss=0.7718
16:50:45 | INFO    | holoqpi.engine.trainer |   epoch 24 step 100/140 loss=0.7791
16:50:49 | INFO    | holoqpi.engine.trainer |   epoch 24 step 120/140 loss=0.6014
16:51:48 | INFO    | holoqpi.engine.trainer |   new best composite=0.7976
16:51:48 | INFO    | holoqpi.engine.trainer | epoch 24/60 (85s = 30s train + 55s val) | train_loss=0.6137  val_phase_mae=0.1748  val_dice=0.8185  val_cls_acc=nan  val_mass_mape=0.2133
16:51:49 | INFO    | holoqpi.engine.trainer |   epoch 25 step 0/140 loss=0.5720
16:51:54 | INFO    | holoqpi.engine.trainer |   epoch 25 step 20/140 loss=0.6597
16:51:58 | INFO    | holoqpi.engine.trainer |   epoch 25 step 40/140 loss=0.5187
16:52:02 | INFO    | holoqpi.engine.trainer |   epoch 25 step 60/140 loss=0.6161
16:52:06 | INFO    | holoqpi.engine.trainer |   epoch 25 step 80/140 loss=0.5800
16:52:10 | INFO    | holoqpi.engine.trainer |   epoch 25 step 100/140 loss=0.5251
16:52:15 | INFO    | holoqpi.engine.trainer |   epoch 25 step 120/140 loss=0.5028
16:53:14 | INFO    | holoqpi.engine.trainer |   new best composite=0.8004
16:53:14 | INFO    | holoqpi.engine.trainer | epoch 25/60 (85s = 30s train + 55s val) | train_loss=0.5850  val_phase_mae=0.1703  val_dice=0.8145  val_cls_acc=nan  val_mass_mape=0.1990
16:53:15 | INFO    | holoqpi.engine.trainer |   epoch 26 step 0/140 loss=0.6267
16:53:19 | INFO    | holoqpi.engine.trainer |   epoch 26 step 20/140 loss=0.4133
16:53:24 | INFO    | holoqpi.engine.trainer |   epoch 26 step 40/140 loss=0.5787
16:53:28 | INFO    | holoqpi.engine.trainer |   epoch 26 step 60/140 loss=0.6367
16:53:32 | INFO    | holoqpi.engine.trainer |   epoch 26 step 80/140 loss=0.6892
16:53:36 | INFO    | holoqpi.engine.trainer |   epoch 26 step 100/140 loss=0.8575
16:53:40 | INFO    | holoqpi.engine.trainer |   epoch 26 step 120/140 loss=0.4768
16:54:40 | INFO    | holoqpi.engine.trainer | epoch 26/60 (86s = 30s train + 56s val) | train_loss=0.5794  val_phase_mae=0.1787  val_dice=0.8197  val_cls_acc=nan  val_mass_mape=0.2131
16:54:41 | INFO    | holoqpi.engine.trainer |   epoch 27 step 0/140 loss=0.5738
16:54:45 | INFO    | holoqpi.engine.trainer |   epoch 27 step 20/140 loss=0.5252
16:54:49 | INFO    | holoqpi.engine.trainer |   epoch 27 step 40/140 loss=0.6283
16:54:53 | INFO    | holoqpi.engine.trainer |   epoch 27 step 60/140 loss=0.7293
16:54:57 | INFO    | holoqpi.engine.trainer |   epoch 27 step 80/140 loss=0.7317
16:55:02 | INFO    | holoqpi.engine.trainer |   epoch 27 step 100/140 loss=0.4980
16:55:06 | INFO    | holoqpi.engine.trainer |   epoch 27 step 120/140 loss=0.5556
16:56:05 | INFO    | holoqpi.engine.trainer | epoch 27/60 (86s = 30s train + 56s val) | train_loss=0.5827  val_phase_mae=0.1780  val_dice=0.8210  val_cls_acc=nan  val_mass_mape=0.2285
16:56:06 | INFO    | holoqpi.engine.trainer |   epoch 28 step 0/140 loss=0.4989
16:56:11 | INFO    | holoqpi.engine.trainer |   epoch 28 step 20/140 loss=0.7546
16:56:15 | INFO    | holoqpi.engine.trainer |   epoch 28 step 40/140 loss=0.7437
16:56:19 | INFO    | holoqpi.engine.trainer |   epoch 28 step 60/140 loss=0.5283
16:56:23 | INFO    | holoqpi.engine.trainer |   epoch 28 step 80/140 loss=0.5914
16:56:28 | INFO    | holoqpi.engine.trainer |   epoch 28 step 100/140 loss=0.5663
16:56:32 | INFO    | holoqpi.engine.trainer |   epoch 28 step 120/140 loss=0.5870
16:57:31 | INFO    | holoqpi.engine.trainer | epoch 28/60 (86s = 30s train + 56s val) | train_loss=0.5792  val_phase_mae=0.1714  val_dice=0.8221  val_cls_acc=nan  val_mass_mape=0.2389
16:57:32 | INFO    | holoqpi.engine.trainer |   epoch 29 step 0/140 loss=0.5190
16:57:36 | INFO    | holoqpi.engine.trainer |   epoch 29 step 20/140 loss=0.9590
16:57:41 | INFO    | holoqpi.engine.trainer |   epoch 29 step 40/140 loss=0.5848
16:57:45 | INFO    | holoqpi.engine.trainer |   epoch 29 step 60/140 loss=0.7939
16:57:49 | INFO    | holoqpi.engine.trainer |   epoch 29 step 80/140 loss=0.4074
16:57:53 | INFO    | holoqpi.engine.trainer |   epoch 29 step 100/140 loss=0.6908
16:57:57 | INFO    | holoqpi.engine.trainer |   epoch 29 step 120/140 loss=0.5662
16:58:57 | INFO    | holoqpi.engine.trainer | epoch 29/60 (86s = 30s train + 56s val) | train_loss=0.5766  val_phase_mae=0.1778  val_dice=0.8180  val_cls_acc=nan  val_mass_mape=0.2159
16:58:58 | INFO    | holoqpi.engine.trainer |   epoch 30 step 0/140 loss=0.6448
16:59:02 | INFO    | holoqpi.engine.trainer |   epoch 30 step 20/140 loss=0.5786
16:59:06 | INFO    | holoqpi.engine.trainer |   epoch 30 step 40/140 loss=0.4566
16:59:10 | INFO    | holoqpi.engine.trainer |   epoch 30 step 60/140 loss=0.4780
16:59:14 | INFO    | holoqpi.engine.trainer |   epoch 30 step 80/140 loss=0.5220
16:59:19 | INFO    | holoqpi.engine.trainer |   epoch 30 step 100/140 loss=0.8695
16:59:23 | INFO    | holoqpi.engine.trainer |   epoch 30 step 120/140 loss=0.6284
17:00:22 | INFO    | holoqpi.engine.trainer |   new best composite=0.8010
17:00:22 | INFO    | holoqpi.engine.trainer | epoch 30/60 (85s = 29s train + 56s val) | train_loss=0.5693  val_phase_mae=0.1756  val_dice=0.8208  val_cls_acc=nan  val_mass_mape=0.1997
17:00:23 | INFO    | holoqpi.engine.trainer |   epoch 31 step 0/140 loss=0.5054
17:00:28 | INFO    | holoqpi.engine.trainer |   epoch 31 step 20/140 loss=0.6751
17:00:32 | INFO    | holoqpi.engine.trainer |   epoch 31 step 40/140 loss=0.4927
17:00:36 | INFO    | holoqpi.engine.trainer |   epoch 31 step 60/140 loss=0.5150
17:00:40 | INFO    | holoqpi.engine.trainer |   epoch 31 step 80/140 loss=0.7137
17:00:44 | INFO    | holoqpi.engine.trainer |   epoch 31 step 100/140 loss=0.6678
17:00:48 | INFO    | holoqpi.engine.trainer |   epoch 31 step 120/140 loss=0.6437
17:01:48 | INFO    | holoqpi.engine.trainer |   new best composite=0.8029
17:01:48 | INFO    | holoqpi.engine.trainer | epoch 31/60 (85s = 29s train + 56s val) | train_loss=0.5674  val_phase_mae=0.1683  val_dice=0.8227  val_cls_acc=nan  val_mass_mape=0.2055
17:01:49 | INFO    | holoqpi.engine.trainer |   epoch 32 step 0/140 loss=0.6354
17:01:53 | INFO    | holoqpi.engine.trainer |   epoch 32 step 20/140 loss=0.4912
17:01:57 | INFO    | holoqpi.engine.trainer |   epoch 32 step 40/140 loss=0.6094
17:02:02 | INFO    | holoqpi.engine.trainer |   epoch 32 step 60/140 loss=0.8077
17:02:06 | INFO    | holoqpi.engine.trainer |   epoch 32 step 80/140 loss=0.4488
17:02:10 | INFO    | holoqpi.engine.trainer |   epoch 32 step 100/140 loss=1.0549
17:02:14 | INFO    | holoqpi.engine.trainer |   epoch 32 step 120/140 loss=0.4267
17:03:14 | INFO    | holoqpi.engine.trainer |   new best composite=0.8045
17:03:14 | INFO    | holoqpi.engine.trainer | epoch 32/60 (86s = 29s train + 56s val) | train_loss=0.5595  val_phase_mae=0.1742  val_dice=0.8180  val_cls_acc=nan  val_mass_mape=0.1823
17:03:15 | INFO    | holoqpi.engine.trainer |   epoch 33 step 0/140 loss=0.6576
17:03:19 | INFO    | holoqpi.engine.trainer |   epoch 33 step 20/140 loss=0.4255
17:03:23 | INFO    | holoqpi.engine.trainer |   epoch 33 step 40/140 loss=0.4477
17:03:27 | INFO    | holoqpi.engine.trainer |   epoch 33 step 60/140 loss=0.5939
17:03:32 | INFO    | holoqpi.engine.trainer |   epoch 33 step 80/140 loss=0.4903
17:03:36 | INFO    | holoqpi.engine.trainer |   epoch 33 step 100/140 loss=0.5038
17:03:40 | INFO    | holoqpi.engine.trainer |   epoch 33 step 120/140 loss=0.5315
17:04:40 | INFO    | holoqpi.engine.trainer | epoch 33/60 (86s = 30s train + 56s val) | train_loss=0.5504  val_phase_mae=0.1722  val_dice=0.8222  val_cls_acc=nan  val_mass_mape=0.2096
17:04:41 | INFO    | holoqpi.engine.trainer |   epoch 34 step 0/140 loss=0.5467
17:04:45 | INFO    | holoqpi.engine.trainer |   epoch 34 step 20/140 loss=0.4793
17:04:49 | INFO    | holoqpi.engine.trainer |   epoch 34 step 40/140 loss=0.5090
17:04:53 | INFO    | holoqpi.engine.trainer |   epoch 34 step 60/140 loss=0.5498
17:04:57 | INFO    | holoqpi.engine.trainer |   epoch 34 step 80/140 loss=0.4911
17:05:01 | INFO    | holoqpi.engine.trainer |   epoch 34 step 100/140 loss=0.5271
17:05:05 | INFO    | holoqpi.engine.trainer |   epoch 34 step 120/140 loss=0.4034
17:06:07 | INFO    | holoqpi.engine.trainer | epoch 34/60 (88s = 29s train + 58s val) | train_loss=0.5523  val_phase_mae=0.1741  val_dice=0.8224  val_cls_acc=nan  val_mass_mape=0.2025
17:06:08 | INFO    | holoqpi.engine.trainer |   epoch 35 step 0/140 loss=0.4373
17:06:12 | INFO    | holoqpi.engine.trainer |   epoch 35 step 20/140 loss=0.7045
17:06:17 | INFO    | holoqpi.engine.trainer |   epoch 35 step 40/140 loss=0.6409
17:06:21 | INFO    | holoqpi.engine.trainer |   epoch 35 step 60/140 loss=0.4139
17:06:25 | INFO    | holoqpi.engine.trainer |   epoch 35 step 80/140 loss=0.4364
17:06:29 | INFO    | holoqpi.engine.trainer |   epoch 35 step 100/140 loss=0.5067
17:06:34 | INFO    | holoqpi.engine.trainer |   epoch 35 step 120/140 loss=0.7744
17:07:33 | INFO    | holoqpi.engine.trainer | epoch 35/60 (86s = 30s train + 56s val) | train_loss=0.5610  val_phase_mae=0.1708  val_dice=0.8210  val_cls_acc=nan  val_mass_mape=0.2112
17:07:34 | INFO    | holoqpi.engine.trainer |   epoch 36 step 0/140 loss=0.4239
17:07:39 | INFO    | holoqpi.engine.trainer |   epoch 36 step 20/140 loss=0.4010
17:07:43 | INFO    | holoqpi.engine.trainer |   epoch 36 step 40/140 loss=0.7063
17:07:47 | INFO    | holoqpi.engine.trainer |   epoch 36 step 60/140 loss=0.6838
17:07:51 | INFO    | holoqpi.engine.trainer |   epoch 36 step 80/140 loss=0.5448
17:07:55 | INFO    | holoqpi.engine.trainer |   epoch 36 step 100/140 loss=0.5381
17:07:59 | INFO    | holoqpi.engine.trainer |   epoch 36 step 120/140 loss=0.5008
17:08:59 | INFO    | holoqpi.engine.trainer | epoch 36/60 (86s = 29s train + 56s val) | train_loss=0.5377  val_phase_mae=0.1720  val_dice=0.8204  val_cls_acc=nan  val_mass_mape=0.2254
17:09:00 | INFO    | holoqpi.engine.trainer |   epoch 37 step 0/140 loss=0.6676
17:09:04 | INFO    | holoqpi.engine.trainer |   epoch 37 step 20/140 loss=0.7324
17:09:08 | INFO    | holoqpi.engine.trainer |   epoch 37 step 40/140 loss=0.5593
17:09:13 | INFO    | holoqpi.engine.trainer |   epoch 37 step 60/140 loss=0.4830
17:09:17 | INFO    | holoqpi.engine.trainer |   epoch 37 step 80/140 loss=0.6285
17:09:21 | INFO    | holoqpi.engine.trainer |   epoch 37 step 100/140 loss=0.5278
17:09:25 | INFO    | holoqpi.engine.trainer |   epoch 37 step 120/140 loss=0.5248
17:10:25 | INFO    | holoqpi.engine.trainer | epoch 37/60 (85s = 29s train + 56s val) | train_loss=0.5329  val_phase_mae=0.1714  val_dice=0.8247  val_cls_acc=nan  val_mass_mape=0.2076
17:10:26 | INFO    | holoqpi.engine.trainer |   epoch 38 step 0/140 loss=0.5783
17:10:30 | INFO    | holoqpi.engine.trainer |   epoch 38 step 20/140 loss=0.4137
17:10:34 | INFO    | holoqpi.engine.trainer |   epoch 38 step 40/140 loss=0.4379
17:10:38 | INFO    | holoqpi.engine.trainer |   epoch 38 step 60/140 loss=0.4685
17:10:42 | INFO    | holoqpi.engine.trainer |   epoch 38 step 80/140 loss=0.5394
17:10:47 | INFO    | holoqpi.engine.trainer |   epoch 38 step 100/140 loss=0.4193
17:10:51 | INFO    | holoqpi.engine.trainer |   epoch 38 step 120/140 loss=0.8134
17:11:51 | INFO    | holoqpi.engine.trainer | epoch 38/60 (86s = 30s train + 56s val) | train_loss=0.5359  val_phase_mae=0.1721  val_dice=0.8256  val_cls_acc=nan  val_mass_mape=0.2078
17:11:52 | INFO    | holoqpi.engine.trainer |   epoch 39 step 0/140 loss=0.6519
17:11:56 | INFO    | holoqpi.engine.trainer |   epoch 39 step 20/140 loss=0.8056
17:12:00 | INFO    | holoqpi.engine.trainer |   epoch 39 step 40/140 loss=0.6655
17:12:04 | INFO    | holoqpi.engine.trainer |   epoch 39 step 60/140 loss=0.3907
17:12:09 | INFO    | holoqpi.engine.trainer |   epoch 39 step 80/140 loss=0.6354
17:12:13 | INFO    | holoqpi.engine.trainer |   epoch 39 step 100/140 loss=0.5189
17:12:17 | INFO    | holoqpi.engine.trainer |   epoch 39 step 120/140 loss=0.4938
17:13:17 | INFO    | holoqpi.engine.trainer |   new best composite=0.8080
17:13:17 | INFO    | holoqpi.engine.trainer | epoch 39/60 (86s = 30s train + 56s val) | train_loss=0.5435  val_phase_mae=0.1702  val_dice=0.8247  val_cls_acc=nan  val_mass_mape=0.1912
17:13:18 | INFO    | holoqpi.engine.trainer |   epoch 40 step 0/140 loss=0.4607
17:13:22 | INFO    | holoqpi.engine.trainer |   epoch 40 step 20/140 loss=0.3974
17:13:26 | INFO    | holoqpi.engine.trainer |   epoch 40 step 40/140 loss=0.3945
17:13:30 | INFO    | holoqpi.engine.trainer |   epoch 40 step 60/140 loss=0.4151
17:13:34 | INFO    | holoqpi.engine.trainer |   epoch 40 step 80/140 loss=0.5186
17:13:38 | INFO    | holoqpi.engine.trainer |   epoch 40 step 100/140 loss=0.5872
17:13:43 | INFO    | holoqpi.engine.trainer |   epoch 40 step 120/140 loss=0.5538
17:14:43 | INFO    | holoqpi.engine.trainer | epoch 40/60 (86s = 30s train + 56s val) | train_loss=0.5194  val_phase_mae=0.1713  val_dice=0.8243  val_cls_acc=nan  val_mass_mape=0.1987
17:14:44 | INFO    | holoqpi.engine.trainer |   epoch 41 step 0/140 loss=0.4382
17:14:48 | INFO    | holoqpi.engine.trainer |   epoch 41 step 20/140 loss=0.5651
17:14:52 | INFO    | holoqpi.engine.trainer |   epoch 41 step 40/140 loss=0.5006
17:14:56 | INFO    | holoqpi.engine.trainer |   epoch 41 step 60/140 loss=0.4818
17:15:00 | INFO    | holoqpi.engine.trainer |   epoch 41 step 80/140 loss=0.4903
17:15:04 | INFO    | holoqpi.engine.trainer |   epoch 41 step 100/140 loss=0.7050
17:15:09 | INFO    | holoqpi.engine.trainer |   epoch 41 step 120/140 loss=0.3822
17:16:09 | INFO    | holoqpi.engine.trainer | epoch 41/60 (86s = 30s train + 56s val) | train_loss=0.5234  val_phase_mae=0.1704  val_dice=0.8257  val_cls_acc=nan  val_mass_mape=0.1884
17:16:10 | INFO    | holoqpi.engine.trainer |   epoch 42 step 0/140 loss=0.8185
17:16:14 | INFO    | holoqpi.engine.trainer |   epoch 42 step 20/140 loss=0.4555
17:16:18 | INFO    | holoqpi.engine.trainer |   epoch 42 step 40/140 loss=0.4799
17:16:22 | INFO    | holoqpi.engine.trainer |   epoch 42 step 60/140 loss=0.4170
17:16:26 | INFO    | holoqpi.engine.trainer |   epoch 42 step 80/140 loss=0.4647
17:16:31 | INFO    | holoqpi.engine.trainer |   epoch 42 step 100/140 loss=0.4695
17:16:35 | INFO    | holoqpi.engine.trainer |   epoch 42 step 120/140 loss=0.4534
17:17:35 | INFO    | holoqpi.engine.trainer | epoch 42/60 (86s = 30s train + 56s val) | train_loss=0.5244  val_phase_mae=0.1683  val_dice=0.8242  val_cls_acc=nan  val_mass_mape=0.1954
17:17:36 | INFO    | holoqpi.engine.trainer |   epoch 43 step 0/140 loss=0.7889
17:17:40 | INFO    | holoqpi.engine.trainer |   epoch 43 step 20/140 loss=0.5585
17:17:44 | INFO    | holoqpi.engine.trainer |   epoch 43 step 40/140 loss=0.4051
17:17:48 | INFO    | holoqpi.engine.trainer |   epoch 43 step 60/140 loss=0.5905
17:17:52 | INFO    | holoqpi.engine.trainer |   epoch 43 step 80/140 loss=0.5008
17:17:57 | INFO    | holoqpi.engine.trainer |   epoch 43 step 100/140 loss=0.5203
17:18:01 | INFO    | holoqpi.engine.trainer |   epoch 43 step 120/140 loss=0.5210
17:19:00 | INFO    | holoqpi.engine.trainer | epoch 43/60 (86s = 30s train + 55s val) | train_loss=0.5259  val_phase_mae=0.1664  val_dice=0.8234  val_cls_acc=nan  val_mass_mape=0.1960
17:19:01 | INFO    | holoqpi.engine.trainer |   epoch 44 step 0/140 loss=0.4077
17:19:06 | INFO    | holoqpi.engine.trainer |   epoch 44 step 20/140 loss=0.5071
17:19:10 | INFO    | holoqpi.engine.trainer |   epoch 44 step 40/140 loss=0.4199
17:19:14 | INFO    | holoqpi.engine.trainer |   epoch 44 step 60/140 loss=0.6503
17:19:18 | INFO    | holoqpi.engine.trainer |   epoch 44 step 80/140 loss=0.6615
17:19:23 | INFO    | holoqpi.engine.trainer |   epoch 44 step 100/140 loss=0.5908
17:19:27 | INFO    | holoqpi.engine.trainer |   epoch 44 step 120/140 loss=0.5687
17:20:26 | INFO    | holoqpi.engine.trainer |   new best composite=0.8095
17:20:26 | INFO    | holoqpi.engine.trainer | epoch 44/60 (85s = 31s train + 55s val) | train_loss=0.5155  val_phase_mae=0.1688  val_dice=0.8246  val_cls_acc=nan  val_mass_mape=0.1824
17:20:27 | INFO    | holoqpi.engine.trainer |   epoch 45 step 0/140 loss=0.4917
17:20:31 | INFO    | holoqpi.engine.trainer |   epoch 45 step 20/140 loss=0.4473
17:20:35 | INFO    | holoqpi.engine.trainer |   epoch 45 step 40/140 loss=0.4773
17:20:40 | INFO    | holoqpi.engine.trainer |   epoch 45 step 60/140 loss=0.4395
17:20:44 | INFO    | holoqpi.engine.trainer |   epoch 45 step 80/140 loss=0.6566
17:20:49 | INFO    | holoqpi.engine.trainer |   epoch 45 step 100/140 loss=0.5234
17:20:53 | INFO    | holoqpi.engine.trainer |   epoch 45 step 120/140 loss=0.4436
17:21:52 | INFO    | holoqpi.engine.trainer | epoch 45/60 (86s = 31s train + 55s val) | train_loss=0.5190  val_phase_mae=0.1666  val_dice=0.8256  val_cls_acc=nan  val_mass_mape=0.1843
17:21:53 | INFO    | holoqpi.engine.trainer |   epoch 46 step 0/140 loss=0.6121
17:21:57 | INFO    | holoqpi.engine.trainer |   epoch 46 step 20/140 loss=0.6049
17:22:01 | INFO    | holoqpi.engine.trainer |   epoch 46 step 40/140 loss=0.3985
17:22:05 | INFO    | holoqpi.engine.trainer |   epoch 46 step 60/140 loss=0.4926
17:22:10 | INFO    | holoqpi.engine.trainer |   epoch 46 step 80/140 loss=0.5302
17:22:14 | INFO    | holoqpi.engine.trainer |   epoch 46 step 100/140 loss=0.4909
17:22:19 | INFO    | holoqpi.engine.trainer |   epoch 46 step 120/140 loss=0.6639
17:23:18 | INFO    | holoqpi.engine.trainer | epoch 46/60 (86s = 31s train + 55s val) | train_loss=0.5069  val_phase_mae=0.1723  val_dice=0.8260  val_cls_acc=nan  val_mass_mape=0.1999
17:23:19 | INFO    | holoqpi.engine.trainer |   epoch 47 step 0/140 loss=0.4239
17:23:23 | INFO    | holoqpi.engine.trainer |   epoch 47 step 20/140 loss=0.4672
17:23:27 | INFO    | holoqpi.engine.trainer |   epoch 47 step 40/140 loss=0.4939
17:23:32 | INFO    | holoqpi.engine.trainer |   epoch 47 step 60/140 loss=0.6098
17:23:36 | INFO    | holoqpi.engine.trainer |   epoch 47 step 80/140 loss=0.3273
17:23:41 | INFO    | holoqpi.engine.trainer |   epoch 47 step 100/140 loss=0.4718
17:23:46 | INFO    | holoqpi.engine.trainer |   epoch 47 step 120/140 loss=0.6357
17:24:44 | INFO    | holoqpi.engine.trainer | epoch 47/60 (87s = 32s train + 55s val) | train_loss=0.4997  val_phase_mae=0.1684  val_dice=0.8251  val_cls_acc=nan  val_mass_mape=0.1850
17:24:45 | INFO    | holoqpi.engine.trainer |   epoch 48 step 0/140 loss=0.4626
17:24:49 | INFO    | holoqpi.engine.trainer |   epoch 48 step 20/140 loss=0.6332
17:24:54 | INFO    | holoqpi.engine.trainer |   epoch 48 step 40/140 loss=0.4630
17:24:58 | INFO    | holoqpi.engine.trainer |   epoch 48 step 60/140 loss=0.5472
17:25:03 | INFO    | holoqpi.engine.trainer |   epoch 48 step 80/140 loss=0.3818
17:25:07 | INFO    | holoqpi.engine.trainer |   epoch 48 step 100/140 loss=0.5113
17:25:12 | INFO    | holoqpi.engine.trainer |   epoch 48 step 120/140 loss=0.4239
17:26:11 | INFO    | holoqpi.engine.trainer | epoch 48/60 (86s = 31s train + 55s val) | train_loss=0.5030  val_phase_mae=0.1675  val_dice=0.8257  val_cls_acc=nan  val_mass_mape=0.1890
17:26:12 | INFO    | holoqpi.engine.trainer |   epoch 49 step 0/140 loss=0.3773
17:26:16 | INFO    | holoqpi.engine.trainer |   epoch 49 step 20/140 loss=0.4058
17:26:21 | INFO    | holoqpi.engine.trainer |   epoch 49 step 40/140 loss=0.5108
17:26:25 | INFO    | holoqpi.engine.trainer |   epoch 49 step 60/140 loss=0.4595
17:26:30 | INFO    | holoqpi.engine.trainer |   epoch 49 step 80/140 loss=0.5325
17:26:34 | INFO    | holoqpi.engine.trainer |   epoch 49 step 100/140 loss=0.5554
17:26:39 | INFO    | holoqpi.engine.trainer |   epoch 49 step 120/140 loss=0.4062
17:27:37 | INFO    | holoqpi.engine.trainer | epoch 49/60 (86s = 32s train + 55s val) | train_loss=0.4995  val_phase_mae=0.1717  val_dice=0.8260  val_cls_acc=nan  val_mass_mape=0.1999
17:27:38 | INFO    | holoqpi.engine.trainer |   epoch 50 step 0/140 loss=0.5814
17:27:43 | INFO    | holoqpi.engine.trainer |   epoch 50 step 20/140 loss=0.4084
17:27:47 | INFO    | holoqpi.engine.trainer |   epoch 50 step 40/140 loss=0.4038
17:27:52 | INFO    | holoqpi.engine.trainer |   epoch 50 step 60/140 loss=0.4059
17:27:56 | INFO    | holoqpi.engine.trainer |   epoch 50 step 80/140 loss=0.3890
17:28:01 | INFO    | holoqpi.engine.trainer |   epoch 50 step 100/140 loss=0.6197
17:28:05 | INFO    | holoqpi.engine.trainer |   epoch 50 step 120/140 loss=0.3975
17:29:04 | INFO    | holoqpi.engine.trainer |   new best composite=0.8100
17:29:04 | INFO    | holoqpi.engine.trainer | epoch 50/60 (86s = 32s train + 54s val) | train_loss=0.4981  val_phase_mae=0.1704  val_dice=0.8268  val_cls_acc=nan  val_mass_mape=0.1868
17:29:05 | INFO    | holoqpi.engine.trainer |   epoch 51 step 0/140 loss=0.5451
17:29:09 | INFO    | holoqpi.engine.trainer |   epoch 51 step 20/140 loss=0.5682
17:29:14 | INFO    | holoqpi.engine.trainer |   epoch 51 step 40/140 loss=0.6248
17:29:18 | INFO    | holoqpi.engine.trainer |   epoch 51 step 60/140 loss=0.4198
17:29:23 | INFO    | holoqpi.engine.trainer |   epoch 51 step 80/140 loss=0.3742
17:29:27 | INFO    | holoqpi.engine.trainer |   epoch 51 step 100/140 loss=0.5375
17:29:32 | INFO    | holoqpi.engine.trainer |   epoch 51 step 120/140 loss=0.4136
17:30:31 | INFO    | holoqpi.engine.trainer | epoch 51/60 (87s = 32s train + 55s val) | train_loss=0.5102  val_phase_mae=0.1681  val_dice=0.8262  val_cls_acc=nan  val_mass_mape=0.1935
17:30:32 | INFO    | holoqpi.engine.trainer |   epoch 52 step 0/140 loss=0.4899
17:30:36 | INFO    | holoqpi.engine.trainer |   epoch 52 step 20/140 loss=0.5917
17:30:41 | INFO    | holoqpi.engine.trainer |   epoch 52 step 40/140 loss=0.4661
17:30:45 | INFO    | holoqpi.engine.trainer |   epoch 52 step 60/140 loss=0.4958
17:30:50 | INFO    | holoqpi.engine.trainer |   epoch 52 step 80/140 loss=0.3393
17:30:54 | INFO    | holoqpi.engine.trainer |   epoch 52 step 100/140 loss=0.4108
17:30:59 | INFO    | holoqpi.engine.trainer |   epoch 52 step 120/140 loss=0.6102
17:31:57 | INFO    | holoqpi.engine.trainer | epoch 52/60 (86s = 32s train + 54s val) | train_loss=0.5080  val_phase_mae=0.1703  val_dice=0.8266  val_cls_acc=nan  val_mass_mape=0.1918
17:31:58 | INFO    | holoqpi.engine.trainer |   epoch 53 step 0/140 loss=0.4660
17:32:02 | INFO    | holoqpi.engine.trainer |   epoch 53 step 20/140 loss=0.6183
17:32:07 | INFO    | holoqpi.engine.trainer |   epoch 53 step 40/140 loss=0.4011
17:32:11 | INFO    | holoqpi.engine.trainer |   epoch 53 step 60/140 loss=0.4804
17:32:16 | INFO    | holoqpi.engine.trainer |   epoch 53 step 80/140 loss=0.4414
17:32:20 | INFO    | holoqpi.engine.trainer |   epoch 53 step 100/140 loss=0.4491
17:32:24 | INFO    | holoqpi.engine.trainer |   epoch 53 step 120/140 loss=0.5203
17:33:23 | INFO    | holoqpi.engine.trainer | epoch 53/60 (86s = 31s train + 55s val) | train_loss=0.5002  val_phase_mae=0.1727  val_dice=0.8262  val_cls_acc=nan  val_mass_mape=0.1958
17:33:24 | INFO    | holoqpi.engine.trainer |   epoch 54 step 0/140 loss=0.4285
17:33:28 | INFO    | holoqpi.engine.trainer |   epoch 54 step 20/140 loss=0.4158
17:33:33 | INFO    | holoqpi.engine.trainer |   epoch 54 step 40/140 loss=0.5082
17:33:37 | INFO    | holoqpi.engine.trainer |   epoch 54 step 60/140 loss=0.6807
17:33:42 | INFO    | holoqpi.engine.trainer |   epoch 54 step 80/140 loss=0.6944
17:33:46 | INFO    | holoqpi.engine.trainer |   epoch 54 step 100/140 loss=0.3588
17:33:50 | INFO    | holoqpi.engine.trainer |   epoch 54 step 120/140 loss=0.4158
17:34:49 | INFO    | holoqpi.engine.trainer | epoch 54/60 (86s = 31s train + 55s val) | train_loss=0.4967  val_phase_mae=0.1727  val_dice=0.8270  val_cls_acc=nan  val_mass_mape=0.1931
17:34:50 | INFO    | holoqpi.engine.trainer |   epoch 55 step 0/140 loss=0.4753
17:34:54 | INFO    | holoqpi.engine.trainer |   epoch 55 step 20/140 loss=0.3846
17:34:59 | INFO    | holoqpi.engine.trainer |   epoch 55 step 40/140 loss=0.5854
17:35:03 | INFO    | holoqpi.engine.trainer |   epoch 55 step 60/140 loss=0.5531
17:35:08 | INFO    | holoqpi.engine.trainer |   epoch 55 step 80/140 loss=0.4599
17:35:12 | INFO    | holoqpi.engine.trainer |   epoch 55 step 100/140 loss=0.4824
17:35:16 | INFO    | holoqpi.engine.trainer |   epoch 55 step 120/140 loss=0.4376
17:36:15 | INFO    | holoqpi.engine.trainer | epoch 55/60 (86s = 31s train + 55s val) | train_loss=0.5008  val_phase_mae=0.1689  val_dice=0.8270  val_cls_acc=nan  val_mass_mape=0.1894
17:36:16 | INFO    | holoqpi.engine.trainer |   epoch 56 step 0/140 loss=0.3874
17:36:20 | INFO    | holoqpi.engine.trainer |   epoch 56 step 20/140 loss=0.4648
17:36:25 | INFO    | holoqpi.engine.trainer |   epoch 56 step 40/140 loss=0.3883
17:36:29 | INFO    | holoqpi.engine.trainer |   epoch 56 step 60/140 loss=0.5744
17:36:33 | INFO    | holoqpi.engine.trainer |   epoch 56 step 80/140 loss=0.5234
17:36:38 | INFO    | holoqpi.engine.trainer |   epoch 56 step 100/140 loss=0.4292
17:36:42 | INFO    | holoqpi.engine.trainer |   epoch 56 step 120/140 loss=0.4629
17:37:42 | INFO    | holoqpi.engine.trainer | epoch 56/60 (88s = 30s train + 57s val) | train_loss=0.5010  val_phase_mae=0.1680  val_dice=0.8268  val_cls_acc=nan  val_mass_mape=0.1959
17:37:43 | INFO    | holoqpi.engine.trainer |   epoch 57 step 0/140 loss=0.5108
17:37:48 | INFO    | holoqpi.engine.trainer |   epoch 57 step 20/140 loss=0.6293
17:37:52 | INFO    | holoqpi.engine.trainer |   epoch 57 step 40/140 loss=0.5099
17:37:57 | INFO    | holoqpi.engine.trainer |   epoch 57 step 60/140 loss=0.6031
17:38:01 | INFO    | holoqpi.engine.trainer |   epoch 57 step 80/140 loss=0.4254
17:38:05 | INFO    | holoqpi.engine.trainer |   epoch 57 step 100/140 loss=0.4480
17:38:09 | INFO    | holoqpi.engine.trainer |   epoch 57 step 120/140 loss=0.4233
17:39:07 | INFO    | holoqpi.engine.trainer | epoch 57/60 (85s = 30s train + 54s val) | train_loss=0.5097  val_phase_mae=0.1683  val_dice=0.8256  val_cls_acc=nan  val_mass_mape=0.1975
17:39:08 | INFO    | holoqpi.engine.trainer |   epoch 58 step 0/140 loss=0.5946
17:39:12 | INFO    | holoqpi.engine.trainer |   epoch 58 step 20/140 loss=0.4833
17:39:17 | INFO    | holoqpi.engine.trainer |   epoch 58 step 40/140 loss=0.5866
17:39:21 | INFO    | holoqpi.engine.trainer |   epoch 58 step 60/140 loss=0.4232
17:39:25 | INFO    | holoqpi.engine.trainer |   epoch 58 step 80/140 loss=0.8109
17:39:29 | INFO    | holoqpi.engine.trainer |   epoch 58 step 100/140 loss=0.4271
17:39:34 | INFO    | holoqpi.engine.trainer |   epoch 58 step 120/140 loss=0.4735
17:40:32 | INFO    | holoqpi.engine.trainer | epoch 58/60 (85s = 30s train + 55s val) | train_loss=0.4989  val_phase_mae=0.1706  val_dice=0.8263  val_cls_acc=nan  val_mass_mape=0.1917
17:40:33 | INFO    | holoqpi.engine.trainer |   epoch 59 step 0/140 loss=0.4233
17:40:37 | INFO    | holoqpi.engine.trainer |   epoch 59 step 20/140 loss=0.4899
17:40:41 | INFO    | holoqpi.engine.trainer |   epoch 59 step 40/140 loss=0.4721
17:40:46 | INFO    | holoqpi.engine.trainer |   epoch 59 step 60/140 loss=0.4288
17:40:50 | INFO    | holoqpi.engine.trainer |   epoch 59 step 80/140 loss=0.3510
17:40:54 | INFO    | holoqpi.engine.trainer |   epoch 59 step 100/140 loss=0.4199
17:40:59 | INFO    | holoqpi.engine.trainer |   epoch 59 step 120/140 loss=0.4883
17:41:58 | INFO    | holoqpi.engine.trainer | epoch 59/60 (86s = 30s train + 56s val) | train_loss=0.4961  val_phase_mae=0.1681  val_dice=0.8272  val_cls_acc=nan  val_mass_mape=0.1880
17:41:59 | INFO    | holoqpi.engine.trainer |   epoch 60 step 0/140 loss=0.4108
17:42:04 | INFO    | holoqpi.engine.trainer |   epoch 60 step 20/140 loss=0.4909
17:42:08 | INFO    | holoqpi.engine.trainer |   epoch 60 step 40/140 loss=0.3979
17:42:12 | INFO    | holoqpi.engine.trainer |   epoch 60 step 60/140 loss=0.3972
17:42:16 | INFO    | holoqpi.engine.trainer |   epoch 60 step 80/140 loss=0.4357
17:42:20 | INFO    | holoqpi.engine.trainer |   epoch 60 step 100/140 loss=0.5152
17:42:25 | INFO    | holoqpi.engine.trainer |   epoch 60 step 120/140 loss=0.5976
17:43:24 | INFO    | holoqpi.engine.trainer | epoch 60/60 (86s = 30s train + 56s val) | train_loss=0.5034  val_phase_mae=0.1740  val_dice=0.8267  val_cls_acc=nan  val_mass_mape=0.1960
17:43:24 | INFO    | holoqpi.engine.trainer | training finished; best epoch 50 (composite=0.8100)
