09:07:22 | INFO    | holoqpi | training v2_cell_ipp on off_axis (device=cuda)
09:07:22 | INFO    | holoqpi.data.dataset | train split: 560 samples | modality=off_axis | crop=512 | augment=True
09:07:22 | INFO    | holoqpi.data.dataset | val split: 127 samples | modality=off_axis | crop=None | augment=False
09:07:23 | INFO    | holoqpi.models.encoders | loading pretrained mobilenet_v2 from weights/mobilenet_v2-b0353104.pth
09:07:23 | INFO    | holoqpi.models.encoders | loading pretrained mobilenet_v2 from weights/mobilenet_v2-b0353104.pth
09:07:23 | INFO    | holoqpi.models.encoders | encoder=mobilenet_v2 in_channels=1 pretrained=True weights=local (weights) stages=[16, 24, 32, 96, 1280]
09:07:23 | INFO    | holoqpi.models.holonet | HoloQPINet built: 9.60M parameters, 9.60M trainable (100.0%)
09:07:25 | INFO    | holoqpi.engine.trainer | trainable 9.60M / 9.60M parameters (100.0%)
09:07:25 | INFO    | holoqpi.engine.trainer | objective: cell_integrated_phase=1  phase=1  segmentation=1
09:07:25 | INFO    | holoqpi.engine.trainer | active physics terms: ['cell_integrated_phase']
09:07:31 | INFO    | holoqpi.engine.trainer |   epoch 1 step 0/140 loss=2.9626
09:07:34 | INFO    | holoqpi.engine.trainer |   epoch 1 step 20/140 loss=2.5064
09:07:39 | INFO    | holoqpi.engine.trainer |   epoch 1 step 40/140 loss=2.1246
09:07:44 | INFO    | holoqpi.engine.trainer |   epoch 1 step 60/140 loss=1.9967
09:07:48 | INFO    | holoqpi.engine.trainer |   epoch 1 step 80/140 loss=1.7103
09:07:53 | INFO    | holoqpi.engine.trainer |   epoch 1 step 100/140 loss=1.7498
09:07:58 | INFO    | holoqpi.engine.trainer |   epoch 1 step 120/140 loss=1.4410
09:09:00 | INFO    | holoqpi.engine.trainer |   new best composite=0.5955
09:09:00 | INFO    | holoqpi.engine.trainer | epoch 1/60 (95s = 38s train + 57s val) | train_loss=1.9470  val_phase_mae=0.3137  val_dice=0.5986  val_cls_acc=nan  val_mass_mape=0.2740
09:09:00 | INFO    | holoqpi.engine.trainer |   at this rate the full 60-epoch schedule takes about 95 min
09:09:01 | INFO    | holoqpi.engine.trainer |   epoch 2 step 0/140 loss=1.4083
09:09:05 | INFO    | holoqpi.engine.trainer |   epoch 2 step 20/140 loss=1.5620
09:09:10 | INFO    | holoqpi.engine.trainer |   epoch 2 step 40/140 loss=1.3465
09:09:14 | INFO    | holoqpi.engine.trainer |   epoch 2 step 60/140 loss=1.2610
09:09:19 | INFO    | holoqpi.engine.trainer |   epoch 2 step 80/140 loss=1.3036
09:09:23 | INFO    | holoqpi.engine.trainer |   epoch 2 step 100/140 loss=1.0745
09:09:27 | INFO    | holoqpi.engine.trainer |   epoch 2 step 120/140 loss=1.2540
09:10:24 | INFO    | holoqpi.engine.trainer |   new best composite=0.6202
09:10:24 | INFO    | holoqpi.engine.trainer | epoch 2/60 (84s = 31s train + 53s val) | train_loss=1.2577  val_phase_mae=0.2509  val_dice=0.7058  val_cls_acc=nan  val_mass_mape=0.5362
09:10:25 | INFO    | holoqpi.engine.trainer |   epoch 3 step 0/140 loss=1.0442
09:10:30 | INFO    | holoqpi.engine.trainer |   epoch 3 step 20/140 loss=0.9823
09:10:34 | INFO    | holoqpi.engine.trainer |   epoch 3 step 40/140 loss=0.8408
09:10:38 | INFO    | holoqpi.engine.trainer |   epoch 3 step 60/140 loss=0.9568
09:10:43 | INFO    | holoqpi.engine.trainer |   epoch 3 step 80/140 loss=0.8131
09:10:47 | INFO    | holoqpi.engine.trainer |   epoch 3 step 100/140 loss=0.8494
09:10:51 | INFO    | holoqpi.engine.trainer |   epoch 3 step 120/140 loss=0.8548
09:11:47 | INFO    | holoqpi.engine.trainer |   new best composite=0.7295
09:11:47 | INFO    | holoqpi.engine.trainer | epoch 3/60 (83s = 31s train + 52s val) | train_loss=0.9802  val_phase_mae=0.2077  val_dice=0.7439  val_cls_acc=nan  val_mass_mape=0.2405
09:11:48 | INFO    | holoqpi.engine.trainer |   epoch 4 step 0/140 loss=1.0246
09:11:53 | INFO    | holoqpi.engine.trainer |   epoch 4 step 20/140 loss=0.7123
09:11:57 | INFO    | holoqpi.engine.trainer |   epoch 4 step 40/140 loss=0.8721
09:12:02 | INFO    | holoqpi.engine.trainer |   epoch 4 step 60/140 loss=0.8760
09:12:07 | INFO    | holoqpi.engine.trainer |   epoch 4 step 80/140 loss=0.9239
09:12:11 | INFO    | holoqpi.engine.trainer |   epoch 4 step 100/140 loss=1.1431
09:12:15 | INFO    | holoqpi.engine.trainer |   epoch 4 step 120/140 loss=1.2146
09:13:12 | INFO    | holoqpi.engine.trainer | epoch 4/60 (85s = 32s train + 53s val) | train_loss=0.8650  val_phase_mae=0.2282  val_dice=0.7500  val_cls_acc=nan  val_mass_mape=0.5441
09:13:13 | INFO    | holoqpi.engine.trainer |   epoch 5 step 0/140 loss=1.0288
09:13:18 | INFO    | holoqpi.engine.trainer |   epoch 5 step 20/140 loss=0.6707
09:13:23 | INFO    | holoqpi.engine.trainer |   epoch 5 step 40/140 loss=0.9455
09:13:27 | INFO    | holoqpi.engine.trainer |   epoch 5 step 60/140 loss=0.8495
09:13:32 | INFO    | holoqpi.engine.trainer |   epoch 5 step 80/140 loss=0.6449
09:13:36 | INFO    | holoqpi.engine.trainer |   epoch 5 step 100/140 loss=0.9404
09:13:40 | INFO    | holoqpi.engine.trainer |   epoch 5 step 120/140 loss=0.6220
09:14:36 | INFO    | holoqpi.engine.trainer |   new best composite=0.7639
09:14:36 | INFO    | holoqpi.engine.trainer | epoch 5/60 (84s = 32s train + 52s val) | train_loss=0.8125  val_phase_mae=0.1940  val_dice=0.7902  val_cls_acc=nan  val_mass_mape=0.2366
09:14:37 | INFO    | holoqpi.engine.trainer |   epoch 6 step 0/140 loss=0.6048
09:14:41 | INFO    | holoqpi.engine.trainer |   epoch 6 step 20/140 loss=0.9074
09:14:45 | INFO    | holoqpi.engine.trainer |   epoch 6 step 40/140 loss=0.6870
09:14:49 | INFO    | holoqpi.engine.trainer |   epoch 6 step 60/140 loss=0.5270
09:14:53 | INFO    | holoqpi.engine.trainer |   epoch 6 step 80/140 loss=0.7433
09:14:57 | INFO    | holoqpi.engine.trainer |   epoch 6 step 100/140 loss=0.5911
09:15:01 | INFO    | holoqpi.engine.trainer |   epoch 6 step 120/140 loss=1.2002
09:15:58 | INFO    | holoqpi.engine.trainer | epoch 6/60 (82s = 30s train + 53s val) | train_loss=0.7692  val_phase_mae=0.1958  val_dice=0.7798  val_cls_acc=nan  val_mass_mape=0.2250
09:15:59 | INFO    | holoqpi.engine.trainer |   epoch 7 step 0/140 loss=0.9172
09:16:03 | INFO    | holoqpi.engine.trainer |   epoch 7 step 20/140 loss=0.7337
09:16:07 | INFO    | holoqpi.engine.trainer |   epoch 7 step 40/140 loss=0.5848
09:16:11 | INFO    | holoqpi.engine.trainer |   epoch 7 step 60/140 loss=0.6094
09:16:15 | INFO    | holoqpi.engine.trainer |   epoch 7 step 80/140 loss=0.7597
09:16:19 | INFO    | holoqpi.engine.trainer |   epoch 7 step 100/140 loss=0.8443
09:16:23 | INFO    | holoqpi.engine.trainer |   epoch 7 step 120/140 loss=0.7106
09:17:20 | INFO    | holoqpi.engine.trainer |   new best composite=0.7685
09:17:20 | INFO    | holoqpi.engine.trainer | epoch 7/60 (82s = 29s train + 53s val) | train_loss=0.7291  val_phase_mae=0.1877  val_dice=0.7880  val_cls_acc=nan  val_mass_mape=0.2252
09:17:21 | INFO    | holoqpi.engine.trainer |   epoch 8 step 0/140 loss=0.7738
09:17:25 | INFO    | holoqpi.engine.trainer |   epoch 8 step 20/140 loss=0.7178
09:17:29 | INFO    | holoqpi.engine.trainer |   epoch 8 step 40/140 loss=0.6971
09:17:33 | INFO    | holoqpi.engine.trainer |   epoch 8 step 60/140 loss=0.9272
09:17:37 | INFO    | holoqpi.engine.trainer |   epoch 8 step 80/140 loss=1.0097
09:17:42 | INFO    | holoqpi.engine.trainer |   epoch 8 step 100/140 loss=0.7651
09:17:46 | INFO    | holoqpi.engine.trainer |   epoch 8 step 120/140 loss=0.6854
09:18:42 | INFO    | holoqpi.engine.trainer |   new best composite=0.7693
09:18:42 | INFO    | holoqpi.engine.trainer | epoch 8/60 (82s = 29s train + 53s val) | train_loss=0.7253  val_phase_mae=0.1887  val_dice=0.7881  val_cls_acc=nan  val_mass_mape=0.2174
09:18:43 | INFO    | holoqpi.engine.trainer |   epoch 9 step 0/140 loss=0.7039
09:18:47 | INFO    | holoqpi.engine.trainer |   epoch 9 step 20/140 loss=0.7680
09:18:51 | INFO    | holoqpi.engine.trainer |   epoch 9 step 40/140 loss=0.6480
09:18:55 | INFO    | holoqpi.engine.trainer |   epoch 9 step 60/140 loss=0.7550
09:18:59 | INFO    | holoqpi.engine.trainer |   epoch 9 step 80/140 loss=0.6409
09:19:03 | INFO    | holoqpi.engine.trainer |   epoch 9 step 100/140 loss=0.5901
09:19:07 | INFO    | holoqpi.engine.trainer |   epoch 9 step 120/140 loss=0.6763
09:20:04 | INFO    | holoqpi.engine.trainer |   new best composite=0.7794
09:20:04 | INFO    | holoqpi.engine.trainer | epoch 9/60 (82s = 29s train + 53s val) | train_loss=0.7273  val_phase_mae=0.1847  val_dice=0.8065  val_cls_acc=nan  val_mass_mape=0.2405
09:20:05 | INFO    | holoqpi.engine.trainer |   epoch 10 step 0/140 loss=0.5937
09:20:09 | INFO    | holoqpi.engine.trainer |   epoch 10 step 20/140 loss=0.7430
09:20:13 | INFO    | holoqpi.engine.trainer |   epoch 10 step 40/140 loss=0.5917
09:20:17 | INFO    | holoqpi.engine.trainer |   epoch 10 step 60/140 loss=0.6806
09:20:21 | INFO    | holoqpi.engine.trainer |   epoch 10 step 80/140 loss=0.5568
09:20:25 | INFO    | holoqpi.engine.trainer |   epoch 10 step 100/140 loss=1.0522
09:20:30 | INFO    | holoqpi.engine.trainer |   epoch 10 step 120/140 loss=0.5634
09:21:27 | INFO    | holoqpi.engine.trainer | epoch 10/60 (83s = 29s train + 54s val) | train_loss=0.6958  val_phase_mae=0.1872  val_dice=0.7928  val_cls_acc=nan  val_mass_mape=0.2444
09:21:28 | INFO    | holoqpi.engine.trainer |   epoch 11 step 0/140 loss=0.5847
09:21:32 | INFO    | holoqpi.engine.trainer |   epoch 11 step 20/140 loss=0.5882
09:21:36 | INFO    | holoqpi.engine.trainer |   epoch 11 step 40/140 loss=0.7935
09:21:40 | INFO    | holoqpi.engine.trainer |   epoch 11 step 60/140 loss=0.6493
09:21:44 | INFO    | holoqpi.engine.trainer |   epoch 11 step 80/140 loss=0.6413
09:21:48 | INFO    | holoqpi.engine.trainer |   epoch 11 step 100/140 loss=0.6290
09:21:52 | INFO    | holoqpi.engine.trainer |   epoch 11 step 120/140 loss=0.7851
09:22:50 | INFO    | holoqpi.engine.trainer | epoch 11/60 (82s = 29s train + 53s val) | train_loss=0.6611  val_phase_mae=0.1851  val_dice=0.8028  val_cls_acc=nan  val_mass_mape=0.2137
09:22:51 | INFO    | holoqpi.engine.trainer |   epoch 12 step 0/140 loss=0.7359
09:22:55 | INFO    | holoqpi.engine.trainer |   epoch 12 step 20/140 loss=0.5977
09:22:59 | INFO    | holoqpi.engine.trainer |   epoch 12 step 40/140 loss=0.5697
09:23:03 | INFO    | holoqpi.engine.trainer |   epoch 12 step 60/140 loss=0.5268
09:23:07 | INFO    | holoqpi.engine.trainer |   epoch 12 step 80/140 loss=0.6479
09:23:11 | INFO    | holoqpi.engine.trainer |   epoch 12 step 100/140 loss=0.6077
09:23:16 | INFO    | holoqpi.engine.trainer |   epoch 12 step 120/140 loss=0.5895
09:24:12 | INFO    | holoqpi.engine.trainer |   new best composite=0.7833
09:24:12 | INFO    | holoqpi.engine.trainer | epoch 12/60 (82s = 30s train + 52s val) | train_loss=0.6421  val_phase_mae=0.1851  val_dice=0.8047  val_cls_acc=nan  val_mass_mape=0.2182
09:24:13 | INFO    | holoqpi.engine.trainer |   epoch 13 step 0/140 loss=0.6123
09:24:17 | INFO    | holoqpi.engine.trainer |   epoch 13 step 20/140 loss=0.6627
09:24:21 | INFO    | holoqpi.engine.trainer |   epoch 13 step 40/140 loss=0.7334
09:24:25 | INFO    | holoqpi.engine.trainer |   epoch 13 step 60/140 loss=0.6720
09:24:29 | INFO    | holoqpi.engine.trainer |   epoch 13 step 80/140 loss=0.7009
09:24:33 | INFO    | holoqpi.engine.trainer |   epoch 13 step 100/140 loss=0.9895
09:24:38 | INFO    | holoqpi.engine.trainer |   epoch 13 step 120/140 loss=0.4713
09:25:34 | INFO    | holoqpi.engine.trainer |   new best composite=0.7911
09:25:34 | INFO    | holoqpi.engine.trainer | epoch 13/60 (82s = 31s train + 51s val) | train_loss=0.6657  val_phase_mae=0.1809  val_dice=0.8091  val_cls_acc=nan  val_mass_mape=0.2047
09:25:35 | INFO    | holoqpi.engine.trainer |   epoch 14 step 0/140 loss=0.5249
09:25:39 | INFO    | holoqpi.engine.trainer |   epoch 14 step 20/140 loss=0.8291
09:25:43 | INFO    | holoqpi.engine.trainer |   epoch 14 step 40/140 loss=0.5357
09:25:47 | INFO    | holoqpi.engine.trainer |   epoch 14 step 60/140 loss=0.9575
09:25:52 | INFO    | holoqpi.engine.trainer |   epoch 14 step 80/140 loss=0.6272
09:25:56 | INFO    | holoqpi.engine.trainer |   epoch 14 step 100/140 loss=0.6761
09:26:01 | INFO    | holoqpi.engine.trainer |   epoch 14 step 120/140 loss=0.7487
09:26:57 | INFO    | holoqpi.engine.trainer | epoch 14/60 (83s = 32s train + 51s val) | train_loss=0.6565  val_phase_mae=0.1784  val_dice=0.8092  val_cls_acc=nan  val_mass_mape=0.2051
09:26:58 | INFO    | holoqpi.engine.trainer |   epoch 15 step 0/140 loss=1.1315
09:27:02 | INFO    | holoqpi.engine.trainer |   epoch 15 step 20/140 loss=0.5530
09:27:06 | INFO    | holoqpi.engine.trainer |   epoch 15 step 40/140 loss=0.5203
09:27:11 | INFO    | holoqpi.engine.trainer |   epoch 15 step 60/140 loss=0.5136
09:27:15 | INFO    | holoqpi.engine.trainer |   epoch 15 step 80/140 loss=0.7833
09:27:20 | INFO    | holoqpi.engine.trainer |   epoch 15 step 100/140 loss=0.6932
09:27:24 | INFO    | holoqpi.engine.trainer |   epoch 15 step 120/140 loss=0.7562
09:28:19 | INFO    | holoqpi.engine.trainer | epoch 15/60 (82s = 31s train + 51s val) | train_loss=0.6312  val_phase_mae=0.1778  val_dice=0.8122  val_cls_acc=nan  val_mass_mape=0.2238
09:28:20 | INFO    | holoqpi.engine.trainer |   epoch 16 step 0/140 loss=0.6454
09:28:25 | INFO    | holoqpi.engine.trainer |   epoch 16 step 20/140 loss=0.5886
09:28:29 | INFO    | holoqpi.engine.trainer |   epoch 16 step 40/140 loss=0.4730
09:28:34 | INFO    | holoqpi.engine.trainer |   epoch 16 step 60/140 loss=0.6236
09:28:38 | INFO    | holoqpi.engine.trainer |   epoch 16 step 80/140 loss=0.6784
09:28:42 | INFO    | holoqpi.engine.trainer |   epoch 16 step 100/140 loss=0.6659
09:28:47 | INFO    | holoqpi.engine.trainer |   epoch 16 step 120/140 loss=0.8110
09:29:42 | INFO    | holoqpi.engine.trainer | epoch 16/60 (83s = 31s train + 52s val) | train_loss=0.6100  val_phase_mae=0.1827  val_dice=0.8079  val_cls_acc=nan  val_mass_mape=0.2288
09:29:44 | INFO    | holoqpi.engine.trainer |   epoch 17 step 0/140 loss=0.8413
09:29:48 | INFO    | holoqpi.engine.trainer |   epoch 17 step 20/140 loss=0.5960
09:29:52 | INFO    | holoqpi.engine.trainer |   epoch 17 step 40/140 loss=0.5334
09:29:57 | INFO    | holoqpi.engine.trainer |   epoch 17 step 60/140 loss=0.5870
09:30:01 | INFO    | holoqpi.engine.trainer |   epoch 17 step 80/140 loss=0.5312
09:30:05 | INFO    | holoqpi.engine.trainer |   epoch 17 step 100/140 loss=0.5945
09:30:09 | INFO    | holoqpi.engine.trainer |   epoch 17 step 120/140 loss=0.4158
09:31:05 | INFO    | holoqpi.engine.trainer | epoch 17/60 (83s = 30s train + 52s val) | train_loss=0.6163  val_phase_mae=0.1779  val_dice=0.8141  val_cls_acc=nan  val_mass_mape=0.2238
09:31:06 | INFO    | holoqpi.engine.trainer |   epoch 18 step 0/140 loss=0.5154
09:31:11 | INFO    | holoqpi.engine.trainer |   epoch 18 step 20/140 loss=0.6591
09:31:15 | INFO    | holoqpi.engine.trainer |   epoch 18 step 40/140 loss=0.5959
09:31:19 | INFO    | holoqpi.engine.trainer |   epoch 18 step 60/140 loss=0.6258
09:31:23 | INFO    | holoqpi.engine.trainer |   epoch 18 step 80/140 loss=0.6237
09:31:27 | INFO    | holoqpi.engine.trainer |   epoch 18 step 100/140 loss=0.5293
09:31:31 | INFO    | holoqpi.engine.trainer |   epoch 18 step 120/140 loss=0.8337
09:32:28 | INFO    | holoqpi.engine.trainer |   new best composite=0.7935
09:32:28 | INFO    | holoqpi.engine.trainer | epoch 18/60 (82s = 30s train + 52s val) | train_loss=0.6156  val_phase_mae=0.1740  val_dice=0.8134  val_cls_acc=nan  val_mass_mape=0.2044
09:32:29 | INFO    | holoqpi.engine.trainer |   epoch 19 step 0/140 loss=0.5719
09:32:33 | INFO    | holoqpi.engine.trainer |   epoch 19 step 20/140 loss=0.5605
09:32:37 | INFO    | holoqpi.engine.trainer |   epoch 19 step 40/140 loss=0.8607
09:32:41 | INFO    | holoqpi.engine.trainer |   epoch 19 step 60/140 loss=0.4509
09:32:45 | INFO    | holoqpi.engine.trainer |   epoch 19 step 80/140 loss=0.4680
09:32:49 | INFO    | holoqpi.engine.trainer |   epoch 19 step 100/140 loss=0.8184
09:32:53 | INFO    | holoqpi.engine.trainer |   epoch 19 step 120/140 loss=0.5169
09:33:50 | INFO    | holoqpi.engine.trainer |   new best composite=0.7984
09:33:50 | INFO    | holoqpi.engine.trainer | epoch 19/60 (82s = 29s train + 53s val) | train_loss=0.6198  val_phase_mae=0.1779  val_dice=0.8172  val_cls_acc=nan  val_mass_mape=0.2050
09:33:51 | INFO    | holoqpi.engine.trainer |   epoch 20 step 0/140 loss=0.5141
09:33:55 | INFO    | holoqpi.engine.trainer |   epoch 20 step 20/140 loss=0.4664
09:33:59 | INFO    | holoqpi.engine.trainer |   epoch 20 step 40/140 loss=0.5463
09:34:03 | INFO    | holoqpi.engine.trainer |   epoch 20 step 60/140 loss=0.6455
09:34:07 | INFO    | holoqpi.engine.trainer |   epoch 20 step 80/140 loss=0.4983
09:34:12 | INFO    | holoqpi.engine.trainer |   epoch 20 step 100/140 loss=0.4554
09:34:16 | INFO    | holoqpi.engine.trainer |   epoch 20 step 120/140 loss=0.4611
09:35:13 | INFO    | holoqpi.engine.trainer | epoch 20/60 (83s = 29s train + 53s val) | train_loss=0.6070  val_phase_mae=0.1808  val_dice=0.8156  val_cls_acc=nan  val_mass_mape=0.2244
09:35:14 | INFO    | holoqpi.engine.trainer |   epoch 21 step 0/140 loss=0.5146
09:35:18 | INFO    | holoqpi.engine.trainer |   epoch 21 step 20/140 loss=0.7358
09:35:22 | INFO    | holoqpi.engine.trainer |   epoch 21 step 40/140 loss=0.4957
09:35:26 | INFO    | holoqpi.engine.trainer |   epoch 21 step 60/140 loss=0.5827
09:35:30 | INFO    | holoqpi.engine.trainer |   epoch 21 step 80/140 loss=0.5253
09:35:34 | INFO    | holoqpi.engine.trainer |   epoch 21 step 100/140 loss=0.4756
09:35:38 | INFO    | holoqpi.engine.trainer |   epoch 21 step 120/140 loss=0.5459
09:36:35 | INFO    | holoqpi.engine.trainer | epoch 21/60 (82s = 29s train + 53s val) | train_loss=0.6050  val_phase_mae=0.1852  val_dice=0.8137  val_cls_acc=nan  val_mass_mape=0.3137
09:36:36 | INFO    | holoqpi.engine.trainer |   epoch 22 step 0/140 loss=0.5714
09:36:40 | INFO    | holoqpi.engine.trainer |   epoch 22 step 20/140 loss=0.7212
09:36:44 | INFO    | holoqpi.engine.trainer |   epoch 22 step 40/140 loss=0.4651
09:36:48 | INFO    | holoqpi.engine.trainer |   epoch 22 step 60/140 loss=0.4022
09:36:52 | INFO    | holoqpi.engine.trainer |   epoch 22 step 80/140 loss=0.5049
09:36:56 | INFO    | holoqpi.engine.trainer |   epoch 22 step 100/140 loss=0.7071
09:37:00 | INFO    | holoqpi.engine.trainer |   epoch 22 step 120/140 loss=0.5257
09:37:57 | INFO    | holoqpi.engine.trainer | epoch 22/60 (82s = 30s train + 53s val) | train_loss=0.5920  val_phase_mae=0.1754  val_dice=0.8166  val_cls_acc=nan  val_mass_mape=0.2225
09:37:58 | INFO    | holoqpi.engine.trainer |   epoch 23 step 0/140 loss=0.4468
09:38:02 | INFO    | holoqpi.engine.trainer |   epoch 23 step 20/140 loss=0.5184
09:38:06 | INFO    | holoqpi.engine.trainer |   epoch 23 step 40/140 loss=0.6611
09:38:10 | INFO    | holoqpi.engine.trainer |   epoch 23 step 60/140 loss=0.7324
09:38:14 | INFO    | holoqpi.engine.trainer |   epoch 23 step 80/140 loss=0.6304
09:38:18 | INFO    | holoqpi.engine.trainer |   epoch 23 step 100/140 loss=0.5075
09:38:22 | INFO    | holoqpi.engine.trainer |   epoch 23 step 120/140 loss=0.5773
09:39:19 | INFO    | holoqpi.engine.trainer | epoch 23/60 (82s = 29s train + 53s val) | train_loss=0.5818  val_phase_mae=0.1734  val_dice=0.8200  val_cls_acc=nan  val_mass_mape=0.2169
09:39:20 | INFO    | holoqpi.engine.trainer |   epoch 24 step 0/140 loss=0.5269
09:39:24 | INFO    | holoqpi.engine.trainer |   epoch 24 step 20/140 loss=0.6255
09:39:28 | INFO    | holoqpi.engine.trainer |   epoch 24 step 40/140 loss=0.6609
09:39:32 | INFO    | holoqpi.engine.trainer |   epoch 24 step 60/140 loss=0.7007
09:39:36 | INFO    | holoqpi.engine.trainer |   epoch 24 step 80/140 loss=0.4438
09:39:40 | INFO    | holoqpi.engine.trainer |   epoch 24 step 100/140 loss=0.4331
09:39:45 | INFO    | holoqpi.engine.trainer |   epoch 24 step 120/140 loss=0.4759
09:40:41 | INFO    | holoqpi.engine.trainer | epoch 24/60 (82s = 30s train + 52s val) | train_loss=0.5957  val_phase_mae=0.1786  val_dice=0.8154  val_cls_acc=nan  val_mass_mape=0.1979
09:40:42 | INFO    | holoqpi.engine.trainer |   epoch 25 step 0/140 loss=0.4957
09:40:46 | INFO    | holoqpi.engine.trainer |   epoch 25 step 20/140 loss=0.6087
09:40:50 | INFO    | holoqpi.engine.trainer |   epoch 25 step 40/140 loss=0.3939
09:40:55 | INFO    | holoqpi.engine.trainer |   epoch 25 step 60/140 loss=0.6380
09:40:59 | INFO    | holoqpi.engine.trainer |   epoch 25 step 80/140 loss=0.7798
09:41:03 | INFO    | holoqpi.engine.trainer |   epoch 25 step 100/140 loss=0.5523
09:41:08 | INFO    | holoqpi.engine.trainer |   epoch 25 step 120/140 loss=0.6936
09:42:03 | INFO    | holoqpi.engine.trainer | epoch 25/60 (82s = 30s train + 52s val) | train_loss=0.5814  val_phase_mae=0.1786  val_dice=0.8163  val_cls_acc=nan  val_mass_mape=0.2235
09:42:04 | INFO    | holoqpi.engine.trainer |   epoch 26 step 0/140 loss=0.4909
09:42:08 | INFO    | holoqpi.engine.trainer |   epoch 26 step 20/140 loss=0.5583
09:42:12 | INFO    | holoqpi.engine.trainer |   epoch 26 step 40/140 loss=0.5784
09:42:17 | INFO    | holoqpi.engine.trainer |   epoch 26 step 60/140 loss=0.5163
09:42:21 | INFO    | holoqpi.engine.trainer |   epoch 26 step 80/140 loss=0.7162
09:42:25 | INFO    | holoqpi.engine.trainer |   epoch 26 step 100/140 loss=0.7006
09:42:30 | INFO    | holoqpi.engine.trainer |   epoch 26 step 120/140 loss=0.4305
09:43:26 | INFO    | holoqpi.engine.trainer | epoch 26/60 (83s = 31s train + 52s val) | train_loss=0.5708  val_phase_mae=0.1793  val_dice=0.8167  val_cls_acc=nan  val_mass_mape=0.2361
09:43:27 | INFO    | holoqpi.engine.trainer |   epoch 27 step 0/140 loss=0.4571
09:43:31 | INFO    | holoqpi.engine.trainer |   epoch 27 step 20/140 loss=0.7881
09:43:36 | INFO    | holoqpi.engine.trainer |   epoch 27 step 40/140 loss=0.5774
09:43:40 | INFO    | holoqpi.engine.trainer |   epoch 27 step 60/140 loss=0.6350
09:43:45 | INFO    | holoqpi.engine.trainer |   epoch 27 step 80/140 loss=0.5877
09:43:49 | INFO    | holoqpi.engine.trainer |   epoch 27 step 100/140 loss=0.4761
09:43:54 | INFO    | holoqpi.engine.trainer |   epoch 27 step 120/140 loss=0.9929
09:44:49 | INFO    | holoqpi.engine.trainer | epoch 27/60 (83s = 32s train + 51s val) | train_loss=0.5799  val_phase_mae=0.1737  val_dice=0.8166  val_cls_acc=nan  val_mass_mape=0.2052
09:44:50 | INFO    | holoqpi.engine.trainer |   epoch 28 step 0/140 loss=0.6983
09:44:54 | INFO    | holoqpi.engine.trainer |   epoch 28 step 20/140 loss=0.6334
09:44:59 | INFO    | holoqpi.engine.trainer |   epoch 28 step 40/140 loss=0.5919
09:45:03 | INFO    | holoqpi.engine.trainer |   epoch 28 step 60/140 loss=0.4188
09:45:08 | INFO    | holoqpi.engine.trainer |   epoch 28 step 80/140 loss=0.4951
09:45:12 | INFO    | holoqpi.engine.trainer |   epoch 28 step 100/140 loss=0.5667
09:45:16 | INFO    | holoqpi.engine.trainer |   epoch 28 step 120/140 loss=0.6424
09:46:12 | INFO    | holoqpi.engine.trainer |   new best composite=0.8023
09:46:12 | INFO    | holoqpi.engine.trainer | epoch 28/60 (83s = 31s train + 52s val) | train_loss=0.5606  val_phase_mae=0.1720  val_dice=0.8202  val_cls_acc=nan  val_mass_mape=0.1967
09:46:13 | INFO    | holoqpi.engine.trainer |   epoch 29 step 0/140 loss=0.5958
09:46:18 | INFO    | holoqpi.engine.trainer |   epoch 29 step 20/140 loss=0.5073
09:46:22 | INFO    | holoqpi.engine.trainer |   epoch 29 step 40/140 loss=0.6951
09:46:26 | INFO    | holoqpi.engine.trainer |   epoch 29 step 60/140 loss=0.5282
09:46:31 | INFO    | holoqpi.engine.trainer |   epoch 29 step 80/140 loss=0.7278
09:46:35 | INFO    | holoqpi.engine.trainer |   epoch 29 step 100/140 loss=0.5750
09:46:39 | INFO    | holoqpi.engine.trainer |   epoch 29 step 120/140 loss=0.4789
09:47:35 | INFO    | holoqpi.engine.trainer | epoch 29/60 (83s = 30s train + 53s val) | train_loss=0.5605  val_phase_mae=0.1790  val_dice=0.8175  val_cls_acc=nan  val_mass_mape=0.2080
09:47:36 | INFO    | holoqpi.engine.trainer |   epoch 30 step 0/140 loss=0.5464
09:47:40 | INFO    | holoqpi.engine.trainer |   epoch 30 step 20/140 loss=0.5004
09:47:45 | INFO    | holoqpi.engine.trainer |   epoch 30 step 40/140 loss=0.4246
09:47:49 | INFO    | holoqpi.engine.trainer |   epoch 30 step 60/140 loss=0.3953
09:47:53 | INFO    | holoqpi.engine.trainer |   epoch 30 step 80/140 loss=0.5274
09:47:57 | INFO    | holoqpi.engine.trainer |   epoch 30 step 100/140 loss=0.5035
09:48:01 | INFO    | holoqpi.engine.trainer |   epoch 30 step 120/140 loss=0.4523
09:48:57 | INFO    | holoqpi.engine.trainer |   new best composite=0.8055
09:48:57 | INFO    | holoqpi.engine.trainer | epoch 30/60 (82s = 30s train + 52s val) | train_loss=0.5399  val_phase_mae=0.1749  val_dice=0.8222  val_cls_acc=nan  val_mass_mape=0.1940
09:48:59 | INFO    | holoqpi.engine.trainer |   epoch 31 step 0/140 loss=0.9306
09:49:03 | INFO    | holoqpi.engine.trainer |   epoch 31 step 20/140 loss=0.4382
09:49:07 | INFO    | holoqpi.engine.trainer |   epoch 31 step 40/140 loss=0.6097
09:49:11 | INFO    | holoqpi.engine.trainer |   epoch 31 step 60/140 loss=0.6313
09:49:15 | INFO    | holoqpi.engine.trainer |   epoch 31 step 80/140 loss=0.3799
09:49:19 | INFO    | holoqpi.engine.trainer |   epoch 31 step 100/140 loss=0.4254
09:49:23 | INFO    | holoqpi.engine.trainer |   epoch 31 step 120/140 loss=0.5112
09:50:20 | INFO    | holoqpi.engine.trainer |   new best composite=0.8056
09:50:20 | INFO    | holoqpi.engine.trainer | epoch 31/60 (82s = 29s train + 53s val) | train_loss=0.5630  val_phase_mae=0.1677  val_dice=0.8206  val_cls_acc=nan  val_mass_mape=0.1900
09:50:20 | INFO    | holoqpi.engine.trainer |   epoch 32 step 0/140 loss=0.5612
09:50:25 | INFO    | holoqpi.engine.trainer |   epoch 32 step 20/140 loss=0.5681
09:50:29 | INFO    | holoqpi.engine.trainer |   epoch 32 step 40/140 loss=0.5262
09:50:33 | INFO    | holoqpi.engine.trainer |   epoch 32 step 60/140 loss=0.4502
09:50:37 | INFO    | holoqpi.engine.trainer |   epoch 32 step 80/140 loss=0.4563
09:50:41 | INFO    | holoqpi.engine.trainer |   epoch 32 step 100/140 loss=0.4664
09:50:45 | INFO    | holoqpi.engine.trainer |   epoch 32 step 120/140 loss=0.5295
09:51:41 | INFO    | holoqpi.engine.trainer |   new best composite=0.8064
09:51:41 | INFO    | holoqpi.engine.trainer | epoch 32/60 (82s = 29s train + 53s val) | train_loss=0.5413  val_phase_mae=0.1679  val_dice=0.8237  val_cls_acc=nan  val_mass_mape=0.1902
09:51:42 | INFO    | holoqpi.engine.trainer |   epoch 33 step 0/140 loss=0.5851
09:51:47 | INFO    | holoqpi.engine.trainer |   epoch 33 step 20/140 loss=0.4996
09:51:51 | INFO    | holoqpi.engine.trainer |   epoch 33 step 40/140 loss=0.7283
09:51:55 | INFO    | holoqpi.engine.trainer |   epoch 33 step 60/140 loss=0.5642
09:51:59 | INFO    | holoqpi.engine.trainer |   epoch 33 step 80/140 loss=0.6427
09:52:03 | INFO    | holoqpi.engine.trainer |   epoch 33 step 100/140 loss=0.6681
09:52:07 | INFO    | holoqpi.engine.trainer |   epoch 33 step 120/140 loss=0.5205
09:53:03 | INFO    | holoqpi.engine.trainer | epoch 33/60 (82s = 29s train + 53s val) | train_loss=0.5312  val_phase_mae=0.1742  val_dice=0.8231  val_cls_acc=nan  val_mass_mape=0.2027
09:53:04 | INFO    | holoqpi.engine.trainer |   epoch 34 step 0/140 loss=0.4357
09:53:08 | INFO    | holoqpi.engine.trainer |   epoch 34 step 20/140 loss=0.4594
09:53:12 | INFO    | holoqpi.engine.trainer |   epoch 34 step 40/140 loss=0.5680
09:53:17 | INFO    | holoqpi.engine.trainer |   epoch 34 step 60/140 loss=0.6237
09:53:21 | INFO    | holoqpi.engine.trainer |   epoch 34 step 80/140 loss=0.5201
09:53:24 | INFO    | holoqpi.engine.trainer |   epoch 34 step 100/140 loss=0.6037
09:53:29 | INFO    | holoqpi.engine.trainer |   epoch 34 step 120/140 loss=0.5081
09:54:25 | INFO    | holoqpi.engine.trainer | epoch 34/60 (82s = 29s train + 53s val) | train_loss=0.5415  val_phase_mae=0.1719  val_dice=0.8202  val_cls_acc=nan  val_mass_mape=0.2564
09:54:26 | INFO    | holoqpi.engine.trainer |   epoch 35 step 0/140 loss=0.4874
09:54:30 | INFO    | holoqpi.engine.trainer |   epoch 35 step 20/140 loss=0.4382
09:54:34 | INFO    | holoqpi.engine.trainer |   epoch 35 step 40/140 loss=0.5019
09:54:38 | INFO    | holoqpi.engine.trainer |   epoch 35 step 60/140 loss=0.5499
09:54:42 | INFO    | holoqpi.engine.trainer |   epoch 35 step 80/140 loss=0.4882
09:54:46 | INFO    | holoqpi.engine.trainer |   epoch 35 step 100/140 loss=0.4492
09:54:50 | INFO    | holoqpi.engine.trainer |   epoch 35 step 120/140 loss=0.5075
09:55:47 | INFO    | holoqpi.engine.trainer | epoch 35/60 (82s = 29s train + 53s val) | train_loss=0.5450  val_phase_mae=0.1707  val_dice=0.8235  val_cls_acc=nan  val_mass_mape=0.2044
09:55:48 | INFO    | holoqpi.engine.trainer |   epoch 36 step 0/140 loss=0.4039
09:55:52 | INFO    | holoqpi.engine.trainer |   epoch 36 step 20/140 loss=0.5418
09:55:56 | INFO    | holoqpi.engine.trainer |   epoch 36 step 40/140 loss=0.4127
09:56:00 | INFO    | holoqpi.engine.trainer |   epoch 36 step 60/140 loss=0.4359
09:56:04 | INFO    | holoqpi.engine.trainer |   epoch 36 step 80/140 loss=0.5501
09:56:09 | INFO    | holoqpi.engine.trainer |   epoch 36 step 100/140 loss=0.5683
09:56:13 | INFO    | holoqpi.engine.trainer |   epoch 36 step 120/140 loss=0.4498
09:57:09 | INFO    | holoqpi.engine.trainer | epoch 36/60 (82s = 30s train + 52s val) | train_loss=0.5244  val_phase_mae=0.1705  val_dice=0.8216  val_cls_acc=nan  val_mass_mape=0.1918
09:57:10 | INFO    | holoqpi.engine.trainer |   epoch 37 step 0/140 loss=0.4931
09:57:14 | INFO    | holoqpi.engine.trainer |   epoch 37 step 20/140 loss=0.5726
09:57:18 | INFO    | holoqpi.engine.trainer |   epoch 37 step 40/140 loss=0.4057
09:57:22 | INFO    | holoqpi.engine.trainer |   epoch 37 step 60/140 loss=0.4364
09:57:27 | INFO    | holoqpi.engine.trainer |   epoch 37 step 80/140 loss=0.4779
09:57:31 | INFO    | holoqpi.engine.trainer |   epoch 37 step 100/140 loss=0.6578
09:57:35 | INFO    | holoqpi.engine.trainer |   epoch 37 step 120/140 loss=0.4386
09:58:31 | INFO    | holoqpi.engine.trainer | epoch 37/60 (82s = 30s train + 51s val) | train_loss=0.5237  val_phase_mae=0.1676  val_dice=0.8243  val_cls_acc=nan  val_mass_mape=0.2019
09:58:32 | INFO    | holoqpi.engine.trainer |   epoch 38 step 0/140 loss=0.6253
09:58:36 | INFO    | holoqpi.engine.trainer |   epoch 38 step 20/140 loss=0.4455
09:58:40 | INFO    | holoqpi.engine.trainer |   epoch 38 step 40/140 loss=0.4561
09:58:45 | INFO    | holoqpi.engine.trainer |   epoch 38 step 60/140 loss=0.5199
09:58:49 | INFO    | holoqpi.engine.trainer |   epoch 38 step 80/140 loss=0.5368
09:58:54 | INFO    | holoqpi.engine.trainer |   epoch 38 step 100/140 loss=0.5039
09:58:58 | INFO    | holoqpi.engine.trainer |   epoch 38 step 120/140 loss=0.4315
09:59:54 | INFO    | holoqpi.engine.trainer |   new best composite=0.8066
09:59:54 | INFO    | holoqpi.engine.trainer | epoch 38/60 (82s = 31s train + 51s val) | train_loss=0.5274  val_phase_mae=0.1674  val_dice=0.8239  val_cls_acc=nan  val_mass_mape=0.1965
09:59:55 | INFO    | holoqpi.engine.trainer |   epoch 39 step 0/140 loss=0.4134
09:59:59 | INFO    | holoqpi.engine.trainer |   epoch 39 step 20/140 loss=0.5133
10:00:03 | INFO    | holoqpi.engine.trainer |   epoch 39 step 40/140 loss=0.4507
10:00:08 | INFO    | holoqpi.engine.trainer |   epoch 39 step 60/140 loss=0.3889
10:00:12 | INFO    | holoqpi.engine.trainer |   epoch 39 step 80/140 loss=0.5566
10:00:16 | INFO    | holoqpi.engine.trainer |   epoch 39 step 100/140 loss=0.4889
10:00:21 | INFO    | holoqpi.engine.trainer |   epoch 39 step 120/140 loss=0.4000
10:01:16 | INFO    | holoqpi.engine.trainer | epoch 39/60 (82s = 32s train + 51s val) | train_loss=0.5156  val_phase_mae=0.1705  val_dice=0.8244  val_cls_acc=nan  val_mass_mape=0.2104
10:01:17 | INFO    | holoqpi.engine.trainer |   epoch 40 step 0/140 loss=0.4220
10:01:21 | INFO    | holoqpi.engine.trainer |   epoch 40 step 20/140 loss=0.4505
10:01:26 | INFO    | holoqpi.engine.trainer |   epoch 40 step 40/140 loss=0.4356
10:01:30 | INFO    | holoqpi.engine.trainer |   epoch 40 step 60/140 loss=0.5815
10:01:34 | INFO    | holoqpi.engine.trainer |   epoch 40 step 80/140 loss=0.4293
10:01:39 | INFO    | holoqpi.engine.trainer |   epoch 40 step 100/140 loss=0.4610
10:01:43 | INFO    | holoqpi.engine.trainer |   epoch 40 step 120/140 loss=0.4959
10:02:39 | INFO    | holoqpi.engine.trainer | epoch 40/60 (83s = 31s train + 52s val) | train_loss=0.4994  val_phase_mae=0.1725  val_dice=0.8247  val_cls_acc=nan  val_mass_mape=0.2080
10:02:40 | INFO    | holoqpi.engine.trainer |   epoch 41 step 0/140 loss=0.6109
10:02:45 | INFO    | holoqpi.engine.trainer |   epoch 41 step 20/140 loss=0.6182
10:02:49 | INFO    | holoqpi.engine.trainer |   epoch 41 step 40/140 loss=0.4579
10:02:54 | INFO    | holoqpi.engine.trainer |   epoch 41 step 60/140 loss=0.4041
10:02:58 | INFO    | holoqpi.engine.trainer |   epoch 41 step 80/140 loss=0.5444
10:03:02 | INFO    | holoqpi.engine.trainer |   epoch 41 step 100/140 loss=0.6943
10:03:06 | INFO    | holoqpi.engine.trainer |   epoch 41 step 120/140 loss=0.5044
10:04:03 | INFO    | holoqpi.engine.trainer | epoch 41/60 (84s = 31s train + 53s val) | train_loss=0.5067  val_phase_mae=0.1748  val_dice=0.8244  val_cls_acc=nan  val_mass_mape=0.2269
10:04:04 | INFO    | holoqpi.engine.trainer |   epoch 42 step 0/140 loss=0.3893
10:04:08 | INFO    | holoqpi.engine.trainer |   epoch 42 step 20/140 loss=0.5056
10:04:12 | INFO    | holoqpi.engine.trainer |   epoch 42 step 40/140 loss=0.4665
10:04:17 | INFO    | holoqpi.engine.trainer |   epoch 42 step 60/140 loss=0.4498
10:04:21 | INFO    | holoqpi.engine.trainer |   epoch 42 step 80/140 loss=0.4904
10:04:25 | INFO    | holoqpi.engine.trainer |   epoch 42 step 100/140 loss=0.6155
10:04:29 | INFO    | holoqpi.engine.trainer |   epoch 42 step 120/140 loss=0.4904
10:05:25 | INFO    | holoqpi.engine.trainer | epoch 42/60 (83s = 30s train + 53s val) | train_loss=0.5086  val_phase_mae=0.1677  val_dice=0.8266  val_cls_acc=nan  val_mass_mape=0.2017
10:05:26 | INFO    | holoqpi.engine.trainer |   epoch 43 step 0/140 loss=0.4191
10:05:31 | INFO    | holoqpi.engine.trainer |   epoch 43 step 20/140 loss=0.4612
10:05:35 | INFO    | holoqpi.engine.trainer |   epoch 43 step 40/140 loss=0.4860
10:05:39 | INFO    | holoqpi.engine.trainer |   epoch 43 step 60/140 loss=0.5839
10:05:43 | INFO    | holoqpi.engine.trainer |   epoch 43 step 80/140 loss=0.4817
10:05:47 | INFO    | holoqpi.engine.trainer |   epoch 43 step 100/140 loss=0.4995
10:05:51 | INFO    | holoqpi.engine.trainer |   epoch 43 step 120/140 loss=0.5305
10:06:48 | INFO    | holoqpi.engine.trainer | epoch 43/60 (82s = 30s train + 53s val) | train_loss=0.5065  val_phase_mae=0.1687  val_dice=0.8239  val_cls_acc=nan  val_mass_mape=0.1972
10:06:49 | INFO    | holoqpi.engine.trainer |   epoch 44 step 0/140 loss=0.4672
10:06:53 | INFO    | holoqpi.engine.trainer |   epoch 44 step 20/140 loss=0.5305
10:06:57 | INFO    | holoqpi.engine.trainer |   epoch 44 step 40/140 loss=0.4363
10:07:01 | INFO    | holoqpi.engine.trainer |   epoch 44 step 60/140 loss=0.5107
10:07:05 | INFO    | holoqpi.engine.trainer |   epoch 44 step 80/140 loss=0.4228
10:07:09 | INFO    | holoqpi.engine.trainer |   epoch 44 step 100/140 loss=0.4771
10:07:13 | INFO    | holoqpi.engine.trainer |   epoch 44 step 120/140 loss=0.4329
10:08:10 | INFO    | holoqpi.engine.trainer |   new best composite=0.8087
10:08:10 | INFO    | holoqpi.engine.trainer | epoch 44/60 (82s = 29s train + 53s val) | train_loss=0.4883  val_phase_mae=0.1680  val_dice=0.8259  val_cls_acc=nan  val_mass_mape=0.1917
10:08:11 | INFO    | holoqpi.engine.trainer |   epoch 45 step 0/140 loss=0.7064
10:08:15 | INFO    | holoqpi.engine.trainer |   epoch 45 step 20/140 loss=0.4792
10:08:19 | INFO    | holoqpi.engine.trainer |   epoch 45 step 40/140 loss=0.6662
10:08:23 | INFO    | holoqpi.engine.trainer |   epoch 45 step 60/140 loss=0.5416
10:08:27 | INFO    | holoqpi.engine.trainer |   epoch 45 step 80/140 loss=0.5112
10:08:31 | INFO    | holoqpi.engine.trainer |   epoch 45 step 100/140 loss=0.3745
10:08:35 | INFO    | holoqpi.engine.trainer |   epoch 45 step 120/140 loss=0.4328
10:09:32 | INFO    | holoqpi.engine.trainer | epoch 45/60 (82s = 29s train + 52s val) | train_loss=0.4872  val_phase_mae=0.1674  val_dice=0.8257  val_cls_acc=nan  val_mass_mape=0.1950
10:09:33 | INFO    | holoqpi.engine.trainer |   epoch 46 step 0/140 loss=0.4496
10:09:37 | INFO    | holoqpi.engine.trainer |   epoch 46 step 20/140 loss=0.4806
10:09:41 | INFO    | holoqpi.engine.trainer |   epoch 46 step 40/140 loss=0.3838
10:09:45 | INFO    | holoqpi.engine.trainer |   epoch 46 step 60/140 loss=0.4551
10:09:49 | INFO    | holoqpi.engine.trainer |   epoch 46 step 80/140 loss=0.5029
10:09:53 | INFO    | holoqpi.engine.trainer |   epoch 46 step 100/140 loss=0.4555
10:09:57 | INFO    | holoqpi.engine.trainer |   epoch 46 step 120/140 loss=0.5841
10:10:53 | INFO    | holoqpi.engine.trainer | epoch 46/60 (82s = 29s train + 53s val) | train_loss=0.4958  val_phase_mae=0.1679  val_dice=0.8254  val_cls_acc=nan  val_mass_mape=0.1993
10:10:54 | INFO    | holoqpi.engine.trainer |   epoch 47 step 0/140 loss=0.4691
10:10:58 | INFO    | holoqpi.engine.trainer |   epoch 47 step 20/140 loss=0.4622
10:11:03 | INFO    | holoqpi.engine.trainer |   epoch 47 step 40/140 loss=0.4739
10:11:07 | INFO    | holoqpi.engine.trainer |   epoch 47 step 60/140 loss=0.4400
10:11:11 | INFO    | holoqpi.engine.trainer |   epoch 47 step 80/140 loss=0.4583
10:11:15 | INFO    | holoqpi.engine.trainer |   epoch 47 step 100/140 loss=0.4438
10:11:19 | INFO    | holoqpi.engine.trainer |   epoch 47 step 120/140 loss=0.4897
10:12:16 | INFO    | holoqpi.engine.trainer |   new best composite=0.8103
10:12:16 | INFO    | holoqpi.engine.trainer | epoch 47/60 (82s = 29s train + 53s val) | train_loss=0.4859  val_phase_mae=0.1661  val_dice=0.8265  val_cls_acc=nan  val_mass_mape=0.1907
10:12:17 | INFO    | holoqpi.engine.trainer |   epoch 48 step 0/140 loss=0.5231
10:12:21 | INFO    | holoqpi.engine.trainer |   epoch 48 step 20/140 loss=0.7258
10:12:25 | INFO    | holoqpi.engine.trainer |   epoch 48 step 40/140 loss=0.6248
10:12:29 | INFO    | holoqpi.engine.trainer |   epoch 48 step 60/140 loss=0.5944
10:12:33 | INFO    | holoqpi.engine.trainer |   epoch 48 step 80/140 loss=0.3994
10:12:37 | INFO    | holoqpi.engine.trainer |   epoch 48 step 100/140 loss=0.6094
10:12:41 | INFO    | holoqpi.engine.trainer |   epoch 48 step 120/140 loss=0.5925
10:13:38 | INFO    | holoqpi.engine.trainer | epoch 48/60 (82s = 30s train + 52s val) | train_loss=0.4976  val_phase_mae=0.1654  val_dice=0.8266  val_cls_acc=nan  val_mass_mape=0.1918
10:13:39 | INFO    | holoqpi.engine.trainer |   epoch 49 step 0/140 loss=0.5445
10:13:43 | INFO    | holoqpi.engine.trainer |   epoch 49 step 20/140 loss=0.4461
10:13:47 | INFO    | holoqpi.engine.trainer |   epoch 49 step 40/140 loss=0.6234
10:13:51 | INFO    | holoqpi.engine.trainer |   epoch 49 step 60/140 loss=0.4511
10:13:55 | INFO    | holoqpi.engine.trainer |   epoch 49 step 80/140 loss=0.7324
10:13:59 | INFO    | holoqpi.engine.trainer |   epoch 49 step 100/140 loss=0.4738
10:14:04 | INFO    | holoqpi.engine.trainer |   epoch 49 step 120/140 loss=0.4670
10:15:00 | INFO    | holoqpi.engine.trainer | epoch 49/60 (82s = 30s train + 52s val) | train_loss=0.4859  val_phase_mae=0.1652  val_dice=0.8261  val_cls_acc=nan  val_mass_mape=0.1895
10:15:01 | INFO    | holoqpi.engine.trainer |   epoch 50 step 0/140 loss=0.4707
10:15:05 | INFO    | holoqpi.engine.trainer |   epoch 50 step 20/140 loss=0.5050
10:15:09 | INFO    | holoqpi.engine.trainer |   epoch 50 step 40/140 loss=0.4743
10:15:13 | INFO    | holoqpi.engine.trainer |   epoch 50 step 60/140 loss=0.4300
10:15:17 | INFO    | holoqpi.engine.trainer |   epoch 50 step 80/140 loss=0.6533
10:15:22 | INFO    | holoqpi.engine.trainer |   epoch 50 step 100/140 loss=0.5144
10:15:26 | INFO    | holoqpi.engine.trainer |   epoch 50 step 120/140 loss=0.5840
10:16:22 | INFO    | holoqpi.engine.trainer | epoch 50/60 (83s = 30s train + 52s val) | train_loss=0.4813  val_phase_mae=0.1684  val_dice=0.8267  val_cls_acc=nan  val_mass_mape=0.1910
10:16:23 | INFO    | holoqpi.engine.trainer |   epoch 51 step 0/140 loss=0.3936
10:16:27 | INFO    | holoqpi.engine.trainer |   epoch 51 step 20/140 loss=0.4319
10:16:32 | INFO    | holoqpi.engine.trainer |   epoch 51 step 40/140 loss=0.3728
10:16:36 | INFO    | holoqpi.engine.trainer |   epoch 51 step 60/140 loss=0.4473
10:16:41 | INFO    | holoqpi.engine.trainer |   epoch 51 step 80/140 loss=0.6143
10:16:45 | INFO    | holoqpi.engine.trainer |   epoch 51 step 100/140 loss=0.4844
10:16:49 | INFO    | holoqpi.engine.trainer |   epoch 51 step 120/140 loss=0.3548
10:17:45 | INFO    | holoqpi.engine.trainer |   new best composite=0.8123
10:17:45 | INFO    | holoqpi.engine.trainer | epoch 51/60 (83s = 31s train + 51s val) | train_loss=0.4840  val_phase_mae=0.1663  val_dice=0.8263  val_cls_acc=nan  val_mass_mape=0.1827
10:17:46 | INFO    | holoqpi.engine.trainer |   epoch 52 step 0/140 loss=0.3553
10:17:51 | INFO    | holoqpi.engine.trainer |   epoch 52 step 20/140 loss=0.3648
10:17:55 | INFO    | holoqpi.engine.trainer |   epoch 52 step 40/140 loss=0.3852
10:17:59 | INFO    | holoqpi.engine.trainer |   epoch 52 step 60/140 loss=0.4811
10:18:04 | INFO    | holoqpi.engine.trainer |   epoch 52 step 80/140 loss=0.4095
10:18:08 | INFO    | holoqpi.engine.trainer |   epoch 52 step 100/140 loss=0.6528
10:18:13 | INFO    | holoqpi.engine.trainer |   epoch 52 step 120/140 loss=0.4879
10:19:07 | INFO    | holoqpi.engine.trainer | epoch 52/60 (82s = 31s train + 51s val) | train_loss=0.4891  val_phase_mae=0.1669  val_dice=0.8263  val_cls_acc=nan  val_mass_mape=0.1887
10:19:09 | INFO    | holoqpi.engine.trainer |   epoch 53 step 0/140 loss=0.4549
10:19:13 | INFO    | holoqpi.engine.trainer |   epoch 53 step 20/140 loss=0.3701
10:19:17 | INFO    | holoqpi.engine.trainer |   epoch 53 step 40/140 loss=0.5405
10:19:22 | INFO    | holoqpi.engine.trainer |   epoch 53 step 60/140 loss=0.3528
10:19:26 | INFO    | holoqpi.engine.trainer |   epoch 53 step 80/140 loss=0.4189
10:19:30 | INFO    | holoqpi.engine.trainer |   epoch 53 step 100/140 loss=0.5199
10:19:34 | INFO    | holoqpi.engine.trainer |   epoch 53 step 120/140 loss=0.4966
10:20:30 | INFO    | holoqpi.engine.trainer | epoch 53/60 (82s = 31s train + 52s val) | train_loss=0.4893  val_phase_mae=0.1668  val_dice=0.8266  val_cls_acc=nan  val_mass_mape=0.1913
10:20:31 | INFO    | holoqpi.engine.trainer |   epoch 54 step 0/140 loss=0.4272
10:20:36 | INFO    | holoqpi.engine.trainer |   epoch 54 step 20/140 loss=0.4590
10:20:40 | INFO    | holoqpi.engine.trainer |   epoch 54 step 40/140 loss=0.4013
10:20:44 | INFO    | holoqpi.engine.trainer |   epoch 54 step 60/140 loss=0.4850
10:20:49 | INFO    | holoqpi.engine.trainer |   epoch 54 step 80/140 loss=0.5270
10:20:53 | INFO    | holoqpi.engine.trainer |   epoch 54 step 100/140 loss=0.4389
10:20:57 | INFO    | holoqpi.engine.trainer |   epoch 54 step 120/140 loss=0.5041
10:21:53 | INFO    | holoqpi.engine.trainer | epoch 54/60 (83s = 30s train + 53s val) | train_loss=0.4846  val_phase_mae=0.1664  val_dice=0.8268  val_cls_acc=nan  val_mass_mape=0.1925
10:21:54 | INFO    | holoqpi.engine.trainer |   epoch 55 step 0/140 loss=0.4078
10:21:59 | INFO    | holoqpi.engine.trainer |   epoch 55 step 20/140 loss=0.5257
10:22:03 | INFO    | holoqpi.engine.trainer |   epoch 55 step 40/140 loss=0.5655
10:22:07 | INFO    | holoqpi.engine.trainer |   epoch 55 step 60/140 loss=0.3571
10:22:11 | INFO    | holoqpi.engine.trainer |   epoch 55 step 80/140 loss=0.4179
10:22:15 | INFO    | holoqpi.engine.trainer |   epoch 55 step 100/140 loss=0.3678
10:22:19 | INFO    | holoqpi.engine.trainer |   epoch 55 step 120/140 loss=0.4601
10:23:15 | INFO    | holoqpi.engine.trainer | epoch 55/60 (82s = 29s train + 53s val) | train_loss=0.4867  val_phase_mae=0.1663  val_dice=0.8268  val_cls_acc=nan  val_mass_mape=0.1883
10:23:16 | INFO    | holoqpi.engine.trainer |   epoch 56 step 0/140 loss=0.4413
10:23:20 | INFO    | holoqpi.engine.trainer |   epoch 56 step 20/140 loss=0.3823
10:23:24 | INFO    | holoqpi.engine.trainer |   epoch 56 step 40/140 loss=0.4316
10:23:29 | INFO    | holoqpi.engine.trainer |   epoch 56 step 60/140 loss=0.5570
10:23:33 | INFO    | holoqpi.engine.trainer |   epoch 56 step 80/140 loss=0.4363
10:23:37 | INFO    | holoqpi.engine.trainer |   epoch 56 step 100/140 loss=0.3770
10:23:40 | INFO    | holoqpi.engine.trainer |   epoch 56 step 120/140 loss=0.4270
10:24:37 | INFO    | holoqpi.engine.trainer | epoch 56/60 (82s = 29s train + 53s val) | train_loss=0.4776  val_phase_mae=0.1656  val_dice=0.8269  val_cls_acc=nan  val_mass_mape=0.1866
10:24:38 | INFO    | holoqpi.engine.trainer |   epoch 57 step 0/140 loss=0.4530
10:24:42 | INFO    | holoqpi.engine.trainer |   epoch 57 step 20/140 loss=0.3950
10:24:46 | INFO    | holoqpi.engine.trainer |   epoch 57 step 40/140 loss=0.4996
10:24:50 | INFO    | holoqpi.engine.trainer |   epoch 57 step 60/140 loss=0.3838
10:24:54 | INFO    | holoqpi.engine.trainer |   epoch 57 step 80/140 loss=0.4100
10:24:59 | INFO    | holoqpi.engine.trainer |   epoch 57 step 100/140 loss=0.3965
10:25:03 | INFO    | holoqpi.engine.trainer |   epoch 57 step 120/140 loss=0.4685
10:25:59 | INFO    | holoqpi.engine.trainer | epoch 57/60 (82s = 29s train + 53s val) | train_loss=0.4833  val_phase_mae=0.1713  val_dice=0.8269  val_cls_acc=nan  val_mass_mape=0.2018
10:26:00 | INFO    | holoqpi.engine.trainer |   epoch 58 step 0/140 loss=0.7051
10:26:04 | INFO    | holoqpi.engine.trainer |   epoch 58 step 20/140 loss=0.4221
10:26:08 | INFO    | holoqpi.engine.trainer |   epoch 58 step 40/140 loss=0.4261
10:26:12 | INFO    | holoqpi.engine.trainer |   epoch 58 step 60/140 loss=0.4168
10:26:16 | INFO    | holoqpi.engine.trainer |   epoch 58 step 80/140 loss=0.4569
10:26:20 | INFO    | holoqpi.engine.trainer |   epoch 58 step 100/140 loss=0.4507
10:26:24 | INFO    | holoqpi.engine.trainer |   epoch 58 step 120/140 loss=0.3757
10:27:21 | INFO    | holoqpi.engine.trainer | epoch 58/60 (82s = 29s train + 53s val) | train_loss=0.4826  val_phase_mae=0.1703  val_dice=0.8267  val_cls_acc=nan  val_mass_mape=0.1971
10:27:22 | INFO    | holoqpi.engine.trainer |   epoch 59 step 0/140 loss=0.3505
10:27:26 | INFO    | holoqpi.engine.trainer |   epoch 59 step 20/140 loss=0.3833
10:27:30 | INFO    | holoqpi.engine.trainer |   epoch 59 step 40/140 loss=0.7085
10:27:34 | INFO    | holoqpi.engine.trainer |   epoch 59 step 60/140 loss=0.6122
10:27:38 | INFO    | holoqpi.engine.trainer |   epoch 59 step 80/140 loss=0.4474
10:27:42 | INFO    | holoqpi.engine.trainer |   epoch 59 step 100/140 loss=0.3497
10:27:46 | INFO    | holoqpi.engine.trainer |   epoch 59 step 120/140 loss=0.4513
10:28:41 | INFO    | holoqpi.engine.trainer | epoch 59/60 (80s = 29s train + 51s val) | train_loss=0.4835  val_phase_mae=0.1675  val_dice=0.8266  val_cls_acc=nan  val_mass_mape=0.1892
10:28:42 | INFO    | holoqpi.engine.trainer |   epoch 60 step 0/140 loss=0.4862
10:28:46 | INFO    | holoqpi.engine.trainer |   epoch 60 step 20/140 loss=0.4868
10:28:50 | INFO    | holoqpi.engine.trainer |   epoch 60 step 40/140 loss=0.5923
10:28:54 | INFO    | holoqpi.engine.trainer |   epoch 60 step 60/140 loss=0.3805
10:28:59 | INFO    | holoqpi.engine.trainer |   epoch 60 step 80/140 loss=0.4661
10:29:03 | INFO    | holoqpi.engine.trainer |   epoch 60 step 100/140 loss=0.4184
10:29:07 | INFO    | holoqpi.engine.trainer |   epoch 60 step 120/140 loss=0.6900
10:30:02 | INFO    | holoqpi.engine.trainer | epoch 60/60 (81s = 29s train + 52s val) | train_loss=0.4744  val_phase_mae=0.1664  val_dice=0.8275  val_cls_acc=nan  val_mass_mape=0.1928
10:30:03 | INFO    | holoqpi.engine.trainer | training finished; best epoch 51 (composite=0.8123)
