13:23:19 | INFO    | holoqpi | training v2_cell_ipp_bga on off_axis (device=cuda)
13:23:19 | INFO    | holoqpi.data.dataset | train split: 560 samples | modality=off_axis | crop=512 | augment=True
13:23:19 | INFO    | holoqpi.data.dataset | val split: 127 samples | modality=off_axis | crop=None | augment=False
13:23:20 | INFO    | holoqpi.models.encoders | loading pretrained mobilenet_v2 from weights/mobilenet_v2-b0353104.pth
13:23:20 | INFO    | holoqpi.models.encoders | loading pretrained mobilenet_v2 from weights/mobilenet_v2-b0353104.pth
13:23:20 | INFO    | holoqpi.models.encoders | encoder=mobilenet_v2 in_channels=1 pretrained=True weights=local (weights) stages=[16, 24, 32, 96, 1280]
13:23:21 | INFO    | holoqpi.models.holonet | HoloQPINet built: 9.60M parameters, 9.60M trainable (100.0%)
13:23:22 | INFO    | holoqpi.engine.trainer | trainable 9.60M / 9.60M parameters (100.0%)
13:23:22 | INFO    | holoqpi.engine.trainer | objective: boundary_gradient_alignment=0.05  cell_integrated_phase=1  phase=1  segmentation=1
13:23:22 | INFO    | holoqpi.engine.trainer | active physics terms: ['cell_integrated_phase', 'boundary_gradient_alignment']
13:23:29 | INFO    | holoqpi.engine.trainer |   epoch 1 step 0/140 loss=2.9676
13:23:32 | INFO    | holoqpi.engine.trainer |   epoch 1 step 20/140 loss=2.5585
13:23:37 | INFO    | holoqpi.engine.trainer |   epoch 1 step 40/140 loss=2.1636
13:23:42 | INFO    | holoqpi.engine.trainer |   epoch 1 step 60/140 loss=1.9596
13:23:46 | INFO    | holoqpi.engine.trainer |   epoch 1 step 80/140 loss=1.7153
13:23:50 | INFO    | holoqpi.engine.trainer |   epoch 1 step 100/140 loss=1.6725
13:23:55 | INFO    | holoqpi.engine.trainer |   epoch 1 step 120/140 loss=1.4797
13:24:56 | INFO    | holoqpi.engine.trainer |   new best composite=0.5927
13:24:56 | INFO    | holoqpi.engine.trainer | epoch 1/60 (94s = 37s train + 57s val) | train_loss=1.9507  val_phase_mae=0.3116  val_dice=0.5914  val_cls_acc=nan  val_mass_mape=0.2641
13:24:56 | INFO    | holoqpi.engine.trainer |   at this rate the full 60-epoch schedule takes about 94 min
13:24:57 | INFO    | holoqpi.engine.trainer |   epoch 2 step 0/140 loss=1.4575
13:25:01 | INFO    | holoqpi.engine.trainer |   epoch 2 step 20/140 loss=1.4353
13:25:06 | INFO    | holoqpi.engine.trainer |   epoch 2 step 40/140 loss=1.4803
13:25:10 | INFO    | holoqpi.engine.trainer |   epoch 2 step 60/140 loss=1.2033
13:25:14 | INFO    | holoqpi.engine.trainer |   epoch 2 step 80/140 loss=1.2209
13:25:18 | INFO    | holoqpi.engine.trainer |   epoch 2 step 100/140 loss=1.0827
13:25:22 | INFO    | holoqpi.engine.trainer |   epoch 2 step 120/140 loss=1.2946
13:26:19 | INFO    | holoqpi.engine.trainer |   new best composite=0.6867
13:26:19 | INFO    | holoqpi.engine.trainer | epoch 2/60 (83s = 30s train + 53s val) | train_loss=1.2507  val_phase_mae=0.2281  val_dice=0.7209  val_cls_acc=nan  val_mass_mape=0.3228
13:26:20 | INFO    | holoqpi.engine.trainer |   epoch 3 step 0/140 loss=1.0134
13:26:24 | INFO    | holoqpi.engine.trainer |   epoch 3 step 20/140 loss=0.9842
13:26:28 | INFO    | holoqpi.engine.trainer |   epoch 3 step 40/140 loss=0.8275
13:26:33 | INFO    | holoqpi.engine.trainer |   epoch 3 step 60/140 loss=1.0008
13:26:37 | INFO    | holoqpi.engine.trainer |   epoch 3 step 80/140 loss=0.8864
13:26:41 | INFO    | holoqpi.engine.trainer |   epoch 3 step 100/140 loss=0.8288
13:26:45 | INFO    | holoqpi.engine.trainer |   epoch 3 step 120/140 loss=0.8521
13:27:42 | INFO    | holoqpi.engine.trainer |   new best composite=0.7394
13:27:42 | INFO    | holoqpi.engine.trainer | epoch 3/60 (82s = 29s train + 53s val) | train_loss=0.9736  val_phase_mae=0.2036  val_dice=0.7577  val_cls_acc=nan  val_mass_mape=0.2356
13:27:43 | INFO    | holoqpi.engine.trainer |   epoch 4 step 0/140 loss=1.0195
13:27:47 | INFO    | holoqpi.engine.trainer |   epoch 4 step 20/140 loss=0.7390
13:27:51 | INFO    | holoqpi.engine.trainer |   epoch 4 step 40/140 loss=0.8526
13:27:56 | INFO    | holoqpi.engine.trainer |   epoch 4 step 60/140 loss=0.9260
13:28:00 | INFO    | holoqpi.engine.trainer |   epoch 4 step 80/140 loss=0.9416
13:28:04 | INFO    | holoqpi.engine.trainer |   epoch 4 step 100/140 loss=1.1147
13:28:08 | INFO    | holoqpi.engine.trainer |   epoch 4 step 120/140 loss=1.2306
13:29:05 | INFO    | holoqpi.engine.trainer | epoch 4/60 (84s = 30s train + 54s val) | train_loss=0.8741  val_phase_mae=0.2065  val_dice=0.7758  val_cls_acc=nan  val_mass_mape=0.2946
13:29:06 | INFO    | holoqpi.engine.trainer |   epoch 5 step 0/140 loss=0.9446
13:29:11 | INFO    | holoqpi.engine.trainer |   epoch 5 step 20/140 loss=0.7331
13:29:15 | INFO    | holoqpi.engine.trainer |   epoch 5 step 40/140 loss=0.8407
13:29:19 | INFO    | holoqpi.engine.trainer |   epoch 5 step 60/140 loss=0.8106
13:29:23 | INFO    | holoqpi.engine.trainer |   epoch 5 step 80/140 loss=0.6517
13:29:27 | INFO    | holoqpi.engine.trainer |   epoch 5 step 100/140 loss=0.9781
13:29:31 | INFO    | holoqpi.engine.trainer |   epoch 5 step 120/140 loss=0.6499
13:30:30 | INFO    | holoqpi.engine.trainer |   new best composite=0.7426
13:30:30 | INFO    | holoqpi.engine.trainer | epoch 5/60 (85s = 30s train + 55s val) | train_loss=0.8112  val_phase_mae=0.2016  val_dice=0.7814  val_cls_acc=nan  val_mass_mape=0.2683
13:30:31 | INFO    | holoqpi.engine.trainer |   epoch 6 step 0/140 loss=0.6273
13:30:35 | INFO    | holoqpi.engine.trainer |   epoch 6 step 20/140 loss=0.9527
13:30:39 | INFO    | holoqpi.engine.trainer |   epoch 6 step 40/140 loss=0.7715
13:30:43 | INFO    | holoqpi.engine.trainer |   epoch 6 step 60/140 loss=0.5459
13:30:47 | INFO    | holoqpi.engine.trainer |   epoch 6 step 80/140 loss=0.7462
13:30:51 | INFO    | holoqpi.engine.trainer |   epoch 6 step 100/140 loss=0.5745
13:30:56 | INFO    | holoqpi.engine.trainer |   epoch 6 step 120/140 loss=1.1570
13:31:52 | INFO    | holoqpi.engine.trainer |   new best composite=0.7646
13:31:52 | INFO    | holoqpi.engine.trainer | epoch 6/60 (82s = 29s train + 52s val) | train_loss=0.7740  val_phase_mae=0.1883  val_dice=0.7896  val_cls_acc=nan  val_mass_mape=0.2399
13:31:53 | INFO    | holoqpi.engine.trainer |   epoch 7 step 0/140 loss=0.9592
13:31:57 | INFO    | holoqpi.engine.trainer |   epoch 7 step 20/140 loss=0.7462
13:32:01 | INFO    | holoqpi.engine.trainer |   epoch 7 step 40/140 loss=0.6033
13:32:06 | INFO    | holoqpi.engine.trainer |   epoch 7 step 60/140 loss=0.6265
13:32:10 | INFO    | holoqpi.engine.trainer |   epoch 7 step 80/140 loss=0.7537
13:32:14 | INFO    | holoqpi.engine.trainer |   epoch 7 step 100/140 loss=0.8446
13:32:18 | INFO    | holoqpi.engine.trainer |   epoch 7 step 120/140 loss=0.7333
13:33:15 | INFO    | holoqpi.engine.trainer |   new best composite=0.7667
13:33:15 | INFO    | holoqpi.engine.trainer | epoch 7/60 (83s = 30s train + 53s val) | train_loss=0.7320  val_phase_mae=0.1902  val_dice=0.7869  val_cls_acc=nan  val_mass_mape=0.2236
13:33:16 | INFO    | holoqpi.engine.trainer |   epoch 8 step 0/140 loss=0.7604
13:33:20 | INFO    | holoqpi.engine.trainer |   epoch 8 step 20/140 loss=0.7282
13:33:24 | INFO    | holoqpi.engine.trainer |   epoch 8 step 40/140 loss=0.6556
13:33:28 | INFO    | holoqpi.engine.trainer |   epoch 8 step 60/140 loss=0.9174
13:33:33 | INFO    | holoqpi.engine.trainer |   epoch 8 step 80/140 loss=0.9751
13:33:37 | INFO    | holoqpi.engine.trainer |   epoch 8 step 100/140 loss=0.7625
13:33:41 | INFO    | holoqpi.engine.trainer |   epoch 8 step 120/140 loss=0.6343
13:34:37 | INFO    | holoqpi.engine.trainer | epoch 8/60 (82s = 29s train + 53s val) | train_loss=0.7264  val_phase_mae=0.1941  val_dice=0.7844  val_cls_acc=nan  val_mass_mape=0.2360
13:34:38 | INFO    | holoqpi.engine.trainer |   epoch 9 step 0/140 loss=0.7041
13:34:42 | INFO    | holoqpi.engine.trainer |   epoch 9 step 20/140 loss=0.8012
13:34:46 | INFO    | holoqpi.engine.trainer |   epoch 9 step 40/140 loss=0.6731
13:34:50 | INFO    | holoqpi.engine.trainer |   epoch 9 step 60/140 loss=0.7292
13:34:54 | INFO    | holoqpi.engine.trainer |   epoch 9 step 80/140 loss=0.6489
13:34:58 | INFO    | holoqpi.engine.trainer |   epoch 9 step 100/140 loss=0.6615
13:35:03 | INFO    | holoqpi.engine.trainer |   epoch 9 step 120/140 loss=0.6866
13:35:59 | INFO    | holoqpi.engine.trainer |   new best composite=0.7680
13:35:59 | INFO    | holoqpi.engine.trainer | epoch 9/60 (82s = 29s train + 53s val) | train_loss=0.7274  val_phase_mae=0.1872  val_dice=0.7975  val_cls_acc=nan  val_mass_mape=0.2545
13:36:00 | INFO    | holoqpi.engine.trainer |   epoch 10 step 0/140 loss=0.5786
13:36:04 | INFO    | holoqpi.engine.trainer |   epoch 10 step 20/140 loss=0.6930
13:36:09 | INFO    | holoqpi.engine.trainer |   epoch 10 step 40/140 loss=0.6206
13:36:13 | INFO    | holoqpi.engine.trainer |   epoch 10 step 60/140 loss=0.6387
13:36:17 | INFO    | holoqpi.engine.trainer |   epoch 10 step 80/140 loss=0.5712
13:36:21 | INFO    | holoqpi.engine.trainer |   epoch 10 step 100/140 loss=1.1014
13:36:25 | INFO    | holoqpi.engine.trainer |   epoch 10 step 120/140 loss=0.5422
13:37:21 | INFO    | holoqpi.engine.trainer |   new best composite=0.7722
13:37:21 | INFO    | holoqpi.engine.trainer | epoch 10/60 (82s = 29s train + 53s val) | train_loss=0.6885  val_phase_mae=0.1875  val_dice=0.8015  val_cls_acc=nan  val_mass_mape=0.2335
13:37:22 | INFO    | holoqpi.engine.trainer |   epoch 11 step 0/140 loss=0.5612
13:37:27 | INFO    | holoqpi.engine.trainer |   epoch 11 step 20/140 loss=0.5662
13:37:31 | INFO    | holoqpi.engine.trainer |   epoch 11 step 40/140 loss=0.7278
13:37:35 | INFO    | holoqpi.engine.trainer |   epoch 11 step 60/140 loss=0.6478
13:37:39 | INFO    | holoqpi.engine.trainer |   epoch 11 step 80/140 loss=0.6118
13:37:43 | INFO    | holoqpi.engine.trainer |   epoch 11 step 100/140 loss=0.6260
13:37:47 | INFO    | holoqpi.engine.trainer |   epoch 11 step 120/140 loss=0.7855
13:38:44 | INFO    | holoqpi.engine.trainer |   new best composite=0.7824
13:38:44 | INFO    | holoqpi.engine.trainer | epoch 11/60 (82s = 30s train + 52s val) | train_loss=0.6580  val_phase_mae=0.1850  val_dice=0.8087  val_cls_acc=nan  val_mass_mape=0.2174
13:38:45 | INFO    | holoqpi.engine.trainer |   epoch 12 step 0/140 loss=0.6658
13:38:49 | INFO    | holoqpi.engine.trainer |   epoch 12 step 20/140 loss=0.6768
13:38:53 | INFO    | holoqpi.engine.trainer |   epoch 12 step 40/140 loss=0.5113
13:38:58 | INFO    | holoqpi.engine.trainer |   epoch 12 step 60/140 loss=0.5433
13:39:02 | INFO    | holoqpi.engine.trainer |   epoch 12 step 80/140 loss=0.6497
13:39:06 | INFO    | holoqpi.engine.trainer |   epoch 12 step 100/140 loss=0.6435
13:39:10 | INFO    | holoqpi.engine.trainer |   epoch 12 step 120/140 loss=0.6240
13:40:06 | INFO    | holoqpi.engine.trainer |   new best composite=0.7832
13:40:06 | INFO    | holoqpi.engine.trainer | epoch 12/60 (82s = 29s train + 53s val) | train_loss=0.6470  val_phase_mae=0.1813  val_dice=0.8052  val_cls_acc=nan  val_mass_mape=0.2224
13:40:07 | INFO    | holoqpi.engine.trainer |   epoch 13 step 0/140 loss=0.6507
13:40:12 | INFO    | holoqpi.engine.trainer |   epoch 13 step 20/140 loss=0.5619
13:40:16 | INFO    | holoqpi.engine.trainer |   epoch 13 step 40/140 loss=0.7666
13:40:20 | INFO    | holoqpi.engine.trainer |   epoch 13 step 60/140 loss=0.6645
13:40:24 | INFO    | holoqpi.engine.trainer |   epoch 13 step 80/140 loss=0.7255
13:40:28 | INFO    | holoqpi.engine.trainer |   epoch 13 step 100/140 loss=0.9686
13:40:32 | INFO    | holoqpi.engine.trainer |   epoch 13 step 120/140 loss=0.4925
13:41:28 | INFO    | holoqpi.engine.trainer |   new best composite=0.7901
13:41:28 | INFO    | holoqpi.engine.trainer | epoch 13/60 (82s = 29s train + 52s val) | train_loss=0.6702  val_phase_mae=0.1828  val_dice=0.8108  val_cls_acc=nan  val_mass_mape=0.2042
13:41:29 | INFO    | holoqpi.engine.trainer |   epoch 14 step 0/140 loss=0.5833
13:41:34 | INFO    | holoqpi.engine.trainer |   epoch 14 step 20/140 loss=0.8466
13:41:38 | INFO    | holoqpi.engine.trainer |   epoch 14 step 40/140 loss=0.5140
13:41:42 | INFO    | holoqpi.engine.trainer |   epoch 14 step 60/140 loss=0.9027
13:41:46 | INFO    | holoqpi.engine.trainer |   epoch 14 step 80/140 loss=0.6385
13:41:50 | INFO    | holoqpi.engine.trainer |   epoch 14 step 100/140 loss=0.6632
13:41:54 | INFO    | holoqpi.engine.trainer |   epoch 14 step 120/140 loss=0.7244
13:42:50 | INFO    | holoqpi.engine.trainer | epoch 14/60 (82s = 30s train + 52s val) | train_loss=0.6631  val_phase_mae=0.1794  val_dice=0.7960  val_cls_acc=nan  val_mass_mape=0.2164
13:42:51 | INFO    | holoqpi.engine.trainer |   epoch 15 step 0/140 loss=1.1708
13:42:56 | INFO    | holoqpi.engine.trainer |   epoch 15 step 20/140 loss=0.5497
13:43:00 | INFO    | holoqpi.engine.trainer |   epoch 15 step 40/140 loss=0.5719
13:43:04 | INFO    | holoqpi.engine.trainer |   epoch 15 step 60/140 loss=0.5517
13:43:08 | INFO    | holoqpi.engine.trainer |   epoch 15 step 80/140 loss=0.8454
13:43:12 | INFO    | holoqpi.engine.trainer |   epoch 15 step 100/140 loss=0.6136
13:43:16 | INFO    | holoqpi.engine.trainer |   epoch 15 step 120/140 loss=0.7278
13:44:12 | INFO    | holoqpi.engine.trainer | epoch 15/60 (82s = 30s train + 52s val) | train_loss=0.6369  val_phase_mae=0.1824  val_dice=0.8090  val_cls_acc=nan  val_mass_mape=0.2138
13:44:13 | INFO    | holoqpi.engine.trainer |   epoch 16 step 0/140 loss=0.6502
13:44:17 | INFO    | holoqpi.engine.trainer |   epoch 16 step 20/140 loss=0.6077
13:44:22 | INFO    | holoqpi.engine.trainer |   epoch 16 step 40/140 loss=0.4775
13:44:26 | INFO    | holoqpi.engine.trainer |   epoch 16 step 60/140 loss=0.6286
13:44:30 | INFO    | holoqpi.engine.trainer |   epoch 16 step 80/140 loss=0.6748
13:44:34 | INFO    | holoqpi.engine.trainer |   epoch 16 step 100/140 loss=0.6743
13:44:38 | INFO    | holoqpi.engine.trainer |   epoch 16 step 120/140 loss=0.8015
13:45:36 | INFO    | holoqpi.engine.trainer | epoch 16/60 (84s = 30s train + 55s val) | train_loss=0.6097  val_phase_mae=0.1828  val_dice=0.8115  val_cls_acc=nan  val_mass_mape=0.2277
13:45:37 | INFO    | holoqpi.engine.trainer |   epoch 17 step 0/140 loss=0.8295
13:45:41 | INFO    | holoqpi.engine.trainer |   epoch 17 step 20/140 loss=0.6161
13:45:46 | INFO    | holoqpi.engine.trainer |   epoch 17 step 40/140 loss=0.5614
13:45:50 | INFO    | holoqpi.engine.trainer |   epoch 17 step 60/140 loss=0.5938
13:45:54 | INFO    | holoqpi.engine.trainer |   epoch 17 step 80/140 loss=0.5361
13:45:58 | INFO    | holoqpi.engine.trainer |   epoch 17 step 100/140 loss=0.5779
13:46:02 | INFO    | holoqpi.engine.trainer |   epoch 17 step 120/140 loss=0.4245
13:46:58 | INFO    | holoqpi.engine.trainer |   new best composite=0.7930
13:46:58 | INFO    | holoqpi.engine.trainer | epoch 17/60 (82s = 30s train + 52s val) | train_loss=0.6159  val_phase_mae=0.1824  val_dice=0.8136  val_cls_acc=nan  val_mass_mape=0.2028
13:46:59 | INFO    | holoqpi.engine.trainer |   epoch 18 step 0/140 loss=0.5221
13:47:03 | INFO    | holoqpi.engine.trainer |   epoch 18 step 20/140 loss=0.7067
13:47:08 | INFO    | holoqpi.engine.trainer |   epoch 18 step 40/140 loss=0.5787
13:47:12 | INFO    | holoqpi.engine.trainer |   epoch 18 step 60/140 loss=0.6750
13:47:16 | INFO    | holoqpi.engine.trainer |   epoch 18 step 80/140 loss=0.6561
13:47:20 | INFO    | holoqpi.engine.trainer |   epoch 18 step 100/140 loss=0.4912
13:47:24 | INFO    | holoqpi.engine.trainer |   epoch 18 step 120/140 loss=0.8267
13:48:20 | INFO    | holoqpi.engine.trainer | epoch 18/60 (82s = 30s train + 52s val) | train_loss=0.6147  val_phase_mae=0.1742  val_dice=0.8104  val_cls_acc=nan  val_mass_mape=0.2177
13:48:21 | INFO    | holoqpi.engine.trainer |   epoch 19 step 0/140 loss=0.5397
13:48:26 | INFO    | holoqpi.engine.trainer |   epoch 19 step 20/140 loss=0.5706
13:48:30 | INFO    | holoqpi.engine.trainer |   epoch 19 step 40/140 loss=0.8554
13:48:34 | INFO    | holoqpi.engine.trainer |   epoch 19 step 60/140 loss=0.4851
13:48:38 | INFO    | holoqpi.engine.trainer |   epoch 19 step 80/140 loss=0.4666
13:48:42 | INFO    | holoqpi.engine.trainer |   epoch 19 step 100/140 loss=0.8285
13:48:47 | INFO    | holoqpi.engine.trainer |   epoch 19 step 120/140 loss=0.5032
13:49:42 | INFO    | holoqpi.engine.trainer | epoch 19/60 (82s = 30s train + 52s val) | train_loss=0.6272  val_phase_mae=0.1807  val_dice=0.8171  val_cls_acc=nan  val_mass_mape=0.2228
13:49:43 | INFO    | holoqpi.engine.trainer |   epoch 20 step 0/140 loss=0.4908
13:49:47 | INFO    | holoqpi.engine.trainer |   epoch 20 step 20/140 loss=0.4619
13:49:52 | INFO    | holoqpi.engine.trainer |   epoch 20 step 40/140 loss=0.5727
13:49:56 | INFO    | holoqpi.engine.trainer |   epoch 20 step 60/140 loss=0.6437
13:50:00 | INFO    | holoqpi.engine.trainer |   epoch 20 step 80/140 loss=0.5199
13:50:04 | INFO    | holoqpi.engine.trainer |   epoch 20 step 100/140 loss=0.4661
13:50:08 | INFO    | holoqpi.engine.trainer |   epoch 20 step 120/140 loss=0.4981
13:51:04 | INFO    | holoqpi.engine.trainer | epoch 20/60 (82s = 30s train + 52s val) | train_loss=0.6084  val_phase_mae=0.1854  val_dice=0.8124  val_cls_acc=nan  val_mass_mape=0.2164
13:51:05 | INFO    | holoqpi.engine.trainer |   epoch 21 step 0/140 loss=0.5312
13:51:09 | INFO    | holoqpi.engine.trainer |   epoch 21 step 20/140 loss=0.7366
13:51:14 | INFO    | holoqpi.engine.trainer |   epoch 21 step 40/140 loss=0.4998
13:51:18 | INFO    | holoqpi.engine.trainer |   epoch 21 step 60/140 loss=0.6063
13:51:22 | INFO    | holoqpi.engine.trainer |   epoch 21 step 80/140 loss=0.5226
13:51:26 | INFO    | holoqpi.engine.trainer |   epoch 21 step 100/140 loss=0.4742
13:51:30 | INFO    | holoqpi.engine.trainer |   epoch 21 step 120/140 loss=0.5367
13:52:25 | INFO    | holoqpi.engine.trainer | epoch 21/60 (82s = 30s train + 52s val) | train_loss=0.6051  val_phase_mae=0.1815  val_dice=0.8134  val_cls_acc=nan  val_mass_mape=0.2456
13:52:26 | INFO    | holoqpi.engine.trainer |   epoch 22 step 0/140 loss=0.5965
13:52:31 | INFO    | holoqpi.engine.trainer |   epoch 22 step 20/140 loss=0.6906
13:52:35 | INFO    | holoqpi.engine.trainer |   epoch 22 step 40/140 loss=0.4899
13:52:40 | INFO    | holoqpi.engine.trainer |   epoch 22 step 60/140 loss=0.4704
13:52:44 | INFO    | holoqpi.engine.trainer |   epoch 22 step 80/140 loss=0.4892
13:52:48 | INFO    | holoqpi.engine.trainer |   epoch 22 step 100/140 loss=0.7227
13:52:52 | INFO    | holoqpi.engine.trainer |   epoch 22 step 120/140 loss=0.5107
13:53:48 | INFO    | holoqpi.engine.trainer | epoch 22/60 (82s = 30s train + 52s val) | train_loss=0.5996  val_phase_mae=0.1805  val_dice=0.8157  val_cls_acc=nan  val_mass_mape=0.2259
13:53:49 | INFO    | holoqpi.engine.trainer |   epoch 23 step 0/140 loss=0.4251
13:53:53 | INFO    | holoqpi.engine.trainer |   epoch 23 step 20/140 loss=0.5602
13:53:57 | INFO    | holoqpi.engine.trainer |   epoch 23 step 40/140 loss=0.6807
13:54:02 | INFO    | holoqpi.engine.trainer |   epoch 23 step 60/140 loss=0.7448
13:54:06 | INFO    | holoqpi.engine.trainer |   epoch 23 step 80/140 loss=0.6005
13:54:10 | INFO    | holoqpi.engine.trainer |   epoch 23 step 100/140 loss=0.5144
13:54:14 | INFO    | holoqpi.engine.trainer |   epoch 23 step 120/140 loss=0.5769
13:55:10 | INFO    | holoqpi.engine.trainer |   new best composite=0.7947
13:55:10 | INFO    | holoqpi.engine.trainer | epoch 23/60 (82s = 30s train + 52s val) | train_loss=0.5806  val_phase_mae=0.1722  val_dice=0.8160  val_cls_acc=nan  val_mass_mape=0.2081
13:55:11 | INFO    | holoqpi.engine.trainer |   epoch 24 step 0/140 loss=0.5230
13:55:16 | INFO    | holoqpi.engine.trainer |   epoch 24 step 20/140 loss=0.6100
13:55:20 | INFO    | holoqpi.engine.trainer |   epoch 24 step 40/140 loss=0.6391
13:55:25 | INFO    | holoqpi.engine.trainer |   epoch 24 step 60/140 loss=0.7221
13:55:29 | INFO    | holoqpi.engine.trainer |   epoch 24 step 80/140 loss=0.4888
13:55:33 | INFO    | holoqpi.engine.trainer |   epoch 24 step 100/140 loss=0.4512
13:55:38 | INFO    | holoqpi.engine.trainer |   epoch 24 step 120/140 loss=0.4530
13:56:33 | INFO    | holoqpi.engine.trainer | epoch 24/60 (83s = 31s train + 52s val) | train_loss=0.5984  val_phase_mae=0.1753  val_dice=0.8167  val_cls_acc=nan  val_mass_mape=0.2143
13:56:34 | INFO    | holoqpi.engine.trainer |   epoch 25 step 0/140 loss=0.5111
13:56:38 | INFO    | holoqpi.engine.trainer |   epoch 25 step 20/140 loss=0.6424
13:56:43 | INFO    | holoqpi.engine.trainer |   epoch 25 step 40/140 loss=0.4206
13:56:47 | INFO    | holoqpi.engine.trainer |   epoch 25 step 60/140 loss=0.6557
13:56:52 | INFO    | holoqpi.engine.trainer |   epoch 25 step 80/140 loss=0.7618
13:56:56 | INFO    | holoqpi.engine.trainer |   epoch 25 step 100/140 loss=0.5601
13:57:00 | INFO    | holoqpi.engine.trainer |   epoch 25 step 120/140 loss=0.7160
13:57:55 | INFO    | holoqpi.engine.trainer | epoch 25/60 (82s = 31s train + 51s val) | train_loss=0.5863  val_phase_mae=0.1765  val_dice=0.8185  val_cls_acc=nan  val_mass_mape=0.2265
13:57:56 | INFO    | holoqpi.engine.trainer |   epoch 26 step 0/140 loss=0.5223
13:58:00 | INFO    | holoqpi.engine.trainer |   epoch 26 step 20/140 loss=0.5610
13:58:05 | INFO    | holoqpi.engine.trainer |   epoch 26 step 40/140 loss=0.5936
13:58:09 | INFO    | holoqpi.engine.trainer |   epoch 26 step 60/140 loss=0.5019
13:58:14 | INFO    | holoqpi.engine.trainer |   epoch 26 step 80/140 loss=0.7194
13:58:18 | INFO    | holoqpi.engine.trainer |   epoch 26 step 100/140 loss=0.6607
13:58:22 | INFO    | holoqpi.engine.trainer |   epoch 26 step 120/140 loss=0.4205
13:59:20 | INFO    | holoqpi.engine.trainer | epoch 26/60 (85s = 31s train + 54s val) | train_loss=0.5753  val_phase_mae=0.1760  val_dice=0.8176  val_cls_acc=nan  val_mass_mape=0.2202
13:59:21 | INFO    | holoqpi.engine.trainer |   epoch 27 step 0/140 loss=0.4972
13:59:25 | INFO    | holoqpi.engine.trainer |   epoch 27 step 20/140 loss=0.8368
13:59:30 | INFO    | holoqpi.engine.trainer |   epoch 27 step 40/140 loss=0.5992
13:59:34 | INFO    | holoqpi.engine.trainer |   epoch 27 step 60/140 loss=0.6595
13:59:39 | INFO    | holoqpi.engine.trainer |   epoch 27 step 80/140 loss=0.5670
13:59:43 | INFO    | holoqpi.engine.trainer |   epoch 27 step 100/140 loss=0.4549
13:59:47 | INFO    | holoqpi.engine.trainer |   epoch 27 step 120/140 loss=1.0196
14:00:45 | INFO    | holoqpi.engine.trainer |   new best composite=0.7982
14:00:45 | INFO    | holoqpi.engine.trainer | epoch 27/60 (85s = 31s train + 54s val) | train_loss=0.5847  val_phase_mae=0.1739  val_dice=0.8163  val_cls_acc=nan  val_mass_mape=0.2064
14:00:46 | INFO    | holoqpi.engine.trainer |   epoch 28 step 0/140 loss=0.6783
14:00:50 | INFO    | holoqpi.engine.trainer |   epoch 28 step 20/140 loss=0.6453
14:00:54 | INFO    | holoqpi.engine.trainer |   epoch 28 step 40/140 loss=0.5645
14:00:59 | INFO    | holoqpi.engine.trainer |   epoch 28 step 60/140 loss=0.4275
14:01:03 | INFO    | holoqpi.engine.trainer |   epoch 28 step 80/140 loss=0.5014
14:01:07 | INFO    | holoqpi.engine.trainer |   epoch 28 step 100/140 loss=0.5348
14:01:11 | INFO    | holoqpi.engine.trainer |   epoch 28 step 120/140 loss=0.6553
14:02:07 | INFO    | holoqpi.engine.trainer |   new best composite=0.7982
14:02:07 | INFO    | holoqpi.engine.trainer | epoch 28/60 (82s = 30s train + 52s val) | train_loss=0.5595  val_phase_mae=0.1784  val_dice=0.8224  val_cls_acc=nan  val_mass_mape=0.2127
14:02:08 | INFO    | holoqpi.engine.trainer |   epoch 29 step 0/140 loss=0.6436
14:02:12 | INFO    | holoqpi.engine.trainer |   epoch 29 step 20/140 loss=0.4940
14:02:17 | INFO    | holoqpi.engine.trainer |   epoch 29 step 40/140 loss=0.6977
14:02:21 | INFO    | holoqpi.engine.trainer |   epoch 29 step 60/140 loss=0.5359
14:02:26 | INFO    | holoqpi.engine.trainer |   epoch 29 step 80/140 loss=0.7921
14:02:30 | INFO    | holoqpi.engine.trainer |   epoch 29 step 100/140 loss=0.5604
14:02:34 | INFO    | holoqpi.engine.trainer |   epoch 29 step 120/140 loss=0.5065
14:03:29 | INFO    | holoqpi.engine.trainer | epoch 29/60 (82s = 31s train + 52s val) | train_loss=0.5601  val_phase_mae=0.1796  val_dice=0.8183  val_cls_acc=nan  val_mass_mape=0.2164
14:03:30 | INFO    | holoqpi.engine.trainer |   epoch 30 step 0/140 loss=0.5186
14:03:35 | INFO    | holoqpi.engine.trainer |   epoch 30 step 20/140 loss=0.4787
14:03:39 | INFO    | holoqpi.engine.trainer |   epoch 30 step 40/140 loss=0.4648
14:03:44 | INFO    | holoqpi.engine.trainer |   epoch 30 step 60/140 loss=0.4243
14:03:48 | INFO    | holoqpi.engine.trainer |   epoch 30 step 80/140 loss=0.5199
14:03:52 | INFO    | holoqpi.engine.trainer |   epoch 30 step 100/140 loss=0.5397
14:03:57 | INFO    | holoqpi.engine.trainer |   epoch 30 step 120/140 loss=0.4377
14:04:52 | INFO    | holoqpi.engine.trainer | epoch 30/60 (83s = 31s train + 52s val) | train_loss=0.5410  val_phase_mae=0.1831  val_dice=0.8185  val_cls_acc=nan  val_mass_mape=0.2124
14:04:53 | INFO    | holoqpi.engine.trainer |   epoch 31 step 0/140 loss=0.9198
14:04:57 | INFO    | holoqpi.engine.trainer |   epoch 31 step 20/140 loss=0.4509
14:05:02 | INFO    | holoqpi.engine.trainer |   epoch 31 step 40/140 loss=0.6063
14:05:06 | INFO    | holoqpi.engine.trainer |   epoch 31 step 60/140 loss=0.6197
14:05:11 | INFO    | holoqpi.engine.trainer |   epoch 31 step 80/140 loss=0.3732
14:05:15 | INFO    | holoqpi.engine.trainer |   epoch 31 step 100/140 loss=0.4150
14:05:19 | INFO    | holoqpi.engine.trainer |   epoch 31 step 120/140 loss=0.5061
14:06:14 | INFO    | holoqpi.engine.trainer |   new best composite=0.8049
14:06:14 | INFO    | holoqpi.engine.trainer | epoch 31/60 (82s = 31s train + 51s val) | train_loss=0.5650  val_phase_mae=0.1704  val_dice=0.8220  val_cls_acc=nan  val_mass_mape=0.1977
14:06:15 | INFO    | holoqpi.engine.trainer |   epoch 32 step 0/140 loss=0.5670
14:06:20 | INFO    | holoqpi.engine.trainer |   epoch 32 step 20/140 loss=0.5799
14:06:24 | INFO    | holoqpi.engine.trainer |   epoch 32 step 40/140 loss=0.5291
14:06:28 | INFO    | holoqpi.engine.trainer |   epoch 32 step 60/140 loss=0.4651
14:06:33 | INFO    | holoqpi.engine.trainer |   epoch 32 step 80/140 loss=0.4820
14:06:37 | INFO    | holoqpi.engine.trainer |   epoch 32 step 100/140 loss=0.4685
14:06:41 | INFO    | holoqpi.engine.trainer |   epoch 32 step 120/140 loss=0.5126
14:07:37 | INFO    | holoqpi.engine.trainer | epoch 32/60 (83s = 31s train + 52s val) | train_loss=0.5422  val_phase_mae=0.1723  val_dice=0.8237  val_cls_acc=nan  val_mass_mape=0.1984
14:07:38 | INFO    | holoqpi.engine.trainer |   epoch 33 step 0/140 loss=0.6139
14:07:42 | INFO    | holoqpi.engine.trainer |   epoch 33 step 20/140 loss=0.4909
14:07:47 | INFO    | holoqpi.engine.trainer |   epoch 33 step 40/140 loss=0.7387
14:07:51 | INFO    | holoqpi.engine.trainer |   epoch 33 step 60/140 loss=0.6005
14:07:56 | INFO    | holoqpi.engine.trainer |   epoch 33 step 80/140 loss=0.6182
14:08:00 | INFO    | holoqpi.engine.trainer |   epoch 33 step 100/140 loss=0.6757
14:08:04 | INFO    | holoqpi.engine.trainer |   epoch 33 step 120/140 loss=0.5106
14:08:59 | INFO    | holoqpi.engine.trainer | epoch 33/60 (82s = 31s train + 51s val) | train_loss=0.5337  val_phase_mae=0.1837  val_dice=0.8226  val_cls_acc=nan  val_mass_mape=0.2055
14:09:00 | INFO    | holoqpi.engine.trainer |   epoch 34 step 0/140 loss=0.4225
14:09:05 | INFO    | holoqpi.engine.trainer |   epoch 34 step 20/140 loss=0.4539
14:09:09 | INFO    | holoqpi.engine.trainer |   epoch 34 step 40/140 loss=0.5495
14:09:14 | INFO    | holoqpi.engine.trainer |   epoch 34 step 60/140 loss=0.6421
14:09:18 | INFO    | holoqpi.engine.trainer |   epoch 34 step 80/140 loss=0.5252
14:09:22 | INFO    | holoqpi.engine.trainer |   epoch 34 step 100/140 loss=0.5720
14:09:27 | INFO    | holoqpi.engine.trainer |   epoch 34 step 120/140 loss=0.5098
14:10:22 | INFO    | holoqpi.engine.trainer | epoch 34/60 (83s = 31s train + 51s val) | train_loss=0.5420  val_phase_mae=0.1772  val_dice=0.8200  val_cls_acc=nan  val_mass_mape=0.2510
14:10:23 | INFO    | holoqpi.engine.trainer |   epoch 35 step 0/140 loss=0.4924
14:10:27 | INFO    | holoqpi.engine.trainer |   epoch 35 step 20/140 loss=0.4555
14:10:32 | INFO    | holoqpi.engine.trainer |   epoch 35 step 40/140 loss=0.4931
14:10:36 | INFO    | holoqpi.engine.trainer |   epoch 35 step 60/140 loss=0.5686
14:10:41 | INFO    | holoqpi.engine.trainer |   epoch 35 step 80/140 loss=0.5188
14:10:45 | INFO    | holoqpi.engine.trainer |   epoch 35 step 100/140 loss=0.4307
14:10:49 | INFO    | holoqpi.engine.trainer |   epoch 35 step 120/140 loss=0.4834
14:11:44 | INFO    | holoqpi.engine.trainer | epoch 35/60 (83s = 31s train + 52s val) | train_loss=0.5462  val_phase_mae=0.1774  val_dice=0.8218  val_cls_acc=nan  val_mass_mape=0.2013
14:11:45 | INFO    | holoqpi.engine.trainer |   epoch 36 step 0/140 loss=0.4017
14:11:50 | INFO    | holoqpi.engine.trainer |   epoch 36 step 20/140 loss=0.5876
14:11:54 | INFO    | holoqpi.engine.trainer |   epoch 36 step 40/140 loss=0.4082
14:11:59 | INFO    | holoqpi.engine.trainer |   epoch 36 step 60/140 loss=0.4249
14:12:03 | INFO    | holoqpi.engine.trainer |   epoch 36 step 80/140 loss=0.5608
14:12:08 | INFO    | holoqpi.engine.trainer |   epoch 36 step 100/140 loss=0.5485
14:12:13 | INFO    | holoqpi.engine.trainer |   epoch 36 step 120/140 loss=0.4372
14:13:09 | INFO    | holoqpi.engine.trainer | epoch 36/60 (85s = 32s train + 53s val) | train_loss=0.5268  val_phase_mae=0.1774  val_dice=0.8227  val_cls_acc=nan  val_mass_mape=0.2137
14:13:10 | INFO    | holoqpi.engine.trainer |   epoch 37 step 0/140 loss=0.5194
14:13:15 | INFO    | holoqpi.engine.trainer |   epoch 37 step 20/140 loss=0.5611
14:13:19 | INFO    | holoqpi.engine.trainer |   epoch 37 step 40/140 loss=0.3884
14:13:24 | INFO    | holoqpi.engine.trainer |   epoch 37 step 60/140 loss=0.4102
14:13:28 | INFO    | holoqpi.engine.trainer |   epoch 37 step 80/140 loss=0.4386
14:13:33 | INFO    | holoqpi.engine.trainer |   epoch 37 step 100/140 loss=0.6605
14:13:37 | INFO    | holoqpi.engine.trainer |   epoch 37 step 120/140 loss=0.4350
14:14:32 | INFO    | holoqpi.engine.trainer | epoch 37/60 (83s = 31s train + 51s val) | train_loss=0.5265  val_phase_mae=0.1708  val_dice=0.8250  val_cls_acc=nan  val_mass_mape=0.2073
14:14:33 | INFO    | holoqpi.engine.trainer |   epoch 38 step 0/140 loss=0.6644
14:14:37 | INFO    | holoqpi.engine.trainer |   epoch 38 step 20/140 loss=0.4382
14:14:42 | INFO    | holoqpi.engine.trainer |   epoch 38 step 40/140 loss=0.4805
14:14:46 | INFO    | holoqpi.engine.trainer |   epoch 38 step 60/140 loss=0.4845
14:14:51 | INFO    | holoqpi.engine.trainer |   epoch 38 step 80/140 loss=0.5620
14:14:55 | INFO    | holoqpi.engine.trainer |   epoch 38 step 100/140 loss=0.5260
14:15:00 | INFO    | holoqpi.engine.trainer |   epoch 38 step 120/140 loss=0.4505
14:15:54 | INFO    | holoqpi.engine.trainer | epoch 38/60 (82s = 31s train + 51s val) | train_loss=0.5317  val_phase_mae=0.1745  val_dice=0.8230  val_cls_acc=nan  val_mass_mape=0.2037
14:15:55 | INFO    | holoqpi.engine.trainer |   epoch 39 step 0/140 loss=0.4384
14:15:59 | INFO    | holoqpi.engine.trainer |   epoch 39 step 20/140 loss=0.5217
14:16:04 | INFO    | holoqpi.engine.trainer |   epoch 39 step 40/140 loss=0.4445
14:16:08 | INFO    | holoqpi.engine.trainer |   epoch 39 step 60/140 loss=0.4295
14:16:13 | INFO    | holoqpi.engine.trainer |   epoch 39 step 80/140 loss=0.5433
14:16:17 | INFO    | holoqpi.engine.trainer |   epoch 39 step 100/140 loss=0.4939
14:16:22 | INFO    | holoqpi.engine.trainer |   epoch 39 step 120/140 loss=0.4060
14:17:18 | INFO    | holoqpi.engine.trainer | epoch 39/60 (85s = 32s train + 53s val) | train_loss=0.5177  val_phase_mae=0.1767  val_dice=0.8233  val_cls_acc=nan  val_mass_mape=0.2199
14:17:19 | INFO    | holoqpi.engine.trainer |   epoch 40 step 0/140 loss=0.4352
14:17:24 | INFO    | holoqpi.engine.trainer |   epoch 40 step 20/140 loss=0.4525
14:17:28 | INFO    | holoqpi.engine.trainer |   epoch 40 step 40/140 loss=0.4469
14:17:33 | INFO    | holoqpi.engine.trainer |   epoch 40 step 60/140 loss=0.5820
14:17:37 | INFO    | holoqpi.engine.trainer |   epoch 40 step 80/140 loss=0.4217
14:17:42 | INFO    | holoqpi.engine.trainer |   epoch 40 step 100/140 loss=0.4560
14:17:46 | INFO    | holoqpi.engine.trainer |   epoch 40 step 120/140 loss=0.4628
14:18:41 | INFO    | holoqpi.engine.trainer | epoch 40/60 (82s = 32s train + 51s val) | train_loss=0.5017  val_phase_mae=0.1761  val_dice=0.8230  val_cls_acc=nan  val_mass_mape=0.2021
14:18:42 | INFO    | holoqpi.engine.trainer |   epoch 41 step 0/140 loss=0.5939
14:18:47 | INFO    | holoqpi.engine.trainer |   epoch 41 step 20/140 loss=0.6859
14:18:51 | INFO    | holoqpi.engine.trainer |   epoch 41 step 40/140 loss=0.4597
14:18:55 | INFO    | holoqpi.engine.trainer |   epoch 41 step 60/140 loss=0.4049
14:19:00 | INFO    | holoqpi.engine.trainer |   epoch 41 step 80/140 loss=0.5388
14:19:05 | INFO    | holoqpi.engine.trainer |   epoch 41 step 100/140 loss=0.7226
14:19:09 | INFO    | holoqpi.engine.trainer |   epoch 41 step 120/140 loss=0.4798
14:20:06 | INFO    | holoqpi.engine.trainer | epoch 41/60 (85s = 32s train + 53s val) | train_loss=0.5054  val_phase_mae=0.1747  val_dice=0.8233  val_cls_acc=nan  val_mass_mape=0.2155
14:20:07 | INFO    | holoqpi.engine.trainer |   epoch 42 step 0/140 loss=0.3990
14:20:11 | INFO    | holoqpi.engine.trainer |   epoch 42 step 20/140 loss=0.4926
14:20:16 | INFO    | holoqpi.engine.trainer |   epoch 42 step 40/140 loss=0.4430
14:20:20 | INFO    | holoqpi.engine.trainer |   epoch 42 step 60/140 loss=0.4510
14:20:25 | INFO    | holoqpi.engine.trainer |   epoch 42 step 80/140 loss=0.4830
14:20:29 | INFO    | holoqpi.engine.trainer |   epoch 42 step 100/140 loss=0.6299
14:20:33 | INFO    | holoqpi.engine.trainer |   epoch 42 step 120/140 loss=0.4994
14:21:28 | INFO    | holoqpi.engine.trainer | epoch 42/60 (82s = 31s train + 51s val) | train_loss=0.5123  val_phase_mae=0.1720  val_dice=0.8241  val_cls_acc=nan  val_mass_mape=0.2068
14:21:29 | INFO    | holoqpi.engine.trainer |   epoch 43 step 0/140 loss=0.4209
14:21:34 | INFO    | holoqpi.engine.trainer |   epoch 43 step 20/140 loss=0.4727
14:21:38 | INFO    | holoqpi.engine.trainer |   epoch 43 step 40/140 loss=0.5327
14:21:42 | INFO    | holoqpi.engine.trainer |   epoch 43 step 60/140 loss=0.6261
14:21:47 | INFO    | holoqpi.engine.trainer |   epoch 43 step 80/140 loss=0.4878
14:21:51 | INFO    | holoqpi.engine.trainer |   epoch 43 step 100/140 loss=0.5086
14:21:56 | INFO    | holoqpi.engine.trainer |   epoch 43 step 120/140 loss=0.5192
14:22:51 | INFO    | holoqpi.engine.trainer | epoch 43/60 (83s = 32s train + 51s val) | train_loss=0.5084  val_phase_mae=0.1758  val_dice=0.8253  val_cls_acc=nan  val_mass_mape=0.2057
14:22:52 | INFO    | holoqpi.engine.trainer |   epoch 44 step 0/140 loss=0.4670
14:22:56 | INFO    | holoqpi.engine.trainer |   epoch 44 step 20/140 loss=0.5150
14:23:01 | INFO    | holoqpi.engine.trainer |   epoch 44 step 40/140 loss=0.4630
14:23:05 | INFO    | holoqpi.engine.trainer |   epoch 44 step 60/140 loss=0.5087
14:23:10 | INFO    | holoqpi.engine.trainer |   epoch 44 step 80/140 loss=0.3940
14:23:14 | INFO    | holoqpi.engine.trainer |   epoch 44 step 100/140 loss=0.4958
14:23:19 | INFO    | holoqpi.engine.trainer |   epoch 44 step 120/140 loss=0.4490
14:24:15 | INFO    | holoqpi.engine.trainer | epoch 44/60 (85s = 32s train + 53s val) | train_loss=0.4908  val_phase_mae=0.1757  val_dice=0.8244  val_cls_acc=nan  val_mass_mape=0.2057
14:24:17 | INFO    | holoqpi.engine.trainer |   epoch 45 step 0/140 loss=0.6994
14:24:21 | INFO    | holoqpi.engine.trainer |   epoch 45 step 20/140 loss=0.4842
14:24:25 | INFO    | holoqpi.engine.trainer |   epoch 45 step 40/140 loss=0.6389
14:24:30 | INFO    | holoqpi.engine.trainer |   epoch 45 step 60/140 loss=0.5647
14:24:34 | INFO    | holoqpi.engine.trainer |   epoch 45 step 80/140 loss=0.5066
14:24:39 | INFO    | holoqpi.engine.trainer |   epoch 45 step 100/140 loss=0.3827
14:24:43 | INFO    | holoqpi.engine.trainer |   epoch 45 step 120/140 loss=0.4242
14:25:38 | INFO    | holoqpi.engine.trainer |   new best composite=0.8049
14:25:38 | INFO    | holoqpi.engine.trainer | epoch 45/60 (82s = 32s train + 51s val) | train_loss=0.4866  val_phase_mae=0.1746  val_dice=0.8261  val_cls_acc=nan  val_mass_mape=0.2024
14:25:39 | INFO    | holoqpi.engine.trainer |   epoch 46 step 0/140 loss=0.4555
14:25:44 | INFO    | holoqpi.engine.trainer |   epoch 46 step 20/140 loss=0.5090
14:25:48 | INFO    | holoqpi.engine.trainer |   epoch 46 step 40/140 loss=0.4044
14:25:53 | INFO    | holoqpi.engine.trainer |   epoch 46 step 60/140 loss=0.4352
14:25:57 | INFO    | holoqpi.engine.trainer |   epoch 46 step 80/140 loss=0.5476
14:26:02 | INFO    | holoqpi.engine.trainer |   epoch 46 step 100/140 loss=0.4716
14:26:06 | INFO    | holoqpi.engine.trainer |   epoch 46 step 120/140 loss=0.5822
14:27:01 | INFO    | holoqpi.engine.trainer | epoch 46/60 (82s = 31s train + 51s val) | train_loss=0.4989  val_phase_mae=0.1745  val_dice=0.8254  val_cls_acc=nan  val_mass_mape=0.2127
14:27:02 | INFO    | holoqpi.engine.trainer |   epoch 47 step 0/140 loss=0.4593
14:27:06 | INFO    | holoqpi.engine.trainer |   epoch 47 step 20/140 loss=0.4733
14:27:11 | INFO    | holoqpi.engine.trainer |   epoch 47 step 40/140 loss=0.4554
14:27:15 | INFO    | holoqpi.engine.trainer |   epoch 47 step 60/140 loss=0.4531
14:27:20 | INFO    | holoqpi.engine.trainer |   epoch 47 step 80/140 loss=0.4505
14:27:24 | INFO    | holoqpi.engine.trainer |   epoch 47 step 100/140 loss=0.4497
14:27:29 | INFO    | holoqpi.engine.trainer |   epoch 47 step 120/140 loss=0.4997
14:28:24 | INFO    | holoqpi.engine.trainer |   new best composite=0.8077
14:28:24 | INFO    | holoqpi.engine.trainer | epoch 47/60 (83s = 32s train + 51s val) | train_loss=0.4864  val_phase_mae=0.1731  val_dice=0.8262  val_cls_acc=nan  val_mass_mape=0.1954
14:28:25 | INFO    | holoqpi.engine.trainer |   epoch 48 step 0/140 loss=0.5177
14:28:30 | INFO    | holoqpi.engine.trainer |   epoch 48 step 20/140 loss=0.7276
14:28:34 | INFO    | holoqpi.engine.trainer |   epoch 48 step 40/140 loss=0.6260
14:28:38 | INFO    | holoqpi.engine.trainer |   epoch 48 step 60/140 loss=0.6211
14:28:43 | INFO    | holoqpi.engine.trainer |   epoch 48 step 80/140 loss=0.3986
14:28:47 | INFO    | holoqpi.engine.trainer |   epoch 48 step 100/140 loss=0.6295
14:28:52 | INFO    | holoqpi.engine.trainer |   epoch 48 step 120/140 loss=0.5820
14:29:47 | INFO    | holoqpi.engine.trainer | epoch 48/60 (82s = 31s train + 51s val) | train_loss=0.4997  val_phase_mae=0.1710  val_dice=0.8270  val_cls_acc=nan  val_mass_mape=0.1958
14:29:48 | INFO    | holoqpi.engine.trainer |   epoch 49 step 0/140 loss=0.5565
14:29:52 | INFO    | holoqpi.engine.trainer |   epoch 49 step 20/140 loss=0.4423
14:29:56 | INFO    | holoqpi.engine.trainer |   epoch 49 step 40/140 loss=0.6240
14:30:01 | INFO    | holoqpi.engine.trainer |   epoch 49 step 60/140 loss=0.4638
14:30:05 | INFO    | holoqpi.engine.trainer |   epoch 49 step 80/140 loss=0.7275
14:30:10 | INFO    | holoqpi.engine.trainer |   epoch 49 step 100/140 loss=0.4808
14:30:14 | INFO    | holoqpi.engine.trainer |   epoch 49 step 120/140 loss=0.4532
14:31:09 | INFO    | holoqpi.engine.trainer | epoch 49/60 (83s = 31s train + 51s val) | train_loss=0.4878  val_phase_mae=0.1755  val_dice=0.8263  val_cls_acc=nan  val_mass_mape=0.2112
14:31:10 | INFO    | holoqpi.engine.trainer |   epoch 50 step 0/140 loss=0.5030
14:31:14 | INFO    | holoqpi.engine.trainer |   epoch 50 step 20/140 loss=0.5021
14:31:19 | INFO    | holoqpi.engine.trainer |   epoch 50 step 40/140 loss=0.4755
14:31:23 | INFO    | holoqpi.engine.trainer |   epoch 50 step 60/140 loss=0.3971
14:31:28 | INFO    | holoqpi.engine.trainer |   epoch 50 step 80/140 loss=0.6653
14:31:32 | INFO    | holoqpi.engine.trainer |   epoch 50 step 100/140 loss=0.5004
14:31:37 | INFO    | holoqpi.engine.trainer |   epoch 50 step 120/140 loss=0.5643
14:32:32 | INFO    | holoqpi.engine.trainer | epoch 50/60 (83s = 31s train + 52s val) | train_loss=0.4811  val_phase_mae=0.1783  val_dice=0.8259  val_cls_acc=nan  val_mass_mape=0.1978
14:32:33 | INFO    | holoqpi.engine.trainer |   epoch 51 step 0/140 loss=0.3801
14:32:37 | INFO    | holoqpi.engine.trainer |   epoch 51 step 20/140 loss=0.4379
14:32:42 | INFO    | holoqpi.engine.trainer |   epoch 51 step 40/140 loss=0.3752
14:32:46 | INFO    | holoqpi.engine.trainer |   epoch 51 step 60/140 loss=0.4288
14:32:51 | INFO    | holoqpi.engine.trainer |   epoch 51 step 80/140 loss=0.6479
14:32:55 | INFO    | holoqpi.engine.trainer |   epoch 51 step 100/140 loss=0.4890
14:33:00 | INFO    | holoqpi.engine.trainer |   epoch 51 step 120/140 loss=0.3666
14:33:55 | INFO    | holoqpi.engine.trainer |   new best composite=0.8081
14:33:55 | INFO    | holoqpi.engine.trainer | epoch 51/60 (83s = 31s train + 52s val) | train_loss=0.4872  val_phase_mae=0.1717  val_dice=0.8273  val_cls_acc=nan  val_mass_mape=0.1941
14:33:56 | INFO    | holoqpi.engine.trainer |   epoch 52 step 0/140 loss=0.3564
14:34:01 | INFO    | holoqpi.engine.trainer |   epoch 52 step 20/140 loss=0.3808
14:34:05 | INFO    | holoqpi.engine.trainer |   epoch 52 step 40/140 loss=0.3968
14:34:10 | INFO    | holoqpi.engine.trainer |   epoch 52 step 60/140 loss=0.4971
14:34:14 | INFO    | holoqpi.engine.trainer |   epoch 52 step 80/140 loss=0.4213
14:34:19 | INFO    | holoqpi.engine.trainer |   epoch 52 step 100/140 loss=0.6814
14:34:23 | INFO    | holoqpi.engine.trainer |   epoch 52 step 120/140 loss=0.4792
14:35:18 | INFO    | holoqpi.engine.trainer |   new best composite=0.8084
14:35:18 | INFO    | holoqpi.engine.trainer | epoch 52/60 (83s = 31s train + 51s val) | train_loss=0.4928  val_phase_mae=0.1672  val_dice=0.8273  val_cls_acc=nan  val_mass_mape=0.1927
14:35:19 | INFO    | holoqpi.engine.trainer |   epoch 53 step 0/140 loss=0.4442
14:35:23 | INFO    | holoqpi.engine.trainer |   epoch 53 step 20/140 loss=0.3718
14:35:28 | INFO    | holoqpi.engine.trainer |   epoch 53 step 40/140 loss=0.5247
14:35:32 | INFO    | holoqpi.engine.trainer |   epoch 53 step 60/140 loss=0.3628
14:35:37 | INFO    | holoqpi.engine.trainer |   epoch 53 step 80/140 loss=0.4123
14:35:41 | INFO    | holoqpi.engine.trainer |   epoch 53 step 100/140 loss=0.5194
14:35:46 | INFO    | holoqpi.engine.trainer |   epoch 53 step 120/140 loss=0.5043
14:36:41 | INFO    | holoqpi.engine.trainer | epoch 53/60 (83s = 31s train + 51s val) | train_loss=0.4916  val_phase_mae=0.1747  val_dice=0.8264  val_cls_acc=nan  val_mass_mape=0.2006
14:36:42 | INFO    | holoqpi.engine.trainer |   epoch 54 step 0/140 loss=0.4152
14:36:46 | INFO    | holoqpi.engine.trainer |   epoch 54 step 20/140 loss=0.4654
14:36:50 | INFO    | holoqpi.engine.trainer |   epoch 54 step 40/140 loss=0.4125
14:36:55 | INFO    | holoqpi.engine.trainer |   epoch 54 step 60/140 loss=0.4836
14:36:59 | INFO    | holoqpi.engine.trainer |   epoch 54 step 80/140 loss=0.5403
14:37:04 | INFO    | holoqpi.engine.trainer |   epoch 54 step 100/140 loss=0.4448
14:37:09 | INFO    | holoqpi.engine.trainer |   epoch 54 step 120/140 loss=0.5097
14:38:05 | INFO    | holoqpi.engine.trainer | epoch 54/60 (85s = 31s train + 53s val) | train_loss=0.4858  val_phase_mae=0.1725  val_dice=0.8268  val_cls_acc=nan  val_mass_mape=0.2037
14:38:06 | INFO    | holoqpi.engine.trainer |   epoch 55 step 0/140 loss=0.4077
14:38:11 | INFO    | holoqpi.engine.trainer |   epoch 55 step 20/140 loss=0.5285
14:38:15 | INFO    | holoqpi.engine.trainer |   epoch 55 step 40/140 loss=0.6015
14:38:20 | INFO    | holoqpi.engine.trainer |   epoch 55 step 60/140 loss=0.3518
14:38:24 | INFO    | holoqpi.engine.trainer |   epoch 55 step 80/140 loss=0.4284
14:38:29 | INFO    | holoqpi.engine.trainer |   epoch 55 step 100/140 loss=0.3677
14:38:33 | INFO    | holoqpi.engine.trainer |   epoch 55 step 120/140 loss=0.4821
14:39:28 | INFO    | holoqpi.engine.trainer | epoch 55/60 (83s = 31s train + 52s val) | train_loss=0.4907  val_phase_mae=0.1732  val_dice=0.8271  val_cls_acc=nan  val_mass_mape=0.2059
14:39:29 | INFO    | holoqpi.engine.trainer |   epoch 56 step 0/140 loss=0.4451
14:39:33 | INFO    | holoqpi.engine.trainer |   epoch 56 step 20/140 loss=0.4099
14:39:38 | INFO    | holoqpi.engine.trainer |   epoch 56 step 40/140 loss=0.4196
14:39:42 | INFO    | holoqpi.engine.trainer |   epoch 56 step 60/140 loss=0.5605
14:39:47 | INFO    | holoqpi.engine.trainer |   epoch 56 step 80/140 loss=0.4260
14:39:51 | INFO    | holoqpi.engine.trainer |   epoch 56 step 100/140 loss=0.3859
14:39:55 | INFO    | holoqpi.engine.trainer |   epoch 56 step 120/140 loss=0.4359
14:40:51 | INFO    | holoqpi.engine.trainer | epoch 56/60 (83s = 31s train + 52s val) | train_loss=0.4796  val_phase_mae=0.1737  val_dice=0.8268  val_cls_acc=nan  val_mass_mape=0.2018
14:40:52 | INFO    | holoqpi.engine.trainer |   epoch 57 step 0/140 loss=0.4676
14:40:56 | INFO    | holoqpi.engine.trainer |   epoch 57 step 20/140 loss=0.3917
14:41:01 | INFO    | holoqpi.engine.trainer |   epoch 57 step 40/140 loss=0.5324
14:41:05 | INFO    | holoqpi.engine.trainer |   epoch 57 step 60/140 loss=0.3834
14:41:10 | INFO    | holoqpi.engine.trainer |   epoch 57 step 80/140 loss=0.4276
14:41:14 | INFO    | holoqpi.engine.trainer |   epoch 57 step 100/140 loss=0.4115
14:41:19 | INFO    | holoqpi.engine.trainer |   epoch 57 step 120/140 loss=0.4942
14:42:14 | INFO    | holoqpi.engine.trainer | epoch 57/60 (83s = 31s train + 52s val) | train_loss=0.4865  val_phase_mae=0.1772  val_dice=0.8262  val_cls_acc=nan  val_mass_mape=0.2059
14:42:15 | INFO    | holoqpi.engine.trainer |   epoch 58 step 0/140 loss=0.7200
14:42:19 | INFO    | holoqpi.engine.trainer |   epoch 58 step 20/140 loss=0.4157
14:42:24 | INFO    | holoqpi.engine.trainer |   epoch 58 step 40/140 loss=0.4444
14:42:28 | INFO    | holoqpi.engine.trainer |   epoch 58 step 60/140 loss=0.4174
14:42:33 | INFO    | holoqpi.engine.trainer |   epoch 58 step 80/140 loss=0.4560
14:42:37 | INFO    | holoqpi.engine.trainer |   epoch 58 step 100/140 loss=0.4623
14:42:41 | INFO    | holoqpi.engine.trainer |   epoch 58 step 120/140 loss=0.3623
14:43:37 | INFO    | holoqpi.engine.trainer | epoch 58/60 (83s = 31s train + 52s val) | train_loss=0.4848  val_phase_mae=0.1768  val_dice=0.8264  val_cls_acc=nan  val_mass_mape=0.2021
14:43:38 | INFO    | holoqpi.engine.trainer |   epoch 59 step 0/140 loss=0.3744
14:43:42 | INFO    | holoqpi.engine.trainer |   epoch 59 step 20/140 loss=0.3705
14:43:46 | INFO    | holoqpi.engine.trainer |   epoch 59 step 40/140 loss=0.6975
14:43:50 | INFO    | holoqpi.engine.trainer |   epoch 59 step 60/140 loss=0.6070
14:43:55 | INFO    | holoqpi.engine.trainer |   epoch 59 step 80/140 loss=0.4439
14:43:59 | INFO    | holoqpi.engine.trainer |   epoch 59 step 100/140 loss=0.3508
14:44:03 | INFO    | holoqpi.engine.trainer |   epoch 59 step 120/140 loss=0.4619
14:44:58 | INFO    | holoqpi.engine.trainer | epoch 59/60 (81s = 29s train + 52s val) | train_loss=0.4865  val_phase_mae=0.1755  val_dice=0.8267  val_cls_acc=nan  val_mass_mape=0.2063
14:44:59 | INFO    | holoqpi.engine.trainer |   epoch 60 step 0/140 loss=0.5020
14:45:03 | INFO    | holoqpi.engine.trainer |   epoch 60 step 20/140 loss=0.4765
14:45:07 | INFO    | holoqpi.engine.trainer |   epoch 60 step 40/140 loss=0.5875
14:45:12 | INFO    | holoqpi.engine.trainer |   epoch 60 step 60/140 loss=0.3736
14:45:16 | INFO    | holoqpi.engine.trainer |   epoch 60 step 80/140 loss=0.4605
14:45:20 | INFO    | holoqpi.engine.trainer |   epoch 60 step 100/140 loss=0.4058
14:45:24 | INFO    | holoqpi.engine.trainer |   epoch 60 step 120/140 loss=0.7200
14:46:23 | INFO    | holoqpi.engine.trainer | epoch 60/60 (84s = 29s train + 55s val) | train_loss=0.4761  val_phase_mae=0.1749  val_dice=0.8270  val_cls_acc=nan  val_mass_mape=0.2033
14:46:23 | INFO    | holoqpi.engine.trainer | training finished; best epoch 52 (composite=0.8084)
