14:48:27 | INFO    | holoqpi | training v2_amplitude on off_axis (device=cuda)
14:48:27 | INFO    | holoqpi.data.dataset | train split: 560 samples | modality=off_axis | crop=512 | augment=True
14:48:27 | INFO    | holoqpi.data.dataset | val split: 127 samples | modality=off_axis | crop=None | augment=False
14:48:28 | INFO    | holoqpi.models.encoders | loading pretrained mobilenet_v2 from weights/mobilenet_v2-b0353104.pth
14:48:28 | INFO    | holoqpi.models.encoders | loading pretrained mobilenet_v2 from weights/mobilenet_v2-b0353104.pth
14:48:28 | INFO    | holoqpi.models.encoders | encoder=mobilenet_v2 in_channels=1 pretrained=True weights=local (weights) stages=[16, 24, 32, 96, 1280]
14:48:28 | INFO    | holoqpi.models.holonet | HoloQPINet built: 9.61M parameters, 9.61M trainable (100.0%)
14:48:29 | INFO    | holoqpi.engine.trainer | trainable 9.61M / 9.61M parameters (100.0%)
14:48:29 | INFO    | holoqpi.engine.trainer | objective: amplitude=0.1  cell_integrated_phase=1  phase=1  segmentation=1
14:48:29 | INFO    | holoqpi.engine.trainer | active physics terms: ['cell_integrated_phase']
14:48:36 | INFO    | holoqpi.engine.trainer |   epoch 1 step 0/140 loss=2.8665
14:48:39 | INFO    | holoqpi.engine.trainer |   epoch 1 step 20/140 loss=2.4750
14:48:44 | INFO    | holoqpi.engine.trainer |   epoch 1 step 40/140 loss=2.0927
14:48:48 | INFO    | holoqpi.engine.trainer |   epoch 1 step 60/140 loss=1.8242
14:48:52 | INFO    | holoqpi.engine.trainer |   epoch 1 step 80/140 loss=1.5266
14:48:57 | INFO    | holoqpi.engine.trainer |   epoch 1 step 100/140 loss=1.5089
14:49:02 | INFO    | holoqpi.engine.trainer |   epoch 1 step 120/140 loss=1.5218
14:50:04 | INFO    | holoqpi.engine.trainer |   new best composite=0.6044
14:50:04 | INFO    | holoqpi.engine.trainer | epoch 1/60 (95s = 37s train + 57s val) | train_loss=1.9549  val_phase_mae=0.3146  val_dice=0.6189  val_cls_acc=nan  val_mass_mape=0.3012
14:50:04 | INFO    | holoqpi.engine.trainer |   at this rate the full 60-epoch schedule takes about 95 min
14:50:05 | INFO    | holoqpi.engine.trainer |   epoch 2 step 0/140 loss=1.5472
14:50:09 | INFO    | holoqpi.engine.trainer |   epoch 2 step 20/140 loss=1.4619
14:50:13 | INFO    | holoqpi.engine.trainer |   epoch 2 step 40/140 loss=1.1590
14:50:17 | INFO    | holoqpi.engine.trainer |   epoch 2 step 60/140 loss=1.1975
14:50:22 | INFO    | holoqpi.engine.trainer |   epoch 2 step 80/140 loss=1.0588
14:50:27 | INFO    | holoqpi.engine.trainer |   epoch 2 step 100/140 loss=1.0314
14:50:32 | INFO    | holoqpi.engine.trainer |   epoch 2 step 120/140 loss=0.9400
14:51:33 | INFO    | holoqpi.engine.trainer | epoch 2/60 (89s = 32s train + 56s val) | train_loss=1.2429  val_phase_mae=0.2832  val_dice=0.6745  val_cls_acc=nan  val_mass_mape=0.6982
14:51:34 | INFO    | holoqpi.engine.trainer |   epoch 3 step 0/140 loss=0.9999
14:51:38 | INFO    | holoqpi.engine.trainer |   epoch 3 step 20/140 loss=0.9640
14:51:42 | INFO    | holoqpi.engine.trainer |   epoch 3 step 40/140 loss=1.0092
14:51:46 | INFO    | holoqpi.engine.trainer |   epoch 3 step 60/140 loss=0.9136
14:51:51 | INFO    | holoqpi.engine.trainer |   epoch 3 step 80/140 loss=1.0781
14:51:56 | INFO    | holoqpi.engine.trainer |   epoch 3 step 100/140 loss=1.0730
14:52:01 | INFO    | holoqpi.engine.trainer |   epoch 3 step 120/140 loss=0.8606
14:53:01 | INFO    | holoqpi.engine.trainer |   new best composite=0.7198
14:53:01 | INFO    | holoqpi.engine.trainer | epoch 3/60 (88s = 33s train + 55s val) | train_loss=0.9772  val_phase_mae=0.2100  val_dice=0.7509  val_cls_acc=nan  val_mass_mape=0.2907
14:53:02 | INFO    | holoqpi.engine.trainer |   epoch 4 step 0/140 loss=0.9655
14:53:06 | INFO    | holoqpi.engine.trainer |   epoch 4 step 20/140 loss=0.8648
14:53:10 | INFO    | holoqpi.engine.trainer |   epoch 4 step 40/140 loss=0.9109
14:53:14 | INFO    | holoqpi.engine.trainer |   epoch 4 step 60/140 loss=1.0221
14:53:19 | INFO    | holoqpi.engine.trainer |   epoch 4 step 80/140 loss=0.8159
14:53:24 | INFO    | holoqpi.engine.trainer |   epoch 4 step 100/140 loss=0.8805
14:53:29 | INFO    | holoqpi.engine.trainer |   epoch 4 step 120/140 loss=1.0243
14:54:29 | INFO    | holoqpi.engine.trainer |   new best composite=0.7329
14:54:29 | INFO    | holoqpi.engine.trainer | epoch 4/60 (88s = 33s train + 55s val) | train_loss=0.8929  val_phase_mae=0.1993  val_dice=0.7343  val_cls_acc=nan  val_mass_mape=0.2198
14:54:30 | INFO    | holoqpi.engine.trainer |   epoch 5 step 0/140 loss=0.8245
14:54:34 | INFO    | holoqpi.engine.trainer |   epoch 5 step 20/140 loss=0.6537
14:54:38 | INFO    | holoqpi.engine.trainer |   epoch 5 step 40/140 loss=0.7213
14:54:42 | INFO    | holoqpi.engine.trainer |   epoch 5 step 60/140 loss=0.7584
14:54:47 | INFO    | holoqpi.engine.trainer |   epoch 5 step 80/140 loss=0.7130
14:54:52 | INFO    | holoqpi.engine.trainer |   epoch 5 step 100/140 loss=0.9905
14:54:57 | INFO    | holoqpi.engine.trainer |   epoch 5 step 120/140 loss=0.9932
14:55:55 | INFO    | holoqpi.engine.trainer |   new best composite=0.7504
14:55:55 | INFO    | holoqpi.engine.trainer | epoch 5/60 (86s = 33s train + 53s val) | train_loss=0.8219  val_phase_mae=0.1948  val_dice=0.7772  val_cls_acc=nan  val_mass_mape=0.2774
14:55:56 | INFO    | holoqpi.engine.trainer |   epoch 6 step 0/140 loss=0.7579
14:56:00 | INFO    | holoqpi.engine.trainer |   epoch 6 step 20/140 loss=0.6595
14:56:04 | INFO    | holoqpi.engine.trainer |   epoch 6 step 40/140 loss=0.6651
14:56:08 | INFO    | holoqpi.engine.trainer |   epoch 6 step 60/140 loss=0.8500
14:56:13 | INFO    | holoqpi.engine.trainer |   epoch 6 step 80/140 loss=0.9404
14:56:18 | INFO    | holoqpi.engine.trainer |   epoch 6 step 100/140 loss=0.7321
14:56:23 | INFO    | holoqpi.engine.trainer |   epoch 6 step 120/140 loss=0.8757
14:57:23 | INFO    | holoqpi.engine.trainer |   new best composite=0.7597
14:57:23 | INFO    | holoqpi.engine.trainer | epoch 6/60 (87s = 32s train + 55s val) | train_loss=0.7818  val_phase_mae=0.1934  val_dice=0.7874  val_cls_acc=nan  val_mass_mape=0.2500
14:57:24 | INFO    | holoqpi.engine.trainer |   epoch 7 step 0/140 loss=0.9387
14:57:28 | INFO    | holoqpi.engine.trainer |   epoch 7 step 20/140 loss=0.5864
14:57:32 | INFO    | holoqpi.engine.trainer |   epoch 7 step 40/140 loss=0.8453
14:57:36 | INFO    | holoqpi.engine.trainer |   epoch 7 step 60/140 loss=0.5100
14:57:41 | INFO    | holoqpi.engine.trainer |   epoch 7 step 80/140 loss=0.7050
14:57:46 | INFO    | holoqpi.engine.trainer |   epoch 7 step 100/140 loss=0.8023
14:57:51 | INFO    | holoqpi.engine.trainer |   epoch 7 step 120/140 loss=0.9634
14:58:50 | INFO    | holoqpi.engine.trainer | epoch 7/60 (87s = 33s train + 54s val) | train_loss=0.7562  val_phase_mae=0.1964  val_dice=0.7955  val_cls_acc=nan  val_mass_mape=0.3355
14:58:51 | INFO    | holoqpi.engine.trainer |   epoch 8 step 0/140 loss=0.6723
14:58:55 | INFO    | holoqpi.engine.trainer |   epoch 8 step 20/140 loss=0.7342
14:58:59 | INFO    | holoqpi.engine.trainer |   epoch 8 step 40/140 loss=0.5959
14:59:04 | INFO    | holoqpi.engine.trainer |   epoch 8 step 60/140 loss=0.7792
14:59:09 | INFO    | holoqpi.engine.trainer |   epoch 8 step 80/140 loss=0.6326
14:59:14 | INFO    | holoqpi.engine.trainer |   epoch 8 step 100/140 loss=0.7300
14:59:19 | INFO    | holoqpi.engine.trainer |   epoch 8 step 120/140 loss=0.8883
15:00:18 | INFO    | holoqpi.engine.trainer | epoch 8/60 (88s = 34s train + 55s val) | train_loss=0.7344  val_phase_mae=0.1999  val_dice=0.7963  val_cls_acc=nan  val_mass_mape=0.2797
15:00:19 | INFO    | holoqpi.engine.trainer |   epoch 9 step 0/140 loss=0.5150
15:00:23 | INFO    | holoqpi.engine.trainer |   epoch 9 step 20/140 loss=0.7396
15:00:27 | INFO    | holoqpi.engine.trainer |   epoch 9 step 40/140 loss=0.6180
15:00:32 | INFO    | holoqpi.engine.trainer |   epoch 9 step 60/140 loss=0.5193
15:00:37 | INFO    | holoqpi.engine.trainer |   epoch 9 step 80/140 loss=0.5157
15:00:42 | INFO    | holoqpi.engine.trainer |   epoch 9 step 100/140 loss=0.6153
15:00:47 | INFO    | holoqpi.engine.trainer |   epoch 9 step 120/140 loss=0.7138
15:01:47 | INFO    | holoqpi.engine.trainer |   new best composite=0.7792
15:01:47 | INFO    | holoqpi.engine.trainer | epoch 9/60 (88s = 33s train + 55s val) | train_loss=0.7016  val_phase_mae=0.1842  val_dice=0.8000  val_cls_acc=nan  val_mass_mape=0.2123
15:01:48 | INFO    | holoqpi.engine.trainer |   epoch 10 step 0/140 loss=0.5311
15:01:52 | INFO    | holoqpi.engine.trainer |   epoch 10 step 20/140 loss=0.5582
15:01:55 | INFO    | holoqpi.engine.trainer |   epoch 10 step 40/140 loss=0.8158
15:02:00 | INFO    | holoqpi.engine.trainer |   epoch 10 step 60/140 loss=0.5452
15:02:05 | INFO    | holoqpi.engine.trainer |   epoch 10 step 80/140 loss=0.5740
15:02:10 | INFO    | holoqpi.engine.trainer |   epoch 10 step 100/140 loss=1.1780
15:02:15 | INFO    | holoqpi.engine.trainer |   epoch 10 step 120/140 loss=0.5150
15:03:15 | INFO    | holoqpi.engine.trainer | epoch 10/60 (88s = 33s train + 55s val) | train_loss=0.6956  val_phase_mae=0.1872  val_dice=0.7981  val_cls_acc=nan  val_mass_mape=0.2073
15:03:16 | INFO    | holoqpi.engine.trainer |   epoch 11 step 0/140 loss=0.5582
15:03:20 | INFO    | holoqpi.engine.trainer |   epoch 11 step 20/140 loss=0.7598
15:03:23 | INFO    | holoqpi.engine.trainer |   epoch 11 step 40/140 loss=0.8103
15:03:28 | INFO    | holoqpi.engine.trainer |   epoch 11 step 60/140 loss=0.8392
15:03:33 | INFO    | holoqpi.engine.trainer |   epoch 11 step 80/140 loss=0.6096
15:03:38 | INFO    | holoqpi.engine.trainer |   epoch 11 step 100/140 loss=0.6636
15:03:43 | INFO    | holoqpi.engine.trainer |   epoch 11 step 120/140 loss=0.6295
15:04:42 | INFO    | holoqpi.engine.trainer | epoch 11/60 (88s = 34s train + 54s val) | train_loss=0.6857  val_phase_mae=0.1932  val_dice=0.7991  val_cls_acc=nan  val_mass_mape=0.2232
15:04:43 | INFO    | holoqpi.engine.trainer |   epoch 12 step 0/140 loss=0.5964
15:04:47 | INFO    | holoqpi.engine.trainer |   epoch 12 step 20/140 loss=0.6600
15:04:51 | INFO    | holoqpi.engine.trainer |   epoch 12 step 40/140 loss=0.5685
15:04:56 | INFO    | holoqpi.engine.trainer |   epoch 12 step 60/140 loss=0.5886
15:05:01 | INFO    | holoqpi.engine.trainer |   epoch 12 step 80/140 loss=0.6814
15:05:06 | INFO    | holoqpi.engine.trainer |   epoch 12 step 100/140 loss=0.6305
15:05:11 | INFO    | holoqpi.engine.trainer |   epoch 12 step 120/140 loss=0.5452
15:06:11 | INFO    | holoqpi.engine.trainer | epoch 12/60 (88s = 33s train + 55s val) | train_loss=0.6531  val_phase_mae=0.1844  val_dice=0.8020  val_cls_acc=nan  val_mass_mape=0.2436
15:06:12 | INFO    | holoqpi.engine.trainer |   epoch 13 step 0/140 loss=0.5214
15:06:15 | INFO    | holoqpi.engine.trainer |   epoch 13 step 20/140 loss=0.6690
15:06:19 | INFO    | holoqpi.engine.trainer |   epoch 13 step 40/140 loss=0.6589
15:06:24 | INFO    | holoqpi.engine.trainer |   epoch 13 step 60/140 loss=0.6286
15:06:29 | INFO    | holoqpi.engine.trainer |   epoch 13 step 80/140 loss=0.8090
15:06:34 | INFO    | holoqpi.engine.trainer |   epoch 13 step 100/140 loss=0.6642
15:06:39 | INFO    | holoqpi.engine.trainer |   epoch 13 step 120/140 loss=0.7008
15:07:38 | INFO    | holoqpi.engine.trainer |   new best composite=0.7837
15:07:38 | INFO    | holoqpi.engine.trainer | epoch 13/60 (87s = 34s train + 54s val) | train_loss=0.6729  val_phase_mae=0.1809  val_dice=0.8060  val_cls_acc=nan  val_mass_mape=0.2217
15:07:39 | INFO    | holoqpi.engine.trainer |   epoch 14 step 0/140 loss=0.5335
15:07:43 | INFO    | holoqpi.engine.trainer |   epoch 14 step 20/140 loss=0.6275
15:07:47 | INFO    | holoqpi.engine.trainer |   epoch 14 step 40/140 loss=0.5389
15:07:52 | INFO    | holoqpi.engine.trainer |   epoch 14 step 60/140 loss=0.5940
15:07:57 | INFO    | holoqpi.engine.trainer |   epoch 14 step 80/140 loss=0.7030
15:08:02 | INFO    | holoqpi.engine.trainer |   epoch 14 step 100/140 loss=0.4266
15:08:07 | INFO    | holoqpi.engine.trainer |   epoch 14 step 120/140 loss=0.6017
15:09:06 | INFO    | holoqpi.engine.trainer |   new best composite=0.7922
15:09:06 | INFO    | holoqpi.engine.trainer | epoch 14/60 (88s = 34s train + 54s val) | train_loss=0.6439  val_phase_mae=0.1733  val_dice=0.8114  val_cls_acc=nan  val_mass_mape=0.2067
15:09:07 | INFO    | holoqpi.engine.trainer |   epoch 15 step 0/140 loss=0.5447
15:09:11 | INFO    | holoqpi.engine.trainer |   epoch 15 step 20/140 loss=0.4756
15:09:16 | INFO    | holoqpi.engine.trainer |   epoch 15 step 40/140 loss=1.0467
15:09:20 | INFO    | holoqpi.engine.trainer |   epoch 15 step 60/140 loss=0.8220
15:09:26 | INFO    | holoqpi.engine.trainer |   epoch 15 step 80/140 loss=0.6527
15:09:31 | INFO    | holoqpi.engine.trainer |   epoch 15 step 100/140 loss=0.5416
15:09:35 | INFO    | holoqpi.engine.trainer |   epoch 15 step 120/140 loss=0.5131
15:10:34 | INFO    | holoqpi.engine.trainer | epoch 15/60 (88s = 34s train + 54s val) | train_loss=0.6394  val_phase_mae=0.1838  val_dice=0.8034  val_cls_acc=nan  val_mass_mape=0.2406
15:10:35 | INFO    | holoqpi.engine.trainer |   epoch 16 step 0/140 loss=0.6350
15:10:39 | INFO    | holoqpi.engine.trainer |   epoch 16 step 20/140 loss=0.6052
15:10:43 | INFO    | holoqpi.engine.trainer |   epoch 16 step 40/140 loss=0.6630
15:10:48 | INFO    | holoqpi.engine.trainer |   epoch 16 step 60/140 loss=0.8259
15:10:53 | INFO    | holoqpi.engine.trainer |   epoch 16 step 80/140 loss=0.7141
15:10:58 | INFO    | holoqpi.engine.trainer |   epoch 16 step 100/140 loss=0.5330
15:11:03 | INFO    | holoqpi.engine.trainer |   epoch 16 step 120/140 loss=0.5199
15:12:02 | INFO    | holoqpi.engine.trainer | epoch 16/60 (88s = 34s train + 54s val) | train_loss=0.6245  val_phase_mae=0.1872  val_dice=0.8092  val_cls_acc=nan  val_mass_mape=0.2285
15:12:03 | INFO    | holoqpi.engine.trainer |   epoch 17 step 0/140 loss=0.4958
15:12:07 | INFO    | holoqpi.engine.trainer |   epoch 17 step 20/140 loss=0.6578
15:12:12 | INFO    | holoqpi.engine.trainer |   epoch 17 step 40/140 loss=0.6757
15:12:17 | INFO    | holoqpi.engine.trainer |   epoch 17 step 60/140 loss=0.4554
15:12:22 | INFO    | holoqpi.engine.trainer |   epoch 17 step 80/140 loss=0.6625
15:12:27 | INFO    | holoqpi.engine.trainer |   epoch 17 step 100/140 loss=0.6811
15:12:32 | INFO    | holoqpi.engine.trainer |   epoch 17 step 120/140 loss=0.5282
15:13:32 | INFO    | holoqpi.engine.trainer | epoch 17/60 (89s = 34s train + 55s val) | train_loss=0.6352  val_phase_mae=0.2221  val_dice=0.7919  val_cls_acc=nan  val_mass_mape=0.3710
15:13:33 | INFO    | holoqpi.engine.trainer |   epoch 18 step 0/140 loss=0.5930
15:13:36 | INFO    | holoqpi.engine.trainer |   epoch 18 step 20/140 loss=0.5883
15:13:41 | INFO    | holoqpi.engine.trainer |   epoch 18 step 40/140 loss=0.6414
15:13:46 | INFO    | holoqpi.engine.trainer |   epoch 18 step 60/140 loss=0.5660
15:13:52 | INFO    | holoqpi.engine.trainer |   epoch 18 step 80/140 loss=0.5937
15:13:57 | INFO    | holoqpi.engine.trainer |   epoch 18 step 100/140 loss=0.7005
15:14:02 | INFO    | holoqpi.engine.trainer |   epoch 18 step 120/140 loss=0.5577
15:15:00 | INFO    | holoqpi.engine.trainer | epoch 18/60 (88s = 35s train + 54s val) | train_loss=0.6289  val_phase_mae=0.1803  val_dice=0.8121  val_cls_acc=nan  val_mass_mape=0.2057
15:15:01 | INFO    | holoqpi.engine.trainer |   epoch 19 step 0/140 loss=0.6386
15:15:05 | INFO    | holoqpi.engine.trainer |   epoch 19 step 20/140 loss=0.7193
15:15:10 | INFO    | holoqpi.engine.trainer |   epoch 19 step 40/140 loss=0.5080
15:15:15 | INFO    | holoqpi.engine.trainer |   epoch 19 step 60/140 loss=0.7175
15:15:20 | INFO    | holoqpi.engine.trainer |   epoch 19 step 80/140 loss=0.5417
15:15:25 | INFO    | holoqpi.engine.trainer |   epoch 19 step 100/140 loss=0.4692
15:15:30 | INFO    | holoqpi.engine.trainer |   epoch 19 step 120/140 loss=0.5085
15:16:29 | INFO    | holoqpi.engine.trainer | epoch 19/60 (88s = 35s train + 54s val) | train_loss=0.6118  val_phase_mae=0.1853  val_dice=0.8092  val_cls_acc=nan  val_mass_mape=0.2184
15:16:30 | INFO    | holoqpi.engine.trainer |   epoch 20 step 0/140 loss=0.5269
15:16:33 | INFO    | holoqpi.engine.trainer |   epoch 20 step 20/140 loss=0.4665
15:16:39 | INFO    | holoqpi.engine.trainer |   epoch 20 step 40/140 loss=0.6166
15:16:44 | INFO    | holoqpi.engine.trainer |   epoch 20 step 60/140 loss=0.5516
15:16:49 | INFO    | holoqpi.engine.trainer |   epoch 20 step 80/140 loss=0.6274
15:16:54 | INFO    | holoqpi.engine.trainer |   epoch 20 step 100/140 loss=0.7402
15:16:59 | INFO    | holoqpi.engine.trainer |   epoch 20 step 120/140 loss=0.6838
15:17:57 | INFO    | holoqpi.engine.trainer |   new best composite=0.7967
15:17:57 | INFO    | holoqpi.engine.trainer | epoch 20/60 (88s = 35s train + 53s val) | train_loss=0.6035  val_phase_mae=0.1799  val_dice=0.8146  val_cls_acc=nan  val_mass_mape=0.1974
15:17:58 | INFO    | holoqpi.engine.trainer |   epoch 21 step 0/140 loss=0.7773
15:18:02 | INFO    | holoqpi.engine.trainer |   epoch 21 step 20/140 loss=0.7432
15:18:07 | INFO    | holoqpi.engine.trainer |   epoch 21 step 40/140 loss=0.5406
15:18:12 | INFO    | holoqpi.engine.trainer |   epoch 21 step 60/140 loss=0.5968
15:18:17 | INFO    | holoqpi.engine.trainer |   epoch 21 step 80/140 loss=0.4505
15:18:22 | INFO    | holoqpi.engine.trainer |   epoch 21 step 100/140 loss=0.5858
15:18:27 | INFO    | holoqpi.engine.trainer |   epoch 21 step 120/140 loss=0.5822
15:19:25 | INFO    | holoqpi.engine.trainer | epoch 21/60 (89s = 35s train + 53s val) | train_loss=0.6114  val_phase_mae=0.1786  val_dice=0.8129  val_cls_acc=nan  val_mass_mape=0.2180
15:19:26 | INFO    | holoqpi.engine.trainer |   epoch 22 step 0/140 loss=0.5506
15:19:30 | INFO    | holoqpi.engine.trainer |   epoch 22 step 20/140 loss=0.8218
15:19:36 | INFO    | holoqpi.engine.trainer |   epoch 22 step 40/140 loss=0.5301
15:19:41 | INFO    | holoqpi.engine.trainer |   epoch 22 step 60/140 loss=0.4952
15:19:46 | INFO    | holoqpi.engine.trainer |   epoch 22 step 80/140 loss=0.4225
15:19:51 | INFO    | holoqpi.engine.trainer |   epoch 22 step 100/140 loss=0.4702
15:19:56 | INFO    | holoqpi.engine.trainer |   epoch 22 step 120/140 loss=0.4931
15:20:52 | INFO    | holoqpi.engine.trainer | epoch 22/60 (87s = 35s train + 52s val) | train_loss=0.5924  val_phase_mae=0.1785  val_dice=0.8118  val_cls_acc=nan  val_mass_mape=0.2064
15:20:53 | INFO    | holoqpi.engine.trainer |   epoch 23 step 0/140 loss=0.5737
15:20:57 | INFO    | holoqpi.engine.trainer |   epoch 23 step 20/140 loss=0.6302
15:21:02 | INFO    | holoqpi.engine.trainer |   epoch 23 step 40/140 loss=0.4076
15:21:07 | INFO    | holoqpi.engine.trainer |   epoch 23 step 60/140 loss=0.6057
15:21:12 | INFO    | holoqpi.engine.trainer |   epoch 23 step 80/140 loss=0.7086
15:21:17 | INFO    | holoqpi.engine.trainer |   epoch 23 step 100/140 loss=0.6222
15:21:22 | INFO    | holoqpi.engine.trainer |   epoch 23 step 120/140 loss=0.4456
15:22:20 | INFO    | holoqpi.engine.trainer | epoch 23/60 (87s = 34s train + 53s val) | train_loss=0.6020  val_phase_mae=0.1827  val_dice=0.8161  val_cls_acc=nan  val_mass_mape=0.2312
15:22:21 | INFO    | holoqpi.engine.trainer |   epoch 24 step 0/140 loss=0.7424
15:22:24 | INFO    | holoqpi.engine.trainer |   epoch 24 step 20/140 loss=0.5181
15:22:29 | INFO    | holoqpi.engine.trainer |   epoch 24 step 40/140 loss=0.6130
15:22:34 | INFO    | holoqpi.engine.trainer |   epoch 24 step 60/140 loss=0.7061
15:22:40 | INFO    | holoqpi.engine.trainer |   epoch 24 step 80/140 loss=0.7967
15:22:45 | INFO    | holoqpi.engine.trainer |   epoch 24 step 100/140 loss=0.8037
15:22:49 | INFO    | holoqpi.engine.trainer |   epoch 24 step 120/140 loss=0.5621
15:23:48 | INFO    | holoqpi.engine.trainer | epoch 24/60 (88s = 34s train + 54s val) | train_loss=0.5969  val_phase_mae=0.1775  val_dice=0.8174  val_cls_acc=nan  val_mass_mape=0.2253
15:23:49 | INFO    | holoqpi.engine.trainer |   epoch 25 step 0/140 loss=0.5419
15:23:52 | INFO    | holoqpi.engine.trainer |   epoch 25 step 20/140 loss=0.6770
15:23:57 | INFO    | holoqpi.engine.trainer |   epoch 25 step 40/140 loss=0.5056
15:24:02 | INFO    | holoqpi.engine.trainer |   epoch 25 step 60/140 loss=0.5928
15:24:07 | INFO    | holoqpi.engine.trainer |   epoch 25 step 80/140 loss=0.5665
15:24:11 | INFO    | holoqpi.engine.trainer |   epoch 25 step 100/140 loss=0.4821
15:24:16 | INFO    | holoqpi.engine.trainer |   epoch 25 step 120/140 loss=0.4968
15:25:15 | INFO    | holoqpi.engine.trainer |   new best composite=0.8007
15:25:15 | INFO    | holoqpi.engine.trainer | epoch 25/60 (86s = 33s train + 53s val) | train_loss=0.5756  val_phase_mae=0.1680  val_dice=0.8192  val_cls_acc=nan  val_mass_mape=0.2005
15:25:16 | INFO    | holoqpi.engine.trainer |   epoch 26 step 0/140 loss=0.5644
15:25:20 | INFO    | holoqpi.engine.trainer |   epoch 26 step 20/140 loss=0.4248
15:25:23 | INFO    | holoqpi.engine.trainer |   epoch 26 step 40/140 loss=0.5785
15:25:28 | INFO    | holoqpi.engine.trainer |   epoch 26 step 60/140 loss=0.6674
15:25:33 | INFO    | holoqpi.engine.trainer |   epoch 26 step 80/140 loss=0.6912
15:25:38 | INFO    | holoqpi.engine.trainer |   epoch 26 step 100/140 loss=0.7867
15:25:43 | INFO    | holoqpi.engine.trainer |   epoch 26 step 120/140 loss=0.4534
15:26:41 | INFO    | holoqpi.engine.trainer | epoch 26/60 (86s = 33s train + 54s val) | train_loss=0.5706  val_phase_mae=0.1754  val_dice=0.8176  val_cls_acc=nan  val_mass_mape=0.2171
15:26:42 | INFO    | holoqpi.engine.trainer |   epoch 27 step 0/140 loss=0.5295
15:26:46 | INFO    | holoqpi.engine.trainer |   epoch 27 step 20/140 loss=0.5123
15:26:49 | INFO    | holoqpi.engine.trainer |   epoch 27 step 40/140 loss=0.6642
15:26:54 | INFO    | holoqpi.engine.trainer |   epoch 27 step 60/140 loss=0.6868
15:26:59 | INFO    | holoqpi.engine.trainer |   epoch 27 step 80/140 loss=0.7162
15:27:04 | INFO    | holoqpi.engine.trainer |   epoch 27 step 100/140 loss=0.4756
15:27:08 | INFO    | holoqpi.engine.trainer |   epoch 27 step 120/140 loss=0.5711
15:28:09 | INFO    | holoqpi.engine.trainer | epoch 27/60 (89s = 32s train + 56s val) | train_loss=0.5745  val_phase_mae=0.1743  val_dice=0.8200  val_cls_acc=nan  val_mass_mape=0.2092
15:28:10 | INFO    | holoqpi.engine.trainer |   epoch 28 step 0/140 loss=0.4869
15:28:14 | INFO    | holoqpi.engine.trainer |   epoch 28 step 20/140 loss=0.7551
15:28:18 | INFO    | holoqpi.engine.trainer |   epoch 28 step 40/140 loss=0.7101
15:28:23 | INFO    | holoqpi.engine.trainer |   epoch 28 step 60/140 loss=0.5141
15:28:28 | INFO    | holoqpi.engine.trainer |   epoch 28 step 80/140 loss=0.5991
15:28:33 | INFO    | holoqpi.engine.trainer |   epoch 28 step 100/140 loss=0.5788
15:28:38 | INFO    | holoqpi.engine.trainer |   epoch 28 step 120/140 loss=0.6230
15:29:36 | INFO    | holoqpi.engine.trainer | epoch 28/60 (87s = 33s train + 54s val) | train_loss=0.5723  val_phase_mae=0.1706  val_dice=0.8217  val_cls_acc=nan  val_mass_mape=0.2210
15:29:37 | INFO    | holoqpi.engine.trainer |   epoch 29 step 0/140 loss=0.4795
15:29:41 | INFO    | holoqpi.engine.trainer |   epoch 29 step 20/140 loss=0.9126
15:29:45 | INFO    | holoqpi.engine.trainer |   epoch 29 step 40/140 loss=0.5549
15:29:50 | INFO    | holoqpi.engine.trainer |   epoch 29 step 60/140 loss=0.7686
15:29:55 | INFO    | holoqpi.engine.trainer |   epoch 29 step 80/140 loss=0.3830
15:30:00 | INFO    | holoqpi.engine.trainer |   epoch 29 step 100/140 loss=0.7012
15:30:05 | INFO    | holoqpi.engine.trainer |   epoch 29 step 120/140 loss=0.5530
15:31:03 | INFO    | holoqpi.engine.trainer | epoch 29/60 (87s = 33s train + 54s val) | train_loss=0.5647  val_phase_mae=0.1729  val_dice=0.8170  val_cls_acc=nan  val_mass_mape=0.1996
15:31:04 | INFO    | holoqpi.engine.trainer |   epoch 30 step 0/140 loss=0.6926
15:31:09 | INFO    | holoqpi.engine.trainer |   epoch 30 step 20/140 loss=0.5452
15:31:13 | INFO    | holoqpi.engine.trainer |   epoch 30 step 40/140 loss=0.4471
15:31:18 | INFO    | holoqpi.engine.trainer |   epoch 30 step 60/140 loss=0.4797
15:31:23 | INFO    | holoqpi.engine.trainer |   epoch 30 step 80/140 loss=0.5249
15:31:28 | INFO    | holoqpi.engine.trainer |   epoch 30 step 100/140 loss=0.9177
15:31:33 | INFO    | holoqpi.engine.trainer |   epoch 30 step 120/140 loss=0.6176
15:32:32 | INFO    | holoqpi.engine.trainer | epoch 30/60 (89s = 34s train + 54s val) | train_loss=0.5591  val_phase_mae=0.1783  val_dice=0.8191  val_cls_acc=nan  val_mass_mape=0.2164
15:32:33 | INFO    | holoqpi.engine.trainer |   epoch 31 step 0/140 loss=0.4688
15:32:37 | INFO    | holoqpi.engine.trainer |   epoch 31 step 20/140 loss=0.6005
15:32:41 | INFO    | holoqpi.engine.trainer |   epoch 31 step 40/140 loss=0.4934
15:32:46 | INFO    | holoqpi.engine.trainer |   epoch 31 step 60/140 loss=0.5220
15:32:51 | INFO    | holoqpi.engine.trainer |   epoch 31 step 80/140 loss=0.7054
15:32:55 | INFO    | holoqpi.engine.trainer |   epoch 31 step 100/140 loss=0.6771
15:33:00 | INFO    | holoqpi.engine.trainer |   epoch 31 step 120/140 loss=0.6243
15:33:59 | INFO    | holoqpi.engine.trainer | epoch 31/60 (87s = 33s train + 54s val) | train_loss=0.5588  val_phase_mae=0.1706  val_dice=0.8207  val_cls_acc=nan  val_mass_mape=0.2189
15:34:00 | INFO    | holoqpi.engine.trainer |   epoch 32 step 0/140 loss=0.6232
15:34:04 | INFO    | holoqpi.engine.trainer |   epoch 32 step 20/140 loss=0.4905
15:34:08 | INFO    | holoqpi.engine.trainer |   epoch 32 step 40/140 loss=0.5394
15:34:13 | INFO    | holoqpi.engine.trainer |   epoch 32 step 60/140 loss=0.8037
15:34:17 | INFO    | holoqpi.engine.trainer |   epoch 32 step 80/140 loss=0.4758
15:34:22 | INFO    | holoqpi.engine.trainer |   epoch 32 step 100/140 loss=1.0237
15:34:26 | INFO    | holoqpi.engine.trainer |   epoch 32 step 120/140 loss=0.4061
15:35:25 | INFO    | holoqpi.engine.trainer | epoch 32/60 (85s = 31s train + 54s val) | train_loss=0.5491  val_phase_mae=0.1747  val_dice=0.8192  val_cls_acc=nan  val_mass_mape=0.2024
15:35:26 | INFO    | holoqpi.engine.trainer |   epoch 33 step 0/140 loss=0.6285
15:35:29 | INFO    | holoqpi.engine.trainer |   epoch 33 step 20/140 loss=0.4103
15:35:34 | INFO    | holoqpi.engine.trainer |   epoch 33 step 40/140 loss=0.4286
15:35:38 | INFO    | holoqpi.engine.trainer |   epoch 33 step 60/140 loss=0.6011
15:35:43 | INFO    | holoqpi.engine.trainer |   epoch 33 step 80/140 loss=0.4639
15:35:47 | INFO    | holoqpi.engine.trainer |   epoch 33 step 100/140 loss=0.4644
15:35:52 | INFO    | holoqpi.engine.trainer |   epoch 33 step 120/140 loss=0.5136
15:36:50 | INFO    | holoqpi.engine.trainer | epoch 33/60 (85s = 31s train + 54s val) | train_loss=0.5412  val_phase_mae=0.1736  val_dice=0.8212  val_cls_acc=nan  val_mass_mape=0.2071
15:36:50 | INFO    | holoqpi.engine.trainer |   epoch 34 step 0/140 loss=0.5313
15:36:54 | INFO    | holoqpi.engine.trainer |   epoch 34 step 20/140 loss=0.4779
15:36:58 | INFO    | holoqpi.engine.trainer |   epoch 34 step 40/140 loss=0.5024
15:37:03 | INFO    | holoqpi.engine.trainer |   epoch 34 step 60/140 loss=0.5387
15:37:07 | INFO    | holoqpi.engine.trainer |   epoch 34 step 80/140 loss=0.4719
15:37:12 | INFO    | holoqpi.engine.trainer |   epoch 34 step 100/140 loss=0.4974
15:37:16 | INFO    | holoqpi.engine.trainer |   epoch 34 step 120/140 loss=0.4144
15:38:14 | INFO    | holoqpi.engine.trainer | epoch 34/60 (85s = 31s train + 53s val) | train_loss=0.5398  val_phase_mae=0.1723  val_dice=0.8200  val_cls_acc=nan  val_mass_mape=0.2059
15:38:15 | INFO    | holoqpi.engine.trainer |   epoch 35 step 0/140 loss=0.4853
15:38:19 | INFO    | holoqpi.engine.trainer |   epoch 35 step 20/140 loss=0.6806
15:38:23 | INFO    | holoqpi.engine.trainer |   epoch 35 step 40/140 loss=0.6398
15:38:27 | INFO    | holoqpi.engine.trainer |   epoch 35 step 60/140 loss=0.4416
15:38:32 | INFO    | holoqpi.engine.trainer |   epoch 35 step 80/140 loss=0.4401
15:38:37 | INFO    | holoqpi.engine.trainer |   epoch 35 step 100/140 loss=0.4964
15:38:41 | INFO    | holoqpi.engine.trainer |   epoch 35 step 120/140 loss=0.7610
15:39:40 | INFO    | holoqpi.engine.trainer | epoch 35/60 (86s = 32s train + 54s val) | train_loss=0.5535  val_phase_mae=0.1779  val_dice=0.8185  val_cls_acc=nan  val_mass_mape=0.2185
15:39:41 | INFO    | holoqpi.engine.trainer |   epoch 36 step 0/140 loss=0.4134
15:39:44 | INFO    | holoqpi.engine.trainer |   epoch 36 step 20/140 loss=0.3912
15:39:49 | INFO    | holoqpi.engine.trainer |   epoch 36 step 40/140 loss=0.7164
15:39:53 | INFO    | holoqpi.engine.trainer |   epoch 36 step 60/140 loss=0.6779
15:39:57 | INFO    | holoqpi.engine.trainer |   epoch 36 step 80/140 loss=0.5303
15:40:02 | INFO    | holoqpi.engine.trainer |   epoch 36 step 100/140 loss=0.5193
15:40:07 | INFO    | holoqpi.engine.trainer |   epoch 36 step 120/140 loss=0.5147
15:41:05 | INFO    | holoqpi.engine.trainer | epoch 36/60 (85s = 31s train + 54s val) | train_loss=0.5299  val_phase_mae=0.1750  val_dice=0.8205  val_cls_acc=nan  val_mass_mape=0.2382
15:41:06 | INFO    | holoqpi.engine.trainer |   epoch 37 step 0/140 loss=0.6189
15:41:09 | INFO    | holoqpi.engine.trainer |   epoch 37 step 20/140 loss=0.7154
15:41:14 | INFO    | holoqpi.engine.trainer |   epoch 37 step 40/140 loss=0.5733
15:41:18 | INFO    | holoqpi.engine.trainer |   epoch 37 step 60/140 loss=0.4651
15:41:23 | INFO    | holoqpi.engine.trainer |   epoch 37 step 80/140 loss=0.5810
15:41:27 | INFO    | holoqpi.engine.trainer |   epoch 37 step 100/140 loss=0.5072
15:41:32 | INFO    | holoqpi.engine.trainer |   epoch 37 step 120/140 loss=0.5189
15:42:30 | INFO    | holoqpi.engine.trainer | epoch 37/60 (85s = 32s train + 54s val) | train_loss=0.5259  val_phase_mae=0.1761  val_dice=0.8232  val_cls_acc=nan  val_mass_mape=0.2050
15:42:31 | INFO    | holoqpi.engine.trainer |   epoch 38 step 0/140 loss=0.5400
15:42:34 | INFO    | holoqpi.engine.trainer |   epoch 38 step 20/140 loss=0.4113
15:42:39 | INFO    | holoqpi.engine.trainer |   epoch 38 step 40/140 loss=0.4176
15:42:43 | INFO    | holoqpi.engine.trainer |   epoch 38 step 60/140 loss=0.4679
15:42:48 | INFO    | holoqpi.engine.trainer |   epoch 38 step 80/140 loss=0.5468
15:42:52 | INFO    | holoqpi.engine.trainer |   epoch 38 step 100/140 loss=0.4157
15:42:57 | INFO    | holoqpi.engine.trainer |   epoch 38 step 120/140 loss=0.7992
15:43:55 | INFO    | holoqpi.engine.trainer | epoch 38/60 (85s = 32s train + 54s val) | train_loss=0.5231  val_phase_mae=0.1865  val_dice=0.8189  val_cls_acc=nan  val_mass_mape=0.2073
15:43:56 | INFO    | holoqpi.engine.trainer |   epoch 39 step 0/140 loss=0.6554
15:44:00 | INFO    | holoqpi.engine.trainer |   epoch 39 step 20/140 loss=0.7701
15:44:04 | INFO    | holoqpi.engine.trainer |   epoch 39 step 40/140 loss=0.6635
15:44:09 | INFO    | holoqpi.engine.trainer |   epoch 39 step 60/140 loss=0.3896
15:44:13 | INFO    | holoqpi.engine.trainer |   epoch 39 step 80/140 loss=0.6058
15:44:18 | INFO    | holoqpi.engine.trainer |   epoch 39 step 100/140 loss=0.4401
15:44:22 | INFO    | holoqpi.engine.trainer |   epoch 39 step 120/140 loss=0.4922
15:45:21 | INFO    | holoqpi.engine.trainer |   new best composite=0.8060
15:45:21 | INFO    | holoqpi.engine.trainer | epoch 39/60 (86s = 31s train + 55s val) | train_loss=0.5339  val_phase_mae=0.1703  val_dice=0.8243  val_cls_acc=nan  val_mass_mape=0.1947
15:45:22 | INFO    | holoqpi.engine.trainer |   epoch 40 step 0/140 loss=0.4467
15:45:27 | INFO    | holoqpi.engine.trainer |   epoch 40 step 20/140 loss=0.3835
15:45:31 | INFO    | holoqpi.engine.trainer |   epoch 40 step 40/140 loss=0.3842
15:45:36 | INFO    | holoqpi.engine.trainer |   epoch 40 step 60/140 loss=0.3875
15:45:40 | INFO    | holoqpi.engine.trainer |   epoch 40 step 80/140 loss=0.4753
15:45:44 | INFO    | holoqpi.engine.trainer |   epoch 40 step 100/140 loss=0.5900
15:45:49 | INFO    | holoqpi.engine.trainer |   epoch 40 step 120/140 loss=0.5568
15:46:47 | INFO    | holoqpi.engine.trainer | epoch 40/60 (85s = 32s train + 54s val) | train_loss=0.5115  val_phase_mae=0.1737  val_dice=0.8226  val_cls_acc=nan  val_mass_mape=0.1996
15:46:48 | INFO    | holoqpi.engine.trainer |   epoch 41 step 0/140 loss=0.4378
15:46:52 | INFO    | holoqpi.engine.trainer |   epoch 41 step 20/140 loss=0.5274
15:46:56 | INFO    | holoqpi.engine.trainer |   epoch 41 step 40/140 loss=0.5208
15:47:01 | INFO    | holoqpi.engine.trainer |   epoch 41 step 60/140 loss=0.4589
15:47:05 | INFO    | holoqpi.engine.trainer |   epoch 41 step 80/140 loss=0.4914
15:47:10 | INFO    | holoqpi.engine.trainer |   epoch 41 step 100/140 loss=0.6872
15:47:15 | INFO    | holoqpi.engine.trainer |   epoch 41 step 120/140 loss=0.3567
15:48:13 | INFO    | holoqpi.engine.trainer | epoch 41/60 (86s = 32s train + 54s val) | train_loss=0.5120  val_phase_mae=0.1681  val_dice=0.8256  val_cls_acc=nan  val_mass_mape=0.1995
15:48:14 | INFO    | holoqpi.engine.trainer |   epoch 42 step 0/140 loss=0.8939
15:48:18 | INFO    | holoqpi.engine.trainer |   epoch 42 step 20/140 loss=0.4557
15:48:22 | INFO    | holoqpi.engine.trainer |   epoch 42 step 40/140 loss=0.4841
15:48:27 | INFO    | holoqpi.engine.trainer |   epoch 42 step 60/140 loss=0.4215
15:48:31 | INFO    | holoqpi.engine.trainer |   epoch 42 step 80/140 loss=0.4573
15:48:35 | INFO    | holoqpi.engine.trainer |   epoch 42 step 100/140 loss=0.4596
15:48:40 | INFO    | holoqpi.engine.trainer |   epoch 42 step 120/140 loss=0.4266
15:49:37 | INFO    | holoqpi.engine.trainer | epoch 42/60 (85s = 31s train + 54s val) | train_loss=0.5166  val_phase_mae=0.1700  val_dice=0.8243  val_cls_acc=nan  val_mass_mape=0.1995
15:49:38 | INFO    | holoqpi.engine.trainer |   epoch 43 step 0/140 loss=0.7889
15:49:42 | INFO    | holoqpi.engine.trainer |   epoch 43 step 20/140 loss=0.5580
15:49:47 | INFO    | holoqpi.engine.trainer |   epoch 43 step 40/140 loss=0.4184
15:49:51 | INFO    | holoqpi.engine.trainer |   epoch 43 step 60/140 loss=0.5779
15:49:55 | INFO    | holoqpi.engine.trainer |   epoch 43 step 80/140 loss=0.4971
15:50:00 | INFO    | holoqpi.engine.trainer |   epoch 43 step 100/140 loss=0.4972
15:50:04 | INFO    | holoqpi.engine.trainer |   epoch 43 step 120/140 loss=0.4637
15:51:02 | INFO    | holoqpi.engine.trainer | epoch 43/60 (85s = 31s train + 53s val) | train_loss=0.5170  val_phase_mae=0.1692  val_dice=0.8244  val_cls_acc=nan  val_mass_mape=0.1956
15:51:03 | INFO    | holoqpi.engine.trainer |   epoch 44 step 0/140 loss=0.4112
15:51:07 | INFO    | holoqpi.engine.trainer |   epoch 44 step 20/140 loss=0.4970
15:51:11 | INFO    | holoqpi.engine.trainer |   epoch 44 step 40/140 loss=0.4287
15:51:16 | INFO    | holoqpi.engine.trainer |   epoch 44 step 60/140 loss=0.6431
15:51:20 | INFO    | holoqpi.engine.trainer |   epoch 44 step 80/140 loss=0.6453
15:51:25 | INFO    | holoqpi.engine.trainer |   epoch 44 step 100/140 loss=0.5679
15:51:29 | INFO    | holoqpi.engine.trainer |   epoch 44 step 120/140 loss=0.5537
15:52:27 | INFO    | holoqpi.engine.trainer |   new best composite=0.8092
15:52:27 | INFO    | holoqpi.engine.trainer | epoch 44/60 (85s = 31s train + 53s val) | train_loss=0.5082  val_phase_mae=0.1664  val_dice=0.8251  val_cls_acc=nan  val_mass_mape=0.1835
15:52:28 | INFO    | holoqpi.engine.trainer |   epoch 45 step 0/140 loss=0.4860
15:52:32 | INFO    | holoqpi.engine.trainer |   epoch 45 step 20/140 loss=0.4306
15:52:36 | INFO    | holoqpi.engine.trainer |   epoch 45 step 40/140 loss=0.4842
15:52:41 | INFO    | holoqpi.engine.trainer |   epoch 45 step 60/140 loss=0.4105
15:52:45 | INFO    | holoqpi.engine.trainer |   epoch 45 step 80/140 loss=0.6774
15:52:50 | INFO    | holoqpi.engine.trainer |   epoch 45 step 100/140 loss=0.4896
15:52:54 | INFO    | holoqpi.engine.trainer |   epoch 45 step 120/140 loss=0.4406
15:53:52 | INFO    | holoqpi.engine.trainer | epoch 45/60 (85s = 32s train + 53s val) | train_loss=0.5110  val_phase_mae=0.1685  val_dice=0.8257  val_cls_acc=nan  val_mass_mape=0.1964
15:53:53 | INFO    | holoqpi.engine.trainer |   epoch 46 step 0/140 loss=0.5815
15:53:57 | INFO    | holoqpi.engine.trainer |   epoch 46 step 20/140 loss=0.6182
15:54:01 | INFO    | holoqpi.engine.trainer |   epoch 46 step 40/140 loss=0.3906
15:54:06 | INFO    | holoqpi.engine.trainer |   epoch 46 step 60/140 loss=0.4803
15:54:10 | INFO    | holoqpi.engine.trainer |   epoch 46 step 80/140 loss=0.5296
15:54:15 | INFO    | holoqpi.engine.trainer |   epoch 46 step 100/140 loss=0.5135
15:54:19 | INFO    | holoqpi.engine.trainer |   epoch 46 step 120/140 loss=0.6505
15:55:19 | INFO    | holoqpi.engine.trainer | epoch 46/60 (86s = 31s train + 55s val) | train_loss=0.4975  val_phase_mae=0.1720  val_dice=0.8258  val_cls_acc=nan  val_mass_mape=0.2035
15:55:20 | INFO    | holoqpi.engine.trainer |   epoch 47 step 0/140 loss=0.4248
15:55:24 | INFO    | holoqpi.engine.trainer |   epoch 47 step 20/140 loss=0.4574
15:55:28 | INFO    | holoqpi.engine.trainer |   epoch 47 step 40/140 loss=0.4735
15:55:33 | INFO    | holoqpi.engine.trainer |   epoch 47 step 60/140 loss=0.6267
15:55:37 | INFO    | holoqpi.engine.trainer |   epoch 47 step 80/140 loss=0.3198
15:55:42 | INFO    | holoqpi.engine.trainer |   epoch 47 step 100/140 loss=0.4385
15:55:46 | INFO    | holoqpi.engine.trainer |   epoch 47 step 120/140 loss=0.6196
15:56:43 | INFO    | holoqpi.engine.trainer | epoch 47/60 (84s = 31s train + 53s val) | train_loss=0.4921  val_phase_mae=0.1683  val_dice=0.8253  val_cls_acc=nan  val_mass_mape=0.1945
15:56:44 | INFO    | holoqpi.engine.trainer |   epoch 48 step 0/140 loss=0.4678
15:56:48 | INFO    | holoqpi.engine.trainer |   epoch 48 step 20/140 loss=0.6408
15:56:53 | INFO    | holoqpi.engine.trainer |   epoch 48 step 40/140 loss=0.4572
15:56:57 | INFO    | holoqpi.engine.trainer |   epoch 48 step 60/140 loss=0.5242
15:57:01 | INFO    | holoqpi.engine.trainer |   epoch 48 step 80/140 loss=0.3731
15:57:06 | INFO    | holoqpi.engine.trainer |   epoch 48 step 100/140 loss=0.5152
15:57:10 | INFO    | holoqpi.engine.trainer |   epoch 48 step 120/140 loss=0.4168
15:58:08 | INFO    | holoqpi.engine.trainer | epoch 48/60 (85s = 31s train + 53s val) | train_loss=0.4971  val_phase_mae=0.1678  val_dice=0.8252  val_cls_acc=nan  val_mass_mape=0.1984
15:58:09 | INFO    | holoqpi.engine.trainer |   epoch 49 step 0/140 loss=0.3748
15:58:12 | INFO    | holoqpi.engine.trainer |   epoch 49 step 20/140 loss=0.3966
15:58:17 | INFO    | holoqpi.engine.trainer |   epoch 49 step 40/140 loss=0.5104
15:58:21 | INFO    | holoqpi.engine.trainer |   epoch 49 step 60/140 loss=0.4488
15:58:26 | INFO    | holoqpi.engine.trainer |   epoch 49 step 80/140 loss=0.5228
15:58:30 | INFO    | holoqpi.engine.trainer |   epoch 49 step 100/140 loss=0.5429
15:58:35 | INFO    | holoqpi.engine.trainer |   epoch 49 step 120/140 loss=0.3976
15:59:32 | INFO    | holoqpi.engine.trainer | epoch 49/60 (85s = 31s train + 53s val) | train_loss=0.4909  val_phase_mae=0.1698  val_dice=0.8260  val_cls_acc=nan  val_mass_mape=0.1999
15:59:33 | INFO    | holoqpi.engine.trainer |   epoch 50 step 0/140 loss=0.5790
15:59:37 | INFO    | holoqpi.engine.trainer |   epoch 50 step 20/140 loss=0.3959
15:59:41 | INFO    | holoqpi.engine.trainer |   epoch 50 step 40/140 loss=0.4044
15:59:46 | INFO    | holoqpi.engine.trainer |   epoch 50 step 60/140 loss=0.4049
15:59:50 | INFO    | holoqpi.engine.trainer |   epoch 50 step 80/140 loss=0.3878
15:59:55 | INFO    | holoqpi.engine.trainer |   epoch 50 step 100/140 loss=0.5922
15:59:59 | INFO    | holoqpi.engine.trainer |   epoch 50 step 120/140 loss=0.3954
16:00:57 | INFO    | holoqpi.engine.trainer | epoch 50/60 (84s = 31s train + 53s val) | train_loss=0.4908  val_phase_mae=0.1686  val_dice=0.8262  val_cls_acc=nan  val_mass_mape=0.1915
16:00:58 | INFO    | holoqpi.engine.trainer |   epoch 51 step 0/140 loss=0.4957
16:01:01 | INFO    | holoqpi.engine.trainer |   epoch 51 step 20/140 loss=0.5587
16:01:06 | INFO    | holoqpi.engine.trainer |   epoch 51 step 40/140 loss=0.6124
16:01:10 | INFO    | holoqpi.engine.trainer |   epoch 51 step 60/140 loss=0.4164
16:01:15 | INFO    | holoqpi.engine.trainer |   epoch 51 step 80/140 loss=0.3380
16:01:19 | INFO    | holoqpi.engine.trainer |   epoch 51 step 100/140 loss=0.5254
16:01:24 | INFO    | holoqpi.engine.trainer |   epoch 51 step 120/140 loss=0.4011
16:02:23 | INFO    | holoqpi.engine.trainer | epoch 51/60 (86s = 31s train + 55s val) | train_loss=0.5002  val_phase_mae=0.1717  val_dice=0.8248  val_cls_acc=nan  val_mass_mape=0.1994
16:02:24 | INFO    | holoqpi.engine.trainer |   epoch 52 step 0/140 loss=0.4918
16:02:27 | INFO    | holoqpi.engine.trainer |   epoch 52 step 20/140 loss=0.6023
16:02:32 | INFO    | holoqpi.engine.trainer |   epoch 52 step 40/140 loss=0.4445
16:02:36 | INFO    | holoqpi.engine.trainer |   epoch 52 step 60/140 loss=0.4854
16:02:41 | INFO    | holoqpi.engine.trainer |   epoch 52 step 80/140 loss=0.3237
16:02:45 | INFO    | holoqpi.engine.trainer |   epoch 52 step 100/140 loss=0.3914
16:02:50 | INFO    | holoqpi.engine.trainer |   epoch 52 step 120/140 loss=0.6149
16:03:49 | INFO    | holoqpi.engine.trainer | epoch 52/60 (87s = 31s train + 55s val) | train_loss=0.4986  val_phase_mae=0.1686  val_dice=0.8259  val_cls_acc=nan  val_mass_mape=0.1952
16:03:50 | INFO    | holoqpi.engine.trainer |   epoch 53 step 0/140 loss=0.4442
16:03:54 | INFO    | holoqpi.engine.trainer |   epoch 53 step 20/140 loss=0.6252
16:03:59 | INFO    | holoqpi.engine.trainer |   epoch 53 step 40/140 loss=0.3889
16:04:04 | INFO    | holoqpi.engine.trainer |   epoch 53 step 60/140 loss=0.4493
16:04:08 | INFO    | holoqpi.engine.trainer |   epoch 53 step 80/140 loss=0.4547
16:04:12 | INFO    | holoqpi.engine.trainer |   epoch 53 step 100/140 loss=0.4434
16:04:17 | INFO    | holoqpi.engine.trainer |   epoch 53 step 120/140 loss=0.5125
16:05:14 | INFO    | holoqpi.engine.trainer | epoch 53/60 (85s = 32s train + 53s val) | train_loss=0.4944  val_phase_mae=0.1720  val_dice=0.8254  val_cls_acc=nan  val_mass_mape=0.2073
16:05:15 | INFO    | holoqpi.engine.trainer |   epoch 54 step 0/140 loss=0.4171
16:05:19 | INFO    | holoqpi.engine.trainer |   epoch 54 step 20/140 loss=0.4107
16:05:23 | INFO    | holoqpi.engine.trainer |   epoch 54 step 40/140 loss=0.5024
16:05:28 | INFO    | holoqpi.engine.trainer |   epoch 54 step 60/140 loss=0.6981
16:05:32 | INFO    | holoqpi.engine.trainer |   epoch 54 step 80/140 loss=0.7138
16:05:36 | INFO    | holoqpi.engine.trainer |   epoch 54 step 100/140 loss=0.3460
16:05:41 | INFO    | holoqpi.engine.trainer |   epoch 54 step 120/140 loss=0.4249
16:06:38 | INFO    | holoqpi.engine.trainer | epoch 54/60 (84s = 31s train + 53s val) | train_loss=0.4879  val_phase_mae=0.1708  val_dice=0.8270  val_cls_acc=nan  val_mass_mape=0.2063
16:06:39 | INFO    | holoqpi.engine.trainer |   epoch 55 step 0/140 loss=0.4919
16:06:43 | INFO    | holoqpi.engine.trainer |   epoch 55 step 20/140 loss=0.3890
16:06:47 | INFO    | holoqpi.engine.trainer |   epoch 55 step 40/140 loss=0.5661
16:06:51 | INFO    | holoqpi.engine.trainer |   epoch 55 step 60/140 loss=0.5535
16:06:56 | INFO    | holoqpi.engine.trainer |   epoch 55 step 80/140 loss=0.4357
16:07:00 | INFO    | holoqpi.engine.trainer |   epoch 55 step 100/140 loss=0.4784
16:07:05 | INFO    | holoqpi.engine.trainer |   epoch 55 step 120/140 loss=0.4416
16:08:02 | INFO    | holoqpi.engine.trainer | epoch 55/60 (84s = 31s train + 53s val) | train_loss=0.4919  val_phase_mae=0.1699  val_dice=0.8258  val_cls_acc=nan  val_mass_mape=0.2027
16:08:03 | INFO    | holoqpi.engine.trainer |   epoch 56 step 0/140 loss=0.3590
16:08:07 | INFO    | holoqpi.engine.trainer |   epoch 56 step 20/140 loss=0.4464
16:08:11 | INFO    | holoqpi.engine.trainer |   epoch 56 step 40/140 loss=0.3704
16:08:15 | INFO    | holoqpi.engine.trainer |   epoch 56 step 60/140 loss=0.5646
16:08:20 | INFO    | holoqpi.engine.trainer |   epoch 56 step 80/140 loss=0.5649
16:08:24 | INFO    | holoqpi.engine.trainer |   epoch 56 step 100/140 loss=0.4013
16:08:29 | INFO    | holoqpi.engine.trainer |   epoch 56 step 120/140 loss=0.4721
16:09:27 | INFO    | holoqpi.engine.trainer | epoch 56/60 (84s = 30s train + 54s val) | train_loss=0.4934  val_phase_mae=0.1698  val_dice=0.8253  val_cls_acc=nan  val_mass_mape=0.1950
16:09:28 | INFO    | holoqpi.engine.trainer |   epoch 57 step 0/140 loss=0.4808
16:09:31 | INFO    | holoqpi.engine.trainer |   epoch 57 step 20/140 loss=0.6159
16:09:35 | INFO    | holoqpi.engine.trainer |   epoch 57 step 40/140 loss=0.4953
16:09:39 | INFO    | holoqpi.engine.trainer |   epoch 57 step 60/140 loss=0.5810
16:09:44 | INFO    | holoqpi.engine.trainer |   epoch 57 step 80/140 loss=0.4184
16:09:48 | INFO    | holoqpi.engine.trainer |   epoch 57 step 100/140 loss=0.4318
16:09:52 | INFO    | holoqpi.engine.trainer |   epoch 57 step 120/140 loss=0.4139
16:10:51 | INFO    | holoqpi.engine.trainer | epoch 57/60 (84s = 30s train + 54s val) | train_loss=0.5025  val_phase_mae=0.1730  val_dice=0.8241  val_cls_acc=nan  val_mass_mape=0.1959
16:10:52 | INFO    | holoqpi.engine.trainer |   epoch 58 step 0/140 loss=0.6270
16:10:55 | INFO    | holoqpi.engine.trainer |   epoch 58 step 20/140 loss=0.4712
16:10:59 | INFO    | holoqpi.engine.trainer |   epoch 58 step 40/140 loss=0.5981
16:11:03 | INFO    | holoqpi.engine.trainer |   epoch 58 step 60/140 loss=0.4212
16:11:08 | INFO    | holoqpi.engine.trainer |   epoch 58 step 80/140 loss=0.8062
16:11:12 | INFO    | holoqpi.engine.trainer |   epoch 58 step 100/140 loss=0.4048
16:11:17 | INFO    | holoqpi.engine.trainer |   epoch 58 step 120/140 loss=0.4598
16:12:15 | INFO    | holoqpi.engine.trainer | epoch 58/60 (84s = 30s train + 53s val) | train_loss=0.4927  val_phase_mae=0.1721  val_dice=0.8254  val_cls_acc=nan  val_mass_mape=0.2096
16:12:16 | INFO    | holoqpi.engine.trainer |   epoch 59 step 0/140 loss=0.4047
16:12:19 | INFO    | holoqpi.engine.trainer |   epoch 59 step 20/140 loss=0.4754
16:12:23 | INFO    | holoqpi.engine.trainer |   epoch 59 step 40/140 loss=0.4859
16:12:27 | INFO    | holoqpi.engine.trainer |   epoch 59 step 60/140 loss=0.4221
16:12:31 | INFO    | holoqpi.engine.trainer |   epoch 59 step 80/140 loss=0.3535
16:12:35 | INFO    | holoqpi.engine.trainer |   epoch 59 step 100/140 loss=0.4044
16:12:40 | INFO    | holoqpi.engine.trainer |   epoch 59 step 120/140 loss=0.4732
16:13:37 | INFO    | holoqpi.engine.trainer | epoch 59/60 (82s = 29s train + 53s val) | train_loss=0.4880  val_phase_mae=0.1692  val_dice=0.8262  val_cls_acc=nan  val_mass_mape=0.1974
16:13:38 | INFO    | holoqpi.engine.trainer |   epoch 60 step 0/140 loss=0.3996
16:13:42 | INFO    | holoqpi.engine.trainer |   epoch 60 step 20/140 loss=0.5023
16:13:46 | INFO    | holoqpi.engine.trainer |   epoch 60 step 40/140 loss=0.3886
16:13:50 | INFO    | holoqpi.engine.trainer |   epoch 60 step 60/140 loss=0.3780
16:13:54 | INFO    | holoqpi.engine.trainer |   epoch 60 step 80/140 loss=0.4142
16:13:58 | INFO    | holoqpi.engine.trainer |   epoch 60 step 100/140 loss=0.4702
16:14:02 | INFO    | holoqpi.engine.trainer |   epoch 60 step 120/140 loss=0.5962
16:15:00 | INFO    | holoqpi.engine.trainer | epoch 60/60 (83s = 29s train + 55s val) | train_loss=0.4930  val_phase_mae=0.1723  val_dice=0.8263  val_cls_acc=nan  val_mass_mape=0.2002
16:15:01 | INFO    | holoqpi.engine.trainer | training finished; best epoch 44 (composite=0.8092)
