11:55:58 | INFO    | holoqpi | training v2_cell_ipp_area on off_axis (device=cuda)
11:55:58 | INFO    | holoqpi.data.dataset | train split: 560 samples | modality=off_axis | crop=512 | augment=True
11:55:58 | INFO    | holoqpi.data.dataset | val split: 127 samples | modality=off_axis | crop=None | augment=False
11:55:59 | INFO    | holoqpi.models.encoders | loading pretrained mobilenet_v2 from weights/mobilenet_v2-b0353104.pth
11:55:59 | INFO    | holoqpi.models.encoders | loading pretrained mobilenet_v2 from weights/mobilenet_v2-b0353104.pth
11:55:59 | INFO    | holoqpi.models.encoders | encoder=mobilenet_v2 in_channels=1 pretrained=True weights=local (weights) stages=[16, 24, 32, 96, 1280]
11:55:59 | INFO    | holoqpi.models.holonet | HoloQPINet built: 9.60M parameters, 9.60M trainable (100.0%)
11:56:00 | INFO    | holoqpi.engine.trainer | trainable 9.60M / 9.60M parameters (100.0%)
11:56:00 | INFO    | holoqpi.engine.trainer | objective: cell_integrated_phase=1  cell_projected_area=1  phase=1  segmentation=1
11:56:00 | INFO    | holoqpi.engine.trainer | active physics terms: ['cell_integrated_phase', 'cell_projected_area']
11:56:07 | INFO    | holoqpi.engine.trainer |   epoch 1 step 0/140 loss=3.5248
11:56:11 | INFO    | holoqpi.engine.trainer |   epoch 1 step 20/140 loss=2.9676
11:56:15 | INFO    | holoqpi.engine.trainer |   epoch 1 step 40/140 loss=2.4827
11:56:20 | INFO    | holoqpi.engine.trainer |   epoch 1 step 60/140 loss=2.2823
11:56:25 | INFO    | holoqpi.engine.trainer |   epoch 1 step 80/140 loss=1.8303
11:56:29 | INFO    | holoqpi.engine.trainer |   epoch 1 step 100/140 loss=1.9390
11:56:34 | INFO    | holoqpi.engine.trainer |   epoch 1 step 120/140 loss=1.5810
11:57:36 | INFO    | holoqpi.engine.trainer |   new best composite=0.5504
11:57:36 | INFO    | holoqpi.engine.trainer | epoch 1/60 (95s = 38s train + 57s val) | train_loss=2.2513  val_phase_mae=0.3326  val_dice=0.5572  val_cls_acc=nan  val_mass_mape=0.3344
11:57:36 | INFO    | holoqpi.engine.trainer |   at this rate the full 60-epoch schedule takes about 95 min
11:57:37 | INFO    | holoqpi.engine.trainer |   epoch 2 step 0/140 loss=1.7045
11:57:41 | INFO    | holoqpi.engine.trainer |   epoch 2 step 20/140 loss=1.6635
11:57:46 | INFO    | holoqpi.engine.trainer |   epoch 2 step 40/140 loss=1.4429
11:57:50 | INFO    | holoqpi.engine.trainer |   epoch 2 step 60/140 loss=1.4101
11:57:55 | INFO    | holoqpi.engine.trainer |   epoch 2 step 80/140 loss=1.2961
11:58:00 | INFO    | holoqpi.engine.trainer |   epoch 2 step 100/140 loss=1.2311
11:58:04 | INFO    | holoqpi.engine.trainer |   epoch 2 step 120/140 loss=1.5114
11:59:02 | INFO    | holoqpi.engine.trainer |   new best composite=0.7097
11:59:02 | INFO    | holoqpi.engine.trainer | epoch 2/60 (86s = 32s train + 54s val) | train_loss=1.4026  val_phase_mae=0.2186  val_dice=0.7363  val_cls_acc=nan  val_mass_mape=0.2550
11:59:03 | INFO    | holoqpi.engine.trainer |   epoch 3 step 0/140 loss=1.1117
11:59:08 | INFO    | holoqpi.engine.trainer |   epoch 3 step 20/140 loss=1.1027
11:59:12 | INFO    | holoqpi.engine.trainer |   epoch 3 step 40/140 loss=0.9615
11:59:17 | INFO    | holoqpi.engine.trainer |   epoch 3 step 60/140 loss=0.9939
11:59:21 | INFO    | holoqpi.engine.trainer |   epoch 3 step 80/140 loss=0.8611
11:59:26 | INFO    | holoqpi.engine.trainer |   epoch 3 step 100/140 loss=0.9193
11:59:30 | INFO    | holoqpi.engine.trainer |   epoch 3 step 120/140 loss=0.9775
12:00:28 | INFO    | holoqpi.engine.trainer |   new best composite=0.7230
12:00:28 | INFO    | holoqpi.engine.trainer | epoch 3/60 (86s = 32s train + 54s val) | train_loss=1.0913  val_phase_mae=0.2098  val_dice=0.7460  val_cls_acc=nan  val_mass_mape=0.2647
12:00:29 | INFO    | holoqpi.engine.trainer |   epoch 4 step 0/140 loss=1.1161
12:00:34 | INFO    | holoqpi.engine.trainer |   epoch 4 step 20/140 loss=0.8753
12:00:38 | INFO    | holoqpi.engine.trainer |   epoch 4 step 40/140 loss=0.8849
12:00:42 | INFO    | holoqpi.engine.trainer |   epoch 4 step 60/140 loss=1.0752
12:00:47 | INFO    | holoqpi.engine.trainer |   epoch 4 step 80/140 loss=1.1451
12:00:51 | INFO    | holoqpi.engine.trainer |   epoch 4 step 100/140 loss=1.2223
12:00:56 | INFO    | holoqpi.engine.trainer |   epoch 4 step 120/140 loss=1.3641
12:01:54 | INFO    | holoqpi.engine.trainer | epoch 4/60 (86s = 32s train + 54s val) | train_loss=0.9651  val_phase_mae=0.2165  val_dice=0.7659  val_cls_acc=nan  val_mass_mape=0.3117
12:01:55 | INFO    | holoqpi.engine.trainer |   epoch 5 step 0/140 loss=1.1418
12:01:59 | INFO    | holoqpi.engine.trainer |   epoch 5 step 20/140 loss=0.7879
12:02:04 | INFO    | holoqpi.engine.trainer |   epoch 5 step 40/140 loss=1.0130
12:02:08 | INFO    | holoqpi.engine.trainer |   epoch 5 step 60/140 loss=0.8442
12:02:12 | INFO    | holoqpi.engine.trainer |   epoch 5 step 80/140 loss=0.7358
12:02:17 | INFO    | holoqpi.engine.trainer |   epoch 5 step 100/140 loss=1.0807
12:02:21 | INFO    | holoqpi.engine.trainer |   epoch 5 step 120/140 loss=0.7218
12:03:20 | INFO    | holoqpi.engine.trainer |   new best composite=0.7388
12:03:20 | INFO    | holoqpi.engine.trainer | epoch 5/60 (86s = 32s train + 55s val) | train_loss=0.9134  val_phase_mae=0.1949  val_dice=0.7611  val_cls_acc=nan  val_mass_mape=0.2607
12:03:21 | INFO    | holoqpi.engine.trainer |   epoch 6 step 0/140 loss=0.6453
12:03:26 | INFO    | holoqpi.engine.trainer |   epoch 6 step 20/140 loss=1.0963
12:03:30 | INFO    | holoqpi.engine.trainer |   epoch 6 step 40/140 loss=0.8330
12:03:34 | INFO    | holoqpi.engine.trainer |   epoch 6 step 60/140 loss=0.5537
12:03:39 | INFO    | holoqpi.engine.trainer |   epoch 6 step 80/140 loss=0.8250
12:03:43 | INFO    | holoqpi.engine.trainer |   epoch 6 step 100/140 loss=0.6184
12:03:48 | INFO    | holoqpi.engine.trainer |   epoch 6 step 120/140 loss=1.3638
12:04:46 | INFO    | holoqpi.engine.trainer |   new best composite=0.7636
12:04:46 | INFO    | holoqpi.engine.trainer | epoch 6/60 (86s = 31s train + 55s val) | train_loss=0.8608  val_phase_mae=0.1902  val_dice=0.7832  val_cls_acc=nan  val_mass_mape=0.2205
12:04:47 | INFO    | holoqpi.engine.trainer |   epoch 7 step 0/140 loss=1.1076
12:04:52 | INFO    | holoqpi.engine.trainer |   epoch 7 step 20/140 loss=0.7387
12:04:56 | INFO    | holoqpi.engine.trainer |   epoch 7 step 40/140 loss=0.6645
12:05:00 | INFO    | holoqpi.engine.trainer |   epoch 7 step 60/140 loss=0.6595
12:05:05 | INFO    | holoqpi.engine.trainer |   epoch 7 step 80/140 loss=0.8350
12:05:09 | INFO    | holoqpi.engine.trainer |   epoch 7 step 100/140 loss=0.9483
12:05:13 | INFO    | holoqpi.engine.trainer |   epoch 7 step 120/140 loss=0.7719
12:06:13 | INFO    | holoqpi.engine.trainer |   new best composite=0.7668
12:06:13 | INFO    | holoqpi.engine.trainer | epoch 7/60 (86s = 31s train + 55s val) | train_loss=0.8104  val_phase_mae=0.1927  val_dice=0.7914  val_cls_acc=nan  val_mass_mape=0.2298
12:06:14 | INFO    | holoqpi.engine.trainer |   epoch 8 step 0/140 loss=0.8506
12:06:18 | INFO    | holoqpi.engine.trainer |   epoch 8 step 20/140 loss=0.7795
12:06:22 | INFO    | holoqpi.engine.trainer |   epoch 8 step 40/140 loss=0.7637
12:06:26 | INFO    | holoqpi.engine.trainer |   epoch 8 step 60/140 loss=1.1887
12:06:31 | INFO    | holoqpi.engine.trainer |   epoch 8 step 80/140 loss=1.0722
12:06:35 | INFO    | holoqpi.engine.trainer |   epoch 8 step 100/140 loss=0.8222
12:06:39 | INFO    | holoqpi.engine.trainer |   epoch 8 step 120/140 loss=0.7312
12:07:38 | INFO    | holoqpi.engine.trainer | epoch 8/60 (85s = 30s train + 55s val) | train_loss=0.8072  val_phase_mae=0.1871  val_dice=0.7697  val_cls_acc=nan  val_mass_mape=0.2099
12:07:39 | INFO    | holoqpi.engine.trainer |   epoch 9 step 0/140 loss=0.7653
12:07:43 | INFO    | holoqpi.engine.trainer |   epoch 9 step 20/140 loss=0.8200
12:07:47 | INFO    | holoqpi.engine.trainer |   epoch 9 step 40/140 loss=0.7303
12:07:52 | INFO    | holoqpi.engine.trainer |   epoch 9 step 60/140 loss=0.8087
12:07:56 | INFO    | holoqpi.engine.trainer |   epoch 9 step 80/140 loss=0.6938
12:08:00 | INFO    | holoqpi.engine.trainer |   epoch 9 step 100/140 loss=0.6579
12:08:05 | INFO    | holoqpi.engine.trainer |   epoch 9 step 120/140 loss=0.7371
12:09:04 | INFO    | holoqpi.engine.trainer | epoch 9/60 (85s = 31s train + 55s val) | train_loss=0.8120  val_phase_mae=0.1832  val_dice=0.7770  val_cls_acc=nan  val_mass_mape=0.2372
12:09:05 | INFO    | holoqpi.engine.trainer |   epoch 10 step 0/140 loss=0.6223
12:09:09 | INFO    | holoqpi.engine.trainer |   epoch 10 step 20/140 loss=0.7263
12:09:13 | INFO    | holoqpi.engine.trainer |   epoch 10 step 40/140 loss=0.6902
12:09:17 | INFO    | holoqpi.engine.trainer |   epoch 10 step 60/140 loss=0.7060
12:09:21 | INFO    | holoqpi.engine.trainer |   epoch 10 step 80/140 loss=0.6108
12:09:26 | INFO    | holoqpi.engine.trainer |   epoch 10 step 100/140 loss=1.2680
12:09:30 | INFO    | holoqpi.engine.trainer |   epoch 10 step 120/140 loss=0.6107
12:10:29 | INFO    | holoqpi.engine.trainer |   new best composite=0.7683
12:10:29 | INFO    | holoqpi.engine.trainer | epoch 10/60 (85s = 30s train + 55s val) | train_loss=0.7788  val_phase_mae=0.1908  val_dice=0.7898  val_cls_acc=nan  val_mass_mape=0.2315
12:10:30 | INFO    | holoqpi.engine.trainer |   epoch 11 step 0/140 loss=0.5734
12:10:34 | INFO    | holoqpi.engine.trainer |   epoch 11 step 20/140 loss=0.6176
12:10:38 | INFO    | holoqpi.engine.trainer |   epoch 11 step 40/140 loss=0.9024
12:10:43 | INFO    | holoqpi.engine.trainer |   epoch 11 step 60/140 loss=0.7142
12:10:47 | INFO    | holoqpi.engine.trainer |   epoch 11 step 80/140 loss=0.6931
12:10:51 | INFO    | holoqpi.engine.trainer |   epoch 11 step 100/140 loss=0.8340
12:10:56 | INFO    | holoqpi.engine.trainer |   epoch 11 step 120/140 loss=0.9312
12:11:54 | INFO    | holoqpi.engine.trainer |   new best composite=0.7714
12:11:54 | INFO    | holoqpi.engine.trainer | epoch 11/60 (85s = 30s train + 54s val) | train_loss=0.7359  val_phase_mae=0.1860  val_dice=0.7875  val_cls_acc=nan  val_mass_mape=0.1980
12:11:55 | INFO    | holoqpi.engine.trainer |   epoch 12 step 0/140 loss=0.7490
12:11:59 | INFO    | holoqpi.engine.trainer |   epoch 12 step 20/140 loss=0.7525
12:12:03 | INFO    | holoqpi.engine.trainer |   epoch 12 step 40/140 loss=0.5801
12:12:08 | INFO    | holoqpi.engine.trainer |   epoch 12 step 60/140 loss=0.5576
12:12:12 | INFO    | holoqpi.engine.trainer |   epoch 12 step 80/140 loss=0.7597
12:12:16 | INFO    | holoqpi.engine.trainer |   epoch 12 step 100/140 loss=0.6820
12:12:21 | INFO    | holoqpi.engine.trainer |   epoch 12 step 120/140 loss=0.6938
12:13:19 | INFO    | holoqpi.engine.trainer |   new best composite=0.7864
12:13:19 | INFO    | holoqpi.engine.trainer | epoch 12/60 (84s = 30s train + 54s val) | train_loss=0.7185  val_phase_mae=0.1845  val_dice=0.8077  val_cls_acc=nan  val_mass_mape=0.2121
12:13:20 | INFO    | holoqpi.engine.trainer |   epoch 13 step 0/140 loss=0.6877
12:13:24 | INFO    | holoqpi.engine.trainer |   epoch 13 step 20/140 loss=0.6879
12:13:28 | INFO    | holoqpi.engine.trainer |   epoch 13 step 40/140 loss=0.7567
12:13:32 | INFO    | holoqpi.engine.trainer |   epoch 13 step 60/140 loss=0.7292
12:13:36 | INFO    | holoqpi.engine.trainer |   epoch 13 step 80/140 loss=0.8314
12:13:40 | INFO    | holoqpi.engine.trainer |   epoch 13 step 100/140 loss=1.0792
12:13:45 | INFO    | holoqpi.engine.trainer |   epoch 13 step 120/140 loss=0.5122
12:14:43 | INFO    | holoqpi.engine.trainer |   new best composite=0.7910
12:14:43 | INFO    | holoqpi.engine.trainer | epoch 13/60 (84s = 30s train + 54s val) | train_loss=0.7462  val_phase_mae=0.1790  val_dice=0.8115  val_cls_acc=nan  val_mass_mape=0.2027
12:14:44 | INFO    | holoqpi.engine.trainer |   epoch 14 step 0/140 loss=0.6043
12:14:48 | INFO    | holoqpi.engine.trainer |   epoch 14 step 20/140 loss=1.0645
12:14:52 | INFO    | holoqpi.engine.trainer |   epoch 14 step 40/140 loss=0.5778
12:14:56 | INFO    | holoqpi.engine.trainer |   epoch 14 step 60/140 loss=1.1105
12:15:00 | INFO    | holoqpi.engine.trainer |   epoch 14 step 80/140 loss=0.6731
12:15:05 | INFO    | holoqpi.engine.trainer |   epoch 14 step 100/140 loss=0.7240
12:15:09 | INFO    | holoqpi.engine.trainer |   epoch 14 step 120/140 loss=0.7556
12:16:07 | INFO    | holoqpi.engine.trainer | epoch 14/60 (84s = 30s train + 54s val) | train_loss=0.7322  val_phase_mae=0.1750  val_dice=0.8075  val_cls_acc=nan  val_mass_mape=0.1940
12:16:08 | INFO    | holoqpi.engine.trainer |   epoch 15 step 0/140 loss=1.3059
12:16:12 | INFO    | holoqpi.engine.trainer |   epoch 15 step 20/140 loss=0.6469
12:16:16 | INFO    | holoqpi.engine.trainer |   epoch 15 step 40/140 loss=0.5789
12:16:20 | INFO    | holoqpi.engine.trainer |   epoch 15 step 60/140 loss=0.5294
12:16:25 | INFO    | holoqpi.engine.trainer |   epoch 15 step 80/140 loss=0.9144
12:16:29 | INFO    | holoqpi.engine.trainer |   epoch 15 step 100/140 loss=0.7546
12:16:33 | INFO    | holoqpi.engine.trainer |   epoch 15 step 120/140 loss=0.8243
12:17:31 | INFO    | holoqpi.engine.trainer | epoch 15/60 (85s = 30s train + 54s val) | train_loss=0.7097  val_phase_mae=0.1844  val_dice=0.8041  val_cls_acc=nan  val_mass_mape=0.2133
12:17:33 | INFO    | holoqpi.engine.trainer |   epoch 16 step 0/140 loss=0.6860
12:17:37 | INFO    | holoqpi.engine.trainer |   epoch 16 step 20/140 loss=0.6507
12:17:41 | INFO    | holoqpi.engine.trainer |   epoch 16 step 40/140 loss=0.5090
12:17:45 | INFO    | holoqpi.engine.trainer |   epoch 16 step 60/140 loss=0.6569
12:17:50 | INFO    | holoqpi.engine.trainer |   epoch 16 step 80/140 loss=0.7567
12:17:54 | INFO    | holoqpi.engine.trainer |   epoch 16 step 100/140 loss=0.6970
12:17:58 | INFO    | holoqpi.engine.trainer |   epoch 16 step 120/140 loss=0.9201
12:18:57 | INFO    | holoqpi.engine.trainer | epoch 16/60 (85s = 31s train + 54s val) | train_loss=0.6752  val_phase_mae=0.1817  val_dice=0.8077  val_cls_acc=nan  val_mass_mape=0.2233
12:18:58 | INFO    | holoqpi.engine.trainer |   epoch 17 step 0/140 loss=1.1145
12:19:02 | INFO    | holoqpi.engine.trainer |   epoch 17 step 20/140 loss=0.6734
12:19:06 | INFO    | holoqpi.engine.trainer |   epoch 17 step 40/140 loss=0.5888
12:19:10 | INFO    | holoqpi.engine.trainer |   epoch 17 step 60/140 loss=0.6900
12:19:14 | INFO    | holoqpi.engine.trainer |   epoch 17 step 80/140 loss=0.5990
12:19:19 | INFO    | holoqpi.engine.trainer |   epoch 17 step 100/140 loss=0.6043
12:19:23 | INFO    | holoqpi.engine.trainer |   epoch 17 step 120/140 loss=0.4342
12:20:23 | INFO    | holoqpi.engine.trainer | epoch 17/60 (86s = 31s train + 55s val) | train_loss=0.6891  val_phase_mae=0.1740  val_dice=0.8154  val_cls_acc=nan  val_mass_mape=0.2174
12:20:24 | INFO    | holoqpi.engine.trainer |   epoch 18 step 0/140 loss=0.6023
12:20:28 | INFO    | holoqpi.engine.trainer |   epoch 18 step 20/140 loss=0.7431
12:20:32 | INFO    | holoqpi.engine.trainer |   epoch 18 step 40/140 loss=0.5827
12:20:36 | INFO    | holoqpi.engine.trainer |   epoch 18 step 60/140 loss=0.7432
12:20:40 | INFO    | holoqpi.engine.trainer |   epoch 18 step 80/140 loss=0.7769
12:20:45 | INFO    | holoqpi.engine.trainer |   epoch 18 step 100/140 loss=0.5305
12:20:49 | INFO    | holoqpi.engine.trainer |   epoch 18 step 120/140 loss=0.9328
12:21:47 | INFO    | holoqpi.engine.trainer | epoch 18/60 (84s = 30s train + 54s val) | train_loss=0.6865  val_phase_mae=0.1751  val_dice=0.8100  val_cls_acc=nan  val_mass_mape=0.2223
12:21:48 | INFO    | holoqpi.engine.trainer |   epoch 19 step 0/140 loss=0.6045
12:21:52 | INFO    | holoqpi.engine.trainer |   epoch 19 step 20/140 loss=0.5882
12:21:56 | INFO    | holoqpi.engine.trainer |   epoch 19 step 40/140 loss=0.9974
12:22:01 | INFO    | holoqpi.engine.trainer |   epoch 19 step 60/140 loss=0.5100
12:22:05 | INFO    | holoqpi.engine.trainer |   epoch 19 step 80/140 loss=0.4878
12:22:09 | INFO    | holoqpi.engine.trainer |   epoch 19 step 100/140 loss=1.0335
12:22:14 | INFO    | holoqpi.engine.trainer |   epoch 19 step 120/140 loss=0.6085
12:23:12 | INFO    | holoqpi.engine.trainer |   new best composite=0.7974
12:23:12 | INFO    | holoqpi.engine.trainer | epoch 19/60 (85s = 31s train + 54s val) | train_loss=0.7002  val_phase_mae=0.1752  val_dice=0.8116  val_cls_acc=nan  val_mass_mape=0.1914
12:23:13 | INFO    | holoqpi.engine.trainer |   epoch 20 step 0/140 loss=0.5360
12:23:17 | INFO    | holoqpi.engine.trainer |   epoch 20 step 20/140 loss=0.5134
12:23:21 | INFO    | holoqpi.engine.trainer |   epoch 20 step 40/140 loss=0.5539
12:23:25 | INFO    | holoqpi.engine.trainer |   epoch 20 step 60/140 loss=0.7055
12:23:30 | INFO    | holoqpi.engine.trainer |   epoch 20 step 80/140 loss=0.5492
12:23:34 | INFO    | holoqpi.engine.trainer |   epoch 20 step 100/140 loss=0.4702
12:23:38 | INFO    | holoqpi.engine.trainer |   epoch 20 step 120/140 loss=0.5542
12:24:36 | INFO    | holoqpi.engine.trainer | epoch 20/60 (84s = 30s train + 54s val) | train_loss=0.6743  val_phase_mae=0.1805  val_dice=0.7998  val_cls_acc=nan  val_mass_mape=0.2162
12:24:37 | INFO    | holoqpi.engine.trainer |   epoch 21 step 0/140 loss=0.5559
12:24:41 | INFO    | holoqpi.engine.trainer |   epoch 21 step 20/140 loss=0.9119
12:24:46 | INFO    | holoqpi.engine.trainer |   epoch 21 step 40/140 loss=0.5911
12:24:50 | INFO    | holoqpi.engine.trainer |   epoch 21 step 60/140 loss=0.6128
12:24:54 | INFO    | holoqpi.engine.trainer |   epoch 21 step 80/140 loss=0.5789
12:24:58 | INFO    | holoqpi.engine.trainer |   epoch 21 step 100/140 loss=0.4658
12:25:02 | INFO    | holoqpi.engine.trainer |   epoch 21 step 120/140 loss=0.6043
12:26:00 | INFO    | holoqpi.engine.trainer | epoch 21/60 (84s = 30s train + 54s val) | train_loss=0.6724  val_phase_mae=0.1768  val_dice=0.8091  val_cls_acc=nan  val_mass_mape=0.2693
12:26:01 | INFO    | holoqpi.engine.trainer |   epoch 22 step 0/140 loss=0.6039
12:26:06 | INFO    | holoqpi.engine.trainer |   epoch 22 step 20/140 loss=0.7702
12:26:10 | INFO    | holoqpi.engine.trainer |   epoch 22 step 40/140 loss=0.5090
12:26:14 | INFO    | holoqpi.engine.trainer |   epoch 22 step 60/140 loss=0.4579
12:26:18 | INFO    | holoqpi.engine.trainer |   epoch 22 step 80/140 loss=0.5631
12:26:22 | INFO    | holoqpi.engine.trainer |   epoch 22 step 100/140 loss=0.7442
12:26:26 | INFO    | holoqpi.engine.trainer |   epoch 22 step 120/140 loss=0.5432
12:27:25 | INFO    | holoqpi.engine.trainer | epoch 22/60 (84s = 30s train + 54s val) | train_loss=0.6645  val_phase_mae=0.1811  val_dice=0.7992  val_cls_acc=nan  val_mass_mape=0.2171
12:27:26 | INFO    | holoqpi.engine.trainer |   epoch 23 step 0/140 loss=0.4777
12:27:30 | INFO    | holoqpi.engine.trainer |   epoch 23 step 20/140 loss=0.6286
12:27:34 | INFO    | holoqpi.engine.trainer |   epoch 23 step 40/140 loss=0.7610
12:27:38 | INFO    | holoqpi.engine.trainer |   epoch 23 step 60/140 loss=0.9018
12:27:42 | INFO    | holoqpi.engine.trainer |   epoch 23 step 80/140 loss=0.6785
12:27:47 | INFO    | holoqpi.engine.trainer |   epoch 23 step 100/140 loss=0.5872
12:27:51 | INFO    | holoqpi.engine.trainer |   epoch 23 step 120/140 loss=0.6277
12:28:49 | INFO    | holoqpi.engine.trainer | epoch 23/60 (84s = 30s train + 54s val) | train_loss=0.6474  val_phase_mae=0.1730  val_dice=0.8091  val_cls_acc=nan  val_mass_mape=0.2021
12:28:50 | INFO    | holoqpi.engine.trainer |   epoch 24 step 0/140 loss=0.5853
12:28:54 | INFO    | holoqpi.engine.trainer |   epoch 24 step 20/140 loss=0.6418
12:28:58 | INFO    | holoqpi.engine.trainer |   epoch 24 step 40/140 loss=0.7149
12:29:02 | INFO    | holoqpi.engine.trainer |   epoch 24 step 60/140 loss=0.8361
12:29:06 | INFO    | holoqpi.engine.trainer |   epoch 24 step 80/140 loss=0.5378
12:29:11 | INFO    | holoqpi.engine.trainer |   epoch 24 step 100/140 loss=0.4715
12:29:15 | INFO    | holoqpi.engine.trainer |   epoch 24 step 120/140 loss=0.5188
12:30:15 | INFO    | holoqpi.engine.trainer | epoch 24/60 (86s = 30s train + 56s val) | train_loss=0.6685  val_phase_mae=0.1793  val_dice=0.8100  val_cls_acc=nan  val_mass_mape=0.1951
12:30:16 | INFO    | holoqpi.engine.trainer |   epoch 25 step 0/140 loss=0.5678
12:30:20 | INFO    | holoqpi.engine.trainer |   epoch 25 step 20/140 loss=0.6707
12:30:24 | INFO    | holoqpi.engine.trainer |   epoch 25 step 40/140 loss=0.4455
12:30:28 | INFO    | holoqpi.engine.trainer |   epoch 25 step 60/140 loss=0.7016
12:30:32 | INFO    | holoqpi.engine.trainer |   epoch 25 step 80/140 loss=0.8322
12:30:37 | INFO    | holoqpi.engine.trainer |   epoch 25 step 100/140 loss=0.5787
12:30:41 | INFO    | holoqpi.engine.trainer |   epoch 25 step 120/140 loss=0.7828
12:31:39 | INFO    | holoqpi.engine.trainer |   new best composite=0.7982
12:31:39 | INFO    | holoqpi.engine.trainer | epoch 25/60 (84s = 31s train + 53s val) | train_loss=0.6532  val_phase_mae=0.1753  val_dice=0.8199  val_cls_acc=nan  val_mass_mape=0.2035
12:31:40 | INFO    | holoqpi.engine.trainer |   epoch 26 step 0/140 loss=0.5125
12:31:44 | INFO    | holoqpi.engine.trainer |   epoch 26 step 20/140 loss=0.5939
12:31:48 | INFO    | holoqpi.engine.trainer |   epoch 26 step 40/140 loss=0.6474
12:31:53 | INFO    | holoqpi.engine.trainer |   epoch 26 step 60/140 loss=0.5826
12:31:57 | INFO    | holoqpi.engine.trainer |   epoch 26 step 80/140 loss=0.9263
12:32:01 | INFO    | holoqpi.engine.trainer |   epoch 26 step 100/140 loss=0.7777
12:32:06 | INFO    | holoqpi.engine.trainer |   epoch 26 step 120/140 loss=0.4959
12:33:04 | INFO    | holoqpi.engine.trainer | epoch 26/60 (85s = 31s train + 54s val) | train_loss=0.6399  val_phase_mae=0.1734  val_dice=0.8077  val_cls_acc=nan  val_mass_mape=0.2417
12:33:05 | INFO    | holoqpi.engine.trainer |   epoch 27 step 0/140 loss=0.5282
12:33:09 | INFO    | holoqpi.engine.trainer |   epoch 27 step 20/140 loss=0.9581
12:33:13 | INFO    | holoqpi.engine.trainer |   epoch 27 step 40/140 loss=0.6704
12:33:18 | INFO    | holoqpi.engine.trainer |   epoch 27 step 60/140 loss=0.6852
12:33:22 | INFO    | holoqpi.engine.trainer |   epoch 27 step 80/140 loss=0.6205
12:33:26 | INFO    | holoqpi.engine.trainer |   epoch 27 step 100/140 loss=0.4984
12:33:31 | INFO    | holoqpi.engine.trainer |   epoch 27 step 120/140 loss=1.1481
12:34:29 | INFO    | holoqpi.engine.trainer | epoch 27/60 (85s = 31s train + 54s val) | train_loss=0.6531  val_phase_mae=0.1840  val_dice=0.7986  val_cls_acc=nan  val_mass_mape=0.2038
12:34:30 | INFO    | holoqpi.engine.trainer |   epoch 28 step 0/140 loss=0.8539
12:34:34 | INFO    | holoqpi.engine.trainer |   epoch 28 step 20/140 loss=0.6828
12:34:38 | INFO    | holoqpi.engine.trainer |   epoch 28 step 40/140 loss=0.6316
12:34:42 | INFO    | holoqpi.engine.trainer |   epoch 28 step 60/140 loss=0.4453
12:34:47 | INFO    | holoqpi.engine.trainer |   epoch 28 step 80/140 loss=0.5559
12:34:51 | INFO    | holoqpi.engine.trainer |   epoch 28 step 100/140 loss=0.6896
12:34:56 | INFO    | holoqpi.engine.trainer |   epoch 28 step 120/140 loss=0.6713
12:35:54 | INFO    | holoqpi.engine.trainer | epoch 28/60 (84s = 31s train + 53s val) | train_loss=0.6304  val_phase_mae=0.1832  val_dice=0.8153  val_cls_acc=nan  val_mass_mape=0.2123
12:35:55 | INFO    | holoqpi.engine.trainer |   epoch 29 step 0/140 loss=0.7656
12:35:59 | INFO    | holoqpi.engine.trainer |   epoch 29 step 20/140 loss=0.5731
12:36:03 | INFO    | holoqpi.engine.trainer |   epoch 29 step 40/140 loss=0.7259
12:36:07 | INFO    | holoqpi.engine.trainer |   epoch 29 step 60/140 loss=0.5784
12:36:11 | INFO    | holoqpi.engine.trainer |   epoch 29 step 80/140 loss=0.9286
12:36:16 | INFO    | holoqpi.engine.trainer |   epoch 29 step 100/140 loss=0.5945
12:36:20 | INFO    | holoqpi.engine.trainer |   epoch 29 step 120/140 loss=0.4607
12:37:18 | INFO    | holoqpi.engine.trainer | epoch 29/60 (85s = 31s train + 54s val) | train_loss=0.6202  val_phase_mae=0.1796  val_dice=0.8053  val_cls_acc=nan  val_mass_mape=0.2184
12:37:19 | INFO    | holoqpi.engine.trainer |   epoch 30 step 0/140 loss=0.5672
12:37:23 | INFO    | holoqpi.engine.trainer |   epoch 30 step 20/140 loss=0.5081
12:37:27 | INFO    | holoqpi.engine.trainer |   epoch 30 step 40/140 loss=0.4698
12:37:32 | INFO    | holoqpi.engine.trainer |   epoch 30 step 60/140 loss=0.4657
12:37:36 | INFO    | holoqpi.engine.trainer |   epoch 30 step 80/140 loss=0.5612
12:37:40 | INFO    | holoqpi.engine.trainer |   epoch 30 step 100/140 loss=0.5735
12:37:45 | INFO    | holoqpi.engine.trainer |   epoch 30 step 120/140 loss=0.4948
12:38:42 | INFO    | holoqpi.engine.trainer | epoch 30/60 (84s = 31s train + 53s val) | train_loss=0.6024  val_phase_mae=0.1807  val_dice=0.8177  val_cls_acc=nan  val_mass_mape=0.2102
12:38:43 | INFO    | holoqpi.engine.trainer |   epoch 31 step 0/140 loss=1.1477
12:38:47 | INFO    | holoqpi.engine.trainer |   epoch 31 step 20/140 loss=0.5122
12:38:51 | INFO    | holoqpi.engine.trainer |   epoch 31 step 40/140 loss=0.6836
12:38:56 | INFO    | holoqpi.engine.trainer |   epoch 31 step 60/140 loss=0.6885
12:39:00 | INFO    | holoqpi.engine.trainer |   epoch 31 step 80/140 loss=0.4189
12:39:05 | INFO    | holoqpi.engine.trainer |   epoch 31 step 100/140 loss=0.4665
12:39:09 | INFO    | holoqpi.engine.trainer |   epoch 31 step 120/140 loss=0.5920
12:40:08 | INFO    | holoqpi.engine.trainer |   new best composite=0.8024
12:40:08 | INFO    | holoqpi.engine.trainer | epoch 31/60 (86s = 31s train + 55s val) | train_loss=0.6281  val_phase_mae=0.1714  val_dice=0.8183  val_cls_acc=nan  val_mass_mape=0.1920
12:40:09 | INFO    | holoqpi.engine.trainer |   epoch 32 step 0/140 loss=0.6579
12:40:14 | INFO    | holoqpi.engine.trainer |   epoch 32 step 20/140 loss=0.6211
12:40:18 | INFO    | holoqpi.engine.trainer |   epoch 32 step 40/140 loss=0.5961
12:40:22 | INFO    | holoqpi.engine.trainer |   epoch 32 step 60/140 loss=0.4889
12:40:26 | INFO    | holoqpi.engine.trainer |   epoch 32 step 80/140 loss=0.4957
12:40:31 | INFO    | holoqpi.engine.trainer |   epoch 32 step 100/140 loss=0.5239
12:40:35 | INFO    | holoqpi.engine.trainer |   epoch 32 step 120/140 loss=0.5654
12:41:33 | INFO    | holoqpi.engine.trainer | epoch 32/60 (84s = 31s train + 53s val) | train_loss=0.6047  val_phase_mae=0.1905  val_dice=0.7963  val_cls_acc=nan  val_mass_mape=0.2063
12:41:34 | INFO    | holoqpi.engine.trainer |   epoch 33 step 0/140 loss=0.6311
12:41:38 | INFO    | holoqpi.engine.trainer |   epoch 33 step 20/140 loss=0.5315
12:41:42 | INFO    | holoqpi.engine.trainer |   epoch 33 step 40/140 loss=0.8799
12:41:46 | INFO    | holoqpi.engine.trainer |   epoch 33 step 60/140 loss=0.6681
12:41:51 | INFO    | holoqpi.engine.trainer |   epoch 33 step 80/140 loss=0.6848
12:41:55 | INFO    | holoqpi.engine.trainer |   epoch 33 step 100/140 loss=0.8449
12:42:00 | INFO    | holoqpi.engine.trainer |   epoch 33 step 120/140 loss=0.5622
12:42:59 | INFO    | holoqpi.engine.trainer | epoch 33/60 (86s = 31s train + 55s val) | train_loss=0.5952  val_phase_mae=0.1839  val_dice=0.8117  val_cls_acc=nan  val_mass_mape=0.2214
12:43:00 | INFO    | holoqpi.engine.trainer |   epoch 34 step 0/140 loss=0.4848
12:43:04 | INFO    | holoqpi.engine.trainer |   epoch 34 step 20/140 loss=0.5111
12:43:08 | INFO    | holoqpi.engine.trainer |   epoch 34 step 40/140 loss=0.6252
12:43:12 | INFO    | holoqpi.engine.trainer |   epoch 34 step 60/140 loss=0.6662
12:43:17 | INFO    | holoqpi.engine.trainer |   epoch 34 step 80/140 loss=0.6611
12:43:21 | INFO    | holoqpi.engine.trainer |   epoch 34 step 100/140 loss=0.6707
12:43:26 | INFO    | holoqpi.engine.trainer |   epoch 34 step 120/140 loss=0.5827
12:44:25 | INFO    | holoqpi.engine.trainer | epoch 34/60 (86s = 32s train + 55s val) | train_loss=0.6040  val_phase_mae=0.1738  val_dice=0.8156  val_cls_acc=nan  val_mass_mape=0.2358
12:44:26 | INFO    | holoqpi.engine.trainer |   epoch 35 step 0/140 loss=0.5097
12:44:30 | INFO    | holoqpi.engine.trainer |   epoch 35 step 20/140 loss=0.5167
12:44:34 | INFO    | holoqpi.engine.trainer |   epoch 35 step 40/140 loss=0.5571
12:44:39 | INFO    | holoqpi.engine.trainer |   epoch 35 step 60/140 loss=0.6597
12:44:43 | INFO    | holoqpi.engine.trainer |   epoch 35 step 80/140 loss=0.5747
12:44:48 | INFO    | holoqpi.engine.trainer |   epoch 35 step 100/140 loss=0.4857
12:44:53 | INFO    | holoqpi.engine.trainer |   epoch 35 step 120/140 loss=0.5477
12:45:50 | INFO    | holoqpi.engine.trainer | epoch 35/60 (85s = 32s train + 53s val) | train_loss=0.6120  val_phase_mae=0.1714  val_dice=0.8117  val_cls_acc=nan  val_mass_mape=0.2070
12:45:51 | INFO    | holoqpi.engine.trainer |   epoch 36 step 0/140 loss=0.4369
12:45:55 | INFO    | holoqpi.engine.trainer |   epoch 36 step 20/140 loss=0.6886
12:45:59 | INFO    | holoqpi.engine.trainer |   epoch 36 step 40/140 loss=0.4633
12:46:04 | INFO    | holoqpi.engine.trainer |   epoch 36 step 60/140 loss=0.4760
12:46:08 | INFO    | holoqpi.engine.trainer |   epoch 36 step 80/140 loss=0.6649
12:46:13 | INFO    | holoqpi.engine.trainer |   epoch 36 step 100/140 loss=0.5980
12:46:18 | INFO    | holoqpi.engine.trainer |   epoch 36 step 120/140 loss=0.4930
12:47:17 | INFO    | holoqpi.engine.trainer | epoch 36/60 (86s = 32s train + 55s val) | train_loss=0.5884  val_phase_mae=0.1713  val_dice=0.8190  val_cls_acc=nan  val_mass_mape=0.1876
12:47:18 | INFO    | holoqpi.engine.trainer |   epoch 37 step 0/140 loss=0.5322
12:47:22 | INFO    | holoqpi.engine.trainer |   epoch 37 step 20/140 loss=0.7312
12:47:26 | INFO    | holoqpi.engine.trainer |   epoch 37 step 40/140 loss=0.4171
12:47:31 | INFO    | holoqpi.engine.trainer |   epoch 37 step 60/140 loss=0.4745
12:47:35 | INFO    | holoqpi.engine.trainer |   epoch 37 step 80/140 loss=0.5269
12:47:40 | INFO    | holoqpi.engine.trainer |   epoch 37 step 100/140 loss=0.8030
12:47:45 | INFO    | holoqpi.engine.trainer |   epoch 37 step 120/140 loss=0.4841
12:48:42 | INFO    | holoqpi.engine.trainer | epoch 37/60 (86s = 32s train + 53s val) | train_loss=0.5853  val_phase_mae=0.1708  val_dice=0.8220  val_cls_acc=nan  val_mass_mape=0.2039
12:48:43 | INFO    | holoqpi.engine.trainer |   epoch 38 step 0/140 loss=0.6910
12:48:47 | INFO    | holoqpi.engine.trainer |   epoch 38 step 20/140 loss=0.4924
12:48:52 | INFO    | holoqpi.engine.trainer |   epoch 38 step 40/140 loss=0.5465
12:48:56 | INFO    | holoqpi.engine.trainer |   epoch 38 step 60/140 loss=0.5423
12:49:01 | INFO    | holoqpi.engine.trainer |   epoch 38 step 80/140 loss=0.6526
12:49:06 | INFO    | holoqpi.engine.trainer |   epoch 38 step 100/140 loss=0.6049
12:49:10 | INFO    | holoqpi.engine.trainer |   epoch 38 step 120/140 loss=0.4606
12:50:09 | INFO    | holoqpi.engine.trainer | epoch 38/60 (87s = 32s train + 54s val) | train_loss=0.5986  val_phase_mae=0.1724  val_dice=0.8206  val_cls_acc=nan  val_mass_mape=0.2002
12:50:10 | INFO    | holoqpi.engine.trainer |   epoch 39 step 0/140 loss=0.4606
12:50:14 | INFO    | holoqpi.engine.trainer |   epoch 39 step 20/140 loss=0.6096
12:50:19 | INFO    | holoqpi.engine.trainer |   epoch 39 step 40/140 loss=0.4941
12:50:23 | INFO    | holoqpi.engine.trainer |   epoch 39 step 60/140 loss=0.4600
12:50:28 | INFO    | holoqpi.engine.trainer |   epoch 39 step 80/140 loss=0.5833
12:50:33 | INFO    | holoqpi.engine.trainer |   epoch 39 step 100/140 loss=0.5214
12:50:37 | INFO    | holoqpi.engine.trainer |   epoch 39 step 120/140 loss=0.4376
12:51:34 | INFO    | holoqpi.engine.trainer | epoch 39/60 (85s = 33s train + 52s val) | train_loss=0.5802  val_phase_mae=0.1771  val_dice=0.8174  val_cls_acc=nan  val_mass_mape=0.2037
12:51:35 | INFO    | holoqpi.engine.trainer |   epoch 40 step 0/140 loss=0.4878
12:51:39 | INFO    | holoqpi.engine.trainer |   epoch 40 step 20/140 loss=0.5029
12:51:44 | INFO    | holoqpi.engine.trainer |   epoch 40 step 40/140 loss=0.4747
12:51:48 | INFO    | holoqpi.engine.trainer |   epoch 40 step 60/140 loss=0.6616
12:51:53 | INFO    | holoqpi.engine.trainer |   epoch 40 step 80/140 loss=0.4625
12:51:58 | INFO    | holoqpi.engine.trainer |   epoch 40 step 100/140 loss=0.5117
12:52:02 | INFO    | holoqpi.engine.trainer |   epoch 40 step 120/140 loss=0.5404
12:52:59 | INFO    | holoqpi.engine.trainer | epoch 40/60 (86s = 33s train + 53s val) | train_loss=0.5590  val_phase_mae=0.1745  val_dice=0.8113  val_cls_acc=nan  val_mass_mape=0.2061
12:53:01 | INFO    | holoqpi.engine.trainer |   epoch 41 step 0/140 loss=0.6770
12:53:05 | INFO    | holoqpi.engine.trainer |   epoch 41 step 20/140 loss=0.7462
12:53:10 | INFO    | holoqpi.engine.trainer |   epoch 41 step 40/140 loss=0.4805
12:53:14 | INFO    | holoqpi.engine.trainer |   epoch 41 step 60/140 loss=0.4347
12:53:19 | INFO    | holoqpi.engine.trainer |   epoch 41 step 80/140 loss=0.6268
12:53:23 | INFO    | holoqpi.engine.trainer |   epoch 41 step 100/140 loss=0.8617
12:53:28 | INFO    | holoqpi.engine.trainer |   epoch 41 step 120/140 loss=0.5272
12:54:25 | INFO    | holoqpi.engine.trainer | epoch 41/60 (85s = 33s train + 52s val) | train_loss=0.5650  val_phase_mae=0.1832  val_dice=0.8102  val_cls_acc=nan  val_mass_mape=0.2127
12:54:26 | INFO    | holoqpi.engine.trainer |   epoch 42 step 0/140 loss=0.4408
12:54:30 | INFO    | holoqpi.engine.trainer |   epoch 42 step 20/140 loss=0.5528
12:54:35 | INFO    | holoqpi.engine.trainer |   epoch 42 step 40/140 loss=0.4979
12:54:40 | INFO    | holoqpi.engine.trainer |   epoch 42 step 60/140 loss=0.4873
12:54:44 | INFO    | holoqpi.engine.trainer |   epoch 42 step 80/140 loss=0.5230
12:54:49 | INFO    | holoqpi.engine.trainer |   epoch 42 step 100/140 loss=0.7645
12:54:54 | INFO    | holoqpi.engine.trainer |   epoch 42 step 120/140 loss=0.5204
12:55:50 | INFO    | holoqpi.engine.trainer | epoch 42/60 (85s = 33s train + 52s val) | train_loss=0.5766  val_phase_mae=0.1726  val_dice=0.8159  val_cls_acc=nan  val_mass_mape=0.1996
12:55:51 | INFO    | holoqpi.engine.trainer |   epoch 43 step 0/140 loss=0.4545
12:55:55 | INFO    | holoqpi.engine.trainer |   epoch 43 step 20/140 loss=0.5413
12:56:00 | INFO    | holoqpi.engine.trainer |   epoch 43 step 40/140 loss=0.5262
12:56:04 | INFO    | holoqpi.engine.trainer |   epoch 43 step 60/140 loss=0.6890
12:56:09 | INFO    | holoqpi.engine.trainer |   epoch 43 step 80/140 loss=0.5575
12:56:14 | INFO    | holoqpi.engine.trainer |   epoch 43 step 100/140 loss=0.5270
12:56:18 | INFO    | holoqpi.engine.trainer |   epoch 43 step 120/140 loss=0.6383
12:57:14 | INFO    | holoqpi.engine.trainer | epoch 43/60 (85s = 32s train + 52s val) | train_loss=0.5722  val_phase_mae=0.1789  val_dice=0.8114  val_cls_acc=nan  val_mass_mape=0.2013
12:57:16 | INFO    | holoqpi.engine.trainer |   epoch 44 step 0/140 loss=0.5012
12:57:20 | INFO    | holoqpi.engine.trainer |   epoch 44 step 20/140 loss=0.5662
12:57:25 | INFO    | holoqpi.engine.trainer |   epoch 44 step 40/140 loss=0.4221
12:57:29 | INFO    | holoqpi.engine.trainer |   epoch 44 step 60/140 loss=0.5342
12:57:34 | INFO    | holoqpi.engine.trainer |   epoch 44 step 80/140 loss=0.5272
12:57:38 | INFO    | holoqpi.engine.trainer |   epoch 44 step 100/140 loss=0.5694
12:57:43 | INFO    | holoqpi.engine.trainer |   epoch 44 step 120/140 loss=0.5023
12:58:42 | INFO    | holoqpi.engine.trainer | epoch 44/60 (88s = 33s train + 55s val) | train_loss=0.5485  val_phase_mae=0.1771  val_dice=0.8190  val_cls_acc=nan  val_mass_mape=0.1961
12:58:43 | INFO    | holoqpi.engine.trainer |   epoch 45 step 0/140 loss=0.8216
12:58:48 | INFO    | holoqpi.engine.trainer |   epoch 45 step 20/140 loss=0.5142
12:58:52 | INFO    | holoqpi.engine.trainer |   epoch 45 step 40/140 loss=0.7502
12:58:57 | INFO    | holoqpi.engine.trainer |   epoch 45 step 60/140 loss=0.6250
12:59:01 | INFO    | holoqpi.engine.trainer |   epoch 45 step 80/140 loss=0.6159
12:59:06 | INFO    | holoqpi.engine.trainer |   epoch 45 step 100/140 loss=0.4196
12:59:10 | INFO    | holoqpi.engine.trainer |   epoch 45 step 120/140 loss=0.4783
13:00:07 | INFO    | holoqpi.engine.trainer | epoch 45/60 (84s = 32s train + 52s val) | train_loss=0.5420  val_phase_mae=0.1736  val_dice=0.8210  val_cls_acc=nan  val_mass_mape=0.1949
13:00:08 | INFO    | holoqpi.engine.trainer |   epoch 46 step 0/140 loss=0.5400
13:00:12 | INFO    | holoqpi.engine.trainer |   epoch 46 step 20/140 loss=0.6017
13:00:17 | INFO    | holoqpi.engine.trainer |   epoch 46 step 40/140 loss=0.4131
13:00:21 | INFO    | holoqpi.engine.trainer |   epoch 46 step 60/140 loss=0.4713
13:00:26 | INFO    | holoqpi.engine.trainer |   epoch 46 step 80/140 loss=0.5775
13:00:30 | INFO    | holoqpi.engine.trainer |   epoch 46 step 100/140 loss=0.5054
13:00:35 | INFO    | holoqpi.engine.trainer |   epoch 46 step 120/140 loss=0.6791
13:01:31 | INFO    | holoqpi.engine.trainer | epoch 46/60 (85s = 32s train + 53s val) | train_loss=0.5645  val_phase_mae=0.1726  val_dice=0.8172  val_cls_acc=nan  val_mass_mape=0.1906
13:01:33 | INFO    | holoqpi.engine.trainer |   epoch 47 step 0/140 loss=0.5146
13:01:37 | INFO    | holoqpi.engine.trainer |   epoch 47 step 20/140 loss=0.5332
13:01:41 | INFO    | holoqpi.engine.trainer |   epoch 47 step 40/140 loss=0.4835
13:01:46 | INFO    | holoqpi.engine.trainer |   epoch 47 step 60/140 loss=0.4994
13:01:51 | INFO    | holoqpi.engine.trainer |   epoch 47 step 80/140 loss=0.4990
13:01:55 | INFO    | holoqpi.engine.trainer |   epoch 47 step 100/140 loss=0.4702
13:01:59 | INFO    | holoqpi.engine.trainer |   epoch 47 step 120/140 loss=0.5510
13:02:56 | INFO    | holoqpi.engine.trainer |   new best composite=0.8060
13:02:56 | INFO    | holoqpi.engine.trainer | epoch 47/60 (84s = 32s train + 52s val) | train_loss=0.5457  val_phase_mae=0.1725  val_dice=0.8231  val_cls_acc=nan  val_mass_mape=0.1868
13:02:57 | INFO    | holoqpi.engine.trainer |   epoch 48 step 0/140 loss=0.5528
13:03:02 | INFO    | holoqpi.engine.trainer |   epoch 48 step 20/140 loss=0.9045
13:03:06 | INFO    | holoqpi.engine.trainer |   epoch 48 step 40/140 loss=0.7319
13:03:11 | INFO    | holoqpi.engine.trainer |   epoch 48 step 60/140 loss=0.6308
13:03:15 | INFO    | holoqpi.engine.trainer |   epoch 48 step 80/140 loss=0.4579
13:03:20 | INFO    | holoqpi.engine.trainer |   epoch 48 step 100/140 loss=0.7487
13:03:24 | INFO    | holoqpi.engine.trainer |   epoch 48 step 120/140 loss=0.6761
13:04:20 | INFO    | holoqpi.engine.trainer | epoch 48/60 (84s = 32s train + 52s val) | train_loss=0.5627  val_phase_mae=0.1703  val_dice=0.8235  val_cls_acc=nan  val_mass_mape=0.1906
13:04:21 | INFO    | holoqpi.engine.trainer |   epoch 49 step 0/140 loss=0.5735
13:04:26 | INFO    | holoqpi.engine.trainer |   epoch 49 step 20/140 loss=0.4903
13:04:30 | INFO    | holoqpi.engine.trainer |   epoch 49 step 40/140 loss=0.6647
13:04:35 | INFO    | holoqpi.engine.trainer |   epoch 49 step 60/140 loss=0.5474
13:04:39 | INFO    | holoqpi.engine.trainer |   epoch 49 step 80/140 loss=0.8866
13:04:44 | INFO    | holoqpi.engine.trainer |   epoch 49 step 100/140 loss=0.5121
13:04:48 | INFO    | holoqpi.engine.trainer |   epoch 49 step 120/140 loss=0.4993
13:05:45 | INFO    | holoqpi.engine.trainer | epoch 49/60 (85s = 32s train + 53s val) | train_loss=0.5474  val_phase_mae=0.1723  val_dice=0.8192  val_cls_acc=nan  val_mass_mape=0.1981
13:05:46 | INFO    | holoqpi.engine.trainer |   epoch 50 step 0/140 loss=0.5502
13:05:51 | INFO    | holoqpi.engine.trainer |   epoch 50 step 20/140 loss=0.5590
13:05:55 | INFO    | holoqpi.engine.trainer |   epoch 50 step 40/140 loss=0.5330
13:05:59 | INFO    | holoqpi.engine.trainer |   epoch 50 step 60/140 loss=0.4452
13:06:04 | INFO    | holoqpi.engine.trainer |   epoch 50 step 80/140 loss=0.8604
13:06:08 | INFO    | holoqpi.engine.trainer |   epoch 50 step 100/140 loss=0.6098
13:06:13 | INFO    | holoqpi.engine.trainer |   epoch 50 step 120/140 loss=0.5972
13:07:10 | INFO    | holoqpi.engine.trainer | epoch 50/60 (85s = 32s train + 53s val) | train_loss=0.5416  val_phase_mae=0.1768  val_dice=0.8137  val_cls_acc=nan  val_mass_mape=0.1965
13:07:11 | INFO    | holoqpi.engine.trainer |   epoch 51 step 0/140 loss=0.4027
13:07:15 | INFO    | holoqpi.engine.trainer |   epoch 51 step 20/140 loss=0.4866
13:07:20 | INFO    | holoqpi.engine.trainer |   epoch 51 step 40/140 loss=0.4201
13:07:24 | INFO    | holoqpi.engine.trainer |   epoch 51 step 60/140 loss=0.4670
13:07:29 | INFO    | holoqpi.engine.trainer |   epoch 51 step 80/140 loss=0.7079
13:07:33 | INFO    | holoqpi.engine.trainer |   epoch 51 step 100/140 loss=0.5216
13:07:37 | INFO    | holoqpi.engine.trainer |   epoch 51 step 120/140 loss=0.3867
13:08:34 | INFO    | holoqpi.engine.trainer | epoch 51/60 (84s = 32s train + 53s val) | train_loss=0.5491  val_phase_mae=0.1743  val_dice=0.8240  val_cls_acc=nan  val_mass_mape=0.1947
13:08:35 | INFO    | holoqpi.engine.trainer |   epoch 52 step 0/140 loss=0.3933
13:08:40 | INFO    | holoqpi.engine.trainer |   epoch 52 step 20/140 loss=0.4300
13:08:44 | INFO    | holoqpi.engine.trainer |   epoch 52 step 40/140 loss=0.4163
13:08:49 | INFO    | holoqpi.engine.trainer |   epoch 52 step 60/140 loss=0.5358
13:08:53 | INFO    | holoqpi.engine.trainer |   epoch 52 step 80/140 loss=0.4581
13:08:58 | INFO    | holoqpi.engine.trainer |   epoch 52 step 100/140 loss=0.8196
13:09:02 | INFO    | holoqpi.engine.trainer |   epoch 52 step 120/140 loss=0.5208
13:09:59 | INFO    | holoqpi.engine.trainer | epoch 52/60 (85s = 32s train + 53s val) | train_loss=0.5587  val_phase_mae=0.1725  val_dice=0.8215  val_cls_acc=nan  val_mass_mape=0.1885
13:10:00 | INFO    | holoqpi.engine.trainer |   epoch 53 step 0/140 loss=0.4529
13:10:04 | INFO    | holoqpi.engine.trainer |   epoch 53 step 20/140 loss=0.4035
13:10:09 | INFO    | holoqpi.engine.trainer |   epoch 53 step 40/140 loss=0.6103
13:10:14 | INFO    | holoqpi.engine.trainer |   epoch 53 step 60/140 loss=0.3972
13:10:18 | INFO    | holoqpi.engine.trainer |   epoch 53 step 80/140 loss=0.4706
13:10:22 | INFO    | holoqpi.engine.trainer |   epoch 53 step 100/140 loss=0.6067
13:10:27 | INFO    | holoqpi.engine.trainer |   epoch 53 step 120/140 loss=0.5203
13:11:24 | INFO    | holoqpi.engine.trainer | epoch 53/60 (85s = 32s train + 53s val) | train_loss=0.5566  val_phase_mae=0.1737  val_dice=0.8195  val_cls_acc=nan  val_mass_mape=0.1933
13:11:25 | INFO    | holoqpi.engine.trainer |   epoch 54 step 0/140 loss=0.4772
13:11:30 | INFO    | holoqpi.engine.trainer |   epoch 54 step 20/140 loss=0.5131
13:11:34 | INFO    | holoqpi.engine.trainer |   epoch 54 step 40/140 loss=0.4629
13:11:39 | INFO    | holoqpi.engine.trainer |   epoch 54 step 60/140 loss=0.5236
13:11:43 | INFO    | holoqpi.engine.trainer |   epoch 54 step 80/140 loss=0.5449
13:11:47 | INFO    | holoqpi.engine.trainer |   epoch 54 step 100/140 loss=0.5686
13:11:52 | INFO    | holoqpi.engine.trainer |   epoch 54 step 120/140 loss=0.5868
13:12:48 | INFO    | holoqpi.engine.trainer | epoch 54/60 (84s = 31s train + 53s val) | train_loss=0.5465  val_phase_mae=0.1727  val_dice=0.8202  val_cls_acc=nan  val_mass_mape=0.1904
13:12:50 | INFO    | holoqpi.engine.trainer |   epoch 55 step 0/140 loss=0.4320
13:12:54 | INFO    | holoqpi.engine.trainer |   epoch 55 step 20/140 loss=0.6620
13:12:59 | INFO    | holoqpi.engine.trainer |   epoch 55 step 40/140 loss=0.6857
13:13:03 | INFO    | holoqpi.engine.trainer |   epoch 55 step 60/140 loss=0.3861
13:13:07 | INFO    | holoqpi.engine.trainer |   epoch 55 step 80/140 loss=0.4658
13:13:12 | INFO    | holoqpi.engine.trainer |   epoch 55 step 100/140 loss=0.3896
13:13:16 | INFO    | holoqpi.engine.trainer |   epoch 55 step 120/140 loss=0.4993
13:14:13 | INFO    | holoqpi.engine.trainer | epoch 55/60 (85s = 32s train + 53s val) | train_loss=0.5550  val_phase_mae=0.1734  val_dice=0.8202  val_cls_acc=nan  val_mass_mape=0.1935
13:14:14 | INFO    | holoqpi.engine.trainer |   epoch 56 step 0/140 loss=0.5054
13:14:19 | INFO    | holoqpi.engine.trainer |   epoch 56 step 20/140 loss=0.4174
13:14:23 | INFO    | holoqpi.engine.trainer |   epoch 56 step 40/140 loss=0.4682
13:14:28 | INFO    | holoqpi.engine.trainer |   epoch 56 step 60/140 loss=0.6144
13:14:32 | INFO    | holoqpi.engine.trainer |   epoch 56 step 80/140 loss=0.4672
13:14:36 | INFO    | holoqpi.engine.trainer |   epoch 56 step 100/140 loss=0.4681
13:14:41 | INFO    | holoqpi.engine.trainer |   epoch 56 step 120/140 loss=0.4558
13:15:38 | INFO    | holoqpi.engine.trainer | epoch 56/60 (85s = 32s train + 53s val) | train_loss=0.5420  val_phase_mae=0.1726  val_dice=0.8202  val_cls_acc=nan  val_mass_mape=0.1905
13:15:39 | INFO    | holoqpi.engine.trainer |   epoch 57 step 0/140 loss=0.4943
13:15:44 | INFO    | holoqpi.engine.trainer |   epoch 57 step 20/140 loss=0.4224
13:15:48 | INFO    | holoqpi.engine.trainer |   epoch 57 step 40/140 loss=0.6028
13:15:53 | INFO    | holoqpi.engine.trainer |   epoch 57 step 60/140 loss=0.4138
13:15:57 | INFO    | holoqpi.engine.trainer |   epoch 57 step 80/140 loss=0.4795
13:16:02 | INFO    | holoqpi.engine.trainer |   epoch 57 step 100/140 loss=0.4473
13:16:06 | INFO    | holoqpi.engine.trainer |   epoch 57 step 120/140 loss=0.5219
13:17:03 | INFO    | holoqpi.engine.trainer | epoch 57/60 (85s = 31s train + 53s val) | train_loss=0.5511  val_phase_mae=0.1742  val_dice=0.8159  val_cls_acc=nan  val_mass_mape=0.2032
13:17:04 | INFO    | holoqpi.engine.trainer |   epoch 58 step 0/140 loss=0.8281
13:17:09 | INFO    | holoqpi.engine.trainer |   epoch 58 step 20/140 loss=0.5076
13:17:13 | INFO    | holoqpi.engine.trainer |   epoch 58 step 40/140 loss=0.5016
13:17:17 | INFO    | holoqpi.engine.trainer |   epoch 58 step 60/140 loss=0.4468
13:17:22 | INFO    | holoqpi.engine.trainer |   epoch 58 step 80/140 loss=0.5297
13:17:26 | INFO    | holoqpi.engine.trainer |   epoch 58 step 100/140 loss=0.4930
13:17:30 | INFO    | holoqpi.engine.trainer |   epoch 58 step 120/140 loss=0.4064
13:18:29 | INFO    | holoqpi.engine.trainer | epoch 58/60 (86s = 31s train + 55s val) | train_loss=0.5474  val_phase_mae=0.1755  val_dice=0.8148  val_cls_acc=nan  val_mass_mape=0.2014
13:18:30 | INFO    | holoqpi.engine.trainer |   epoch 59 step 0/140 loss=0.4073
13:18:34 | INFO    | holoqpi.engine.trainer |   epoch 59 step 20/140 loss=0.4212
13:18:38 | INFO    | holoqpi.engine.trainer |   epoch 59 step 40/140 loss=0.7734
13:18:43 | INFO    | holoqpi.engine.trainer |   epoch 59 step 60/140 loss=0.7572
13:18:47 | INFO    | holoqpi.engine.trainer |   epoch 59 step 80/140 loss=0.4866
13:18:51 | INFO    | holoqpi.engine.trainer |   epoch 59 step 100/140 loss=0.3615
13:18:56 | INFO    | holoqpi.engine.trainer |   epoch 59 step 120/140 loss=0.4944
13:19:52 | INFO    | holoqpi.engine.trainer | epoch 59/60 (83s = 31s train + 52s val) | train_loss=0.5518  val_phase_mae=0.1767  val_dice=0.8197  val_cls_acc=nan  val_mass_mape=0.1947
13:19:53 | INFO    | holoqpi.engine.trainer |   epoch 60 step 0/140 loss=0.5436
13:19:57 | INFO    | holoqpi.engine.trainer |   epoch 60 step 20/140 loss=0.5225
13:20:01 | INFO    | holoqpi.engine.trainer |   epoch 60 step 40/140 loss=0.7377
13:20:06 | INFO    | holoqpi.engine.trainer |   epoch 60 step 60/140 loss=0.4076
13:20:10 | INFO    | holoqpi.engine.trainer |   epoch 60 step 80/140 loss=0.5650
13:20:15 | INFO    | holoqpi.engine.trainer |   epoch 60 step 100/140 loss=0.4232
13:20:19 | INFO    | holoqpi.engine.trainer |   epoch 60 step 120/140 loss=0.8203
13:21:17 | INFO    | holoqpi.engine.trainer | epoch 60/60 (85s = 31s train + 54s val) | train_loss=0.5377  val_phase_mae=0.1733  val_dice=0.8189  val_cls_acc=nan  val_mass_mape=0.1971
13:21:17 | INFO    | holoqpi.engine.trainer | training finished; best epoch 47 (composite=0.8060)
