23:30:07 | INFO    | holoqpi.models.encoders | loading pretrained mobilenet_v2 from weights/mobilenet_v2-b0353104.pth
23:30:07 | INFO    | holoqpi.models.encoders | loading pretrained mobilenet_v2 from weights/mobilenet_v2-b0353104.pth
23:30:07 | INFO    | holoqpi.models.encoders | encoder=mobilenet_v2 in_channels=1 pretrained=True weights=local (weights) stages=[16, 24, 32, 96, 1280]
23:30:07 | INFO    | holoqpi.models.holonet | HoloQPINet built: 9.60M parameters, 9.60M trainable (100.0%)
23:30:09 | INFO    | holoqpi.engine.trainer | checkpoint best_model.pt: 440/440 tensors matched
23:30:09 | INFO    | holoqpi.data.dataset | test split: 113 samples | modality=off_axis | crop=None | augment=False
23:31:00 | INFO    | holoqpi |   area_bootstrap_fields              113
23:31:00 | INFO    | holoqpi |   area_bootstrap_resamples           2000
23:31:00 | INFO    | holoqpi |   area_cell_pearson_r                0.8945
23:31:00 | INFO    | holoqpi |   area_cell_pearson_r_ci_lower       0.8797
23:31:00 | INFO    | holoqpi |   area_cell_pearson_r_ci_upper       0.9080
23:31:00 | INFO    | holoqpi |   area_field_total_bias              -0.0858
23:31:00 | INFO    | holoqpi |   area_field_total_mape              0.1565
23:31:00 | INFO    | holoqpi |   area_field_total_pearson_r         0.9330
23:31:00 | INFO    | holoqpi |   area_image_pearson_r               0.8240
23:31:00 | INFO    | holoqpi |   area_loa_lower                     -0.1514
23:31:00 | INFO    | holoqpi |   area_loa_upper                     0.2718
23:31:00 | INFO    | holoqpi |   area_mae                           60.6971
23:31:00 | INFO    | holoqpi |   area_mape                          0.1593
23:31:00 | INFO    | holoqpi |   area_mape_ci_lower                 0.1505
23:31:00 | INFO    | holoqpi |   area_mape_ci_upper                 0.1683
23:31:00 | INFO    | holoqpi |   area_mape_coverage_adjusted        0.5036
23:31:00 | INFO    | holoqpi |   area_median_relative_bias          0.0658
23:31:00 | INFO    | holoqpi |   area_n_cells                       1881
23:31:00 | INFO    | holoqpi |   area_n_fields                      113
23:31:00 | INFO    | holoqpi |   area_relative_bias                 0.0602
23:31:00 | INFO    | holoqpi |   cell_count_ratio                   0.7072
23:31:00 | INFO    | holoqpi |   cells_detected                     2253
23:31:00 | INFO    | holoqpi |   cells_false_positive               372
23:31:00 | INFO    | holoqpi |   cells_matched                      1881
23:31:00 | INFO    | holoqpi |   cells_missed                       1305
23:31:00 | INFO    | holoqpi |   cells_reference                    3186
23:31:00 | INFO    | holoqpi |   circularity_bootstrap_fields       113
23:31:00 | INFO    | holoqpi |   circularity_bootstrap_resamples    2000
23:31:00 | INFO    | holoqpi |   circularity_cell_pearson_r         0.8718
23:31:00 | INFO    | holoqpi |   circularity_cell_pearson_r_ci_lower 0.8487
23:31:00 | INFO    | holoqpi |   circularity_cell_pearson_r_ci_upper 0.8928
23:31:00 | INFO    | holoqpi |   circularity_image_pearson_r        0.9279
23:31:00 | INFO    | holoqpi |   circularity_loa_lower              -0.0590
23:31:00 | INFO    | holoqpi |   circularity_loa_upper              0.1016
23:31:00 | INFO    | holoqpi |   circularity_mae                    0.0433
23:31:00 | INFO    | holoqpi |   circularity_mape                   0.0608
23:31:00 | INFO    | holoqpi |   circularity_mape_ci_lower          0.0539
23:31:00 | INFO    | holoqpi |   circularity_mape_ci_upper          0.0680
23:31:00 | INFO    | holoqpi |   circularity_mape_coverage_adjusted 0.4455
23:31:00 | INFO    | holoqpi |   circularity_median_relative_bias   0.0142
23:31:00 | INFO    | holoqpi |   circularity_n_cells                1881
23:31:00 | INFO    | holoqpi |   circularity_relative_bias          0.0213
23:31:00 | INFO    | holoqpi |   coverage                           0.5904
23:31:00 | INFO    | holoqpi |   detection_f1                       0.6917
23:31:00 | INFO    | holoqpi |   detection_precision                0.8349
23:31:00 | INFO    | holoqpi |   detection_recall                   0.5904
23:31:00 | INFO    | holoqpi |   dry_mass_bootstrap_fields          113
23:31:00 | INFO    | holoqpi |   dry_mass_bootstrap_resamples       2000
23:31:00 | INFO    | holoqpi |   dry_mass_cell_pearson_r            0.9225
23:31:00 | INFO    | holoqpi |   dry_mass_cell_pearson_r_ci_lower   0.9081
23:31:00 | INFO    | holoqpi |   dry_mass_cell_pearson_r_ci_upper   0.9347
23:31:00 | INFO    | holoqpi |   dry_mass_field_total_bias          -0.1756
23:31:00 | INFO    | holoqpi |   dry_mass_field_total_mape          0.1845
23:31:00 | INFO    | holoqpi |   dry_mass_field_total_pearson_r     0.9896
23:31:00 | INFO    | holoqpi |   dry_mass_image_pearson_r           0.9508
23:31:00 | INFO    | holoqpi |   dry_mass_loa_lower                 -0.2371
23:31:00 | INFO    | holoqpi |   dry_mass_loa_upper                 0.1430
23:31:00 | INFO    | holoqpi |   dry_mass_mae                       39.5363
23:31:00 | INFO    | holoqpi |   dry_mass_mape                      0.1893
23:31:00 | INFO    | holoqpi |   dry_mass_mape_ci_lower             0.1787
23:31:00 | INFO    | holoqpi |   dry_mass_mape_ci_upper             0.1998
23:31:00 | INFO    | holoqpi |   dry_mass_mape_coverage_adjusted    0.5214
23:31:00 | INFO    | holoqpi |   dry_mass_median_relative_bias      -0.0539
23:31:00 | INFO    | holoqpi |   dry_mass_n_cells                   1881
23:31:00 | INFO    | holoqpi |   dry_mass_n_fields                  113
23:31:00 | INFO    | holoqpi |   dry_mass_relative_bias             -0.0471
23:31:00 | INFO    | holoqpi |   false_positive_median_area_um2     122.2141
23:31:00 | INFO    | holoqpi |   forward_distance_um                33.7700
23:31:00 | INFO    | holoqpi |   forward_residual                   0.8969
23:31:00 | INFO    | holoqpi |   forward_residual_n                 113
23:31:00 | INFO    | holoqpi |   forward_residual_ratio             1.0062
23:31:00 | INFO    | holoqpi |   forward_residual_reference         0.8914
23:31:00 | INFO    | holoqpi |   missed_median_area_um2             97.7064
23:31:00 | INFO    | holoqpi |   optical_volume_bootstrap_fields    113
23:31:00 | INFO    | holoqpi |   optical_volume_bootstrap_resamples 2000
23:31:00 | INFO    | holoqpi |   optical_volume_cell_pearson_r      0.9225
23:31:00 | INFO    | holoqpi |   optical_volume_cell_pearson_r_ci_lower 0.9081
23:31:00 | INFO    | holoqpi |   optical_volume_cell_pearson_r_ci_upper 0.9347
23:31:00 | INFO    | holoqpi |   optical_volume_field_total_bias    -0.1756
23:31:00 | INFO    | holoqpi |   optical_volume_field_total_mape    0.1845
23:31:00 | INFO    | holoqpi |   optical_volume_field_total_pearson_r 0.9896
23:31:00 | INFO    | holoqpi |   optical_volume_image_pearson_r     0.9508
23:31:00 | INFO    | holoqpi |   optical_volume_loa_lower           -0.2371
23:31:00 | INFO    | holoqpi |   optical_volume_loa_upper           0.1430
23:31:00 | INFO    | holoqpi |   optical_volume_mae                 74.5988
23:31:00 | INFO    | holoqpi |   optical_volume_mape                0.1893
23:31:00 | INFO    | holoqpi |   optical_volume_mape_ci_lower       0.1787
23:31:00 | INFO    | holoqpi |   optical_volume_mape_ci_upper       0.1998
23:31:00 | INFO    | holoqpi |   optical_volume_mape_coverage_adjusted 0.5214
23:31:00 | INFO    | holoqpi |   optical_volume_median_relative_bias -0.0539
23:31:00 | INFO    | holoqpi |   optical_volume_n_cells             1881
23:31:00 | INFO    | holoqpi |   optical_volume_n_fields            113
23:31:00 | INFO    | holoqpi |   optical_volume_relative_bias       -0.0471
23:31:00 | INFO    | holoqpi |   phase_bias_rad                     -0.0060
23:31:00 | INFO    | holoqpi |   phase_bias_rad_background          0.0270
23:31:00 | INFO    | holoqpi |   phase_bias_rad_in_cell             -0.2193
23:31:00 | INFO    | holoqpi |   phase_mae_rad                      0.1658
23:31:00 | INFO    | holoqpi |   phase_mae_rad_background           0.1468
23:31:00 | INFO    | holoqpi |   phase_mae_rad_in_cell              0.2978
23:31:00 | INFO    | holoqpi |   phase_n_images                     113
23:31:00 | INFO    | holoqpi |   phase_pearson_r                    0.8648
23:31:00 | INFO    | holoqpi |   phase_psnr_db                      30.8241
23:31:00 | INFO    | holoqpi |   phase_rmse_rad                     0.2553
23:31:00 | INFO    | holoqpi |   phase_ssim                         0.6207
23:31:00 | INFO    | holoqpi |   seg_aji                            0.6642
23:31:00 | INFO    | holoqpi |   seg_boundary_f1                    0.4509
23:31:00 | INFO    | holoqpi |   seg_dice                           0.8297
23:31:00 | INFO    | holoqpi |   seg_dice_macro                     0.8297
23:31:00 | INFO    | holoqpi |   seg_instance_count_mape            0.3258
23:31:00 | INFO    | holoqpi |   seg_iou                            0.7090
23:31:00 | INFO    | holoqpi |   seg_n_images                       113
