20:39:12 | INFO    | holoqpi.models.encoders | loading pretrained mobilenet_v2 from weights/mobilenet_v2-b0353104.pth
20:39:12 | INFO    | holoqpi.models.encoders | loading pretrained mobilenet_v2 from weights/mobilenet_v2-b0353104.pth
20:39:12 | INFO    | holoqpi.models.encoders | encoder=mobilenet_v2 in_channels=1 pretrained=True weights=local (weights) stages=[16, 24, 32, 96, 1280]
20:39:12 | INFO    | holoqpi.models.holonet | HoloQPINet built: 9.60M parameters, 9.60M trainable (100.0%)
20:39:14 | INFO    | holoqpi.engine.trainer | checkpoint best_model.pt: 440/440 tensors matched
20:39:14 | INFO    | holoqpi.data.dataset | test split: 113 samples | modality=off_axis | crop=None | augment=False
20:40:05 | INFO    | holoqpi |   area_bootstrap_fields              113
20:40:05 | INFO    | holoqpi |   area_bootstrap_resamples           2000
20:40:05 | INFO    | holoqpi |   area_cell_pearson_r                0.8977
20:40:05 | INFO    | holoqpi |   area_cell_pearson_r_ci_lower       0.8811
20:40:05 | INFO    | holoqpi |   area_cell_pearson_r_ci_upper       0.9131
20:40:05 | INFO    | holoqpi |   area_field_total_bias              -0.0921
20:40:05 | INFO    | holoqpi |   area_field_total_mape              0.1523
20:40:05 | INFO    | holoqpi |   area_field_total_pearson_r         0.9378
20:40:05 | INFO    | holoqpi |   area_image_pearson_r               0.8199
20:40:05 | INFO    | holoqpi |   area_loa_lower                     -0.1510
20:40:05 | INFO    | holoqpi |   area_loa_upper                     0.2873
20:40:05 | INFO    | holoqpi |   area_mae                           60.2096
20:40:05 | INFO    | holoqpi |   area_mape                          0.1598
20:40:05 | INFO    | holoqpi |   area_mape_ci_lower                 0.1495
20:40:05 | INFO    | holoqpi |   area_mape_ci_upper                 0.1707
20:40:05 | INFO    | holoqpi |   area_mape_coverage_adjusted        0.5040
20:40:05 | INFO    | holoqpi |   area_median_relative_bias          0.0714
20:40:05 | INFO    | holoqpi |   area_n_cells                       1881
20:40:05 | INFO    | holoqpi |   area_n_fields                      113
20:40:05 | INFO    | holoqpi |   area_relative_bias                 0.0681
20:40:05 | INFO    | holoqpi |   cell_count_ratio                   0.6955
20:40:05 | INFO    | holoqpi |   cells_detected                     2216
20:40:05 | INFO    | holoqpi |   cells_false_positive               335
20:40:05 | INFO    | holoqpi |   cells_matched                      1881
20:40:05 | INFO    | holoqpi |   cells_missed                       1305
20:40:05 | INFO    | holoqpi |   cells_reference                    3186
20:40:05 | INFO    | holoqpi |   circularity_bootstrap_fields       113
20:40:05 | INFO    | holoqpi |   circularity_bootstrap_resamples    2000
20:40:05 | INFO    | holoqpi |   circularity_cell_pearson_r         0.8779
20:40:05 | INFO    | holoqpi |   circularity_cell_pearson_r_ci_lower 0.8579
20:40:05 | INFO    | holoqpi |   circularity_cell_pearson_r_ci_upper 0.8963
20:40:05 | INFO    | holoqpi |   circularity_image_pearson_r        0.9229
20:40:05 | INFO    | holoqpi |   circularity_loa_lower              -0.0540
20:40:05 | INFO    | holoqpi |   circularity_loa_upper              0.1095
20:40:05 | INFO    | holoqpi |   circularity_mae                    0.0430
20:40:05 | INFO    | holoqpi |   circularity_mape                   0.0602
20:40:05 | INFO    | holoqpi |   circularity_mape_ci_lower          0.0526
20:40:05 | INFO    | holoqpi |   circularity_mape_ci_upper          0.0682
20:40:05 | INFO    | holoqpi |   circularity_mape_coverage_adjusted 0.4451
20:40:05 | INFO    | holoqpi |   circularity_median_relative_bias   0.0214
20:40:05 | INFO    | holoqpi |   circularity_n_cells                1881
20:40:05 | INFO    | holoqpi |   circularity_relative_bias          0.0277
20:40:05 | INFO    | holoqpi |   coverage                           0.5904
20:40:05 | INFO    | holoqpi |   detection_f1                       0.6964
20:40:05 | INFO    | holoqpi |   detection_precision                0.8488
20:40:05 | INFO    | holoqpi |   detection_recall                   0.5904
20:40:05 | INFO    | holoqpi |   dry_mass_bootstrap_fields          113
20:40:05 | INFO    | holoqpi |   dry_mass_bootstrap_resamples       2000
20:40:05 | INFO    | holoqpi |   dry_mass_cell_pearson_r            0.9364
20:40:05 | INFO    | holoqpi |   dry_mass_cell_pearson_r_ci_lower   0.9254
20:40:05 | INFO    | holoqpi |   dry_mass_cell_pearson_r_ci_upper   0.9456
20:40:05 | INFO    | holoqpi |   dry_mass_field_total_bias          -0.1707
20:40:05 | INFO    | holoqpi |   dry_mass_field_total_mape          0.1721
20:40:05 | INFO    | holoqpi |   dry_mass_field_total_pearson_r     0.9889
20:40:05 | INFO    | holoqpi |   dry_mass_image_pearson_r           0.9606
20:40:05 | INFO    | holoqpi |   dry_mass_loa_lower                 -0.2423
20:40:05 | INFO    | holoqpi |   dry_mass_loa_upper                 0.1468
20:40:05 | INFO    | holoqpi |   dry_mass_mae                       35.3088
20:40:05 | INFO    | holoqpi |   dry_mass_mape                      0.1782
20:40:05 | INFO    | holoqpi |   dry_mass_mape_ci_lower             0.1676
20:40:05 | INFO    | holoqpi |   dry_mass_mape_ci_upper             0.1887
20:40:05 | INFO    | holoqpi |   dry_mass_mape_coverage_adjusted    0.5148
20:40:05 | INFO    | holoqpi |   dry_mass_median_relative_bias      -0.0384
20:40:05 | INFO    | holoqpi |   dry_mass_n_cells                   1881
20:40:05 | INFO    | holoqpi |   dry_mass_n_fields                  113
20:40:05 | INFO    | holoqpi |   dry_mass_relative_bias             -0.0477
20:40:05 | INFO    | holoqpi |   false_positive_median_area_um2     126.5152
20:40:05 | INFO    | holoqpi |   forward_distance_um                33.7700
20:40:05 | INFO    | holoqpi |   forward_residual                   0.8948
20:40:05 | INFO    | holoqpi |   forward_residual_n                 113
20:40:05 | INFO    | holoqpi |   forward_residual_ratio             1.0038
20:40:05 | INFO    | holoqpi |   forward_residual_reference         0.8914
20:40:05 | INFO    | holoqpi |   missed_median_area_um2             98.1933
20:40:05 | INFO    | holoqpi |   optical_volume_bootstrap_fields    113
20:40:05 | INFO    | holoqpi |   optical_volume_bootstrap_resamples 2000
20:40:05 | INFO    | holoqpi |   optical_volume_cell_pearson_r      0.9364
20:40:05 | INFO    | holoqpi |   optical_volume_cell_pearson_r_ci_lower 0.9254
20:40:05 | INFO    | holoqpi |   optical_volume_cell_pearson_r_ci_upper 0.9456
20:40:05 | INFO    | holoqpi |   optical_volume_field_total_bias    -0.1707
20:40:05 | INFO    | holoqpi |   optical_volume_field_total_mape    0.1721
20:40:05 | INFO    | holoqpi |   optical_volume_field_total_pearson_r 0.9889
20:40:05 | INFO    | holoqpi |   optical_volume_image_pearson_r     0.9606
20:40:05 | INFO    | holoqpi |   optical_volume_loa_lower           -0.2423
20:40:05 | INFO    | holoqpi |   optical_volume_loa_upper           0.1468
20:40:05 | INFO    | holoqpi |   optical_volume_mae                 66.6222
20:40:05 | INFO    | holoqpi |   optical_volume_mape                0.1782
20:40:05 | INFO    | holoqpi |   optical_volume_mape_ci_lower       0.1676
20:40:05 | INFO    | holoqpi |   optical_volume_mape_ci_upper       0.1887
20:40:05 | INFO    | holoqpi |   optical_volume_mape_coverage_adjusted 0.5148
20:40:05 | INFO    | holoqpi |   optical_volume_median_relative_bias -0.0384
20:40:05 | INFO    | holoqpi |   optical_volume_n_cells             1881
20:40:05 | INFO    | holoqpi |   optical_volume_n_fields            113
20:40:05 | INFO    | holoqpi |   optical_volume_relative_bias       -0.0477
20:40:05 | INFO    | holoqpi |   phase_bias_rad                     -0.0075
20:40:05 | INFO    | holoqpi |   phase_bias_rad_background          0.0230
20:40:05 | INFO    | holoqpi |   phase_bias_rad_in_cell             -0.2021
20:40:05 | INFO    | holoqpi |   phase_mae_rad                      0.1591
20:40:05 | INFO    | holoqpi |   phase_mae_rad_background           0.1422
20:40:05 | INFO    | holoqpi |   phase_mae_rad_in_cell              0.2740
20:40:05 | INFO    | holoqpi |   phase_n_images                     113
20:40:05 | INFO    | holoqpi |   phase_pearson_r                    0.8715
20:40:05 | INFO    | holoqpi |   phase_psnr_db                      31.0863
20:40:05 | INFO    | holoqpi |   phase_rmse_rad                     0.2429
20:40:05 | INFO    | holoqpi |   phase_ssim                         0.6331
20:40:05 | INFO    | holoqpi |   seg_aji                            0.6686
20:40:05 | INFO    | holoqpi |   seg_boundary_f1                    0.4627
20:40:05 | INFO    | holoqpi |   seg_dice                           0.8330
20:40:05 | INFO    | holoqpi |   seg_dice_macro                     0.8330
20:40:05 | INFO    | holoqpi |   seg_instance_count_mape            0.3181
20:40:05 | INFO    | holoqpi |   seg_iou                            0.7137
20:40:05 | INFO    | holoqpi |   seg_n_images                       113
