20:40:11 | INFO    | holoqpi.models.encoders | loading pretrained mobilenet_v2 from weights/mobilenet_v2-b0353104.pth
20:40:11 | INFO    | holoqpi.models.encoders | loading pretrained mobilenet_v2 from weights/mobilenet_v2-b0353104.pth
20:40:11 | INFO    | holoqpi.models.encoders | encoder=mobilenet_v2 in_channels=1 pretrained=True weights=local (weights) stages=[16, 24, 32, 96, 1280]
20:40:11 | INFO    | holoqpi.models.holonet | HoloQPINet built: 9.60M parameters, 9.60M trainable (100.0%)
20:40:13 | INFO    | holoqpi.engine.trainer | checkpoint best_model.pt: 440/440 tensors matched
20:40:13 | INFO    | holoqpi.data.dataset | test split: 113 samples | modality=off_axis | crop=None | augment=False
20:41:05 | INFO    | holoqpi | labels from membrane_mask -> metrics_test_membrane.json
20:41:05 | INFO    | holoqpi |   area_bootstrap_fields              90
20:41:05 | INFO    | holoqpi |   area_bootstrap_resamples           2000
20:41:05 | INFO    | holoqpi |   area_cell_pearson_r                0.8239
20:41:05 | INFO    | holoqpi |   area_cell_pearson_r_ci_lower       0.7693
20:41:05 | INFO    | holoqpi |   area_cell_pearson_r_ci_upper       0.8686
20:41:05 | INFO    | holoqpi |   area_field_total_bias              -0.4627
20:41:05 | INFO    | holoqpi |   area_field_total_mape              0.4759
20:41:05 | INFO    | holoqpi |   area_field_total_pearson_r         0.2589
20:41:05 | INFO    | holoqpi |   area_image_pearson_r               0.7493
20:41:05 | INFO    | holoqpi |   area_loa_lower                     -0.7208
20:41:05 | INFO    | holoqpi |   area_loa_upper                     0.0120
20:41:05 | INFO    | holoqpi |   area_mae                           231.5556
20:41:05 | INFO    | holoqpi |   area_mape                          0.3073
20:41:05 | INFO    | holoqpi |   area_mape_ci_lower                 0.2926
20:41:05 | INFO    | holoqpi |   area_mape_ci_upper                 0.3230
20:41:05 | INFO    | holoqpi |   area_mape_coverage_adjusted        0.9202
20:41:05 | INFO    | holoqpi |   area_median_relative_bias          -0.3720
20:41:05 | INFO    | holoqpi |   area_n_cells                       413
20:41:05 | INFO    | holoqpi |   area_n_fields                      113
20:41:05 | INFO    | holoqpi |   area_relative_bias                 -0.3544
20:41:05 | INFO    | holoqpi |   cell_count_ratio                   0.6183
20:41:05 | INFO    | holoqpi |   cells_detected                     2216
20:41:05 | INFO    | holoqpi |   cells_false_positive               1803
20:41:05 | INFO    | holoqpi |   cells_matched                      413
20:41:05 | INFO    | holoqpi |   cells_missed                       3171
20:41:05 | INFO    | holoqpi |   cells_reference                    3584
20:41:05 | INFO    | holoqpi |   circularity_bootstrap_fields       90
20:41:05 | INFO    | holoqpi |   circularity_bootstrap_resamples    2000
20:41:05 | INFO    | holoqpi |   circularity_cell_pearson_r         0.4118
20:41:05 | INFO    | holoqpi |   circularity_cell_pearson_r_ci_lower 0.2871
20:41:05 | INFO    | holoqpi |   circularity_cell_pearson_r_ci_upper 0.5036
20:41:05 | INFO    | holoqpi |   circularity_image_pearson_r        0.2031
20:41:05 | INFO    | holoqpi |   circularity_loa_lower              -0.0213
20:41:05 | INFO    | holoqpi |   circularity_loa_upper              0.7434
20:41:05 | INFO    | holoqpi |   circularity_mae                    0.2578
20:41:05 | INFO    | holoqpi |   circularity_mape                   0.5064
20:41:05 | INFO    | holoqpi |   circularity_mape_ci_lower          0.4448
20:41:05 | INFO    | holoqpi |   circularity_mape_ci_upper          0.5696
20:41:05 | INFO    | holoqpi |   circularity_mape_coverage_adjusted 0.9431
20:41:05 | INFO    | holoqpi |   circularity_median_relative_bias   0.3807
20:41:05 | INFO    | holoqpi |   circularity_n_cells                413
20:41:05 | INFO    | holoqpi |   circularity_relative_bias          0.3611
20:41:05 | INFO    | holoqpi |   coverage                           0.1152
20:41:05 | INFO    | holoqpi |   detection_f1                       0.1424
20:41:05 | INFO    | holoqpi |   detection_precision                0.1864
20:41:05 | INFO    | holoqpi |   detection_recall                   0.1152
20:41:05 | INFO    | holoqpi |   dry_mass_bootstrap_fields          90
20:41:05 | INFO    | holoqpi |   dry_mass_bootstrap_resamples       2000
20:41:05 | INFO    | holoqpi |   dry_mass_cell_pearson_r            0.9300
20:41:05 | INFO    | holoqpi |   dry_mass_cell_pearson_r_ci_lower   0.9101
20:41:05 | INFO    | holoqpi |   dry_mass_cell_pearson_r_ci_upper   0.9454
20:41:05 | INFO    | holoqpi |   dry_mass_field_total_bias          0.5068
20:41:05 | INFO    | holoqpi |   dry_mass_field_total_mape          0.5090
20:41:05 | INFO    | holoqpi |   dry_mass_field_total_pearson_r     0.8805
20:41:05 | INFO    | holoqpi |   dry_mass_image_pearson_r           0.9478
20:41:05 | INFO    | holoqpi |   dry_mass_loa_lower                 -0.2576
20:41:05 | INFO    | holoqpi |   dry_mass_loa_upper                 0.3166
20:41:05 | INFO    | holoqpi |   dry_mass_mae                       40.3740
20:41:05 | INFO    | holoqpi |   dry_mass_mape                      0.1926
20:41:05 | INFO    | holoqpi |   dry_mass_mape_ci_lower             0.1574
20:41:05 | INFO    | holoqpi |   dry_mass_mape_ci_upper             0.2497
20:41:05 | INFO    | holoqpi |   dry_mass_mape_coverage_adjusted    0.9070
20:41:05 | INFO    | holoqpi |   dry_mass_median_relative_bias      0.0343
20:41:05 | INFO    | holoqpi |   dry_mass_n_cells                   413
20:41:05 | INFO    | holoqpi |   dry_mass_n_fields                  113
20:41:05 | INFO    | holoqpi |   dry_mass_relative_bias             0.0295
20:41:05 | INFO    | holoqpi |   false_positive_median_area_um2     367.9408
20:41:05 | INFO    | holoqpi |   forward_distance_um                33.7700
20:41:05 | INFO    | holoqpi |   forward_residual                   0.8948
20:41:05 | INFO    | holoqpi |   forward_residual_n                 113
20:41:05 | INFO    | holoqpi |   forward_residual_ratio             1.0038
20:41:05 | INFO    | holoqpi |   forward_residual_reference         0.8914
20:41:05 | INFO    | holoqpi |   missed_median_area_um2             145.9104
20:41:05 | INFO    | holoqpi |   optical_volume_bootstrap_fields    90
20:41:05 | INFO    | holoqpi |   optical_volume_bootstrap_resamples 2000
20:41:05 | INFO    | holoqpi |   optical_volume_cell_pearson_r      0.9300
20:41:05 | INFO    | holoqpi |   optical_volume_cell_pearson_r_ci_lower 0.9101
20:41:05 | INFO    | holoqpi |   optical_volume_cell_pearson_r_ci_upper 0.9454
20:41:05 | INFO    | holoqpi |   optical_volume_field_total_bias    0.5068
20:41:05 | INFO    | holoqpi |   optical_volume_field_total_mape    0.5090
20:41:05 | INFO    | holoqpi |   optical_volume_field_total_pearson_r 0.8805
20:41:05 | INFO    | holoqpi |   optical_volume_image_pearson_r     0.9478
20:41:05 | INFO    | holoqpi |   optical_volume_loa_lower           -0.2576
20:41:05 | INFO    | holoqpi |   optical_volume_loa_upper           0.3166
20:41:05 | INFO    | holoqpi |   optical_volume_mae                 76.1793
20:41:05 | INFO    | holoqpi |   optical_volume_mape                0.1926
20:41:05 | INFO    | holoqpi |   optical_volume_mape_ci_lower       0.1574
20:41:05 | INFO    | holoqpi |   optical_volume_mape_ci_upper       0.2497
20:41:05 | INFO    | holoqpi |   optical_volume_mape_coverage_adjusted 0.9070
20:41:05 | INFO    | holoqpi |   optical_volume_median_relative_bias 0.0343
20:41:05 | INFO    | holoqpi |   optical_volume_n_cells             413
20:41:05 | INFO    | holoqpi |   optical_volume_n_fields            113
20:41:05 | INFO    | holoqpi |   optical_volume_relative_bias       0.0295
20:41:05 | INFO    | holoqpi |   phase_bias_rad                     -0.0075
20:41:05 | INFO    | holoqpi |   phase_bias_rad_background          -0.0023
20:41:05 | INFO    | holoqpi |   phase_bias_rad_in_cell             -0.0243
20:41:05 | INFO    | holoqpi |   phase_mae_rad                      0.1591
20:41:05 | INFO    | holoqpi |   phase_mae_rad_background           0.1618
20:41:05 | INFO    | holoqpi |   phase_mae_rad_in_cell              0.1506
20:41:05 | INFO    | holoqpi |   phase_n_images                     113
20:41:05 | INFO    | holoqpi |   phase_pearson_r                    0.8715
20:41:05 | INFO    | holoqpi |   phase_psnr_db                      31.0863
20:41:05 | INFO    | holoqpi |   phase_rmse_rad                     0.2429
20:41:05 | INFO    | holoqpi |   phase_ssim                         0.6331
20:41:05 | INFO    | holoqpi |   seg_aji                            0.2368
20:41:05 | INFO    | holoqpi |   seg_boundary_f1                    0.0644
20:41:05 | INFO    | holoqpi |   seg_dice                           0.5031
20:41:05 | INFO    | holoqpi |   seg_dice_macro                     0.5031
20:41:05 | INFO    | holoqpi |   seg_instance_count_mape            0.5957
20:41:05 | INFO    | holoqpi |   seg_iou                            0.3361
20:41:05 | INFO    | holoqpi |   seg_n_images                       113
