23:31:05 | INFO    | holoqpi.models.encoders | loading pretrained mobilenet_v2 from weights/mobilenet_v2-b0353104.pth
23:31:05 | INFO    | holoqpi.models.encoders | loading pretrained mobilenet_v2 from weights/mobilenet_v2-b0353104.pth
23:31:05 | INFO    | holoqpi.models.encoders | encoder=mobilenet_v2 in_channels=1 pretrained=True weights=local (weights) stages=[16, 24, 32, 96, 1280]
23:31:05 | INFO    | holoqpi.models.holonet | HoloQPINet built: 9.60M parameters, 9.60M trainable (100.0%)
23:31:07 | INFO    | holoqpi.engine.trainer | checkpoint best_model.pt: 440/440 tensors matched
23:31:07 | INFO    | holoqpi.data.dataset | test split: 113 samples | modality=off_axis | crop=None | augment=False
23:31:56 | INFO    | holoqpi | labels from membrane_mask -> metrics_test_membrane.json
23:31:56 | INFO    | holoqpi |   area_bootstrap_fields              88
23:31:56 | INFO    | holoqpi |   area_bootstrap_resamples           2000
23:31:56 | INFO    | holoqpi |   area_cell_pearson_r                0.8154
23:31:56 | INFO    | holoqpi |   area_cell_pearson_r_ci_lower       0.7620
23:31:56 | INFO    | holoqpi |   area_cell_pearson_r_ci_upper       0.8594
23:31:56 | INFO    | holoqpi |   area_field_total_bias              -0.4607
23:31:56 | INFO    | holoqpi |   area_field_total_mape              0.4734
23:31:56 | INFO    | holoqpi |   area_field_total_pearson_r         0.2732
23:31:56 | INFO    | holoqpi |   area_image_pearson_r               0.8010
23:31:56 | INFO    | holoqpi |   area_loa_lower                     -0.7151
23:31:56 | INFO    | holoqpi |   area_loa_upper                     -0.0209
23:31:56 | INFO    | holoqpi |   area_mae                           235.1887
23:31:56 | INFO    | holoqpi |   area_mape                          0.3121
23:31:56 | INFO    | holoqpi |   area_mape_ci_lower                 0.2982
23:31:56 | INFO    | holoqpi |   area_mape_ci_upper                 0.3265
23:31:56 | INFO    | holoqpi |   area_mape_coverage_adjusted        0.9225
23:31:56 | INFO    | holoqpi |   area_median_relative_bias          -0.3887
23:31:56 | INFO    | holoqpi |   area_n_cells                       404
23:31:56 | INFO    | holoqpi |   area_n_fields                      113
23:31:56 | INFO    | holoqpi |   area_relative_bias                 -0.3680
23:31:56 | INFO    | holoqpi |   cell_count_ratio                   0.6286
23:31:56 | INFO    | holoqpi |   cells_detected                     2253
23:31:56 | INFO    | holoqpi |   cells_false_positive               1849
23:31:56 | INFO    | holoqpi |   cells_matched                      404
23:31:56 | INFO    | holoqpi |   cells_missed                       3180
23:31:56 | INFO    | holoqpi |   cells_reference                    3584
23:31:56 | INFO    | holoqpi |   circularity_bootstrap_fields       88
23:31:56 | INFO    | holoqpi |   circularity_bootstrap_resamples    2000
23:31:56 | INFO    | holoqpi |   circularity_cell_pearson_r         0.3771
23:31:56 | INFO    | holoqpi |   circularity_cell_pearson_r_ci_lower 0.2526
23:31:56 | INFO    | holoqpi |   circularity_cell_pearson_r_ci_upper 0.4678
23:31:56 | INFO    | holoqpi |   circularity_image_pearson_r        0.1714
23:31:56 | INFO    | holoqpi |   circularity_loa_lower              -0.0411
23:31:56 | INFO    | holoqpi |   circularity_loa_upper              0.7437
23:31:56 | INFO    | holoqpi |   circularity_mae                    0.2571
23:31:56 | INFO    | holoqpi |   circularity_mape                   0.5049
23:31:56 | INFO    | holoqpi |   circularity_mape_ci_lower          0.4440
23:31:56 | INFO    | holoqpi |   circularity_mape_ci_upper          0.5732
23:31:56 | INFO    | holoqpi |   circularity_mape_coverage_adjusted 0.9442
23:31:56 | INFO    | holoqpi |   circularity_median_relative_bias   0.3557
23:31:56 | INFO    | holoqpi |   circularity_n_cells                404
23:31:56 | INFO    | holoqpi |   circularity_relative_bias          0.3513
23:31:56 | INFO    | holoqpi |   coverage                           0.1127
23:31:56 | INFO    | holoqpi |   detection_f1                       0.1384
23:31:56 | INFO    | holoqpi |   detection_precision                0.1793
23:31:56 | INFO    | holoqpi |   detection_recall                   0.1127
23:31:56 | INFO    | holoqpi |   dry_mass_bootstrap_fields          88
23:31:56 | INFO    | holoqpi |   dry_mass_bootstrap_resamples       2000
23:31:56 | INFO    | holoqpi |   dry_mass_cell_pearson_r            0.9306
23:31:56 | INFO    | holoqpi |   dry_mass_cell_pearson_r_ci_lower   0.9120
23:31:56 | INFO    | holoqpi |   dry_mass_cell_pearson_r_ci_upper   0.9458
23:31:56 | INFO    | holoqpi |   dry_mass_field_total_bias          0.5042
23:31:56 | INFO    | holoqpi |   dry_mass_field_total_mape          0.5052
23:31:56 | INFO    | holoqpi |   dry_mass_field_total_pearson_r     0.8661
23:31:56 | INFO    | holoqpi |   dry_mass_image_pearson_r           0.9493
23:31:56 | INFO    | holoqpi |   dry_mass_loa_lower                 -0.4389
23:31:56 | INFO    | holoqpi |   dry_mass_loa_upper                 0.5038
23:31:56 | INFO    | holoqpi |   dry_mass_mae                       40.9968
23:31:56 | INFO    | holoqpi |   dry_mass_mape                      0.2080
23:31:56 | INFO    | holoqpi |   dry_mass_mape_ci_lower             0.1628
23:31:56 | INFO    | holoqpi |   dry_mass_mape_ci_upper             0.2876
23:31:56 | INFO    | holoqpi |   dry_mass_mape_coverage_adjusted    0.9107
23:31:56 | INFO    | holoqpi |   dry_mass_median_relative_bias      0.0041
23:31:56 | INFO    | holoqpi |   dry_mass_n_cells                   404
23:31:56 | INFO    | holoqpi |   dry_mass_n_fields                  113
23:31:56 | INFO    | holoqpi |   dry_mass_relative_bias             0.0325
23:31:56 | INFO    | holoqpi |   false_positive_median_area_um2     372.1607
23:31:56 | INFO    | holoqpi |   forward_distance_um                33.7700
23:31:56 | INFO    | holoqpi |   forward_residual                   0.8969
23:31:56 | INFO    | holoqpi |   forward_residual_n                 113
23:31:56 | INFO    | holoqpi |   forward_residual_ratio             1.0062
23:31:56 | INFO    | holoqpi |   forward_residual_reference         0.8914
23:31:56 | INFO    | holoqpi |   missed_median_area_um2             146.1944
23:31:56 | INFO    | holoqpi |   optical_volume_bootstrap_fields    88
23:31:56 | INFO    | holoqpi |   optical_volume_bootstrap_resamples 2000
23:31:56 | INFO    | holoqpi |   optical_volume_cell_pearson_r      0.9306
23:31:56 | INFO    | holoqpi |   optical_volume_cell_pearson_r_ci_lower 0.9120
23:31:56 | INFO    | holoqpi |   optical_volume_cell_pearson_r_ci_upper 0.9458
23:31:56 | INFO    | holoqpi |   optical_volume_field_total_bias    0.5042
23:31:56 | INFO    | holoqpi |   optical_volume_field_total_mape    0.5052
23:31:56 | INFO    | holoqpi |   optical_volume_field_total_pearson_r 0.8661
23:31:56 | INFO    | holoqpi |   optical_volume_image_pearson_r     0.9493
23:31:56 | INFO    | holoqpi |   optical_volume_loa_lower           -0.4389
23:31:56 | INFO    | holoqpi |   optical_volume_loa_upper           0.5038
23:31:56 | INFO    | holoqpi |   optical_volume_mae                 77.3544
23:31:56 | INFO    | holoqpi |   optical_volume_mape                0.2080
23:31:56 | INFO    | holoqpi |   optical_volume_mape_ci_lower       0.1628
23:31:56 | INFO    | holoqpi |   optical_volume_mape_ci_upper       0.2876
23:31:56 | INFO    | holoqpi |   optical_volume_mape_coverage_adjusted 0.9107
23:31:56 | INFO    | holoqpi |   optical_volume_median_relative_bias 0.0041
23:31:56 | INFO    | holoqpi |   optical_volume_n_cells             404
23:31:56 | INFO    | holoqpi |   optical_volume_n_fields            113
23:31:56 | INFO    | holoqpi |   optical_volume_relative_bias       0.0325
23:31:56 | INFO    | holoqpi |   phase_bias_rad                     -0.0059
23:31:56 | INFO    | holoqpi |   phase_bias_rad_background          0.0030
23:31:56 | INFO    | holoqpi |   phase_bias_rad_in_cell             -0.0349
23:31:56 | INFO    | holoqpi |   phase_mae_rad                      0.1658
23:31:56 | INFO    | holoqpi |   phase_mae_rad_background           0.1660
23:31:56 | INFO    | holoqpi |   phase_mae_rad_in_cell              0.1655
23:31:56 | INFO    | holoqpi |   phase_n_images                     113
23:31:56 | INFO    | holoqpi |   phase_pearson_r                    0.8648
23:31:56 | INFO    | holoqpi |   phase_psnr_db                      30.8240
23:31:56 | INFO    | holoqpi |   phase_rmse_rad                     0.2553
23:31:56 | INFO    | holoqpi |   phase_ssim                         0.6207
23:31:56 | INFO    | holoqpi |   seg_aji                            0.2376
23:31:56 | INFO    | holoqpi |   seg_boundary_f1                    0.0633
23:31:56 | INFO    | holoqpi |   seg_dice                           0.5030
23:31:56 | INFO    | holoqpi |   seg_dice_macro                     0.5030
23:31:56 | INFO    | holoqpi |   seg_instance_count_mape            0.5880
23:31:56 | INFO    | holoqpi |   seg_iou                            0.3360
23:31:56 | INFO    | holoqpi |   seg_n_images                       113
