22:05:32 | INFO    | holoqpi.models.encoders | loading pretrained mobilenet_v2 from weights/mobilenet_v2-b0353104.pth
22:05:32 | INFO    | holoqpi.models.encoders | loading pretrained mobilenet_v2 from weights/mobilenet_v2-b0353104.pth
22:05:32 | INFO    | holoqpi.models.encoders | encoder=mobilenet_v2 in_channels=1 pretrained=True weights=local (weights) stages=[16, 24, 32, 96, 1280]
22:05:32 | INFO    | holoqpi.models.holonet | HoloQPINet built: 9.60M parameters, 9.60M trainable (100.0%)
22:05:34 | INFO    | holoqpi.engine.trainer | checkpoint best_model.pt: 440/440 tensors matched
22:05:34 | INFO    | holoqpi.data.dataset | test split: 113 samples | modality=off_axis | crop=None | augment=False
22:06:27 | INFO    | holoqpi | labels from membrane_mask -> metrics_test_membrane.json
22:06:27 | INFO    | holoqpi |   area_bootstrap_fields              88
22:06:27 | INFO    | holoqpi |   area_bootstrap_resamples           2000
22:06:27 | INFO    | holoqpi |   area_cell_pearson_r                0.8009
22:06:27 | INFO    | holoqpi |   area_cell_pearson_r_ci_lower       0.7450
22:06:27 | INFO    | holoqpi |   area_cell_pearson_r_ci_upper       0.8481
22:06:27 | INFO    | holoqpi |   area_field_total_bias              -0.4364
22:06:27 | INFO    | holoqpi |   area_field_total_mape              0.4547
22:06:27 | INFO    | holoqpi |   area_field_total_pearson_r         0.2621
22:06:27 | INFO    | holoqpi |   area_image_pearson_r               0.7936
22:06:27 | INFO    | holoqpi |   area_loa_lower                     -0.7093
22:06:27 | INFO    | holoqpi |   area_loa_upper                     0.0236
22:06:27 | INFO    | holoqpi |   area_mae                           229.4695
22:06:27 | INFO    | holoqpi |   area_mape                          0.3065
22:06:27 | INFO    | holoqpi |   area_mape_ci_lower                 0.2924
22:06:27 | INFO    | holoqpi |   area_mape_ci_upper                 0.3210
22:06:27 | INFO    | holoqpi |   area_mape_coverage_adjusted        0.9199
22:06:27 | INFO    | holoqpi |   area_median_relative_bias          -0.3671
22:06:27 | INFO    | holoqpi |   area_n_cells                       414
22:06:27 | INFO    | holoqpi |   area_n_fields                      113
22:06:27 | INFO    | holoqpi |   area_relative_bias                 -0.3429
22:06:27 | INFO    | holoqpi |   cell_count_ratio                   0.6632
22:06:27 | INFO    | holoqpi |   cells_detected                     2377
22:06:27 | INFO    | holoqpi |   cells_false_positive               1963
22:06:27 | INFO    | holoqpi |   cells_matched                      414
22:06:27 | INFO    | holoqpi |   cells_missed                       3170
22:06:27 | INFO    | holoqpi |   cells_reference                    3584
22:06:27 | INFO    | holoqpi |   circularity_bootstrap_fields       88
22:06:27 | INFO    | holoqpi |   circularity_bootstrap_resamples    2000
22:06:27 | INFO    | holoqpi |   circularity_cell_pearson_r         0.3823
22:06:27 | INFO    | holoqpi |   circularity_cell_pearson_r_ci_lower 0.2580
22:06:27 | INFO    | holoqpi |   circularity_cell_pearson_r_ci_upper 0.4764
22:06:27 | INFO    | holoqpi |   circularity_image_pearson_r        0.1832
22:06:27 | INFO    | holoqpi |   circularity_loa_lower              -0.0406
22:06:27 | INFO    | holoqpi |   circularity_loa_upper              0.7186
22:06:27 | INFO    | holoqpi |   circularity_mae                    0.2459
22:06:27 | INFO    | holoqpi |   circularity_mape                   0.4812
22:06:27 | INFO    | holoqpi |   circularity_mape_ci_lower          0.4229
22:06:27 | INFO    | holoqpi |   circularity_mape_ci_upper          0.5453
22:06:27 | INFO    | holoqpi |   circularity_mape_coverage_adjusted 0.9401
22:06:27 | INFO    | holoqpi |   circularity_median_relative_bias   0.3494
22:06:27 | INFO    | holoqpi |   circularity_n_cells                414
22:06:27 | INFO    | holoqpi |   circularity_relative_bias          0.3390
22:06:27 | INFO    | holoqpi |   coverage                           0.1155
22:06:27 | INFO    | holoqpi |   detection_f1                       0.1389
22:06:27 | INFO    | holoqpi |   detection_precision                0.1742
22:06:27 | INFO    | holoqpi |   detection_recall                   0.1155
22:06:27 | INFO    | holoqpi |   dry_mass_bootstrap_fields          88
22:06:27 | INFO    | holoqpi |   dry_mass_bootstrap_resamples       2000
22:06:27 | INFO    | holoqpi |   dry_mass_cell_pearson_r            0.9409
22:06:27 | INFO    | holoqpi |   dry_mass_cell_pearson_r_ci_lower   0.9221
22:06:27 | INFO    | holoqpi |   dry_mass_cell_pearson_r_ci_upper   0.9542
22:06:27 | INFO    | holoqpi |   dry_mass_field_total_bias          0.5328
22:06:27 | INFO    | holoqpi |   dry_mass_field_total_mape          0.5329
22:06:27 | INFO    | holoqpi |   dry_mass_field_total_pearson_r     0.8704
22:06:27 | INFO    | holoqpi |   dry_mass_image_pearson_r           0.9463
22:06:27 | INFO    | holoqpi |   dry_mass_loa_lower                 -0.2951
22:06:27 | INFO    | holoqpi |   dry_mass_loa_upper                 0.3064
22:06:27 | INFO    | holoqpi |   dry_mass_mae                       39.8244
22:06:27 | INFO    | holoqpi |   dry_mass_mape                      0.1663
22:06:27 | INFO    | holoqpi |   dry_mass_mape_ci_lower             0.1485
22:06:27 | INFO    | holoqpi |   dry_mass_mape_ci_upper             0.1850
22:06:27 | INFO    | holoqpi |   dry_mass_mape_coverage_adjusted    0.9037
22:06:27 | INFO    | holoqpi |   dry_mass_median_relative_bias      -0.0125
22:06:27 | INFO    | holoqpi |   dry_mass_n_cells                   414
22:06:27 | INFO    | holoqpi |   dry_mass_n_fields                  113
22:06:27 | INFO    | holoqpi |   dry_mass_relative_bias             0.0056
22:06:27 | INFO    | holoqpi |   false_positive_median_area_um2     364.0456
22:06:27 | INFO    | holoqpi |   forward_distance_um                33.7700
22:06:27 | INFO    | holoqpi |   forward_residual                   0.8972
22:06:27 | INFO    | holoqpi |   forward_residual_n                 113
22:06:27 | INFO    | holoqpi |   forward_residual_ratio             1.0065
22:06:27 | INFO    | holoqpi |   forward_residual_reference         0.8914
22:06:27 | INFO    | holoqpi |   missed_median_area_um2             145.8292
22:06:27 | INFO    | holoqpi |   optical_volume_bootstrap_fields    88
22:06:27 | INFO    | holoqpi |   optical_volume_bootstrap_resamples 2000
22:06:27 | INFO    | holoqpi |   optical_volume_cell_pearson_r      0.9409
22:06:27 | INFO    | holoqpi |   optical_volume_cell_pearson_r_ci_lower 0.9221
22:06:27 | INFO    | holoqpi |   optical_volume_cell_pearson_r_ci_upper 0.9542
22:06:27 | INFO    | holoqpi |   optical_volume_field_total_bias    0.5328
22:06:27 | INFO    | holoqpi |   optical_volume_field_total_mape    0.5329
22:06:27 | INFO    | holoqpi |   optical_volume_field_total_pearson_r 0.8704
22:06:27 | INFO    | holoqpi |   optical_volume_image_pearson_r     0.9463
22:06:27 | INFO    | holoqpi |   optical_volume_loa_lower           -0.2951
22:06:27 | INFO    | holoqpi |   optical_volume_loa_upper           0.3064
22:06:27 | INFO    | holoqpi |   optical_volume_mae                 75.1424
22:06:27 | INFO    | holoqpi |   optical_volume_mape                0.1663
22:06:27 | INFO    | holoqpi |   optical_volume_mape_ci_lower       0.1485
22:06:27 | INFO    | holoqpi |   optical_volume_mape_ci_upper       0.1850
22:06:27 | INFO    | holoqpi |   optical_volume_mape_coverage_adjusted 0.9037
22:06:27 | INFO    | holoqpi |   optical_volume_median_relative_bias -0.0125
22:06:27 | INFO    | holoqpi |   optical_volume_n_cells             414
22:06:27 | INFO    | holoqpi |   optical_volume_n_fields            113
22:06:27 | INFO    | holoqpi |   optical_volume_relative_bias       0.0056
22:06:27 | INFO    | holoqpi |   phase_bias_rad                     0.0086
22:06:27 | INFO    | holoqpi |   phase_bias_rad_background          0.0198
22:06:27 | INFO    | holoqpi |   phase_bias_rad_in_cell             -0.0272
22:06:27 | INFO    | holoqpi |   phase_mae_rad                      0.1692
22:06:27 | INFO    | holoqpi |   phase_mae_rad_background           0.1686
22:06:27 | INFO    | holoqpi |   phase_mae_rad_in_cell              0.1714
22:06:27 | INFO    | holoqpi |   phase_n_images                     113
22:06:27 | INFO    | holoqpi |   phase_pearson_r                    0.8614
22:06:27 | INFO    | holoqpi |   phase_psnr_db                      30.6602
22:06:27 | INFO    | holoqpi |   phase_rmse_rad                     0.2576
22:06:27 | INFO    | holoqpi |   phase_ssim                         0.6127
22:06:27 | INFO    | holoqpi |   seg_aji                            0.2384
22:06:27 | INFO    | holoqpi |   seg_boundary_f1                    0.0657
22:06:27 | INFO    | holoqpi |   seg_dice                           0.5118
22:06:27 | INFO    | holoqpi |   seg_dice_macro                     0.5118
22:06:27 | INFO    | holoqpi |   seg_instance_count_mape            0.5012
22:06:27 | INFO    | holoqpi |   seg_iou                            0.3439
22:06:27 | INFO    | holoqpi |   seg_n_images                       113
