22:04:33 | INFO    | holoqpi.models.encoders | loading pretrained mobilenet_v2 from weights/mobilenet_v2-b0353104.pth
22:04:33 | INFO    | holoqpi.models.encoders | loading pretrained mobilenet_v2 from weights/mobilenet_v2-b0353104.pth
22:04:33 | INFO    | holoqpi.models.encoders | encoder=mobilenet_v2 in_channels=1 pretrained=True weights=local (weights) stages=[16, 24, 32, 96, 1280]
22:04:33 | INFO    | holoqpi.models.holonet | HoloQPINet built: 9.60M parameters, 9.60M trainable (100.0%)
22:04:35 | INFO    | holoqpi.engine.trainer | checkpoint best_model.pt: 440/440 tensors matched
22:04:35 | INFO    | holoqpi.data.dataset | test split: 113 samples | modality=off_axis | crop=None | augment=False
22:05:27 | INFO    | holoqpi |   area_bootstrap_fields              113
22:05:27 | INFO    | holoqpi |   area_bootstrap_resamples           2000
22:05:27 | INFO    | holoqpi |   area_cell_pearson_r                0.8984
22:05:27 | INFO    | holoqpi |   area_cell_pearson_r_ci_lower       0.8836
22:05:27 | INFO    | holoqpi |   area_cell_pearson_r_ci_upper       0.9125
22:05:27 | INFO    | holoqpi |   area_field_total_bias              -0.0458
22:05:27 | INFO    | holoqpi |   area_field_total_mape              0.1467
22:05:27 | INFO    | holoqpi |   area_field_total_pearson_r         0.9343
22:05:27 | INFO    | holoqpi |   area_image_pearson_r               0.8261
22:05:27 | INFO    | holoqpi |   area_loa_lower                     -0.1273
22:05:27 | INFO    | holoqpi |   area_loa_upper                     0.3123
22:05:27 | INFO    | holoqpi |   area_mae                           63.1782
22:05:27 | INFO    | holoqpi |   area_mape                          0.1740
22:05:27 | INFO    | holoqpi |   area_mape_ci_lower                 0.1643
22:05:27 | INFO    | holoqpi |   area_mape_ci_upper                 0.1845
22:05:27 | INFO    | holoqpi |   area_mape_coverage_adjusted        0.5007
22:05:27 | INFO    | holoqpi |   area_median_relative_bias          0.0956
22:05:27 | INFO    | holoqpi |   area_n_cells                       1926
22:05:27 | INFO    | holoqpi |   area_n_fields                      113
22:05:27 | INFO    | holoqpi |   area_relative_bias                 0.0925
22:05:27 | INFO    | holoqpi |   cell_count_ratio                   0.7461
22:05:27 | INFO    | holoqpi |   cells_detected                     2377
22:05:27 | INFO    | holoqpi |   cells_false_positive               451
22:05:27 | INFO    | holoqpi |   cells_matched                      1926
22:05:27 | INFO    | holoqpi |   cells_missed                       1260
22:05:27 | INFO    | holoqpi |   cells_reference                    3186
22:05:27 | INFO    | holoqpi |   circularity_bootstrap_fields       113
22:05:27 | INFO    | holoqpi |   circularity_bootstrap_resamples    2000
22:05:27 | INFO    | holoqpi |   circularity_cell_pearson_r         0.8761
22:05:27 | INFO    | holoqpi |   circularity_cell_pearson_r_ci_lower 0.8576
22:05:27 | INFO    | holoqpi |   circularity_cell_pearson_r_ci_upper 0.8937
22:05:27 | INFO    | holoqpi |   circularity_image_pearson_r        0.9077
22:05:27 | INFO    | holoqpi |   circularity_loa_lower              -0.0844
22:05:27 | INFO    | holoqpi |   circularity_loa_upper              0.0920
22:05:27 | INFO    | holoqpi |   circularity_mae                    0.0430
22:05:27 | INFO    | holoqpi |   circularity_mape                   0.0597
22:05:27 | INFO    | holoqpi |   circularity_mape_ci_lower          0.0534
22:05:27 | INFO    | holoqpi |   circularity_mape_ci_upper          0.0662
22:05:27 | INFO    | holoqpi |   circularity_mape_coverage_adjusted 0.4316
22:05:27 | INFO    | holoqpi |   circularity_median_relative_bias   0.0026
22:05:27 | INFO    | holoqpi |   circularity_n_cells                1926
22:05:27 | INFO    | holoqpi |   circularity_relative_bias          0.0038
22:05:27 | INFO    | holoqpi |   coverage                           0.6045
22:05:27 | INFO    | holoqpi |   detection_f1                       0.6924
22:05:27 | INFO    | holoqpi |   detection_precision                0.8103
22:05:27 | INFO    | holoqpi |   detection_recall                   0.6045
22:05:27 | INFO    | holoqpi |   dry_mass_bootstrap_fields          113
22:05:27 | INFO    | holoqpi |   dry_mass_bootstrap_resamples       2000
22:05:27 | INFO    | holoqpi |   dry_mass_cell_pearson_r            0.9300
22:05:27 | INFO    | holoqpi |   dry_mass_cell_pearson_r_ci_lower   0.9145
22:05:27 | INFO    | holoqpi |   dry_mass_cell_pearson_r_ci_upper   0.9418
22:05:27 | INFO    | holoqpi |   dry_mass_field_total_bias          -0.1588
22:05:27 | INFO    | holoqpi |   dry_mass_field_total_mape          0.1772
22:05:27 | INFO    | holoqpi |   dry_mass_field_total_pearson_r     0.9843
22:05:27 | INFO    | holoqpi |   dry_mass_image_pearson_r           0.9469
22:05:27 | INFO    | holoqpi |   dry_mass_loa_lower                 -0.2618
22:05:27 | INFO    | holoqpi |   dry_mass_loa_upper                 0.1750
22:05:27 | INFO    | holoqpi |   dry_mass_mae                       39.7631
22:05:27 | INFO    | holoqpi |   dry_mass_mape                      0.1938
22:05:27 | INFO    | holoqpi |   dry_mass_mape_ci_lower             0.1823
22:05:27 | INFO    | holoqpi |   dry_mass_mape_ci_upper             0.2052
22:05:27 | INFO    | holoqpi |   dry_mass_mape_coverage_adjusted    0.5127
22:05:27 | INFO    | holoqpi |   dry_mass_median_relative_bias      -0.0497
22:05:27 | INFO    | holoqpi |   dry_mass_n_cells                   1926
22:05:27 | INFO    | holoqpi |   dry_mass_n_fields                  113
22:05:27 | INFO    | holoqpi |   dry_mass_relative_bias             -0.0434
22:05:27 | INFO    | holoqpi |   false_positive_median_area_um2     94.4603
22:05:27 | INFO    | holoqpi |   forward_distance_um                33.7700
22:05:27 | INFO    | holoqpi |   forward_residual                   0.8972
22:05:27 | INFO    | holoqpi |   forward_residual_n                 113
22:05:27 | INFO    | holoqpi |   forward_residual_ratio             1.0065
22:05:27 | INFO    | holoqpi |   forward_residual_reference         0.8914
22:05:27 | INFO    | holoqpi |   missed_median_area_um2             98.8425
22:05:27 | INFO    | holoqpi |   optical_volume_bootstrap_fields    113
22:05:27 | INFO    | holoqpi |   optical_volume_bootstrap_resamples 2000
22:05:27 | INFO    | holoqpi |   optical_volume_cell_pearson_r      0.9300
22:05:27 | INFO    | holoqpi |   optical_volume_cell_pearson_r_ci_lower 0.9145
22:05:27 | INFO    | holoqpi |   optical_volume_cell_pearson_r_ci_upper 0.9418
22:05:27 | INFO    | holoqpi |   optical_volume_field_total_bias    -0.1588
22:05:27 | INFO    | holoqpi |   optical_volume_field_total_mape    0.1772
22:05:27 | INFO    | holoqpi |   optical_volume_field_total_pearson_r 0.9843
22:05:27 | INFO    | holoqpi |   optical_volume_image_pearson_r     0.9469
22:05:27 | INFO    | holoqpi |   optical_volume_loa_lower           -0.2618
22:05:27 | INFO    | holoqpi |   optical_volume_loa_upper           0.1750
22:05:27 | INFO    | holoqpi |   optical_volume_mae                 75.0266
22:05:27 | INFO    | holoqpi |   optical_volume_mape                0.1938
22:05:27 | INFO    | holoqpi |   optical_volume_mape_ci_lower       0.1823
22:05:27 | INFO    | holoqpi |   optical_volume_mape_ci_upper       0.2052
22:05:27 | INFO    | holoqpi |   optical_volume_mape_coverage_adjusted 0.5127
22:05:27 | INFO    | holoqpi |   optical_volume_median_relative_bias -0.0497
22:05:27 | INFO    | holoqpi |   optical_volume_n_cells             1926
22:05:27 | INFO    | holoqpi |   optical_volume_n_fields            113
22:05:27 | INFO    | holoqpi |   optical_volume_relative_bias       -0.0434
22:05:27 | INFO    | holoqpi |   phase_bias_rad                     0.0086
22:05:27 | INFO    | holoqpi |   phase_bias_rad_background          0.0463
22:05:27 | INFO    | holoqpi |   phase_bias_rad_in_cell             -0.2263
22:05:27 | INFO    | holoqpi |   phase_mae_rad                      0.1692
22:05:27 | INFO    | holoqpi |   phase_mae_rad_background           0.1506
22:05:27 | INFO    | holoqpi |   phase_mae_rad_in_cell              0.2937
22:05:27 | INFO    | holoqpi |   phase_n_images                     113
22:05:27 | INFO    | holoqpi |   phase_pearson_r                    0.8614
22:05:27 | INFO    | holoqpi |   phase_psnr_db                      30.6602
22:05:27 | INFO    | holoqpi |   phase_rmse_rad                     0.2576
22:05:27 | INFO    | holoqpi |   phase_ssim                         0.6127
22:05:27 | INFO    | holoqpi |   seg_aji                            0.6634
22:05:27 | INFO    | holoqpi |   seg_boundary_f1                    0.4506
22:05:27 | INFO    | holoqpi |   seg_dice                           0.8294
22:05:27 | INFO    | holoqpi |   seg_dice_macro                     0.8294
22:05:27 | INFO    | holoqpi |   seg_instance_count_mape            0.2899
22:05:27 | INFO    | holoqpi |   seg_iou                            0.7085
22:05:27 | INFO    | holoqpi |   seg_n_images                       113
