19:16:21 | INFO    | holoqpi | training v2_A_seed2024 on off_axis (device=cuda)
19:16:21 | INFO    | holoqpi.data.dataset | train split: 560 samples | modality=off_axis | crop=512 | augment=True
19:16:21 | INFO    | holoqpi.data.dataset | val split: 127 samples | modality=off_axis | crop=None | augment=False
19:16:22 | INFO    | holoqpi.models.encoders | loading pretrained mobilenet_v2 from weights/mobilenet_v2-b0353104.pth
19:16:22 | INFO    | holoqpi.models.encoders | loading pretrained mobilenet_v2 from weights/mobilenet_v2-b0353104.pth
19:16:22 | INFO    | holoqpi.models.encoders | encoder=mobilenet_v2 in_channels=1 pretrained=True weights=local (weights) stages=[16, 24, 32, 96, 1280]
19:16:22 | INFO    | holoqpi.models.holonet | HoloQPINet built: 9.60M parameters, 9.60M trainable (100.0%)
19:16:23 | INFO    | holoqpi.engine.trainer | trainable 9.60M / 9.60M parameters (100.0%)
19:16:23 | INFO    | holoqpi.engine.trainer | objective: phase=1  segmentation=1
19:16:23 | INFO    | holoqpi.engine.trainer | active physics terms: none
19:16:30 | INFO    | holoqpi.engine.trainer |   epoch 1 step 0/140 loss=1.9198
19:16:33 | INFO    | holoqpi.engine.trainer |   epoch 1 step 20/140 loss=1.4855
19:16:38 | INFO    | holoqpi.engine.trainer |   epoch 1 step 40/140 loss=1.2975
19:16:42 | INFO    | holoqpi.engine.trainer |   epoch 1 step 60/140 loss=1.2116
19:16:47 | INFO    | holoqpi.engine.trainer |   epoch 1 step 80/140 loss=1.1241
19:16:52 | INFO    | holoqpi.engine.trainer |   epoch 1 step 100/140 loss=0.9746
19:16:56 | INFO    | holoqpi.engine.trainer |   epoch 1 step 120/140 loss=1.0179
19:17:55 | INFO    | holoqpi.engine.trainer |   new best composite=0.6143
19:17:55 | INFO    | holoqpi.engine.trainer | epoch 1/60 (91s = 37s train + 55s val) | train_loss=1.2183  val_phase_mae=0.2433  val_dice=0.6618  val_cls_acc=nan  val_mass_mape=0.4045
19:17:55 | INFO    | holoqpi.engine.trainer |   at this rate the full 60-epoch schedule takes about 91 min
19:17:56 | INFO    | holoqpi.engine.trainer |   epoch 2 step 0/140 loss=0.8887
19:18:00 | INFO    | holoqpi.engine.trainer |   epoch 2 step 20/140 loss=0.9116
19:18:05 | INFO    | holoqpi.engine.trainer |   epoch 2 step 40/140 loss=0.8312
19:18:09 | INFO    | holoqpi.engine.trainer |   epoch 2 step 60/140 loss=0.7419
19:18:14 | INFO    | holoqpi.engine.trainer |   epoch 2 step 80/140 loss=0.7299
19:18:18 | INFO    | holoqpi.engine.trainer |   epoch 2 step 100/140 loss=0.6930
19:18:23 | INFO    | holoqpi.engine.trainer |   epoch 2 step 120/140 loss=0.7141
19:19:18 | INFO    | holoqpi.engine.trainer |   new best composite=0.7294
19:19:18 | INFO    | holoqpi.engine.trainer | epoch 2/60 (83s = 32s train + 51s val) | train_loss=0.7494  val_phase_mae=0.2100  val_dice=0.7497  val_cls_acc=nan  val_mass_mape=0.2630
19:19:19 | INFO    | holoqpi.engine.trainer |   epoch 3 step 0/140 loss=0.5859
19:19:23 | INFO    | holoqpi.engine.trainer |   epoch 3 step 20/140 loss=0.5771
19:19:28 | INFO    | holoqpi.engine.trainer |   epoch 3 step 40/140 loss=0.6363
19:19:33 | INFO    | holoqpi.engine.trainer |   epoch 3 step 60/140 loss=0.5647
19:19:37 | INFO    | holoqpi.engine.trainer |   epoch 3 step 80/140 loss=0.5566
19:19:42 | INFO    | holoqpi.engine.trainer |   epoch 3 step 100/140 loss=0.5631
19:19:46 | INFO    | holoqpi.engine.trainer |   epoch 3 step 120/140 loss=0.4748
19:20:42 | INFO    | holoqpi.engine.trainer |   new best composite=0.7425
19:20:42 | INFO    | holoqpi.engine.trainer | epoch 3/60 (84s = 32s train + 52s val) | train_loss=0.5682  val_phase_mae=0.1947  val_dice=0.7676  val_cls_acc=nan  val_mass_mape=0.2755
19:20:43 | INFO    | holoqpi.engine.trainer |   epoch 4 step 0/140 loss=0.4658
19:20:47 | INFO    | holoqpi.engine.trainer |   epoch 4 step 20/140 loss=0.6814
19:20:52 | INFO    | holoqpi.engine.trainer |   epoch 4 step 40/140 loss=0.4703
19:20:56 | INFO    | holoqpi.engine.trainer |   epoch 4 step 60/140 loss=0.4131
19:21:01 | INFO    | holoqpi.engine.trainer |   epoch 4 step 80/140 loss=0.3855
19:21:05 | INFO    | holoqpi.engine.trainer |   epoch 4 step 100/140 loss=0.4273
19:21:10 | INFO    | holoqpi.engine.trainer |   epoch 4 step 120/140 loss=0.4682
19:22:05 | INFO    | holoqpi.engine.trainer |   new best composite=0.7764
19:22:05 | INFO    | holoqpi.engine.trainer | epoch 4/60 (83s = 31s train + 52s val) | train_loss=0.4859  val_phase_mae=0.1806  val_dice=0.7968  val_cls_acc=nan  val_mass_mape=0.2353
19:22:06 | INFO    | holoqpi.engine.trainer |   epoch 5 step 0/140 loss=0.5529
19:22:11 | INFO    | holoqpi.engine.trainer |   epoch 5 step 20/140 loss=0.5540
19:22:15 | INFO    | holoqpi.engine.trainer |   epoch 5 step 40/140 loss=0.4046
19:22:20 | INFO    | holoqpi.engine.trainer |   epoch 5 step 60/140 loss=0.5169
19:22:24 | INFO    | holoqpi.engine.trainer |   epoch 5 step 80/140 loss=0.4254
19:22:29 | INFO    | holoqpi.engine.trainer |   epoch 5 step 100/140 loss=0.5093
19:22:33 | INFO    | holoqpi.engine.trainer |   epoch 5 step 120/140 loss=0.4672
19:23:29 | INFO    | holoqpi.engine.trainer |   new best composite=0.7819
19:23:29 | INFO    | holoqpi.engine.trainer | epoch 5/60 (83s = 32s train + 52s val) | train_loss=0.4496  val_phase_mae=0.1853  val_dice=0.8073  val_cls_acc=nan  val_mass_mape=0.2416
19:23:30 | INFO    | holoqpi.engine.trainer |   epoch 6 step 0/140 loss=0.4216
19:23:34 | INFO    | holoqpi.engine.trainer |   epoch 6 step 20/140 loss=0.3635
19:23:39 | INFO    | holoqpi.engine.trainer |   epoch 6 step 40/140 loss=0.4479
19:23:43 | INFO    | holoqpi.engine.trainer |   epoch 6 step 60/140 loss=0.4605
19:23:48 | INFO    | holoqpi.engine.trainer |   epoch 6 step 80/140 loss=0.3998
19:23:52 | INFO    | holoqpi.engine.trainer |   epoch 6 step 100/140 loss=0.4020
19:23:57 | INFO    | holoqpi.engine.trainer |   epoch 6 step 120/140 loss=0.4337
19:24:53 | INFO    | holoqpi.engine.trainer | epoch 6/60 (84s = 31s train + 52s val) | train_loss=0.4292  val_phase_mae=0.1812  val_dice=0.7930  val_cls_acc=nan  val_mass_mape=0.2451
19:24:54 | INFO    | holoqpi.engine.trainer |   epoch 7 step 0/140 loss=0.4218
19:24:58 | INFO    | holoqpi.engine.trainer |   epoch 7 step 20/140 loss=0.4158
19:25:03 | INFO    | holoqpi.engine.trainer |   epoch 7 step 40/140 loss=0.4012
19:25:07 | INFO    | holoqpi.engine.trainer |   epoch 7 step 60/140 loss=0.4597
19:25:12 | INFO    | holoqpi.engine.trainer |   epoch 7 step 80/140 loss=0.4806
19:25:16 | INFO    | holoqpi.engine.trainer |   epoch 7 step 100/140 loss=0.3781
19:25:21 | INFO    | holoqpi.engine.trainer |   epoch 7 step 120/140 loss=0.3765
19:26:15 | INFO    | holoqpi.engine.trainer |   new best composite=0.7929
19:26:15 | INFO    | holoqpi.engine.trainer | epoch 7/60 (82s = 31s train + 51s val) | train_loss=0.4184  val_phase_mae=0.1787  val_dice=0.8099  val_cls_acc=nan  val_mass_mape=0.2099
19:26:16 | INFO    | holoqpi.engine.trainer |   epoch 8 step 0/140 loss=0.4110
19:26:21 | INFO    | holoqpi.engine.trainer |   epoch 8 step 20/140 loss=0.4126
19:26:25 | INFO    | holoqpi.engine.trainer |   epoch 8 step 40/140 loss=0.3929
19:26:30 | INFO    | holoqpi.engine.trainer |   epoch 8 step 60/140 loss=0.5677
19:26:34 | INFO    | holoqpi.engine.trainer |   epoch 8 step 80/140 loss=0.3838
19:26:39 | INFO    | holoqpi.engine.trainer |   epoch 8 step 100/140 loss=0.4174
19:26:43 | INFO    | holoqpi.engine.trainer |   epoch 8 step 120/140 loss=0.4330
19:27:38 | INFO    | holoqpi.engine.trainer | epoch 8/60 (82s = 31s train + 51s val) | train_loss=0.4037  val_phase_mae=0.1743  val_dice=0.8123  val_cls_acc=nan  val_mass_mape=0.2450
19:27:39 | INFO    | holoqpi.engine.trainer |   epoch 9 step 0/140 loss=0.3696
19:27:43 | INFO    | holoqpi.engine.trainer |   epoch 9 step 20/140 loss=0.4098
19:27:48 | INFO    | holoqpi.engine.trainer |   epoch 9 step 40/140 loss=0.3669
19:27:52 | INFO    | holoqpi.engine.trainer |   epoch 9 step 60/140 loss=0.3234
19:27:57 | INFO    | holoqpi.engine.trainer |   epoch 9 step 80/140 loss=0.3675
19:28:01 | INFO    | holoqpi.engine.trainer |   epoch 9 step 100/140 loss=0.3873
19:28:06 | INFO    | holoqpi.engine.trainer |   epoch 9 step 120/140 loss=0.3409
19:29:01 | INFO    | holoqpi.engine.trainer |   new best composite=0.7959
19:29:01 | INFO    | holoqpi.engine.trainer | epoch 9/60 (83s = 31s train + 51s val) | train_loss=0.3954  val_phase_mae=0.1782  val_dice=0.8122  val_cls_acc=nan  val_mass_mape=0.2066
19:29:02 | INFO    | holoqpi.engine.trainer |   epoch 10 step 0/140 loss=0.4644
19:29:06 | INFO    | holoqpi.engine.trainer |   epoch 10 step 20/140 loss=0.3910
19:29:11 | INFO    | holoqpi.engine.trainer |   epoch 10 step 40/140 loss=0.3905
19:29:15 | INFO    | holoqpi.engine.trainer |   epoch 10 step 60/140 loss=0.3402
19:29:20 | INFO    | holoqpi.engine.trainer |   epoch 10 step 80/140 loss=0.3143
19:29:25 | INFO    | holoqpi.engine.trainer |   epoch 10 step 100/140 loss=0.3733
19:29:29 | INFO    | holoqpi.engine.trainer |   epoch 10 step 120/140 loss=0.3392
19:30:24 | INFO    | holoqpi.engine.trainer | epoch 10/60 (83s = 32s train + 51s val) | train_loss=0.3846  val_phase_mae=0.1811  val_dice=0.7948  val_cls_acc=nan  val_mass_mape=0.2513
19:30:25 | INFO    | holoqpi.engine.trainer |   epoch 11 step 0/140 loss=0.3586
19:30:29 | INFO    | holoqpi.engine.trainer |   epoch 11 step 20/140 loss=0.3349
19:30:33 | INFO    | holoqpi.engine.trainer |   epoch 11 step 40/140 loss=0.3243
19:30:38 | INFO    | holoqpi.engine.trainer |   epoch 11 step 60/140 loss=0.3972
19:30:42 | INFO    | holoqpi.engine.trainer |   epoch 11 step 80/140 loss=0.3956
19:30:47 | INFO    | holoqpi.engine.trainer |   epoch 11 step 100/140 loss=0.3311
19:30:51 | INFO    | holoqpi.engine.trainer |   epoch 11 step 120/140 loss=0.4579
19:31:47 | INFO    | holoqpi.engine.trainer |   new best composite=0.8022
19:31:47 | INFO    | holoqpi.engine.trainer | epoch 11/60 (83s = 31s train + 52s val) | train_loss=0.3745  val_phase_mae=0.1755  val_dice=0.8176  val_cls_acc=nan  val_mass_mape=0.1932
19:31:48 | INFO    | holoqpi.engine.trainer |   epoch 12 step 0/140 loss=0.4510
19:31:52 | INFO    | holoqpi.engine.trainer |   epoch 12 step 20/140 loss=0.3835
19:31:57 | INFO    | holoqpi.engine.trainer |   epoch 12 step 40/140 loss=0.4478
19:32:01 | INFO    | holoqpi.engine.trainer |   epoch 12 step 60/140 loss=0.3817
19:32:05 | INFO    | holoqpi.engine.trainer |   epoch 12 step 80/140 loss=0.3601
19:32:10 | INFO    | holoqpi.engine.trainer |   epoch 12 step 100/140 loss=0.3407
19:32:14 | INFO    | holoqpi.engine.trainer |   epoch 12 step 120/140 loss=0.3085
19:33:10 | INFO    | holoqpi.engine.trainer | epoch 12/60 (83s = 31s train + 52s val) | train_loss=0.3724  val_phase_mae=0.1775  val_dice=0.8149  val_cls_acc=nan  val_mass_mape=0.2032
19:33:11 | INFO    | holoqpi.engine.trainer |   epoch 13 step 0/140 loss=0.4404
19:33:15 | INFO    | holoqpi.engine.trainer |   epoch 13 step 20/140 loss=0.3240
19:33:20 | INFO    | holoqpi.engine.trainer |   epoch 13 step 40/140 loss=0.4191
19:33:24 | INFO    | holoqpi.engine.trainer |   epoch 13 step 60/140 loss=0.3592
19:33:28 | INFO    | holoqpi.engine.trainer |   epoch 13 step 80/140 loss=0.4162
19:33:33 | INFO    | holoqpi.engine.trainer |   epoch 13 step 100/140 loss=0.3179
19:33:37 | INFO    | holoqpi.engine.trainer |   epoch 13 step 120/140 loss=0.4174
19:34:33 | INFO    | holoqpi.engine.trainer |   new best composite=0.8035
19:34:33 | INFO    | holoqpi.engine.trainer | epoch 13/60 (83s = 31s train + 52s val) | train_loss=0.3693  val_phase_mae=0.1726  val_dice=0.8180  val_cls_acc=nan  val_mass_mape=0.1988
19:34:34 | INFO    | holoqpi.engine.trainer |   epoch 14 step 0/140 loss=0.4269
19:34:38 | INFO    | holoqpi.engine.trainer |   epoch 14 step 20/140 loss=0.3281
19:34:43 | INFO    | holoqpi.engine.trainer |   epoch 14 step 40/140 loss=0.2901
19:34:47 | INFO    | holoqpi.engine.trainer |   epoch 14 step 60/140 loss=0.3218
19:34:52 | INFO    | holoqpi.engine.trainer |   epoch 14 step 80/140 loss=0.4567
19:34:56 | INFO    | holoqpi.engine.trainer |   epoch 14 step 100/140 loss=0.3852
19:35:01 | INFO    | holoqpi.engine.trainer |   epoch 14 step 120/140 loss=0.4700
19:35:55 | INFO    | holoqpi.engine.trainer | epoch 14/60 (82s = 31s train + 51s val) | train_loss=0.3686  val_phase_mae=0.1738  val_dice=0.8220  val_cls_acc=nan  val_mass_mape=0.2255
19:35:56 | INFO    | holoqpi.engine.trainer |   epoch 15 step 0/140 loss=0.3963
19:36:00 | INFO    | holoqpi.engine.trainer |   epoch 15 step 20/140 loss=0.3581
19:36:05 | INFO    | holoqpi.engine.trainer |   epoch 15 step 40/140 loss=0.3182
19:36:09 | INFO    | holoqpi.engine.trainer |   epoch 15 step 60/140 loss=0.4243
19:36:14 | INFO    | holoqpi.engine.trainer |   epoch 15 step 80/140 loss=0.3042
19:36:18 | INFO    | holoqpi.engine.trainer |   epoch 15 step 100/140 loss=0.3888
19:36:23 | INFO    | holoqpi.engine.trainer |   epoch 15 step 120/140 loss=0.3703
19:37:17 | INFO    | holoqpi.engine.trainer | epoch 15/60 (82s = 31s train + 51s val) | train_loss=0.3627  val_phase_mae=0.1736  val_dice=0.8172  val_cls_acc=nan  val_mass_mape=0.2072
19:37:18 | INFO    | holoqpi.engine.trainer |   epoch 16 step 0/140 loss=0.4131
19:37:22 | INFO    | holoqpi.engine.trainer |   epoch 16 step 20/140 loss=0.3010
19:37:26 | INFO    | holoqpi.engine.trainer |   epoch 16 step 40/140 loss=0.3137
19:37:31 | INFO    | holoqpi.engine.trainer |   epoch 16 step 60/140 loss=0.3728
19:37:35 | INFO    | holoqpi.engine.trainer |   epoch 16 step 80/140 loss=0.4158
19:37:40 | INFO    | holoqpi.engine.trainer |   epoch 16 step 100/140 loss=0.3812
19:37:44 | INFO    | holoqpi.engine.trainer |   epoch 16 step 120/140 loss=0.3965
19:38:39 | INFO    | holoqpi.engine.trainer | epoch 16/60 (83s = 31s train + 51s val) | train_loss=0.3557  val_phase_mae=0.1775  val_dice=0.8208  val_cls_acc=nan  val_mass_mape=0.2158
19:38:40 | INFO    | holoqpi.engine.trainer |   epoch 17 step 0/140 loss=0.4311
19:38:45 | INFO    | holoqpi.engine.trainer |   epoch 17 step 20/140 loss=0.3220
19:38:49 | INFO    | holoqpi.engine.trainer |   epoch 17 step 40/140 loss=0.4261
19:38:53 | INFO    | holoqpi.engine.trainer |   epoch 17 step 60/140 loss=0.2955
19:38:58 | INFO    | holoqpi.engine.trainer |   epoch 17 step 80/140 loss=0.3423
19:39:02 | INFO    | holoqpi.engine.trainer |   epoch 17 step 100/140 loss=0.3228
19:39:07 | INFO    | holoqpi.engine.trainer |   epoch 17 step 120/140 loss=0.4103
19:40:02 | INFO    | holoqpi.engine.trainer | epoch 17/60 (82s = 31s train + 51s val) | train_loss=0.3552  val_phase_mae=0.1751  val_dice=0.8220  val_cls_acc=nan  val_mass_mape=0.2498
19:40:02 | INFO    | holoqpi.engine.trainer |   epoch 18 step 0/140 loss=0.2628
19:40:07 | INFO    | holoqpi.engine.trainer |   epoch 18 step 20/140 loss=0.3650
19:40:11 | INFO    | holoqpi.engine.trainer |   epoch 18 step 40/140 loss=0.3555
19:40:16 | INFO    | holoqpi.engine.trainer |   epoch 18 step 60/140 loss=0.3801
19:40:20 | INFO    | holoqpi.engine.trainer |   epoch 18 step 80/140 loss=0.4067
19:40:25 | INFO    | holoqpi.engine.trainer |   epoch 18 step 100/140 loss=0.3425
19:40:29 | INFO    | holoqpi.engine.trainer |   epoch 18 step 120/140 loss=0.4003
19:41:24 | INFO    | holoqpi.engine.trainer | epoch 18/60 (82s = 31s train + 51s val) | train_loss=0.3546  val_phase_mae=0.1958  val_dice=0.8226  val_cls_acc=nan  val_mass_mape=0.4249
19:41:25 | INFO    | holoqpi.engine.trainer |   epoch 19 step 0/140 loss=0.3253
19:41:29 | INFO    | holoqpi.engine.trainer |   epoch 19 step 20/140 loss=0.3183
19:41:34 | INFO    | holoqpi.engine.trainer |   epoch 19 step 40/140 loss=0.3585
19:41:38 | INFO    | holoqpi.engine.trainer |   epoch 19 step 60/140 loss=0.3339
19:41:42 | INFO    | holoqpi.engine.trainer |   epoch 19 step 80/140 loss=0.3433
19:41:47 | INFO    | holoqpi.engine.trainer |   epoch 19 step 100/140 loss=0.2698
19:41:51 | INFO    | holoqpi.engine.trainer |   epoch 19 step 120/140 loss=0.3701
19:42:46 | INFO    | holoqpi.engine.trainer |   new best composite=0.8043
19:42:46 | INFO    | holoqpi.engine.trainer | epoch 19/60 (82s = 31s train + 51s val) | train_loss=0.3501  val_phase_mae=0.1660  val_dice=0.8216  val_cls_acc=nan  val_mass_mape=0.2050
19:42:47 | INFO    | holoqpi.engine.trainer |   epoch 20 step 0/140 loss=0.3255
19:42:52 | INFO    | holoqpi.engine.trainer |   epoch 20 step 20/140 loss=0.3272
19:42:56 | INFO    | holoqpi.engine.trainer |   epoch 20 step 40/140 loss=0.3152
19:43:01 | INFO    | holoqpi.engine.trainer |   epoch 20 step 60/140 loss=0.3567
19:43:05 | INFO    | holoqpi.engine.trainer |   epoch 20 step 80/140 loss=0.3055
19:43:10 | INFO    | holoqpi.engine.trainer |   epoch 20 step 100/140 loss=0.3271
19:43:14 | INFO    | holoqpi.engine.trainer |   epoch 20 step 120/140 loss=0.3603
19:44:09 | INFO    | holoqpi.engine.trainer |   new best composite=0.8047
19:44:09 | INFO    | holoqpi.engine.trainer | epoch 20/60 (83s = 31s train + 51s val) | train_loss=0.3456  val_phase_mae=0.1748  val_dice=0.8227  val_cls_acc=nan  val_mass_mape=0.2022
19:44:10 | INFO    | holoqpi.engine.trainer |   epoch 21 step 0/140 loss=0.3284
19:44:15 | INFO    | holoqpi.engine.trainer |   epoch 21 step 20/140 loss=0.4165
19:44:19 | INFO    | holoqpi.engine.trainer |   epoch 21 step 40/140 loss=0.4053
19:44:24 | INFO    | holoqpi.engine.trainer |   epoch 21 step 60/140 loss=0.3248
19:44:28 | INFO    | holoqpi.engine.trainer |   epoch 21 step 80/140 loss=0.3073
19:44:33 | INFO    | holoqpi.engine.trainer |   epoch 21 step 100/140 loss=0.4664
19:44:37 | INFO    | holoqpi.engine.trainer |   epoch 21 step 120/140 loss=0.3095
19:45:32 | INFO    | holoqpi.engine.trainer | epoch 21/60 (83s = 31s train + 51s val) | train_loss=0.3450  val_phase_mae=0.1736  val_dice=0.8195  val_cls_acc=nan  val_mass_mape=0.2102
19:45:33 | INFO    | holoqpi.engine.trainer |   epoch 22 step 0/140 loss=0.2986
19:45:37 | INFO    | holoqpi.engine.trainer |   epoch 22 step 20/140 loss=0.3107
19:45:42 | INFO    | holoqpi.engine.trainer |   epoch 22 step 40/140 loss=0.4056
19:45:46 | INFO    | holoqpi.engine.trainer |   epoch 22 step 60/140 loss=0.3503
19:45:51 | INFO    | holoqpi.engine.trainer |   epoch 22 step 80/140 loss=0.3094
19:45:55 | INFO    | holoqpi.engine.trainer |   epoch 22 step 100/140 loss=0.3677
19:45:59 | INFO    | holoqpi.engine.trainer |   epoch 22 step 120/140 loss=0.3073
19:46:54 | INFO    | holoqpi.engine.trainer |   new best composite=0.8050
19:46:54 | INFO    | holoqpi.engine.trainer | epoch 22/60 (82s = 31s train + 51s val) | train_loss=0.3415  val_phase_mae=0.1641  val_dice=0.8239  val_cls_acc=nan  val_mass_mape=0.2075
19:46:56 | INFO    | holoqpi.engine.trainer |   epoch 23 step 0/140 loss=0.3211
19:47:00 | INFO    | holoqpi.engine.trainer |   epoch 23 step 20/140 loss=0.3112
19:47:04 | INFO    | holoqpi.engine.trainer |   epoch 23 step 40/140 loss=0.5617
19:47:09 | INFO    | holoqpi.engine.trainer |   epoch 23 step 60/140 loss=0.2687
19:47:14 | INFO    | holoqpi.engine.trainer |   epoch 23 step 80/140 loss=0.3530
19:47:18 | INFO    | holoqpi.engine.trainer |   epoch 23 step 100/140 loss=0.3111
19:47:22 | INFO    | holoqpi.engine.trainer |   epoch 23 step 120/140 loss=0.2619
19:48:18 | INFO    | holoqpi.engine.trainer | epoch 23/60 (83s = 31s train + 52s val) | train_loss=0.3313  val_phase_mae=0.1690  val_dice=0.8193  val_cls_acc=nan  val_mass_mape=0.1955
19:48:19 | INFO    | holoqpi.engine.trainer |   epoch 24 step 0/140 loss=0.4057
19:48:23 | INFO    | holoqpi.engine.trainer |   epoch 24 step 20/140 loss=0.3047
19:48:28 | INFO    | holoqpi.engine.trainer |   epoch 24 step 40/140 loss=0.4039
19:48:33 | INFO    | holoqpi.engine.trainer |   epoch 24 step 60/140 loss=0.3335
19:48:37 | INFO    | holoqpi.engine.trainer |   epoch 24 step 80/140 loss=0.3782
19:48:42 | INFO    | holoqpi.engine.trainer |   epoch 24 step 100/140 loss=0.3320
19:48:46 | INFO    | holoqpi.engine.trainer |   epoch 24 step 120/140 loss=0.3302
19:49:41 | INFO    | holoqpi.engine.trainer | epoch 24/60 (83s = 31s train + 52s val) | train_loss=0.3370  val_phase_mae=0.1670  val_dice=0.8174  val_cls_acc=nan  val_mass_mape=0.1975
19:49:42 | INFO    | holoqpi.engine.trainer |   epoch 25 step 0/140 loss=0.3529
19:49:47 | INFO    | holoqpi.engine.trainer |   epoch 25 step 20/140 loss=0.3565
19:49:51 | INFO    | holoqpi.engine.trainer |   epoch 25 step 40/140 loss=0.3674
19:49:56 | INFO    | holoqpi.engine.trainer |   epoch 25 step 60/140 loss=0.3187
19:50:00 | INFO    | holoqpi.engine.trainer |   epoch 25 step 80/140 loss=0.3870
19:50:05 | INFO    | holoqpi.engine.trainer |   epoch 25 step 100/140 loss=0.3312
19:50:09 | INFO    | holoqpi.engine.trainer |   epoch 25 step 120/140 loss=0.3537
19:51:04 | INFO    | holoqpi.engine.trainer | epoch 25/60 (83s = 31s train + 52s val) | train_loss=0.3349  val_phase_mae=0.1651  val_dice=0.8230  val_cls_acc=nan  val_mass_mape=0.1951
19:51:05 | INFO    | holoqpi.engine.trainer |   epoch 26 step 0/140 loss=0.3431
19:51:10 | INFO    | holoqpi.engine.trainer |   epoch 26 step 20/140 loss=0.3125
19:51:14 | INFO    | holoqpi.engine.trainer |   epoch 26 step 40/140 loss=0.3917
19:51:19 | INFO    | holoqpi.engine.trainer |   epoch 26 step 60/140 loss=0.2920
19:51:23 | INFO    | holoqpi.engine.trainer |   epoch 26 step 80/140 loss=0.3010
19:51:27 | INFO    | holoqpi.engine.trainer |   epoch 26 step 100/140 loss=0.3612
19:51:32 | INFO    | holoqpi.engine.trainer |   epoch 26 step 120/140 loss=0.3892
19:52:27 | INFO    | holoqpi.engine.trainer |   new best composite=0.8065
19:52:27 | INFO    | holoqpi.engine.trainer | epoch 26/60 (82s = 31s train + 51s val) | train_loss=0.3304  val_phase_mae=0.1740  val_dice=0.8223  val_cls_acc=nan  val_mass_mape=0.1922
19:52:28 | INFO    | holoqpi.engine.trainer |   epoch 27 step 0/140 loss=0.2733
19:52:32 | INFO    | holoqpi.engine.trainer |   epoch 27 step 20/140 loss=0.3123
19:52:37 | INFO    | holoqpi.engine.trainer |   epoch 27 step 40/140 loss=0.3114
19:52:41 | INFO    | holoqpi.engine.trainer |   epoch 27 step 60/140 loss=0.3153
19:52:46 | INFO    | holoqpi.engine.trainer |   epoch 27 step 80/140 loss=0.3317
19:52:50 | INFO    | holoqpi.engine.trainer |   epoch 27 step 100/140 loss=0.3289
19:52:54 | INFO    | holoqpi.engine.trainer |   epoch 27 step 120/140 loss=0.3047
19:53:50 | INFO    | holoqpi.engine.trainer | epoch 27/60 (83s = 31s train + 52s val) | train_loss=0.3327  val_phase_mae=0.1693  val_dice=0.8224  val_cls_acc=nan  val_mass_mape=0.1880
19:53:51 | INFO    | holoqpi.engine.trainer |   epoch 28 step 0/140 loss=0.2993
19:53:55 | INFO    | holoqpi.engine.trainer |   epoch 28 step 20/140 loss=0.3056
19:54:00 | INFO    | holoqpi.engine.trainer |   epoch 28 step 40/140 loss=0.3926
19:54:04 | INFO    | holoqpi.engine.trainer |   epoch 28 step 60/140 loss=0.2580
19:54:09 | INFO    | holoqpi.engine.trainer |   epoch 28 step 80/140 loss=0.3409
19:54:13 | INFO    | holoqpi.engine.trainer |   epoch 28 step 100/140 loss=0.4593
19:54:17 | INFO    | holoqpi.engine.trainer |   epoch 28 step 120/140 loss=0.2825
19:55:13 | INFO    | holoqpi.engine.trainer |   new best composite=0.8116
19:55:13 | INFO    | holoqpi.engine.trainer | epoch 28/60 (83s = 31s train + 52s val) | train_loss=0.3275  val_phase_mae=0.1654  val_dice=0.8274  val_cls_acc=nan  val_mass_mape=0.1878
19:55:14 | INFO    | holoqpi.engine.trainer |   epoch 29 step 0/140 loss=0.3149
19:55:18 | INFO    | holoqpi.engine.trainer |   epoch 29 step 20/140 loss=0.2766
19:55:23 | INFO    | holoqpi.engine.trainer |   epoch 29 step 40/140 loss=0.2597
19:55:27 | INFO    | holoqpi.engine.trainer |   epoch 29 step 60/140 loss=0.2958
19:55:32 | INFO    | holoqpi.engine.trainer |   epoch 29 step 80/140 loss=0.3183
19:55:36 | INFO    | holoqpi.engine.trainer |   epoch 29 step 100/140 loss=0.3115
19:55:40 | INFO    | holoqpi.engine.trainer |   epoch 29 step 120/140 loss=0.3924
19:56:35 | INFO    | holoqpi.engine.trainer | epoch 29/60 (82s = 30s train + 52s val) | train_loss=0.3297  val_phase_mae=0.1669  val_dice=0.8224  val_cls_acc=nan  val_mass_mape=0.2107
19:56:36 | INFO    | holoqpi.engine.trainer |   epoch 30 step 0/140 loss=0.3248
19:56:41 | INFO    | holoqpi.engine.trainer |   epoch 30 step 20/140 loss=0.4331
19:56:45 | INFO    | holoqpi.engine.trainer |   epoch 30 step 40/140 loss=0.3074
19:56:49 | INFO    | holoqpi.engine.trainer |   epoch 30 step 60/140 loss=0.2655
19:56:54 | INFO    | holoqpi.engine.trainer |   epoch 30 step 80/140 loss=0.3348
19:56:58 | INFO    | holoqpi.engine.trainer |   epoch 30 step 100/140 loss=0.2751
19:57:02 | INFO    | holoqpi.engine.trainer |   epoch 30 step 120/140 loss=0.2535
19:57:58 | INFO    | holoqpi.engine.trainer | epoch 30/60 (82s = 31s train + 52s val) | train_loss=0.3236  val_phase_mae=0.1644  val_dice=0.8247  val_cls_acc=nan  val_mass_mape=0.1893
19:57:59 | INFO    | holoqpi.engine.trainer |   epoch 31 step 0/140 loss=0.2683
19:58:03 | INFO    | holoqpi.engine.trainer |   epoch 31 step 20/140 loss=0.2587
19:58:08 | INFO    | holoqpi.engine.trainer |   epoch 31 step 40/140 loss=0.3620
19:58:12 | INFO    | holoqpi.engine.trainer |   epoch 31 step 60/140 loss=0.3523
19:58:17 | INFO    | holoqpi.engine.trainer |   epoch 31 step 80/140 loss=0.3376
19:58:21 | INFO    | holoqpi.engine.trainer |   epoch 31 step 100/140 loss=0.3983
19:58:25 | INFO    | holoqpi.engine.trainer |   epoch 31 step 120/140 loss=0.3311
19:59:20 | INFO    | holoqpi.engine.trainer |   new best composite=0.8136
19:59:20 | INFO    | holoqpi.engine.trainer | epoch 31/60 (82s = 31s train + 52s val) | train_loss=0.3229  val_phase_mae=0.1617  val_dice=0.8263  val_cls_acc=nan  val_mass_mape=0.1778
19:59:21 | INFO    | holoqpi.engine.trainer |   epoch 32 step 0/140 loss=0.2627
19:59:26 | INFO    | holoqpi.engine.trainer |   epoch 32 step 20/140 loss=0.3315
19:59:30 | INFO    | holoqpi.engine.trainer |   epoch 32 step 40/140 loss=0.3132
19:59:35 | INFO    | holoqpi.engine.trainer |   epoch 32 step 60/140 loss=0.2912
19:59:39 | INFO    | holoqpi.engine.trainer |   epoch 32 step 80/140 loss=0.2760
19:59:43 | INFO    | holoqpi.engine.trainer |   epoch 32 step 100/140 loss=0.4762
19:59:47 | INFO    | holoqpi.engine.trainer |   epoch 32 step 120/140 loss=0.2936
20:00:43 | INFO    | holoqpi.engine.trainer |   new best composite=0.8174
20:00:43 | INFO    | holoqpi.engine.trainer | epoch 32/60 (83s = 31s train + 52s val) | train_loss=0.3226  val_phase_mae=0.1646  val_dice=0.8298  val_cls_acc=nan  val_mass_mape=0.1740
20:00:44 | INFO    | holoqpi.engine.trainer |   epoch 33 step 0/140 loss=0.2429
20:00:49 | INFO    | holoqpi.engine.trainer |   epoch 33 step 20/140 loss=0.3125
20:00:53 | INFO    | holoqpi.engine.trainer |   epoch 33 step 40/140 loss=0.3153
20:00:58 | INFO    | holoqpi.engine.trainer |   epoch 33 step 60/140 loss=0.2815
20:01:02 | INFO    | holoqpi.engine.trainer |   epoch 33 step 80/140 loss=0.3182
20:01:06 | INFO    | holoqpi.engine.trainer |   epoch 33 step 100/140 loss=0.3543
20:01:11 | INFO    | holoqpi.engine.trainer |   epoch 33 step 120/140 loss=0.4586
20:02:06 | INFO    | holoqpi.engine.trainer | epoch 33/60 (83s = 31s train + 52s val) | train_loss=0.3131  val_phase_mae=0.1668  val_dice=0.8274  val_cls_acc=nan  val_mass_mape=0.1932
20:02:07 | INFO    | holoqpi.engine.trainer |   epoch 34 step 0/140 loss=0.3030
20:02:12 | INFO    | holoqpi.engine.trainer |   epoch 34 step 20/140 loss=0.3342
20:02:16 | INFO    | holoqpi.engine.trainer |   epoch 34 step 40/140 loss=0.3267
20:02:21 | INFO    | holoqpi.engine.trainer |   epoch 34 step 60/140 loss=0.3620
20:02:25 | INFO    | holoqpi.engine.trainer |   epoch 34 step 80/140 loss=0.2738
20:02:29 | INFO    | holoqpi.engine.trainer |   epoch 34 step 100/140 loss=0.2926
20:02:33 | INFO    | holoqpi.engine.trainer |   epoch 34 step 120/140 loss=0.3810
20:03:28 | INFO    | holoqpi.engine.trainer | epoch 34/60 (82s = 30s train + 52s val) | train_loss=0.3098  val_phase_mae=0.1640  val_dice=0.8257  val_cls_acc=nan  val_mass_mape=0.1883
20:03:29 | INFO    | holoqpi.engine.trainer |   epoch 35 step 0/140 loss=0.3220
20:03:34 | INFO    | holoqpi.engine.trainer |   epoch 35 step 20/140 loss=0.3461
20:03:38 | INFO    | holoqpi.engine.trainer |   epoch 35 step 40/140 loss=0.3117
20:03:43 | INFO    | holoqpi.engine.trainer |   epoch 35 step 60/140 loss=0.3211
20:03:47 | INFO    | holoqpi.engine.trainer |   epoch 35 step 80/140 loss=0.2727
20:03:51 | INFO    | holoqpi.engine.trainer |   epoch 35 step 100/140 loss=0.3924
20:03:55 | INFO    | holoqpi.engine.trainer |   epoch 35 step 120/140 loss=0.2902
20:04:50 | INFO    | holoqpi.engine.trainer | epoch 35/60 (82s = 30s train + 51s val) | train_loss=0.3139  val_phase_mae=0.1604  val_dice=0.8284  val_cls_acc=nan  val_mass_mape=0.1818
20:04:51 | INFO    | holoqpi.engine.trainer |   epoch 36 step 0/140 loss=0.2564
20:04:55 | INFO    | holoqpi.engine.trainer |   epoch 36 step 20/140 loss=0.3254
20:05:00 | INFO    | holoqpi.engine.trainer |   epoch 36 step 40/140 loss=0.3361
20:05:04 | INFO    | holoqpi.engine.trainer |   epoch 36 step 60/140 loss=0.2245
20:05:08 | INFO    | holoqpi.engine.trainer |   epoch 36 step 80/140 loss=0.3348
20:05:12 | INFO    | holoqpi.engine.trainer |   epoch 36 step 100/140 loss=0.2613
20:05:17 | INFO    | holoqpi.engine.trainer |   epoch 36 step 120/140 loss=0.2817
20:06:12 | INFO    | holoqpi.engine.trainer | epoch 36/60 (82s = 30s train + 52s val) | train_loss=0.3193  val_phase_mae=0.1613  val_dice=0.8276  val_cls_acc=nan  val_mass_mape=0.1795
20:06:13 | INFO    | holoqpi.engine.trainer |   epoch 37 step 0/140 loss=0.3278
20:06:17 | INFO    | holoqpi.engine.trainer |   epoch 37 step 20/140 loss=0.2627
20:06:22 | INFO    | holoqpi.engine.trainer |   epoch 37 step 40/140 loss=0.2958
20:06:26 | INFO    | holoqpi.engine.trainer |   epoch 37 step 60/140 loss=0.3126
20:06:31 | INFO    | holoqpi.engine.trainer |   epoch 37 step 80/140 loss=0.3293
20:06:35 | INFO    | holoqpi.engine.trainer |   epoch 37 step 100/140 loss=0.2619
20:06:39 | INFO    | holoqpi.engine.trainer |   epoch 37 step 120/140 loss=0.2659
20:07:34 | INFO    | holoqpi.engine.trainer | epoch 37/60 (82s = 30s train + 52s val) | train_loss=0.3093  val_phase_mae=0.1650  val_dice=0.8255  val_cls_acc=nan  val_mass_mape=0.1759
20:07:35 | INFO    | holoqpi.engine.trainer |   epoch 38 step 0/140 loss=0.2628
20:07:40 | INFO    | holoqpi.engine.trainer |   epoch 38 step 20/140 loss=0.2817
20:07:44 | INFO    | holoqpi.engine.trainer |   epoch 38 step 40/140 loss=0.3345
20:07:49 | INFO    | holoqpi.engine.trainer |   epoch 38 step 60/140 loss=0.3360
20:07:53 | INFO    | holoqpi.engine.trainer |   epoch 38 step 80/140 loss=0.2627
20:07:57 | INFO    | holoqpi.engine.trainer |   epoch 38 step 100/140 loss=0.3129
20:08:01 | INFO    | holoqpi.engine.trainer |   epoch 38 step 120/140 loss=0.2681
20:08:57 | INFO    | holoqpi.engine.trainer | epoch 38/60 (83s = 31s train + 52s val) | train_loss=0.3077  val_phase_mae=0.1610  val_dice=0.8265  val_cls_acc=nan  val_mass_mape=0.1805
20:08:58 | INFO    | holoqpi.engine.trainer |   epoch 39 step 0/140 loss=0.2695
20:09:03 | INFO    | holoqpi.engine.trainer |   epoch 39 step 20/140 loss=0.2836
20:09:07 | INFO    | holoqpi.engine.trainer |   epoch 39 step 40/140 loss=0.3654
20:09:12 | INFO    | holoqpi.engine.trainer |   epoch 39 step 60/140 loss=0.3916
20:09:16 | INFO    | holoqpi.engine.trainer |   epoch 39 step 80/140 loss=0.2776
20:09:20 | INFO    | holoqpi.engine.trainer |   epoch 39 step 100/140 loss=0.2770
20:09:24 | INFO    | holoqpi.engine.trainer |   epoch 39 step 120/140 loss=0.5002
20:10:19 | INFO    | holoqpi.engine.trainer | epoch 39/60 (82s = 30s train + 52s val) | train_loss=0.3087  val_phase_mae=0.1581  val_dice=0.8272  val_cls_acc=nan  val_mass_mape=0.1816
20:10:20 | INFO    | holoqpi.engine.trainer |   epoch 40 step 0/140 loss=0.3566
20:10:25 | INFO    | holoqpi.engine.trainer |   epoch 40 step 20/140 loss=0.3144
20:10:29 | INFO    | holoqpi.engine.trainer |   epoch 40 step 40/140 loss=0.3855
20:10:34 | INFO    | holoqpi.engine.trainer |   epoch 40 step 60/140 loss=0.2830
20:10:38 | INFO    | holoqpi.engine.trainer |   epoch 40 step 80/140 loss=0.2704
20:10:42 | INFO    | holoqpi.engine.trainer |   epoch 40 step 100/140 loss=0.4233
20:10:46 | INFO    | holoqpi.engine.trainer |   epoch 40 step 120/140 loss=0.3137
20:11:42 | INFO    | holoqpi.engine.trainer | epoch 40/60 (83s = 31s train + 52s val) | train_loss=0.3121  val_phase_mae=0.1590  val_dice=0.8273  val_cls_acc=nan  val_mass_mape=0.1762
20:11:43 | INFO    | holoqpi.engine.trainer |   epoch 41 step 0/140 loss=0.2733
20:11:47 | INFO    | holoqpi.engine.trainer |   epoch 41 step 20/140 loss=0.2805
20:11:52 | INFO    | holoqpi.engine.trainer |   epoch 41 step 40/140 loss=0.3137
20:11:56 | INFO    | holoqpi.engine.trainer |   epoch 41 step 60/140 loss=0.3232
20:12:00 | INFO    | holoqpi.engine.trainer |   epoch 41 step 80/140 loss=0.2820
20:12:04 | INFO    | holoqpi.engine.trainer |   epoch 41 step 100/140 loss=0.2567
20:12:08 | INFO    | holoqpi.engine.trainer |   epoch 41 step 120/140 loss=0.2315
20:13:04 | INFO    | holoqpi.engine.trainer | epoch 41/60 (82s = 30s train + 52s val) | train_loss=0.3033  val_phase_mae=0.1622  val_dice=0.8284  val_cls_acc=nan  val_mass_mape=0.1748
20:13:05 | INFO    | holoqpi.engine.trainer |   epoch 42 step 0/140 loss=0.2466
20:13:10 | INFO    | holoqpi.engine.trainer |   epoch 42 step 20/140 loss=0.3050
20:13:14 | INFO    | holoqpi.engine.trainer |   epoch 42 step 40/140 loss=0.2893
20:13:18 | INFO    | holoqpi.engine.trainer |   epoch 42 step 60/140 loss=0.3471
20:13:23 | INFO    | holoqpi.engine.trainer |   epoch 42 step 80/140 loss=0.2482
20:13:27 | INFO    | holoqpi.engine.trainer |   epoch 42 step 100/140 loss=0.3203
20:13:31 | INFO    | holoqpi.engine.trainer |   epoch 42 step 120/140 loss=0.3502
20:14:26 | INFO    | holoqpi.engine.trainer | epoch 42/60 (82s = 30s train + 52s val) | train_loss=0.3071  val_phase_mae=0.1660  val_dice=0.8302  val_cls_acc=nan  val_mass_mape=0.2094
20:14:27 | INFO    | holoqpi.engine.trainer |   epoch 43 step 0/140 loss=0.2691
20:14:32 | INFO    | holoqpi.engine.trainer |   epoch 43 step 20/140 loss=0.3402
20:14:36 | INFO    | holoqpi.engine.trainer |   epoch 43 step 40/140 loss=0.3026
20:14:40 | INFO    | holoqpi.engine.trainer |   epoch 43 step 60/140 loss=0.2649
20:14:45 | INFO    | holoqpi.engine.trainer |   epoch 43 step 80/140 loss=0.2785
20:14:49 | INFO    | holoqpi.engine.trainer |   epoch 43 step 100/140 loss=0.2405
20:14:53 | INFO    | holoqpi.engine.trainer |   epoch 43 step 120/140 loss=0.2902
20:15:48 | INFO    | holoqpi.engine.trainer | epoch 43/60 (82s = 30s train + 52s val) | train_loss=0.3046  val_phase_mae=0.1670  val_dice=0.8277  val_cls_acc=nan  val_mass_mape=0.2012
20:15:49 | INFO    | holoqpi.engine.trainer |   epoch 44 step 0/140 loss=0.2994
20:15:54 | INFO    | holoqpi.engine.trainer |   epoch 44 step 20/140 loss=0.2880
20:15:58 | INFO    | holoqpi.engine.trainer |   epoch 44 step 40/140 loss=0.3546
20:16:03 | INFO    | holoqpi.engine.trainer |   epoch 44 step 60/140 loss=0.3920
20:16:07 | INFO    | holoqpi.engine.trainer |   epoch 44 step 80/140 loss=0.2839
20:16:11 | INFO    | holoqpi.engine.trainer |   epoch 44 step 100/140 loss=0.3181
20:16:15 | INFO    | holoqpi.engine.trainer |   epoch 44 step 120/140 loss=0.2782
20:17:11 | INFO    | holoqpi.engine.trainer | epoch 44/60 (82s = 30s train + 52s val) | train_loss=0.3009  val_phase_mae=0.1612  val_dice=0.8265  val_cls_acc=nan  val_mass_mape=0.1784
20:17:12 | INFO    | holoqpi.engine.trainer |   epoch 45 step 0/140 loss=0.3519
20:17:16 | INFO    | holoqpi.engine.trainer |   epoch 45 step 20/140 loss=0.3001
20:17:21 | INFO    | holoqpi.engine.trainer |   epoch 45 step 40/140 loss=0.2767
20:17:25 | INFO    | holoqpi.engine.trainer |   epoch 45 step 60/140 loss=0.2925
20:17:29 | INFO    | holoqpi.engine.trainer |   epoch 45 step 80/140 loss=0.3158
20:17:33 | INFO    | holoqpi.engine.trainer |   epoch 45 step 100/140 loss=0.2693
20:17:37 | INFO    | holoqpi.engine.trainer |   epoch 45 step 120/140 loss=0.2539
20:18:32 | INFO    | holoqpi.engine.trainer | epoch 45/60 (82s = 30s train + 52s val) | train_loss=0.3036  val_phase_mae=0.1645  val_dice=0.8295  val_cls_acc=nan  val_mass_mape=0.1829
20:18:34 | INFO    | holoqpi.engine.trainer |   epoch 46 step 0/140 loss=0.3244
20:18:38 | INFO    | holoqpi.engine.trainer |   epoch 46 step 20/140 loss=0.2947
20:18:42 | INFO    | holoqpi.engine.trainer |   epoch 46 step 40/140 loss=0.3516
20:18:46 | INFO    | holoqpi.engine.trainer |   epoch 46 step 60/140 loss=0.3092
20:18:51 | INFO    | holoqpi.engine.trainer |   epoch 46 step 80/140 loss=0.3574
20:18:55 | INFO    | holoqpi.engine.trainer |   epoch 46 step 100/140 loss=0.2475
20:18:59 | INFO    | holoqpi.engine.trainer |   epoch 46 step 120/140 loss=0.2606
20:19:54 | INFO    | holoqpi.engine.trainer | epoch 46/60 (82s = 30s train + 52s val) | train_loss=0.2964  val_phase_mae=0.1631  val_dice=0.8275  val_cls_acc=nan  val_mass_mape=0.1911
20:19:55 | INFO    | holoqpi.engine.trainer |   epoch 47 step 0/140 loss=0.2744
20:20:00 | INFO    | holoqpi.engine.trainer |   epoch 47 step 20/140 loss=0.3073
20:20:04 | INFO    | holoqpi.engine.trainer |   epoch 47 step 40/140 loss=0.2817
20:20:08 | INFO    | holoqpi.engine.trainer |   epoch 47 step 60/140 loss=0.2758
20:20:12 | INFO    | holoqpi.engine.trainer |   epoch 47 step 80/140 loss=0.2702
20:20:16 | INFO    | holoqpi.engine.trainer |   epoch 47 step 100/140 loss=0.4629
20:20:20 | INFO    | holoqpi.engine.trainer |   epoch 47 step 120/140 loss=0.2695
20:21:17 | INFO    | holoqpi.engine.trainer | epoch 47/60 (82s = 30s train + 52s val) | train_loss=0.2987  val_phase_mae=0.1622  val_dice=0.8282  val_cls_acc=nan  val_mass_mape=0.1843
20:21:18 | INFO    | holoqpi.engine.trainer |   epoch 48 step 0/140 loss=0.2470
20:21:22 | INFO    | holoqpi.engine.trainer |   epoch 48 step 20/140 loss=0.3453
20:21:26 | INFO    | holoqpi.engine.trainer |   epoch 48 step 40/140 loss=0.3203
20:21:31 | INFO    | holoqpi.engine.trainer |   epoch 48 step 60/140 loss=0.2916
20:21:35 | INFO    | holoqpi.engine.trainer |   epoch 48 step 80/140 loss=0.2693
20:21:39 | INFO    | holoqpi.engine.trainer |   epoch 48 step 100/140 loss=0.3429
20:21:43 | INFO    | holoqpi.engine.trainer |   epoch 48 step 120/140 loss=0.3393
20:22:39 | INFO    | holoqpi.engine.trainer | epoch 48/60 (82s = 30s train + 53s val) | train_loss=0.2993  val_phase_mae=0.1606  val_dice=0.8306  val_cls_acc=nan  val_mass_mape=0.1790
20:22:40 | INFO    | holoqpi.engine.trainer |   epoch 49 step 0/140 loss=0.2885
20:22:44 | INFO    | holoqpi.engine.trainer |   epoch 49 step 20/140 loss=0.2990
20:22:49 | INFO    | holoqpi.engine.trainer |   epoch 49 step 40/140 loss=0.2664
20:22:53 | INFO    | holoqpi.engine.trainer |   epoch 49 step 60/140 loss=0.3032
20:22:57 | INFO    | holoqpi.engine.trainer |   epoch 49 step 80/140 loss=0.2807
20:23:01 | INFO    | holoqpi.engine.trainer |   epoch 49 step 100/140 loss=0.2729
20:23:05 | INFO    | holoqpi.engine.trainer |   epoch 49 step 120/140 loss=0.3302
20:24:01 | INFO    | holoqpi.engine.trainer | epoch 49/60 (82s = 30s train + 53s val) | train_loss=0.2990  val_phase_mae=0.1636  val_dice=0.8282  val_cls_acc=nan  val_mass_mape=0.2056
20:24:02 | INFO    | holoqpi.engine.trainer |   epoch 50 step 0/140 loss=0.3181
20:24:07 | INFO    | holoqpi.engine.trainer |   epoch 50 step 20/140 loss=0.3215
20:24:11 | INFO    | holoqpi.engine.trainer |   epoch 50 step 40/140 loss=0.2817
20:24:15 | INFO    | holoqpi.engine.trainer |   epoch 50 step 60/140 loss=0.3220
20:24:19 | INFO    | holoqpi.engine.trainer |   epoch 50 step 80/140 loss=0.3181
20:24:24 | INFO    | holoqpi.engine.trainer |   epoch 50 step 100/140 loss=0.3263
20:24:28 | INFO    | holoqpi.engine.trainer |   epoch 50 step 120/140 loss=0.3922
20:25:24 | INFO    | holoqpi.engine.trainer | epoch 50/60 (82s = 30s train + 53s val) | train_loss=0.2992  val_phase_mae=0.1589  val_dice=0.8275  val_cls_acc=nan  val_mass_mape=0.1785
20:25:25 | INFO    | holoqpi.engine.trainer |   epoch 51 step 0/140 loss=0.2688
20:25:29 | INFO    | holoqpi.engine.trainer |   epoch 51 step 20/140 loss=0.2869
20:25:33 | INFO    | holoqpi.engine.trainer |   epoch 51 step 40/140 loss=0.2924
20:25:38 | INFO    | holoqpi.engine.trainer |   epoch 51 step 60/140 loss=0.2727
20:25:42 | INFO    | holoqpi.engine.trainer |   epoch 51 step 80/140 loss=0.2992
20:25:46 | INFO    | holoqpi.engine.trainer |   epoch 51 step 100/140 loss=0.3064
20:25:50 | INFO    | holoqpi.engine.trainer |   epoch 51 step 120/140 loss=0.2802
20:26:46 | INFO    | holoqpi.engine.trainer | epoch 51/60 (83s = 30s train + 53s val) | train_loss=0.2966  val_phase_mae=0.1615  val_dice=0.8277  val_cls_acc=nan  val_mass_mape=0.1857
20:26:47 | INFO    | holoqpi.engine.trainer |   epoch 52 step 0/140 loss=0.2665
20:26:52 | INFO    | holoqpi.engine.trainer |   epoch 52 step 20/140 loss=0.2870
20:26:56 | INFO    | holoqpi.engine.trainer |   epoch 52 step 40/140 loss=0.2933
20:27:00 | INFO    | holoqpi.engine.trainer |   epoch 52 step 60/140 loss=0.2905
20:27:04 | INFO    | holoqpi.engine.trainer |   epoch 52 step 80/140 loss=0.2742
20:27:08 | INFO    | holoqpi.engine.trainer |   epoch 52 step 100/140 loss=0.2502
20:27:12 | INFO    | holoqpi.engine.trainer |   epoch 52 step 120/140 loss=0.3181
20:28:08 | INFO    | holoqpi.engine.trainer | epoch 52/60 (82s = 29s train + 53s val) | train_loss=0.2920  val_phase_mae=0.1629  val_dice=0.8307  val_cls_acc=nan  val_mass_mape=0.1855
20:28:09 | INFO    | holoqpi.engine.trainer |   epoch 53 step 0/140 loss=0.2615
20:28:13 | INFO    | holoqpi.engine.trainer |   epoch 53 step 20/140 loss=0.3559
20:28:18 | INFO    | holoqpi.engine.trainer |   epoch 53 step 40/140 loss=0.2558
20:28:22 | INFO    | holoqpi.engine.trainer |   epoch 53 step 60/140 loss=0.2822
20:28:26 | INFO    | holoqpi.engine.trainer |   epoch 53 step 80/140 loss=0.2500
20:28:31 | INFO    | holoqpi.engine.trainer |   epoch 53 step 100/140 loss=0.2644
20:28:35 | INFO    | holoqpi.engine.trainer |   epoch 53 step 120/140 loss=0.2909
20:29:31 | INFO    | holoqpi.engine.trainer | epoch 53/60 (83s = 30s train + 53s val) | train_loss=0.2972  val_phase_mae=0.1593  val_dice=0.8285  val_cls_acc=nan  val_mass_mape=0.1815
20:29:32 | INFO    | holoqpi.engine.trainer |   epoch 54 step 0/140 loss=0.2533
20:29:36 | INFO    | holoqpi.engine.trainer |   epoch 54 step 20/140 loss=0.2912
20:29:40 | INFO    | holoqpi.engine.trainer |   epoch 54 step 40/140 loss=0.2720
20:29:45 | INFO    | holoqpi.engine.trainer |   epoch 54 step 60/140 loss=0.2420
20:29:49 | INFO    | holoqpi.engine.trainer |   epoch 54 step 80/140 loss=0.2837
20:29:53 | INFO    | holoqpi.engine.trainer |   epoch 54 step 100/140 loss=0.2723
20:29:57 | INFO    | holoqpi.engine.trainer |   epoch 54 step 120/140 loss=0.3314
20:30:54 | INFO    | holoqpi.engine.trainer | epoch 54/60 (83s = 30s train + 53s val) | train_loss=0.2953  val_phase_mae=0.1645  val_dice=0.8287  val_cls_acc=nan  val_mass_mape=0.1963
20:30:55 | INFO    | holoqpi.engine.trainer |   epoch 55 step 0/140 loss=0.2441
20:30:59 | INFO    | holoqpi.engine.trainer |   epoch 55 step 20/140 loss=0.2786
20:31:03 | INFO    | holoqpi.engine.trainer |   epoch 55 step 40/140 loss=0.2762
20:31:07 | INFO    | holoqpi.engine.trainer |   epoch 55 step 60/140 loss=0.2802
20:31:11 | INFO    | holoqpi.engine.trainer |   epoch 55 step 80/140 loss=0.2994
20:31:15 | INFO    | holoqpi.engine.trainer |   epoch 55 step 100/140 loss=0.3485
20:31:20 | INFO    | holoqpi.engine.trainer |   epoch 55 step 120/140 loss=0.3332
20:32:16 | INFO    | holoqpi.engine.trainer | epoch 55/60 (82s = 29s train + 53s val) | train_loss=0.2886  val_phase_mae=0.1610  val_dice=0.8298  val_cls_acc=nan  val_mass_mape=0.1814
20:32:17 | INFO    | holoqpi.engine.trainer |   epoch 56 step 0/140 loss=0.2775
20:32:21 | INFO    | holoqpi.engine.trainer |   epoch 56 step 20/140 loss=0.3251
20:32:25 | INFO    | holoqpi.engine.trainer |   epoch 56 step 40/140 loss=0.3065
20:32:29 | INFO    | holoqpi.engine.trainer |   epoch 56 step 60/140 loss=0.3058
20:32:33 | INFO    | holoqpi.engine.trainer |   epoch 56 step 80/140 loss=0.3015
20:32:38 | INFO    | holoqpi.engine.trainer |   epoch 56 step 100/140 loss=0.3193
20:32:42 | INFO    | holoqpi.engine.trainer |   epoch 56 step 120/140 loss=0.2734
20:33:38 | INFO    | holoqpi.engine.trainer | epoch 56/60 (82s = 29s train + 53s val) | train_loss=0.2990  val_phase_mae=0.1618  val_dice=0.8302  val_cls_acc=nan  val_mass_mape=0.1815
20:33:39 | INFO    | holoqpi.engine.trainer |   epoch 57 step 0/140 loss=0.3115
20:33:43 | INFO    | holoqpi.engine.trainer |   epoch 57 step 20/140 loss=0.2744
20:33:47 | INFO    | holoqpi.engine.trainer |   epoch 57 step 40/140 loss=0.2911
20:33:51 | INFO    | holoqpi.engine.trainer |   epoch 57 step 60/140 loss=0.3530
20:33:55 | INFO    | holoqpi.engine.trainer |   epoch 57 step 80/140 loss=0.2570
20:33:59 | INFO    | holoqpi.engine.trainer |   epoch 57 step 100/140 loss=0.2662
20:34:03 | INFO    | holoqpi.engine.trainer |   epoch 57 step 120/140 loss=0.3109
20:35:00 | INFO    | holoqpi.engine.trainer | epoch 57/60 (82s = 29s train + 53s val) | train_loss=0.2940  val_phase_mae=0.1597  val_dice=0.8308  val_cls_acc=nan  val_mass_mape=0.1769
20:35:01 | INFO    | holoqpi.engine.trainer |   epoch 58 step 0/140 loss=0.2692
20:35:05 | INFO    | holoqpi.engine.trainer |   epoch 58 step 20/140 loss=0.3398
20:35:09 | INFO    | holoqpi.engine.trainer |   epoch 58 step 40/140 loss=0.3602
20:35:14 | INFO    | holoqpi.engine.trainer |   epoch 58 step 60/140 loss=0.2982
20:35:18 | INFO    | holoqpi.engine.trainer |   epoch 58 step 80/140 loss=0.2192
20:35:22 | INFO    | holoqpi.engine.trainer |   epoch 58 step 100/140 loss=0.3403
20:35:26 | INFO    | holoqpi.engine.trainer |   epoch 58 step 120/140 loss=0.3768
20:36:22 | INFO    | holoqpi.engine.trainer | epoch 58/60 (82s = 30s train + 53s val) | train_loss=0.2997  val_phase_mae=0.1628  val_dice=0.8304  val_cls_acc=nan  val_mass_mape=0.1844
20:36:23 | INFO    | holoqpi.engine.trainer |   epoch 59 step 0/140 loss=0.2920
20:36:27 | INFO    | holoqpi.engine.trainer |   epoch 59 step 20/140 loss=0.2784
20:36:32 | INFO    | holoqpi.engine.trainer |   epoch 59 step 40/140 loss=0.2838
20:36:36 | INFO    | holoqpi.engine.trainer |   epoch 59 step 60/140 loss=0.2772
20:36:40 | INFO    | holoqpi.engine.trainer |   epoch 59 step 80/140 loss=0.2738
20:36:44 | INFO    | holoqpi.engine.trainer |   epoch 59 step 100/140 loss=0.2533
20:36:48 | INFO    | holoqpi.engine.trainer |   epoch 59 step 120/140 loss=0.2837
20:37:45 | INFO    | holoqpi.engine.trainer | epoch 59/60 (82s = 30s train + 53s val) | train_loss=0.2900  val_phase_mae=0.1636  val_dice=0.8297  val_cls_acc=nan  val_mass_mape=0.1888
20:37:46 | INFO    | holoqpi.engine.trainer |   epoch 60 step 0/140 loss=0.2926
20:37:50 | INFO    | holoqpi.engine.trainer |   epoch 60 step 20/140 loss=0.2644
20:37:54 | INFO    | holoqpi.engine.trainer |   epoch 60 step 40/140 loss=0.2651
20:37:58 | INFO    | holoqpi.engine.trainer |   epoch 60 step 60/140 loss=0.4735
20:38:02 | INFO    | holoqpi.engine.trainer |   epoch 60 step 80/140 loss=0.2559
20:38:07 | INFO    | holoqpi.engine.trainer |   epoch 60 step 100/140 loss=0.2487
20:38:11 | INFO    | holoqpi.engine.trainer |   epoch 60 step 120/140 loss=0.3200
20:39:06 | INFO    | holoqpi.engine.trainer | epoch 60/60 (81s = 30s train + 51s val) | train_loss=0.2940  val_phase_mae=0.1620  val_dice=0.8303  val_cls_acc=nan  val_mass_mape=0.1849
20:39:06 | INFO    | holoqpi.engine.trainer | training finished; best epoch 32 (composite=0.8174)
