
seeds [42, 1337, 2024]   output /sda/usama/QPI_Extended_v2/runs/benchmark_results
  wrote results_arm_A.json   n=3   seeds [42, 1337, 2024]
  wrote results_arm_A_membrane.json   n=3   seeds [42, 1337, 2024]
  wrote results_arm_B.json   n=3   seeds [42, 1337, 2024]
  wrote results_arm_B_membrane.json   n=3   seeds [42, 1337, 2024]
  wrote results_arm_B1.json   n=3   seeds [42, 1337, 2024]
  wrote results_arm_B1_membrane.json   n=3   seeds [42, 1337, 2024]
  wrote results_arm_B2.json   n=1   seeds [42]
  wrote results_arm_B2_membrane.json   n=1   seeds [42]
  wrote results_arm_C.json   n=1   seeds [42]
  wrote results_arm_C_membrane.json   n=1   seeds [42]
  wrote results_arm_D0.json   n=1   seeds [42]
  wrote results_arm_D0_membrane.json   n=1   seeds [42]
  wrote results_arm_D1.json   n=1   seeds [42]
  wrote results_arm_D1_membrane.json   n=1   seeds [42]
  wrote results_arm_D2.json   n=1   seeds [42]
  wrote results_arm_D2_membrane.json   n=1   seeds [42]
  wrote results_arm_G.json   n=1   seeds [42]
  wrote results_arm_G_membrane.json   n=1   seeds [42]
  wrote results_arm_W01.json   n=1   seeds [42]
  wrote results_arm_W01_membrane.json   n=1   seeds [42]
  wrote results_arm_W03.json   n=1   seeds [42]
  wrote results_arm_W03_membrane.json   n=1   seeds [42]
  wrote results_arm_W30.json   n=1   seeds [42]
  wrote results_arm_W30_membrane.json   n=1   seeds [42]
  wrote results_arm_KA.json   n=1   seeds [42]
  wrote results_arm_KA_membrane.json   n=1   seeds [42]
  wrote results_arm_KB.json   n=1   seeds [42]
  wrote results_arm_KB_membrane.json   n=1   seeds [42]
  wrote results_hardware_arm_A.json   n=3   seeds [42, 1337, 2024]
  wrote results_hardware_arm_B.json   n=3   seeds [42, 1337, 2024]
  wrote results_hardware_arm_D0.json   n=1   seeds [42]
  wrote results_hardware_arm_KA.json   n=1   seeds [42]
  wrote results_hardware_arm_KB.json   n=1   seeds [42]
  wrote results_synthetic_validation.json   n=3   seeds [42, 1337, 2024]
  wrote results_conventional_off_axis.json   n=1   seeds []
  wrote results_conventional_gabor.json   n=1   seeds []
  wrote results_error_propagation.json   n=1   seeds []
  wrote results_z_calibration.json   n=1   seeds []

all benchmarks complete
