seeds [42, 1337, 2024]   (reduced arms ['B2', 'C', 'D0', 'D1', 'D2', 'G', 'KA', 'KB', 'W01', 'W03', 'W30']: first 1)
arm            42        1337        2024   run directory (seed 42)
A       evaluated   evaluated   evaluated   v2_baseline_off_axis
B       evaluated   evaluated   evaluated   v2_cell_ipp_off_axis
B1      evaluated   evaluated   evaluated   v2_image_volume_off_axis
B2      evaluated           -           -   v2_cell_ipp_area_off_axis
C       evaluated           -           -   v2_cell_ipp_bga_off_axis
D0      evaluated           -           -   v2_amplitude_off_axis
D1      evaluated           -           -   v2_forward_amplitude_off_axis
D2      evaluated           -           -   v2_learned_z_off_axis
G       evaluated           -           -   v2_baseline_gabor
W01     evaluated           -           -   v2_ipp_w01_off_axis
W03     evaluated           -           -   v2_ipp_w03_off_axis
B       evaluated   evaluated   evaluated   v2_cell_ipp_off_axis
W30     evaluated           -           -   v2_ipp_w30_off_axis
KA      evaluated           -           -   v2_compact_baseline_off_axis
KB      evaluated           -           -   v2_compact_cell_ipp_off_axis

hardware (cuda)
A            todo        todo        todo
B            todo        todo        todo
D0           todo           -           -
KA           todo           -           -
KB           todo           -           -

0 training/evaluation run(s) not yet complete
