09:11:27 | INFO    | holoqpi | training v2_baseline on gabor (device=cuda)
09:11:27 | INFO    | holoqpi.data.dataset | train split: 39 of 560 fields excluded for modality gabor (data.exclude)
09:11:27 | INFO    | holoqpi.data.dataset | train split: 521 samples | modality=gabor | crop=512 | augment=True
09:11:27 | INFO    | holoqpi.data.dataset | val split: 5 of 127 fields excluded for modality gabor (data.exclude)
09:11:27 | INFO    | holoqpi.data.dataset | val split: 122 samples | modality=gabor | crop=None | augment=False
09:11:28 | INFO    | holoqpi.models.encoders | loading pretrained mobilenet_v2 from weights/mobilenet_v2-b0353104.pth
09:11:28 | INFO    | holoqpi.models.encoders | loading pretrained mobilenet_v2 from weights/mobilenet_v2-b0353104.pth
09:11:28 | INFO    | holoqpi.models.encoders | encoder=mobilenet_v2 in_channels=1 pretrained=True weights=local (weights) stages=[16, 24, 32, 96, 1280]
09:11:28 | INFO    | holoqpi.models.holonet | HoloQPINet built: 9.60M parameters, 9.60M trainable (100.0%)
09:11:30 | INFO    | holoqpi.engine.trainer | trainable 9.60M / 9.60M parameters (100.0%)
09:11:30 | INFO    | holoqpi.engine.trainer | objective: phase=1  segmentation=1
09:11:30 | INFO    | holoqpi.engine.trainer | active physics terms: none
09:11:36 | INFO    | holoqpi.engine.trainer |   epoch 1 step 0/130 loss=1.7286
09:11:40 | INFO    | holoqpi.engine.trainer |   epoch 1 step 20/130 loss=1.3337
09:11:44 | INFO    | holoqpi.engine.trainer |   epoch 1 step 40/130 loss=1.0476
09:11:48 | INFO    | holoqpi.engine.trainer |   epoch 1 step 60/130 loss=0.9880
09:11:53 | INFO    | holoqpi.engine.trainer |   epoch 1 step 80/130 loss=0.9743
09:11:58 | INFO    | holoqpi.engine.trainer |   epoch 1 step 100/130 loss=0.8733
09:12:02 | INFO    | holoqpi.engine.trainer |   epoch 1 step 120/130 loss=0.7926
09:12:55 | INFO    | holoqpi.engine.trainer |   new best composite=0.7306
09:12:55 | INFO    | holoqpi.engine.trainer | epoch 1/60 (85s = 35s train + 51s val) | train_loss=1.0634  val_phase_mae=0.2110  val_dice=0.7606  val_cls_acc=nan  val_mass_mape=0.2867
09:12:55 | INFO    | holoqpi.engine.trainer |   at this rate the full 60-epoch schedule takes about 85 min
09:12:56 | INFO    | holoqpi.engine.trainer |   epoch 2 step 0/130 loss=0.7041
09:13:01 | INFO    | holoqpi.engine.trainer |   epoch 2 step 20/130 loss=0.7486
09:13:05 | INFO    | holoqpi.engine.trainer |   epoch 2 step 40/130 loss=0.8705
09:13:09 | INFO    | holoqpi.engine.trainer |   epoch 2 step 60/130 loss=0.6381
09:13:13 | INFO    | holoqpi.engine.trainer |   epoch 2 step 80/130 loss=0.5720
09:13:18 | INFO    | holoqpi.engine.trainer |   epoch 2 step 100/130 loss=0.5943
09:13:23 | INFO    | holoqpi.engine.trainer |   epoch 2 step 120/130 loss=0.5726
09:14:15 | INFO    | holoqpi.engine.trainer | epoch 2/60 (79s = 30s train + 49s val) | train_loss=0.6545  val_phase_mae=0.2094  val_dice=0.7813  val_cls_acc=nan  val_mass_mape=0.5292
09:14:16 | INFO    | holoqpi.engine.trainer |   epoch 3 step 0/130 loss=0.6003
09:14:20 | INFO    | holoqpi.engine.trainer |   epoch 3 step 20/130 loss=0.5561
09:14:24 | INFO    | holoqpi.engine.trainer |   epoch 3 step 40/130 loss=0.4898
09:14:28 | INFO    | holoqpi.engine.trainer |   epoch 3 step 60/130 loss=0.5339
09:14:32 | INFO    | holoqpi.engine.trainer |   epoch 3 step 80/130 loss=0.5451
09:14:37 | INFO    | holoqpi.engine.trainer |   epoch 3 step 100/130 loss=0.5291
09:14:41 | INFO    | holoqpi.engine.trainer |   epoch 3 step 120/130 loss=0.6162
09:15:32 | INFO    | holoqpi.engine.trainer |   new best composite=0.7607
09:15:32 | INFO    | holoqpi.engine.trainer | epoch 3/60 (77s = 28s train + 49s val) | train_loss=0.5464  val_phase_mae=0.1858  val_dice=0.7866  val_cls_acc=nan  val_mass_mape=0.2737
09:15:33 | INFO    | holoqpi.engine.trainer |   epoch 4 step 0/130 loss=0.6941
09:15:37 | INFO    | holoqpi.engine.trainer |   epoch 4 step 20/130 loss=0.4817
09:15:41 | INFO    | holoqpi.engine.trainer |   epoch 4 step 40/130 loss=0.4689
09:15:45 | INFO    | holoqpi.engine.trainer |   epoch 4 step 60/130 loss=0.4784
09:15:49 | INFO    | holoqpi.engine.trainer |   epoch 4 step 80/130 loss=0.4417
09:15:53 | INFO    | holoqpi.engine.trainer |   epoch 4 step 100/130 loss=0.4742
09:15:57 | INFO    | holoqpi.engine.trainer |   epoch 4 step 120/130 loss=0.4420
09:16:49 | INFO    | holoqpi.engine.trainer | epoch 4/60 (76s = 27s train + 50s val) | train_loss=0.4903  val_phase_mae=0.1834  val_dice=0.7904  val_cls_acc=nan  val_mass_mape=0.3125
09:16:50 | INFO    | holoqpi.engine.trainer |   epoch 5 step 0/130 loss=0.5564
09:16:54 | INFO    | holoqpi.engine.trainer |   epoch 5 step 20/130 loss=0.4485
09:16:58 | INFO    | holoqpi.engine.trainer |   epoch 5 step 40/130 loss=0.4164
09:17:02 | INFO    | holoqpi.engine.trainer |   epoch 5 step 60/130 loss=0.4202
09:17:06 | INFO    | holoqpi.engine.trainer |   epoch 5 step 80/130 loss=0.4436
09:17:10 | INFO    | holoqpi.engine.trainer |   epoch 5 step 100/130 loss=0.4374
09:17:14 | INFO    | holoqpi.engine.trainer |   epoch 5 step 120/130 loss=0.4720
09:18:06 | INFO    | holoqpi.engine.trainer |   new best composite=0.7763
09:18:06 | INFO    | holoqpi.engine.trainer | epoch 5/60 (77s = 27s train + 50s val) | train_loss=0.4649  val_phase_mae=0.1773  val_dice=0.7943  val_cls_acc=nan  val_mass_mape=0.2364
09:18:07 | INFO    | holoqpi.engine.trainer |   epoch 6 step 0/130 loss=0.4866
09:18:10 | INFO    | holoqpi.engine.trainer |   epoch 6 step 20/130 loss=0.3980
09:18:14 | INFO    | holoqpi.engine.trainer |   epoch 6 step 40/130 loss=0.4731
09:18:18 | INFO    | holoqpi.engine.trainer |   epoch 6 step 60/130 loss=0.3832
09:18:22 | INFO    | holoqpi.engine.trainer |   epoch 6 step 80/130 loss=0.4535
09:18:27 | INFO    | holoqpi.engine.trainer |   epoch 6 step 100/130 loss=0.4936
09:18:31 | INFO    | holoqpi.engine.trainer |   epoch 6 step 120/130 loss=0.4801
09:19:22 | INFO    | holoqpi.engine.trainer | epoch 6/60 (76s = 26s train + 50s val) | train_loss=0.4560  val_phase_mae=0.1769  val_dice=0.7970  val_cls_acc=nan  val_mass_mape=0.2465
09:19:23 | INFO    | holoqpi.engine.trainer |   epoch 7 step 0/130 loss=0.4318
09:19:27 | INFO    | holoqpi.engine.trainer |   epoch 7 step 20/130 loss=0.4325
09:19:31 | INFO    | holoqpi.engine.trainer |   epoch 7 step 40/130 loss=0.4295
09:19:35 | INFO    | holoqpi.engine.trainer |   epoch 7 step 60/130 loss=0.5967
09:19:39 | INFO    | holoqpi.engine.trainer |   epoch 7 step 80/130 loss=0.3566
09:19:43 | INFO    | holoqpi.engine.trainer |   epoch 7 step 100/130 loss=0.4748
09:19:47 | INFO    | holoqpi.engine.trainer |   epoch 7 step 120/130 loss=0.4584
09:20:38 | INFO    | holoqpi.engine.trainer | epoch 7/60 (76s = 26s train + 49s val) | train_loss=0.4426  val_phase_mae=0.1797  val_dice=0.7973  val_cls_acc=nan  val_mass_mape=0.3013
09:20:39 | INFO    | holoqpi.engine.trainer |   epoch 8 step 0/130 loss=0.4180
09:20:43 | INFO    | holoqpi.engine.trainer |   epoch 8 step 20/130 loss=0.4274
09:20:47 | INFO    | holoqpi.engine.trainer |   epoch 8 step 40/130 loss=0.5798
09:20:51 | INFO    | holoqpi.engine.trainer |   epoch 8 step 60/130 loss=0.3876
09:20:55 | INFO    | holoqpi.engine.trainer |   epoch 8 step 80/130 loss=0.4226
09:20:59 | INFO    | holoqpi.engine.trainer |   epoch 8 step 100/130 loss=0.4018
09:21:03 | INFO    | holoqpi.engine.trainer |   epoch 8 step 120/130 loss=0.5348
09:21:54 | INFO    | holoqpi.engine.trainer | epoch 8/60 (76s = 27s train + 49s val) | train_loss=0.4363  val_phase_mae=0.1758  val_dice=0.7952  val_cls_acc=nan  val_mass_mape=0.2760
09:21:55 | INFO    | holoqpi.engine.trainer |   epoch 9 step 0/130 loss=0.3595
09:21:59 | INFO    | holoqpi.engine.trainer |   epoch 9 step 20/130 loss=0.4034
09:22:02 | INFO    | holoqpi.engine.trainer |   epoch 9 step 40/130 loss=0.4377
09:22:06 | INFO    | holoqpi.engine.trainer |   epoch 9 step 60/130 loss=0.4464
09:22:10 | INFO    | holoqpi.engine.trainer |   epoch 9 step 80/130 loss=0.3961
09:22:14 | INFO    | holoqpi.engine.trainer |   epoch 9 step 100/130 loss=0.4321
09:22:18 | INFO    | holoqpi.engine.trainer |   epoch 9 step 120/130 loss=0.4381
09:23:09 | INFO    | holoqpi.engine.trainer | epoch 9/60 (75s = 26s train + 49s val) | train_loss=0.4273  val_phase_mae=0.1738  val_dice=0.8018  val_cls_acc=nan  val_mass_mape=0.2750
09:23:10 | INFO    | holoqpi.engine.trainer |   epoch 10 step 0/130 loss=0.3711
09:23:14 | INFO    | holoqpi.engine.trainer |   epoch 10 step 20/130 loss=0.4434
09:23:18 | INFO    | holoqpi.engine.trainer |   epoch 10 step 40/130 loss=0.4653
09:23:22 | INFO    | holoqpi.engine.trainer |   epoch 10 step 60/130 loss=0.4284
09:23:26 | INFO    | holoqpi.engine.trainer |   epoch 10 step 80/130 loss=0.4833
09:23:30 | INFO    | holoqpi.engine.trainer |   epoch 10 step 100/130 loss=0.4313
09:23:34 | INFO    | holoqpi.engine.trainer |   epoch 10 step 120/130 loss=0.3720
09:24:25 | INFO    | holoqpi.engine.trainer | epoch 10/60 (76s = 27s train + 49s val) | train_loss=0.4206  val_phase_mae=0.1759  val_dice=0.7952  val_cls_acc=nan  val_mass_mape=0.2952
09:24:26 | INFO    | holoqpi.engine.trainer |   epoch 11 step 0/130 loss=0.3626
09:24:30 | INFO    | holoqpi.engine.trainer |   epoch 11 step 20/130 loss=0.3651
09:24:34 | INFO    | holoqpi.engine.trainer |   epoch 11 step 40/130 loss=0.3981
09:24:39 | INFO    | holoqpi.engine.trainer |   epoch 11 step 60/130 loss=0.3372
09:24:43 | INFO    | holoqpi.engine.trainer |   epoch 11 step 80/130 loss=0.4930
09:24:47 | INFO    | holoqpi.engine.trainer |   epoch 11 step 100/130 loss=0.3872
09:24:51 | INFO    | holoqpi.engine.trainer |   epoch 11 step 120/130 loss=0.5397
09:25:41 | INFO    | holoqpi.engine.trainer | epoch 11/60 (76s = 28s train + 48s val) | train_loss=0.4188  val_phase_mae=0.1842  val_dice=0.7979  val_cls_acc=nan  val_mass_mape=0.3737
09:25:42 | INFO    | holoqpi.engine.trainer |   epoch 12 step 0/130 loss=0.3414
09:25:46 | INFO    | holoqpi.engine.trainer |   epoch 12 step 20/130 loss=0.3350
09:25:50 | INFO    | holoqpi.engine.trainer |   epoch 12 step 40/130 loss=0.4010
09:25:55 | INFO    | holoqpi.engine.trainer |   epoch 12 step 60/130 loss=0.5203
09:25:59 | INFO    | holoqpi.engine.trainer |   epoch 12 step 80/130 loss=0.3705
09:26:04 | INFO    | holoqpi.engine.trainer |   epoch 12 step 100/130 loss=0.4367
09:26:08 | INFO    | holoqpi.engine.trainer |   epoch 12 step 120/130 loss=0.5707
09:26:57 | INFO    | holoqpi.engine.trainer | epoch 12/60 (77s = 29s train + 48s val) | train_loss=0.4121  val_phase_mae=0.1739  val_dice=0.8019  val_cls_acc=nan  val_mass_mape=0.2807
09:26:58 | INFO    | holoqpi.engine.trainer |   epoch 13 step 0/130 loss=0.3561
09:27:03 | INFO    | holoqpi.engine.trainer |   epoch 13 step 20/130 loss=0.3811
09:27:07 | INFO    | holoqpi.engine.trainer |   epoch 13 step 40/130 loss=0.3355
09:27:12 | INFO    | holoqpi.engine.trainer |   epoch 13 step 60/130 loss=0.4371
09:27:16 | INFO    | holoqpi.engine.trainer |   epoch 13 step 80/130 loss=0.4093
09:27:20 | INFO    | holoqpi.engine.trainer |   epoch 13 step 100/130 loss=0.4184
09:27:25 | INFO    | holoqpi.engine.trainer |   epoch 13 step 120/130 loss=0.4016
09:28:15 | INFO    | holoqpi.engine.trainer |   new best composite=0.7791
09:28:15 | INFO    | holoqpi.engine.trainer | epoch 13/60 (77s = 29s train + 48s val) | train_loss=0.4087  val_phase_mae=0.1712  val_dice=0.8037  val_cls_acc=nan  val_mass_mape=0.2584
09:28:16 | INFO    | holoqpi.engine.trainer |   epoch 14 step 0/130 loss=0.3200
09:28:20 | INFO    | holoqpi.engine.trainer |   epoch 14 step 20/130 loss=0.4339
09:28:24 | INFO    | holoqpi.engine.trainer |   epoch 14 step 40/130 loss=0.4579
09:28:28 | INFO    | holoqpi.engine.trainer |   epoch 14 step 60/130 loss=0.3587
09:28:33 | INFO    | holoqpi.engine.trainer |   epoch 14 step 80/130 loss=0.4427
09:28:37 | INFO    | holoqpi.engine.trainer |   epoch 14 step 100/130 loss=0.3992
09:28:41 | INFO    | holoqpi.engine.trainer |   epoch 14 step 120/130 loss=0.4172
09:29:32 | INFO    | holoqpi.engine.trainer | epoch 14/60 (77s = 28s train + 49s val) | train_loss=0.4111  val_phase_mae=0.1724  val_dice=0.8022  val_cls_acc=nan  val_mass_mape=0.2780
09:29:33 | INFO    | holoqpi.engine.trainer |   epoch 15 step 0/130 loss=0.3300
09:29:37 | INFO    | holoqpi.engine.trainer |   epoch 15 step 20/130 loss=0.4132
09:29:41 | INFO    | holoqpi.engine.trainer |   epoch 15 step 40/130 loss=0.2918
09:29:45 | INFO    | holoqpi.engine.trainer |   epoch 15 step 60/130 loss=0.3687
09:29:49 | INFO    | holoqpi.engine.trainer |   epoch 15 step 80/130 loss=0.3611
09:29:54 | INFO    | holoqpi.engine.trainer |   epoch 15 step 100/130 loss=0.3859
09:29:58 | INFO    | holoqpi.engine.trainer |   epoch 15 step 120/130 loss=0.3971
09:30:48 | INFO    | holoqpi.engine.trainer |   new best composite=0.7872
09:30:48 | INFO    | holoqpi.engine.trainer | epoch 15/60 (76s = 28s train + 48s val) | train_loss=0.4023  val_phase_mae=0.1708  val_dice=0.8040  val_cls_acc=nan  val_mass_mape=0.2281
09:30:49 | INFO    | holoqpi.engine.trainer |   epoch 16 step 0/130 loss=0.3515
09:30:53 | INFO    | holoqpi.engine.trainer |   epoch 16 step 20/130 loss=0.4137
09:30:57 | INFO    | holoqpi.engine.trainer |   epoch 16 step 40/130 loss=0.4380
09:31:01 | INFO    | holoqpi.engine.trainer |   epoch 16 step 60/130 loss=0.4662
09:31:05 | INFO    | holoqpi.engine.trainer |   epoch 16 step 80/130 loss=0.3931
09:31:09 | INFO    | holoqpi.engine.trainer |   epoch 16 step 100/130 loss=0.3628
09:31:13 | INFO    | holoqpi.engine.trainer |   epoch 16 step 120/130 loss=0.3757
09:32:04 | INFO    | holoqpi.engine.trainer | epoch 16/60 (76s = 27s train + 49s val) | train_loss=0.3982  val_phase_mae=0.1727  val_dice=0.8055  val_cls_acc=nan  val_mass_mape=0.2869
09:32:05 | INFO    | holoqpi.engine.trainer |   epoch 17 step 0/130 loss=0.3302
09:32:09 | INFO    | holoqpi.engine.trainer |   epoch 17 step 20/130 loss=0.5431
09:32:13 | INFO    | holoqpi.engine.trainer |   epoch 17 step 40/130 loss=0.4240
09:32:17 | INFO    | holoqpi.engine.trainer |   epoch 17 step 60/130 loss=0.4794
09:32:21 | INFO    | holoqpi.engine.trainer |   epoch 17 step 80/130 loss=0.3293
09:32:25 | INFO    | holoqpi.engine.trainer |   epoch 17 step 100/130 loss=0.4942
09:32:29 | INFO    | holoqpi.engine.trainer |   epoch 17 step 120/130 loss=0.5030
09:33:20 | INFO    | holoqpi.engine.trainer | epoch 17/60 (76s = 26s train + 50s val) | train_loss=0.3980  val_phase_mae=0.1772  val_dice=0.8045  val_cls_acc=nan  val_mass_mape=0.3284
09:33:21 | INFO    | holoqpi.engine.trainer |   epoch 18 step 0/130 loss=0.3412
09:33:25 | INFO    | holoqpi.engine.trainer |   epoch 18 step 20/130 loss=0.3656
09:33:29 | INFO    | holoqpi.engine.trainer |   epoch 18 step 40/130 loss=0.4888
09:33:33 | INFO    | holoqpi.engine.trainer |   epoch 18 step 60/130 loss=0.3405
09:33:37 | INFO    | holoqpi.engine.trainer |   epoch 18 step 80/130 loss=0.3301
09:33:41 | INFO    | holoqpi.engine.trainer |   epoch 18 step 100/130 loss=0.3188
09:33:45 | INFO    | holoqpi.engine.trainer |   epoch 18 step 120/130 loss=0.3383
09:34:36 | INFO    | holoqpi.engine.trainer |   new best composite=0.7886
09:34:36 | INFO    | holoqpi.engine.trainer | epoch 18/60 (76s = 26s train + 49s val) | train_loss=0.3888  val_phase_mae=0.1683  val_dice=0.8067  val_cls_acc=nan  val_mass_mape=0.2310
09:34:37 | INFO    | holoqpi.engine.trainer |   epoch 19 step 0/130 loss=0.5120
09:34:41 | INFO    | holoqpi.engine.trainer |   epoch 19 step 20/130 loss=0.3746
09:34:45 | INFO    | holoqpi.engine.trainer |   epoch 19 step 40/130 loss=0.3280
09:34:49 | INFO    | holoqpi.engine.trainer |   epoch 19 step 60/130 loss=0.4162
09:34:53 | INFO    | holoqpi.engine.trainer |   epoch 19 step 80/130 loss=0.4624
09:34:57 | INFO    | holoqpi.engine.trainer |   epoch 19 step 100/130 loss=0.3202
09:35:01 | INFO    | holoqpi.engine.trainer |   epoch 19 step 120/130 loss=0.4073
09:35:52 | INFO    | holoqpi.engine.trainer | epoch 19/60 (76s = 26s train + 49s val) | train_loss=0.3991  val_phase_mae=0.1678  val_dice=0.8069  val_cls_acc=nan  val_mass_mape=0.2361
09:35:53 | INFO    | holoqpi.engine.trainer |   epoch 20 step 0/130 loss=0.4563
09:35:57 | INFO    | holoqpi.engine.trainer |   epoch 20 step 20/130 loss=0.3834
09:36:01 | INFO    | holoqpi.engine.trainer |   epoch 20 step 40/130 loss=0.4452
09:36:05 | INFO    | holoqpi.engine.trainer |   epoch 20 step 60/130 loss=0.3936
09:36:09 | INFO    | holoqpi.engine.trainer |   epoch 20 step 80/130 loss=0.3548
09:36:13 | INFO    | holoqpi.engine.trainer |   epoch 20 step 100/130 loss=0.4602
09:36:17 | INFO    | holoqpi.engine.trainer |   epoch 20 step 120/130 loss=0.4048
09:37:08 | INFO    | holoqpi.engine.trainer | epoch 20/60 (76s = 26s train + 50s val) | train_loss=0.3962  val_phase_mae=0.1684  val_dice=0.8088  val_cls_acc=nan  val_mass_mape=0.2727
09:37:09 | INFO    | holoqpi.engine.trainer |   epoch 21 step 0/130 loss=0.4413
09:37:13 | INFO    | holoqpi.engine.trainer |   epoch 21 step 20/130 loss=0.4306
09:37:17 | INFO    | holoqpi.engine.trainer |   epoch 21 step 40/130 loss=0.4111
09:37:21 | INFO    | holoqpi.engine.trainer |   epoch 21 step 60/130 loss=0.3549
09:37:25 | INFO    | holoqpi.engine.trainer |   epoch 21 step 80/130 loss=0.3800
09:37:29 | INFO    | holoqpi.engine.trainer |   epoch 21 step 100/130 loss=0.3521
09:37:33 | INFO    | holoqpi.engine.trainer |   epoch 21 step 120/130 loss=0.2980
09:38:24 | INFO    | holoqpi.engine.trainer | epoch 21/60 (75s = 26s train + 49s val) | train_loss=0.3893  val_phase_mae=0.1683  val_dice=0.8077  val_cls_acc=nan  val_mass_mape=0.2522
09:38:25 | INFO    | holoqpi.engine.trainer |   epoch 22 step 0/130 loss=0.4225
09:38:29 | INFO    | holoqpi.engine.trainer |   epoch 22 step 20/130 loss=0.4087
09:38:32 | INFO    | holoqpi.engine.trainer |   epoch 22 step 40/130 loss=0.4140
09:38:36 | INFO    | holoqpi.engine.trainer |   epoch 22 step 60/130 loss=0.3962
09:38:41 | INFO    | holoqpi.engine.trainer |   epoch 22 step 80/130 loss=0.3952
09:38:45 | INFO    | holoqpi.engine.trainer |   epoch 22 step 100/130 loss=0.3373
09:38:49 | INFO    | holoqpi.engine.trainer |   epoch 22 step 120/130 loss=0.4402
09:39:39 | INFO    | holoqpi.engine.trainer |   new best composite=0.7911
09:39:39 | INFO    | holoqpi.engine.trainer | epoch 22/60 (75s = 27s train + 49s val) | train_loss=0.3806  val_phase_mae=0.1672  val_dice=0.8092  val_cls_acc=nan  val_mass_mape=0.2266
09:39:40 | INFO    | holoqpi.engine.trainer |   epoch 23 step 0/130 loss=0.4282
09:39:45 | INFO    | holoqpi.engine.trainer |   epoch 23 step 20/130 loss=0.4477
09:39:49 | INFO    | holoqpi.engine.trainer |   epoch 23 step 40/130 loss=0.4075
09:39:53 | INFO    | holoqpi.engine.trainer |   epoch 23 step 60/130 loss=0.3218
09:39:57 | INFO    | holoqpi.engine.trainer |   epoch 23 step 80/130 loss=0.3353
09:40:01 | INFO    | holoqpi.engine.trainer |   epoch 23 step 100/130 loss=0.3493
09:40:05 | INFO    | holoqpi.engine.trainer |   epoch 23 step 120/130 loss=0.3722
09:40:55 | INFO    | holoqpi.engine.trainer | epoch 23/60 (75s = 27s train + 48s val) | train_loss=0.3825  val_phase_mae=0.1683  val_dice=0.8058  val_cls_acc=nan  val_mass_mape=0.2408
09:40:56 | INFO    | holoqpi.engine.trainer |   epoch 24 step 0/130 loss=0.3280
09:41:00 | INFO    | holoqpi.engine.trainer |   epoch 24 step 20/130 loss=0.3440
09:41:04 | INFO    | holoqpi.engine.trainer |   epoch 24 step 40/130 loss=0.3472
09:41:09 | INFO    | holoqpi.engine.trainer |   epoch 24 step 60/130 loss=0.3396
09:41:13 | INFO    | holoqpi.engine.trainer |   epoch 24 step 80/130 loss=0.3673
09:41:17 | INFO    | holoqpi.engine.trainer |   epoch 24 step 100/130 loss=0.3912
09:41:21 | INFO    | holoqpi.engine.trainer |   epoch 24 step 120/130 loss=0.3490
09:42:10 | INFO    | holoqpi.engine.trainer | epoch 24/60 (75s = 28s train + 48s val) | train_loss=0.3799  val_phase_mae=0.1694  val_dice=0.8055  val_cls_acc=nan  val_mass_mape=0.2354
09:42:11 | INFO    | holoqpi.engine.trainer |   epoch 25 step 0/130 loss=0.2975
09:42:15 | INFO    | holoqpi.engine.trainer |   epoch 25 step 20/130 loss=0.3551
09:42:20 | INFO    | holoqpi.engine.trainer |   epoch 25 step 40/130 loss=0.3708
09:42:24 | INFO    | holoqpi.engine.trainer |   epoch 25 step 60/130 loss=0.3677
09:42:28 | INFO    | holoqpi.engine.trainer |   epoch 25 step 80/130 loss=0.3849
09:42:33 | INFO    | holoqpi.engine.trainer |   epoch 25 step 100/130 loss=0.4105
09:42:37 | INFO    | holoqpi.engine.trainer |   epoch 25 step 120/130 loss=0.3070
09:43:26 | INFO    | holoqpi.engine.trainer | epoch 25/60 (76s = 28s train + 47s val) | train_loss=0.3771  val_phase_mae=0.1666  val_dice=0.8051  val_cls_acc=nan  val_mass_mape=0.2360
09:43:27 | INFO    | holoqpi.engine.trainer |   epoch 26 step 0/130 loss=0.4276
09:43:31 | INFO    | holoqpi.engine.trainer |   epoch 26 step 20/130 loss=0.3942
09:43:35 | INFO    | holoqpi.engine.trainer |   epoch 26 step 40/130 loss=0.3306
09:43:40 | INFO    | holoqpi.engine.trainer |   epoch 26 step 60/130 loss=0.3884
09:43:44 | INFO    | holoqpi.engine.trainer |   epoch 26 step 80/130 loss=0.3332
09:43:48 | INFO    | holoqpi.engine.trainer |   epoch 26 step 100/130 loss=0.3989
09:43:52 | INFO    | holoqpi.engine.trainer |   epoch 26 step 120/130 loss=0.3782
09:44:43 | INFO    | holoqpi.engine.trainer |   new best composite=0.7942
09:44:43 | INFO    | holoqpi.engine.trainer | epoch 26/60 (77s = 29s train + 48s val) | train_loss=0.3812  val_phase_mae=0.1668  val_dice=0.8089  val_cls_acc=nan  val_mass_mape=0.2213
09:44:44 | INFO    | holoqpi.engine.trainer |   epoch 27 step 0/130 loss=0.3717
09:44:48 | INFO    | holoqpi.engine.trainer |   epoch 27 step 20/130 loss=0.3636
09:44:52 | INFO    | holoqpi.engine.trainer |   epoch 27 step 40/130 loss=0.3494
09:44:56 | INFO    | holoqpi.engine.trainer |   epoch 27 step 60/130 loss=0.3336
09:45:00 | INFO    | holoqpi.engine.trainer |   epoch 27 step 80/130 loss=0.3832
09:45:05 | INFO    | holoqpi.engine.trainer |   epoch 27 step 100/130 loss=0.3829
09:45:09 | INFO    | holoqpi.engine.trainer |   epoch 27 step 120/130 loss=0.3561
09:45:59 | INFO    | holoqpi.engine.trainer | epoch 27/60 (77s = 28s train + 49s val) | train_loss=0.3732  val_phase_mae=0.1668  val_dice=0.8097  val_cls_acc=nan  val_mass_mape=0.2228
09:46:00 | INFO    | holoqpi.engine.trainer |   epoch 28 step 0/130 loss=0.3349
09:46:04 | INFO    | holoqpi.engine.trainer |   epoch 28 step 20/130 loss=0.3637
09:46:08 | INFO    | holoqpi.engine.trainer |   epoch 28 step 40/130 loss=0.4595
09:46:12 | INFO    | holoqpi.engine.trainer |   epoch 28 step 60/130 loss=0.4168
09:46:16 | INFO    | holoqpi.engine.trainer |   epoch 28 step 80/130 loss=0.2975
09:46:21 | INFO    | holoqpi.engine.trainer |   epoch 28 step 100/130 loss=0.4538
09:46:25 | INFO    | holoqpi.engine.trainer |   epoch 28 step 120/130 loss=0.3993
09:47:16 | INFO    | holoqpi.engine.trainer | epoch 28/60 (77s = 27s train + 49s val) | train_loss=0.3814  val_phase_mae=0.1665  val_dice=0.8105  val_cls_acc=nan  val_mass_mape=0.2217
09:47:17 | INFO    | holoqpi.engine.trainer |   epoch 29 step 0/130 loss=0.4527
09:47:21 | INFO    | holoqpi.engine.trainer |   epoch 29 step 20/130 loss=0.3492
09:47:25 | INFO    | holoqpi.engine.trainer |   epoch 29 step 40/130 loss=0.5266
09:47:29 | INFO    | holoqpi.engine.trainer |   epoch 29 step 60/130 loss=0.4085
09:47:33 | INFO    | holoqpi.engine.trainer |   epoch 29 step 80/130 loss=0.4127
09:47:37 | INFO    | holoqpi.engine.trainer |   epoch 29 step 100/130 loss=0.3758
09:47:41 | INFO    | holoqpi.engine.trainer |   epoch 29 step 120/130 loss=0.3755
09:48:32 | INFO    | holoqpi.engine.trainer | epoch 29/60 (76s = 27s train + 49s val) | train_loss=0.3717  val_phase_mae=0.1661  val_dice=0.8077  val_cls_acc=nan  val_mass_mape=0.2298
09:48:33 | INFO    | holoqpi.engine.trainer |   epoch 30 step 0/130 loss=0.3716
09:48:37 | INFO    | holoqpi.engine.trainer |   epoch 30 step 20/130 loss=0.3793
09:48:41 | INFO    | holoqpi.engine.trainer |   epoch 30 step 40/130 loss=0.3331
09:48:45 | INFO    | holoqpi.engine.trainer |   epoch 30 step 60/130 loss=0.3287
09:48:49 | INFO    | holoqpi.engine.trainer |   epoch 30 step 80/130 loss=0.3605
09:48:53 | INFO    | holoqpi.engine.trainer |   epoch 30 step 100/130 loss=0.3785
09:48:57 | INFO    | holoqpi.engine.trainer |   epoch 30 step 120/130 loss=0.3576
09:49:49 | INFO    | holoqpi.engine.trainer | epoch 30/60 (77s = 26s train + 50s val) | train_loss=0.3662  val_phase_mae=0.1669  val_dice=0.8100  val_cls_acc=nan  val_mass_mape=0.2200
09:49:50 | INFO    | holoqpi.engine.trainer |   epoch 31 step 0/130 loss=0.3871
09:49:54 | INFO    | holoqpi.engine.trainer |   epoch 31 step 20/130 loss=0.4036
09:49:58 | INFO    | holoqpi.engine.trainer |   epoch 31 step 40/130 loss=0.3288
09:50:02 | INFO    | holoqpi.engine.trainer |   epoch 31 step 60/130 loss=0.3445
09:50:06 | INFO    | holoqpi.engine.trainer |   epoch 31 step 80/130 loss=0.2954
09:50:10 | INFO    | holoqpi.engine.trainer |   epoch 31 step 100/130 loss=0.3433
09:50:14 | INFO    | holoqpi.engine.trainer |   epoch 31 step 120/130 loss=0.3804
09:51:05 | INFO    | holoqpi.engine.trainer | epoch 31/60 (76s = 26s train + 50s val) | train_loss=0.3783  val_phase_mae=0.1666  val_dice=0.8105  val_cls_acc=nan  val_mass_mape=0.2560
09:51:06 | INFO    | holoqpi.engine.trainer |   epoch 32 step 0/130 loss=0.3618
09:51:10 | INFO    | holoqpi.engine.trainer |   epoch 32 step 20/130 loss=0.3648
09:51:14 | INFO    | holoqpi.engine.trainer |   epoch 32 step 40/130 loss=0.3699
09:51:18 | INFO    | holoqpi.engine.trainer |   epoch 32 step 60/130 loss=0.4749
09:51:22 | INFO    | holoqpi.engine.trainer |   epoch 32 step 80/130 loss=0.3687
09:51:26 | INFO    | holoqpi.engine.trainer |   epoch 32 step 100/130 loss=0.3969
09:51:30 | INFO    | holoqpi.engine.trainer |   epoch 32 step 120/130 loss=0.4230
09:52:21 | INFO    | holoqpi.engine.trainer | epoch 32/60 (76s = 27s train + 50s val) | train_loss=0.3677  val_phase_mae=0.1653  val_dice=0.8102  val_cls_acc=nan  val_mass_mape=0.2221
09:52:22 | INFO    | holoqpi.engine.trainer |   epoch 33 step 0/130 loss=0.2742
09:52:26 | INFO    | holoqpi.engine.trainer |   epoch 33 step 20/130 loss=0.3814
09:52:30 | INFO    | holoqpi.engine.trainer |   epoch 33 step 40/130 loss=0.4804
09:52:34 | INFO    | holoqpi.engine.trainer |   epoch 33 step 60/130 loss=0.3660
09:52:38 | INFO    | holoqpi.engine.trainer |   epoch 33 step 80/130 loss=0.3095
09:52:42 | INFO    | holoqpi.engine.trainer |   epoch 33 step 100/130 loss=0.4478
09:52:46 | INFO    | holoqpi.engine.trainer |   epoch 33 step 120/130 loss=0.3798
09:53:37 | INFO    | holoqpi.engine.trainer | epoch 33/60 (76s = 26s train + 50s val) | train_loss=0.3650  val_phase_mae=0.1649  val_dice=0.8116  val_cls_acc=nan  val_mass_mape=0.2380
09:53:38 | INFO    | holoqpi.engine.trainer |   epoch 34 step 0/130 loss=0.3075
09:53:42 | INFO    | holoqpi.engine.trainer |   epoch 34 step 20/130 loss=0.3361
09:53:46 | INFO    | holoqpi.engine.trainer |   epoch 34 step 40/130 loss=0.3960
09:53:50 | INFO    | holoqpi.engine.trainer |   epoch 34 step 60/130 loss=0.4197
09:53:54 | INFO    | holoqpi.engine.trainer |   epoch 34 step 80/130 loss=0.3794
09:53:58 | INFO    | holoqpi.engine.trainer |   epoch 34 step 100/130 loss=0.3231
09:54:02 | INFO    | holoqpi.engine.trainer |   epoch 34 step 120/130 loss=0.4221
09:54:53 | INFO    | holoqpi.engine.trainer |   new best composite=0.7953
09:54:53 | INFO    | holoqpi.engine.trainer | epoch 34/60 (76s = 26s train + 49s val) | train_loss=0.3620  val_phase_mae=0.1651  val_dice=0.8100  val_cls_acc=nan  val_mass_mape=0.2159
09:54:54 | INFO    | holoqpi.engine.trainer |   epoch 35 step 0/130 loss=0.3559
09:54:58 | INFO    | holoqpi.engine.trainer |   epoch 35 step 20/130 loss=0.4038
09:55:02 | INFO    | holoqpi.engine.trainer |   epoch 35 step 40/130 loss=0.3357
09:55:06 | INFO    | holoqpi.engine.trainer |   epoch 35 step 60/130 loss=0.3327
09:55:10 | INFO    | holoqpi.engine.trainer |   epoch 35 step 80/130 loss=0.4186
09:55:14 | INFO    | holoqpi.engine.trainer |   epoch 35 step 100/130 loss=0.3476
09:55:18 | INFO    | holoqpi.engine.trainer |   epoch 35 step 120/130 loss=0.4746
09:56:09 | INFO    | holoqpi.engine.trainer | epoch 35/60 (76s = 27s train + 49s val) | train_loss=0.3579  val_phase_mae=0.1667  val_dice=0.8091  val_cls_acc=nan  val_mass_mape=0.2725
09:56:10 | INFO    | holoqpi.engine.trainer |   epoch 36 step 0/130 loss=0.4490
09:56:14 | INFO    | holoqpi.engine.trainer |   epoch 36 step 20/130 loss=0.3575
09:56:18 | INFO    | holoqpi.engine.trainer |   epoch 36 step 40/130 loss=0.3151
09:56:22 | INFO    | holoqpi.engine.trainer |   epoch 36 step 60/130 loss=0.3807
09:56:26 | INFO    | holoqpi.engine.trainer |   epoch 36 step 80/130 loss=0.3506
09:56:30 | INFO    | holoqpi.engine.trainer |   epoch 36 step 100/130 loss=0.5199
09:56:34 | INFO    | holoqpi.engine.trainer |   epoch 36 step 120/130 loss=0.4039
09:57:24 | INFO    | holoqpi.engine.trainer | epoch 36/60 (75s = 27s train + 49s val) | train_loss=0.3616  val_phase_mae=0.1655  val_dice=0.8116  val_cls_acc=nan  val_mass_mape=0.2246
09:57:25 | INFO    | holoqpi.engine.trainer |   epoch 37 step 0/130 loss=0.2985
09:57:30 | INFO    | holoqpi.engine.trainer |   epoch 37 step 20/130 loss=0.4068
09:57:34 | INFO    | holoqpi.engine.trainer |   epoch 37 step 40/130 loss=0.3365
09:57:38 | INFO    | holoqpi.engine.trainer |   epoch 37 step 60/130 loss=0.2923
09:57:42 | INFO    | holoqpi.engine.trainer |   epoch 37 step 80/130 loss=0.3683
09:57:46 | INFO    | holoqpi.engine.trainer |   epoch 37 step 100/130 loss=0.3823
09:57:50 | INFO    | holoqpi.engine.trainer |   epoch 37 step 120/130 loss=0.4070
09:58:40 | INFO    | holoqpi.engine.trainer |   new best composite=0.7975
09:58:40 | INFO    | holoqpi.engine.trainer | epoch 37/60 (76s = 28s train + 48s val) | train_loss=0.3559  val_phase_mae=0.1631  val_dice=0.8126  val_cls_acc=nan  val_mass_mape=0.2142
09:58:41 | INFO    | holoqpi.engine.trainer |   epoch 38 step 0/130 loss=0.4150
09:58:46 | INFO    | holoqpi.engine.trainer |   epoch 38 step 20/130 loss=0.3483
09:58:50 | INFO    | holoqpi.engine.trainer |   epoch 38 step 40/130 loss=0.3431
09:58:54 | INFO    | holoqpi.engine.trainer |   epoch 38 step 60/130 loss=0.3982
09:58:59 | INFO    | holoqpi.engine.trainer |   epoch 38 step 80/130 loss=0.4182
09:59:03 | INFO    | holoqpi.engine.trainer |   epoch 38 step 100/130 loss=0.3527
09:59:07 | INFO    | holoqpi.engine.trainer |   epoch 38 step 120/130 loss=0.3198
09:59:57 | INFO    | holoqpi.engine.trainer |   new best composite=0.7984
09:59:57 | INFO    | holoqpi.engine.trainer | epoch 38/60 (76s = 29s train + 48s val) | train_loss=0.3581  val_phase_mae=0.1635  val_dice=0.8130  val_cls_acc=nan  val_mass_mape=0.2131
09:59:58 | INFO    | holoqpi.engine.trainer |   epoch 39 step 0/130 loss=0.3537
10:00:02 | INFO    | holoqpi.engine.trainer |   epoch 39 step 20/130 loss=0.3156
10:00:07 | INFO    | holoqpi.engine.trainer |   epoch 39 step 40/130 loss=0.3296
10:00:11 | INFO    | holoqpi.engine.trainer |   epoch 39 step 60/130 loss=0.5381
10:00:15 | INFO    | holoqpi.engine.trainer |   epoch 39 step 80/130 loss=0.2964
10:00:19 | INFO    | holoqpi.engine.trainer |   epoch 39 step 100/130 loss=0.3900
10:00:24 | INFO    | holoqpi.engine.trainer |   epoch 39 step 120/130 loss=0.2863
10:01:14 | INFO    | holoqpi.engine.trainer | epoch 39/60 (77s = 29s train + 48s val) | train_loss=0.3550  val_phase_mae=0.1640  val_dice=0.8132  val_cls_acc=nan  val_mass_mape=0.2306
10:01:15 | INFO    | holoqpi.engine.trainer |   epoch 40 step 0/130 loss=0.3587
10:01:19 | INFO    | holoqpi.engine.trainer |   epoch 40 step 20/130 loss=0.3049
10:01:23 | INFO    | holoqpi.engine.trainer |   epoch 40 step 40/130 loss=0.2971
10:01:27 | INFO    | holoqpi.engine.trainer |   epoch 40 step 60/130 loss=0.3375
10:01:32 | INFO    | holoqpi.engine.trainer |   epoch 40 step 80/130 loss=0.3971
10:01:36 | INFO    | holoqpi.engine.trainer |   epoch 40 step 100/130 loss=0.3837
10:01:40 | INFO    | holoqpi.engine.trainer |   epoch 40 step 120/130 loss=0.3755
10:02:31 | INFO    | holoqpi.engine.trainer | epoch 40/60 (77s = 29s train + 48s val) | train_loss=0.3555  val_phase_mae=0.1634  val_dice=0.8130  val_cls_acc=nan  val_mass_mape=0.2121
10:02:32 | INFO    | holoqpi.engine.trainer |   epoch 41 step 0/130 loss=0.3051
10:02:36 | INFO    | holoqpi.engine.trainer |   epoch 41 step 20/130 loss=0.4139
10:02:40 | INFO    | holoqpi.engine.trainer |   epoch 41 step 40/130 loss=0.4341
10:02:44 | INFO    | holoqpi.engine.trainer |   epoch 41 step 60/130 loss=0.3009
10:02:48 | INFO    | holoqpi.engine.trainer |   epoch 41 step 80/130 loss=0.3575
10:02:52 | INFO    | holoqpi.engine.trainer |   epoch 41 step 100/130 loss=0.3126
10:02:57 | INFO    | holoqpi.engine.trainer |   epoch 41 step 120/130 loss=0.4195
10:03:47 | INFO    | holoqpi.engine.trainer | epoch 41/60 (76s = 28s train + 48s val) | train_loss=0.3567  val_phase_mae=0.1634  val_dice=0.8136  val_cls_acc=nan  val_mass_mape=0.2128
10:03:48 | INFO    | holoqpi.engine.trainer |   epoch 42 step 0/130 loss=0.3842
10:03:52 | INFO    | holoqpi.engine.trainer |   epoch 42 step 20/130 loss=0.4282
10:03:55 | INFO    | holoqpi.engine.trainer |   epoch 42 step 40/130 loss=0.3384
10:03:59 | INFO    | holoqpi.engine.trainer |   epoch 42 step 60/130 loss=0.4546
10:04:03 | INFO    | holoqpi.engine.trainer |   epoch 42 step 80/130 loss=0.4200
10:04:08 | INFO    | holoqpi.engine.trainer |   epoch 42 step 100/130 loss=0.3650
10:04:12 | INFO    | holoqpi.engine.trainer |   epoch 42 step 120/130 loss=0.3242
10:05:03 | INFO    | holoqpi.engine.trainer | epoch 42/60 (76s = 27s train + 49s val) | train_loss=0.3539  val_phase_mae=0.1626  val_dice=0.8152  val_cls_acc=nan  val_mass_mape=0.2239
10:05:04 | INFO    | holoqpi.engine.trainer |   epoch 43 step 0/130 loss=0.2856
10:05:08 | INFO    | holoqpi.engine.trainer |   epoch 43 step 20/130 loss=0.3385
10:05:12 | INFO    | holoqpi.engine.trainer |   epoch 43 step 40/130 loss=0.3891
10:05:16 | INFO    | holoqpi.engine.trainer |   epoch 43 step 60/130 loss=0.3201
10:05:20 | INFO    | holoqpi.engine.trainer |   epoch 43 step 80/130 loss=0.4142
10:05:24 | INFO    | holoqpi.engine.trainer |   epoch 43 step 100/130 loss=0.3237
10:05:28 | INFO    | holoqpi.engine.trainer |   epoch 43 step 120/130 loss=0.3481
10:06:19 | INFO    | holoqpi.engine.trainer | epoch 43/60 (76s = 27s train + 49s val) | train_loss=0.3474  val_phase_mae=0.1631  val_dice=0.8143  val_cls_acc=nan  val_mass_mape=0.2207
10:06:20 | INFO    | holoqpi.engine.trainer |   epoch 44 step 0/130 loss=0.3193
10:06:24 | INFO    | holoqpi.engine.trainer |   epoch 44 step 20/130 loss=0.3634
10:06:28 | INFO    | holoqpi.engine.trainer |   epoch 44 step 40/130 loss=0.3592
10:06:32 | INFO    | holoqpi.engine.trainer |   epoch 44 step 60/130 loss=0.3429
10:06:36 | INFO    | holoqpi.engine.trainer |   epoch 44 step 80/130 loss=0.3101
10:06:40 | INFO    | holoqpi.engine.trainer |   epoch 44 step 100/130 loss=0.2489
10:06:44 | INFO    | holoqpi.engine.trainer |   epoch 44 step 120/130 loss=0.3104
10:07:35 | INFO    | holoqpi.engine.trainer |   new best composite=0.7994
10:07:35 | INFO    | holoqpi.engine.trainer | epoch 44/60 (76s = 26s train + 50s val) | train_loss=0.3486  val_phase_mae=0.1625  val_dice=0.8155  val_cls_acc=nan  val_mass_mape=0.2126
10:07:36 | INFO    | holoqpi.engine.trainer |   epoch 45 step 0/130 loss=0.3481
10:07:40 | INFO    | holoqpi.engine.trainer |   epoch 45 step 20/130 loss=0.4104
10:07:44 | INFO    | holoqpi.engine.trainer |   epoch 45 step 40/130 loss=0.4016
10:07:48 | INFO    | holoqpi.engine.trainer |   epoch 45 step 60/130 loss=0.3061
10:07:52 | INFO    | holoqpi.engine.trainer |   epoch 45 step 80/130 loss=0.4803
10:07:56 | INFO    | holoqpi.engine.trainer |   epoch 45 step 100/130 loss=0.3969
10:08:00 | INFO    | holoqpi.engine.trainer |   epoch 45 step 120/130 loss=0.3581
10:08:51 | INFO    | holoqpi.engine.trainer | epoch 45/60 (76s = 26s train + 50s val) | train_loss=0.3495  val_phase_mae=0.1631  val_dice=0.8145  val_cls_acc=nan  val_mass_mape=0.2273
10:08:52 | INFO    | holoqpi.engine.trainer |   epoch 46 step 0/130 loss=0.3850
10:08:56 | INFO    | holoqpi.engine.trainer |   epoch 46 step 20/130 loss=0.3873
10:09:00 | INFO    | holoqpi.engine.trainer |   epoch 46 step 40/130 loss=0.3817
10:09:04 | INFO    | holoqpi.engine.trainer |   epoch 46 step 60/130 loss=0.3000
10:09:08 | INFO    | holoqpi.engine.trainer |   epoch 46 step 80/130 loss=0.3458
10:09:12 | INFO    | holoqpi.engine.trainer |   epoch 46 step 100/130 loss=0.3857
10:09:16 | INFO    | holoqpi.engine.trainer |   epoch 46 step 120/130 loss=0.3182
10:10:07 | INFO    | holoqpi.engine.trainer | epoch 46/60 (76s = 27s train + 49s val) | train_loss=0.3564  val_phase_mae=0.1632  val_dice=0.8136  val_cls_acc=nan  val_mass_mape=0.2231
10:10:08 | INFO    | holoqpi.engine.trainer |   epoch 47 step 0/130 loss=0.3177
10:10:12 | INFO    | holoqpi.engine.trainer |   epoch 47 step 20/130 loss=0.3174
10:10:16 | INFO    | holoqpi.engine.trainer |   epoch 47 step 40/130 loss=0.3374
10:10:20 | INFO    | holoqpi.engine.trainer |   epoch 47 step 60/130 loss=0.3189
10:10:24 | INFO    | holoqpi.engine.trainer |   epoch 47 step 80/130 loss=0.3246
10:10:28 | INFO    | holoqpi.engine.trainer |   epoch 47 step 100/130 loss=0.4718
10:10:32 | INFO    | holoqpi.engine.trainer |   epoch 47 step 120/130 loss=0.3584
10:11:23 | INFO    | holoqpi.engine.trainer | epoch 47/60 (76s = 26s train + 49s val) | train_loss=0.3496  val_phase_mae=0.1632  val_dice=0.8141  val_cls_acc=nan  val_mass_mape=0.2209
10:11:24 | INFO    | holoqpi.engine.trainer |   epoch 48 step 0/130 loss=0.3590
10:11:28 | INFO    | holoqpi.engine.trainer |   epoch 48 step 20/130 loss=0.3102
10:11:32 | INFO    | holoqpi.engine.trainer |   epoch 48 step 40/130 loss=0.3642
10:11:36 | INFO    | holoqpi.engine.trainer |   epoch 48 step 60/130 loss=0.3036
10:11:40 | INFO    | holoqpi.engine.trainer |   epoch 48 step 80/130 loss=0.3206
10:11:44 | INFO    | holoqpi.engine.trainer |   epoch 48 step 100/130 loss=0.2791
10:11:48 | INFO    | holoqpi.engine.trainer |   epoch 48 step 120/130 loss=0.3242
10:12:39 | INFO    | holoqpi.engine.trainer | epoch 48/60 (76s = 27s train + 49s val) | train_loss=0.3421  val_phase_mae=0.1620  val_dice=0.8150  val_cls_acc=nan  val_mass_mape=0.2162
10:12:40 | INFO    | holoqpi.engine.trainer |   epoch 49 step 0/130 loss=0.3637
10:12:44 | INFO    | holoqpi.engine.trainer |   epoch 49 step 20/130 loss=0.3428
10:12:48 | INFO    | holoqpi.engine.trainer |   epoch 49 step 40/130 loss=0.2960
10:12:52 | INFO    | holoqpi.engine.trainer |   epoch 49 step 60/130 loss=0.3408
10:12:56 | INFO    | holoqpi.engine.trainer |   epoch 49 step 80/130 loss=0.4572
10:13:00 | INFO    | holoqpi.engine.trainer |   epoch 49 step 100/130 loss=0.3441
10:13:04 | INFO    | holoqpi.engine.trainer |   epoch 49 step 120/130 loss=0.3261
10:13:54 | INFO    | holoqpi.engine.trainer |   new best composite=0.7997
10:13:54 | INFO    | holoqpi.engine.trainer | epoch 49/60 (75s = 27s train + 48s val) | train_loss=0.3455  val_phase_mae=0.1628  val_dice=0.8148  val_cls_acc=nan  val_mass_mape=0.2113
10:13:55 | INFO    | holoqpi.engine.trainer |   epoch 50 step 0/130 loss=0.2843
10:14:00 | INFO    | holoqpi.engine.trainer |   epoch 50 step 20/130 loss=0.3942
10:14:04 | INFO    | holoqpi.engine.trainer |   epoch 50 step 40/130 loss=0.3304
10:14:08 | INFO    | holoqpi.engine.trainer |   epoch 50 step 60/130 loss=0.2805
10:14:12 | INFO    | holoqpi.engine.trainer |   epoch 50 step 80/130 loss=0.3373
10:14:16 | INFO    | holoqpi.engine.trainer |   epoch 50 step 100/130 loss=0.4177
10:14:20 | INFO    | holoqpi.engine.trainer |   epoch 50 step 120/130 loss=0.3577
10:15:10 | INFO    | holoqpi.engine.trainer |   new best composite=0.8000
10:15:10 | INFO    | holoqpi.engine.trainer | epoch 50/60 (76s = 28s train + 48s val) | train_loss=0.3497  val_phase_mae=0.1616  val_dice=0.8142  val_cls_acc=nan  val_mass_mape=0.2102
10:15:11 | INFO    | holoqpi.engine.trainer |   epoch 51 step 0/130 loss=0.2864
10:15:16 | INFO    | holoqpi.engine.trainer |   epoch 51 step 20/130 loss=0.3755
10:15:20 | INFO    | holoqpi.engine.trainer |   epoch 51 step 40/130 loss=0.3805
10:15:25 | INFO    | holoqpi.engine.trainer |   epoch 51 step 60/130 loss=0.2971
10:15:29 | INFO    | holoqpi.engine.trainer |   epoch 51 step 80/130 loss=0.4474
10:15:33 | INFO    | holoqpi.engine.trainer |   epoch 51 step 100/130 loss=0.3385
10:15:37 | INFO    | holoqpi.engine.trainer |   epoch 51 step 120/130 loss=0.2696
10:16:26 | INFO    | holoqpi.engine.trainer | epoch 51/60 (76s = 28s train + 48s val) | train_loss=0.3445  val_phase_mae=0.1617  val_dice=0.8147  val_cls_acc=nan  val_mass_mape=0.2186
10:16:27 | INFO    | holoqpi.engine.trainer |   epoch 52 step 0/130 loss=0.4422
10:16:31 | INFO    | holoqpi.engine.trainer |   epoch 52 step 20/130 loss=0.3190
10:16:35 | INFO    | holoqpi.engine.trainer |   epoch 52 step 40/130 loss=0.3396
10:16:40 | INFO    | holoqpi.engine.trainer |   epoch 52 step 60/130 loss=0.3101
10:16:44 | INFO    | holoqpi.engine.trainer |   epoch 52 step 80/130 loss=0.3223
10:16:48 | INFO    | holoqpi.engine.trainer |   epoch 52 step 100/130 loss=0.3210
10:16:53 | INFO    | holoqpi.engine.trainer |   epoch 52 step 120/130 loss=0.4542
10:17:43 | INFO    | holoqpi.engine.trainer |   new best composite=0.8006
10:17:43 | INFO    | holoqpi.engine.trainer | epoch 52/60 (77s = 29s train + 48s val) | train_loss=0.3438  val_phase_mae=0.1612  val_dice=0.8156  val_cls_acc=nan  val_mass_mape=0.2133
10:17:44 | INFO    | holoqpi.engine.trainer |   epoch 53 step 0/130 loss=0.3851
10:17:48 | INFO    | holoqpi.engine.trainer |   epoch 53 step 20/130 loss=0.3165
10:17:52 | INFO    | holoqpi.engine.trainer |   epoch 53 step 40/130 loss=0.3565
10:17:57 | INFO    | holoqpi.engine.trainer |   epoch 53 step 60/130 loss=0.3534
10:18:01 | INFO    | holoqpi.engine.trainer |   epoch 53 step 80/130 loss=0.3995
10:18:05 | INFO    | holoqpi.engine.trainer |   epoch 53 step 100/130 loss=0.3448
10:18:10 | INFO    | holoqpi.engine.trainer |   epoch 53 step 120/130 loss=0.2736
10:18:59 | INFO    | holoqpi.engine.trainer | epoch 53/60 (76s = 29s train + 48s val) | train_loss=0.3411  val_phase_mae=0.1613  val_dice=0.8153  val_cls_acc=nan  val_mass_mape=0.2151
10:19:00 | INFO    | holoqpi.engine.trainer |   epoch 54 step 0/130 loss=0.3066
10:19:04 | INFO    | holoqpi.engine.trainer |   epoch 54 step 20/130 loss=0.3840
10:19:08 | INFO    | holoqpi.engine.trainer |   epoch 54 step 40/130 loss=0.3731
10:19:13 | INFO    | holoqpi.engine.trainer |   epoch 54 step 60/130 loss=0.3558
10:19:17 | INFO    | holoqpi.engine.trainer |   epoch 54 step 80/130 loss=0.3452
10:19:22 | INFO    | holoqpi.engine.trainer |   epoch 54 step 100/130 loss=0.2903
10:19:26 | INFO    | holoqpi.engine.trainer |   epoch 54 step 120/130 loss=0.2755
10:20:16 | INFO    | holoqpi.engine.trainer | epoch 54/60 (77s = 28s train + 49s val) | train_loss=0.3446  val_phase_mae=0.1614  val_dice=0.8148  val_cls_acc=nan  val_mass_mape=0.2115
10:20:17 | INFO    | holoqpi.engine.trainer |   epoch 55 step 0/130 loss=0.3234
10:20:21 | INFO    | holoqpi.engine.trainer |   epoch 55 step 20/130 loss=0.4064
10:20:25 | INFO    | holoqpi.engine.trainer |   epoch 55 step 40/130 loss=0.3358
10:20:29 | INFO    | holoqpi.engine.trainer |   epoch 55 step 60/130 loss=0.3353
10:20:33 | INFO    | holoqpi.engine.trainer |   epoch 55 step 80/130 loss=0.3027
10:20:38 | INFO    | holoqpi.engine.trainer |   epoch 55 step 100/130 loss=0.4319
10:20:42 | INFO    | holoqpi.engine.trainer |   epoch 55 step 120/130 loss=0.3122
10:21:33 | INFO    | holoqpi.engine.trainer | epoch 55/60 (76s = 28s train + 49s val) | train_loss=0.3484  val_phase_mae=0.1611  val_dice=0.8156  val_cls_acc=nan  val_mass_mape=0.2112
10:21:34 | INFO    | holoqpi.engine.trainer |   epoch 56 step 0/130 loss=0.3277
10:21:37 | INFO    | holoqpi.engine.trainer |   epoch 56 step 20/130 loss=0.3028
10:21:41 | INFO    | holoqpi.engine.trainer |   epoch 56 step 40/130 loss=0.3341
10:21:45 | INFO    | holoqpi.engine.trainer |   epoch 56 step 60/130 loss=0.3547
10:21:49 | INFO    | holoqpi.engine.trainer |   epoch 56 step 80/130 loss=0.3009
10:21:53 | INFO    | holoqpi.engine.trainer |   epoch 56 step 100/130 loss=0.3268
10:21:58 | INFO    | holoqpi.engine.trainer |   epoch 56 step 120/130 loss=0.3886
10:22:48 | INFO    | holoqpi.engine.trainer | epoch 56/60 (76s = 27s train + 49s val) | train_loss=0.3421  val_phase_mae=0.1612  val_dice=0.8154  val_cls_acc=nan  val_mass_mape=0.2141
10:22:49 | INFO    | holoqpi.engine.trainer |   epoch 57 step 0/130 loss=0.3343
10:22:53 | INFO    | holoqpi.engine.trainer |   epoch 57 step 20/130 loss=0.3050
10:22:57 | INFO    | holoqpi.engine.trainer |   epoch 57 step 40/130 loss=0.3979
10:23:01 | INFO    | holoqpi.engine.trainer |   epoch 57 step 60/130 loss=0.3328
10:23:05 | INFO    | holoqpi.engine.trainer |   epoch 57 step 80/130 loss=0.3452
10:23:09 | INFO    | holoqpi.engine.trainer |   epoch 57 step 100/130 loss=0.3906
10:23:13 | INFO    | holoqpi.engine.trainer |   epoch 57 step 120/130 loss=0.3144
10:24:04 | INFO    | holoqpi.engine.trainer | epoch 57/60 (76s = 26s train + 50s val) | train_loss=0.3391  val_phase_mae=0.1619  val_dice=0.8153  val_cls_acc=nan  val_mass_mape=0.2204
10:24:05 | INFO    | holoqpi.engine.trainer |   epoch 58 step 0/130 loss=0.3135
10:24:09 | INFO    | holoqpi.engine.trainer |   epoch 58 step 20/130 loss=0.4343
10:24:13 | INFO    | holoqpi.engine.trainer |   epoch 58 step 40/130 loss=0.3022
10:24:17 | INFO    | holoqpi.engine.trainer |   epoch 58 step 60/130 loss=0.3174
10:24:21 | INFO    | holoqpi.engine.trainer |   epoch 58 step 80/130 loss=0.3087
10:24:25 | INFO    | holoqpi.engine.trainer |   epoch 58 step 100/130 loss=0.3151
10:24:29 | INFO    | holoqpi.engine.trainer |   epoch 58 step 120/130 loss=0.3192
10:25:20 | INFO    | holoqpi.engine.trainer | epoch 58/60 (76s = 26s train + 49s val) | train_loss=0.3360  val_phase_mae=0.1614  val_dice=0.8154  val_cls_acc=nan  val_mass_mape=0.2129
10:25:21 | INFO    | holoqpi.engine.trainer |   epoch 59 step 0/130 loss=0.3156
10:25:25 | INFO    | holoqpi.engine.trainer |   epoch 59 step 20/130 loss=0.3006
10:25:28 | INFO    | holoqpi.engine.trainer |   epoch 59 step 40/130 loss=0.3176
10:25:32 | INFO    | holoqpi.engine.trainer |   epoch 59 step 60/130 loss=0.3430
10:25:36 | INFO    | holoqpi.engine.trainer |   epoch 59 step 80/130 loss=0.3430
10:25:40 | INFO    | holoqpi.engine.trainer |   epoch 59 step 100/130 loss=0.4935
10:25:44 | INFO    | holoqpi.engine.trainer |   epoch 59 step 120/130 loss=0.2959
10:26:35 | INFO    | holoqpi.engine.trainer | epoch 59/60 (76s = 26s train + 49s val) | train_loss=0.3378  val_phase_mae=0.1613  val_dice=0.8156  val_cls_acc=nan  val_mass_mape=0.2133
10:26:36 | INFO    | holoqpi.engine.trainer |   epoch 60 step 0/130 loss=0.3190
10:26:40 | INFO    | holoqpi.engine.trainer |   epoch 60 step 20/130 loss=0.3297
10:26:44 | INFO    | holoqpi.engine.trainer |   epoch 60 step 40/130 loss=0.3540
10:26:48 | INFO    | holoqpi.engine.trainer |   epoch 60 step 60/130 loss=0.5141
10:26:52 | INFO    | holoqpi.engine.trainer |   epoch 60 step 80/130 loss=0.3069
10:26:56 | INFO    | holoqpi.engine.trainer |   epoch 60 step 100/130 loss=0.2820
10:27:00 | INFO    | holoqpi.engine.trainer |   epoch 60 step 120/130 loss=0.2695
10:27:51 | INFO    | holoqpi.engine.trainer | epoch 60/60 (76s = 26s train + 50s val) | train_loss=0.3406  val_phase_mae=0.1613  val_dice=0.8153  val_cls_acc=nan  val_mass_mape=0.2150
10:27:52 | INFO    | holoqpi.engine.trainer | training finished; best epoch 52 (composite=0.8006)
