23:27:33 | INFO    | holoqpi.models.encoders | loading pretrained mobilenet_v2 from weights/mobilenet_v2-b0353104.pth
23:27:33 | INFO    | holoqpi.models.encoders | loading pretrained mobilenet_v2 from weights/mobilenet_v2-b0353104.pth
23:27:33 | INFO    | holoqpi.models.encoders | encoder=mobilenet_v2 in_channels=1 pretrained=True weights=local (weights) stages=[16, 24, 32, 96, 1280]
23:27:33 | INFO    | holoqpi.models.holonet | HoloQPINet built: 9.60M parameters, 9.60M trainable (100.0%)
23:27:35 | INFO    | holoqpi.engine.trainer | checkpoint best_model.pt: 440/440 tensors matched
23:27:35 | INFO    | holoqpi.data.dataset | test split: 113 samples | modality=off_axis | crop=None | augment=False
23:28:25 | INFO    | holoqpi |   area_bootstrap_fields              113
23:28:25 | INFO    | holoqpi |   area_bootstrap_resamples           2000
23:28:25 | INFO    | holoqpi |   area_cell_pearson_r                0.8892
23:28:25 | INFO    | holoqpi |   area_cell_pearson_r_ci_lower       0.8722
23:28:25 | INFO    | holoqpi |   area_cell_pearson_r_ci_upper       0.9051
23:28:25 | INFO    | holoqpi |   area_field_total_bias              -0.0931
23:28:25 | INFO    | holoqpi |   area_field_total_mape              0.1546
23:28:25 | INFO    | holoqpi |   area_field_total_pearson_r         0.9369
23:28:25 | INFO    | holoqpi |   area_image_pearson_r               0.8380
23:28:25 | INFO    | holoqpi |   area_loa_lower                     -0.1581
23:28:25 | INFO    | holoqpi |   area_loa_upper                     0.2847
23:28:25 | INFO    | holoqpi |   area_mae                           61.9731
23:28:25 | INFO    | holoqpi |   area_mape                          0.1612
23:28:25 | INFO    | holoqpi |   area_mape_ci_lower                 0.1514
23:28:25 | INFO    | holoqpi |   area_mape_ci_upper                 0.1713
23:28:25 | INFO    | holoqpi |   area_mape_coverage_adjusted        0.5069
23:28:25 | INFO    | holoqpi |   area_median_relative_bias          0.0684
23:28:25 | INFO    | holoqpi |   area_n_cells                       1873
23:28:25 | INFO    | holoqpi |   area_n_fields                      113
23:28:25 | INFO    | holoqpi |   area_relative_bias                 0.0633
23:28:25 | INFO    | holoqpi |   cell_count_ratio                   0.6924
23:28:25 | INFO    | holoqpi |   cells_detected                     2206
23:28:25 | INFO    | holoqpi |   cells_false_positive               333
23:28:25 | INFO    | holoqpi |   cells_matched                      1873
23:28:25 | INFO    | holoqpi |   cells_missed                       1313
23:28:25 | INFO    | holoqpi |   cells_reference                    3186
23:28:25 | INFO    | holoqpi |   circularity_bootstrap_fields       113
23:28:25 | INFO    | holoqpi |   circularity_bootstrap_resamples    2000
23:28:25 | INFO    | holoqpi |   circularity_cell_pearson_r         0.8730
23:28:25 | INFO    | holoqpi |   circularity_cell_pearson_r_ci_lower 0.8523
23:28:25 | INFO    | holoqpi |   circularity_cell_pearson_r_ci_upper 0.8927
23:28:25 | INFO    | holoqpi |   circularity_image_pearson_r        0.9013
23:28:25 | INFO    | holoqpi |   circularity_loa_lower              -0.0715
23:28:25 | INFO    | holoqpi |   circularity_loa_upper              0.1058
23:28:25 | INFO    | holoqpi |   circularity_mae                    0.0432
23:28:25 | INFO    | holoqpi |   circularity_mape                   0.0608
23:28:25 | INFO    | holoqpi |   circularity_mape_ci_lower          0.0538
23:28:25 | INFO    | holoqpi |   circularity_mape_ci_upper          0.0682
23:28:25 | INFO    | holoqpi |   circularity_mape_coverage_adjusted 0.4479
23:28:25 | INFO    | holoqpi |   circularity_median_relative_bias   0.0133
23:28:25 | INFO    | holoqpi |   circularity_n_cells                1873
23:28:25 | INFO    | holoqpi |   circularity_relative_bias          0.0172
23:28:25 | INFO    | holoqpi |   coverage                           0.5879
23:28:25 | INFO    | holoqpi |   detection_f1                       0.6947
23:28:25 | INFO    | holoqpi |   detection_precision                0.8490
23:28:25 | INFO    | holoqpi |   detection_recall                   0.5879
23:28:25 | INFO    | holoqpi |   dry_mass_bootstrap_fields          113
23:28:25 | INFO    | holoqpi |   dry_mass_bootstrap_resamples       2000
23:28:25 | INFO    | holoqpi |   dry_mass_cell_pearson_r            0.9199
23:28:25 | INFO    | holoqpi |   dry_mass_cell_pearson_r_ci_lower   0.9061
23:28:25 | INFO    | holoqpi |   dry_mass_cell_pearson_r_ci_upper   0.9318
23:28:25 | INFO    | holoqpi |   dry_mass_field_total_bias          -0.1636
23:28:25 | INFO    | holoqpi |   dry_mass_field_total_mape          0.1652
23:28:25 | INFO    | holoqpi |   dry_mass_field_total_pearson_r     0.9906
23:28:25 | INFO    | holoqpi |   dry_mass_image_pearson_r           0.9461
23:28:25 | INFO    | holoqpi |   dry_mass_loa_lower                 -0.2361
23:28:25 | INFO    | holoqpi |   dry_mass_loa_upper                 0.1734
23:28:25 | INFO    | holoqpi |   dry_mass_mae                       38.5673
23:28:25 | INFO    | holoqpi |   dry_mass_mape                      0.1873
23:28:25 | INFO    | holoqpi |   dry_mass_mape_ci_lower             0.1769
23:28:25 | INFO    | holoqpi |   dry_mass_mape_ci_upper             0.1990
23:28:25 | INFO    | holoqpi |   dry_mass_mape_coverage_adjusted    0.5222
23:28:25 | INFO    | holoqpi |   dry_mass_median_relative_bias      -0.0286
23:28:25 | INFO    | holoqpi |   dry_mass_n_cells                   1873
23:28:25 | INFO    | holoqpi |   dry_mass_n_fields                  113
23:28:25 | INFO    | holoqpi |   dry_mass_relative_bias             -0.0314
23:28:25 | INFO    | holoqpi |   false_positive_median_area_um2     144.4496
23:28:25 | INFO    | holoqpi |   forward_distance_um                33.7700
23:28:25 | INFO    | holoqpi |   forward_residual                   0.8970
23:28:25 | INFO    | holoqpi |   forward_residual_n                 113
23:28:25 | INFO    | holoqpi |   forward_residual_ratio             1.0064
23:28:25 | INFO    | holoqpi |   forward_residual_reference         0.8914
23:28:25 | INFO    | holoqpi |   missed_median_area_um2             98.1933
23:28:25 | INFO    | holoqpi |   optical_volume_bootstrap_fields    113
23:28:25 | INFO    | holoqpi |   optical_volume_bootstrap_resamples 2000
23:28:25 | INFO    | holoqpi |   optical_volume_cell_pearson_r      0.9199
23:28:25 | INFO    | holoqpi |   optical_volume_cell_pearson_r_ci_lower 0.9061
23:28:25 | INFO    | holoqpi |   optical_volume_cell_pearson_r_ci_upper 0.9318
23:28:25 | INFO    | holoqpi |   optical_volume_field_total_bias    -0.1636
23:28:25 | INFO    | holoqpi |   optical_volume_field_total_mape    0.1652
23:28:25 | INFO    | holoqpi |   optical_volume_field_total_pearson_r 0.9906
23:28:25 | INFO    | holoqpi |   optical_volume_image_pearson_r     0.9461
23:28:25 | INFO    | holoqpi |   optical_volume_loa_lower           -0.2361
23:28:25 | INFO    | holoqpi |   optical_volume_loa_upper           0.1734
23:28:25 | INFO    | holoqpi |   optical_volume_mae                 72.7705
23:28:25 | INFO    | holoqpi |   optical_volume_mape                0.1873
23:28:25 | INFO    | holoqpi |   optical_volume_mape_ci_lower       0.1769
23:28:25 | INFO    | holoqpi |   optical_volume_mape_ci_upper       0.1990
23:28:25 | INFO    | holoqpi |   optical_volume_mape_coverage_adjusted 0.5222
23:28:25 | INFO    | holoqpi |   optical_volume_median_relative_bias -0.0286
23:28:25 | INFO    | holoqpi |   optical_volume_n_cells             1873
23:28:25 | INFO    | holoqpi |   optical_volume_n_fields            113
23:28:25 | INFO    | holoqpi |   optical_volume_relative_bias       -0.0314
23:28:25 | INFO    | holoqpi |   phase_bias_rad                     -0.0010
23:28:25 | INFO    | holoqpi |   phase_bias_rad_background          0.0294
23:28:25 | INFO    | holoqpi |   phase_bias_rad_in_cell             -0.2000
23:28:25 | INFO    | holoqpi |   phase_mae_rad                      0.1628
23:28:25 | INFO    | holoqpi |   phase_mae_rad_background           0.1447
23:28:25 | INFO    | holoqpi |   phase_mae_rad_in_cell              0.2904
23:28:25 | INFO    | holoqpi |   phase_n_images                     113
23:28:25 | INFO    | holoqpi |   phase_pearson_r                    0.8657
23:28:25 | INFO    | holoqpi |   phase_psnr_db                      30.9049
23:28:25 | INFO    | holoqpi |   phase_rmse_rad                     0.2484
23:28:25 | INFO    | holoqpi |   phase_ssim                         0.6241
23:28:25 | INFO    | holoqpi |   seg_aji                            0.6626
23:28:25 | INFO    | holoqpi |   seg_boundary_f1                    0.4461
23:28:25 | INFO    | holoqpi |   seg_dice                           0.8296
23:28:25 | INFO    | holoqpi |   seg_dice_macro                     0.8296
23:28:25 | INFO    | holoqpi |   seg_instance_count_mape            0.3070
23:28:25 | INFO    | holoqpi |   seg_iou                            0.7088
23:28:25 | INFO    | holoqpi |   seg_n_images                       113
