20:39:42 | INFO    | holoqpi.models.encoders | loading pretrained mobilenet_v2 from weights/mobilenet_v2-b0353104.pth
20:39:42 | INFO    | holoqpi.models.encoders | loading pretrained mobilenet_v2 from weights/mobilenet_v2-b0353104.pth
20:39:42 | INFO    | holoqpi.models.encoders | encoder=mobilenet_v2 in_channels=1 pretrained=True weights=local (weights) stages=[16, 24, 32, 96, 1280]
20:39:42 | INFO    | holoqpi.models.holonet | HoloQPINet built: 9.60M parameters, 9.60M trainable (100.0%)
20:39:44 | INFO    | holoqpi.engine.trainer | checkpoint best_model.pt: 440/440 tensors matched
20:39:44 | INFO    | holoqpi.data.dataset | test split: 113 samples | modality=off_axis | crop=None | augment=False
20:40:35 | INFO    | holoqpi | labels from membrane_mask -> metrics_test_membrane.json
20:40:35 | INFO    | holoqpi |   area_bootstrap_fields              92
20:40:35 | INFO    | holoqpi |   area_bootstrap_resamples           2000
20:40:35 | INFO    | holoqpi |   area_cell_pearson_r                0.8149
20:40:35 | INFO    | holoqpi |   area_cell_pearson_r_ci_lower       0.7603
20:40:35 | INFO    | holoqpi |   area_cell_pearson_r_ci_upper       0.8566
20:40:35 | INFO    | holoqpi |   area_field_total_bias              -0.4622
20:40:35 | INFO    | holoqpi |   area_field_total_mape              0.4756
20:40:35 | INFO    | holoqpi |   area_field_total_pearson_r         0.2640
20:40:35 | INFO    | holoqpi |   area_image_pearson_r               0.7992
20:40:35 | INFO    | holoqpi |   area_loa_lower                     -0.7320
20:40:35 | INFO    | holoqpi |   area_loa_upper                     0.0185
20:40:35 | INFO    | holoqpi |   area_mae                           230.1612
20:40:35 | INFO    | holoqpi |   area_mape                          0.3086
20:40:35 | INFO    | holoqpi |   area_mape_ci_lower                 0.2930
20:40:35 | INFO    | holoqpi |   area_mape_ci_upper                 0.3239
20:40:35 | INFO    | holoqpi |   area_mape_coverage_adjusted        0.9215
20:40:35 | INFO    | holoqpi |   area_median_relative_bias          -0.3836
20:40:35 | INFO    | holoqpi |   area_n_cells                       407
20:40:35 | INFO    | holoqpi |   area_n_fields                      113
20:40:35 | INFO    | holoqpi |   area_relative_bias                 -0.3567
20:40:35 | INFO    | holoqpi |   cell_count_ratio                   0.6306
20:40:35 | INFO    | holoqpi |   cells_detected                     2260
20:40:35 | INFO    | holoqpi |   cells_false_positive               1853
20:40:35 | INFO    | holoqpi |   cells_matched                      407
20:40:35 | INFO    | holoqpi |   cells_missed                       3177
20:40:35 | INFO    | holoqpi |   cells_reference                    3584
20:40:35 | INFO    | holoqpi |   circularity_bootstrap_fields       92
20:40:35 | INFO    | holoqpi |   circularity_bootstrap_resamples    2000
20:40:35 | INFO    | holoqpi |   circularity_cell_pearson_r         0.3857
20:40:35 | INFO    | holoqpi |   circularity_cell_pearson_r_ci_lower 0.2483
20:40:35 | INFO    | holoqpi |   circularity_cell_pearson_r_ci_upper 0.4871
20:40:35 | INFO    | holoqpi |   circularity_image_pearson_r        0.2215
20:40:35 | INFO    | holoqpi |   circularity_loa_lower              -0.0263
20:40:35 | INFO    | holoqpi |   circularity_loa_upper              0.7159
20:40:35 | INFO    | holoqpi |   circularity_mae                    0.2520
20:40:35 | INFO    | holoqpi |   circularity_mape                   0.4922
20:40:35 | INFO    | holoqpi |   circularity_mape_ci_lower          0.4316
20:40:35 | INFO    | holoqpi |   circularity_mape_ci_upper          0.5550
20:40:35 | INFO    | holoqpi |   circularity_mape_coverage_adjusted 0.9423
20:40:35 | INFO    | holoqpi |   circularity_median_relative_bias   0.3599
20:40:35 | INFO    | holoqpi |   circularity_n_cells                407
20:40:35 | INFO    | holoqpi |   circularity_relative_bias          0.3448
20:40:35 | INFO    | holoqpi |   coverage                           0.1136
20:40:35 | INFO    | holoqpi |   detection_f1                       0.1393
20:40:35 | INFO    | holoqpi |   detection_precision                0.1801
20:40:35 | INFO    | holoqpi |   detection_recall                   0.1136
20:40:35 | INFO    | holoqpi |   dry_mass_bootstrap_fields          92
20:40:35 | INFO    | holoqpi |   dry_mass_bootstrap_resamples       2000
20:40:35 | INFO    | holoqpi |   dry_mass_cell_pearson_r            0.9361
20:40:35 | INFO    | holoqpi |   dry_mass_cell_pearson_r_ci_lower   0.9147
20:40:35 | INFO    | holoqpi |   dry_mass_cell_pearson_r_ci_upper   0.9528
20:40:35 | INFO    | holoqpi |   dry_mass_field_total_bias          0.5666
20:40:35 | INFO    | holoqpi |   dry_mass_field_total_mape          0.5666
20:40:35 | INFO    | holoqpi |   dry_mass_field_total_pearson_r     0.8868
20:40:35 | INFO    | holoqpi |   dry_mass_image_pearson_r           0.9468
20:40:35 | INFO    | holoqpi |   dry_mass_loa_lower                 -0.2151
20:40:35 | INFO    | holoqpi |   dry_mass_loa_upper                 0.3247
20:40:35 | INFO    | holoqpi |   dry_mass_mae                       37.7954
20:40:35 | INFO    | holoqpi |   dry_mass_mape                      0.1874
20:40:35 | INFO    | holoqpi |   dry_mass_mape_ci_lower             0.1505
20:40:35 | INFO    | holoqpi |   dry_mass_mape_ci_upper             0.2451
20:40:35 | INFO    | holoqpi |   dry_mass_mape_coverage_adjusted    0.9077
20:40:35 | INFO    | holoqpi |   dry_mass_median_relative_bias      0.0392
20:40:35 | INFO    | holoqpi |   dry_mass_n_cells                   407
20:40:35 | INFO    | holoqpi |   dry_mass_n_fields                  113
20:40:35 | INFO    | holoqpi |   dry_mass_relative_bias             0.0548
20:40:35 | INFO    | holoqpi |   false_positive_median_area_um2     364.2079
20:40:35 | INFO    | holoqpi |   forward_distance_um                33.7700
20:40:35 | INFO    | holoqpi |   forward_residual                   0.8947
20:40:35 | INFO    | holoqpi |   forward_residual_n                 113
20:40:35 | INFO    | holoqpi |   forward_residual_ratio             1.0037
20:40:35 | INFO    | holoqpi |   forward_residual_reference         0.8914
20:40:35 | INFO    | holoqpi |   missed_median_area_um2             145.9915
20:40:35 | INFO    | holoqpi |   optical_volume_bootstrap_fields    92
20:40:35 | INFO    | holoqpi |   optical_volume_bootstrap_resamples 2000
20:40:35 | INFO    | holoqpi |   optical_volume_cell_pearson_r      0.9361
20:40:35 | INFO    | holoqpi |   optical_volume_cell_pearson_r_ci_lower 0.9147
20:40:35 | INFO    | holoqpi |   optical_volume_cell_pearson_r_ci_upper 0.9528
20:40:35 | INFO    | holoqpi |   optical_volume_field_total_bias    0.5666
20:40:35 | INFO    | holoqpi |   optical_volume_field_total_mape    0.5666
20:40:35 | INFO    | holoqpi |   optical_volume_field_total_pearson_r 0.8868
20:40:35 | INFO    | holoqpi |   optical_volume_image_pearson_r     0.9468
20:40:35 | INFO    | holoqpi |   optical_volume_loa_lower           -0.2151
20:40:35 | INFO    | holoqpi |   optical_volume_loa_upper           0.3247
20:40:35 | INFO    | holoqpi |   optical_volume_mae                 71.3139
20:40:35 | INFO    | holoqpi |   optical_volume_mape                0.1874
20:40:35 | INFO    | holoqpi |   optical_volume_mape_ci_lower       0.1505
20:40:35 | INFO    | holoqpi |   optical_volume_mape_ci_upper       0.2451
20:40:35 | INFO    | holoqpi |   optical_volume_mape_coverage_adjusted 0.9077
20:40:35 | INFO    | holoqpi |   optical_volume_median_relative_bias 0.0392
20:40:35 | INFO    | holoqpi |   optical_volume_n_cells             407
20:40:35 | INFO    | holoqpi |   optical_volume_n_fields            113
20:40:35 | INFO    | holoqpi |   optical_volume_relative_bias       0.0548
20:40:35 | INFO    | holoqpi |   phase_bias_rad                     -0.0103
20:40:35 | INFO    | holoqpi |   phase_bias_rad_background          -0.0080
20:40:35 | INFO    | holoqpi |   phase_bias_rad_in_cell             -0.0172
20:40:35 | INFO    | holoqpi |   phase_mae_rad                      0.1545
20:40:35 | INFO    | holoqpi |   phase_mae_rad_background           0.1576
20:40:35 | INFO    | holoqpi |   phase_mae_rad_in_cell              0.1443
20:40:35 | INFO    | holoqpi |   phase_n_images                     113
20:40:35 | INFO    | holoqpi |   phase_pearson_r                    0.8751
20:40:35 | INFO    | holoqpi |   phase_psnr_db                      31.3006
20:40:35 | INFO    | holoqpi |   phase_rmse_rad                     0.2389
20:40:35 | INFO    | holoqpi |   phase_ssim                         0.6437
20:40:35 | INFO    | holoqpi |   seg_aji                            0.2354
20:40:35 | INFO    | holoqpi |   seg_boundary_f1                    0.0638
20:40:35 | INFO    | holoqpi |   seg_dice                           0.4998
20:40:35 | INFO    | holoqpi |   seg_dice_macro                     0.4998
20:40:35 | INFO    | holoqpi |   seg_instance_count_mape            0.5891
20:40:35 | INFO    | holoqpi |   seg_iou                            0.3332
20:40:35 | INFO    | holoqpi |   seg_n_images                       113
