22:04:09 | INFO    | holoqpi.models.encoders | loading pretrained mobilenet_v2 from weights/mobilenet_v2-b0353104.pth
22:04:09 | INFO    | holoqpi.models.encoders | loading pretrained mobilenet_v2 from weights/mobilenet_v2-b0353104.pth
22:04:09 | INFO    | holoqpi.models.encoders | encoder=mobilenet_v2 in_channels=1 pretrained=True weights=local (weights) stages=[16, 24, 32, 96, 1280]
22:04:09 | INFO    | holoqpi.models.holonet | HoloQPINet built: 9.60M parameters, 9.60M trainable (100.0%)
22:04:11 | INFO    | holoqpi.engine.trainer | checkpoint best_model.pt: 440/440 tensors matched
22:04:11 | INFO    | holoqpi.data.dataset | test split: 113 samples | modality=off_axis | crop=None | augment=False
22:05:01 | INFO    | holoqpi |   area_bootstrap_fields              113
22:05:01 | INFO    | holoqpi |   area_bootstrap_resamples           2000
22:05:01 | INFO    | holoqpi |   area_cell_pearson_r                0.8907
22:05:01 | INFO    | holoqpi |   area_cell_pearson_r_ci_lower       0.8708
22:05:01 | INFO    | holoqpi |   area_cell_pearson_r_ci_upper       0.9076
22:05:01 | INFO    | holoqpi |   area_field_total_bias              -0.0513
22:05:01 | INFO    | holoqpi |   area_field_total_mape              0.1563
22:05:01 | INFO    | holoqpi |   area_field_total_pearson_r         0.9277
22:05:01 | INFO    | holoqpi |   area_image_pearson_r               0.8500
22:05:01 | INFO    | holoqpi |   area_loa_lower                     -0.1361
22:05:01 | INFO    | holoqpi |   area_loa_upper                     0.2892
22:05:01 | INFO    | holoqpi |   area_mae                           62.6727
22:05:01 | INFO    | holoqpi |   area_mape                          0.1675
22:05:01 | INFO    | holoqpi |   area_mape_ci_lower                 0.1576
22:05:01 | INFO    | holoqpi |   area_mape_ci_upper                 0.1782
22:05:01 | INFO    | holoqpi |   area_mape_coverage_adjusted        0.5020
22:05:01 | INFO    | holoqpi |   area_median_relative_bias          0.0781
22:05:01 | INFO    | holoqpi |   area_n_cells                       1906
22:05:01 | INFO    | holoqpi |   area_n_fields                      113
22:05:01 | INFO    | holoqpi |   area_relative_bias                 0.0766
22:05:01 | INFO    | holoqpi |   cell_count_ratio                   0.7546
22:05:01 | INFO    | holoqpi |   cells_detected                     2404
22:05:01 | INFO    | holoqpi |   cells_false_positive               498
22:05:01 | INFO    | holoqpi |   cells_matched                      1906
22:05:01 | INFO    | holoqpi |   cells_missed                       1280
22:05:01 | INFO    | holoqpi |   cells_reference                    3186
22:05:01 | INFO    | holoqpi |   circularity_bootstrap_fields       113
22:05:01 | INFO    | holoqpi |   circularity_bootstrap_resamples    2000
22:05:01 | INFO    | holoqpi |   circularity_cell_pearson_r         0.8668
22:05:01 | INFO    | holoqpi |   circularity_cell_pearson_r_ci_lower 0.8452
22:05:01 | INFO    | holoqpi |   circularity_cell_pearson_r_ci_upper 0.8861
22:05:01 | INFO    | holoqpi |   circularity_image_pearson_r        0.9202
22:05:01 | INFO    | holoqpi |   circularity_loa_lower              -0.0792
22:05:01 | INFO    | holoqpi |   circularity_loa_upper              0.0842
22:05:01 | INFO    | holoqpi |   circularity_mae                    0.0442
22:05:01 | INFO    | holoqpi |   circularity_mape                   0.0614
22:05:01 | INFO    | holoqpi |   circularity_mape_ci_lower          0.0548
22:05:01 | INFO    | holoqpi |   circularity_mape_ci_upper          0.0685
22:05:01 | INFO    | holoqpi |   circularity_mape_coverage_adjusted 0.4385
22:05:01 | INFO    | holoqpi |   circularity_median_relative_bias   0.0000
22:05:01 | INFO    | holoqpi |   circularity_n_cells                1906
22:05:01 | INFO    | holoqpi |   circularity_relative_bias          0.0025
22:05:01 | INFO    | holoqpi |   coverage                           0.5982
22:05:01 | INFO    | holoqpi |   detection_f1                       0.6819
22:05:01 | INFO    | holoqpi |   detection_precision                0.7928
22:05:01 | INFO    | holoqpi |   detection_recall                   0.5982
22:05:01 | INFO    | holoqpi |   dry_mass_bootstrap_fields          113
22:05:01 | INFO    | holoqpi |   dry_mass_bootstrap_resamples       2000
22:05:01 | INFO    | holoqpi |   dry_mass_cell_pearson_r            0.9237
22:05:01 | INFO    | holoqpi |   dry_mass_cell_pearson_r_ci_lower   0.9059
22:05:01 | INFO    | holoqpi |   dry_mass_cell_pearson_r_ci_upper   0.9379
22:05:01 | INFO    | holoqpi |   dry_mass_field_total_bias          -0.1287
22:05:01 | INFO    | holoqpi |   dry_mass_field_total_mape          0.1615
22:05:01 | INFO    | holoqpi |   dry_mass_field_total_pearson_r     0.9765
22:05:01 | INFO    | holoqpi |   dry_mass_image_pearson_r           0.9289
22:05:01 | INFO    | holoqpi |   dry_mass_loa_lower                 -0.2595
22:05:01 | INFO    | holoqpi |   dry_mass_loa_upper                 0.2003
22:05:01 | INFO    | holoqpi |   dry_mass_mae                       37.3733
22:05:01 | INFO    | holoqpi |   dry_mass_mape                      0.1835
22:05:01 | INFO    | holoqpi |   dry_mass_mape_ci_lower             0.1719
22:05:01 | INFO    | holoqpi |   dry_mass_mape_ci_upper             0.1952
22:05:01 | INFO    | holoqpi |   dry_mass_mape_coverage_adjusted    0.5116
22:05:01 | INFO    | holoqpi |   dry_mass_median_relative_bias      -0.0309
22:05:01 | INFO    | holoqpi |   dry_mass_n_cells                   1906
22:05:01 | INFO    | holoqpi |   dry_mass_n_fields                  113
22:05:01 | INFO    | holoqpi |   dry_mass_relative_bias             -0.0296
22:05:01 | INFO    | holoqpi |   false_positive_median_area_um2     99.7758
22:05:01 | INFO    | holoqpi |   forward_distance_um                33.7700
22:05:01 | INFO    | holoqpi |   forward_residual                   0.8963
22:05:01 | INFO    | holoqpi |   forward_residual_n                 113
22:05:01 | INFO    | holoqpi |   forward_residual_ratio             1.0055
22:05:01 | INFO    | holoqpi |   forward_residual_reference         0.8914
22:05:01 | INFO    | holoqpi |   missed_median_area_um2             98.8425
22:05:01 | INFO    | holoqpi |   optical_volume_bootstrap_fields    113
22:05:01 | INFO    | holoqpi |   optical_volume_bootstrap_resamples 2000
22:05:01 | INFO    | holoqpi |   optical_volume_cell_pearson_r      0.9237
22:05:01 | INFO    | holoqpi |   optical_volume_cell_pearson_r_ci_lower 0.9059
22:05:01 | INFO    | holoqpi |   optical_volume_cell_pearson_r_ci_upper 0.9379
22:05:01 | INFO    | holoqpi |   optical_volume_field_total_bias    -0.1287
22:05:01 | INFO    | holoqpi |   optical_volume_field_total_mape    0.1615
22:05:01 | INFO    | holoqpi |   optical_volume_field_total_pearson_r 0.9765
22:05:01 | INFO    | holoqpi |   optical_volume_image_pearson_r     0.9289
22:05:01 | INFO    | holoqpi |   optical_volume_loa_lower           -0.2595
22:05:01 | INFO    | holoqpi |   optical_volume_loa_upper           0.2003
22:05:01 | INFO    | holoqpi |   optical_volume_mae                 70.5176
22:05:01 | INFO    | holoqpi |   optical_volume_mape                0.1835
22:05:01 | INFO    | holoqpi |   optical_volume_mape_ci_lower       0.1719
22:05:01 | INFO    | holoqpi |   optical_volume_mape_ci_upper       0.1952
22:05:01 | INFO    | holoqpi |   optical_volume_mape_coverage_adjusted 0.5116
22:05:01 | INFO    | holoqpi |   optical_volume_median_relative_bias -0.0309
22:05:01 | INFO    | holoqpi |   optical_volume_n_cells             1906
22:05:01 | INFO    | holoqpi |   optical_volume_n_fields            113
22:05:01 | INFO    | holoqpi |   optical_volume_relative_bias       -0.0296
22:05:01 | INFO    | holoqpi |   phase_bias_rad                     0.0117
22:05:01 | INFO    | holoqpi |   phase_bias_rad_background          0.0440
22:05:01 | INFO    | holoqpi |   phase_bias_rad_in_cell             -0.1898
22:05:01 | INFO    | holoqpi |   phase_mae_rad                      0.1644
22:05:01 | INFO    | holoqpi |   phase_mae_rad_background           0.1473
22:05:01 | INFO    | holoqpi |   phase_mae_rad_in_cell              0.2810
22:05:01 | INFO    | holoqpi |   phase_n_images                     113
22:05:01 | INFO    | holoqpi |   phase_pearson_r                    0.8644
22:05:01 | INFO    | holoqpi |   phase_psnr_db                      30.8203
22:05:01 | INFO    | holoqpi |   phase_rmse_rad                     0.2502
22:05:01 | INFO    | holoqpi |   phase_ssim                         0.6152
22:05:01 | INFO    | holoqpi |   seg_aji                            0.6549
22:05:01 | INFO    | holoqpi |   seg_boundary_f1                    0.4431
22:05:01 | INFO    | holoqpi |   seg_dice                           0.8262
22:05:01 | INFO    | holoqpi |   seg_dice_macro                     0.8262
22:05:01 | INFO    | holoqpi |   seg_instance_count_mape            0.3422
22:05:01 | INFO    | holoqpi |   seg_iou                            0.7039
22:05:01 | INFO    | holoqpi |   seg_n_images                       113
