20:38:43 | INFO    | holoqpi.models.encoders | loading pretrained mobilenet_v2 from weights/mobilenet_v2-b0353104.pth
20:38:43 | INFO    | holoqpi.models.encoders | loading pretrained mobilenet_v2 from weights/mobilenet_v2-b0353104.pth
20:38:43 | INFO    | holoqpi.models.encoders | encoder=mobilenet_v2 in_channels=1 pretrained=True weights=local (weights) stages=[16, 24, 32, 96, 1280]
20:38:43 | INFO    | holoqpi.models.holonet | HoloQPINet built: 9.60M parameters, 9.60M trainable (100.0%)
20:38:45 | INFO    | holoqpi.engine.trainer | checkpoint best_model.pt: 440/440 tensors matched
20:38:45 | INFO    | holoqpi.data.dataset | test split: 113 samples | modality=off_axis | crop=None | augment=False
20:39:37 | INFO    | holoqpi |   area_bootstrap_fields              113
20:39:37 | INFO    | holoqpi |   area_bootstrap_resamples           2000
20:39:37 | INFO    | holoqpi |   area_cell_pearson_r                0.8983
20:39:37 | INFO    | holoqpi |   area_cell_pearson_r_ci_lower       0.8830
20:39:37 | INFO    | holoqpi |   area_cell_pearson_r_ci_upper       0.9127
20:39:37 | INFO    | holoqpi |   area_field_total_bias              -0.0858
20:39:37 | INFO    | holoqpi |   area_field_total_mape              0.1607
20:39:37 | INFO    | holoqpi |   area_field_total_pearson_r         0.9294
20:39:37 | INFO    | holoqpi |   area_image_pearson_r               0.8137
20:39:37 | INFO    | holoqpi |   area_loa_lower                     -0.1752
20:39:37 | INFO    | holoqpi |   area_loa_upper                     0.3012
20:39:37 | INFO    | holoqpi |   area_mae                           59.2847
20:39:37 | INFO    | holoqpi |   area_mape                          0.1547
20:39:37 | INFO    | holoqpi |   area_mape_ci_lower                 0.1450
20:39:37 | INFO    | holoqpi |   area_mape_ci_upper                 0.1645
20:39:37 | INFO    | holoqpi |   area_mape_coverage_adjusted        0.4986
20:39:37 | INFO    | holoqpi |   area_median_relative_bias          0.0705
20:39:37 | INFO    | holoqpi |   area_n_cells                       1890
20:39:37 | INFO    | holoqpi |   area_n_fields                      113
20:39:37 | INFO    | holoqpi |   area_relative_bias                 0.0630
20:39:37 | INFO    | holoqpi |   cell_count_ratio                   0.7094
20:39:37 | INFO    | holoqpi |   cells_detected                     2260
20:39:37 | INFO    | holoqpi |   cells_false_positive               370
20:39:37 | INFO    | holoqpi |   cells_matched                      1890
20:39:37 | INFO    | holoqpi |   cells_missed                       1296
20:39:37 | INFO    | holoqpi |   cells_reference                    3186
20:39:37 | INFO    | holoqpi |   circularity_bootstrap_fields       113
20:39:37 | INFO    | holoqpi |   circularity_bootstrap_resamples    2000
20:39:37 | INFO    | holoqpi |   circularity_cell_pearson_r         0.8911
20:39:37 | INFO    | holoqpi |   circularity_cell_pearson_r_ci_lower 0.8731
20:39:37 | INFO    | holoqpi |   circularity_cell_pearson_r_ci_upper 0.9079
20:39:37 | INFO    | holoqpi |   circularity_image_pearson_r        0.9361
20:39:37 | INFO    | holoqpi |   circularity_loa_lower              -0.0573
20:39:37 | INFO    | holoqpi |   circularity_loa_upper              0.0902
20:39:37 | INFO    | holoqpi |   circularity_mae                    0.0393
20:39:37 | INFO    | holoqpi |   circularity_mape                   0.0552
20:39:37 | INFO    | holoqpi |   circularity_mape_ci_lower          0.0487
20:39:37 | INFO    | holoqpi |   circularity_mape_ci_upper          0.0621
20:39:37 | INFO    | holoqpi |   circularity_mape_coverage_adjusted 0.4395
20:39:37 | INFO    | holoqpi |   circularity_median_relative_bias   0.0141
20:39:37 | INFO    | holoqpi |   circularity_n_cells                1890
20:39:37 | INFO    | holoqpi |   circularity_relative_bias          0.0164
20:39:37 | INFO    | holoqpi |   coverage                           0.5932
20:39:37 | INFO    | holoqpi |   detection_f1                       0.6941
20:39:37 | INFO    | holoqpi |   detection_precision                0.8363
20:39:37 | INFO    | holoqpi |   detection_recall                   0.5932
20:39:37 | INFO    | holoqpi |   dry_mass_bootstrap_fields          113
20:39:37 | INFO    | holoqpi |   dry_mass_bootstrap_resamples       2000
20:39:37 | INFO    | holoqpi |   dry_mass_cell_pearson_r            0.9356
20:39:37 | INFO    | holoqpi |   dry_mass_cell_pearson_r_ci_lower   0.9225
20:39:37 | INFO    | holoqpi |   dry_mass_cell_pearson_r_ci_upper   0.9463
20:39:37 | INFO    | holoqpi |   dry_mass_field_total_bias          -0.1369
20:39:37 | INFO    | holoqpi |   dry_mass_field_total_mape          0.1469
20:39:37 | INFO    | holoqpi |   dry_mass_field_total_pearson_r     0.9884
20:39:37 | INFO    | holoqpi |   dry_mass_image_pearson_r           0.9520
20:39:37 | INFO    | holoqpi |   dry_mass_loa_lower                 -0.2369
20:39:37 | INFO    | holoqpi |   dry_mass_loa_upper                 0.2021
20:39:37 | INFO    | holoqpi |   dry_mass_mae                       33.7903
20:39:37 | INFO    | holoqpi |   dry_mass_mape                      0.1694
20:39:37 | INFO    | holoqpi |   dry_mass_mape_ci_lower             0.1603
20:39:37 | INFO    | holoqpi |   dry_mass_mape_ci_upper             0.1786
20:39:37 | INFO    | holoqpi |   dry_mass_mape_coverage_adjusted    0.5073
20:39:37 | INFO    | holoqpi |   dry_mass_median_relative_bias      -0.0188
20:39:37 | INFO    | holoqpi |   dry_mass_n_cells                   1890
20:39:37 | INFO    | holoqpi |   dry_mass_n_fields                  113
20:39:37 | INFO    | holoqpi |   dry_mass_relative_bias             -0.0174
20:39:37 | INFO    | holoqpi |   false_positive_median_area_um2     115.3163
20:39:37 | INFO    | holoqpi |   forward_distance_um                33.7700
20:39:37 | INFO    | holoqpi |   forward_residual                   0.8947
20:39:37 | INFO    | holoqpi |   forward_residual_n                 113
20:39:37 | INFO    | holoqpi |   forward_residual_ratio             1.0037
20:39:37 | INFO    | holoqpi |   forward_residual_reference         0.8914
20:39:37 | INFO    | holoqpi |   missed_median_area_um2             97.9498
20:39:37 | INFO    | holoqpi |   optical_volume_bootstrap_fields    113
20:39:37 | INFO    | holoqpi |   optical_volume_bootstrap_resamples 2000
20:39:37 | INFO    | holoqpi |   optical_volume_cell_pearson_r      0.9356
20:39:37 | INFO    | holoqpi |   optical_volume_cell_pearson_r_ci_lower 0.9225
20:39:37 | INFO    | holoqpi |   optical_volume_cell_pearson_r_ci_upper 0.9463
20:39:37 | INFO    | holoqpi |   optical_volume_field_total_bias    -0.1369
20:39:37 | INFO    | holoqpi |   optical_volume_field_total_mape    0.1469
20:39:37 | INFO    | holoqpi |   optical_volume_field_total_pearson_r 0.9884
20:39:37 | INFO    | holoqpi |   optical_volume_image_pearson_r     0.9520
20:39:37 | INFO    | holoqpi |   optical_volume_loa_lower           -0.2369
20:39:37 | INFO    | holoqpi |   optical_volume_loa_upper           0.2021
20:39:37 | INFO    | holoqpi |   optical_volume_mae                 63.7571
20:39:37 | INFO    | holoqpi |   optical_volume_mape                0.1694
20:39:37 | INFO    | holoqpi |   optical_volume_mape_ci_lower       0.1603
20:39:37 | INFO    | holoqpi |   optical_volume_mape_ci_upper       0.1786
20:39:37 | INFO    | holoqpi |   optical_volume_mape_coverage_adjusted 0.5073
20:39:37 | INFO    | holoqpi |   optical_volume_median_relative_bias -0.0188
20:39:37 | INFO    | holoqpi |   optical_volume_n_cells             1890
20:39:37 | INFO    | holoqpi |   optical_volume_n_fields            113
20:39:37 | INFO    | holoqpi |   optical_volume_relative_bias       -0.0174
20:39:37 | INFO    | holoqpi |   phase_bias_rad                     -0.0103
20:39:37 | INFO    | holoqpi |   phase_bias_rad_background          0.0153
20:39:37 | INFO    | holoqpi |   phase_bias_rad_in_cell             -0.1746
20:39:37 | INFO    | holoqpi |   phase_mae_rad                      0.1545
20:39:37 | INFO    | holoqpi |   phase_mae_rad_background           0.1385
20:39:37 | INFO    | holoqpi |   phase_mae_rad_in_cell              0.2629
20:39:37 | INFO    | holoqpi |   phase_n_images                     113
20:39:37 | INFO    | holoqpi |   phase_pearson_r                    0.8751
20:39:37 | INFO    | holoqpi |   phase_psnr_db                      31.3006
20:39:37 | INFO    | holoqpi |   phase_rmse_rad                     0.2389
20:39:37 | INFO    | holoqpi |   phase_ssim                         0.6437
20:39:37 | INFO    | holoqpi |   seg_aji                            0.6707
20:39:37 | INFO    | holoqpi |   seg_boundary_f1                    0.4707
20:39:37 | INFO    | holoqpi |   seg_dice                           0.8331
20:39:37 | INFO    | holoqpi |   seg_dice_macro                     0.8331
20:39:37 | INFO    | holoqpi |   seg_instance_count_mape            0.3435
20:39:37 | INFO    | holoqpi |   seg_iou                            0.7139
20:39:37 | INFO    | holoqpi |   seg_n_images                       113
