22:05:07 | INFO    | holoqpi.models.encoders | loading pretrained mobilenet_v2 from weights/mobilenet_v2-b0353104.pth
22:05:07 | INFO    | holoqpi.models.encoders | loading pretrained mobilenet_v2 from weights/mobilenet_v2-b0353104.pth
22:05:07 | INFO    | holoqpi.models.encoders | encoder=mobilenet_v2 in_channels=1 pretrained=True weights=local (weights) stages=[16, 24, 32, 96, 1280]
22:05:07 | INFO    | holoqpi.models.holonet | HoloQPINet built: 9.60M parameters, 9.60M trainable (100.0%)
22:05:08 | INFO    | holoqpi.engine.trainer | checkpoint best_model.pt: 440/440 tensors matched
22:05:08 | INFO    | holoqpi.data.dataset | test split: 113 samples | modality=off_axis | crop=None | augment=False
22:05:59 | INFO    | holoqpi | labels from membrane_mask -> metrics_test_membrane.json
22:05:59 | INFO    | holoqpi |   area_bootstrap_fields              92
22:05:59 | INFO    | holoqpi |   area_bootstrap_resamples           2000
22:05:59 | INFO    | holoqpi |   area_cell_pearson_r                0.8110
22:05:59 | INFO    | holoqpi |   area_cell_pearson_r_ci_lower       0.7498
22:05:59 | INFO    | holoqpi |   area_cell_pearson_r_ci_upper       0.8561
22:05:59 | INFO    | holoqpi |   area_field_total_bias              -0.4442
22:05:59 | INFO    | holoqpi |   area_field_total_mape              0.4587
22:05:59 | INFO    | holoqpi |   area_field_total_pearson_r         0.2711
22:05:59 | INFO    | holoqpi |   area_image_pearson_r               0.7809
22:05:59 | INFO    | holoqpi |   area_loa_lower                     -0.7297
22:05:59 | INFO    | holoqpi |   area_loa_upper                     0.0135
22:05:59 | INFO    | holoqpi |   area_mae                           232.3132
22:05:59 | INFO    | holoqpi |   area_mape                          0.3162
22:05:59 | INFO    | holoqpi |   area_mape_ci_lower                 0.3016
22:05:59 | INFO    | holoqpi |   area_mape_ci_upper                 0.3304
22:05:59 | INFO    | holoqpi |   area_mape_coverage_adjusted        0.9218
22:05:59 | INFO    | holoqpi |   area_median_relative_bias          -0.4027
22:05:59 | INFO    | holoqpi |   area_n_cells                       410
22:05:59 | INFO    | holoqpi |   area_n_fields                      113
22:05:59 | INFO    | holoqpi |   area_relative_bias                 -0.3581
22:05:59 | INFO    | holoqpi |   cell_count_ratio                   0.6708
22:05:59 | INFO    | holoqpi |   cells_detected                     2404
22:05:59 | INFO    | holoqpi |   cells_false_positive               1994
22:05:59 | INFO    | holoqpi |   cells_matched                      410
22:05:59 | INFO    | holoqpi |   cells_missed                       3174
22:05:59 | INFO    | holoqpi |   cells_reference                    3584
22:05:59 | INFO    | holoqpi |   circularity_bootstrap_fields       92
22:05:59 | INFO    | holoqpi |   circularity_bootstrap_resamples    2000
22:05:59 | INFO    | holoqpi |   circularity_cell_pearson_r         0.3607
22:05:59 | INFO    | holoqpi |   circularity_cell_pearson_r_ci_lower 0.2203
22:05:59 | INFO    | holoqpi |   circularity_cell_pearson_r_ci_upper 0.4690
22:05:59 | INFO    | holoqpi |   circularity_image_pearson_r        0.1755
22:05:59 | INFO    | holoqpi |   circularity_loa_lower              -0.0608
22:05:59 | INFO    | holoqpi |   circularity_loa_upper              0.7515
22:05:59 | INFO    | holoqpi |   circularity_mae                    0.2528
22:05:59 | INFO    | holoqpi |   circularity_mape                   0.5016
22:05:59 | INFO    | holoqpi |   circularity_mape_ci_lower          0.4374
22:05:59 | INFO    | holoqpi |   circularity_mape_ci_upper          0.5650
22:05:59 | INFO    | holoqpi |   circularity_mape_coverage_adjusted 0.9430
22:05:59 | INFO    | holoqpi |   circularity_median_relative_bias   0.3628
22:05:59 | INFO    | holoqpi |   circularity_n_cells                410
22:05:59 | INFO    | holoqpi |   circularity_relative_bias          0.3454
22:05:59 | INFO    | holoqpi |   coverage                           0.1144
22:05:59 | INFO    | holoqpi |   detection_f1                       0.1369
22:05:59 | INFO    | holoqpi |   detection_precision                0.1705
22:05:59 | INFO    | holoqpi |   detection_recall                   0.1144
22:05:59 | INFO    | holoqpi |   dry_mass_bootstrap_fields          92
22:05:59 | INFO    | holoqpi |   dry_mass_bootstrap_resamples       2000
22:05:59 | INFO    | holoqpi |   dry_mass_cell_pearson_r            0.9362
22:05:59 | INFO    | holoqpi |   dry_mass_cell_pearson_r_ci_lower   0.9123
22:05:59 | INFO    | holoqpi |   dry_mass_cell_pearson_r_ci_upper   0.9532
22:05:59 | INFO    | holoqpi |   dry_mass_field_total_bias          0.5827
22:05:59 | INFO    | holoqpi |   dry_mass_field_total_mape          0.5827
22:05:59 | INFO    | holoqpi |   dry_mass_field_total_pearson_r     0.8705
22:05:59 | INFO    | holoqpi |   dry_mass_image_pearson_r           0.9338
22:05:59 | INFO    | holoqpi |   dry_mass_loa_lower                 -0.2496
22:05:59 | INFO    | holoqpi |   dry_mass_loa_upper                 0.3243
22:05:59 | INFO    | holoqpi |   dry_mass_mae                       38.2744
22:05:59 | INFO    | holoqpi |   dry_mass_mape                      0.1925
22:05:59 | INFO    | holoqpi |   dry_mass_mape_ci_lower             0.1549
22:05:59 | INFO    | holoqpi |   dry_mass_mape_ci_upper             0.2511
22:05:59 | INFO    | holoqpi |   dry_mass_mape_coverage_adjusted    0.9076
22:05:59 | INFO    | holoqpi |   dry_mass_median_relative_bias      0.0118
22:05:59 | INFO    | holoqpi |   dry_mass_n_cells                   410
22:05:59 | INFO    | holoqpi |   dry_mass_n_fields                  113
22:05:59 | INFO    | holoqpi |   dry_mass_relative_bias             0.0373
22:05:59 | INFO    | holoqpi |   false_positive_median_area_um2     355.3218
22:05:59 | INFO    | holoqpi |   forward_distance_um                33.7700
22:05:59 | INFO    | holoqpi |   forward_residual                   0.8963
22:05:59 | INFO    | holoqpi |   forward_residual_n                 113
22:05:59 | INFO    | holoqpi |   forward_residual_ratio             1.0055
22:05:59 | INFO    | holoqpi |   forward_residual_reference         0.8914
22:05:59 | INFO    | holoqpi |   missed_median_area_um2             146.1944
22:05:59 | INFO    | holoqpi |   optical_volume_bootstrap_fields    92
22:05:59 | INFO    | holoqpi |   optical_volume_bootstrap_resamples 2000
22:05:59 | INFO    | holoqpi |   optical_volume_cell_pearson_r      0.9362
22:05:59 | INFO    | holoqpi |   optical_volume_cell_pearson_r_ci_lower 0.9123
22:05:59 | INFO    | holoqpi |   optical_volume_cell_pearson_r_ci_upper 0.9532
22:05:59 | INFO    | holoqpi |   optical_volume_field_total_bias    0.5827
22:05:59 | INFO    | holoqpi |   optical_volume_field_total_mape    0.5827
22:05:59 | INFO    | holoqpi |   optical_volume_field_total_pearson_r 0.8705
22:05:59 | INFO    | holoqpi |   optical_volume_image_pearson_r     0.9338
22:05:59 | INFO    | holoqpi |   optical_volume_loa_lower           -0.2496
22:05:59 | INFO    | holoqpi |   optical_volume_loa_upper           0.3243
22:05:59 | INFO    | holoqpi |   optical_volume_mae                 72.2177
22:05:59 | INFO    | holoqpi |   optical_volume_mape                0.1925
22:05:59 | INFO    | holoqpi |   optical_volume_mape_ci_lower       0.1549
22:05:59 | INFO    | holoqpi |   optical_volume_mape_ci_upper       0.2511
22:05:59 | INFO    | holoqpi |   optical_volume_mape_coverage_adjusted 0.9076
22:05:59 | INFO    | holoqpi |   optical_volume_median_relative_bias 0.0118
22:05:59 | INFO    | holoqpi |   optical_volume_n_cells             410
22:05:59 | INFO    | holoqpi |   optical_volume_n_fields            113
22:05:59 | INFO    | holoqpi |   optical_volume_relative_bias       0.0373
22:05:59 | INFO    | holoqpi |   phase_bias_rad                     0.0117
22:05:59 | INFO    | holoqpi |   phase_bias_rad_background          0.0209
22:05:59 | INFO    | holoqpi |   phase_bias_rad_in_cell             -0.0174
22:05:59 | INFO    | holoqpi |   phase_mae_rad                      0.1644
22:05:59 | INFO    | holoqpi |   phase_mae_rad_background           0.1641
22:05:59 | INFO    | holoqpi |   phase_mae_rad_in_cell              0.1652
22:05:59 | INFO    | holoqpi |   phase_n_images                     113
22:05:59 | INFO    | holoqpi |   phase_pearson_r                    0.8644
22:05:59 | INFO    | holoqpi |   phase_psnr_db                      30.8203
22:05:59 | INFO    | holoqpi |   phase_rmse_rad                     0.2502
22:05:59 | INFO    | holoqpi |   phase_ssim                         0.6152
22:05:59 | INFO    | holoqpi |   seg_aji                            0.2364
22:05:59 | INFO    | holoqpi |   seg_boundary_f1                    0.0657
22:05:59 | INFO    | holoqpi |   seg_dice                           0.5073
22:05:59 | INFO    | holoqpi |   seg_dice_macro                     0.5073
22:05:59 | INFO    | holoqpi |   seg_instance_count_mape            0.4947
22:05:59 | INFO    | holoqpi |   seg_iou                            0.3399
22:05:59 | INFO    | holoqpi |   seg_n_images                       113
