23:28:31 | INFO    | holoqpi.models.encoders | loading pretrained mobilenet_v2 from weights/mobilenet_v2-b0353104.pth
23:28:31 | INFO    | holoqpi.models.encoders | loading pretrained mobilenet_v2 from weights/mobilenet_v2-b0353104.pth
23:28:31 | INFO    | holoqpi.models.encoders | encoder=mobilenet_v2 in_channels=1 pretrained=True weights=local (weights) stages=[16, 24, 32, 96, 1280]
23:28:31 | INFO    | holoqpi.models.holonet | HoloQPINet built: 9.60M parameters, 9.60M trainable (100.0%)
23:28:33 | INFO    | holoqpi.engine.trainer | checkpoint best_model.pt: 440/440 tensors matched
23:28:33 | INFO    | holoqpi.data.dataset | test split: 113 samples | modality=off_axis | crop=None | augment=False
23:29:24 | INFO    | holoqpi | labels from membrane_mask -> metrics_test_membrane.json
23:29:24 | INFO    | holoqpi |   area_bootstrap_fields              91
23:29:24 | INFO    | holoqpi |   area_bootstrap_resamples           2000
23:29:24 | INFO    | holoqpi |   area_cell_pearson_r                0.8034
23:29:24 | INFO    | holoqpi |   area_cell_pearson_r_ci_lower       0.7457
23:29:24 | INFO    | holoqpi |   area_cell_pearson_r_ci_upper       0.8484
23:29:24 | INFO    | holoqpi |   area_field_total_bias              -0.4615
23:29:24 | INFO    | holoqpi |   area_field_total_mape              0.4753
23:29:24 | INFO    | holoqpi |   area_field_total_pearson_r         0.2543
23:29:24 | INFO    | holoqpi |   area_image_pearson_r               0.8129
23:29:24 | INFO    | holoqpi |   area_loa_lower                     -0.7313
23:29:24 | INFO    | holoqpi |   area_loa_upper                     0.0168
23:29:24 | INFO    | holoqpi |   area_mae                           230.4178
23:29:24 | INFO    | holoqpi |   area_mape                          0.3125
23:29:24 | INFO    | holoqpi |   area_mape_ci_lower                 0.2960
23:29:24 | INFO    | holoqpi |   area_mape_ci_upper                 0.3293
23:29:24 | INFO    | holoqpi |   area_mape_coverage_adjusted        0.9225
23:29:24 | INFO    | holoqpi |   area_median_relative_bias          -0.3820
23:29:24 | INFO    | holoqpi |   area_n_cells                       404
23:29:24 | INFO    | holoqpi |   area_n_fields                      113
23:29:24 | INFO    | holoqpi |   area_relative_bias                 -0.3572
23:29:24 | INFO    | holoqpi |   cell_count_ratio                   0.6155
23:29:24 | INFO    | holoqpi |   cells_detected                     2206
23:29:24 | INFO    | holoqpi |   cells_false_positive               1802
23:29:24 | INFO    | holoqpi |   cells_matched                      404
23:29:24 | INFO    | holoqpi |   cells_missed                       3180
23:29:24 | INFO    | holoqpi |   cells_reference                    3584
23:29:24 | INFO    | holoqpi |   circularity_bootstrap_fields       91
23:29:24 | INFO    | holoqpi |   circularity_bootstrap_resamples    2000
23:29:24 | INFO    | holoqpi |   circularity_cell_pearson_r         0.3933
23:29:24 | INFO    | holoqpi |   circularity_cell_pearson_r_ci_lower 0.2624
23:29:24 | INFO    | holoqpi |   circularity_cell_pearson_r_ci_upper 0.4900
23:29:24 | INFO    | holoqpi |   circularity_image_pearson_r        0.1825
23:29:24 | INFO    | holoqpi |   circularity_loa_lower              -0.0213
23:29:24 | INFO    | holoqpi |   circularity_loa_upper              0.7332
23:29:24 | INFO    | holoqpi |   circularity_mae                    0.2542
23:29:24 | INFO    | holoqpi |   circularity_mape                   0.5005
23:29:24 | INFO    | holoqpi |   circularity_mape_ci_lower          0.4344
23:29:24 | INFO    | holoqpi |   circularity_mape_ci_upper          0.5656
23:29:24 | INFO    | holoqpi |   circularity_mape_coverage_adjusted 0.9437
23:29:24 | INFO    | holoqpi |   circularity_median_relative_bias   0.3455
23:29:24 | INFO    | holoqpi |   circularity_n_cells                404
23:29:24 | INFO    | holoqpi |   circularity_relative_bias          0.3560
23:29:24 | INFO    | holoqpi |   coverage                           0.1127
23:29:24 | INFO    | holoqpi |   detection_f1                       0.1396
23:29:24 | INFO    | holoqpi |   detection_precision                0.1831
23:29:24 | INFO    | holoqpi |   detection_recall                   0.1127
23:29:24 | INFO    | holoqpi |   dry_mass_bootstrap_fields          91
23:29:24 | INFO    | holoqpi |   dry_mass_bootstrap_resamples       2000
23:29:24 | INFO    | holoqpi |   dry_mass_cell_pearson_r            0.9235
23:29:24 | INFO    | holoqpi |   dry_mass_cell_pearson_r_ci_lower   0.9038
23:29:24 | INFO    | holoqpi |   dry_mass_cell_pearson_r_ci_upper   0.9402
23:29:24 | INFO    | holoqpi |   dry_mass_field_total_bias          0.5259
23:29:24 | INFO    | holoqpi |   dry_mass_field_total_mape          0.5267
23:29:24 | INFO    | holoqpi |   dry_mass_field_total_pearson_r     0.8718
23:29:24 | INFO    | holoqpi |   dry_mass_image_pearson_r           0.9345
23:29:24 | INFO    | holoqpi |   dry_mass_loa_lower                 -0.2760
23:29:24 | INFO    | holoqpi |   dry_mass_loa_upper                 0.3299
23:29:24 | INFO    | holoqpi |   dry_mass_mae                       41.2533
23:29:24 | INFO    | holoqpi |   dry_mass_mape                      0.1782
23:29:24 | INFO    | holoqpi |   dry_mass_mape_ci_lower             0.1620
23:29:24 | INFO    | holoqpi |   dry_mass_mape_ci_upper             0.1952
23:29:24 | INFO    | holoqpi |   dry_mass_mape_coverage_adjusted    0.9074
23:29:24 | INFO    | holoqpi |   dry_mass_median_relative_bias      0.0081
23:29:24 | INFO    | holoqpi |   dry_mass_n_cells                   404
23:29:24 | INFO    | holoqpi |   dry_mass_n_fields                  113
23:29:24 | INFO    | holoqpi |   dry_mass_relative_bias             0.0270
23:29:24 | INFO    | holoqpi |   false_positive_median_area_um2     372.6071
23:29:24 | INFO    | holoqpi |   forward_distance_um                33.7700
23:29:24 | INFO    | holoqpi |   forward_residual                   0.8970
23:29:24 | INFO    | holoqpi |   forward_residual_n                 113
23:29:24 | INFO    | holoqpi |   forward_residual_ratio             1.0064
23:29:24 | INFO    | holoqpi |   forward_residual_reference         0.8914
23:29:24 | INFO    | holoqpi |   missed_median_area_um2             146.4784
23:29:24 | INFO    | holoqpi |   optical_volume_bootstrap_fields    91
23:29:24 | INFO    | holoqpi |   optical_volume_bootstrap_resamples 2000
23:29:24 | INFO    | holoqpi |   optical_volume_cell_pearson_r      0.9235
23:29:24 | INFO    | holoqpi |   optical_volume_cell_pearson_r_ci_lower 0.9038
23:29:24 | INFO    | holoqpi |   optical_volume_cell_pearson_r_ci_upper 0.9402
23:29:24 | INFO    | holoqpi |   optical_volume_field_total_bias    0.5259
23:29:24 | INFO    | holoqpi |   optical_volume_field_total_mape    0.5267
23:29:24 | INFO    | holoqpi |   optical_volume_field_total_pearson_r 0.8718
23:29:24 | INFO    | holoqpi |   optical_volume_image_pearson_r     0.9345
23:29:24 | INFO    | holoqpi |   optical_volume_loa_lower           -0.2760
23:29:24 | INFO    | holoqpi |   optical_volume_loa_upper           0.3299
23:29:24 | INFO    | holoqpi |   optical_volume_mae                 77.8385
23:29:24 | INFO    | holoqpi |   optical_volume_mape                0.1782
23:29:24 | INFO    | holoqpi |   optical_volume_mape_ci_lower       0.1620
23:29:24 | INFO    | holoqpi |   optical_volume_mape_ci_upper       0.1952
23:29:24 | INFO    | holoqpi |   optical_volume_mape_coverage_adjusted 0.9074
23:29:24 | INFO    | holoqpi |   optical_volume_median_relative_bias 0.0081
23:29:24 | INFO    | holoqpi |   optical_volume_n_cells             404
23:29:24 | INFO    | holoqpi |   optical_volume_n_fields            113
23:29:24 | INFO    | holoqpi |   optical_volume_relative_bias       0.0270
23:29:24 | INFO    | holoqpi |   phase_bias_rad                     -0.0010
23:29:24 | INFO    | holoqpi |   phase_bias_rad_background          0.0073
23:29:24 | INFO    | holoqpi |   phase_bias_rad_in_cell             -0.0281
23:29:24 | INFO    | holoqpi |   phase_mae_rad                      0.1628
23:29:24 | INFO    | holoqpi |   phase_mae_rad_background           0.1628
23:29:24 | INFO    | holoqpi |   phase_mae_rad_in_cell              0.1630
23:29:24 | INFO    | holoqpi |   phase_n_images                     113
23:29:24 | INFO    | holoqpi |   phase_pearson_r                    0.8657
23:29:24 | INFO    | holoqpi |   phase_psnr_db                      30.9049
23:29:24 | INFO    | holoqpi |   phase_rmse_rad                     0.2484
23:29:24 | INFO    | holoqpi |   phase_ssim                         0.6241
23:29:24 | INFO    | holoqpi |   seg_aji                            0.2361
23:29:24 | INFO    | holoqpi |   seg_boundary_f1                    0.0637
23:29:24 | INFO    | holoqpi |   seg_dice                           0.5018
23:29:24 | INFO    | holoqpi |   seg_dice_macro                     0.5018
23:29:24 | INFO    | holoqpi |   seg_instance_count_mape            0.5965
23:29:24 | INFO    | holoqpi |   seg_iou                            0.3349
23:29:24 | INFO    | holoqpi |   seg_n_images                       113
