22:06:05 | INFO    | holoqpi | training v2_B1_seed1337 on off_axis (device=cuda)
22:06:05 | INFO    | holoqpi.data.dataset | train split: 560 samples | modality=off_axis | crop=512 | augment=True
22:06:05 | INFO    | holoqpi.data.dataset | val split: 127 samples | modality=off_axis | crop=None | augment=False
22:06:06 | INFO    | holoqpi.models.encoders | loading pretrained mobilenet_v2 from weights/mobilenet_v2-b0353104.pth
22:06:06 | INFO    | holoqpi.models.encoders | loading pretrained mobilenet_v2 from weights/mobilenet_v2-b0353104.pth
22:06:06 | INFO    | holoqpi.models.encoders | encoder=mobilenet_v2 in_channels=1 pretrained=True weights=local (weights) stages=[16, 24, 32, 96, 1280]
22:06:06 | INFO    | holoqpi.models.holonet | HoloQPINet built: 9.60M parameters, 9.60M trainable (100.0%)
22:06:08 | INFO    | holoqpi.engine.trainer | trainable 9.60M / 9.60M parameters (100.0%)
22:06:08 | INFO    | holoqpi.engine.trainer | objective: phase=1  phase_volume=1  segmentation=1
22:06:08 | INFO    | holoqpi.engine.trainer | active physics terms: ['phase_volume']
22:06:14 | INFO    | holoqpi.engine.trainer |   epoch 1 step 0/140 loss=2.2797
22:06:17 | INFO    | holoqpi.engine.trainer |   epoch 1 step 20/140 loss=2.0529
22:06:22 | INFO    | holoqpi.engine.trainer |   epoch 1 step 40/140 loss=1.7794
22:06:26 | INFO    | holoqpi.engine.trainer |   epoch 1 step 60/140 loss=1.8734
22:06:30 | INFO    | holoqpi.engine.trainer |   epoch 1 step 80/140 loss=1.8816
22:06:34 | INFO    | holoqpi.engine.trainer |   epoch 1 step 100/140 loss=1.5089
22:06:38 | INFO    | holoqpi.engine.trainer |   epoch 1 step 120/140 loss=1.5887
22:07:38 | INFO    | holoqpi.engine.trainer |   new best composite=0.5394
22:07:38 | INFO    | holoqpi.engine.trainer | epoch 1/60 (90s = 34s train + 56s val) | train_loss=1.8755  val_phase_mae=0.2896  val_dice=0.5770  val_cls_acc=nan  val_mass_mape=0.3716
22:07:38 | INFO    | holoqpi.engine.trainer |   at this rate the full 60-epoch schedule takes about 90 min
22:07:39 | INFO    | holoqpi.engine.trainer |   epoch 2 step 0/140 loss=1.5910
22:07:43 | INFO    | holoqpi.engine.trainer |   epoch 2 step 20/140 loss=1.1611
22:07:47 | INFO    | holoqpi.engine.trainer |   epoch 2 step 40/140 loss=1.5812
22:07:51 | INFO    | holoqpi.engine.trainer |   epoch 2 step 60/140 loss=1.2344
22:07:55 | INFO    | holoqpi.engine.trainer |   epoch 2 step 80/140 loss=1.9361
22:07:59 | INFO    | holoqpi.engine.trainer |   epoch 2 step 100/140 loss=1.0256
22:08:04 | INFO    | holoqpi.engine.trainer |   epoch 2 step 120/140 loss=1.0082
22:09:01 | INFO    | holoqpi.engine.trainer |   new best composite=0.6472
22:09:01 | INFO    | holoqpi.engine.trainer | epoch 2/60 (83s = 29s train + 54s val) | train_loss=1.3446  val_phase_mae=0.2610  val_dice=0.6849  val_cls_acc=nan  val_mass_mape=0.3463
22:09:02 | INFO    | holoqpi.engine.trainer |   epoch 3 step 0/140 loss=0.8279
22:09:06 | INFO    | holoqpi.engine.trainer |   epoch 3 step 20/140 loss=1.3519
22:09:10 | INFO    | holoqpi.engine.trainer |   epoch 3 step 40/140 loss=0.9028
22:09:14 | INFO    | holoqpi.engine.trainer |   epoch 3 step 60/140 loss=0.8631
22:09:18 | INFO    | holoqpi.engine.trainer |   epoch 3 step 80/140 loss=0.8465
22:09:22 | INFO    | holoqpi.engine.trainer |   epoch 3 step 100/140 loss=1.1507
22:09:26 | INFO    | holoqpi.engine.trainer |   epoch 3 step 120/140 loss=0.8262
22:10:23 | INFO    | holoqpi.engine.trainer |   new best composite=0.7091
22:10:23 | INFO    | holoqpi.engine.trainer | epoch 3/60 (81s = 29s train + 52s val) | train_loss=0.9917  val_phase_mae=0.2182  val_dice=0.7262  val_cls_acc=nan  val_mass_mape=0.2910
22:10:24 | INFO    | holoqpi.engine.trainer |   epoch 4 step 0/140 loss=0.7142
22:10:28 | INFO    | holoqpi.engine.trainer |   epoch 4 step 20/140 loss=0.7344
22:10:32 | INFO    | holoqpi.engine.trainer |   epoch 4 step 40/140 loss=0.6421
22:10:36 | INFO    | holoqpi.engine.trainer |   epoch 4 step 60/140 loss=0.7200
22:10:40 | INFO    | holoqpi.engine.trainer |   epoch 4 step 80/140 loss=0.7470
22:10:44 | INFO    | holoqpi.engine.trainer |   epoch 4 step 100/140 loss=0.8827
22:10:48 | INFO    | holoqpi.engine.trainer |   epoch 4 step 120/140 loss=0.7152
22:11:45 | INFO    | holoqpi.engine.trainer | epoch 4/60 (82s = 29s train + 54s val) | train_loss=0.8200  val_phase_mae=0.2104  val_dice=0.7287  val_cls_acc=nan  val_mass_mape=0.3024
22:11:46 | INFO    | holoqpi.engine.trainer |   epoch 5 step 0/140 loss=0.7609
22:11:50 | INFO    | holoqpi.engine.trainer |   epoch 5 step 20/140 loss=0.6382
22:11:54 | INFO    | holoqpi.engine.trainer |   epoch 5 step 40/140 loss=1.1251
22:11:58 | INFO    | holoqpi.engine.trainer |   epoch 5 step 60/140 loss=1.0524
22:12:02 | INFO    | holoqpi.engine.trainer |   epoch 5 step 80/140 loss=0.7592
22:12:07 | INFO    | holoqpi.engine.trainer |   epoch 5 step 100/140 loss=0.7835
22:12:11 | INFO    | holoqpi.engine.trainer |   epoch 5 step 120/140 loss=0.6811
22:13:07 | INFO    | holoqpi.engine.trainer |   new best composite=0.7373
22:13:07 | INFO    | holoqpi.engine.trainer | epoch 5/60 (82s = 29s train + 52s val) | train_loss=0.7645  val_phase_mae=0.1998  val_dice=0.7552  val_cls_acc=nan  val_mass_mape=0.2759
22:13:08 | INFO    | holoqpi.engine.trainer |   epoch 6 step 0/140 loss=0.8038
22:13:12 | INFO    | holoqpi.engine.trainer |   epoch 6 step 20/140 loss=0.8517
22:13:16 | INFO    | holoqpi.engine.trainer |   epoch 6 step 40/140 loss=0.5566
22:13:20 | INFO    | holoqpi.engine.trainer |   epoch 6 step 60/140 loss=0.7318
22:13:24 | INFO    | holoqpi.engine.trainer |   epoch 6 step 80/140 loss=0.9344
22:13:28 | INFO    | holoqpi.engine.trainer |   epoch 6 step 100/140 loss=0.5722
22:13:32 | INFO    | holoqpi.engine.trainer |   epoch 6 step 120/140 loss=0.6786
22:14:29 | INFO    | holoqpi.engine.trainer |   new best composite=0.7647
22:14:29 | INFO    | holoqpi.engine.trainer | epoch 6/60 (81s = 29s train + 53s val) | train_loss=0.7198  val_phase_mae=0.1927  val_dice=0.7864  val_cls_acc=nan  val_mass_mape=0.2354
22:14:30 | INFO    | holoqpi.engine.trainer |   epoch 7 step 0/140 loss=0.9571
22:14:34 | INFO    | holoqpi.engine.trainer |   epoch 7 step 20/140 loss=0.7408
22:14:38 | INFO    | holoqpi.engine.trainer |   epoch 7 step 40/140 loss=0.6137
22:14:42 | INFO    | holoqpi.engine.trainer |   epoch 7 step 60/140 loss=0.5856
22:14:46 | INFO    | holoqpi.engine.trainer |   epoch 7 step 80/140 loss=0.5289
22:14:50 | INFO    | holoqpi.engine.trainer |   epoch 7 step 100/140 loss=0.5380
22:14:54 | INFO    | holoqpi.engine.trainer |   epoch 7 step 120/140 loss=0.5307
22:15:49 | INFO    | holoqpi.engine.trainer | epoch 7/60 (81s = 29s train + 52s val) | train_loss=0.7063  val_phase_mae=0.2012  val_dice=0.7812  val_cls_acc=nan  val_mass_mape=0.2444
22:15:50 | INFO    | holoqpi.engine.trainer |   epoch 8 step 0/140 loss=0.5967
22:15:54 | INFO    | holoqpi.engine.trainer |   epoch 8 step 20/140 loss=0.9843
22:15:58 | INFO    | holoqpi.engine.trainer |   epoch 8 step 40/140 loss=0.7378
22:16:02 | INFO    | holoqpi.engine.trainer |   epoch 8 step 60/140 loss=0.6371
22:16:06 | INFO    | holoqpi.engine.trainer |   epoch 8 step 80/140 loss=0.8100
22:16:10 | INFO    | holoqpi.engine.trainer |   epoch 8 step 100/140 loss=0.7152
22:16:14 | INFO    | holoqpi.engine.trainer |   epoch 8 step 120/140 loss=0.6322
22:17:12 | INFO    | holoqpi.engine.trainer | epoch 8/60 (83s = 29s train + 54s val) | train_loss=0.7070  val_phase_mae=0.1941  val_dice=0.7828  val_cls_acc=nan  val_mass_mape=0.3796
22:17:13 | INFO    | holoqpi.engine.trainer |   epoch 9 step 0/140 loss=0.6178
22:17:17 | INFO    | holoqpi.engine.trainer |   epoch 9 step 20/140 loss=0.9586
22:17:21 | INFO    | holoqpi.engine.trainer |   epoch 9 step 40/140 loss=0.5591
22:17:25 | INFO    | holoqpi.engine.trainer |   epoch 9 step 60/140 loss=0.7155
22:17:29 | INFO    | holoqpi.engine.trainer |   epoch 9 step 80/140 loss=0.6015
22:17:33 | INFO    | holoqpi.engine.trainer |   epoch 9 step 100/140 loss=0.5489
22:17:38 | INFO    | holoqpi.engine.trainer |   epoch 9 step 120/140 loss=0.6115
22:18:34 | INFO    | holoqpi.engine.trainer |   new best composite=0.7680
22:18:34 | INFO    | holoqpi.engine.trainer | epoch 9/60 (81s = 29s train + 53s val) | train_loss=0.6765  val_phase_mae=0.1898  val_dice=0.7932  val_cls_acc=nan  val_mass_mape=0.2515
22:18:35 | INFO    | holoqpi.engine.trainer |   epoch 10 step 0/140 loss=0.7708
22:18:39 | INFO    | holoqpi.engine.trainer |   epoch 10 step 20/140 loss=0.5290
22:18:43 | INFO    | holoqpi.engine.trainer |   epoch 10 step 40/140 loss=0.6179
22:18:47 | INFO    | holoqpi.engine.trainer |   epoch 10 step 60/140 loss=0.4879
22:18:51 | INFO    | holoqpi.engine.trainer |   epoch 10 step 80/140 loss=0.6523
22:18:55 | INFO    | holoqpi.engine.trainer |   epoch 10 step 100/140 loss=0.5611
22:18:59 | INFO    | holoqpi.engine.trainer |   epoch 10 step 120/140 loss=0.4650
22:19:55 | INFO    | holoqpi.engine.trainer |   new best composite=0.7716
22:19:55 | INFO    | holoqpi.engine.trainer | epoch 10/60 (81s = 28s train + 53s val) | train_loss=0.6498  val_phase_mae=0.1881  val_dice=0.7975  val_cls_acc=nan  val_mass_mape=0.2495
22:19:56 | INFO    | holoqpi.engine.trainer |   epoch 11 step 0/140 loss=0.5764
22:20:00 | INFO    | holoqpi.engine.trainer |   epoch 11 step 20/140 loss=0.9644
22:20:04 | INFO    | holoqpi.engine.trainer |   epoch 11 step 40/140 loss=0.6828
22:20:08 | INFO    | holoqpi.engine.trainer |   epoch 11 step 60/140 loss=0.5449
22:20:12 | INFO    | holoqpi.engine.trainer |   epoch 11 step 80/140 loss=0.6639
22:20:16 | INFO    | holoqpi.engine.trainer |   epoch 11 step 100/140 loss=0.6709
22:20:20 | INFO    | holoqpi.engine.trainer |   epoch 11 step 120/140 loss=0.8234
22:21:16 | INFO    | holoqpi.engine.trainer | epoch 11/60 (81s = 28s train + 52s val) | train_loss=0.6263  val_phase_mae=0.1826  val_dice=0.8022  val_cls_acc=nan  val_mass_mape=0.2986
22:21:17 | INFO    | holoqpi.engine.trainer |   epoch 12 step 0/140 loss=0.5649
22:21:21 | INFO    | holoqpi.engine.trainer |   epoch 12 step 20/140 loss=0.4806
22:21:25 | INFO    | holoqpi.engine.trainer |   epoch 12 step 40/140 loss=0.5043
22:21:29 | INFO    | holoqpi.engine.trainer |   epoch 12 step 60/140 loss=0.5188
22:21:33 | INFO    | holoqpi.engine.trainer |   epoch 12 step 80/140 loss=0.4964
22:21:37 | INFO    | holoqpi.engine.trainer |   epoch 12 step 100/140 loss=0.6184
22:21:41 | INFO    | holoqpi.engine.trainer |   epoch 12 step 120/140 loss=0.7008
22:22:37 | INFO    | holoqpi.engine.trainer |   new best composite=0.7792
22:22:37 | INFO    | holoqpi.engine.trainer | epoch 12/60 (81s = 29s train + 53s val) | train_loss=0.6231  val_phase_mae=0.1836  val_dice=0.7995  val_cls_acc=nan  val_mass_mape=0.2303
22:22:38 | INFO    | holoqpi.engine.trainer |   epoch 13 step 0/140 loss=0.7410
22:22:42 | INFO    | holoqpi.engine.trainer |   epoch 13 step 20/140 loss=0.5803
22:22:46 | INFO    | holoqpi.engine.trainer |   epoch 13 step 40/140 loss=0.5017
22:22:50 | INFO    | holoqpi.engine.trainer |   epoch 13 step 60/140 loss=0.5002
22:22:55 | INFO    | holoqpi.engine.trainer |   epoch 13 step 80/140 loss=0.9744
22:22:59 | INFO    | holoqpi.engine.trainer |   epoch 13 step 100/140 loss=0.5741
22:23:03 | INFO    | holoqpi.engine.trainer |   epoch 13 step 120/140 loss=0.5291
22:23:59 | INFO    | holoqpi.engine.trainer | epoch 13/60 (82s = 30s train + 52s val) | train_loss=0.6198  val_phase_mae=0.1827  val_dice=0.8004  val_cls_acc=nan  val_mass_mape=0.2598
22:24:00 | INFO    | holoqpi.engine.trainer |   epoch 14 step 0/140 loss=0.6195
22:24:04 | INFO    | holoqpi.engine.trainer |   epoch 14 step 20/140 loss=0.4878
22:24:08 | INFO    | holoqpi.engine.trainer |   epoch 14 step 40/140 loss=0.5162
22:24:12 | INFO    | holoqpi.engine.trainer |   epoch 14 step 60/140 loss=0.4021
22:24:16 | INFO    | holoqpi.engine.trainer |   epoch 14 step 80/140 loss=0.5413
22:24:20 | INFO    | holoqpi.engine.trainer |   epoch 14 step 100/140 loss=0.4966
22:24:24 | INFO    | holoqpi.engine.trainer |   epoch 14 step 120/140 loss=0.5882
22:25:20 | INFO    | holoqpi.engine.trainer | epoch 14/60 (80s = 28s train + 52s val) | train_loss=0.5895  val_phase_mae=0.1812  val_dice=0.8045  val_cls_acc=nan  val_mass_mape=0.2437
22:25:21 | INFO    | holoqpi.engine.trainer |   epoch 15 step 0/140 loss=0.5246
22:25:25 | INFO    | holoqpi.engine.trainer |   epoch 15 step 20/140 loss=0.6320
22:25:29 | INFO    | holoqpi.engine.trainer |   epoch 15 step 40/140 loss=0.5335
22:25:33 | INFO    | holoqpi.engine.trainer |   epoch 15 step 60/140 loss=0.4783
22:25:37 | INFO    | holoqpi.engine.trainer |   epoch 15 step 80/140 loss=0.5045
22:25:41 | INFO    | holoqpi.engine.trainer |   epoch 15 step 100/140 loss=0.6680
22:25:45 | INFO    | holoqpi.engine.trainer |   epoch 15 step 120/140 loss=0.5192
22:26:41 | INFO    | holoqpi.engine.trainer | epoch 15/60 (81s = 29s train + 52s val) | train_loss=0.5986  val_phase_mae=0.1939  val_dice=0.8059  val_cls_acc=nan  val_mass_mape=0.2642
22:26:42 | INFO    | holoqpi.engine.trainer |   epoch 16 step 0/140 loss=0.6357
22:26:46 | INFO    | holoqpi.engine.trainer |   epoch 16 step 20/140 loss=0.4416
22:26:50 | INFO    | holoqpi.engine.trainer |   epoch 16 step 40/140 loss=0.5554
22:26:54 | INFO    | holoqpi.engine.trainer |   epoch 16 step 60/140 loss=0.3952
22:26:58 | INFO    | holoqpi.engine.trainer |   epoch 16 step 80/140 loss=0.5407
22:27:02 | INFO    | holoqpi.engine.trainer |   epoch 16 step 100/140 loss=0.4350
22:27:06 | INFO    | holoqpi.engine.trainer |   epoch 16 step 120/140 loss=0.4940
22:28:01 | INFO    | holoqpi.engine.trainer | epoch 16/60 (81s = 29s train + 52s val) | train_loss=0.5889  val_phase_mae=0.1836  val_dice=0.7996  val_cls_acc=nan  val_mass_mape=0.2257
22:28:02 | INFO    | holoqpi.engine.trainer |   epoch 17 step 0/140 loss=0.5161
22:28:06 | INFO    | holoqpi.engine.trainer |   epoch 17 step 20/140 loss=0.5348
22:28:10 | INFO    | holoqpi.engine.trainer |   epoch 17 step 40/140 loss=0.5419
22:28:15 | INFO    | holoqpi.engine.trainer |   epoch 17 step 60/140 loss=0.5801
22:28:19 | INFO    | holoqpi.engine.trainer |   epoch 17 step 80/140 loss=0.4216
22:28:22 | INFO    | holoqpi.engine.trainer |   epoch 17 step 100/140 loss=0.5834
22:28:26 | INFO    | holoqpi.engine.trainer |   epoch 17 step 120/140 loss=0.4600
22:29:22 | INFO    | holoqpi.engine.trainer | epoch 17/60 (80s = 29s train + 52s val) | train_loss=0.5780  val_phase_mae=0.1802  val_dice=0.8012  val_cls_acc=nan  val_mass_mape=0.2435
22:29:23 | INFO    | holoqpi.engine.trainer |   epoch 18 step 0/140 loss=0.5279
22:29:27 | INFO    | holoqpi.engine.trainer |   epoch 18 step 20/140 loss=0.5297
22:29:31 | INFO    | holoqpi.engine.trainer |   epoch 18 step 40/140 loss=0.6637
22:29:35 | INFO    | holoqpi.engine.trainer |   epoch 18 step 60/140 loss=0.4973
22:29:39 | INFO    | holoqpi.engine.trainer |   epoch 18 step 80/140 loss=0.4946
22:29:43 | INFO    | holoqpi.engine.trainer |   epoch 18 step 100/140 loss=0.5855
22:29:47 | INFO    | holoqpi.engine.trainer |   epoch 18 step 120/140 loss=0.4019
22:30:42 | INFO    | holoqpi.engine.trainer |   new best composite=0.7851
22:30:42 | INFO    | holoqpi.engine.trainer | epoch 18/60 (80s = 29s train + 52s val) | train_loss=0.5580  val_phase_mae=0.1749  val_dice=0.8082  val_cls_acc=nan  val_mass_mape=0.2282
22:30:43 | INFO    | holoqpi.engine.trainer |   epoch 19 step 0/140 loss=0.6002
22:30:48 | INFO    | holoqpi.engine.trainer |   epoch 19 step 20/140 loss=0.5312
22:30:52 | INFO    | holoqpi.engine.trainer |   epoch 19 step 40/140 loss=0.5121
22:30:56 | INFO    | holoqpi.engine.trainer |   epoch 19 step 60/140 loss=0.6288
22:31:00 | INFO    | holoqpi.engine.trainer |   epoch 19 step 80/140 loss=0.4712
22:31:04 | INFO    | holoqpi.engine.trainer |   epoch 19 step 100/140 loss=0.5197
22:31:08 | INFO    | holoqpi.engine.trainer |   epoch 19 step 120/140 loss=0.7695
22:32:03 | INFO    | holoqpi.engine.trainer |   new best composite=0.7881
22:32:03 | INFO    | holoqpi.engine.trainer | epoch 19/60 (81s = 29s train + 52s val) | train_loss=0.5590  val_phase_mae=0.1791  val_dice=0.8083  val_cls_acc=nan  val_mass_mape=0.2170
22:32:04 | INFO    | holoqpi.engine.trainer |   epoch 20 step 0/140 loss=0.5414
22:32:09 | INFO    | holoqpi.engine.trainer |   epoch 20 step 20/140 loss=0.4973
22:32:13 | INFO    | holoqpi.engine.trainer |   epoch 20 step 40/140 loss=0.5651
22:32:17 | INFO    | holoqpi.engine.trainer |   epoch 20 step 60/140 loss=0.8756
22:32:21 | INFO    | holoqpi.engine.trainer |   epoch 20 step 80/140 loss=0.6641
22:32:25 | INFO    | holoqpi.engine.trainer |   epoch 20 step 100/140 loss=0.7827
22:32:29 | INFO    | holoqpi.engine.trainer |   epoch 20 step 120/140 loss=0.5290
22:33:24 | INFO    | holoqpi.engine.trainer |   new best composite=0.7909
22:33:24 | INFO    | holoqpi.engine.trainer | epoch 20/60 (81s = 29s train + 52s val) | train_loss=0.5677  val_phase_mae=0.1745  val_dice=0.8090  val_cls_acc=nan  val_mass_mape=0.2107
22:33:25 | INFO    | holoqpi.engine.trainer |   epoch 21 step 0/140 loss=0.5688
22:33:30 | INFO    | holoqpi.engine.trainer |   epoch 21 step 20/140 loss=0.4668
22:33:34 | INFO    | holoqpi.engine.trainer |   epoch 21 step 40/140 loss=0.4723
22:33:38 | INFO    | holoqpi.engine.trainer |   epoch 21 step 60/140 loss=0.5487
22:33:42 | INFO    | holoqpi.engine.trainer |   epoch 21 step 80/140 loss=0.7532
22:33:46 | INFO    | holoqpi.engine.trainer |   epoch 21 step 100/140 loss=0.5165
22:33:50 | INFO    | holoqpi.engine.trainer |   epoch 21 step 120/140 loss=0.4929
22:34:46 | INFO    | holoqpi.engine.trainer |   new best composite=0.7933
22:34:46 | INFO    | holoqpi.engine.trainer | epoch 21/60 (81s = 29s train + 52s val) | train_loss=0.5412  val_phase_mae=0.1728  val_dice=0.8130  val_cls_acc=nan  val_mass_mape=0.2192
22:34:47 | INFO    | holoqpi.engine.trainer |   epoch 22 step 0/140 loss=0.4713
22:34:51 | INFO    | holoqpi.engine.trainer |   epoch 22 step 20/140 loss=0.4166
22:34:56 | INFO    | holoqpi.engine.trainer |   epoch 22 step 40/140 loss=0.5301
22:35:00 | INFO    | holoqpi.engine.trainer |   epoch 22 step 60/140 loss=0.5372
22:35:04 | INFO    | holoqpi.engine.trainer |   epoch 22 step 80/140 loss=0.5345
22:35:08 | INFO    | holoqpi.engine.trainer |   epoch 22 step 100/140 loss=0.5017
22:35:12 | INFO    | holoqpi.engine.trainer |   epoch 22 step 120/140 loss=0.4617
22:36:07 | INFO    | holoqpi.engine.trainer | epoch 22/60 (81s = 30s train + 52s val) | train_loss=0.5570  val_phase_mae=0.1786  val_dice=0.8106  val_cls_acc=nan  val_mass_mape=0.3199
22:36:08 | INFO    | holoqpi.engine.trainer |   epoch 23 step 0/140 loss=0.5750
22:36:12 | INFO    | holoqpi.engine.trainer |   epoch 23 step 20/140 loss=0.4920
22:36:17 | INFO    | holoqpi.engine.trainer |   epoch 23 step 40/140 loss=0.5490
22:36:21 | INFO    | holoqpi.engine.trainer |   epoch 23 step 60/140 loss=0.5592
22:36:25 | INFO    | holoqpi.engine.trainer |   epoch 23 step 80/140 loss=0.5174
22:36:29 | INFO    | holoqpi.engine.trainer |   epoch 23 step 100/140 loss=0.5216
22:36:33 | INFO    | holoqpi.engine.trainer |   epoch 23 step 120/140 loss=0.5721
22:37:28 | INFO    | holoqpi.engine.trainer | epoch 23/60 (81s = 30s train + 51s val) | train_loss=0.5529  val_phase_mae=0.1771  val_dice=0.8111  val_cls_acc=nan  val_mass_mape=0.2133
22:37:29 | INFO    | holoqpi.engine.trainer |   epoch 24 step 0/140 loss=0.5040
22:37:33 | INFO    | holoqpi.engine.trainer |   epoch 24 step 20/140 loss=0.6654
22:37:37 | INFO    | holoqpi.engine.trainer |   epoch 24 step 40/140 loss=0.6214
22:37:42 | INFO    | holoqpi.engine.trainer |   epoch 24 step 60/140 loss=0.8964
22:37:46 | INFO    | holoqpi.engine.trainer |   epoch 24 step 80/140 loss=0.8271
22:37:50 | INFO    | holoqpi.engine.trainer |   epoch 24 step 100/140 loss=0.4992
22:37:54 | INFO    | holoqpi.engine.trainer |   epoch 24 step 120/140 loss=0.5019
22:38:48 | INFO    | holoqpi.engine.trainer | epoch 24/60 (81s = 30s train + 51s val) | train_loss=0.5293  val_phase_mae=0.1770  val_dice=0.8157  val_cls_acc=nan  val_mass_mape=0.2492
22:38:50 | INFO    | holoqpi.engine.trainer |   epoch 25 step 0/140 loss=0.4277
22:38:54 | INFO    | holoqpi.engine.trainer |   epoch 25 step 20/140 loss=0.4898
22:38:58 | INFO    | holoqpi.engine.trainer |   epoch 25 step 40/140 loss=0.4607
22:39:03 | INFO    | holoqpi.engine.trainer |   epoch 25 step 60/140 loss=0.4704
22:39:07 | INFO    | holoqpi.engine.trainer |   epoch 25 step 80/140 loss=0.4195
22:39:11 | INFO    | holoqpi.engine.trainer |   epoch 25 step 100/140 loss=0.5004
22:39:15 | INFO    | holoqpi.engine.trainer |   epoch 25 step 120/140 loss=0.4504
22:40:09 | INFO    | holoqpi.engine.trainer | epoch 25/60 (81s = 30s train + 51s val) | train_loss=0.5155  val_phase_mae=0.1731  val_dice=0.8154  val_cls_acc=nan  val_mass_mape=0.2567
22:40:10 | INFO    | holoqpi.engine.trainer |   epoch 26 step 0/140 loss=0.4859
22:40:15 | INFO    | holoqpi.engine.trainer |   epoch 26 step 20/140 loss=0.4884
22:40:19 | INFO    | holoqpi.engine.trainer |   epoch 26 step 40/140 loss=0.5223
22:40:24 | INFO    | holoqpi.engine.trainer |   epoch 26 step 60/140 loss=0.4553
22:40:28 | INFO    | holoqpi.engine.trainer |   epoch 26 step 80/140 loss=0.3942
22:40:33 | INFO    | holoqpi.engine.trainer |   epoch 26 step 100/140 loss=0.4729
22:40:37 | INFO    | holoqpi.engine.trainer |   epoch 26 step 120/140 loss=0.5685
22:41:31 | INFO    | holoqpi.engine.trainer | epoch 26/60 (82s = 31s train + 51s val) | train_loss=0.4990  val_phase_mae=0.1741  val_dice=0.8141  val_cls_acc=nan  val_mass_mape=0.2248
22:41:32 | INFO    | holoqpi.engine.trainer |   epoch 27 step 0/140 loss=0.5855
22:41:36 | INFO    | holoqpi.engine.trainer |   epoch 27 step 20/140 loss=0.5801
22:41:41 | INFO    | holoqpi.engine.trainer |   epoch 27 step 40/140 loss=0.5528
22:41:45 | INFO    | holoqpi.engine.trainer |   epoch 27 step 60/140 loss=0.4384
22:41:49 | INFO    | holoqpi.engine.trainer |   epoch 27 step 80/140 loss=0.3917
22:41:54 | INFO    | holoqpi.engine.trainer |   epoch 27 step 100/140 loss=0.5532
22:41:58 | INFO    | holoqpi.engine.trainer |   epoch 27 step 120/140 loss=0.5094
22:42:52 | INFO    | holoqpi.engine.trainer |   new best composite=0.7950
22:42:52 | INFO    | holoqpi.engine.trainer | epoch 27/60 (81s = 31s train + 50s val) | train_loss=0.5002  val_phase_mae=0.1739  val_dice=0.8141  val_cls_acc=nan  val_mass_mape=0.2099
22:42:53 | INFO    | holoqpi.engine.trainer |   epoch 28 step 0/140 loss=0.5397
22:42:58 | INFO    | holoqpi.engine.trainer |   epoch 28 step 20/140 loss=0.4753
22:43:02 | INFO    | holoqpi.engine.trainer |   epoch 28 step 40/140 loss=0.5099
22:43:06 | INFO    | holoqpi.engine.trainer |   epoch 28 step 60/140 loss=0.6493
22:43:11 | INFO    | holoqpi.engine.trainer |   epoch 28 step 80/140 loss=0.7306
22:43:15 | INFO    | holoqpi.engine.trainer |   epoch 28 step 100/140 loss=0.4195
22:43:19 | INFO    | holoqpi.engine.trainer |   epoch 28 step 120/140 loss=0.4487
22:44:13 | INFO    | holoqpi.engine.trainer | epoch 28/60 (81s = 31s train + 50s val) | train_loss=0.5026  val_phase_mae=0.1716  val_dice=0.8145  val_cls_acc=nan  val_mass_mape=0.2151
22:44:15 | INFO    | holoqpi.engine.trainer |   epoch 29 step 0/140 loss=0.7539
22:44:19 | INFO    | holoqpi.engine.trainer |   epoch 29 step 20/140 loss=0.5437
22:44:23 | INFO    | holoqpi.engine.trainer |   epoch 29 step 40/140 loss=0.5105
22:44:28 | INFO    | holoqpi.engine.trainer |   epoch 29 step 60/140 loss=0.5135
22:44:32 | INFO    | holoqpi.engine.trainer |   epoch 29 step 80/140 loss=0.4009
22:44:37 | INFO    | holoqpi.engine.trainer |   epoch 29 step 100/140 loss=0.4253
22:44:41 | INFO    | holoqpi.engine.trainer |   epoch 29 step 120/140 loss=0.5546
22:45:34 | INFO    | holoqpi.engine.trainer | epoch 29/60 (81s = 31s train + 50s val) | train_loss=0.4925  val_phase_mae=0.1730  val_dice=0.8122  val_cls_acc=nan  val_mass_mape=0.2175
22:45:36 | INFO    | holoqpi.engine.trainer |   epoch 30 step 0/140 loss=0.6325
22:45:40 | INFO    | holoqpi.engine.trainer |   epoch 30 step 20/140 loss=0.4118
22:45:44 | INFO    | holoqpi.engine.trainer |   epoch 30 step 40/140 loss=0.6165
22:45:49 | INFO    | holoqpi.engine.trainer |   epoch 30 step 60/140 loss=0.5202
22:45:53 | INFO    | holoqpi.engine.trainer |   epoch 30 step 80/140 loss=0.6243
22:45:57 | INFO    | holoqpi.engine.trainer |   epoch 30 step 100/140 loss=0.4296
22:46:02 | INFO    | holoqpi.engine.trainer |   epoch 30 step 120/140 loss=0.4110
22:46:56 | INFO    | holoqpi.engine.trainer |   new best composite=0.7995
22:46:56 | INFO    | holoqpi.engine.trainer | epoch 30/60 (82s = 32s train + 50s val) | train_loss=0.4863  val_phase_mae=0.1694  val_dice=0.8200  val_cls_acc=nan  val_mass_mape=0.2090
22:46:57 | INFO    | holoqpi.engine.trainer |   epoch 31 step 0/140 loss=0.5468
22:47:02 | INFO    | holoqpi.engine.trainer |   epoch 31 step 20/140 loss=0.4914
22:47:06 | INFO    | holoqpi.engine.trainer |   epoch 31 step 40/140 loss=0.4410
22:47:10 | INFO    | holoqpi.engine.trainer |   epoch 31 step 60/140 loss=0.5590
22:47:15 | INFO    | holoqpi.engine.trainer |   epoch 31 step 80/140 loss=0.4321
22:47:19 | INFO    | holoqpi.engine.trainer |   epoch 31 step 100/140 loss=0.3917
22:47:24 | INFO    | holoqpi.engine.trainer |   epoch 31 step 120/140 loss=0.5297
22:48:18 | INFO    | holoqpi.engine.trainer |   new best composite=0.8021
22:48:18 | INFO    | holoqpi.engine.trainer | epoch 31/60 (81s = 31s train + 50s val) | train_loss=0.4919  val_phase_mae=0.1695  val_dice=0.8194  val_cls_acc=nan  val_mass_mape=0.2033
22:48:19 | INFO    | holoqpi.engine.trainer |   epoch 32 step 0/140 loss=0.4762
22:48:23 | INFO    | holoqpi.engine.trainer |   epoch 32 step 20/140 loss=0.3836
22:48:28 | INFO    | holoqpi.engine.trainer |   epoch 32 step 40/140 loss=0.4285
22:48:32 | INFO    | holoqpi.engine.trainer |   epoch 32 step 60/140 loss=0.4500
22:48:37 | INFO    | holoqpi.engine.trainer |   epoch 32 step 80/140 loss=0.5142
22:48:41 | INFO    | holoqpi.engine.trainer |   epoch 32 step 100/140 loss=0.3362
22:48:46 | INFO    | holoqpi.engine.trainer |   epoch 32 step 120/140 loss=0.4967
22:49:40 | INFO    | holoqpi.engine.trainer | epoch 32/60 (82s = 31s train + 51s val) | train_loss=0.4765  val_phase_mae=0.1710  val_dice=0.8180  val_cls_acc=nan  val_mass_mape=0.2238
22:49:41 | INFO    | holoqpi.engine.trainer |   epoch 33 step 0/140 loss=0.4173
22:49:45 | INFO    | holoqpi.engine.trainer |   epoch 33 step 20/140 loss=0.3912
22:49:49 | INFO    | holoqpi.engine.trainer |   epoch 33 step 40/140 loss=0.6323
22:49:53 | INFO    | holoqpi.engine.trainer |   epoch 33 step 60/140 loss=0.4576
22:49:58 | INFO    | holoqpi.engine.trainer |   epoch 33 step 80/140 loss=0.4231
22:50:02 | INFO    | holoqpi.engine.trainer |   epoch 33 step 100/140 loss=0.4092
22:50:06 | INFO    | holoqpi.engine.trainer |   epoch 33 step 120/140 loss=0.4533
22:51:01 | INFO    | holoqpi.engine.trainer | epoch 33/60 (81s = 30s train + 51s val) | train_loss=0.4665  val_phase_mae=0.1685  val_dice=0.8191  val_cls_acc=nan  val_mass_mape=0.2056
22:51:02 | INFO    | holoqpi.engine.trainer |   epoch 34 step 0/140 loss=0.3862
22:51:06 | INFO    | holoqpi.engine.trainer |   epoch 34 step 20/140 loss=0.4113
22:51:10 | INFO    | holoqpi.engine.trainer |   epoch 34 step 40/140 loss=0.5985
22:51:14 | INFO    | holoqpi.engine.trainer |   epoch 34 step 60/140 loss=0.4197
22:51:19 | INFO    | holoqpi.engine.trainer |   epoch 34 step 80/140 loss=0.5190
22:51:23 | INFO    | holoqpi.engine.trainer |   epoch 34 step 100/140 loss=0.4076
22:51:27 | INFO    | holoqpi.engine.trainer |   epoch 34 step 120/140 loss=0.6042
22:52:23 | INFO    | holoqpi.engine.trainer | epoch 34/60 (82s = 30s train + 51s val) | train_loss=0.4837  val_phase_mae=0.1699  val_dice=0.8173  val_cls_acc=nan  val_mass_mape=0.2018
22:52:24 | INFO    | holoqpi.engine.trainer |   epoch 35 step 0/140 loss=0.3741
22:52:28 | INFO    | holoqpi.engine.trainer |   epoch 35 step 20/140 loss=0.4903
22:52:32 | INFO    | holoqpi.engine.trainer |   epoch 35 step 40/140 loss=0.4368
22:52:36 | INFO    | holoqpi.engine.trainer |   epoch 35 step 60/140 loss=0.3449
22:52:40 | INFO    | holoqpi.engine.trainer |   epoch 35 step 80/140 loss=0.4458
22:52:44 | INFO    | holoqpi.engine.trainer |   epoch 35 step 100/140 loss=0.4375
22:52:49 | INFO    | holoqpi.engine.trainer |   epoch 35 step 120/140 loss=0.3771
22:53:43 | INFO    | holoqpi.engine.trainer | epoch 35/60 (81s = 30s train + 51s val) | train_loss=0.4693  val_phase_mae=0.1703  val_dice=0.8163  val_cls_acc=nan  val_mass_mape=0.2088
22:53:44 | INFO    | holoqpi.engine.trainer |   epoch 36 step 0/140 loss=0.4900
22:53:48 | INFO    | holoqpi.engine.trainer |   epoch 36 step 20/140 loss=0.3965
22:53:53 | INFO    | holoqpi.engine.trainer |   epoch 36 step 40/140 loss=0.3295
22:53:57 | INFO    | holoqpi.engine.trainer |   epoch 36 step 60/140 loss=0.3719
22:54:01 | INFO    | holoqpi.engine.trainer |   epoch 36 step 80/140 loss=0.5019
22:54:05 | INFO    | holoqpi.engine.trainer |   epoch 36 step 100/140 loss=0.5311
22:54:10 | INFO    | holoqpi.engine.trainer |   epoch 36 step 120/140 loss=0.4803
22:55:05 | INFO    | holoqpi.engine.trainer | epoch 36/60 (81s = 30s train + 51s val) | train_loss=0.4569  val_phase_mae=0.1695  val_dice=0.8197  val_cls_acc=nan  val_mass_mape=0.2033
22:55:05 | INFO    | holoqpi.engine.trainer |   epoch 37 step 0/140 loss=0.3587
22:55:10 | INFO    | holoqpi.engine.trainer |   epoch 37 step 20/140 loss=0.5303
22:55:14 | INFO    | holoqpi.engine.trainer |   epoch 37 step 40/140 loss=0.4341
22:55:18 | INFO    | holoqpi.engine.trainer |   epoch 37 step 60/140 loss=0.3565
22:55:22 | INFO    | holoqpi.engine.trainer |   epoch 37 step 80/140 loss=0.3576
22:55:26 | INFO    | holoqpi.engine.trainer |   epoch 37 step 100/140 loss=0.5333
22:55:30 | INFO    | holoqpi.engine.trainer |   epoch 37 step 120/140 loss=0.4598
22:56:26 | INFO    | holoqpi.engine.trainer |   new best composite=0.8023
22:56:26 | INFO    | holoqpi.engine.trainer | epoch 37/60 (81s = 30s train + 51s val) | train_loss=0.4542  val_phase_mae=0.1703  val_dice=0.8200  val_cls_acc=nan  val_mass_mape=0.1970
22:56:27 | INFO    | holoqpi.engine.trainer |   epoch 38 step 0/140 loss=0.6138
22:56:30 | INFO    | holoqpi.engine.trainer |   epoch 38 step 20/140 loss=0.4856
22:56:34 | INFO    | holoqpi.engine.trainer |   epoch 38 step 40/140 loss=0.3992
22:56:39 | INFO    | holoqpi.engine.trainer |   epoch 38 step 60/140 loss=0.5149
22:56:42 | INFO    | holoqpi.engine.trainer |   epoch 38 step 80/140 loss=0.4035
22:56:47 | INFO    | holoqpi.engine.trainer |   epoch 38 step 100/140 loss=0.5036
22:56:51 | INFO    | holoqpi.engine.trainer |   epoch 38 step 120/140 loss=0.5411
22:57:47 | INFO    | holoqpi.engine.trainer | epoch 38/60 (81s = 30s train + 52s val) | train_loss=0.4531  val_phase_mae=0.1685  val_dice=0.8193  val_cls_acc=nan  val_mass_mape=0.2031
22:57:48 | INFO    | holoqpi.engine.trainer |   epoch 39 step 0/140 loss=0.4670
22:57:52 | INFO    | holoqpi.engine.trainer |   epoch 39 step 20/140 loss=0.3590
22:57:56 | INFO    | holoqpi.engine.trainer |   epoch 39 step 40/140 loss=0.4016
22:58:00 | INFO    | holoqpi.engine.trainer |   epoch 39 step 60/140 loss=0.4085
22:58:04 | INFO    | holoqpi.engine.trainer |   epoch 39 step 80/140 loss=0.5111
22:58:09 | INFO    | holoqpi.engine.trainer |   epoch 39 step 100/140 loss=0.5385
22:58:13 | INFO    | holoqpi.engine.trainer |   epoch 39 step 120/140 loss=0.4711
22:59:08 | INFO    | holoqpi.engine.trainer |   new best composite=0.8035
22:59:08 | INFO    | holoqpi.engine.trainer | epoch 39/60 (81s = 30s train + 52s val) | train_loss=0.4573  val_phase_mae=0.1676  val_dice=0.8216  val_cls_acc=nan  val_mass_mape=0.2033
22:59:09 | INFO    | holoqpi.engine.trainer |   epoch 40 step 0/140 loss=0.4857
22:59:13 | INFO    | holoqpi.engine.trainer |   epoch 40 step 20/140 loss=0.3833
22:59:17 | INFO    | holoqpi.engine.trainer |   epoch 40 step 40/140 loss=0.4173
22:59:21 | INFO    | holoqpi.engine.trainer |   epoch 40 step 60/140 loss=0.3912
22:59:25 | INFO    | holoqpi.engine.trainer |   epoch 40 step 80/140 loss=0.4895
22:59:29 | INFO    | holoqpi.engine.trainer |   epoch 40 step 100/140 loss=0.3908
22:59:33 | INFO    | holoqpi.engine.trainer |   epoch 40 step 120/140 loss=0.4136
23:00:29 | INFO    | holoqpi.engine.trainer | epoch 40/60 (81s = 29s train + 52s val) | train_loss=0.4490  val_phase_mae=0.1692  val_dice=0.8219  val_cls_acc=nan  val_mass_mape=0.2107
23:00:30 | INFO    | holoqpi.engine.trainer |   epoch 41 step 0/140 loss=0.4851
23:00:34 | INFO    | holoqpi.engine.trainer |   epoch 41 step 20/140 loss=0.4565
23:00:38 | INFO    | holoqpi.engine.trainer |   epoch 41 step 40/140 loss=0.4224
23:00:42 | INFO    | holoqpi.engine.trainer |   epoch 41 step 60/140 loss=0.4200
23:00:46 | INFO    | holoqpi.engine.trainer |   epoch 41 step 80/140 loss=0.4224
23:00:50 | INFO    | holoqpi.engine.trainer |   epoch 41 step 100/140 loss=0.3927
23:00:54 | INFO    | holoqpi.engine.trainer |   epoch 41 step 120/140 loss=0.4392
23:01:50 | INFO    | holoqpi.engine.trainer |   new best composite=0.8049
23:01:50 | INFO    | holoqpi.engine.trainer | epoch 41/60 (81s = 29s train + 52s val) | train_loss=0.4497  val_phase_mae=0.1676  val_dice=0.8231  val_cls_acc=nan  val_mass_mape=0.1995
23:01:51 | INFO    | holoqpi.engine.trainer |   epoch 42 step 0/140 loss=0.4033
23:01:55 | INFO    | holoqpi.engine.trainer |   epoch 42 step 20/140 loss=0.4293
23:01:59 | INFO    | holoqpi.engine.trainer |   epoch 42 step 40/140 loss=0.4251
23:02:03 | INFO    | holoqpi.engine.trainer |   epoch 42 step 60/140 loss=0.4308
23:02:07 | INFO    | holoqpi.engine.trainer |   epoch 42 step 80/140 loss=0.3739
23:02:11 | INFO    | holoqpi.engine.trainer |   epoch 42 step 100/140 loss=0.5105
23:02:15 | INFO    | holoqpi.engine.trainer |   epoch 42 step 120/140 loss=0.3603
23:03:11 | INFO    | holoqpi.engine.trainer | epoch 42/60 (81s = 29s train + 52s val) | train_loss=0.4331  val_phase_mae=0.1699  val_dice=0.8202  val_cls_acc=nan  val_mass_mape=0.2093
23:03:12 | INFO    | holoqpi.engine.trainer |   epoch 43 step 0/140 loss=0.5669
23:03:16 | INFO    | holoqpi.engine.trainer |   epoch 43 step 20/140 loss=0.4138
23:03:20 | INFO    | holoqpi.engine.trainer |   epoch 43 step 40/140 loss=0.4840
23:03:24 | INFO    | holoqpi.engine.trainer |   epoch 43 step 60/140 loss=0.5050
23:03:28 | INFO    | holoqpi.engine.trainer |   epoch 43 step 80/140 loss=0.3931
23:03:32 | INFO    | holoqpi.engine.trainer |   epoch 43 step 100/140 loss=0.3897
23:03:36 | INFO    | holoqpi.engine.trainer |   epoch 43 step 120/140 loss=0.4404
23:04:32 | INFO    | holoqpi.engine.trainer |   new best composite=0.8090
23:04:32 | INFO    | holoqpi.engine.trainer | epoch 43/60 (81s = 29s train + 52s val) | train_loss=0.4422  val_phase_mae=0.1649  val_dice=0.8237  val_cls_acc=nan  val_mass_mape=0.1886
23:04:33 | INFO    | holoqpi.engine.trainer |   epoch 44 step 0/140 loss=0.3967
23:04:37 | INFO    | holoqpi.engine.trainer |   epoch 44 step 20/140 loss=0.4086
23:04:41 | INFO    | holoqpi.engine.trainer |   epoch 44 step 40/140 loss=0.5607
23:04:45 | INFO    | holoqpi.engine.trainer |   epoch 44 step 60/140 loss=0.4878
23:04:50 | INFO    | holoqpi.engine.trainer |   epoch 44 step 80/140 loss=0.4758
23:04:54 | INFO    | holoqpi.engine.trainer |   epoch 44 step 100/140 loss=0.4683
23:04:58 | INFO    | holoqpi.engine.trainer |   epoch 44 step 120/140 loss=0.3697
23:05:53 | INFO    | holoqpi.engine.trainer | epoch 44/60 (81s = 29s train + 52s val) | train_loss=0.4290  val_phase_mae=0.1664  val_dice=0.8221  val_cls_acc=nan  val_mass_mape=0.1890
23:05:54 | INFO    | holoqpi.engine.trainer |   epoch 45 step 0/140 loss=0.3440
23:05:58 | INFO    | holoqpi.engine.trainer |   epoch 45 step 20/140 loss=0.4423
23:06:02 | INFO    | holoqpi.engine.trainer |   epoch 45 step 40/140 loss=0.3725
23:06:06 | INFO    | holoqpi.engine.trainer |   epoch 45 step 60/140 loss=0.4114
23:06:10 | INFO    | holoqpi.engine.trainer |   epoch 45 step 80/140 loss=0.5376
23:06:14 | INFO    | holoqpi.engine.trainer |   epoch 45 step 100/140 loss=0.4326
23:06:18 | INFO    | holoqpi.engine.trainer |   epoch 45 step 120/140 loss=0.4173
23:07:14 | INFO    | holoqpi.engine.trainer | epoch 45/60 (81s = 29s train + 52s val) | train_loss=0.4316  val_phase_mae=0.1674  val_dice=0.8212  val_cls_acc=nan  val_mass_mape=0.1974
23:07:15 | INFO    | holoqpi.engine.trainer |   epoch 46 step 0/140 loss=0.3225
23:07:19 | INFO    | holoqpi.engine.trainer |   epoch 46 step 20/140 loss=0.3286
23:07:23 | INFO    | holoqpi.engine.trainer |   epoch 46 step 40/140 loss=0.4466
23:07:28 | INFO    | holoqpi.engine.trainer |   epoch 46 step 60/140 loss=0.3408
23:07:32 | INFO    | holoqpi.engine.trainer |   epoch 46 step 80/140 loss=0.3240
23:07:36 | INFO    | holoqpi.engine.trainer |   epoch 46 step 100/140 loss=0.3532
23:07:40 | INFO    | holoqpi.engine.trainer |   epoch 46 step 120/140 loss=0.4957
23:08:35 | INFO    | holoqpi.engine.trainer | epoch 46/60 (81s = 29s train + 52s val) | train_loss=0.4306  val_phase_mae=0.1665  val_dice=0.8244  val_cls_acc=nan  val_mass_mape=0.1907
23:08:36 | INFO    | holoqpi.engine.trainer |   epoch 47 step 0/140 loss=0.4257
23:08:40 | INFO    | holoqpi.engine.trainer |   epoch 47 step 20/140 loss=0.3800
23:08:44 | INFO    | holoqpi.engine.trainer |   epoch 47 step 40/140 loss=0.3684
23:08:48 | INFO    | holoqpi.engine.trainer |   epoch 47 step 60/140 loss=0.4260
23:08:53 | INFO    | holoqpi.engine.trainer |   epoch 47 step 80/140 loss=0.3993
23:08:57 | INFO    | holoqpi.engine.trainer |   epoch 47 step 100/140 loss=0.4463
23:09:01 | INFO    | holoqpi.engine.trainer |   epoch 47 step 120/140 loss=0.6119
23:09:56 | INFO    | holoqpi.engine.trainer | epoch 47/60 (81s = 29s train + 52s val) | train_loss=0.4294  val_phase_mae=0.1665  val_dice=0.8235  val_cls_acc=nan  val_mass_mape=0.1883
23:09:57 | INFO    | holoqpi.engine.trainer |   epoch 48 step 0/140 loss=0.4755
23:10:01 | INFO    | holoqpi.engine.trainer |   epoch 48 step 20/140 loss=0.3731
23:10:05 | INFO    | holoqpi.engine.trainer |   epoch 48 step 40/140 loss=0.3821
23:10:09 | INFO    | holoqpi.engine.trainer |   epoch 48 step 60/140 loss=0.4626
23:10:13 | INFO    | holoqpi.engine.trainer |   epoch 48 step 80/140 loss=0.4642
23:10:17 | INFO    | holoqpi.engine.trainer |   epoch 48 step 100/140 loss=0.3742
23:10:21 | INFO    | holoqpi.engine.trainer |   epoch 48 step 120/140 loss=0.5187
23:11:17 | INFO    | holoqpi.engine.trainer | epoch 48/60 (81s = 29s train + 52s val) | train_loss=0.4216  val_phase_mae=0.1676  val_dice=0.8228  val_cls_acc=nan  val_mass_mape=0.1880
23:11:18 | INFO    | holoqpi.engine.trainer |   epoch 49 step 0/140 loss=0.6872
23:11:22 | INFO    | holoqpi.engine.trainer |   epoch 49 step 20/140 loss=0.4902
23:11:26 | INFO    | holoqpi.engine.trainer |   epoch 49 step 40/140 loss=0.5085
23:11:29 | INFO    | holoqpi.engine.trainer |   epoch 49 step 60/140 loss=0.3825
23:11:33 | INFO    | holoqpi.engine.trainer |   epoch 49 step 80/140 loss=0.4530
23:11:38 | INFO    | holoqpi.engine.trainer |   epoch 49 step 100/140 loss=0.5181
23:11:41 | INFO    | holoqpi.engine.trainer |   epoch 49 step 120/140 loss=0.4689
23:12:38 | INFO    | holoqpi.engine.trainer |   new best composite=0.8095
23:12:38 | INFO    | holoqpi.engine.trainer | epoch 49/60 (81s = 29s train + 52s val) | train_loss=0.4262  val_phase_mae=0.1647  val_dice=0.8241  val_cls_acc=nan  val_mass_mape=0.1849
23:12:39 | INFO    | holoqpi.engine.trainer |   epoch 50 step 0/140 loss=0.3472
23:12:43 | INFO    | holoqpi.engine.trainer |   epoch 50 step 20/140 loss=0.3757
23:12:47 | INFO    | holoqpi.engine.trainer |   epoch 50 step 40/140 loss=0.3663
23:12:51 | INFO    | holoqpi.engine.trainer |   epoch 50 step 60/140 loss=0.4220
23:12:55 | INFO    | holoqpi.engine.trainer |   epoch 50 step 80/140 loss=0.4054
23:12:59 | INFO    | holoqpi.engine.trainer |   epoch 50 step 100/140 loss=0.4660
23:13:03 | INFO    | holoqpi.engine.trainer |   epoch 50 step 120/140 loss=0.4368
23:13:58 | INFO    | holoqpi.engine.trainer | epoch 50/60 (81s = 29s train + 52s val) | train_loss=0.4247  val_phase_mae=0.1654  val_dice=0.8247  val_cls_acc=nan  val_mass_mape=0.1891
23:13:59 | INFO    | holoqpi.engine.trainer |   epoch 51 step 0/140 loss=0.3462
23:14:03 | INFO    | holoqpi.engine.trainer |   epoch 51 step 20/140 loss=0.3739
23:14:08 | INFO    | holoqpi.engine.trainer |   epoch 51 step 40/140 loss=0.4070
23:14:12 | INFO    | holoqpi.engine.trainer |   epoch 51 step 60/140 loss=0.3697
23:14:16 | INFO    | holoqpi.engine.trainer |   epoch 51 step 80/140 loss=0.3801
23:14:20 | INFO    | holoqpi.engine.trainer |   epoch 51 step 100/140 loss=0.3285
23:14:24 | INFO    | holoqpi.engine.trainer |   epoch 51 step 120/140 loss=0.4221
23:15:20 | INFO    | holoqpi.engine.trainer | epoch 51/60 (81s = 29s train + 53s val) | train_loss=0.4148  val_phase_mae=0.1664  val_dice=0.8246  val_cls_acc=nan  val_mass_mape=0.1877
23:15:21 | INFO    | holoqpi.engine.trainer |   epoch 52 step 0/140 loss=0.3697
23:15:25 | INFO    | holoqpi.engine.trainer |   epoch 52 step 20/140 loss=0.3891
23:15:29 | INFO    | holoqpi.engine.trainer |   epoch 52 step 40/140 loss=0.5141
23:15:33 | INFO    | holoqpi.engine.trainer |   epoch 52 step 60/140 loss=0.3814
23:15:37 | INFO    | holoqpi.engine.trainer |   epoch 52 step 80/140 loss=0.4347
23:15:41 | INFO    | holoqpi.engine.trainer |   epoch 52 step 100/140 loss=0.3579
23:15:45 | INFO    | holoqpi.engine.trainer |   epoch 52 step 120/140 loss=0.4274
23:16:40 | INFO    | holoqpi.engine.trainer | epoch 52/60 (80s = 29s train + 52s val) | train_loss=0.4106  val_phase_mae=0.1644  val_dice=0.8235  val_cls_acc=nan  val_mass_mape=0.1879
23:16:41 | INFO    | holoqpi.engine.trainer |   epoch 53 step 0/140 loss=0.4389
23:16:45 | INFO    | holoqpi.engine.trainer |   epoch 53 step 20/140 loss=0.3790
23:16:49 | INFO    | holoqpi.engine.trainer |   epoch 53 step 40/140 loss=0.4347
23:16:53 | INFO    | holoqpi.engine.trainer |   epoch 53 step 60/140 loss=0.4558
23:16:57 | INFO    | holoqpi.engine.trainer |   epoch 53 step 80/140 loss=0.3506
23:17:01 | INFO    | holoqpi.engine.trainer |   epoch 53 step 100/140 loss=0.3970
23:17:06 | INFO    | holoqpi.engine.trainer |   epoch 53 step 120/140 loss=0.4216
23:18:01 | INFO    | holoqpi.engine.trainer | epoch 53/60 (80s = 29s train + 52s val) | train_loss=0.4131  val_phase_mae=0.1659  val_dice=0.8245  val_cls_acc=nan  val_mass_mape=0.1839
23:18:02 | INFO    | holoqpi.engine.trainer |   epoch 54 step 0/140 loss=0.6474
23:18:06 | INFO    | holoqpi.engine.trainer |   epoch 54 step 20/140 loss=0.4261
23:18:10 | INFO    | holoqpi.engine.trainer |   epoch 54 step 40/140 loss=0.4370
23:18:14 | INFO    | holoqpi.engine.trainer |   epoch 54 step 60/140 loss=0.3594
23:18:18 | INFO    | holoqpi.engine.trainer |   epoch 54 step 80/140 loss=0.3332
23:18:22 | INFO    | holoqpi.engine.trainer |   epoch 54 step 100/140 loss=0.4954
23:18:26 | INFO    | holoqpi.engine.trainer |   epoch 54 step 120/140 loss=0.3357
23:19:21 | INFO    | holoqpi.engine.trainer |   new best composite=0.8097
23:19:21 | INFO    | holoqpi.engine.trainer | epoch 54/60 (80s = 29s train + 51s val) | train_loss=0.4104  val_phase_mae=0.1661  val_dice=0.8252  val_cls_acc=nan  val_mass_mape=0.1875
23:19:22 | INFO    | holoqpi.engine.trainer |   epoch 55 step 0/140 loss=0.3664
23:19:26 | INFO    | holoqpi.engine.trainer |   epoch 55 step 20/140 loss=0.4060
23:19:30 | INFO    | holoqpi.engine.trainer |   epoch 55 step 40/140 loss=0.3831
23:19:34 | INFO    | holoqpi.engine.trainer |   epoch 55 step 60/140 loss=0.5416
23:19:39 | INFO    | holoqpi.engine.trainer |   epoch 55 step 80/140 loss=0.4021
23:19:43 | INFO    | holoqpi.engine.trainer |   epoch 55 step 100/140 loss=0.3004
23:19:47 | INFO    | holoqpi.engine.trainer |   epoch 55 step 120/140 loss=0.3563
23:20:42 | INFO    | holoqpi.engine.trainer | epoch 55/60 (81s = 29s train + 52s val) | train_loss=0.4081  val_phase_mae=0.1671  val_dice=0.8239  val_cls_acc=nan  val_mass_mape=0.1848
23:20:43 | INFO    | holoqpi.engine.trainer |   epoch 56 step 0/140 loss=0.4661
23:20:47 | INFO    | holoqpi.engine.trainer |   epoch 56 step 20/140 loss=0.4785
23:20:51 | INFO    | holoqpi.engine.trainer |   epoch 56 step 40/140 loss=0.6158
23:20:56 | INFO    | holoqpi.engine.trainer |   epoch 56 step 60/140 loss=0.3785
23:21:00 | INFO    | holoqpi.engine.trainer |   epoch 56 step 80/140 loss=0.3277
23:21:04 | INFO    | holoqpi.engine.trainer |   epoch 56 step 100/140 loss=0.4414
23:21:08 | INFO    | holoqpi.engine.trainer |   epoch 56 step 120/140 loss=0.4487
23:22:03 | INFO    | holoqpi.engine.trainer | epoch 56/60 (81s = 29s train + 52s val) | train_loss=0.4078  val_phase_mae=0.1653  val_dice=0.8243  val_cls_acc=nan  val_mass_mape=0.1856
23:22:04 | INFO    | holoqpi.engine.trainer |   epoch 57 step 0/140 loss=0.3433
23:22:08 | INFO    | holoqpi.engine.trainer |   epoch 57 step 20/140 loss=0.7665
23:22:12 | INFO    | holoqpi.engine.trainer |   epoch 57 step 40/140 loss=0.3375
23:22:16 | INFO    | holoqpi.engine.trainer |   epoch 57 step 60/140 loss=0.3494
23:22:20 | INFO    | holoqpi.engine.trainer |   epoch 57 step 80/140 loss=0.3488
23:22:24 | INFO    | holoqpi.engine.trainer |   epoch 57 step 100/140 loss=0.4120
23:22:28 | INFO    | holoqpi.engine.trainer |   epoch 57 step 120/140 loss=0.4418
23:23:23 | INFO    | holoqpi.engine.trainer |   new best composite=0.8106
23:23:23 | INFO    | holoqpi.engine.trainer | epoch 57/60 (81s = 29s train + 51s val) | train_loss=0.4127  val_phase_mae=0.1657  val_dice=0.8254  val_cls_acc=nan  val_mass_mape=0.1833
23:23:25 | INFO    | holoqpi.engine.trainer |   epoch 58 step 0/140 loss=0.3923
23:23:29 | INFO    | holoqpi.engine.trainer |   epoch 58 step 20/140 loss=0.4212
23:23:33 | INFO    | holoqpi.engine.trainer |   epoch 58 step 40/140 loss=0.3373
23:23:37 | INFO    | holoqpi.engine.trainer |   epoch 58 step 60/140 loss=0.3583
23:23:42 | INFO    | holoqpi.engine.trainer |   epoch 58 step 80/140 loss=0.5002
23:23:46 | INFO    | holoqpi.engine.trainer |   epoch 58 step 100/140 loss=0.4406
23:23:50 | INFO    | holoqpi.engine.trainer |   epoch 58 step 120/140 loss=0.3755
23:24:45 | INFO    | holoqpi.engine.trainer |   new best composite=0.8108
23:24:45 | INFO    | holoqpi.engine.trainer | epoch 58/60 (81s = 30s train + 51s val) | train_loss=0.4132  val_phase_mae=0.1660  val_dice=0.8259  val_cls_acc=nan  val_mass_mape=0.1839
23:24:46 | INFO    | holoqpi.engine.trainer |   epoch 59 step 0/140 loss=0.3564
23:24:50 | INFO    | holoqpi.engine.trainer |   epoch 59 step 20/140 loss=0.4378
23:24:54 | INFO    | holoqpi.engine.trainer |   epoch 59 step 40/140 loss=0.3143
23:24:59 | INFO    | holoqpi.engine.trainer |   epoch 59 step 60/140 loss=0.3627
23:25:03 | INFO    | holoqpi.engine.trainer |   epoch 59 step 80/140 loss=0.3631
23:25:07 | INFO    | holoqpi.engine.trainer |   epoch 59 step 100/140 loss=0.5402
23:25:11 | INFO    | holoqpi.engine.trainer |   epoch 59 step 120/140 loss=0.4007
23:26:06 | INFO    | holoqpi.engine.trainer | epoch 59/60 (81s = 30s train + 51s val) | train_loss=0.4056  val_phase_mae=0.1648  val_dice=0.8253  val_cls_acc=nan  val_mass_mape=0.1837
23:26:07 | INFO    | holoqpi.engine.trainer |   epoch 60 step 0/140 loss=0.4850
23:26:11 | INFO    | holoqpi.engine.trainer |   epoch 60 step 20/140 loss=0.5347
23:26:15 | INFO    | holoqpi.engine.trainer |   epoch 60 step 40/140 loss=0.3935
23:26:20 | INFO    | holoqpi.engine.trainer |   epoch 60 step 60/140 loss=0.4763
23:26:24 | INFO    | holoqpi.engine.trainer |   epoch 60 step 80/140 loss=0.3974
23:26:29 | INFO    | holoqpi.engine.trainer |   epoch 60 step 100/140 loss=0.3120
23:26:32 | INFO    | holoqpi.engine.trainer |   epoch 60 step 120/140 loss=0.4586
23:27:27 | INFO    | holoqpi.engine.trainer |   new best composite=0.8111
23:27:27 | INFO    | holoqpi.engine.trainer | epoch 60/60 (81s = 30s train + 50s val) | train_loss=0.4111  val_phase_mae=0.1662  val_dice=0.8252  val_cls_acc=nan  val_mass_mape=0.1819
23:27:27 | INFO    | holoqpi.engine.trainer | training finished; best epoch 60 (composite=0.8111)
