19:16:15 | INFO    | holoqpi | training v2_A_seed1337 on off_axis (device=cuda)
19:16:15 | INFO    | holoqpi.data.dataset | train split: 560 samples | modality=off_axis | crop=512 | augment=True
19:16:15 | INFO    | holoqpi.data.dataset | val split: 127 samples | modality=off_axis | crop=None | augment=False
19:16:16 | INFO    | holoqpi.models.encoders | loading pretrained mobilenet_v2 from weights/mobilenet_v2-b0353104.pth
19:16:16 | INFO    | holoqpi.models.encoders | loading pretrained mobilenet_v2 from weights/mobilenet_v2-b0353104.pth
19:16:16 | INFO    | holoqpi.models.encoders | encoder=mobilenet_v2 in_channels=1 pretrained=True weights=local (weights) stages=[16, 24, 32, 96, 1280]
19:16:16 | INFO    | holoqpi.models.holonet | HoloQPINet built: 9.60M parameters, 9.60M trainable (100.0%)
19:16:18 | INFO    | holoqpi.engine.trainer | trainable 9.60M / 9.60M parameters (100.0%)
19:16:18 | INFO    | holoqpi.engine.trainer | objective: phase=1  segmentation=1
19:16:18 | INFO    | holoqpi.engine.trainer | active physics terms: none
19:16:25 | INFO    | holoqpi.engine.trainer |   epoch 1 step 0/140 loss=1.7192
19:16:28 | INFO    | holoqpi.engine.trainer |   epoch 1 step 20/140 loss=1.3647
19:16:33 | INFO    | holoqpi.engine.trainer |   epoch 1 step 40/140 loss=1.1909
19:16:37 | INFO    | holoqpi.engine.trainer |   epoch 1 step 60/140 loss=1.0750
19:16:42 | INFO    | holoqpi.engine.trainer |   epoch 1 step 80/140 loss=1.0550
19:16:46 | INFO    | holoqpi.engine.trainer |   epoch 1 step 100/140 loss=0.9477
19:16:51 | INFO    | holoqpi.engine.trainer |   epoch 1 step 120/140 loss=0.8570
19:17:51 | INFO    | holoqpi.engine.trainer |   new best composite=0.6559
19:17:51 | INFO    | holoqpi.engine.trainer | epoch 1/60 (93s = 37s train + 56s val) | train_loss=1.1191  val_phase_mae=0.2498  val_dice=0.6885  val_cls_acc=nan  val_mass_mape=0.3537
19:17:51 | INFO    | holoqpi.engine.trainer |   at this rate the full 60-epoch schedule takes about 93 min
19:17:52 | INFO    | holoqpi.engine.trainer |   epoch 2 step 0/140 loss=0.7961
19:17:56 | INFO    | holoqpi.engine.trainer |   epoch 2 step 20/140 loss=0.7778
19:18:00 | INFO    | holoqpi.engine.trainer |   epoch 2 step 40/140 loss=0.7351
19:18:04 | INFO    | holoqpi.engine.trainer |   epoch 2 step 60/140 loss=0.7053
19:18:09 | INFO    | holoqpi.engine.trainer |   epoch 2 step 80/140 loss=0.7532
19:18:13 | INFO    | holoqpi.engine.trainer |   epoch 2 step 100/140 loss=0.5903
19:18:17 | INFO    | holoqpi.engine.trainer |   epoch 2 step 120/140 loss=0.6042
19:19:14 | INFO    | holoqpi.engine.trainer |   new best composite=0.7148
19:19:14 | INFO    | holoqpi.engine.trainer | epoch 2/60 (83s = 31s train + 52s val) | train_loss=0.7157  val_phase_mae=0.2077  val_dice=0.7525  val_cls_acc=nan  val_mass_mape=0.3343
19:19:15 | INFO    | holoqpi.engine.trainer |   epoch 3 step 0/140 loss=0.4894
19:19:19 | INFO    | holoqpi.engine.trainer |   epoch 3 step 20/140 loss=0.7708
19:19:23 | INFO    | holoqpi.engine.trainer |   epoch 3 step 40/140 loss=0.4518
19:19:28 | INFO    | holoqpi.engine.trainer |   epoch 3 step 60/140 loss=0.4882
19:19:32 | INFO    | holoqpi.engine.trainer |   epoch 3 step 80/140 loss=0.5201
19:19:37 | INFO    | holoqpi.engine.trainer |   epoch 3 step 100/140 loss=0.6401
19:19:41 | INFO    | holoqpi.engine.trainer |   epoch 3 step 120/140 loss=0.6243
19:20:37 | INFO    | holoqpi.engine.trainer |   new best composite=0.7549
19:20:37 | INFO    | holoqpi.engine.trainer | epoch 3/60 (83s = 31s train + 52s val) | train_loss=0.5378  val_phase_mae=0.1899  val_dice=0.7802  val_cls_acc=nan  val_mass_mape=0.2601
19:20:38 | INFO    | holoqpi.engine.trainer |   epoch 4 step 0/140 loss=0.4412
19:20:42 | INFO    | holoqpi.engine.trainer |   epoch 4 step 20/140 loss=0.4577
19:20:47 | INFO    | holoqpi.engine.trainer |   epoch 4 step 40/140 loss=0.4054
19:20:51 | INFO    | holoqpi.engine.trainer |   epoch 4 step 60/140 loss=0.4788
19:20:56 | INFO    | holoqpi.engine.trainer |   epoch 4 step 80/140 loss=0.4412
19:21:00 | INFO    | holoqpi.engine.trainer |   epoch 4 step 100/140 loss=0.4986
19:21:05 | INFO    | holoqpi.engine.trainer |   epoch 4 step 120/140 loss=0.4070
19:22:01 | INFO    | holoqpi.engine.trainer |   new best composite=0.7595
19:22:01 | INFO    | holoqpi.engine.trainer | epoch 4/60 (83s = 31s train + 52s val) | train_loss=0.4656  val_phase_mae=0.1897  val_dice=0.7910  val_cls_acc=nan  val_mass_mape=0.2887
19:22:02 | INFO    | holoqpi.engine.trainer |   epoch 5 step 0/140 loss=0.5217
19:22:06 | INFO    | holoqpi.engine.trainer |   epoch 5 step 20/140 loss=0.3521
19:22:10 | INFO    | holoqpi.engine.trainer |   epoch 5 step 40/140 loss=0.4204
19:22:15 | INFO    | holoqpi.engine.trainer |   epoch 5 step 60/140 loss=0.4045
19:22:19 | INFO    | holoqpi.engine.trainer |   epoch 5 step 80/140 loss=0.4851
19:22:24 | INFO    | holoqpi.engine.trainer |   epoch 5 step 100/140 loss=0.4088
19:22:28 | INFO    | holoqpi.engine.trainer |   epoch 5 step 120/140 loss=0.4167
19:23:24 | INFO    | holoqpi.engine.trainer |   new best composite=0.7667
19:23:24 | INFO    | holoqpi.engine.trainer | epoch 5/60 (82s = 31s train + 51s val) | train_loss=0.4370  val_phase_mae=0.1827  val_dice=0.8013  val_cls_acc=nan  val_mass_mape=0.2851
19:23:25 | INFO    | holoqpi.engine.trainer |   epoch 6 step 0/140 loss=0.4123
19:23:29 | INFO    | holoqpi.engine.trainer |   epoch 6 step 20/140 loss=0.5356
19:23:33 | INFO    | holoqpi.engine.trainer |   epoch 6 step 40/140 loss=0.3631
19:23:38 | INFO    | holoqpi.engine.trainer |   epoch 6 step 60/140 loss=0.4376
19:23:42 | INFO    | holoqpi.engine.trainer |   epoch 6 step 80/140 loss=0.4219
19:23:47 | INFO    | holoqpi.engine.trainer |   epoch 6 step 100/140 loss=0.3695
19:23:51 | INFO    | holoqpi.engine.trainer |   epoch 6 step 120/140 loss=0.5180
19:24:47 | INFO    | holoqpi.engine.trainer |   new best composite=0.7835
19:24:47 | INFO    | holoqpi.engine.trainer | epoch 6/60 (83s = 31s train + 52s val) | train_loss=0.4190  val_phase_mae=0.1787  val_dice=0.8011  val_cls_acc=nan  val_mass_mape=0.2207
19:24:48 | INFO    | holoqpi.engine.trainer |   epoch 7 step 0/140 loss=0.5154
19:24:52 | INFO    | holoqpi.engine.trainer |   epoch 7 step 20/140 loss=0.4222
19:24:56 | INFO    | holoqpi.engine.trainer |   epoch 7 step 40/140 loss=0.3852
19:25:01 | INFO    | holoqpi.engine.trainer |   epoch 7 step 60/140 loss=0.3366
19:25:05 | INFO    | holoqpi.engine.trainer |   epoch 7 step 80/140 loss=0.3757
19:25:10 | INFO    | holoqpi.engine.trainer |   epoch 7 step 100/140 loss=0.3248
19:25:14 | INFO    | holoqpi.engine.trainer |   epoch 7 step 120/140 loss=0.3286
19:26:10 | INFO    | holoqpi.engine.trainer | epoch 7/60 (83s = 31s train + 52s val) | train_loss=0.4105  val_phase_mae=0.1804  val_dice=0.8058  val_cls_acc=nan  val_mass_mape=0.2938
19:26:11 | INFO    | holoqpi.engine.trainer |   epoch 8 step 0/140 loss=0.3358
19:26:15 | INFO    | holoqpi.engine.trainer |   epoch 8 step 20/140 loss=0.4202
19:26:19 | INFO    | holoqpi.engine.trainer |   epoch 8 step 40/140 loss=0.4428
19:26:23 | INFO    | holoqpi.engine.trainer |   epoch 8 step 60/140 loss=0.4570
19:26:28 | INFO    | holoqpi.engine.trainer |   epoch 8 step 80/140 loss=0.4441
19:26:32 | INFO    | holoqpi.engine.trainer |   epoch 8 step 100/140 loss=0.4311
19:26:37 | INFO    | holoqpi.engine.trainer |   epoch 8 step 120/140 loss=0.4143
19:27:32 | INFO    | holoqpi.engine.trainer |   new best composite=0.7968
19:27:32 | INFO    | holoqpi.engine.trainer | epoch 8/60 (82s = 31s train + 51s val) | train_loss=0.4032  val_phase_mae=0.1697  val_dice=0.8148  val_cls_acc=nan  val_mass_mape=0.2129
19:27:33 | INFO    | holoqpi.engine.trainer |   epoch 9 step 0/140 loss=0.4625
19:27:37 | INFO    | holoqpi.engine.trainer |   epoch 9 step 20/140 loss=0.4828
19:27:42 | INFO    | holoqpi.engine.trainer |   epoch 9 step 40/140 loss=0.3767
19:27:46 | INFO    | holoqpi.engine.trainer |   epoch 9 step 60/140 loss=0.5150
19:27:51 | INFO    | holoqpi.engine.trainer |   epoch 9 step 80/140 loss=0.3561
19:27:55 | INFO    | holoqpi.engine.trainer |   epoch 9 step 100/140 loss=0.3791
19:28:00 | INFO    | holoqpi.engine.trainer |   epoch 9 step 120/140 loss=0.4225
19:28:55 | INFO    | holoqpi.engine.trainer | epoch 9/60 (83s = 31s train + 51s val) | train_loss=0.3914  val_phase_mae=0.1757  val_dice=0.8014  val_cls_acc=nan  val_mass_mape=0.2074
19:28:56 | INFO    | holoqpi.engine.trainer |   epoch 10 step 0/140 loss=0.3891
19:29:00 | INFO    | holoqpi.engine.trainer |   epoch 10 step 20/140 loss=0.3058
19:29:04 | INFO    | holoqpi.engine.trainer |   epoch 10 step 40/140 loss=0.3835
19:29:09 | INFO    | holoqpi.engine.trainer |   epoch 10 step 60/140 loss=0.3551
19:29:13 | INFO    | holoqpi.engine.trainer |   epoch 10 step 80/140 loss=0.3519
19:29:18 | INFO    | holoqpi.engine.trainer |   epoch 10 step 100/140 loss=0.3710
19:29:22 | INFO    | holoqpi.engine.trainer |   epoch 10 step 120/140 loss=0.3385
19:30:18 | INFO    | holoqpi.engine.trainer | epoch 10/60 (83s = 31s train + 51s val) | train_loss=0.3853  val_phase_mae=0.1797  val_dice=0.8153  val_cls_acc=nan  val_mass_mape=0.2163
19:30:19 | INFO    | holoqpi.engine.trainer |   epoch 11 step 0/140 loss=0.3716
19:30:23 | INFO    | holoqpi.engine.trainer |   epoch 11 step 20/140 loss=0.4588
19:30:27 | INFO    | holoqpi.engine.trainer |   epoch 11 step 40/140 loss=0.3655
19:30:32 | INFO    | holoqpi.engine.trainer |   epoch 11 step 60/140 loss=0.3892
19:30:36 | INFO    | holoqpi.engine.trainer |   epoch 11 step 80/140 loss=0.3472
19:30:41 | INFO    | holoqpi.engine.trainer |   epoch 11 step 100/140 loss=0.4400
19:30:45 | INFO    | holoqpi.engine.trainer |   epoch 11 step 120/140 loss=0.4230
19:31:40 | INFO    | holoqpi.engine.trainer |   new best composite=0.8032
19:31:40 | INFO    | holoqpi.engine.trainer | epoch 11/60 (82s = 32s train + 51s val) | train_loss=0.3740  val_phase_mae=0.1711  val_dice=0.8174  val_cls_acc=nan  val_mass_mape=0.1920
19:31:41 | INFO    | holoqpi.engine.trainer |   epoch 12 step 0/140 loss=0.3604
19:31:45 | INFO    | holoqpi.engine.trainer |   epoch 12 step 20/140 loss=0.3408
19:31:50 | INFO    | holoqpi.engine.trainer |   epoch 12 step 40/140 loss=0.3483
19:31:54 | INFO    | holoqpi.engine.trainer |   epoch 12 step 60/140 loss=0.3613
19:31:59 | INFO    | holoqpi.engine.trainer |   epoch 12 step 80/140 loss=0.3047
19:32:03 | INFO    | holoqpi.engine.trainer |   epoch 12 step 100/140 loss=0.4957
19:32:08 | INFO    | holoqpi.engine.trainer |   epoch 12 step 120/140 loss=0.3657
19:33:03 | INFO    | holoqpi.engine.trainer | epoch 12/60 (83s = 31s train + 52s val) | train_loss=0.3755  val_phase_mae=0.1726  val_dice=0.8200  val_cls_acc=nan  val_mass_mape=0.2207
19:33:05 | INFO    | holoqpi.engine.trainer |   epoch 13 step 0/140 loss=0.4437
19:33:09 | INFO    | holoqpi.engine.trainer |   epoch 13 step 20/140 loss=0.3780
19:33:13 | INFO    | holoqpi.engine.trainer |   epoch 13 step 40/140 loss=0.3248
19:33:17 | INFO    | holoqpi.engine.trainer |   epoch 13 step 60/140 loss=0.3612
19:33:22 | INFO    | holoqpi.engine.trainer |   epoch 13 step 80/140 loss=0.4303
19:33:27 | INFO    | holoqpi.engine.trainer |   epoch 13 step 100/140 loss=0.3783
19:33:31 | INFO    | holoqpi.engine.trainer |   epoch 13 step 120/140 loss=0.3054
19:34:27 | INFO    | holoqpi.engine.trainer | epoch 13/60 (83s = 31s train + 52s val) | train_loss=0.3663  val_phase_mae=0.1712  val_dice=0.8173  val_cls_acc=nan  val_mass_mape=0.2312
19:34:28 | INFO    | holoqpi.engine.trainer |   epoch 14 step 0/140 loss=0.3821
19:34:32 | INFO    | holoqpi.engine.trainer |   epoch 14 step 20/140 loss=0.3403
19:34:36 | INFO    | holoqpi.engine.trainer |   epoch 14 step 40/140 loss=0.3228
19:34:41 | INFO    | holoqpi.engine.trainer |   epoch 14 step 60/140 loss=0.2988
19:34:45 | INFO    | holoqpi.engine.trainer |   epoch 14 step 80/140 loss=0.3159
19:34:50 | INFO    | holoqpi.engine.trainer |   epoch 14 step 100/140 loss=0.3273
19:34:54 | INFO    | holoqpi.engine.trainer |   epoch 14 step 120/140 loss=0.2940
19:35:49 | INFO    | holoqpi.engine.trainer | epoch 14/60 (83s = 31s train + 51s val) | train_loss=0.3609  val_phase_mae=0.1731  val_dice=0.8167  val_cls_acc=nan  val_mass_mape=0.2154
19:35:50 | INFO    | holoqpi.engine.trainer |   epoch 15 step 0/140 loss=0.3258
19:35:54 | INFO    | holoqpi.engine.trainer |   epoch 15 step 20/140 loss=0.4640
19:35:59 | INFO    | holoqpi.engine.trainer |   epoch 15 step 40/140 loss=0.3147
19:36:03 | INFO    | holoqpi.engine.trainer |   epoch 15 step 60/140 loss=0.3299
19:36:08 | INFO    | holoqpi.engine.trainer |   epoch 15 step 80/140 loss=0.3091
19:36:12 | INFO    | holoqpi.engine.trainer |   epoch 15 step 100/140 loss=0.3940
19:36:17 | INFO    | holoqpi.engine.trainer |   epoch 15 step 120/140 loss=0.2962
19:37:13 | INFO    | holoqpi.engine.trainer | epoch 15/60 (83s = 31s train + 52s val) | train_loss=0.3646  val_phase_mae=0.1795  val_dice=0.8212  val_cls_acc=nan  val_mass_mape=0.2325
19:37:14 | INFO    | holoqpi.engine.trainer |   epoch 16 step 0/140 loss=0.4414
19:37:18 | INFO    | holoqpi.engine.trainer |   epoch 16 step 20/140 loss=0.2976
19:37:22 | INFO    | holoqpi.engine.trainer |   epoch 16 step 40/140 loss=0.3191
19:37:27 | INFO    | holoqpi.engine.trainer |   epoch 16 step 60/140 loss=0.2699
19:37:31 | INFO    | holoqpi.engine.trainer |   epoch 16 step 80/140 loss=0.3332
19:37:36 | INFO    | holoqpi.engine.trainer |   epoch 16 step 100/140 loss=0.3183
19:37:40 | INFO    | holoqpi.engine.trainer |   epoch 16 step 120/140 loss=0.3139
19:38:35 | INFO    | holoqpi.engine.trainer | epoch 16/60 (82s = 31s train + 51s val) | train_loss=0.3552  val_phase_mae=0.1691  val_dice=0.8172  val_cls_acc=nan  val_mass_mape=0.2172
19:38:36 | INFO    | holoqpi.engine.trainer |   epoch 17 step 0/140 loss=0.3570
19:38:40 | INFO    | holoqpi.engine.trainer |   epoch 17 step 20/140 loss=0.2899
19:38:44 | INFO    | holoqpi.engine.trainer |   epoch 17 step 40/140 loss=0.3609
19:38:49 | INFO    | holoqpi.engine.trainer |   epoch 17 step 60/140 loss=0.3451
19:38:53 | INFO    | holoqpi.engine.trainer |   epoch 17 step 80/140 loss=0.3117
19:38:58 | INFO    | holoqpi.engine.trainer |   epoch 17 step 100/140 loss=0.3469
19:39:02 | INFO    | holoqpi.engine.trainer |   epoch 17 step 120/140 loss=0.3341
19:39:57 | INFO    | holoqpi.engine.trainer | epoch 17/60 (82s = 31s train + 51s val) | train_loss=0.3534  val_phase_mae=0.1709  val_dice=0.8118  val_cls_acc=nan  val_mass_mape=0.2089
19:39:58 | INFO    | holoqpi.engine.trainer |   epoch 18 step 0/140 loss=0.2833
19:40:02 | INFO    | holoqpi.engine.trainer |   epoch 18 step 20/140 loss=0.4168
19:40:06 | INFO    | holoqpi.engine.trainer |   epoch 18 step 40/140 loss=0.3592
19:40:11 | INFO    | holoqpi.engine.trainer |   epoch 18 step 60/140 loss=0.3153
19:40:15 | INFO    | holoqpi.engine.trainer |   epoch 18 step 80/140 loss=0.3428
19:40:20 | INFO    | holoqpi.engine.trainer |   epoch 18 step 100/140 loss=0.3271
19:40:24 | INFO    | holoqpi.engine.trainer |   epoch 18 step 120/140 loss=0.3143
19:41:19 | INFO    | holoqpi.engine.trainer | epoch 18/60 (82s = 31s train + 51s val) | train_loss=0.3461  val_phase_mae=0.1670  val_dice=0.8175  val_cls_acc=nan  val_mass_mape=0.2926
19:41:20 | INFO    | holoqpi.engine.trainer |   epoch 19 step 0/140 loss=0.3725
19:41:24 | INFO    | holoqpi.engine.trainer |   epoch 19 step 20/140 loss=0.4177
19:41:28 | INFO    | holoqpi.engine.trainer |   epoch 19 step 40/140 loss=0.3216
19:41:33 | INFO    | holoqpi.engine.trainer |   epoch 19 step 60/140 loss=0.3827
19:41:37 | INFO    | holoqpi.engine.trainer |   epoch 19 step 80/140 loss=0.3139
19:41:42 | INFO    | holoqpi.engine.trainer |   epoch 19 step 100/140 loss=0.2997
19:41:46 | INFO    | holoqpi.engine.trainer |   epoch 19 step 120/140 loss=0.4383
19:42:41 | INFO    | holoqpi.engine.trainer | epoch 19/60 (82s = 31s train + 51s val) | train_loss=0.3472  val_phase_mae=0.1775  val_dice=0.8202  val_cls_acc=nan  val_mass_mape=0.2169
19:42:42 | INFO    | holoqpi.engine.trainer |   epoch 20 step 0/140 loss=0.3349
19:42:46 | INFO    | holoqpi.engine.trainer |   epoch 20 step 20/140 loss=0.2557
19:42:50 | INFO    | holoqpi.engine.trainer |   epoch 20 step 40/140 loss=0.3395
19:42:55 | INFO    | holoqpi.engine.trainer |   epoch 20 step 60/140 loss=0.4014
19:42:59 | INFO    | holoqpi.engine.trainer |   epoch 20 step 80/140 loss=0.3720
19:43:04 | INFO    | holoqpi.engine.trainer |   epoch 20 step 100/140 loss=0.3407
19:43:08 | INFO    | holoqpi.engine.trainer |   epoch 20 step 120/140 loss=0.3424
19:44:03 | INFO    | holoqpi.engine.trainer |   new best composite=0.8093
19:44:03 | INFO    | holoqpi.engine.trainer | epoch 20/60 (82s = 31s train + 51s val) | train_loss=0.3503  val_phase_mae=0.1742  val_dice=0.8198  val_cls_acc=nan  val_mass_mape=0.1881
19:44:04 | INFO    | holoqpi.engine.trainer |   epoch 21 step 0/140 loss=0.3190
19:44:08 | INFO    | holoqpi.engine.trainer |   epoch 21 step 20/140 loss=0.3160
19:44:13 | INFO    | holoqpi.engine.trainer |   epoch 21 step 40/140 loss=0.2849
19:44:17 | INFO    | holoqpi.engine.trainer |   epoch 21 step 60/140 loss=0.3924
19:44:22 | INFO    | holoqpi.engine.trainer |   epoch 21 step 80/140 loss=0.4485
19:44:26 | INFO    | holoqpi.engine.trainer |   epoch 21 step 100/140 loss=0.3658
19:44:31 | INFO    | holoqpi.engine.trainer |   epoch 21 step 120/140 loss=0.3258
19:45:26 | INFO    | holoqpi.engine.trainer |   new best composite=0.8111
19:45:26 | INFO    | holoqpi.engine.trainer | epoch 21/60 (82s = 31s train + 51s val) | train_loss=0.3399  val_phase_mae=0.1647  val_dice=0.8248  val_cls_acc=nan  val_mass_mape=0.1909
19:45:27 | INFO    | holoqpi.engine.trainer |   epoch 22 step 0/140 loss=0.3019
19:45:31 | INFO    | holoqpi.engine.trainer |   epoch 22 step 20/140 loss=0.3291
19:45:36 | INFO    | holoqpi.engine.trainer |   epoch 22 step 40/140 loss=0.3456
19:45:40 | INFO    | holoqpi.engine.trainer |   epoch 22 step 60/140 loss=0.3555
19:45:44 | INFO    | holoqpi.engine.trainer |   epoch 22 step 80/140 loss=0.3204
19:45:49 | INFO    | holoqpi.engine.trainer |   epoch 22 step 100/140 loss=0.3714
19:45:53 | INFO    | holoqpi.engine.trainer |   epoch 22 step 120/140 loss=0.3184
19:46:48 | INFO    | holoqpi.engine.trainer | epoch 22/60 (82s = 31s train + 51s val) | train_loss=0.3439  val_phase_mae=0.1613  val_dice=0.8227  val_cls_acc=nan  val_mass_mape=0.1927
19:46:49 | INFO    | holoqpi.engine.trainer |   epoch 23 step 0/140 loss=0.3793
19:46:53 | INFO    | holoqpi.engine.trainer |   epoch 23 step 20/140 loss=0.3233
19:46:57 | INFO    | holoqpi.engine.trainer |   epoch 23 step 40/140 loss=0.3054
19:47:02 | INFO    | holoqpi.engine.trainer |   epoch 23 step 60/140 loss=0.4035
19:47:06 | INFO    | holoqpi.engine.trainer |   epoch 23 step 80/140 loss=0.3397
19:47:11 | INFO    | holoqpi.engine.trainer |   epoch 23 step 100/140 loss=0.2911
19:47:15 | INFO    | holoqpi.engine.trainer |   epoch 23 step 120/140 loss=0.3582
19:48:10 | INFO    | holoqpi.engine.trainer | epoch 23/60 (82s = 31s train + 51s val) | train_loss=0.3428  val_phase_mae=0.1690  val_dice=0.8231  val_cls_acc=nan  val_mass_mape=0.2012
19:48:11 | INFO    | holoqpi.engine.trainer |   epoch 24 step 0/140 loss=0.3251
19:48:15 | INFO    | holoqpi.engine.trainer |   epoch 24 step 20/140 loss=0.4915
19:48:19 | INFO    | holoqpi.engine.trainer |   epoch 24 step 40/140 loss=0.3782
19:48:23 | INFO    | holoqpi.engine.trainer |   epoch 24 step 60/140 loss=0.3368
19:48:28 | INFO    | holoqpi.engine.trainer |   epoch 24 step 80/140 loss=0.5007
19:48:33 | INFO    | holoqpi.engine.trainer |   epoch 24 step 100/140 loss=0.3400
19:48:37 | INFO    | holoqpi.engine.trainer |   epoch 24 step 120/140 loss=0.3446
19:49:32 | INFO    | holoqpi.engine.trainer | epoch 24/60 (82s = 31s train + 51s val) | train_loss=0.3419  val_phase_mae=0.1710  val_dice=0.8224  val_cls_acc=nan  val_mass_mape=0.2157
19:49:33 | INFO    | holoqpi.engine.trainer |   epoch 25 step 0/140 loss=0.2905
19:49:37 | INFO    | holoqpi.engine.trainer |   epoch 25 step 20/140 loss=0.3548
19:49:41 | INFO    | holoqpi.engine.trainer |   epoch 25 step 40/140 loss=0.3279
19:49:46 | INFO    | holoqpi.engine.trainer |   epoch 25 step 60/140 loss=0.3193
19:49:50 | INFO    | holoqpi.engine.trainer |   epoch 25 step 80/140 loss=0.2790
19:49:54 | INFO    | holoqpi.engine.trainer |   epoch 25 step 100/140 loss=0.3743
19:49:59 | INFO    | holoqpi.engine.trainer |   epoch 25 step 120/140 loss=0.3241
19:50:53 | INFO    | holoqpi.engine.trainer | epoch 25/60 (81s = 31s train + 51s val) | train_loss=0.3330  val_phase_mae=0.1629  val_dice=0.8195  val_cls_acc=nan  val_mass_mape=0.1982
19:50:54 | INFO    | holoqpi.engine.trainer |   epoch 26 step 0/140 loss=0.3556
19:50:58 | INFO    | holoqpi.engine.trainer |   epoch 26 step 20/140 loss=0.3345
19:51:03 | INFO    | holoqpi.engine.trainer |   epoch 26 step 40/140 loss=0.3407
19:51:07 | INFO    | holoqpi.engine.trainer |   epoch 26 step 60/140 loss=0.2832
19:51:12 | INFO    | holoqpi.engine.trainer |   epoch 26 step 80/140 loss=0.2789
19:51:16 | INFO    | holoqpi.engine.trainer |   epoch 26 step 100/140 loss=0.3106
19:51:21 | INFO    | holoqpi.engine.trainer |   epoch 26 step 120/140 loss=0.3230
19:52:16 | INFO    | holoqpi.engine.trainer | epoch 26/60 (82s = 31s train + 51s val) | train_loss=0.3285  val_phase_mae=0.1703  val_dice=0.8245  val_cls_acc=nan  val_mass_mape=0.2034
19:52:17 | INFO    | holoqpi.engine.trainer |   epoch 27 step 0/140 loss=0.3400
19:52:21 | INFO    | holoqpi.engine.trainer |   epoch 27 step 20/140 loss=0.3827
19:52:25 | INFO    | holoqpi.engine.trainer |   epoch 27 step 40/140 loss=0.3884
19:52:29 | INFO    | holoqpi.engine.trainer |   epoch 27 step 60/140 loss=0.3047
19:52:34 | INFO    | holoqpi.engine.trainer |   epoch 27 step 80/140 loss=0.2850
19:52:38 | INFO    | holoqpi.engine.trainer |   epoch 27 step 100/140 loss=0.3085
19:52:43 | INFO    | holoqpi.engine.trainer |   epoch 27 step 120/140 loss=0.3327
19:53:37 | INFO    | holoqpi.engine.trainer | epoch 27/60 (82s = 30s train + 51s val) | train_loss=0.3297  val_phase_mae=0.1790  val_dice=0.8235  val_cls_acc=nan  val_mass_mape=0.2438
19:53:39 | INFO    | holoqpi.engine.trainer |   epoch 28 step 0/140 loss=0.3485
19:53:43 | INFO    | holoqpi.engine.trainer |   epoch 28 step 20/140 loss=0.3820
19:53:47 | INFO    | holoqpi.engine.trainer |   epoch 28 step 40/140 loss=0.3394
19:53:51 | INFO    | holoqpi.engine.trainer |   epoch 28 step 60/140 loss=0.3232
19:53:55 | INFO    | holoqpi.engine.trainer |   epoch 28 step 80/140 loss=0.4447
19:54:00 | INFO    | holoqpi.engine.trainer |   epoch 28 step 100/140 loss=0.3599
19:54:04 | INFO    | holoqpi.engine.trainer |   epoch 28 step 120/140 loss=0.3129
19:55:00 | INFO    | holoqpi.engine.trainer |   new best composite=0.8113
19:55:00 | INFO    | holoqpi.engine.trainer | epoch 28/60 (82s = 31s train + 52s val) | train_loss=0.3294  val_phase_mae=0.1667  val_dice=0.8266  val_cls_acc=nan  val_mass_mape=0.1874
19:55:01 | INFO    | holoqpi.engine.trainer |   epoch 29 step 0/140 loss=0.3773
19:55:05 | INFO    | holoqpi.engine.trainer |   epoch 29 step 20/140 loss=0.2958
19:55:09 | INFO    | holoqpi.engine.trainer |   epoch 29 step 40/140 loss=0.3568
19:55:13 | INFO    | holoqpi.engine.trainer |   epoch 29 step 60/140 loss=0.3213
19:55:18 | INFO    | holoqpi.engine.trainer |   epoch 29 step 80/140 loss=0.3150
19:55:23 | INFO    | holoqpi.engine.trainer |   epoch 29 step 100/140 loss=0.3095
19:55:27 | INFO    | holoqpi.engine.trainer |   epoch 29 step 120/140 loss=0.3165
19:56:22 | INFO    | holoqpi.engine.trainer | epoch 29/60 (82s = 31s train + 51s val) | train_loss=0.3284  val_phase_mae=0.1760  val_dice=0.8264  val_cls_acc=nan  val_mass_mape=0.2333
19:56:23 | INFO    | holoqpi.engine.trainer |   epoch 30 step 0/140 loss=0.3523
19:56:27 | INFO    | holoqpi.engine.trainer |   epoch 30 step 20/140 loss=0.2847
19:56:31 | INFO    | holoqpi.engine.trainer |   epoch 30 step 40/140 loss=0.4053
19:56:36 | INFO    | holoqpi.engine.trainer |   epoch 30 step 60/140 loss=0.3175
19:56:40 | INFO    | holoqpi.engine.trainer |   epoch 30 step 80/140 loss=0.4816
19:56:45 | INFO    | holoqpi.engine.trainer |   epoch 30 step 100/140 loss=0.2790
19:56:49 | INFO    | holoqpi.engine.trainer |   epoch 30 step 120/140 loss=0.3016
19:57:44 | INFO    | holoqpi.engine.trainer |   new best composite=0.8117
19:57:44 | INFO    | holoqpi.engine.trainer | epoch 30/60 (82s = 31s train + 51s val) | train_loss=0.3239  val_phase_mae=0.1677  val_dice=0.8250  val_cls_acc=nan  val_mass_mape=0.1832
19:57:45 | INFO    | holoqpi.engine.trainer |   epoch 31 step 0/140 loss=0.4066
19:57:49 | INFO    | holoqpi.engine.trainer |   epoch 31 step 20/140 loss=0.2775
19:57:53 | INFO    | holoqpi.engine.trainer |   epoch 31 step 40/140 loss=0.3024
19:57:58 | INFO    | holoqpi.engine.trainer |   epoch 31 step 60/140 loss=0.3107
19:58:02 | INFO    | holoqpi.engine.trainer |   epoch 31 step 80/140 loss=0.3360
19:58:07 | INFO    | holoqpi.engine.trainer |   epoch 31 step 100/140 loss=0.2874
19:58:11 | INFO    | holoqpi.engine.trainer |   epoch 31 step 120/140 loss=0.3229
19:59:06 | INFO    | holoqpi.engine.trainer | epoch 31/60 (82s = 31s train + 51s val) | train_loss=0.3228  val_phase_mae=0.1690  val_dice=0.8269  val_cls_acc=nan  val_mass_mape=0.1999
19:59:07 | INFO    | holoqpi.engine.trainer |   epoch 32 step 0/140 loss=0.2974
19:59:11 | INFO    | holoqpi.engine.trainer |   epoch 32 step 20/140 loss=0.2800
19:59:15 | INFO    | holoqpi.engine.trainer |   epoch 32 step 40/140 loss=0.2786
19:59:20 | INFO    | holoqpi.engine.trainer |   epoch 32 step 60/140 loss=0.3585
19:59:24 | INFO    | holoqpi.engine.trainer |   epoch 32 step 80/140 loss=0.3343
19:59:29 | INFO    | holoqpi.engine.trainer |   epoch 32 step 100/140 loss=0.2595
19:59:33 | INFO    | holoqpi.engine.trainer |   epoch 32 step 120/140 loss=0.3156
20:00:28 | INFO    | holoqpi.engine.trainer |   new best composite=0.8139
20:00:28 | INFO    | holoqpi.engine.trainer | epoch 32/60 (82s = 31s train + 51s val) | train_loss=0.3206  val_phase_mae=0.1659  val_dice=0.8271  val_cls_acc=nan  val_mass_mape=0.1834
20:00:29 | INFO    | holoqpi.engine.trainer |   epoch 33 step 0/140 loss=0.3162
20:00:34 | INFO    | holoqpi.engine.trainer |   epoch 33 step 20/140 loss=0.3035
20:00:38 | INFO    | holoqpi.engine.trainer |   epoch 33 step 40/140 loss=0.3979
20:00:42 | INFO    | holoqpi.engine.trainer |   epoch 33 step 60/140 loss=0.3309
20:00:46 | INFO    | holoqpi.engine.trainer |   epoch 33 step 80/140 loss=0.2695
20:00:51 | INFO    | holoqpi.engine.trainer |   epoch 33 step 100/140 loss=0.2657
20:00:55 | INFO    | holoqpi.engine.trainer |   epoch 33 step 120/140 loss=0.3082
20:01:51 | INFO    | holoqpi.engine.trainer |   new best composite=0.8147
20:01:51 | INFO    | holoqpi.engine.trainer | epoch 33/60 (82s = 31s train + 51s val) | train_loss=0.3115  val_phase_mae=0.1637  val_dice=0.8282  val_cls_acc=nan  val_mass_mape=0.1823
20:01:52 | INFO    | holoqpi.engine.trainer |   epoch 34 step 0/140 loss=0.3010
20:01:56 | INFO    | holoqpi.engine.trainer |   epoch 34 step 20/140 loss=0.3116
20:02:00 | INFO    | holoqpi.engine.trainer |   epoch 34 step 40/140 loss=0.3561
20:02:04 | INFO    | holoqpi.engine.trainer |   epoch 34 step 60/140 loss=0.3041
20:02:08 | INFO    | holoqpi.engine.trainer |   epoch 34 step 80/140 loss=0.3038
20:02:13 | INFO    | holoqpi.engine.trainer |   epoch 34 step 100/140 loss=0.2958
20:02:17 | INFO    | holoqpi.engine.trainer |   epoch 34 step 120/140 loss=0.2965
20:03:13 | INFO    | holoqpi.engine.trainer | epoch 34/60 (82s = 30s train + 52s val) | train_loss=0.3218  val_phase_mae=0.1663  val_dice=0.8257  val_cls_acc=nan  val_mass_mape=0.2178
20:03:14 | INFO    | holoqpi.engine.trainer |   epoch 35 step 0/140 loss=0.2878
20:03:18 | INFO    | holoqpi.engine.trainer |   epoch 35 step 20/140 loss=0.3774
20:03:22 | INFO    | holoqpi.engine.trainer |   epoch 35 step 40/140 loss=0.3139
20:03:26 | INFO    | holoqpi.engine.trainer |   epoch 35 step 60/140 loss=0.3015
20:03:31 | INFO    | holoqpi.engine.trainer |   epoch 35 step 80/140 loss=0.2784
20:03:35 | INFO    | holoqpi.engine.trainer |   epoch 35 step 100/140 loss=0.2961
20:03:40 | INFO    | holoqpi.engine.trainer |   epoch 35 step 120/140 loss=0.2886
20:04:35 | INFO    | holoqpi.engine.trainer | epoch 35/60 (82s = 31s train + 52s val) | train_loss=0.3195  val_phase_mae=0.1736  val_dice=0.8175  val_cls_acc=nan  val_mass_mape=0.2305
20:04:36 | INFO    | holoqpi.engine.trainer |   epoch 36 step 0/140 loss=0.3293
20:04:41 | INFO    | holoqpi.engine.trainer |   epoch 36 step 20/140 loss=0.2925
20:04:45 | INFO    | holoqpi.engine.trainer |   epoch 36 step 40/140 loss=0.2544
20:04:49 | INFO    | holoqpi.engine.trainer |   epoch 36 step 60/140 loss=0.2733
20:04:53 | INFO    | holoqpi.engine.trainer |   epoch 36 step 80/140 loss=0.3027
20:04:58 | INFO    | holoqpi.engine.trainer |   epoch 36 step 100/140 loss=0.3973
20:05:03 | INFO    | holoqpi.engine.trainer |   epoch 36 step 120/140 loss=0.3570
20:05:58 | INFO    | holoqpi.engine.trainer | epoch 36/60 (82s = 31s train + 51s val) | train_loss=0.3125  val_phase_mae=0.1670  val_dice=0.8274  val_cls_acc=nan  val_mass_mape=0.1791
20:05:59 | INFO    | holoqpi.engine.trainer |   epoch 37 step 0/140 loss=0.2696
20:06:03 | INFO    | holoqpi.engine.trainer |   epoch 37 step 20/140 loss=0.3723
20:06:07 | INFO    | holoqpi.engine.trainer |   epoch 37 step 40/140 loss=0.3122
20:06:11 | INFO    | holoqpi.engine.trainer |   epoch 37 step 60/140 loss=0.2841
20:06:16 | INFO    | holoqpi.engine.trainer |   epoch 37 step 80/140 loss=0.2757
20:06:20 | INFO    | holoqpi.engine.trainer |   epoch 37 step 100/140 loss=0.3925
20:06:25 | INFO    | holoqpi.engine.trainer |   epoch 37 step 120/140 loss=0.3243
20:07:19 | INFO    | holoqpi.engine.trainer | epoch 37/60 (82s = 31s train + 51s val) | train_loss=0.3133  val_phase_mae=0.1802  val_dice=0.8241  val_cls_acc=nan  val_mass_mape=0.2276
20:07:20 | INFO    | holoqpi.engine.trainer |   epoch 38 step 0/140 loss=0.4322
20:07:24 | INFO    | holoqpi.engine.trainer |   epoch 38 step 20/140 loss=0.3121
20:07:28 | INFO    | holoqpi.engine.trainer |   epoch 38 step 40/140 loss=0.3254
20:07:32 | INFO    | holoqpi.engine.trainer |   epoch 38 step 60/140 loss=0.3059
20:07:37 | INFO    | holoqpi.engine.trainer |   epoch 38 step 80/140 loss=0.2593
20:07:41 | INFO    | holoqpi.engine.trainer |   epoch 38 step 100/140 loss=0.3667
20:07:46 | INFO    | holoqpi.engine.trainer |   epoch 38 step 120/140 loss=0.3209
20:08:41 | INFO    | holoqpi.engine.trainer | epoch 38/60 (82s = 30s train + 51s val) | train_loss=0.3088  val_phase_mae=0.1652  val_dice=0.8254  val_cls_acc=nan  val_mass_mape=0.1855
20:08:42 | INFO    | holoqpi.engine.trainer |   epoch 39 step 0/140 loss=0.3211
20:08:46 | INFO    | holoqpi.engine.trainer |   epoch 39 step 20/140 loss=0.2567
20:08:50 | INFO    | holoqpi.engine.trainer |   epoch 39 step 40/140 loss=0.3143
20:08:54 | INFO    | holoqpi.engine.trainer |   epoch 39 step 60/140 loss=0.2807
20:08:59 | INFO    | holoqpi.engine.trainer |   epoch 39 step 80/140 loss=0.3681
20:09:03 | INFO    | holoqpi.engine.trainer |   epoch 39 step 100/140 loss=0.3493
20:09:08 | INFO    | holoqpi.engine.trainer |   epoch 39 step 120/140 loss=0.3614
20:10:03 | INFO    | holoqpi.engine.trainer | epoch 39/60 (82s = 30s train + 52s val) | train_loss=0.3137  val_phase_mae=0.1663  val_dice=0.8285  val_cls_acc=nan  val_mass_mape=0.2177
20:10:04 | INFO    | holoqpi.engine.trainer |   epoch 40 step 0/140 loss=0.3201
20:10:08 | INFO    | holoqpi.engine.trainer |   epoch 40 step 20/140 loss=0.2656
20:10:12 | INFO    | holoqpi.engine.trainer |   epoch 40 step 40/140 loss=0.3020
20:10:16 | INFO    | holoqpi.engine.trainer |   epoch 40 step 60/140 loss=0.3005
20:10:20 | INFO    | holoqpi.engine.trainer |   epoch 40 step 80/140 loss=0.3176
20:10:25 | INFO    | holoqpi.engine.trainer |   epoch 40 step 100/140 loss=0.2717
20:10:29 | INFO    | holoqpi.engine.trainer |   epoch 40 step 120/140 loss=0.2944
20:11:24 | INFO    | holoqpi.engine.trainer | epoch 40/60 (82s = 30s train + 51s val) | train_loss=0.3083  val_phase_mae=0.1649  val_dice=0.8250  val_cls_acc=nan  val_mass_mape=0.1911
20:11:25 | INFO    | holoqpi.engine.trainer |   epoch 41 step 0/140 loss=0.3381
20:11:29 | INFO    | holoqpi.engine.trainer |   epoch 41 step 20/140 loss=0.2858
20:11:34 | INFO    | holoqpi.engine.trainer |   epoch 41 step 40/140 loss=0.2883
20:11:38 | INFO    | holoqpi.engine.trainer |   epoch 41 step 60/140 loss=0.3473
20:11:42 | INFO    | holoqpi.engine.trainer |   epoch 41 step 80/140 loss=0.2839
20:11:46 | INFO    | holoqpi.engine.trainer |   epoch 41 step 100/140 loss=0.2852
20:11:51 | INFO    | holoqpi.engine.trainer |   epoch 41 step 120/140 loss=0.3049
20:12:46 | INFO    | holoqpi.engine.trainer | epoch 41/60 (82s = 30s train + 51s val) | train_loss=0.3062  val_phase_mae=0.1703  val_dice=0.8271  val_cls_acc=nan  val_mass_mape=0.2154
20:12:47 | INFO    | holoqpi.engine.trainer |   epoch 42 step 0/140 loss=0.3061
20:12:51 | INFO    | holoqpi.engine.trainer |   epoch 42 step 20/140 loss=0.2936
20:12:55 | INFO    | holoqpi.engine.trainer |   epoch 42 step 40/140 loss=0.3283
20:12:59 | INFO    | holoqpi.engine.trainer |   epoch 42 step 60/140 loss=0.3153
20:13:04 | INFO    | holoqpi.engine.trainer |   epoch 42 step 80/140 loss=0.2729
20:13:08 | INFO    | holoqpi.engine.trainer |   epoch 42 step 100/140 loss=0.3076
20:13:12 | INFO    | holoqpi.engine.trainer |   epoch 42 step 120/140 loss=0.2856
20:14:07 | INFO    | holoqpi.engine.trainer | epoch 42/60 (81s = 30s train + 51s val) | train_loss=0.3014  val_phase_mae=0.1656  val_dice=0.8276  val_cls_acc=nan  val_mass_mape=0.1845
20:14:08 | INFO    | holoqpi.engine.trainer |   epoch 43 step 0/140 loss=0.4207
20:14:12 | INFO    | holoqpi.engine.trainer |   epoch 43 step 20/140 loss=0.2752
20:14:16 | INFO    | holoqpi.engine.trainer |   epoch 43 step 40/140 loss=0.3217
20:14:21 | INFO    | holoqpi.engine.trainer |   epoch 43 step 60/140 loss=0.2658
20:14:25 | INFO    | holoqpi.engine.trainer |   epoch 43 step 80/140 loss=0.2527
20:14:29 | INFO    | holoqpi.engine.trainer |   epoch 43 step 100/140 loss=0.2899
20:14:34 | INFO    | holoqpi.engine.trainer |   epoch 43 step 120/140 loss=0.2758
20:15:29 | INFO    | holoqpi.engine.trainer | epoch 43/60 (81s = 30s train + 51s val) | train_loss=0.3068  val_phase_mae=0.1642  val_dice=0.8290  val_cls_acc=nan  val_mass_mape=0.1894
20:15:30 | INFO    | holoqpi.engine.trainer |   epoch 44 step 0/140 loss=0.2977
20:15:34 | INFO    | holoqpi.engine.trainer |   epoch 44 step 20/140 loss=0.2684
20:15:38 | INFO    | holoqpi.engine.trainer |   epoch 44 step 40/140 loss=0.3713
20:15:42 | INFO    | holoqpi.engine.trainer |   epoch 44 step 60/140 loss=0.3154
20:15:47 | INFO    | holoqpi.engine.trainer |   epoch 44 step 80/140 loss=0.2881
20:15:51 | INFO    | holoqpi.engine.trainer |   epoch 44 step 100/140 loss=0.3383
20:15:55 | INFO    | holoqpi.engine.trainer |   epoch 44 step 120/140 loss=0.2775
20:16:51 | INFO    | holoqpi.engine.trainer | epoch 44/60 (82s = 30s train + 52s val) | train_loss=0.2959  val_phase_mae=0.1623  val_dice=0.8289  val_cls_acc=nan  val_mass_mape=0.1794
20:16:52 | INFO    | holoqpi.engine.trainer |   epoch 45 step 0/140 loss=0.2645
20:16:56 | INFO    | holoqpi.engine.trainer |   epoch 45 step 20/140 loss=0.2665
20:17:00 | INFO    | holoqpi.engine.trainer |   epoch 45 step 40/140 loss=0.2507
20:17:04 | INFO    | holoqpi.engine.trainer |   epoch 45 step 60/140 loss=0.3197
20:17:08 | INFO    | holoqpi.engine.trainer |   epoch 45 step 80/140 loss=0.3396
20:17:12 | INFO    | holoqpi.engine.trainer |   epoch 45 step 100/140 loss=0.2711
20:17:17 | INFO    | holoqpi.engine.trainer |   epoch 45 step 120/140 loss=0.2861
20:18:12 | INFO    | holoqpi.engine.trainer | epoch 45/60 (81s = 30s train + 51s val) | train_loss=0.3017  val_phase_mae=0.1632  val_dice=0.8269  val_cls_acc=nan  val_mass_mape=0.1891
20:18:13 | INFO    | holoqpi.engine.trainer |   epoch 46 step 0/140 loss=0.2195
20:18:17 | INFO    | holoqpi.engine.trainer |   epoch 46 step 20/140 loss=0.2321
20:18:21 | INFO    | holoqpi.engine.trainer |   epoch 46 step 40/140 loss=0.3091
20:18:25 | INFO    | holoqpi.engine.trainer |   epoch 46 step 60/140 loss=0.2450
20:18:29 | INFO    | holoqpi.engine.trainer |   epoch 46 step 80/140 loss=0.2645
20:18:34 | INFO    | holoqpi.engine.trainer |   epoch 46 step 100/140 loss=0.2714
20:18:38 | INFO    | holoqpi.engine.trainer |   epoch 46 step 120/140 loss=0.3782
20:19:34 | INFO    | holoqpi.engine.trainer | epoch 46/60 (82s = 30s train + 52s val) | train_loss=0.3025  val_phase_mae=0.1631  val_dice=0.8269  val_cls_acc=nan  val_mass_mape=0.1923
20:19:35 | INFO    | holoqpi.engine.trainer |   epoch 47 step 0/140 loss=0.3588
20:19:39 | INFO    | holoqpi.engine.trainer |   epoch 47 step 20/140 loss=0.2830
20:19:43 | INFO    | holoqpi.engine.trainer |   epoch 47 step 40/140 loss=0.2818
20:19:47 | INFO    | holoqpi.engine.trainer |   epoch 47 step 60/140 loss=0.3298
20:19:52 | INFO    | holoqpi.engine.trainer |   epoch 47 step 80/140 loss=0.3051
20:19:56 | INFO    | holoqpi.engine.trainer |   epoch 47 step 100/140 loss=0.2698
20:20:00 | INFO    | holoqpi.engine.trainer |   epoch 47 step 120/140 loss=0.3987
20:20:56 | INFO    | holoqpi.engine.trainer | epoch 47/60 (82s = 30s train + 52s val) | train_loss=0.2967  val_phase_mae=0.1628  val_dice=0.8282  val_cls_acc=nan  val_mass_mape=0.1856
20:20:57 | INFO    | holoqpi.engine.trainer |   epoch 48 step 0/140 loss=0.2643
20:21:01 | INFO    | holoqpi.engine.trainer |   epoch 48 step 20/140 loss=0.2760
20:21:05 | INFO    | holoqpi.engine.trainer |   epoch 48 step 40/140 loss=0.2945
20:21:09 | INFO    | holoqpi.engine.trainer |   epoch 48 step 60/140 loss=0.2825
20:21:13 | INFO    | holoqpi.engine.trainer |   epoch 48 step 80/140 loss=0.3625
20:21:17 | INFO    | holoqpi.engine.trainer |   epoch 48 step 100/140 loss=0.2784
20:21:22 | INFO    | holoqpi.engine.trainer |   epoch 48 step 120/140 loss=0.3043
20:22:17 | INFO    | holoqpi.engine.trainer | epoch 48/60 (81s = 30s train + 51s val) | train_loss=0.2978  val_phase_mae=0.1625  val_dice=0.8269  val_cls_acc=nan  val_mass_mape=0.1900
20:22:18 | INFO    | holoqpi.engine.trainer |   epoch 49 step 0/140 loss=0.5064
20:22:22 | INFO    | holoqpi.engine.trainer |   epoch 49 step 20/140 loss=0.3090
20:22:26 | INFO    | holoqpi.engine.trainer |   epoch 49 step 40/140 loss=0.3201
20:22:30 | INFO    | holoqpi.engine.trainer |   epoch 49 step 60/140 loss=0.2599
20:22:34 | INFO    | holoqpi.engine.trainer |   epoch 49 step 80/140 loss=0.2987
20:22:39 | INFO    | holoqpi.engine.trainer |   epoch 49 step 100/140 loss=0.4270
20:22:43 | INFO    | holoqpi.engine.trainer |   epoch 49 step 120/140 loss=0.3336
20:23:38 | INFO    | holoqpi.engine.trainer | epoch 49/60 (81s = 30s train + 52s val) | train_loss=0.2990  val_phase_mae=0.1600  val_dice=0.8261  val_cls_acc=nan  val_mass_mape=0.1868
20:23:39 | INFO    | holoqpi.engine.trainer |   epoch 50 step 0/140 loss=0.2497
20:23:43 | INFO    | holoqpi.engine.trainer |   epoch 50 step 20/140 loss=0.2631
20:23:47 | INFO    | holoqpi.engine.trainer |   epoch 50 step 40/140 loss=0.2902
20:23:52 | INFO    | holoqpi.engine.trainer |   epoch 50 step 60/140 loss=0.2963
20:23:56 | INFO    | holoqpi.engine.trainer |   epoch 50 step 80/140 loss=0.2665
20:24:00 | INFO    | holoqpi.engine.trainer |   epoch 50 step 100/140 loss=0.3201
20:24:04 | INFO    | holoqpi.engine.trainer |   epoch 50 step 120/140 loss=0.2912
20:25:00 | INFO    | holoqpi.engine.trainer |   new best composite=0.8152
20:25:00 | INFO    | holoqpi.engine.trainer | epoch 50/60 (81s = 30s train + 52s val) | train_loss=0.2993  val_phase_mae=0.1598  val_dice=0.8282  val_cls_acc=nan  val_mass_mape=0.1737
20:25:01 | INFO    | holoqpi.engine.trainer |   epoch 51 step 0/140 loss=0.2462
20:25:05 | INFO    | holoqpi.engine.trainer |   epoch 51 step 20/140 loss=0.2977
20:25:10 | INFO    | holoqpi.engine.trainer |   epoch 51 step 40/140 loss=0.3105
20:25:14 | INFO    | holoqpi.engine.trainer |   epoch 51 step 60/140 loss=0.2655
20:25:18 | INFO    | holoqpi.engine.trainer |   epoch 51 step 80/140 loss=0.2612
20:25:22 | INFO    | holoqpi.engine.trainer |   epoch 51 step 100/140 loss=0.2668
20:25:26 | INFO    | holoqpi.engine.trainer |   epoch 51 step 120/140 loss=0.2959
20:26:21 | INFO    | holoqpi.engine.trainer | epoch 51/60 (81s = 30s train + 51s val) | train_loss=0.2927  val_phase_mae=0.1629  val_dice=0.8286  val_cls_acc=nan  val_mass_mape=0.1825
20:26:22 | INFO    | holoqpi.engine.trainer |   epoch 52 step 0/140 loss=0.2620
20:26:26 | INFO    | holoqpi.engine.trainer |   epoch 52 step 20/140 loss=0.2519
20:26:30 | INFO    | holoqpi.engine.trainer |   epoch 52 step 40/140 loss=0.2960
20:26:34 | INFO    | holoqpi.engine.trainer |   epoch 52 step 60/140 loss=0.2904
20:26:39 | INFO    | holoqpi.engine.trainer |   epoch 52 step 80/140 loss=0.3190
20:26:43 | INFO    | holoqpi.engine.trainer |   epoch 52 step 100/140 loss=0.2528
20:26:47 | INFO    | holoqpi.engine.trainer |   epoch 52 step 120/140 loss=0.2858
20:27:43 | INFO    | holoqpi.engine.trainer | epoch 52/60 (81s = 30s train + 52s val) | train_loss=0.2954  val_phase_mae=0.1616  val_dice=0.8276  val_cls_acc=nan  val_mass_mape=0.1758
20:27:44 | INFO    | holoqpi.engine.trainer |   epoch 53 step 0/140 loss=0.2835
20:27:48 | INFO    | holoqpi.engine.trainer |   epoch 53 step 20/140 loss=0.2636
20:27:52 | INFO    | holoqpi.engine.trainer |   epoch 53 step 40/140 loss=0.3392
20:27:56 | INFO    | holoqpi.engine.trainer |   epoch 53 step 60/140 loss=0.3003
20:28:00 | INFO    | holoqpi.engine.trainer |   epoch 53 step 80/140 loss=0.2593
20:28:04 | INFO    | holoqpi.engine.trainer |   epoch 53 step 100/140 loss=0.2839
20:28:08 | INFO    | holoqpi.engine.trainer |   epoch 53 step 120/140 loss=0.3149
20:29:04 | INFO    | holoqpi.engine.trainer | epoch 53/60 (82s = 30s train + 52s val) | train_loss=0.2969  val_phase_mae=0.1631  val_dice=0.8277  val_cls_acc=nan  val_mass_mape=0.1742
20:29:05 | INFO    | holoqpi.engine.trainer |   epoch 54 step 0/140 loss=0.4147
20:29:09 | INFO    | holoqpi.engine.trainer |   epoch 54 step 20/140 loss=0.3370
20:29:14 | INFO    | holoqpi.engine.trainer |   epoch 54 step 40/140 loss=0.3262
20:29:18 | INFO    | holoqpi.engine.trainer |   epoch 54 step 60/140 loss=0.2723
20:29:22 | INFO    | holoqpi.engine.trainer |   epoch 54 step 80/140 loss=0.2640
20:29:26 | INFO    | holoqpi.engine.trainer |   epoch 54 step 100/140 loss=0.3703
20:29:30 | INFO    | holoqpi.engine.trainer |   epoch 54 step 120/140 loss=0.2583
20:30:26 | INFO    | holoqpi.engine.trainer | epoch 54/60 (81s = 29s train + 52s val) | train_loss=0.2963  val_phase_mae=0.1615  val_dice=0.8289  val_cls_acc=nan  val_mass_mape=0.1849
20:30:27 | INFO    | holoqpi.engine.trainer |   epoch 55 step 0/140 loss=0.2517
20:30:31 | INFO    | holoqpi.engine.trainer |   epoch 55 step 20/140 loss=0.3007
20:30:35 | INFO    | holoqpi.engine.trainer |   epoch 55 step 40/140 loss=0.2755
20:30:39 | INFO    | holoqpi.engine.trainer |   epoch 55 step 60/140 loss=0.3573
20:30:43 | INFO    | holoqpi.engine.trainer |   epoch 55 step 80/140 loss=0.2934
20:30:47 | INFO    | holoqpi.engine.trainer |   epoch 55 step 100/140 loss=0.2207
20:30:52 | INFO    | holoqpi.engine.trainer |   epoch 55 step 120/140 loss=0.2726
20:31:47 | INFO    | holoqpi.engine.trainer | epoch 55/60 (82s = 29s train + 52s val) | train_loss=0.2914  val_phase_mae=0.1652  val_dice=0.8284  val_cls_acc=nan  val_mass_mape=0.1907
20:31:48 | INFO    | holoqpi.engine.trainer |   epoch 56 step 0/140 loss=0.3265
20:31:53 | INFO    | holoqpi.engine.trainer |   epoch 56 step 20/140 loss=0.3024
20:31:57 | INFO    | holoqpi.engine.trainer |   epoch 56 step 40/140 loss=0.4108
20:32:01 | INFO    | holoqpi.engine.trainer |   epoch 56 step 60/140 loss=0.2621
20:32:05 | INFO    | holoqpi.engine.trainer |   epoch 56 step 80/140 loss=0.2692
20:32:10 | INFO    | holoqpi.engine.trainer |   epoch 56 step 100/140 loss=0.3338
20:32:14 | INFO    | holoqpi.engine.trainer |   epoch 56 step 120/140 loss=0.3127
20:33:09 | INFO    | holoqpi.engine.trainer | epoch 56/60 (82s = 30s train + 52s val) | train_loss=0.2935  val_phase_mae=0.1616  val_dice=0.8273  val_cls_acc=nan  val_mass_mape=0.1786
20:33:10 | INFO    | holoqpi.engine.trainer |   epoch 57 step 0/140 loss=0.2491
20:33:14 | INFO    | holoqpi.engine.trainer |   epoch 57 step 20/140 loss=0.5677
20:33:19 | INFO    | holoqpi.engine.trainer |   epoch 57 step 40/140 loss=0.2514
20:33:23 | INFO    | holoqpi.engine.trainer |   epoch 57 step 60/140 loss=0.2431
20:33:27 | INFO    | holoqpi.engine.trainer |   epoch 57 step 80/140 loss=0.2968
20:33:31 | INFO    | holoqpi.engine.trainer |   epoch 57 step 100/140 loss=0.2624
20:33:35 | INFO    | holoqpi.engine.trainer |   epoch 57 step 120/140 loss=0.3222
20:34:31 | INFO    | holoqpi.engine.trainer | epoch 57/60 (81s = 29s train + 52s val) | train_loss=0.2958  val_phase_mae=0.1613  val_dice=0.8296  val_cls_acc=nan  val_mass_mape=0.1854
20:34:32 | INFO    | holoqpi.engine.trainer |   epoch 58 step 0/140 loss=0.2736
20:34:36 | INFO    | holoqpi.engine.trainer |   epoch 58 step 20/140 loss=0.2851
20:34:40 | INFO    | holoqpi.engine.trainer |   epoch 58 step 40/140 loss=0.2590
20:34:44 | INFO    | holoqpi.engine.trainer |   epoch 58 step 60/140 loss=0.2457
20:34:48 | INFO    | holoqpi.engine.trainer |   epoch 58 step 80/140 loss=0.3624
20:34:52 | INFO    | holoqpi.engine.trainer |   epoch 58 step 100/140 loss=0.2597
20:34:56 | INFO    | holoqpi.engine.trainer |   epoch 58 step 120/140 loss=0.2714
20:35:54 | INFO    | holoqpi.engine.trainer | epoch 58/60 (83s = 29s train + 54s val) | train_loss=0.2976  val_phase_mae=0.1622  val_dice=0.8296  val_cls_acc=nan  val_mass_mape=0.1895
20:35:54 | INFO    | holoqpi.engine.trainer |   epoch 59 step 0/140 loss=0.2550
20:35:59 | INFO    | holoqpi.engine.trainer |   epoch 59 step 20/140 loss=0.3272
20:36:03 | INFO    | holoqpi.engine.trainer |   epoch 59 step 40/140 loss=0.2575
20:36:07 | INFO    | holoqpi.engine.trainer |   epoch 59 step 60/140 loss=0.2671
20:36:11 | INFO    | holoqpi.engine.trainer |   epoch 59 step 80/140 loss=0.2548
20:36:15 | INFO    | holoqpi.engine.trainer |   epoch 59 step 100/140 loss=0.3964
20:36:19 | INFO    | holoqpi.engine.trainer |   epoch 59 step 120/140 loss=0.3154
20:37:15 | INFO    | holoqpi.engine.trainer | epoch 59/60 (82s = 29s train + 52s val) | train_loss=0.2929  val_phase_mae=0.1610  val_dice=0.8277  val_cls_acc=nan  val_mass_mape=0.1798
20:37:16 | INFO    | holoqpi.engine.trainer |   epoch 60 step 0/140 loss=0.2979
20:37:20 | INFO    | holoqpi.engine.trainer |   epoch 60 step 20/140 loss=0.3580
20:37:24 | INFO    | holoqpi.engine.trainer |   epoch 60 step 40/140 loss=0.2824
20:37:28 | INFO    | holoqpi.engine.trainer |   epoch 60 step 60/140 loss=0.3543
20:37:33 | INFO    | holoqpi.engine.trainer |   epoch 60 step 80/140 loss=0.2775
20:37:37 | INFO    | holoqpi.engine.trainer |   epoch 60 step 100/140 loss=0.2211
20:37:41 | INFO    | holoqpi.engine.trainer |   epoch 60 step 120/140 loss=0.3238
20:38:37 | INFO    | holoqpi.engine.trainer | epoch 60/60 (82s = 29s train + 53s val) | train_loss=0.2971  val_phase_mae=0.1607  val_dice=0.8288  val_cls_acc=nan  val_mass_mape=0.1812
20:38:37 | INFO    | holoqpi.engine.trainer | training finished; best epoch 50 (composite=0.8152)
