17:09:47 | INFO    | holoqpi.engine.compare | ======================================================================
17:09:47 | INFO    | holoqpi.engine.compare | modality=off_axis  device=cuda  run_dir=runs/base_off_axis
17:09:47 | INFO    | holoqpi.engine.compare | ======================================================================
17:09:47 | INFO    | holoqpi.data.dataset | train split: 560 samples | modality=off_axis | crop=512 | augment=True
17:09:47 | INFO    | holoqpi.data.dataset | val split: 127 samples | modality=off_axis | crop=None | augment=False
17:09:47 | INFO    | holoqpi.data.dataset | test split: 113 samples | modality=off_axis | crop=None | augment=False
17:09:48 | INFO    | holoqpi.models.encoders | encoder=mobilenet_v2 in_channels=1 pretrained=True stages=[16, 24, 32, 96, 1280]
17:09:48 | INFO    | holoqpi.models.holonet | HoloQPINet built: 9.76M parameters, 9.76M trainable (100.0%)
17:09:50 | INFO    | holoqpi.engine.trainer | trainable 9.76M / 9.76M parameters (100.0%)
17:09:50 | INFO    | holoqpi.engine.trainer | active physics terms: ['phase_mask_contrast', 'boundary_gradient_alignment', 'phase_volume', 'dry_mass_consistency', 'projected_area_consistency']
17:09:56 | INFO    | holoqpi.engine.trainer |   epoch 1 step 0/140 loss=2.5160
17:09:57 | INFO    | holoqpi.engine.trainer |   epoch 1 step 20/140 loss=2.3179
17:09:59 | INFO    | holoqpi.engine.trainer |   epoch 1 step 40/140 loss=1.9214
17:10:00 | INFO    | holoqpi.engine.trainer |   epoch 1 step 60/140 loss=1.6611
17:10:02 | INFO    | holoqpi.engine.trainer |   epoch 1 step 80/140 loss=1.5521
17:10:03 | INFO    | holoqpi.engine.trainer |   epoch 1 step 100/140 loss=1.4525
17:10:05 | INFO    | holoqpi.engine.trainer |   epoch 1 step 120/140 loss=1.3362
17:10:57 | INFO    | holoqpi.engine.trainer |   new best composite=0.6312
17:10:57 | INFO    | holoqpi.engine.trainer | epoch 1/60 (67s = 16s train + 50s val) | train_loss=1.7823  val_phase_mae=0.2575  val_dice=0.6444  val_cls_acc=0.2598  val_mass_mape=0.2980
17:10:57 | INFO    | holoqpi.engine.trainer |   at this rate the full 60-epoch schedule takes about 67 min
17:10:57 | INFO    | holoqpi.engine.trainer |   epoch 2 step 0/140 loss=1.3641
17:10:59 | INFO    | holoqpi.engine.trainer |   epoch 2 step 20/140 loss=1.2837
17:11:00 | INFO    | holoqpi.engine.trainer |   epoch 2 step 40/140 loss=1.2925
17:11:02 | INFO    | holoqpi.engine.trainer |   epoch 2 step 60/140 loss=1.1420
17:11:03 | INFO    | holoqpi.engine.trainer |   epoch 2 step 80/140 loss=1.1033
17:11:05 | INFO    | holoqpi.engine.trainer |   epoch 2 step 100/140 loss=1.0464
17:11:06 | INFO    | holoqpi.engine.trainer |   epoch 2 step 120/140 loss=1.1670
17:11:55 | INFO    | holoqpi.engine.trainer |   new best composite=0.7149
17:11:55 | INFO    | holoqpi.engine.trainer | epoch 2/60 (58s = 11s train + 47s val) | train_loss=1.1692  val_phase_mae=0.2119  val_dice=0.7334  val_cls_acc=0.2441  val_mass_mape=0.2945
17:11:55 | INFO    | holoqpi.engine.trainer |   epoch 3 step 0/140 loss=1.0387
17:11:56 | INFO    | holoqpi.engine.trainer |   epoch 3 step 20/140 loss=0.8576
17:11:58 | INFO    | holoqpi.engine.trainer |   epoch 3 step 40/140 loss=0.9716
17:11:59 | INFO    | holoqpi.engine.trainer |   epoch 3 step 60/140 loss=1.0473
17:12:01 | INFO    | holoqpi.engine.trainer |   epoch 3 step 80/140 loss=0.9549
17:12:02 | INFO    | holoqpi.engine.trainer |   epoch 3 step 100/140 loss=0.9690
17:12:04 | INFO    | holoqpi.engine.trainer |   epoch 3 step 120/140 loss=0.8460
17:12:51 | INFO    | holoqpi.engine.trainer |   new best composite=0.7307
17:12:51 | INFO    | holoqpi.engine.trainer | epoch 3/60 (56s = 11s train + 45s val) | train_loss=0.9435  val_phase_mae=0.2057  val_dice=0.7474  val_cls_acc=0.2913  val_mass_mape=0.2806
17:12:51 | INFO    | holoqpi.engine.trainer |   epoch 4 step 0/140 loss=0.9457
17:12:52 | INFO    | holoqpi.engine.trainer |   epoch 4 step 20/140 loss=0.7952
17:12:54 | INFO    | holoqpi.engine.trainer |   epoch 4 step 40/140 loss=1.0509
17:12:55 | INFO    | holoqpi.engine.trainer |   epoch 4 step 60/140 loss=0.8836
17:12:57 | INFO    | holoqpi.engine.trainer |   epoch 4 step 80/140 loss=0.8899
17:12:58 | INFO    | holoqpi.engine.trainer |   epoch 4 step 100/140 loss=0.8976
17:13:00 | INFO    | holoqpi.engine.trainer |   epoch 4 step 120/140 loss=0.8355
17:13:46 | INFO    | holoqpi.engine.trainer |   new best composite=0.7626
17:13:46 | INFO    | holoqpi.engine.trainer | epoch 4/60 (55s = 11s train + 45s val) | train_loss=0.8907  val_phase_mae=0.1885  val_dice=0.7729  val_cls_acc=0.2992  val_mass_mape=0.2352
17:13:47 | INFO    | holoqpi.engine.trainer |   epoch 5 step 0/140 loss=0.8838
17:13:48 | INFO    | holoqpi.engine.trainer |   epoch 5 step 20/140 loss=0.8522
17:13:50 | INFO    | holoqpi.engine.trainer |   epoch 5 step 40/140 loss=0.8297
17:13:51 | INFO    | holoqpi.engine.trainer |   epoch 5 step 60/140 loss=0.8197
17:13:52 | INFO    | holoqpi.engine.trainer |   epoch 5 step 80/140 loss=0.8664
17:13:54 | INFO    | holoqpi.engine.trainer |   epoch 5 step 100/140 loss=0.8755
17:13:55 | INFO    | holoqpi.engine.trainer |   epoch 5 step 120/140 loss=0.7467
17:14:42 | INFO    | holoqpi.engine.trainer | epoch 5/60 (55s = 11s train + 45s val) | train_loss=0.8324  val_phase_mae=0.1905  val_dice=0.7730  val_cls_acc=0.3150  val_mass_mape=0.2343
17:14:42 | INFO    | holoqpi.engine.trainer |   epoch 6 step 0/140 loss=0.8087
17:14:44 | INFO    | holoqpi.engine.trainer |   epoch 6 step 20/140 loss=0.8922
17:14:45 | INFO    | holoqpi.engine.trainer |   epoch 6 step 40/140 loss=0.7803
17:14:46 | INFO    | holoqpi.engine.trainer |   epoch 6 step 60/140 loss=0.6679
17:14:48 | INFO    | holoqpi.engine.trainer |   epoch 6 step 80/140 loss=0.6772
17:14:50 | INFO    | holoqpi.engine.trainer |   epoch 6 step 100/140 loss=0.8779
17:14:51 | INFO    | holoqpi.engine.trainer |   epoch 6 step 120/140 loss=0.7218
17:15:36 | INFO    | holoqpi.engine.trainer | epoch 6/60 (55s = 11s train + 44s val) | train_loss=0.7956  val_phase_mae=0.1974  val_dice=0.7859  val_cls_acc=0.2520  val_mass_mape=0.3820
17:15:37 | INFO    | holoqpi.engine.trainer |   epoch 7 step 0/140 loss=0.7758
17:15:38 | INFO    | holoqpi.engine.trainer |   epoch 7 step 20/140 loss=0.7306
17:15:40 | INFO    | holoqpi.engine.trainer |   epoch 7 step 40/140 loss=0.7603
17:15:41 | INFO    | holoqpi.engine.trainer |   epoch 7 step 60/140 loss=0.6865
17:15:43 | INFO    | holoqpi.engine.trainer |   epoch 7 step 80/140 loss=0.7869
17:15:44 | INFO    | holoqpi.engine.trainer |   epoch 7 step 100/140 loss=0.8237
17:15:46 | INFO    | holoqpi.engine.trainer |   epoch 7 step 120/140 loss=0.9171
17:16:32 | INFO    | holoqpi.engine.trainer |   new best composite=0.7634
17:16:32 | INFO    | holoqpi.engine.trainer | epoch 7/60 (56s = 11s train + 45s val) | train_loss=0.7747  val_phase_mae=0.1854  val_dice=0.7912  val_cls_acc=0.3228  val_mass_mape=0.2789
17:16:33 | INFO    | holoqpi.engine.trainer |   epoch 8 step 0/140 loss=0.7390
17:16:34 | INFO    | holoqpi.engine.trainer |   epoch 8 step 20/140 loss=0.7265
17:16:35 | INFO    | holoqpi.engine.trainer |   epoch 8 step 40/140 loss=0.8626
17:16:37 | INFO    | holoqpi.engine.trainer |   epoch 8 step 60/140 loss=0.6635
17:16:39 | INFO    | holoqpi.engine.trainer |   epoch 8 step 80/140 loss=0.7149
17:16:40 | INFO    | holoqpi.engine.trainer |   epoch 8 step 100/140 loss=0.8263
17:16:42 | INFO    | holoqpi.engine.trainer |   epoch 8 step 120/140 loss=0.8113
17:17:28 | INFO    | holoqpi.engine.trainer |   new best composite=0.7765
17:17:28 | INFO    | holoqpi.engine.trainer | epoch 8/60 (55s = 11s train + 44s val) | train_loss=0.7552  val_phase_mae=0.1947  val_dice=0.7933  val_cls_acc=0.3465  val_mass_mape=0.2238
17:17:28 | INFO    | holoqpi.engine.trainer |   epoch 9 step 0/140 loss=0.7722
17:17:29 | INFO    | holoqpi.engine.trainer |   epoch 9 step 20/140 loss=0.6000
17:17:31 | INFO    | holoqpi.engine.trainer |   epoch 9 step 40/140 loss=0.6710
17:17:32 | INFO    | holoqpi.engine.trainer |   epoch 9 step 60/140 loss=0.8455
17:17:34 | INFO    | holoqpi.engine.trainer |   epoch 9 step 80/140 loss=0.8508
17:17:35 | INFO    | holoqpi.engine.trainer |   epoch 9 step 100/140 loss=0.7616
17:17:37 | INFO    | holoqpi.engine.trainer |   epoch 9 step 120/140 loss=0.8143
17:18:23 | INFO    | holoqpi.engine.trainer | epoch 9/60 (55s = 11s train + 45s val) | train_loss=0.7502  val_phase_mae=0.1803  val_dice=0.7979  val_cls_acc=0.4173  val_mass_mape=0.2813
17:18:23 | INFO    | holoqpi.engine.trainer |   epoch 10 step 0/140 loss=0.7710
17:18:25 | INFO    | holoqpi.engine.trainer |   epoch 10 step 20/140 loss=0.7404
17:18:26 | INFO    | holoqpi.engine.trainer |   epoch 10 step 40/140 loss=0.8365
17:18:28 | INFO    | holoqpi.engine.trainer |   epoch 10 step 60/140 loss=0.7888
17:18:30 | INFO    | holoqpi.engine.trainer |   epoch 10 step 80/140 loss=0.8777
17:18:31 | INFO    | holoqpi.engine.trainer |   epoch 10 step 100/140 loss=0.7711
17:18:33 | INFO    | holoqpi.engine.trainer |   epoch 10 step 120/140 loss=0.7953
17:19:19 | INFO    | holoqpi.engine.trainer |   new best composite=0.7812
17:19:19 | INFO    | holoqpi.engine.trainer | epoch 10/60 (55s = 11s train + 44s val) | train_loss=0.7418  val_phase_mae=0.1854  val_dice=0.8004  val_cls_acc=0.4409  val_mass_mape=0.2360
17:19:19 | INFO    | holoqpi.engine.trainer |   epoch 11 step 0/140 loss=0.7353
17:19:21 | INFO    | holoqpi.engine.trainer |   epoch 11 step 20/140 loss=0.7981
17:19:22 | INFO    | holoqpi.engine.trainer |   epoch 11 step 40/140 loss=1.0446
17:19:24 | INFO    | holoqpi.engine.trainer |   epoch 11 step 60/140 loss=0.7049
17:19:25 | INFO    | holoqpi.engine.trainer |   epoch 11 step 80/140 loss=0.6670
17:19:27 | INFO    | holoqpi.engine.trainer |   epoch 11 step 100/140 loss=0.6821
17:19:28 | INFO    | holoqpi.engine.trainer |   epoch 11 step 120/140 loss=0.7928
17:20:14 | INFO    | holoqpi.engine.trainer |   new best composite=0.7818
17:20:14 | INFO    | holoqpi.engine.trainer | epoch 11/60 (55s = 11s train + 44s val) | train_loss=0.7290  val_phase_mae=0.1853  val_dice=0.8024  val_cls_acc=0.2913  val_mass_mape=0.2420
17:20:14 | INFO    | holoqpi.engine.trainer |   epoch 12 step 0/140 loss=0.8200
17:20:16 | INFO    | holoqpi.engine.trainer |   epoch 12 step 20/140 loss=0.8793
17:20:17 | INFO    | holoqpi.engine.trainer |   epoch 12 step 40/140 loss=0.7175
17:20:19 | INFO    | holoqpi.engine.trainer |   epoch 12 step 60/140 loss=0.7492
17:20:20 | INFO    | holoqpi.engine.trainer |   epoch 12 step 80/140 loss=0.6375
17:20:22 | INFO    | holoqpi.engine.trainer |   epoch 12 step 100/140 loss=0.6441
17:20:23 | INFO    | holoqpi.engine.trainer |   epoch 12 step 120/140 loss=0.5922
17:21:09 | INFO    | holoqpi.engine.trainer |   new best composite=0.7897
17:21:09 | INFO    | holoqpi.engine.trainer | epoch 12/60 (55s = 11s train + 44s val) | train_loss=0.7176  val_phase_mae=0.1732  val_dice=0.8086  val_cls_acc=0.3386  val_mass_mape=0.2328
17:21:10 | INFO    | holoqpi.engine.trainer |   epoch 13 step 0/140 loss=0.6682
17:21:11 | INFO    | holoqpi.engine.trainer |   epoch 13 step 20/140 loss=0.8011
17:21:13 | INFO    | holoqpi.engine.trainer |   epoch 13 step 40/140 loss=0.7695
17:21:14 | INFO    | holoqpi.engine.trainer |   epoch 13 step 60/140 loss=0.7680
17:21:15 | INFO    | holoqpi.engine.trainer |   epoch 13 step 80/140 loss=0.6706
17:21:17 | INFO    | holoqpi.engine.trainer |   epoch 13 step 100/140 loss=0.6741
17:21:19 | INFO    | holoqpi.engine.trainer |   epoch 13 step 120/140 loss=0.6966
17:22:04 | INFO    | holoqpi.engine.trainer | epoch 13/60 (55s = 11s train + 44s val) | train_loss=0.7185  val_phase_mae=0.1793  val_dice=0.8053  val_cls_acc=0.4488  val_mass_mape=0.2315
17:22:04 | INFO    | holoqpi.engine.trainer |   epoch 14 step 0/140 loss=0.6970
17:22:06 | INFO    | holoqpi.engine.trainer |   epoch 14 step 20/140 loss=0.6328
17:22:07 | INFO    | holoqpi.engine.trainer |   epoch 14 step 40/140 loss=0.5994
17:22:09 | INFO    | holoqpi.engine.trainer |   epoch 14 step 60/140 loss=0.6178
17:22:10 | INFO    | holoqpi.engine.trainer |   epoch 14 step 80/140 loss=0.8477
17:22:12 | INFO    | holoqpi.engine.trainer |   epoch 14 step 100/140 loss=0.6472
17:22:13 | INFO    | holoqpi.engine.trainer |   epoch 14 step 120/140 loss=0.5700
17:22:59 | INFO    | holoqpi.engine.trainer | epoch 14/60 (55s = 11s train + 44s val) | train_loss=0.6970  val_phase_mae=0.1772  val_dice=0.7999  val_cls_acc=0.3622  val_mass_mape=0.2123
17:23:00 | INFO    | holoqpi.engine.trainer |   epoch 15 step 0/140 loss=0.7412
17:23:01 | INFO    | holoqpi.engine.trainer |   epoch 15 step 20/140 loss=0.6472
17:23:03 | INFO    | holoqpi.engine.trainer |   epoch 15 step 40/140 loss=0.7036
17:23:04 | INFO    | holoqpi.engine.trainer |   epoch 15 step 60/140 loss=0.6840
17:23:06 | INFO    | holoqpi.engine.trainer |   epoch 15 step 80/140 loss=0.7519
17:23:07 | INFO    | holoqpi.engine.trainer |   epoch 15 step 100/140 loss=0.5838
17:23:09 | INFO    | holoqpi.engine.trainer |   epoch 15 step 120/140 loss=0.7665
17:23:56 | INFO    | holoqpi.engine.trainer |   new best composite=0.7904
17:23:56 | INFO    | holoqpi.engine.trainer | epoch 15/60 (56s = 11s train + 45s val) | train_loss=0.6942  val_phase_mae=0.1812  val_dice=0.8115  val_cls_acc=0.5433  val_mass_mape=0.2348
17:23:56 | INFO    | holoqpi.engine.trainer |   epoch 16 step 0/140 loss=0.6140
17:23:57 | INFO    | holoqpi.engine.trainer |   epoch 16 step 20/140 loss=0.6671
17:23:59 | INFO    | holoqpi.engine.trainer |   epoch 16 step 40/140 loss=0.7330
17:24:00 | INFO    | holoqpi.engine.trainer |   epoch 16 step 60/140 loss=0.8302
17:24:02 | INFO    | holoqpi.engine.trainer |   epoch 16 step 80/140 loss=0.7259
17:24:03 | INFO    | holoqpi.engine.trainer |   epoch 16 step 100/140 loss=0.6184
17:24:05 | INFO    | holoqpi.engine.trainer |   epoch 16 step 120/140 loss=0.6509
17:24:51 | INFO    | holoqpi.engine.trainer | epoch 16/60 (55s = 10s train + 44s val) | train_loss=0.6856  val_phase_mae=0.1852  val_dice=0.8034  val_cls_acc=0.3937  val_mass_mape=0.2142
17:24:51 | INFO    | holoqpi.engine.trainer |   epoch 17 step 0/140 loss=0.9642
17:24:52 | INFO    | holoqpi.engine.trainer |   epoch 17 step 20/140 loss=0.8826
17:24:54 | INFO    | holoqpi.engine.trainer |   epoch 17 step 40/140 loss=0.5774
17:24:55 | INFO    | holoqpi.engine.trainer |   epoch 17 step 60/140 loss=0.6808
17:24:57 | INFO    | holoqpi.engine.trainer |   epoch 17 step 80/140 loss=0.7173
17:24:58 | INFO    | holoqpi.engine.trainer |   epoch 17 step 100/140 loss=0.5985
17:25:00 | INFO    | holoqpi.engine.trainer |   epoch 17 step 120/140 loss=0.5036
17:25:46 | INFO    | holoqpi.engine.trainer |   new best composite=0.7990
17:25:46 | INFO    | holoqpi.engine.trainer | epoch 17/60 (55s = 11s train + 45s val) | train_loss=0.6689  val_phase_mae=0.1748  val_dice=0.8139  val_cls_acc=0.4409  val_mass_mape=0.2032
17:25:46 | INFO    | holoqpi.engine.trainer |   epoch 18 step 0/140 loss=0.6368
17:25:48 | INFO    | holoqpi.engine.trainer |   epoch 18 step 20/140 loss=0.5693
17:25:49 | INFO    | holoqpi.engine.trainer |   epoch 18 step 40/140 loss=0.6888
17:25:51 | INFO    | holoqpi.engine.trainer |   epoch 18 step 60/140 loss=0.8115
17:25:52 | INFO    | holoqpi.engine.trainer |   epoch 18 step 80/140 loss=0.7199
17:25:54 | INFO    | holoqpi.engine.trainer |   epoch 18 step 100/140 loss=0.5435
17:25:55 | INFO    | holoqpi.engine.trainer |   epoch 18 step 120/140 loss=0.5938
17:26:41 | INFO    | holoqpi.engine.trainer | epoch 18/60 (55s = 10s train + 44s val) | train_loss=0.6635  val_phase_mae=0.1819  val_dice=0.8088  val_cls_acc=0.4488  val_mass_mape=0.2464
17:26:41 | INFO    | holoqpi.engine.trainer |   epoch 19 step 0/140 loss=0.5882
17:26:42 | INFO    | holoqpi.engine.trainer |   epoch 19 step 20/140 loss=0.6226
17:26:44 | INFO    | holoqpi.engine.trainer |   epoch 19 step 40/140 loss=0.7169
17:26:45 | INFO    | holoqpi.engine.trainer |   epoch 19 step 60/140 loss=0.7799
17:26:47 | INFO    | holoqpi.engine.trainer |   epoch 19 step 80/140 loss=0.7761
17:26:48 | INFO    | holoqpi.engine.trainer |   epoch 19 step 100/140 loss=0.6623
17:26:50 | INFO    | holoqpi.engine.trainer |   epoch 19 step 120/140 loss=0.7226
17:27:35 | INFO    | holoqpi.engine.trainer | epoch 19/60 (55s = 10s train + 44s val) | train_loss=0.6802  val_phase_mae=0.1764  val_dice=0.8096  val_cls_acc=0.4488  val_mass_mape=0.2240
17:27:36 | INFO    | holoqpi.engine.trainer |   epoch 20 step 0/140 loss=0.6485
17:27:37 | INFO    | holoqpi.engine.trainer |   epoch 20 step 20/140 loss=0.8205
17:27:39 | INFO    | holoqpi.engine.trainer |   epoch 20 step 40/140 loss=0.6458
17:27:40 | INFO    | holoqpi.engine.trainer |   epoch 20 step 60/140 loss=0.8000
17:27:41 | INFO    | holoqpi.engine.trainer |   epoch 20 step 80/140 loss=0.5447
17:27:43 | INFO    | holoqpi.engine.trainer |   epoch 20 step 100/140 loss=0.6122
17:27:45 | INFO    | holoqpi.engine.trainer |   epoch 20 step 120/140 loss=0.7479
17:28:30 | INFO    | holoqpi.engine.trainer | epoch 20/60 (55s = 11s train + 44s val) | train_loss=0.6444  val_phase_mae=0.1750  val_dice=0.8056  val_cls_acc=0.5276  val_mass_mape=0.2183
17:28:31 | INFO    | holoqpi.engine.trainer |   epoch 21 step 0/140 loss=0.6829
17:28:32 | INFO    | holoqpi.engine.trainer |   epoch 21 step 20/140 loss=0.6404
17:28:34 | INFO    | holoqpi.engine.trainer |   epoch 21 step 40/140 loss=1.0727
17:28:35 | INFO    | holoqpi.engine.trainer |   epoch 21 step 60/140 loss=0.6403
17:28:37 | INFO    | holoqpi.engine.trainer |   epoch 21 step 80/140 loss=0.7311
17:28:38 | INFO    | holoqpi.engine.trainer |   epoch 21 step 100/140 loss=0.5921
17:28:40 | INFO    | holoqpi.engine.trainer |   epoch 21 step 120/140 loss=0.6387
17:29:26 | INFO    | holoqpi.engine.trainer | epoch 21/60 (55s = 11s train + 44s val) | train_loss=0.6462  val_phase_mae=0.1710  val_dice=0.8126  val_cls_acc=0.5512  val_mass_mape=0.2252
17:29:26 | INFO    | holoqpi.engine.trainer |   epoch 22 step 0/140 loss=0.6096
17:29:27 | INFO    | holoqpi.engine.trainer |   epoch 22 step 20/140 loss=0.7441
17:29:29 | INFO    | holoqpi.engine.trainer |   epoch 22 step 40/140 loss=0.6598
17:29:30 | INFO    | holoqpi.engine.trainer |   epoch 22 step 60/140 loss=0.7265
17:29:32 | INFO    | holoqpi.engine.trainer |   epoch 22 step 80/140 loss=0.5302
17:29:33 | INFO    | holoqpi.engine.trainer |   epoch 22 step 100/140 loss=0.6399
17:29:35 | INFO    | holoqpi.engine.trainer |   epoch 22 step 120/140 loss=0.5879
17:30:21 | INFO    | holoqpi.engine.trainer | epoch 22/60 (55s = 11s train + 44s val) | train_loss=0.6502  val_phase_mae=0.1768  val_dice=0.8108  val_cls_acc=0.3543  val_mass_mape=0.2163
17:30:21 | INFO    | holoqpi.engine.trainer |   epoch 23 step 0/140 loss=0.5312
17:30:22 | INFO    | holoqpi.engine.trainer |   epoch 23 step 20/140 loss=0.6080
17:30:24 | INFO    | holoqpi.engine.trainer |   epoch 23 step 40/140 loss=0.6625
17:30:25 | INFO    | holoqpi.engine.trainer |   epoch 23 step 60/140 loss=0.6664
17:30:27 | INFO    | holoqpi.engine.trainer |   epoch 23 step 80/140 loss=0.6074
17:30:28 | INFO    | holoqpi.engine.trainer |   epoch 23 step 100/140 loss=0.6881
17:30:30 | INFO    | holoqpi.engine.trainer |   epoch 23 step 120/140 loss=0.6666
17:31:16 | INFO    | holoqpi.engine.trainer | epoch 23/60 (55s = 11s train + 45s val) | train_loss=0.6345  val_phase_mae=0.1718  val_dice=0.8170  val_cls_acc=0.5591  val_mass_mape=0.2347
17:31:16 | INFO    | holoqpi.engine.trainer |   epoch 24 step 0/140 loss=0.5680
17:31:18 | INFO    | holoqpi.engine.trainer |   epoch 24 step 20/140 loss=0.6575
17:31:19 | INFO    | holoqpi.engine.trainer |   epoch 24 step 40/140 loss=0.5699
17:31:21 | INFO    | holoqpi.engine.trainer |   epoch 24 step 60/140 loss=0.6718
17:31:22 | INFO    | holoqpi.engine.trainer |   epoch 24 step 80/140 loss=0.5595
17:31:24 | INFO    | holoqpi.engine.trainer |   epoch 24 step 100/140 loss=0.9548
17:31:25 | INFO    | holoqpi.engine.trainer |   epoch 24 step 120/140 loss=0.9196
17:32:11 | INFO    | holoqpi.engine.trainer | epoch 24/60 (55s = 11s train + 44s val) | train_loss=0.6415  val_phase_mae=0.1742  val_dice=0.8151  val_cls_acc=0.5669  val_mass_mape=0.2078
17:32:11 | INFO    | holoqpi.engine.trainer |   epoch 25 step 0/140 loss=0.6905
17:32:13 | INFO    | holoqpi.engine.trainer |   epoch 25 step 20/140 loss=0.6784
17:32:14 | INFO    | holoqpi.engine.trainer |   epoch 25 step 40/140 loss=0.5633
17:32:16 | INFO    | holoqpi.engine.trainer |   epoch 25 step 60/140 loss=0.5523
17:32:17 | INFO    | holoqpi.engine.trainer |   epoch 25 step 80/140 loss=0.6755
17:32:19 | INFO    | holoqpi.engine.trainer |   epoch 25 step 100/140 loss=0.7192
17:32:20 | INFO    | holoqpi.engine.trainer |   epoch 25 step 120/140 loss=0.6429
17:33:05 | INFO    | holoqpi.engine.trainer | epoch 25/60 (54s = 11s train + 44s val) | train_loss=0.6328  val_phase_mae=0.1765  val_dice=0.8162  val_cls_acc=0.4646  val_mass_mape=0.2072
17:33:05 | INFO    | holoqpi.engine.trainer |   epoch 26 step 0/140 loss=0.5960
17:33:07 | INFO    | holoqpi.engine.trainer |   epoch 26 step 20/140 loss=0.7316
17:33:08 | INFO    | holoqpi.engine.trainer |   epoch 26 step 40/140 loss=0.6119
17:33:10 | INFO    | holoqpi.engine.trainer |   epoch 26 step 60/140 loss=0.8756
17:33:11 | INFO    | holoqpi.engine.trainer |   epoch 26 step 80/140 loss=0.4890
17:33:13 | INFO    | holoqpi.engine.trainer |   epoch 26 step 100/140 loss=0.6636
17:33:14 | INFO    | holoqpi.engine.trainer |   epoch 26 step 120/140 loss=0.4812
17:33:59 | INFO    | holoqpi.engine.trainer |   new best composite=0.8024
17:33:59 | INFO    | holoqpi.engine.trainer | epoch 26/60 (54s = 11s train + 43s val) | train_loss=0.6175  val_phase_mae=0.1712  val_dice=0.8193  val_cls_acc=0.5276  val_mass_mape=0.2110
17:34:00 | INFO    | holoqpi.engine.trainer |   epoch 27 step 0/140 loss=0.8023
17:34:01 | INFO    | holoqpi.engine.trainer |   epoch 27 step 20/140 loss=0.5515
17:34:03 | INFO    | holoqpi.engine.trainer |   epoch 27 step 40/140 loss=0.8844
17:34:04 | INFO    | holoqpi.engine.trainer |   epoch 27 step 60/140 loss=0.5903
17:34:06 | INFO    | holoqpi.engine.trainer |   epoch 27 step 80/140 loss=0.6763
17:34:08 | INFO    | holoqpi.engine.trainer |   epoch 27 step 100/140 loss=0.7130
17:34:09 | INFO    | holoqpi.engine.trainer |   epoch 27 step 120/140 loss=0.5259
17:34:53 | INFO    | holoqpi.engine.trainer | epoch 27/60 (54s = 11s train + 43s val) | train_loss=0.6257  val_phase_mae=0.1797  val_dice=0.8136  val_cls_acc=0.5276  val_mass_mape=0.2367
17:34:54 | INFO    | holoqpi.engine.trainer |   epoch 28 step 0/140 loss=0.5617
17:34:55 | INFO    | holoqpi.engine.trainer |   epoch 28 step 20/140 loss=0.4934
17:34:57 | INFO    | holoqpi.engine.trainer |   epoch 28 step 40/140 loss=0.6207
17:34:58 | INFO    | holoqpi.engine.trainer |   epoch 28 step 60/140 loss=0.6280
17:35:00 | INFO    | holoqpi.engine.trainer |   epoch 28 step 80/140 loss=0.5831
17:35:02 | INFO    | holoqpi.engine.trainer |   epoch 28 step 100/140 loss=0.8507
17:35:03 | INFO    | holoqpi.engine.trainer |   epoch 28 step 120/140 loss=0.5471
17:35:48 | INFO    | holoqpi.engine.trainer |   new best composite=0.8024
17:35:48 | INFO    | holoqpi.engine.trainer | epoch 28/60 (54s = 11s train + 43s val) | train_loss=0.6080  val_phase_mae=0.1723  val_dice=0.8143  val_cls_acc=0.6063  val_mass_mape=0.1937
17:35:48 | INFO    | holoqpi.engine.trainer |   epoch 29 step 0/140 loss=0.6246
17:35:49 | INFO    | holoqpi.engine.trainer |   epoch 29 step 20/140 loss=0.4515
17:35:51 | INFO    | holoqpi.engine.trainer |   epoch 29 step 40/140 loss=0.4688
17:35:52 | INFO    | holoqpi.engine.trainer |   epoch 29 step 60/140 loss=0.5420
17:35:54 | INFO    | holoqpi.engine.trainer |   epoch 29 step 80/140 loss=0.5295
17:35:55 | INFO    | holoqpi.engine.trainer |   epoch 29 step 100/140 loss=0.5437
17:35:57 | INFO    | holoqpi.engine.trainer |   epoch 29 step 120/140 loss=0.6162
17:36:41 | INFO    | holoqpi.engine.trainer | epoch 29/60 (53s = 11s train + 43s val) | train_loss=0.5998  val_phase_mae=0.1726  val_dice=0.8178  val_cls_acc=0.5276  val_mass_mape=0.2158
17:36:41 | INFO    | holoqpi.engine.trainer |   epoch 30 step 0/140 loss=0.6050
17:36:43 | INFO    | holoqpi.engine.trainer |   epoch 30 step 20/140 loss=0.5703
17:36:44 | INFO    | holoqpi.engine.trainer |   epoch 30 step 40/140 loss=0.7865
17:36:46 | INFO    | holoqpi.engine.trainer |   epoch 30 step 60/140 loss=0.8703
17:36:47 | INFO    | holoqpi.engine.trainer |   epoch 30 step 80/140 loss=0.6499
17:36:49 | INFO    | holoqpi.engine.trainer |   epoch 30 step 100/140 loss=0.7061
17:36:50 | INFO    | holoqpi.engine.trainer |   epoch 30 step 120/140 loss=0.5097
17:37:34 | INFO    | holoqpi.engine.trainer | epoch 30/60 (53s = 11s train + 43s val) | train_loss=0.6094  val_phase_mae=0.1768  val_dice=0.8202  val_cls_acc=0.6142  val_mass_mape=0.2197
17:37:35 | INFO    | holoqpi.engine.trainer |   epoch 31 step 0/140 loss=0.6500
17:37:36 | INFO    | holoqpi.engine.trainer |   epoch 31 step 20/140 loss=0.6150
17:37:38 | INFO    | holoqpi.engine.trainer |   epoch 31 step 40/140 loss=0.8038
17:37:39 | INFO    | holoqpi.engine.trainer |   epoch 31 step 60/140 loss=0.5306
17:37:40 | INFO    | holoqpi.engine.trainer |   epoch 31 step 80/140 loss=0.7637
17:37:42 | INFO    | holoqpi.engine.trainer |   epoch 31 step 100/140 loss=0.7521
17:37:43 | INFO    | holoqpi.engine.trainer |   epoch 31 step 120/140 loss=0.5591
17:38:28 | INFO    | holoqpi.engine.trainer |   new best composite=0.8051
17:38:28 | INFO    | holoqpi.engine.trainer | epoch 31/60 (53s = 10s train + 43s val) | train_loss=0.6114  val_phase_mae=0.1686  val_dice=0.8200  val_cls_acc=0.5354  val_mass_mape=0.2020
17:38:28 | INFO    | holoqpi.engine.trainer |   epoch 32 step 0/140 loss=0.5342
17:38:29 | INFO    | holoqpi.engine.trainer |   epoch 32 step 20/140 loss=0.6125
17:38:31 | INFO    | holoqpi.engine.trainer |   epoch 32 step 40/140 loss=0.7454
17:38:32 | INFO    | holoqpi.engine.trainer |   epoch 32 step 60/140 loss=0.7661
17:38:34 | INFO    | holoqpi.engine.trainer |   epoch 32 step 80/140 loss=0.4977
17:38:35 | INFO    | holoqpi.engine.trainer |   epoch 32 step 100/140 loss=0.5027
17:38:37 | INFO    | holoqpi.engine.trainer |   epoch 32 step 120/140 loss=0.6793
17:39:20 | INFO    | holoqpi.engine.trainer | epoch 32/60 (53s = 10s train + 43s val) | train_loss=0.5899  val_phase_mae=0.1749  val_dice=0.8220  val_cls_acc=0.5669  val_mass_mape=0.2265
17:39:21 | INFO    | holoqpi.engine.trainer |   epoch 33 step 0/140 loss=0.5429
17:39:22 | INFO    | holoqpi.engine.trainer |   epoch 33 step 20/140 loss=0.5335
17:39:24 | INFO    | holoqpi.engine.trainer |   epoch 33 step 40/140 loss=0.6145
17:39:25 | INFO    | holoqpi.engine.trainer |   epoch 33 step 60/140 loss=0.6683
17:39:27 | INFO    | holoqpi.engine.trainer |   epoch 33 step 80/140 loss=0.6557
17:39:28 | INFO    | holoqpi.engine.trainer |   epoch 33 step 100/140 loss=0.5145
17:39:29 | INFO    | holoqpi.engine.trainer |   epoch 33 step 120/140 loss=0.5026
17:40:13 | INFO    | holoqpi.engine.trainer | epoch 33/60 (53s = 10s train + 42s val) | train_loss=0.5874  val_phase_mae=0.1724  val_dice=0.8212  val_cls_acc=0.6063  val_mass_mape=0.2133
17:40:13 | INFO    | holoqpi.engine.trainer |   epoch 34 step 0/140 loss=0.5126
17:40:15 | INFO    | holoqpi.engine.trainer |   epoch 34 step 20/140 loss=0.6100
17:40:16 | INFO    | holoqpi.engine.trainer |   epoch 34 step 40/140 loss=0.4998
17:40:18 | INFO    | holoqpi.engine.trainer |   epoch 34 step 60/140 loss=0.5034
17:40:19 | INFO    | holoqpi.engine.trainer |   epoch 34 step 80/140 loss=0.6749
17:40:20 | INFO    | holoqpi.engine.trainer |   epoch 34 step 100/140 loss=0.4591
17:40:22 | INFO    | holoqpi.engine.trainer |   epoch 34 step 120/140 loss=0.5908
17:41:06 | INFO    | holoqpi.engine.trainer |   new best composite=0.8054
17:41:06 | INFO    | holoqpi.engine.trainer | epoch 34/60 (52s = 10s train + 42s val) | train_loss=0.5693  val_phase_mae=0.1704  val_dice=0.8197  val_cls_acc=0.6378  val_mass_mape=0.2015
17:41:06 | INFO    | holoqpi.engine.trainer |   epoch 35 step 0/140 loss=0.4372
17:41:08 | INFO    | holoqpi.engine.trainer |   epoch 35 step 20/140 loss=0.5902
17:41:09 | INFO    | holoqpi.engine.trainer |   epoch 35 step 40/140 loss=0.9212
17:41:10 | INFO    | holoqpi.engine.trainer |   epoch 35 step 60/140 loss=0.8710
17:41:12 | INFO    | holoqpi.engine.trainer |   epoch 35 step 80/140 loss=0.5953
17:41:13 | INFO    | holoqpi.engine.trainer |   epoch 35 step 100/140 loss=0.5596
17:41:15 | INFO    | holoqpi.engine.trainer |   epoch 35 step 120/140 loss=0.6464
17:41:59 | INFO    | holoqpi.engine.trainer |   new best composite=0.8087
17:41:59 | INFO    | holoqpi.engine.trainer | epoch 35/60 (53s = 11s train + 42s val) | train_loss=0.5785  val_phase_mae=0.1691  val_dice=0.8226  val_cls_acc=0.5354  val_mass_mape=0.1942
17:41:59 | INFO    | holoqpi.engine.trainer |   epoch 36 step 0/140 loss=0.5185
17:42:00 | INFO    | holoqpi.engine.trainer |   epoch 36 step 20/140 loss=0.7766
17:42:02 | INFO    | holoqpi.engine.trainer |   epoch 36 step 40/140 loss=0.4712
17:42:03 | INFO    | holoqpi.engine.trainer |   epoch 36 step 60/140 loss=0.5916
17:42:05 | INFO    | holoqpi.engine.trainer |   epoch 36 step 80/140 loss=0.3994
17:42:06 | INFO    | holoqpi.engine.trainer |   epoch 36 step 100/140 loss=0.4142
17:42:08 | INFO    | holoqpi.engine.trainer |   epoch 36 step 120/140 loss=0.7564
17:42:51 | INFO    | holoqpi.engine.trainer | epoch 36/60 (52s = 10s train + 42s val) | train_loss=0.5755  val_phase_mae=0.1718  val_dice=0.8199  val_cls_acc=0.5591  val_mass_mape=0.2035
17:42:51 | INFO    | holoqpi.engine.trainer |   epoch 37 step 0/140 loss=0.5511
17:42:53 | INFO    | holoqpi.engine.trainer |   epoch 37 step 20/140 loss=0.6508
17:42:54 | INFO    | holoqpi.engine.trainer |   epoch 37 step 40/140 loss=0.5021
17:42:56 | INFO    | holoqpi.engine.trainer |   epoch 37 step 60/140 loss=0.6852
17:42:57 | INFO    | holoqpi.engine.trainer |   epoch 37 step 80/140 loss=0.6248
17:42:59 | INFO    | holoqpi.engine.trainer |   epoch 37 step 100/140 loss=0.5147
17:43:00 | INFO    | holoqpi.engine.trainer |   epoch 37 step 120/140 loss=0.5580
17:43:44 | INFO    | holoqpi.engine.trainer | epoch 37/60 (53s = 10s train + 42s val) | train_loss=0.5731  val_phase_mae=0.1703  val_dice=0.8187  val_cls_acc=0.7165  val_mass_mape=0.1940
17:43:44 | INFO    | holoqpi.engine.trainer |   epoch 38 step 0/140 loss=0.5920
17:43:45 | INFO    | holoqpi.engine.trainer |   epoch 38 step 20/140 loss=0.6486
17:43:47 | INFO    | holoqpi.engine.trainer |   epoch 38 step 40/140 loss=0.5144
17:43:48 | INFO    | holoqpi.engine.trainer |   epoch 38 step 60/140 loss=0.4960
17:43:50 | INFO    | holoqpi.engine.trainer |   epoch 38 step 80/140 loss=0.4661
17:43:51 | INFO    | holoqpi.engine.trainer |   epoch 38 step 100/140 loss=0.6407
17:43:53 | INFO    | holoqpi.engine.trainer |   epoch 38 step 120/140 loss=0.5119
17:44:36 | INFO    | holoqpi.engine.trainer | epoch 38/60 (52s = 10s train + 42s val) | train_loss=0.5705  val_phase_mae=0.1729  val_dice=0.8187  val_cls_acc=0.6614  val_mass_mape=0.2090
17:44:36 | INFO    | holoqpi.engine.trainer |   epoch 39 step 0/140 loss=0.6324
17:44:38 | INFO    | holoqpi.engine.trainer |   epoch 39 step 20/140 loss=0.5116
17:44:39 | INFO    | holoqpi.engine.trainer |   epoch 39 step 40/140 loss=0.4966
17:44:41 | INFO    | holoqpi.engine.trainer |   epoch 39 step 60/140 loss=0.5550
17:44:42 | INFO    | holoqpi.engine.trainer |   epoch 39 step 80/140 loss=0.4790
17:44:44 | INFO    | holoqpi.engine.trainer |   epoch 39 step 100/140 loss=0.7047
17:44:45 | INFO    | holoqpi.engine.trainer |   epoch 39 step 120/140 loss=0.5395
17:45:29 | INFO    | holoqpi.engine.trainer | epoch 39/60 (53s = 11s train + 42s val) | train_loss=0.5599  val_phase_mae=0.1703  val_dice=0.8204  val_cls_acc=0.7244  val_mass_mape=0.1970
17:45:29 | INFO    | holoqpi.engine.trainer |   epoch 40 step 0/140 loss=0.6576
17:45:31 | INFO    | holoqpi.engine.trainer |   epoch 40 step 20/140 loss=0.4552
17:45:32 | INFO    | holoqpi.engine.trainer |   epoch 40 step 40/140 loss=0.4271
17:45:34 | INFO    | holoqpi.engine.trainer |   epoch 40 step 60/140 loss=0.5152
17:45:35 | INFO    | holoqpi.engine.trainer |   epoch 40 step 80/140 loss=0.4953
17:45:37 | INFO    | holoqpi.engine.trainer |   epoch 40 step 100/140 loss=0.6437
17:45:38 | INFO    | holoqpi.engine.trainer |   epoch 40 step 120/140 loss=0.4973
17:46:22 | INFO    | holoqpi.engine.trainer | epoch 40/60 (53s = 10s train + 42s val) | train_loss=0.5536  val_phase_mae=0.1668  val_dice=0.8215  val_cls_acc=0.6063  val_mass_mape=0.1982
17:46:22 | INFO    | holoqpi.engine.trainer |   epoch 41 step 0/140 loss=0.5884
17:46:23 | INFO    | holoqpi.engine.trainer |   epoch 41 step 20/140 loss=0.4024
17:46:25 | INFO    | holoqpi.engine.trainer |   epoch 41 step 40/140 loss=0.5467
17:46:26 | INFO    | holoqpi.engine.trainer |   epoch 41 step 60/140 loss=0.6617
17:46:28 | INFO    | holoqpi.engine.trainer |   epoch 41 step 80/140 loss=0.4931
17:46:29 | INFO    | holoqpi.engine.trainer |   epoch 41 step 100/140 loss=0.4657
17:46:31 | INFO    | holoqpi.engine.trainer |   epoch 41 step 120/140 loss=0.4933
17:47:15 | INFO    | holoqpi.engine.trainer |   new best composite=0.8109
17:47:15 | INFO    | holoqpi.engine.trainer | epoch 41/60 (53s = 10s train + 42s val) | train_loss=0.5481  val_phase_mae=0.1682  val_dice=0.8237  val_cls_acc=0.7244  val_mass_mape=0.1901
17:47:15 | INFO    | holoqpi.engine.trainer |   epoch 42 step 0/140 loss=0.5236
17:47:17 | INFO    | holoqpi.engine.trainer |   epoch 42 step 20/140 loss=0.5993
17:47:18 | INFO    | holoqpi.engine.trainer |   epoch 42 step 40/140 loss=0.5490
17:47:19 | INFO    | holoqpi.engine.trainer |   epoch 42 step 60/140 loss=0.6149
17:47:21 | INFO    | holoqpi.engine.trainer |   epoch 42 step 80/140 loss=0.6072
17:47:22 | INFO    | holoqpi.engine.trainer |   epoch 42 step 100/140 loss=0.5822
17:47:24 | INFO    | holoqpi.engine.trainer |   epoch 42 step 120/140 loss=0.5958
17:48:07 | INFO    | holoqpi.engine.trainer | epoch 42/60 (52s = 10s train + 42s val) | train_loss=0.5455  val_phase_mae=0.1698  val_dice=0.8227  val_cls_acc=0.6535  val_mass_mape=0.2064
17:48:07 | INFO    | holoqpi.engine.trainer |   epoch 43 step 0/140 loss=0.5867
17:48:09 | INFO    | holoqpi.engine.trainer |   epoch 43 step 20/140 loss=0.6066
17:48:10 | INFO    | holoqpi.engine.trainer |   epoch 43 step 40/140 loss=0.5144
17:48:12 | INFO    | holoqpi.engine.trainer |   epoch 43 step 60/140 loss=0.4997
17:48:13 | INFO    | holoqpi.engine.trainer |   epoch 43 step 80/140 loss=0.5860
17:48:15 | INFO    | holoqpi.engine.trainer |   epoch 43 step 100/140 loss=0.5274
17:48:16 | INFO    | holoqpi.engine.trainer |   epoch 43 step 120/140 loss=0.4508
17:49:00 | INFO    | holoqpi.engine.trainer | epoch 43/60 (53s = 10s train + 42s val) | train_loss=0.5411  val_phase_mae=0.1702  val_dice=0.8206  val_cls_acc=0.7638  val_mass_mape=0.2014
17:49:00 | INFO    | holoqpi.engine.trainer |   epoch 44 step 0/140 loss=0.4821
17:49:02 | INFO    | holoqpi.engine.trainer |   epoch 44 step 20/140 loss=0.5054
17:49:03 | INFO    | holoqpi.engine.trainer |   epoch 44 step 40/140 loss=0.6599
17:49:05 | INFO    | holoqpi.engine.trainer |   epoch 44 step 60/140 loss=0.4227
17:49:06 | INFO    | holoqpi.engine.trainer |   epoch 44 step 80/140 loss=0.4740
17:49:07 | INFO    | holoqpi.engine.trainer |   epoch 44 step 100/140 loss=0.5996
17:49:09 | INFO    | holoqpi.engine.trainer |   epoch 44 step 120/140 loss=0.5377
17:49:53 | INFO    | holoqpi.engine.trainer | epoch 44/60 (53s = 10s train + 43s val) | train_loss=0.5372  val_phase_mae=0.1709  val_dice=0.8214  val_cls_acc=0.7795  val_mass_mape=0.2071
17:49:53 | INFO    | holoqpi.engine.trainer |   epoch 45 step 0/140 loss=0.4737
17:49:55 | INFO    | holoqpi.engine.trainer |   epoch 45 step 20/140 loss=0.3941
17:49:56 | INFO    | holoqpi.engine.trainer |   epoch 45 step 40/140 loss=0.6926
17:49:57 | INFO    | holoqpi.engine.trainer |   epoch 45 step 60/140 loss=0.4742
17:49:59 | INFO    | holoqpi.engine.trainer |   epoch 45 step 80/140 loss=0.6281
17:50:00 | INFO    | holoqpi.engine.trainer |   epoch 45 step 100/140 loss=0.5766
17:50:02 | INFO    | holoqpi.engine.trainer |   epoch 45 step 120/140 loss=0.5677
17:50:46 | INFO    | holoqpi.engine.trainer | epoch 45/60 (53s = 10s train + 43s val) | train_loss=0.5388  val_phase_mae=0.1711  val_dice=0.8196  val_cls_acc=0.6378  val_mass_mape=0.2036
17:50:46 | INFO    | holoqpi.engine.trainer |   epoch 46 step 0/140 loss=0.5018
17:50:48 | INFO    | holoqpi.engine.trainer |   epoch 46 step 20/140 loss=0.4027
17:50:49 | INFO    | holoqpi.engine.trainer |   epoch 46 step 40/140 loss=0.5947
17:50:50 | INFO    | holoqpi.engine.trainer |   epoch 46 step 60/140 loss=0.4291
17:50:52 | INFO    | holoqpi.engine.trainer |   epoch 46 step 80/140 loss=0.4746
17:50:53 | INFO    | holoqpi.engine.trainer |   epoch 46 step 100/140 loss=0.4969
17:50:55 | INFO    | holoqpi.engine.trainer |   epoch 46 step 120/140 loss=0.5877
17:51:39 | INFO    | holoqpi.engine.trainer | epoch 46/60 (53s = 10s train + 42s val) | train_loss=0.5200  val_phase_mae=0.1742  val_dice=0.8219  val_cls_acc=0.7559  val_mass_mape=0.1953
17:51:39 | INFO    | holoqpi.engine.trainer |   epoch 47 step 0/140 loss=0.4965
17:51:40 | INFO    | holoqpi.engine.trainer |   epoch 47 step 20/140 loss=0.5490
17:51:42 | INFO    | holoqpi.engine.trainer |   epoch 47 step 40/140 loss=0.4949
17:51:43 | INFO    | holoqpi.engine.trainer |   epoch 47 step 60/140 loss=0.5505
17:51:45 | INFO    | holoqpi.engine.trainer |   epoch 47 step 80/140 loss=0.6456
17:51:47 | INFO    | holoqpi.engine.trainer |   epoch 47 step 100/140 loss=0.5029
17:51:48 | INFO    | holoqpi.engine.trainer |   epoch 47 step 120/140 loss=0.4128
17:52:32 | INFO    | holoqpi.engine.trainer | epoch 47/60 (53s = 11s train + 42s val) | train_loss=0.5292  val_phase_mae=0.1730  val_dice=0.8224  val_cls_acc=0.6535  val_mass_mape=0.1961
17:52:32 | INFO    | holoqpi.engine.trainer |   epoch 48 step 0/140 loss=0.4295
17:52:34 | INFO    | holoqpi.engine.trainer |   epoch 48 step 20/140 loss=0.5656
17:52:35 | INFO    | holoqpi.engine.trainer |   epoch 48 step 40/140 loss=0.5388
17:52:37 | INFO    | holoqpi.engine.trainer |   epoch 48 step 60/140 loss=0.5529
17:52:38 | INFO    | holoqpi.engine.trainer |   epoch 48 step 80/140 loss=0.5553
17:52:40 | INFO    | holoqpi.engine.trainer |   epoch 48 step 100/140 loss=0.5612
17:52:41 | INFO    | holoqpi.engine.trainer |   epoch 48 step 120/140 loss=0.5013
17:53:25 | INFO    | holoqpi.engine.trainer | epoch 48/60 (53s = 11s train + 42s val) | train_loss=0.5209  val_phase_mae=0.1695  val_dice=0.8229  val_cls_acc=0.6693  val_mass_mape=0.1964
17:53:25 | INFO    | holoqpi.engine.trainer |   epoch 49 step 0/140 loss=0.4200
17:53:27 | INFO    | holoqpi.engine.trainer |   epoch 49 step 20/140 loss=0.5468
17:53:29 | INFO    | holoqpi.engine.trainer |   epoch 49 step 40/140 loss=0.4878
17:53:30 | INFO    | holoqpi.engine.trainer |   epoch 49 step 60/140 loss=0.4168
17:53:32 | INFO    | holoqpi.engine.trainer |   epoch 49 step 80/140 loss=0.4768
17:53:33 | INFO    | holoqpi.engine.trainer |   epoch 49 step 100/140 loss=0.5441
17:53:35 | INFO    | holoqpi.engine.trainer |   epoch 49 step 120/140 loss=0.4819
17:54:19 | INFO    | holoqpi.engine.trainer | epoch 49/60 (54s = 11s train + 42s val) | train_loss=0.5213  val_phase_mae=0.1705  val_dice=0.8228  val_cls_acc=0.6929  val_mass_mape=0.1973
17:54:19 | INFO    | holoqpi.engine.trainer |   epoch 50 step 0/140 loss=0.4151
17:54:21 | INFO    | holoqpi.engine.trainer |   epoch 50 step 20/140 loss=0.4335
17:54:22 | INFO    | holoqpi.engine.trainer |   epoch 50 step 40/140 loss=0.7214
17:54:24 | INFO    | holoqpi.engine.trainer |   epoch 50 step 60/140 loss=0.3561
17:54:26 | INFO    | holoqpi.engine.trainer |   epoch 50 step 80/140 loss=0.4407
17:54:27 | INFO    | holoqpi.engine.trainer |   epoch 50 step 100/140 loss=0.4864
17:54:29 | INFO    | holoqpi.engine.trainer |   epoch 50 step 120/140 loss=0.4756
17:55:12 | INFO    | holoqpi.engine.trainer | epoch 50/60 (54s = 11s train + 42s val) | train_loss=0.5270  val_phase_mae=0.1692  val_dice=0.8235  val_cls_acc=0.5906  val_mass_mape=0.2024
17:55:13 | INFO    | holoqpi.engine.trainer |   epoch 51 step 0/140 loss=0.4687
17:55:14 | INFO    | holoqpi.engine.trainer |   epoch 51 step 20/140 loss=0.8129
17:55:16 | INFO    | holoqpi.engine.trainer |   epoch 51 step 40/140 loss=0.5583
17:55:18 | INFO    | holoqpi.engine.trainer |   epoch 51 step 60/140 loss=0.4622
17:55:19 | INFO    | holoqpi.engine.trainer |   epoch 51 step 80/140 loss=0.4798
17:55:21 | INFO    | holoqpi.engine.trainer |   epoch 51 step 100/140 loss=0.5636
17:55:23 | INFO    | holoqpi.engine.trainer |   epoch 51 step 120/140 loss=0.4812
17:56:07 | INFO    | holoqpi.engine.trainer | epoch 51/60 (54s = 12s train + 42s val) | train_loss=0.5110  val_phase_mae=0.1709  val_dice=0.8215  val_cls_acc=0.6457  val_mass_mape=0.2014
17:56:07 | INFO    | holoqpi.engine.trainer |   epoch 52 step 0/140 loss=0.8320
17:56:09 | INFO    | holoqpi.engine.trainer |   epoch 52 step 20/140 loss=0.4451
17:56:10 | INFO    | holoqpi.engine.trainer |   epoch 52 step 40/140 loss=0.5151
17:56:12 | INFO    | holoqpi.engine.trainer |   epoch 52 step 60/140 loss=0.5450
17:56:13 | INFO    | holoqpi.engine.trainer |   epoch 52 step 80/140 loss=0.4957
17:56:15 | INFO    | holoqpi.engine.trainer |   epoch 52 step 100/140 loss=0.5241
17:56:17 | INFO    | holoqpi.engine.trainer |   epoch 52 step 120/140 loss=0.5010
17:57:00 | INFO    | holoqpi.engine.trainer | epoch 52/60 (54s = 12s train + 42s val) | train_loss=0.5247  val_phase_mae=0.1712  val_dice=0.8233  val_cls_acc=0.5591  val_mass_mape=0.1966
17:57:01 | INFO    | holoqpi.engine.trainer |   epoch 53 step 0/140 loss=0.5560
17:57:02 | INFO    | holoqpi.engine.trainer |   epoch 53 step 20/140 loss=0.5298
17:57:04 | INFO    | holoqpi.engine.trainer |   epoch 53 step 40/140 loss=0.4767
17:57:06 | INFO    | holoqpi.engine.trainer |   epoch 53 step 60/140 loss=0.4062
17:57:07 | INFO    | holoqpi.engine.trainer |   epoch 53 step 80/140 loss=0.5640
17:57:09 | INFO    | holoqpi.engine.trainer |   epoch 53 step 100/140 loss=0.5289
17:57:11 | INFO    | holoqpi.engine.trainer |   epoch 53 step 120/140 loss=0.4123
17:57:55 | INFO    | holoqpi.engine.trainer | epoch 53/60 (54s = 12s train + 43s val) | train_loss=0.5057  val_phase_mae=0.1715  val_dice=0.8211  val_cls_acc=0.6220  val_mass_mape=0.1935
17:57:55 | INFO    | holoqpi.engine.trainer |   epoch 54 step 0/140 loss=0.5319
17:57:57 | INFO    | holoqpi.engine.trainer |   epoch 54 step 20/140 loss=0.6058
17:57:58 | INFO    | holoqpi.engine.trainer |   epoch 54 step 40/140 loss=0.4612
17:58:00 | INFO    | holoqpi.engine.trainer |   epoch 54 step 60/140 loss=0.5083
17:58:02 | INFO    | holoqpi.engine.trainer |   epoch 54 step 80/140 loss=0.5225
17:58:03 | INFO    | holoqpi.engine.trainer |   epoch 54 step 100/140 loss=0.4538
17:58:05 | INFO    | holoqpi.engine.trainer |   epoch 54 step 120/140 loss=0.4613
17:58:49 | INFO    | holoqpi.engine.trainer | epoch 54/60 (54s = 11s train + 43s val) | train_loss=0.5161  val_phase_mae=0.1713  val_dice=0.8222  val_cls_acc=0.6299  val_mass_mape=0.1937
17:58:49 | INFO    | holoqpi.engine.trainer |   epoch 55 step 0/140 loss=0.4216
17:58:51 | INFO    | holoqpi.engine.trainer |   epoch 55 step 20/140 loss=0.5452
17:58:52 | INFO    | holoqpi.engine.trainer |   epoch 55 step 40/140 loss=0.5747
17:58:54 | INFO    | holoqpi.engine.trainer |   epoch 55 step 60/140 loss=0.4947
17:58:55 | INFO    | holoqpi.engine.trainer |   epoch 55 step 80/140 loss=0.3717
17:58:57 | INFO    | holoqpi.engine.trainer |   epoch 55 step 100/140 loss=0.3879
17:58:58 | INFO    | holoqpi.engine.trainer |   epoch 55 step 120/140 loss=0.4514
17:59:42 | INFO    | holoqpi.engine.trainer | epoch 55/60 (53s = 11s train + 42s val) | train_loss=0.5073  val_phase_mae=0.1698  val_dice=0.8229  val_cls_acc=0.5276  val_mass_mape=0.1965
17:59:42 | INFO    | holoqpi.engine.trainer |   epoch 56 step 0/140 loss=0.4518
17:59:44 | INFO    | holoqpi.engine.trainer |   epoch 56 step 20/140 loss=0.6183
17:59:45 | INFO    | holoqpi.engine.trainer |   epoch 56 step 40/140 loss=0.4667
17:59:46 | INFO    | holoqpi.engine.trainer |   epoch 56 step 60/140 loss=0.4636
17:59:48 | INFO    | holoqpi.engine.trainer |   epoch 56 step 80/140 loss=0.4150
17:59:49 | INFO    | holoqpi.engine.trainer |   epoch 56 step 100/140 loss=0.4882
17:59:51 | INFO    | holoqpi.engine.trainer |   epoch 56 step 120/140 loss=0.3873
18:00:34 | INFO    | holoqpi.engine.trainer | epoch 56/60 (53s = 11s train + 42s val) | train_loss=0.5050  val_phase_mae=0.1707  val_dice=0.8232  val_cls_acc=0.6614  val_mass_mape=0.1983
18:00:35 | INFO    | holoqpi.engine.trainer |   epoch 57 step 0/140 loss=0.4804
18:00:36 | INFO    | holoqpi.engine.trainer |   epoch 57 step 20/140 loss=0.4607
18:00:38 | INFO    | holoqpi.engine.trainer |   epoch 57 step 40/140 loss=0.3492
18:00:40 | INFO    | holoqpi.engine.trainer |   epoch 57 step 60/140 loss=0.5519
18:00:41 | INFO    | holoqpi.engine.trainer |   epoch 57 step 80/140 loss=0.5195
18:00:43 | INFO    | holoqpi.engine.trainer |   epoch 57 step 100/140 loss=0.4695
18:00:45 | INFO    | holoqpi.engine.trainer |   epoch 57 step 120/140 loss=0.4977
18:01:28 | INFO    | holoqpi.engine.trainer | epoch 57/60 (54s = 12s train + 42s val) | train_loss=0.5008  val_phase_mae=0.1713  val_dice=0.8234  val_cls_acc=0.6378  val_mass_mape=0.1963
18:01:29 | INFO    | holoqpi.engine.trainer |   epoch 58 step 0/140 loss=0.5902
18:01:30 | INFO    | holoqpi.engine.trainer |   epoch 58 step 20/140 loss=0.5202
18:01:32 | INFO    | holoqpi.engine.trainer |   epoch 58 step 40/140 loss=0.5641
18:01:33 | INFO    | holoqpi.engine.trainer |   epoch 58 step 60/140 loss=0.6119
18:01:35 | INFO    | holoqpi.engine.trainer |   epoch 58 step 80/140 loss=0.6437
18:01:36 | INFO    | holoqpi.engine.trainer |   epoch 58 step 100/140 loss=0.4644
18:01:38 | INFO    | holoqpi.engine.trainer |   epoch 58 step 120/140 loss=0.4312
18:02:22 | INFO    | holoqpi.engine.trainer | epoch 58/60 (54s = 11s train + 43s val) | train_loss=0.5169  val_phase_mae=0.1705  val_dice=0.8226  val_cls_acc=0.7323  val_mass_mape=0.1993
18:02:23 | INFO    | holoqpi.engine.trainer |   epoch 59 step 0/140 loss=0.4229
18:02:24 | INFO    | holoqpi.engine.trainer |   epoch 59 step 20/140 loss=0.4578
18:02:26 | INFO    | holoqpi.engine.trainer |   epoch 59 step 40/140 loss=0.4797
18:02:27 | INFO    | holoqpi.engine.trainer |   epoch 59 step 60/140 loss=0.5906
18:02:29 | INFO    | holoqpi.engine.trainer |   epoch 59 step 80/140 loss=0.4986
18:02:30 | INFO    | holoqpi.engine.trainer |   epoch 59 step 100/140 loss=0.3771
18:02:32 | INFO    | holoqpi.engine.trainer |   epoch 59 step 120/140 loss=0.4339
18:03:15 | INFO    | holoqpi.engine.trainer | epoch 59/60 (53s = 10s train + 43s val) | train_loss=0.5033  val_phase_mae=0.1692  val_dice=0.8238  val_cls_acc=0.6929  val_mass_mape=0.1977
18:03:16 | INFO    | holoqpi.engine.trainer |   epoch 60 step 0/140 loss=0.4119
18:03:17 | INFO    | holoqpi.engine.trainer |   epoch 60 step 20/140 loss=0.4364
18:03:19 | INFO    | holoqpi.engine.trainer |   epoch 60 step 40/140 loss=0.7691
18:03:20 | INFO    | holoqpi.engine.trainer |   epoch 60 step 60/140 loss=0.5151
18:03:21 | INFO    | holoqpi.engine.trainer |   epoch 60 step 80/140 loss=0.4554
18:03:23 | INFO    | holoqpi.engine.trainer |   epoch 60 step 100/140 loss=0.4506
18:03:24 | INFO    | holoqpi.engine.trainer |   epoch 60 step 120/140 loss=0.5677
18:04:08 | INFO    | holoqpi.engine.trainer | epoch 60/60 (53s = 10s train + 42s val) | train_loss=0.5084  val_phase_mae=0.1701  val_dice=0.8235  val_cls_acc=0.6457  val_mass_mape=0.1944
18:04:08 | INFO    | holoqpi.engine.trainer | training finished; best epoch 41 (composite=0.8109)
18:04:09 | INFO    | holoqpi.engine.trainer | checkpoint best_model.pt: 446/446 tensors matched
18:04:49 | INFO    | holoqpi.engine.compare | modality=off_axis test metrics written to runs/base_off_axis
18:04:49 | INFO    | holoqpi.engine.compare | ======================================================================
18:04:49 | INFO    | holoqpi.engine.compare | modality=gabor  device=cuda  run_dir=runs/base_gabor
18:04:49 | INFO    | holoqpi.engine.compare | ======================================================================
18:04:49 | INFO    | holoqpi.data.dataset | train split: 560 samples | modality=gabor | crop=512 | augment=True
18:04:49 | INFO    | holoqpi.data.dataset | val split: 127 samples | modality=gabor | crop=None | augment=False
18:04:49 | INFO    | holoqpi.data.dataset | test split: 113 samples | modality=gabor | crop=None | augment=False
18:04:49 | INFO    | holoqpi.models.encoders | encoder=mobilenet_v2 in_channels=1 pretrained=True stages=[16, 24, 32, 96, 1280]
18:04:49 | INFO    | holoqpi.models.holonet | HoloQPINet built: 9.76M parameters, 9.76M trainable (100.0%)
18:04:49 | INFO    | holoqpi.engine.trainer | trainable 9.76M / 9.76M parameters (100.0%)
18:04:49 | INFO    | holoqpi.engine.trainer | active physics terms: ['phase_mask_contrast', 'boundary_gradient_alignment', 'phase_volume', 'dry_mass_consistency', 'projected_area_consistency']
18:04:50 | INFO    | holoqpi.engine.trainer |   epoch 1 step 0/140 loss=2.5198
18:04:52 | INFO    | holoqpi.engine.trainer |   epoch 1 step 20/140 loss=2.2469
18:04:53 | INFO    | holoqpi.engine.trainer |   epoch 1 step 40/140 loss=1.6382
18:04:55 | INFO    | holoqpi.engine.trainer |   epoch 1 step 60/140 loss=1.4770
18:04:56 | INFO    | holoqpi.engine.trainer |   epoch 1 step 80/140 loss=1.3821
18:04:57 | INFO    | holoqpi.engine.trainer |   epoch 1 step 100/140 loss=1.1900
18:04:59 | INFO    | holoqpi.engine.trainer |   epoch 1 step 120/140 loss=1.3032
18:05:47 | INFO    | holoqpi.engine.trainer |   new best composite=0.6752
18:05:47 | INFO    | holoqpi.engine.trainer | epoch 1/60 (57s = 11s train + 46s val) | train_loss=1.6428  val_phase_mae=0.2261  val_dice=0.6892  val_cls_acc=0.4252  val_mass_mape=0.2984
18:05:47 | INFO    | holoqpi.engine.trainer |   at this rate the full 60-epoch schedule takes about 57 min
18:05:47 | INFO    | holoqpi.engine.trainer |   epoch 2 step 0/140 loss=1.2395
18:05:49 | INFO    | holoqpi.engine.trainer |   epoch 2 step 20/140 loss=1.3133
18:05:50 | INFO    | holoqpi.engine.trainer |   epoch 2 step 40/140 loss=1.0659
18:05:51 | INFO    | holoqpi.engine.trainer |   epoch 2 step 60/140 loss=1.0179
18:05:53 | INFO    | holoqpi.engine.trainer |   epoch 2 step 80/140 loss=1.3995
18:05:54 | INFO    | holoqpi.engine.trainer |   epoch 2 step 100/140 loss=0.9036
18:05:56 | INFO    | holoqpi.engine.trainer |   epoch 2 step 120/140 loss=1.2615
18:06:43 | INFO    | holoqpi.engine.trainer | epoch 2/60 (56s = 10s train + 46s val) | train_loss=1.1643  val_phase_mae=0.2358  val_dice=0.6840  val_cls_acc=0.4646  val_mass_mape=0.3123
18:06:43 | INFO    | holoqpi.engine.trainer |   epoch 3 step 0/140 loss=1.0189
18:06:45 | INFO    | holoqpi.engine.trainer |   epoch 3 step 20/140 loss=0.9033
18:06:46 | INFO    | holoqpi.engine.trainer |   epoch 3 step 40/140 loss=1.2260
18:06:48 | INFO    | holoqpi.engine.trainer |   epoch 3 step 60/140 loss=0.9460
18:06:50 | INFO    | holoqpi.engine.trainer |   epoch 3 step 80/140 loss=0.8501
18:06:51 | INFO    | holoqpi.engine.trainer |   epoch 3 step 100/140 loss=1.2477
18:06:53 | INFO    | holoqpi.engine.trainer |   epoch 3 step 120/140 loss=1.0957
18:07:39 | INFO    | holoqpi.engine.trainer |   new best composite=0.7271
18:07:39 | INFO    | holoqpi.engine.trainer | epoch 3/60 (56s = 11s train + 45s val) | train_loss=1.0078  val_phase_mae=0.1989  val_dice=0.7398  val_cls_acc=0.4173  val_mass_mape=0.2753
18:07:40 | INFO    | holoqpi.engine.trainer |   epoch 4 step 0/140 loss=0.9531
18:07:41 | INFO    | holoqpi.engine.trainer |   epoch 4 step 20/140 loss=1.0559
18:07:43 | INFO    | holoqpi.engine.trainer |   epoch 4 step 40/140 loss=1.0122
18:07:44 | INFO    | holoqpi.engine.trainer |   epoch 4 step 60/140 loss=1.4046
18:07:46 | INFO    | holoqpi.engine.trainer |   epoch 4 step 80/140 loss=0.9982
18:07:47 | INFO    | holoqpi.engine.trainer |   epoch 4 step 100/140 loss=0.9248
18:07:49 | INFO    | holoqpi.engine.trainer |   epoch 4 step 120/140 loss=0.8260
18:08:34 | INFO    | holoqpi.engine.trainer | epoch 4/60 (55s = 10s train + 44s val) | train_loss=0.9894  val_phase_mae=0.2002  val_dice=0.7402  val_cls_acc=0.5906  val_mass_mape=0.2872
18:08:34 | INFO    | holoqpi.engine.trainer |   epoch 5 step 0/140 loss=0.8324
18:08:36 | INFO    | holoqpi.engine.trainer |   epoch 5 step 20/140 loss=0.7765
18:08:38 | INFO    | holoqpi.engine.trainer |   epoch 5 step 40/140 loss=0.8732
18:08:39 | INFO    | holoqpi.engine.trainer |   epoch 5 step 60/140 loss=1.1461
18:08:41 | INFO    | holoqpi.engine.trainer |   epoch 5 step 80/140 loss=1.0345
18:08:42 | INFO    | holoqpi.engine.trainer |   epoch 5 step 100/140 loss=0.8864
18:08:44 | INFO    | holoqpi.engine.trainer |   epoch 5 step 120/140 loss=1.1193
18:09:30 | INFO    | holoqpi.engine.trainer |   new best composite=0.7310
18:09:30 | INFO    | holoqpi.engine.trainer | epoch 5/60 (55s = 11s train + 44s val) | train_loss=0.9544  val_phase_mae=0.1972  val_dice=0.7524  val_cls_acc=0.5906  val_mass_mape=0.2909
18:09:30 | INFO    | holoqpi.engine.trainer |   epoch 6 step 0/140 loss=1.1952
18:09:31 | INFO    | holoqpi.engine.trainer |   epoch 6 step 20/140 loss=1.1409
18:09:33 | INFO    | holoqpi.engine.trainer |   epoch 6 step 40/140 loss=0.9141
18:09:34 | INFO    | holoqpi.engine.trainer |   epoch 6 step 60/140 loss=0.6694
18:09:36 | INFO    | holoqpi.engine.trainer |   epoch 6 step 80/140 loss=0.7628
18:09:37 | INFO    | holoqpi.engine.trainer |   epoch 6 step 100/140 loss=0.7342
18:09:39 | INFO    | holoqpi.engine.trainer |   epoch 6 step 120/140 loss=0.8144
18:10:25 | INFO    | holoqpi.engine.trainer |   new best composite=0.7348
18:10:25 | INFO    | holoqpi.engine.trainer | epoch 6/60 (55s = 11s train + 45s val) | train_loss=0.9297  val_phase_mae=0.1979  val_dice=0.7486  val_cls_acc=0.6378  val_mass_mape=0.2723
18:10:25 | INFO    | holoqpi.engine.trainer |   epoch 7 step 0/140 loss=0.7773
18:10:27 | INFO    | holoqpi.engine.trainer |   epoch 7 step 20/140 loss=1.0633
18:10:28 | INFO    | holoqpi.engine.trainer |   epoch 7 step 40/140 loss=1.1166
18:10:30 | INFO    | holoqpi.engine.trainer |   epoch 7 step 60/140 loss=0.9074
18:10:31 | INFO    | holoqpi.engine.trainer |   epoch 7 step 80/140 loss=0.7827
18:10:33 | INFO    | holoqpi.engine.trainer |   epoch 7 step 100/140 loss=1.0425
18:10:34 | INFO    | holoqpi.engine.trainer |   epoch 7 step 120/140 loss=0.9620
18:11:21 | INFO    | holoqpi.engine.trainer | epoch 7/60 (56s = 11s train + 45s val) | train_loss=0.9100  val_phase_mae=0.2308  val_dice=0.7343  val_cls_acc=0.5748  val_mass_mape=0.6495
18:11:21 | INFO    | holoqpi.engine.trainer |   epoch 8 step 0/140 loss=0.8356
18:11:22 | INFO    | holoqpi.engine.trainer |   epoch 8 step 20/140 loss=0.9974
18:11:24 | INFO    | holoqpi.engine.trainer |   epoch 8 step 40/140 loss=0.8710
18:11:25 | INFO    | holoqpi.engine.trainer |   epoch 8 step 60/140 loss=0.7173
18:11:27 | INFO    | holoqpi.engine.trainer |   epoch 8 step 80/140 loss=1.1138
18:11:28 | INFO    | holoqpi.engine.trainer |   epoch 8 step 100/140 loss=0.8686
18:11:30 | INFO    | holoqpi.engine.trainer |   epoch 8 step 120/140 loss=0.8543
18:12:16 | INFO    | holoqpi.engine.trainer | epoch 8/60 (55s = 11s train + 44s val) | train_loss=0.8967  val_phase_mae=0.2036  val_dice=0.7354  val_cls_acc=0.5984  val_mass_mape=0.2862
18:12:16 | INFO    | holoqpi.engine.trainer |   epoch 9 step 0/140 loss=0.8673
18:12:17 | INFO    | holoqpi.engine.trainer |   epoch 9 step 20/140 loss=0.6502
18:12:19 | INFO    | holoqpi.engine.trainer |   epoch 9 step 40/140 loss=1.0596
18:12:20 | INFO    | holoqpi.engine.trainer |   epoch 9 step 60/140 loss=0.9350
18:12:22 | INFO    | holoqpi.engine.trainer |   epoch 9 step 80/140 loss=0.8648
18:12:23 | INFO    | holoqpi.engine.trainer |   epoch 9 step 100/140 loss=0.7583
18:12:24 | INFO    | holoqpi.engine.trainer |   epoch 9 step 120/140 loss=0.8326
18:13:10 | INFO    | holoqpi.engine.trainer |   new best composite=0.7401
18:13:10 | INFO    | holoqpi.engine.trainer | epoch 9/60 (55s = 10s train + 44s val) | train_loss=0.8954  val_phase_mae=0.1921  val_dice=0.7512  val_cls_acc=0.6457  val_mass_mape=0.2513
18:13:11 | INFO    | holoqpi.engine.trainer |   epoch 10 step 0/140 loss=0.8677
18:13:12 | INFO    | holoqpi.engine.trainer |   epoch 10 step 20/140 loss=0.7355
18:13:14 | INFO    | holoqpi.engine.trainer |   epoch 10 step 40/140 loss=1.0114
18:13:15 | INFO    | holoqpi.engine.trainer |   epoch 10 step 60/140 loss=0.9749
18:13:17 | INFO    | holoqpi.engine.trainer |   epoch 10 step 80/140 loss=1.0582
18:13:18 | INFO    | holoqpi.engine.trainer |   epoch 10 step 100/140 loss=1.0943
18:13:20 | INFO    | holoqpi.engine.trainer |   epoch 10 step 120/140 loss=0.8875
18:14:05 | INFO    | holoqpi.engine.trainer |   new best composite=0.7495
18:14:05 | INFO    | holoqpi.engine.trainer | epoch 10/60 (55s = 10s train + 44s val) | train_loss=0.9010  val_phase_mae=0.1877  val_dice=0.7576  val_cls_acc=0.4331  val_mass_mape=0.2438
18:14:06 | INFO    | holoqpi.engine.trainer |   epoch 11 step 0/140 loss=0.8626
18:14:07 | INFO    | holoqpi.engine.trainer |   epoch 11 step 20/140 loss=0.8724
18:14:09 | INFO    | holoqpi.engine.trainer |   epoch 11 step 40/140 loss=1.0985
18:14:10 | INFO    | holoqpi.engine.trainer |   epoch 11 step 60/140 loss=0.7032
18:14:12 | INFO    | holoqpi.engine.trainer |   epoch 11 step 80/140 loss=0.7079
18:14:13 | INFO    | holoqpi.engine.trainer |   epoch 11 step 100/140 loss=0.7112
18:14:15 | INFO    | holoqpi.engine.trainer |   epoch 11 step 120/140 loss=0.7794
18:15:00 | INFO    | holoqpi.engine.trainer | epoch 11/60 (55s = 11s train + 44s val) | train_loss=0.8824  val_phase_mae=0.2061  val_dice=0.7387  val_cls_acc=0.6142  val_mass_mape=0.3246
18:15:01 | INFO    | holoqpi.engine.trainer |   epoch 12 step 0/140 loss=0.7275
18:15:02 | INFO    | holoqpi.engine.trainer |   epoch 12 step 20/140 loss=1.2444
18:15:04 | INFO    | holoqpi.engine.trainer |   epoch 12 step 40/140 loss=0.7748
18:15:05 | INFO    | holoqpi.engine.trainer |   epoch 12 step 60/140 loss=1.5697
18:15:07 | INFO    | holoqpi.engine.trainer |   epoch 12 step 80/140 loss=1.0260
18:15:08 | INFO    | holoqpi.engine.trainer |   epoch 12 step 100/140 loss=0.6718
18:15:10 | INFO    | holoqpi.engine.trainer |   epoch 12 step 120/140 loss=0.7237
18:15:56 | INFO    | holoqpi.engine.trainer | epoch 12/60 (56s = 11s train + 45s val) | train_loss=0.8705  val_phase_mae=0.2015  val_dice=0.7385  val_cls_acc=0.6378  val_mass_mape=0.2855
18:15:56 | INFO    | holoqpi.engine.trainer |   epoch 13 step 0/140 loss=0.9193
18:15:58 | INFO    | holoqpi.engine.trainer |   epoch 13 step 20/140 loss=0.8575
18:15:59 | INFO    | holoqpi.engine.trainer |   epoch 13 step 40/140 loss=1.2317
18:16:01 | INFO    | holoqpi.engine.trainer |   epoch 13 step 60/140 loss=0.8822
18:16:02 | INFO    | holoqpi.engine.trainer |   epoch 13 step 80/140 loss=1.1335
18:16:04 | INFO    | holoqpi.engine.trainer |   epoch 13 step 100/140 loss=0.8488
18:16:05 | INFO    | holoqpi.engine.trainer |   epoch 13 step 120/140 loss=0.7599
18:16:51 | INFO    | holoqpi.engine.trainer |   new best composite=0.7502
18:16:51 | INFO    | holoqpi.engine.trainer | epoch 13/60 (55s = 11s train + 44s val) | train_loss=0.8781  val_phase_mae=0.1905  val_dice=0.7572  val_cls_acc=0.5276  val_mass_mape=0.2392
18:16:51 | INFO    | holoqpi.engine.trainer |   epoch 14 step 0/140 loss=0.8733
18:16:53 | INFO    | holoqpi.engine.trainer |   epoch 14 step 20/140 loss=1.0430
18:16:54 | INFO    | holoqpi.engine.trainer |   epoch 14 step 40/140 loss=1.0085
18:16:56 | INFO    | holoqpi.engine.trainer |   epoch 14 step 60/140 loss=0.6982
18:16:57 | INFO    | holoqpi.engine.trainer |   epoch 14 step 80/140 loss=1.0436
18:16:59 | INFO    | holoqpi.engine.trainer |   epoch 14 step 100/140 loss=0.6961
18:17:00 | INFO    | holoqpi.engine.trainer |   epoch 14 step 120/140 loss=0.7896
18:17:45 | INFO    | holoqpi.engine.trainer | epoch 14/60 (54s = 11s train + 44s val) | train_loss=0.8626  val_phase_mae=0.1902  val_dice=0.7569  val_cls_acc=0.5118  val_mass_mape=0.2445
18:17:46 | INFO    | holoqpi.engine.trainer |   epoch 15 step 0/140 loss=0.8016
18:17:47 | INFO    | holoqpi.engine.trainer |   epoch 15 step 20/140 loss=0.6691
18:17:49 | INFO    | holoqpi.engine.trainer |   epoch 15 step 40/140 loss=0.6362
18:17:50 | INFO    | holoqpi.engine.trainer |   epoch 15 step 60/140 loss=1.0439
18:17:52 | INFO    | holoqpi.engine.trainer |   epoch 15 step 80/140 loss=1.1996
18:17:53 | INFO    | holoqpi.engine.trainer |   epoch 15 step 100/140 loss=0.6980
18:17:55 | INFO    | holoqpi.engine.trainer |   epoch 15 step 120/140 loss=0.8201
18:18:40 | INFO    | holoqpi.engine.trainer | epoch 15/60 (54s = 10s train + 44s val) | train_loss=0.8517  val_phase_mae=0.1919  val_dice=0.7521  val_cls_acc=0.6299  val_mass_mape=0.2608
18:18:40 | INFO    | holoqpi.engine.trainer |   epoch 16 step 0/140 loss=0.9217
18:18:41 | INFO    | holoqpi.engine.trainer |   epoch 16 step 20/140 loss=1.0390
18:18:43 | INFO    | holoqpi.engine.trainer |   epoch 16 step 40/140 loss=0.7597
18:18:45 | INFO    | holoqpi.engine.trainer |   epoch 16 step 60/140 loss=0.7899
18:18:46 | INFO    | holoqpi.engine.trainer |   epoch 16 step 80/140 loss=0.7921
18:18:48 | INFO    | holoqpi.engine.trainer |   epoch 16 step 100/140 loss=1.0744
18:18:49 | INFO    | holoqpi.engine.trainer |   epoch 16 step 120/140 loss=0.8441
18:19:34 | INFO    | holoqpi.engine.trainer | epoch 16/60 (55s = 11s train + 44s val) | train_loss=0.8464  val_phase_mae=0.1896  val_dice=0.7548  val_cls_acc=0.6378  val_mass_mape=0.2445
18:19:34 | INFO    | holoqpi.engine.trainer |   epoch 17 step 0/140 loss=1.0041
18:19:36 | INFO    | holoqpi.engine.trainer |   epoch 17 step 20/140 loss=1.2552
18:19:37 | INFO    | holoqpi.engine.trainer |   epoch 17 step 40/140 loss=1.3085
18:19:39 | INFO    | holoqpi.engine.trainer |   epoch 17 step 60/140 loss=0.6908
18:19:40 | INFO    | holoqpi.engine.trainer |   epoch 17 step 80/140 loss=0.6985
18:19:42 | INFO    | holoqpi.engine.trainer |   epoch 17 step 100/140 loss=1.1160
18:19:43 | INFO    | holoqpi.engine.trainer |   epoch 17 step 120/140 loss=0.6718
18:20:29 | INFO    | holoqpi.engine.trainer | epoch 17/60 (55s = 11s train + 44s val) | train_loss=0.8335  val_phase_mae=0.1895  val_dice=0.7523  val_cls_acc=0.6693  val_mass_mape=0.2488
18:20:29 | INFO    | holoqpi.engine.trainer |   epoch 18 step 0/140 loss=0.6340
18:20:30 | INFO    | holoqpi.engine.trainer |   epoch 18 step 20/140 loss=0.7815
18:20:32 | INFO    | holoqpi.engine.trainer |   epoch 18 step 40/140 loss=0.6672
18:20:33 | INFO    | holoqpi.engine.trainer |   epoch 18 step 60/140 loss=0.8246
18:20:35 | INFO    | holoqpi.engine.trainer |   epoch 18 step 80/140 loss=1.1622
18:20:36 | INFO    | holoqpi.engine.trainer |   epoch 18 step 100/140 loss=0.7718
18:20:38 | INFO    | holoqpi.engine.trainer |   epoch 18 step 120/140 loss=1.0234
18:21:23 | INFO    | holoqpi.engine.trainer | epoch 18/60 (55s = 10s train + 44s val) | train_loss=0.8255  val_phase_mae=0.1954  val_dice=0.7436  val_cls_acc=0.6220  val_mass_mape=0.2376
18:21:24 | INFO    | holoqpi.engine.trainer |   epoch 19 step 0/140 loss=0.6560
18:21:25 | INFO    | holoqpi.engine.trainer |   epoch 19 step 20/140 loss=0.6579
18:21:27 | INFO    | holoqpi.engine.trainer |   epoch 19 step 40/140 loss=0.6636
18:21:28 | INFO    | holoqpi.engine.trainer |   epoch 19 step 60/140 loss=0.8347
18:21:30 | INFO    | holoqpi.engine.trainer |   epoch 19 step 80/140 loss=0.9108
18:21:31 | INFO    | holoqpi.engine.trainer |   epoch 19 step 100/140 loss=0.6765
18:21:33 | INFO    | holoqpi.engine.trainer |   epoch 19 step 120/140 loss=0.9566
18:22:18 | INFO    | holoqpi.engine.trainer |   new best composite=0.7543
18:22:18 | INFO    | holoqpi.engine.trainer | epoch 19/60 (54s = 11s train + 43s val) | train_loss=0.8351  val_phase_mae=0.1848  val_dice=0.7654  val_cls_acc=0.6220  val_mass_mape=0.2445
18:22:18 | INFO    | holoqpi.engine.trainer |   epoch 20 step 0/140 loss=0.8771
18:22:20 | INFO    | holoqpi.engine.trainer |   epoch 20 step 20/140 loss=0.9502
18:22:21 | INFO    | holoqpi.engine.trainer |   epoch 20 step 40/140 loss=0.7607
18:22:23 | INFO    | holoqpi.engine.trainer |   epoch 20 step 60/140 loss=0.9371
18:22:24 | INFO    | holoqpi.engine.trainer |   epoch 20 step 80/140 loss=0.5710
18:22:26 | INFO    | holoqpi.engine.trainer |   epoch 20 step 100/140 loss=0.9651
18:22:27 | INFO    | holoqpi.engine.trainer |   epoch 20 step 120/140 loss=0.7281
18:23:13 | INFO    | holoqpi.engine.trainer | epoch 20/60 (55s = 11s train + 44s val) | train_loss=0.8210  val_phase_mae=0.1893  val_dice=0.7623  val_cls_acc=0.7087  val_mass_mape=0.2983
18:23:13 | INFO    | holoqpi.engine.trainer |   epoch 21 step 0/140 loss=0.8105
18:23:14 | INFO    | holoqpi.engine.trainer |   epoch 21 step 20/140 loss=1.0186
18:23:16 | INFO    | holoqpi.engine.trainer |   epoch 21 step 40/140 loss=0.9312
18:23:17 | INFO    | holoqpi.engine.trainer |   epoch 21 step 60/140 loss=0.7590
18:23:19 | INFO    | holoqpi.engine.trainer |   epoch 21 step 80/140 loss=0.7403
18:23:20 | INFO    | holoqpi.engine.trainer |   epoch 21 step 100/140 loss=0.6534
18:23:22 | INFO    | holoqpi.engine.trainer |   epoch 21 step 120/140 loss=0.6740
18:24:07 | INFO    | holoqpi.engine.trainer | epoch 21/60 (55s = 11s train + 44s val) | train_loss=0.8172  val_phase_mae=0.1871  val_dice=0.7561  val_cls_acc=0.6457  val_mass_mape=0.2344
18:24:08 | INFO    | holoqpi.engine.trainer |   epoch 22 step 0/140 loss=0.6527
18:24:09 | INFO    | holoqpi.engine.trainer |   epoch 22 step 20/140 loss=0.7427
18:24:10 | INFO    | holoqpi.engine.trainer |   epoch 22 step 40/140 loss=0.6948
18:24:12 | INFO    | holoqpi.engine.trainer |   epoch 22 step 60/140 loss=0.7309
18:24:13 | INFO    | holoqpi.engine.trainer |   epoch 22 step 80/140 loss=0.6402
18:24:15 | INFO    | holoqpi.engine.trainer |   epoch 22 step 100/140 loss=0.7708
18:24:16 | INFO    | holoqpi.engine.trainer |   epoch 22 step 120/140 loss=1.3708
18:25:02 | INFO    | holoqpi.engine.trainer |   new best composite=0.7563
18:25:02 | INFO    | holoqpi.engine.trainer | epoch 22/60 (54s = 10s train + 44s val) | train_loss=0.8147  val_phase_mae=0.1860  val_dice=0.7658  val_cls_acc=0.6457  val_mass_mape=0.2367
18:25:02 | INFO    | holoqpi.engine.trainer |   epoch 23 step 0/140 loss=0.9639
18:25:04 | INFO    | holoqpi.engine.trainer |   epoch 23 step 20/140 loss=0.7448
18:25:05 | INFO    | holoqpi.engine.trainer |   epoch 23 step 40/140 loss=0.7210
18:25:07 | INFO    | holoqpi.engine.trainer |   epoch 23 step 60/140 loss=1.1238
18:25:08 | INFO    | holoqpi.engine.trainer |   epoch 23 step 80/140 loss=1.2576
18:25:10 | INFO    | holoqpi.engine.trainer |   epoch 23 step 100/140 loss=0.6959
18:25:11 | INFO    | holoqpi.engine.trainer |   epoch 23 step 120/140 loss=1.0630
18:25:57 | INFO    | holoqpi.engine.trainer | epoch 23/60 (55s = 11s train + 44s val) | train_loss=0.8064  val_phase_mae=0.1901  val_dice=0.7571  val_cls_acc=0.7402  val_mass_mape=0.2666
18:25:57 | INFO    | holoqpi.engine.trainer |   epoch 24 step 0/140 loss=0.7437
18:25:58 | INFO    | holoqpi.engine.trainer |   epoch 24 step 20/140 loss=0.5716
18:26:00 | INFO    | holoqpi.engine.trainer |   epoch 24 step 40/140 loss=0.7440
18:26:01 | INFO    | holoqpi.engine.trainer |   epoch 24 step 60/140 loss=0.7902
18:26:03 | INFO    | holoqpi.engine.trainer |   epoch 24 step 80/140 loss=0.7069
18:26:04 | INFO    | holoqpi.engine.trainer |   epoch 24 step 100/140 loss=1.0444
18:26:06 | INFO    | holoqpi.engine.trainer |   epoch 24 step 120/140 loss=0.8725
18:26:52 | INFO    | holoqpi.engine.trainer | epoch 24/60 (56s = 10s train + 45s val) | train_loss=0.8062  val_phase_mae=0.1888  val_dice=0.7537  val_cls_acc=0.5591  val_mass_mape=0.2373
18:26:53 | INFO    | holoqpi.engine.trainer |   epoch 25 step 0/140 loss=0.7472
18:26:54 | INFO    | holoqpi.engine.trainer |   epoch 25 step 20/140 loss=0.7075
18:26:56 | INFO    | holoqpi.engine.trainer |   epoch 25 step 40/140 loss=0.6505
18:26:57 | INFO    | holoqpi.engine.trainer |   epoch 25 step 60/140 loss=0.6552
18:26:59 | INFO    | holoqpi.engine.trainer |   epoch 25 step 80/140 loss=0.8865
18:27:00 | INFO    | holoqpi.engine.trainer |   epoch 25 step 100/140 loss=0.8399
18:27:01 | INFO    | holoqpi.engine.trainer |   epoch 25 step 120/140 loss=1.5916
18:27:47 | INFO    | holoqpi.engine.trainer | epoch 25/60 (54s = 10s train + 44s val) | train_loss=0.8027  val_phase_mae=0.1918  val_dice=0.7487  val_cls_acc=0.6457  val_mass_mape=0.2489
18:27:47 | INFO    | holoqpi.engine.trainer |   epoch 26 step 0/140 loss=0.8070
18:27:48 | INFO    | holoqpi.engine.trainer |   epoch 26 step 20/140 loss=0.6261
18:27:50 | INFO    | holoqpi.engine.trainer |   epoch 26 step 40/140 loss=0.6659
18:27:51 | INFO    | holoqpi.engine.trainer |   epoch 26 step 60/140 loss=0.7715
18:27:53 | INFO    | holoqpi.engine.trainer |   epoch 26 step 80/140 loss=0.9299
18:27:54 | INFO    | holoqpi.engine.trainer |   epoch 26 step 100/140 loss=0.7338
18:27:56 | INFO    | holoqpi.engine.trainer |   epoch 26 step 120/140 loss=0.6452
18:28:41 | INFO    | holoqpi.engine.trainer | epoch 26/60 (54s = 10s train + 44s val) | train_loss=0.7954  val_phase_mae=0.1838  val_dice=0.7669  val_cls_acc=0.7402  val_mass_mape=0.2675
18:28:41 | INFO    | holoqpi.engine.trainer |   epoch 27 step 0/140 loss=0.6445
18:28:42 | INFO    | holoqpi.engine.trainer |   epoch 27 step 20/140 loss=0.6385
18:28:44 | INFO    | holoqpi.engine.trainer |   epoch 27 step 40/140 loss=0.9643
18:28:46 | INFO    | holoqpi.engine.trainer |   epoch 27 step 60/140 loss=0.9414
18:28:47 | INFO    | holoqpi.engine.trainer |   epoch 27 step 80/140 loss=0.6250
18:28:49 | INFO    | holoqpi.engine.trainer |   epoch 27 step 100/140 loss=0.9017
18:28:50 | INFO    | holoqpi.engine.trainer |   epoch 27 step 120/140 loss=0.5581
18:29:35 | INFO    | holoqpi.engine.trainer | epoch 27/60 (55s = 11s train + 44s val) | train_loss=0.7750  val_phase_mae=0.1886  val_dice=0.7568  val_cls_acc=0.6850  val_mass_mape=0.2763
18:29:35 | INFO    | holoqpi.engine.trainer |   epoch 28 step 0/140 loss=0.6788
18:29:37 | INFO    | holoqpi.engine.trainer |   epoch 28 step 20/140 loss=0.7178
18:29:38 | INFO    | holoqpi.engine.trainer |   epoch 28 step 40/140 loss=0.6975
18:29:40 | INFO    | holoqpi.engine.trainer |   epoch 28 step 60/140 loss=0.6734
18:29:41 | INFO    | holoqpi.engine.trainer |   epoch 28 step 80/140 loss=0.6918
18:29:43 | INFO    | holoqpi.engine.trainer |   epoch 28 step 100/140 loss=0.8517
18:29:44 | INFO    | holoqpi.engine.trainer |   epoch 28 step 120/140 loss=0.5793
18:30:29 | INFO    | holoqpi.engine.trainer | epoch 28/60 (54s = 10s train + 43s val) | train_loss=0.7769  val_phase_mae=0.1860  val_dice=0.7608  val_cls_acc=0.6850  val_mass_mape=0.2464
18:30:29 | INFO    | holoqpi.engine.trainer |   epoch 29 step 0/140 loss=0.6700
18:30:31 | INFO    | holoqpi.engine.trainer |   epoch 29 step 20/140 loss=0.9776
18:30:32 | INFO    | holoqpi.engine.trainer |   epoch 29 step 40/140 loss=0.8646
18:30:33 | INFO    | holoqpi.engine.trainer |   epoch 29 step 60/140 loss=0.6224
18:30:35 | INFO    | holoqpi.engine.trainer |   epoch 29 step 80/140 loss=1.2036
18:30:36 | INFO    | holoqpi.engine.trainer |   epoch 29 step 100/140 loss=0.6828
18:30:38 | INFO    | holoqpi.engine.trainer |   epoch 29 step 120/140 loss=0.7145
18:31:23 | INFO    | holoqpi.engine.trainer | epoch 29/60 (54s = 10s train + 43s val) | train_loss=0.7546  val_phase_mae=0.1852  val_dice=0.7627  val_cls_acc=0.6142  val_mass_mape=0.2339
18:31:23 | INFO    | holoqpi.engine.trainer |   epoch 30 step 0/140 loss=0.5578
18:31:24 | INFO    | holoqpi.engine.trainer |   epoch 30 step 20/140 loss=0.7765
18:31:26 | INFO    | holoqpi.engine.trainer |   epoch 30 step 40/140 loss=2.1196
18:31:27 | INFO    | holoqpi.engine.trainer |   epoch 30 step 60/140 loss=0.6952
18:31:29 | INFO    | holoqpi.engine.trainer |   epoch 30 step 80/140 loss=0.6817
18:31:30 | INFO    | holoqpi.engine.trainer |   epoch 30 step 100/140 loss=0.8417
18:31:32 | INFO    | holoqpi.engine.trainer |   epoch 30 step 120/140 loss=1.0196
18:32:17 | INFO    | holoqpi.engine.trainer | epoch 30/60 (54s = 11s train + 43s val) | train_loss=0.7676  val_phase_mae=0.1854  val_dice=0.7624  val_cls_acc=0.7008  val_mass_mape=0.2597
18:32:17 | INFO    | holoqpi.engine.trainer |   epoch 31 step 0/140 loss=0.8094
18:32:18 | INFO    | holoqpi.engine.trainer |   epoch 31 step 20/140 loss=0.7420
18:32:20 | INFO    | holoqpi.engine.trainer |   epoch 31 step 40/140 loss=0.7881
18:32:21 | INFO    | holoqpi.engine.trainer |   epoch 31 step 60/140 loss=0.6374
18:32:23 | INFO    | holoqpi.engine.trainer |   epoch 31 step 80/140 loss=0.6302
18:32:24 | INFO    | holoqpi.engine.trainer |   epoch 31 step 100/140 loss=0.8719
18:32:26 | INFO    | holoqpi.engine.trainer |   epoch 31 step 120/140 loss=0.6529
18:33:10 | INFO    | holoqpi.engine.trainer | epoch 31/60 (54s = 11s train + 43s val) | train_loss=0.7701  val_phase_mae=0.1918  val_dice=0.7483  val_cls_acc=0.7323  val_mass_mape=0.2659
18:33:11 | INFO    | holoqpi.engine.trainer |   epoch 32 step 0/140 loss=0.6009
18:33:12 | INFO    | holoqpi.engine.trainer |   epoch 32 step 20/140 loss=1.4368
18:33:14 | INFO    | holoqpi.engine.trainer |   epoch 32 step 40/140 loss=0.7188
18:33:15 | INFO    | holoqpi.engine.trainer |   epoch 32 step 60/140 loss=0.7467
18:33:17 | INFO    | holoqpi.engine.trainer |   epoch 32 step 80/140 loss=0.6335
18:33:18 | INFO    | holoqpi.engine.trainer |   epoch 32 step 100/140 loss=0.9960
18:33:20 | INFO    | holoqpi.engine.trainer |   epoch 32 step 120/140 loss=1.3965
18:34:05 | INFO    | holoqpi.engine.trainer |   new best composite=0.7569
18:34:05 | INFO    | holoqpi.engine.trainer | epoch 32/60 (54s = 11s train + 44s val) | train_loss=0.7673  val_phase_mae=0.1834  val_dice=0.7678  val_cls_acc=0.7559  val_mass_mape=0.2422
18:34:05 | INFO    | holoqpi.engine.trainer |   epoch 33 step 0/140 loss=0.6039
18:34:07 | INFO    | holoqpi.engine.trainer |   epoch 33 step 20/140 loss=0.6251
18:34:08 | INFO    | holoqpi.engine.trainer |   epoch 33 step 40/140 loss=0.7415
18:34:10 | INFO    | holoqpi.engine.trainer |   epoch 33 step 60/140 loss=0.6506
18:34:11 | INFO    | holoqpi.engine.trainer |   epoch 33 step 80/140 loss=0.7178
18:34:13 | INFO    | holoqpi.engine.trainer |   epoch 33 step 100/140 loss=0.7277
18:34:14 | INFO    | holoqpi.engine.trainer |   epoch 33 step 120/140 loss=0.5108
18:35:00 | INFO    | holoqpi.engine.trainer |   new best composite=0.7571
18:35:00 | INFO    | holoqpi.engine.trainer | epoch 33/60 (54s = 11s train + 44s val) | train_loss=0.7542  val_phase_mae=0.1820  val_dice=0.7692  val_cls_acc=0.7559  val_mass_mape=0.2440
18:35:00 | INFO    | holoqpi.engine.trainer |   epoch 34 step 0/140 loss=1.1072
18:35:01 | INFO    | holoqpi.engine.trainer |   epoch 34 step 20/140 loss=0.6685
18:35:03 | INFO    | holoqpi.engine.trainer |   epoch 34 step 40/140 loss=0.5193
18:35:04 | INFO    | holoqpi.engine.trainer |   epoch 34 step 60/140 loss=0.6516
18:35:06 | INFO    | holoqpi.engine.trainer |   epoch 34 step 80/140 loss=0.7476
18:35:07 | INFO    | holoqpi.engine.trainer |   epoch 34 step 100/140 loss=0.9044
18:35:09 | INFO    | holoqpi.engine.trainer |   epoch 34 step 120/140 loss=0.5774
18:35:54 | INFO    | holoqpi.engine.trainer | epoch 34/60 (54s = 10s train + 44s val) | train_loss=0.7408  val_phase_mae=0.1869  val_dice=0.7614  val_cls_acc=0.7638  val_mass_mape=0.2667
18:35:54 | INFO    | holoqpi.engine.trainer |   epoch 35 step 0/140 loss=0.5442
18:35:56 | INFO    | holoqpi.engine.trainer |   epoch 35 step 20/140 loss=0.6238
18:35:57 | INFO    | holoqpi.engine.trainer |   epoch 35 step 40/140 loss=1.2471
18:35:59 | INFO    | holoqpi.engine.trainer |   epoch 35 step 60/140 loss=0.9115
18:36:00 | INFO    | holoqpi.engine.trainer |   epoch 35 step 80/140 loss=0.8079
18:36:02 | INFO    | holoqpi.engine.trainer |   epoch 35 step 100/140 loss=0.7000
18:36:04 | INFO    | holoqpi.engine.trainer |   epoch 35 step 120/140 loss=0.6516
18:36:49 | INFO    | holoqpi.engine.trainer | epoch 35/60 (55s = 11s train + 44s val) | train_loss=0.7395  val_phase_mae=0.1827  val_dice=0.7633  val_cls_acc=0.7638  val_mass_mape=0.2344
18:36:49 | INFO    | holoqpi.engine.trainer |   epoch 36 step 0/140 loss=0.5915
18:36:50 | INFO    | holoqpi.engine.trainer |   epoch 36 step 20/140 loss=0.8550
18:36:52 | INFO    | holoqpi.engine.trainer |   epoch 36 step 40/140 loss=0.5132
18:36:53 | INFO    | holoqpi.engine.trainer |   epoch 36 step 60/140 loss=0.6557
18:36:55 | INFO    | holoqpi.engine.trainer |   epoch 36 step 80/140 loss=1.1958
18:36:56 | INFO    | holoqpi.engine.trainer |   epoch 36 step 100/140 loss=1.2538
18:36:58 | INFO    | holoqpi.engine.trainer |   epoch 36 step 120/140 loss=0.8392
18:37:42 | INFO    | holoqpi.engine.trainer | epoch 36/60 (53s = 10s train + 43s val) | train_loss=0.7412  val_phase_mae=0.1836  val_dice=0.7639  val_cls_acc=0.6299  val_mass_mape=0.2416
18:37:42 | INFO    | holoqpi.engine.trainer |   epoch 37 step 0/140 loss=1.0993
18:37:44 | INFO    | holoqpi.engine.trainer |   epoch 37 step 20/140 loss=0.6271
18:37:45 | INFO    | holoqpi.engine.trainer |   epoch 37 step 40/140 loss=0.5867
18:37:47 | INFO    | holoqpi.engine.trainer |   epoch 37 step 60/140 loss=0.7342
18:37:48 | INFO    | holoqpi.engine.trainer |   epoch 37 step 80/140 loss=0.6685
18:37:50 | INFO    | holoqpi.engine.trainer |   epoch 37 step 100/140 loss=0.5934
18:37:51 | INFO    | holoqpi.engine.trainer |   epoch 37 step 120/140 loss=0.5523
18:38:35 | INFO    | holoqpi.engine.trainer | epoch 37/60 (53s = 10s train + 43s val) | train_loss=0.7389  val_phase_mae=0.1854  val_dice=0.7597  val_cls_acc=0.7087  val_mass_mape=0.2376
18:38:36 | INFO    | holoqpi.engine.trainer |   epoch 38 step 0/140 loss=0.7389
18:38:37 | INFO    | holoqpi.engine.trainer |   epoch 38 step 20/140 loss=0.7821
18:38:39 | INFO    | holoqpi.engine.trainer |   epoch 38 step 40/140 loss=0.6727
18:38:40 | INFO    | holoqpi.engine.trainer |   epoch 38 step 60/140 loss=0.6571
18:38:42 | INFO    | holoqpi.engine.trainer |   epoch 38 step 80/140 loss=0.6276
18:38:43 | INFO    | holoqpi.engine.trainer |   epoch 38 step 100/140 loss=0.6378
18:38:44 | INFO    | holoqpi.engine.trainer |   epoch 38 step 120/140 loss=0.6314
18:39:29 | INFO    | holoqpi.engine.trainer | epoch 38/60 (54s = 10s train + 43s val) | train_loss=0.7312  val_phase_mae=0.1854  val_dice=0.7578  val_cls_acc=0.7323  val_mass_mape=0.2243
18:39:29 | INFO    | holoqpi.engine.trainer |   epoch 39 step 0/140 loss=0.7016
18:39:31 | INFO    | holoqpi.engine.trainer |   epoch 39 step 20/140 loss=0.5321
18:39:32 | INFO    | holoqpi.engine.trainer |   epoch 39 step 40/140 loss=0.8955
18:39:34 | INFO    | holoqpi.engine.trainer |   epoch 39 step 60/140 loss=0.7090
18:39:35 | INFO    | holoqpi.engine.trainer |   epoch 39 step 80/140 loss=0.4900
18:39:36 | INFO    | holoqpi.engine.trainer |   epoch 39 step 100/140 loss=0.5968
18:39:38 | INFO    | holoqpi.engine.trainer |   epoch 39 step 120/140 loss=0.7179
18:40:23 | INFO    | holoqpi.engine.trainer | epoch 39/60 (54s = 10s train + 43s val) | train_loss=0.7324  val_phase_mae=0.1866  val_dice=0.7613  val_cls_acc=0.7244  val_mass_mape=0.2590
18:40:23 | INFO    | holoqpi.engine.trainer |   epoch 40 step 0/140 loss=1.0215
18:40:24 | INFO    | holoqpi.engine.trainer |   epoch 40 step 20/140 loss=0.6962
18:40:26 | INFO    | holoqpi.engine.trainer |   epoch 40 step 40/140 loss=1.4208
18:40:27 | INFO    | holoqpi.engine.trainer |   epoch 40 step 60/140 loss=0.6443
18:40:29 | INFO    | holoqpi.engine.trainer |   epoch 40 step 80/140 loss=0.9589
18:40:30 | INFO    | holoqpi.engine.trainer |   epoch 40 step 100/140 loss=0.8904
18:40:32 | INFO    | holoqpi.engine.trainer |   epoch 40 step 120/140 loss=0.5403
18:41:16 | INFO    | holoqpi.engine.trainer | epoch 40/60 (53s = 10s train + 43s val) | train_loss=0.7213  val_phase_mae=0.1855  val_dice=0.7617  val_cls_acc=0.7402  val_mass_mape=0.2571
18:41:16 | INFO    | holoqpi.engine.trainer |   epoch 41 step 0/140 loss=0.6998
18:41:18 | INFO    | holoqpi.engine.trainer |   epoch 41 step 20/140 loss=0.4938
18:41:19 | INFO    | holoqpi.engine.trainer |   epoch 41 step 40/140 loss=0.5756
18:41:21 | INFO    | holoqpi.engine.trainer |   epoch 41 step 60/140 loss=0.7416
18:41:22 | INFO    | holoqpi.engine.trainer |   epoch 41 step 80/140 loss=0.8333
18:41:23 | INFO    | holoqpi.engine.trainer |   epoch 41 step 100/140 loss=0.8463
18:41:25 | INFO    | holoqpi.engine.trainer |   epoch 41 step 120/140 loss=0.5800
18:42:10 | INFO    | holoqpi.engine.trainer | epoch 41/60 (54s = 10s train + 43s val) | train_loss=0.7238  val_phase_mae=0.1864  val_dice=0.7630  val_cls_acc=0.7323  val_mass_mape=0.2662
18:42:10 | INFO    | holoqpi.engine.trainer |   epoch 42 step 0/140 loss=0.5721
18:42:11 | INFO    | holoqpi.engine.trainer |   epoch 42 step 20/140 loss=0.5486
18:42:13 | INFO    | holoqpi.engine.trainer |   epoch 42 step 40/140 loss=0.5287
18:42:14 | INFO    | holoqpi.engine.trainer |   epoch 42 step 60/140 loss=0.9101
18:42:15 | INFO    | holoqpi.engine.trainer |   epoch 42 step 80/140 loss=1.6093
18:42:16 | INFO    | holoqpi.engine.trainer |   epoch 42 step 100/140 loss=0.9140
18:42:17 | INFO    | holoqpi.engine.trainer |   epoch 42 step 120/140 loss=0.6562
18:43:02 | INFO    | holoqpi.engine.trainer |   new best composite=0.7602
18:43:02 | INFO    | holoqpi.engine.trainer | epoch 42/60 (52s = 9s train + 43s val) | train_loss=0.7042  val_phase_mae=0.1825  val_dice=0.7677  val_cls_acc=0.7402  val_mass_mape=0.2286
18:43:02 | INFO    | holoqpi.engine.trainer |   epoch 43 step 0/140 loss=0.5188
18:43:03 | INFO    | holoqpi.engine.trainer |   epoch 43 step 20/140 loss=0.6737
18:43:05 | INFO    | holoqpi.engine.trainer |   epoch 43 step 40/140 loss=1.5661
18:43:06 | INFO    | holoqpi.engine.trainer |   epoch 43 step 60/140 loss=0.7049
18:43:08 | INFO    | holoqpi.engine.trainer |   epoch 43 step 80/140 loss=0.7556
18:43:09 | INFO    | holoqpi.engine.trainer |   epoch 43 step 100/140 loss=0.5115
18:43:11 | INFO    | holoqpi.engine.trainer |   epoch 43 step 120/140 loss=0.9262
18:43:55 | INFO    | holoqpi.engine.trainer | epoch 43/60 (54s = 11s train + 43s val) | train_loss=0.7220  val_phase_mae=0.1832  val_dice=0.7622  val_cls_acc=0.7008  val_mass_mape=0.2338
18:43:56 | INFO    | holoqpi.engine.trainer |   epoch 44 step 0/140 loss=0.5699
18:43:57 | INFO    | holoqpi.engine.trainer |   epoch 44 step 20/140 loss=0.5401
18:43:59 | INFO    | holoqpi.engine.trainer |   epoch 44 step 40/140 loss=0.7580
18:44:00 | INFO    | holoqpi.engine.trainer |   epoch 44 step 60/140 loss=0.4838
18:44:02 | INFO    | holoqpi.engine.trainer |   epoch 44 step 80/140 loss=0.8899
18:44:03 | INFO    | holoqpi.engine.trainer |   epoch 44 step 100/140 loss=0.7781
18:44:05 | INFO    | holoqpi.engine.trainer |   epoch 44 step 120/140 loss=0.5321
18:44:49 | INFO    | holoqpi.engine.trainer | epoch 44/60 (54s = 11s train + 43s val) | train_loss=0.7073  val_phase_mae=0.1822  val_dice=0.7663  val_cls_acc=0.7402  val_mass_mape=0.2419
18:44:49 | INFO    | holoqpi.engine.trainer |   epoch 45 step 0/140 loss=0.7039
18:44:51 | INFO    | holoqpi.engine.trainer |   epoch 45 step 20/140 loss=0.4572
18:44:52 | INFO    | holoqpi.engine.trainer |   epoch 45 step 40/140 loss=0.7448
18:44:54 | INFO    | holoqpi.engine.trainer |   epoch 45 step 60/140 loss=0.6708
18:44:55 | INFO    | holoqpi.engine.trainer |   epoch 45 step 80/140 loss=0.9456
18:44:57 | INFO    | holoqpi.engine.trainer |   epoch 45 step 100/140 loss=0.6673
18:44:58 | INFO    | holoqpi.engine.trainer |   epoch 45 step 120/140 loss=0.8723
18:45:43 | INFO    | holoqpi.engine.trainer | epoch 45/60 (54s = 10s train + 43s val) | train_loss=0.7127  val_phase_mae=0.1812  val_dice=0.7678  val_cls_acc=0.6850  val_mass_mape=0.2354
18:45:43 | INFO    | holoqpi.engine.trainer |   epoch 46 step 0/140 loss=0.5674
18:45:44 | INFO    | holoqpi.engine.trainer |   epoch 46 step 20/140 loss=0.9481
18:45:46 | INFO    | holoqpi.engine.trainer |   epoch 46 step 40/140 loss=0.6108
18:45:47 | INFO    | holoqpi.engine.trainer |   epoch 46 step 60/140 loss=0.6047
18:45:49 | INFO    | holoqpi.engine.trainer |   epoch 46 step 80/140 loss=0.5554
18:45:50 | INFO    | holoqpi.engine.trainer |   epoch 46 step 100/140 loss=1.3936
18:45:52 | INFO    | holoqpi.engine.trainer |   epoch 46 step 120/140 loss=0.5808
18:46:36 | INFO    | holoqpi.engine.trainer | epoch 46/60 (54s = 11s train + 43s val) | train_loss=0.6887  val_phase_mae=0.1831  val_dice=0.7636  val_cls_acc=0.7717  val_mass_mape=0.2383
18:46:36 | INFO    | holoqpi.engine.trainer |   epoch 47 step 0/140 loss=0.6505
18:46:38 | INFO    | holoqpi.engine.trainer |   epoch 47 step 20/140 loss=0.6653
18:46:39 | INFO    | holoqpi.engine.trainer |   epoch 47 step 40/140 loss=0.4875
18:46:41 | INFO    | holoqpi.engine.trainer |   epoch 47 step 60/140 loss=0.5773
18:46:42 | INFO    | holoqpi.engine.trainer |   epoch 47 step 80/140 loss=0.7715
18:46:44 | INFO    | holoqpi.engine.trainer |   epoch 47 step 100/140 loss=0.6702
18:46:45 | INFO    | holoqpi.engine.trainer |   epoch 47 step 120/140 loss=0.8649
18:47:29 | INFO    | holoqpi.engine.trainer | epoch 47/60 (53s = 10s train + 43s val) | train_loss=0.6924  val_phase_mae=0.1823  val_dice=0.7658  val_cls_acc=0.7402  val_mass_mape=0.2283
18:47:30 | INFO    | holoqpi.engine.trainer |   epoch 48 step 0/140 loss=0.5177
18:47:31 | INFO    | holoqpi.engine.trainer |   epoch 48 step 20/140 loss=0.8033
18:47:33 | INFO    | holoqpi.engine.trainer |   epoch 48 step 40/140 loss=0.6555
18:47:34 | INFO    | holoqpi.engine.trainer |   epoch 48 step 60/140 loss=0.5796
18:47:36 | INFO    | holoqpi.engine.trainer |   epoch 48 step 80/140 loss=0.6194
18:47:37 | INFO    | holoqpi.engine.trainer |   epoch 48 step 100/140 loss=0.5779
18:47:39 | INFO    | holoqpi.engine.trainer |   epoch 48 step 120/140 loss=0.5717
18:48:23 | INFO    | holoqpi.engine.trainer |   new best composite=0.7602
18:48:23 | INFO    | holoqpi.engine.trainer | epoch 48/60 (54s = 11s train + 43s val) | train_loss=0.6819  val_phase_mae=0.1813  val_dice=0.7652  val_cls_acc=0.7402  val_mass_mape=0.2263
18:48:24 | INFO    | holoqpi.engine.trainer |   epoch 49 step 0/140 loss=0.6755
18:48:25 | INFO    | holoqpi.engine.trainer |   epoch 49 step 20/140 loss=0.5635
18:48:27 | INFO    | holoqpi.engine.trainer |   epoch 49 step 40/140 loss=0.5136
18:48:28 | INFO    | holoqpi.engine.trainer |   epoch 49 step 60/140 loss=0.8206
18:48:30 | INFO    | holoqpi.engine.trainer |   epoch 49 step 80/140 loss=0.5352
18:48:32 | INFO    | holoqpi.engine.trainer |   epoch 49 step 100/140 loss=0.6558
18:48:33 | INFO    | holoqpi.engine.trainer |   epoch 49 step 120/140 loss=0.8909
18:49:18 | INFO    | holoqpi.engine.trainer | epoch 49/60 (55s = 11s train + 43s val) | train_loss=0.6883  val_phase_mae=0.1823  val_dice=0.7633  val_cls_acc=0.7953  val_mass_mape=0.2266
18:49:18 | INFO    | holoqpi.engine.trainer |   epoch 50 step 0/140 loss=0.8429
18:49:20 | INFO    | holoqpi.engine.trainer |   epoch 50 step 20/140 loss=0.7564
18:49:21 | INFO    | holoqpi.engine.trainer |   epoch 50 step 40/140 loss=0.5928
18:49:23 | INFO    | holoqpi.engine.trainer |   epoch 50 step 60/140 loss=0.6578
18:49:24 | INFO    | holoqpi.engine.trainer |   epoch 50 step 80/140 loss=0.4997
18:49:26 | INFO    | holoqpi.engine.trainer |   epoch 50 step 100/140 loss=1.0134
18:49:27 | INFO    | holoqpi.engine.trainer |   epoch 50 step 120/140 loss=0.6615
18:50:12 | INFO    | holoqpi.engine.trainer | epoch 50/60 (54s = 11s train + 44s val) | train_loss=0.6954  val_phase_mae=0.1805  val_dice=0.7677  val_cls_acc=0.8031  val_mass_mape=0.2347
18:50:12 | INFO    | holoqpi.engine.trainer |   epoch 51 step 0/140 loss=0.5559
18:50:14 | INFO    | holoqpi.engine.trainer |   epoch 51 step 20/140 loss=0.5955
18:50:16 | INFO    | holoqpi.engine.trainer |   epoch 51 step 40/140 loss=0.5717
18:50:17 | INFO    | holoqpi.engine.trainer |   epoch 51 step 60/140 loss=0.5161
18:50:19 | INFO    | holoqpi.engine.trainer |   epoch 51 step 80/140 loss=0.5728
18:50:20 | INFO    | holoqpi.engine.trainer |   epoch 51 step 100/140 loss=0.5330
18:50:22 | INFO    | holoqpi.engine.trainer |   epoch 51 step 120/140 loss=0.5382
18:51:07 | INFO    | holoqpi.engine.trainer |   new best composite=0.7604
18:51:07 | INFO    | holoqpi.engine.trainer | epoch 51/60 (54s = 11s train + 43s val) | train_loss=0.6751  val_phase_mae=0.1806  val_dice=0.7667  val_cls_acc=0.8031  val_mass_mape=0.2279
18:51:07 | INFO    | holoqpi.engine.trainer |   epoch 52 step 0/140 loss=0.7557
18:51:09 | INFO    | holoqpi.engine.trainer |   epoch 52 step 20/140 loss=0.5736
18:51:10 | INFO    | holoqpi.engine.trainer |   epoch 52 step 40/140 loss=0.7397
18:51:12 | INFO    | holoqpi.engine.trainer |   epoch 52 step 60/140 loss=0.8795
18:51:13 | INFO    | holoqpi.engine.trainer |   epoch 52 step 80/140 loss=0.5270
18:51:15 | INFO    | holoqpi.engine.trainer |   epoch 52 step 100/140 loss=0.5382
18:51:16 | INFO    | holoqpi.engine.trainer |   epoch 52 step 120/140 loss=0.4631
18:52:01 | INFO    | holoqpi.engine.trainer |   new best composite=0.7607
18:52:01 | INFO    | holoqpi.engine.trainer | epoch 52/60 (54s = 11s train + 43s val) | train_loss=0.6833  val_phase_mae=0.1802  val_dice=0.7698  val_cls_acc=0.8110  val_mass_mape=0.2332
18:52:02 | INFO    | holoqpi.engine.trainer |   epoch 53 step 0/140 loss=0.7015
18:52:03 | INFO    | holoqpi.engine.trainer |   epoch 53 step 20/140 loss=0.8995
18:52:05 | INFO    | holoqpi.engine.trainer |   epoch 53 step 40/140 loss=0.8192
18:52:06 | INFO    | holoqpi.engine.trainer |   epoch 53 step 60/140 loss=0.4490
18:52:08 | INFO    | holoqpi.engine.trainer |   epoch 53 step 80/140 loss=0.5272
18:52:09 | INFO    | holoqpi.engine.trainer |   epoch 53 step 100/140 loss=0.6624
18:52:11 | INFO    | holoqpi.engine.trainer |   epoch 53 step 120/140 loss=0.5895
18:52:55 | INFO    | holoqpi.engine.trainer | epoch 53/60 (54s = 11s train + 43s val) | train_loss=0.6753  val_phase_mae=0.1813  val_dice=0.7688  val_cls_acc=0.7953  val_mass_mape=0.2343
18:52:55 | INFO    | holoqpi.engine.trainer |   epoch 54 step 0/140 loss=0.5600
18:52:57 | INFO    | holoqpi.engine.trainer |   epoch 54 step 20/140 loss=1.0420
18:52:58 | INFO    | holoqpi.engine.trainer |   epoch 54 step 40/140 loss=0.8526
18:53:00 | INFO    | holoqpi.engine.trainer |   epoch 54 step 60/140 loss=0.9154
18:53:01 | INFO    | holoqpi.engine.trainer |   epoch 54 step 80/140 loss=0.4699
18:53:03 | INFO    | holoqpi.engine.trainer |   epoch 54 step 100/140 loss=0.8261
18:53:04 | INFO    | holoqpi.engine.trainer |   epoch 54 step 120/140 loss=0.4446
18:53:49 | INFO    | holoqpi.engine.trainer | epoch 54/60 (54s = 11s train + 43s val) | train_loss=0.6882  val_phase_mae=0.1812  val_dice=0.7674  val_cls_acc=0.7953  val_mass_mape=0.2302
18:53:49 | INFO    | holoqpi.engine.trainer |   epoch 55 step 0/140 loss=0.5533
18:53:51 | INFO    | holoqpi.engine.trainer |   epoch 55 step 20/140 loss=0.5790
18:53:52 | INFO    | holoqpi.engine.trainer |   epoch 55 step 40/140 loss=0.6235
18:53:54 | INFO    | holoqpi.engine.trainer |   epoch 55 step 60/140 loss=0.5819
18:53:55 | INFO    | holoqpi.engine.trainer |   epoch 55 step 80/140 loss=0.4608
18:53:57 | INFO    | holoqpi.engine.trainer |   epoch 55 step 100/140 loss=0.5547
18:53:58 | INFO    | holoqpi.engine.trainer |   epoch 55 step 120/140 loss=0.8383
18:54:43 | INFO    | holoqpi.engine.trainer | epoch 55/60 (54s = 11s train + 43s val) | train_loss=0.6734  val_phase_mae=0.1814  val_dice=0.7682  val_cls_acc=0.8031  val_mass_mape=0.2347
18:54:43 | INFO    | holoqpi.engine.trainer |   epoch 56 step 0/140 loss=0.5762
18:54:45 | INFO    | holoqpi.engine.trainer |   epoch 56 step 20/140 loss=0.6983
18:54:46 | INFO    | holoqpi.engine.trainer |   epoch 56 step 40/140 loss=0.5520
18:54:48 | INFO    | holoqpi.engine.trainer |   epoch 56 step 60/140 loss=0.5180
18:54:50 | INFO    | holoqpi.engine.trainer |   epoch 56 step 80/140 loss=0.9836
18:54:51 | INFO    | holoqpi.engine.trainer |   epoch 56 step 100/140 loss=0.6298
18:54:53 | INFO    | holoqpi.engine.trainer |   epoch 56 step 120/140 loss=0.8923
18:55:38 | INFO    | holoqpi.engine.trainer |   new best composite=0.7614
18:55:38 | INFO    | holoqpi.engine.trainer | epoch 56/60 (55s = 11s train + 44s val) | train_loss=0.6685  val_phase_mae=0.1805  val_dice=0.7675  val_cls_acc=0.7795  val_mass_mape=0.2241
18:55:39 | INFO    | holoqpi.engine.trainer |   epoch 57 step 0/140 loss=0.5852
18:55:40 | INFO    | holoqpi.engine.trainer |   epoch 57 step 20/140 loss=0.7945
18:55:42 | INFO    | holoqpi.engine.trainer |   epoch 57 step 40/140 loss=0.7337
18:55:43 | INFO    | holoqpi.engine.trainer |   epoch 57 step 60/140 loss=0.5725
18:55:45 | INFO    | holoqpi.engine.trainer |   epoch 57 step 80/140 loss=0.5279
18:55:46 | INFO    | holoqpi.engine.trainer |   epoch 57 step 100/140 loss=0.6154
18:55:48 | INFO    | holoqpi.engine.trainer |   epoch 57 step 120/140 loss=0.5667
18:56:32 | INFO    | holoqpi.engine.trainer | epoch 57/60 (54s = 11s train + 43s val) | train_loss=0.6609  val_phase_mae=0.1805  val_dice=0.7678  val_cls_acc=0.7559  val_mass_mape=0.2297
18:56:32 | INFO    | holoqpi.engine.trainer |   epoch 58 step 0/140 loss=0.7243
18:56:34 | INFO    | holoqpi.engine.trainer |   epoch 58 step 20/140 loss=0.6584
18:56:35 | INFO    | holoqpi.engine.trainer |   epoch 58 step 40/140 loss=0.7269
18:56:37 | INFO    | holoqpi.engine.trainer |   epoch 58 step 60/140 loss=0.6744
18:56:38 | INFO    | holoqpi.engine.trainer |   epoch 58 step 80/140 loss=0.8984
18:56:40 | INFO    | holoqpi.engine.trainer |   epoch 58 step 100/140 loss=0.5575
18:56:41 | INFO    | holoqpi.engine.trainer |   epoch 58 step 120/140 loss=0.7514
18:57:25 | INFO    | holoqpi.engine.trainer | epoch 58/60 (53s = 10s train + 43s val) | train_loss=0.6789  val_phase_mae=0.1808  val_dice=0.7676  val_cls_acc=0.7953  val_mass_mape=0.2301
18:57:26 | INFO    | holoqpi.engine.trainer |   epoch 59 step 0/140 loss=0.5583
18:57:27 | INFO    | holoqpi.engine.trainer |   epoch 59 step 20/140 loss=0.6338
18:57:28 | INFO    | holoqpi.engine.trainer |   epoch 59 step 40/140 loss=0.5121
18:57:30 | INFO    | holoqpi.engine.trainer |   epoch 59 step 60/140 loss=0.6129
18:57:31 | INFO    | holoqpi.engine.trainer |   epoch 59 step 80/140 loss=0.4983
18:57:33 | INFO    | holoqpi.engine.trainer |   epoch 59 step 100/140 loss=0.4671
18:57:34 | INFO    | holoqpi.engine.trainer |   epoch 59 step 120/140 loss=0.5419
18:58:18 | INFO    | holoqpi.engine.trainer |   new best composite=0.7618
18:58:18 | INFO    | holoqpi.engine.trainer | epoch 59/60 (53s = 10s train + 43s val) | train_loss=0.6598  val_phase_mae=0.1805  val_dice=0.7686  val_cls_acc=0.7717  val_mass_mape=0.2274
18:58:19 | INFO    | holoqpi.engine.trainer |   epoch 60 step 0/140 loss=0.4812
18:58:20 | INFO    | holoqpi.engine.trainer |   epoch 60 step 20/140 loss=1.1416
18:58:22 | INFO    | holoqpi.engine.trainer |   epoch 60 step 40/140 loss=1.6141
18:58:23 | INFO    | holoqpi.engine.trainer |   epoch 60 step 60/140 loss=0.5862
18:58:25 | INFO    | holoqpi.engine.trainer |   epoch 60 step 80/140 loss=0.5580
18:58:26 | INFO    | holoqpi.engine.trainer |   epoch 60 step 100/140 loss=0.7124
18:58:28 | INFO    | holoqpi.engine.trainer |   epoch 60 step 120/140 loss=0.6010
18:59:11 | INFO    | holoqpi.engine.trainer | epoch 60/60 (53s = 11s train + 42s val) | train_loss=0.6639  val_phase_mae=0.1812  val_dice=0.7681  val_cls_acc=0.7717  val_mass_mape=0.2347
18:59:12 | INFO    | holoqpi.engine.trainer | training finished; best epoch 59 (composite=0.7618)
18:59:12 | INFO    | holoqpi.engine.trainer | checkpoint best_model.pt: 446/446 tensors matched
18:59:52 | INFO    | holoqpi.engine.compare | modality=gabor test metrics written to runs/base_gabor
18:59:52 | INFO    | holoqpi.engine.compare | comparison table written to runs/base_modality_comparison.csv
