22:18:11 | WARNING | __main__ | requested |z| up to 600.0 um, but on a 900 px grid diffraction wraps around beyond 143.2 um; scores outside that are not physical
22:18:11 | INFO    | holoqpi.data.dataset | val split: 127 samples | modality=off_axis | crop=None | augment=False
field 900 px -> physically usable |z| <= 143.2 um; scanning [-600.0, +600.0] um in 121 steps
  note: 92 of 121 distances exceed what a 900 px field can model without
        the diffraction wrapping around. Their residuals are approximate, and a minimum
        found only out there should not be trusted. This is a property of the field size,
        not of the data.
22:18:21 | INFO    | holoqpi.data.dataset | val split: 127 samples | modality=off_axis | crop=None | augment=False

=== off_axis  (4 images) ===
  forward  (training residual, minimised)   z =  -140.000 um   residual = 0.14001   well depth 6.7
  per-image agreement                       median    +0.000 um   IQR 280.000 um   consistent: False
  inverse  (weak cross-check)               z =  -240.000 um   prominence 2.4
  grid step 10.000 um
  residual using the REFERENCE phase       0.1400   (the floor set by the approximate operator)
  forward-model sensitivity to phase   at best z 0.5976 /rad   at z=0 0.5041 /rad

  -> the residual has a minimum but individual images DISAGREE about where.
     Something varies between fields that should not: check data.align, and
     check that the reference phase was reconstructed with one fixed z
     rather than refocused per image. Do not guess a value.
22:18:22 | INFO    | holoqpi.data.dataset | val split: 127 samples | modality=gabor | crop=None | augment=False

--- off_axis: can the forward-model term be trained? ---
    reference     0.1400  <- floor
    scaled_0.9    0.1314
    scaled_0.5    0.1174
    noisy_0.3     0.1827
    mirrored      0.1120
    zero          0.2953
  margin vs floor:  near-truth -0.0086   far-from-truth -0.0280
  -> ANTI-DISCRIMINATIVE, which is worse than useless: a degraded phase
     scores BETTER than the truth, so minimising this term would drive the
     reconstruction away from the reference. Not trained on this arm at
     any weight. The asymmetry between geometries is itself a result.
22:18:25 | INFO    | holoqpi.data.dataset | val split: 127 samples | modality=gabor | crop=None | augment=False

=== gabor  (4 images) ===
  forward  (training residual, minimised)   z =   +30.000 um   residual = 0.82408   well depth 4.9
  per-image agreement                       median   +35.000 um   IQR 65.000 um   consistent: False
  inverse  (weak cross-check)               z =  +250.000 um   prominence 1.4
  grid step 10.000 um
  residual using the REFERENCE phase       0.8241   (the floor set by the approximate operator)
  forward-model sensitivity to phase   at best z 0.4335 /rad   at z=0 0.0000 /rad

  -> the residual has a minimum but individual images DISAGREE about where.
     Something varies between fields that should not: check data.align, and
     check that the reference phase was reconstructed with one fixed z
     rather than refocused per image. Do not guess a value.

--- gabor: can the forward-model term be trained? ---
    reference     0.8241  <- floor
    scaled_0.9    0.8236
    scaled_0.5    0.8463
    noisy_0.3     0.9040
    mirrored      0.9984
    zero          0.9996
  margin vs floor:  near-truth -0.0005   far-from-truth +0.1744
  -> MARGINAL. The term separates a real reconstruction from nonsense, but
     near the truth its slope is within noise, so it cannot refine a
     prediction that is already close. Reportable as a diagnostic; not
     trained by default. Raise loss.weights.forward_model deliberately if
     you want to test it, and check the phase metrics do not degrade.

curves and estimates -> runs/z_calibration.json

The forward operator does not reproduce these holograms even from the
ground-truth phase, in either geometry. This is not a tuning problem and
no distance will fix it. The delivered phase has been demodulated,
filtered, aberration-corrected and unwrapped by a pipeline we are
reverse-engineering, and the accumulated approximation dominates the
residual.

What unblocks it, in order:
  1. The acquiring group's reconstruction code or its exact parameters:
     demodulation and sideband filter, aberration model, unwrapping, and
     the per-sample distance. With those the operator is exact.
  2. Failing that, a handful of RAW unprocessed phase reconstructions
     (no aberration removal, no background subtraction) with their
     holograms, which is enough to validate the operator.

Until then leave loss.weights.forward_model at 0.0. The term is
implemented and verified against synthetic data where the operator is
known (scripts/selftest.py section 6); what is missing is this
dataset's operator, not the code.
