22:19:17 | INFO    | holoqpi.engine.compare | ======================================================================
22:19:17 | INFO    | holoqpi.engine.compare | modality=off_axis  device=cuda  run_dir=runs/base_off_axis
22:19:17 | INFO    | holoqpi.engine.compare | ======================================================================
22:19:17 | INFO    | holoqpi.data.dataset | train split: 560 samples | modality=off_axis | crop=512 | augment=True
22:19:17 | INFO    | holoqpi.data.dataset | val split: 127 samples | modality=off_axis | crop=None | augment=False
22:19:17 | INFO    | holoqpi.data.dataset | test split: 113 samples | modality=off_axis | crop=None | augment=False
22:19:18 | INFO    | holoqpi.models.encoders | encoder=mobilenet_v2 in_channels=1 pretrained=True stages=[16, 24, 32, 96, 1280]
22:19:18 | INFO    | holoqpi.models.holonet | HoloQPINet built: 9.76M parameters, 9.76M trainable (100.0%)
22:19:20 | INFO    | holoqpi.engine.trainer | trainable 9.76M / 9.76M parameters (100.0%)
22:19:20 | INFO    | holoqpi.engine.trainer | active physics terms: ['phase_mask_contrast', 'boundary_gradient_alignment', 'phase_volume', 'dry_mass_consistency', 'projected_area_consistency']
22:19:25 | INFO    | holoqpi.engine.trainer |   epoch 1 step 0/140 loss=2.5160
22:19:27 | INFO    | holoqpi.engine.trainer |   epoch 1 step 20/140 loss=2.3119
22:19:29 | INFO    | holoqpi.engine.trainer |   epoch 1 step 40/140 loss=1.9339
22:19:31 | INFO    | holoqpi.engine.trainer |   epoch 1 step 60/140 loss=1.6492
22:19:33 | INFO    | holoqpi.engine.trainer |   epoch 1 step 80/140 loss=1.5500
22:19:35 | INFO    | holoqpi.engine.trainer |   epoch 1 step 100/140 loss=1.4590
22:19:37 | INFO    | holoqpi.engine.trainer |   epoch 1 step 120/140 loss=1.3275
22:20:29 | INFO    | holoqpi.engine.trainer |   new best composite=0.6273
22:20:29 | INFO    | holoqpi.engine.trainer | epoch 1/60 (69s = 20s train + 50s val) | train_loss=1.7828  val_phase_mae=0.2585  val_dice=0.6519  val_cls_acc=0.2756  val_mass_mape=0.3351
22:20:29 | INFO    | holoqpi.engine.trainer |   at this rate the full 60-epoch schedule takes about 69 min
22:20:30 | INFO    | holoqpi.engine.trainer |   epoch 2 step 0/140 loss=1.3610
22:20:32 | INFO    | holoqpi.engine.trainer |   epoch 2 step 20/140 loss=1.2699
22:20:34 | INFO    | holoqpi.engine.trainer |   epoch 2 step 40/140 loss=1.3227
22:20:36 | INFO    | holoqpi.engine.trainer |   epoch 2 step 60/140 loss=1.1587
22:20:38 | INFO    | holoqpi.engine.trainer |   epoch 2 step 80/140 loss=1.0926
22:20:40 | INFO    | holoqpi.engine.trainer |   epoch 2 step 100/140 loss=1.0871
22:20:42 | INFO    | holoqpi.engine.trainer |   epoch 2 step 120/140 loss=1.1669
22:21:30 | INFO    | holoqpi.engine.trainer |   new best composite=0.7148
22:21:30 | INFO    | holoqpi.engine.trainer | epoch 2/60 (61s = 15s train + 45s val) | train_loss=1.1664  val_phase_mae=0.2107  val_dice=0.7340  val_cls_acc=0.2441  val_mass_mape=0.3002
22:21:30 | INFO    | holoqpi.engine.trainer |   epoch 3 step 0/140 loss=1.0332
22:21:32 | INFO    | holoqpi.engine.trainer |   epoch 3 step 20/140 loss=0.8442
22:21:34 | INFO    | holoqpi.engine.trainer |   epoch 3 step 40/140 loss=0.9514
22:21:36 | INFO    | holoqpi.engine.trainer |   epoch 3 step 60/140 loss=1.0577
22:21:38 | INFO    | holoqpi.engine.trainer |   epoch 3 step 80/140 loss=0.9726
22:21:40 | INFO    | holoqpi.engine.trainer |   epoch 3 step 100/140 loss=0.9836
22:21:42 | INFO    | holoqpi.engine.trainer |   epoch 3 step 120/140 loss=0.8502
22:22:28 | INFO    | holoqpi.engine.trainer |   new best composite=0.7371
22:22:28 | INFO    | holoqpi.engine.trainer | epoch 3/60 (58s = 14s train + 44s val) | train_loss=0.9439  val_phase_mae=0.2008  val_dice=0.7565  val_cls_acc=0.3071  val_mass_mape=0.2693
22:22:29 | INFO    | holoqpi.engine.trainer |   epoch 4 step 0/140 loss=0.9563
22:22:31 | INFO    | holoqpi.engine.trainer |   epoch 4 step 20/140 loss=0.8506
22:22:32 | INFO    | holoqpi.engine.trainer |   epoch 4 step 40/140 loss=1.0543
22:22:34 | INFO    | holoqpi.engine.trainer |   epoch 4 step 60/140 loss=0.8848
22:22:37 | INFO    | holoqpi.engine.trainer |   epoch 4 step 80/140 loss=0.8736
22:22:38 | INFO    | holoqpi.engine.trainer |   epoch 4 step 100/140 loss=0.8389
22:22:40 | INFO    | holoqpi.engine.trainer |   epoch 4 step 120/140 loss=0.8088
22:23:26 | INFO    | holoqpi.engine.trainer |   new best composite=0.7656
22:23:26 | INFO    | holoqpi.engine.trainer | epoch 4/60 (57s = 14s train + 43s val) | train_loss=0.8843  val_phase_mae=0.1889  val_dice=0.7799  val_cls_acc=0.3307  val_mass_mape=0.2334
22:23:26 | INFO    | holoqpi.engine.trainer |   epoch 5 step 0/140 loss=0.8622
22:23:28 | INFO    | holoqpi.engine.trainer |   epoch 5 step 20/140 loss=0.8742
22:23:30 | INFO    | holoqpi.engine.trainer |   epoch 5 step 40/140 loss=0.8458
22:23:32 | INFO    | holoqpi.engine.trainer |   epoch 5 step 60/140 loss=0.7774
22:23:34 | INFO    | holoqpi.engine.trainer |   epoch 5 step 80/140 loss=0.9020
22:23:36 | INFO    | holoqpi.engine.trainer |   epoch 5 step 100/140 loss=0.8825
22:23:38 | INFO    | holoqpi.engine.trainer |   epoch 5 step 120/140 loss=0.7577
22:24:24 | INFO    | holoqpi.engine.trainer |   new best composite=0.7663
22:24:24 | INFO    | holoqpi.engine.trainer | epoch 5/60 (58s = 14s train + 44s val) | train_loss=0.8333  val_phase_mae=0.1890  val_dice=0.7842  val_cls_acc=0.3071  val_mass_mape=0.2398
22:24:24 | INFO    | holoqpi.engine.trainer |   epoch 6 step 0/140 loss=0.7928
22:24:26 | INFO    | holoqpi.engine.trainer |   epoch 6 step 20/140 loss=0.8877
22:24:28 | INFO    | holoqpi.engine.trainer |   epoch 6 step 40/140 loss=0.7899
22:24:30 | INFO    | holoqpi.engine.trainer |   epoch 6 step 60/140 loss=0.6634
22:24:32 | INFO    | holoqpi.engine.trainer |   epoch 6 step 80/140 loss=0.6598
22:24:34 | INFO    | holoqpi.engine.trainer |   epoch 6 step 100/140 loss=0.8620
22:24:36 | INFO    | holoqpi.engine.trainer |   epoch 6 step 120/140 loss=0.7392
22:25:21 | INFO    | holoqpi.engine.trainer | epoch 6/60 (58s = 14s train + 43s val) | train_loss=0.7993  val_phase_mae=0.1885  val_dice=0.7853  val_cls_acc=0.2677  val_mass_mape=0.2803
22:25:22 | INFO    | holoqpi.engine.trainer |   epoch 7 step 0/140 loss=0.7506
22:25:24 | INFO    | holoqpi.engine.trainer |   epoch 7 step 20/140 loss=0.7357
22:25:26 | INFO    | holoqpi.engine.trainer |   epoch 7 step 40/140 loss=0.7768
22:25:28 | INFO    | holoqpi.engine.trainer |   epoch 7 step 60/140 loss=0.6935
22:25:30 | INFO    | holoqpi.engine.trainer |   epoch 7 step 80/140 loss=0.7911
22:25:32 | INFO    | holoqpi.engine.trainer |   epoch 7 step 100/140 loss=0.7891
22:25:34 | INFO    | holoqpi.engine.trainer |   epoch 7 step 120/140 loss=0.8887
22:26:19 | INFO    | holoqpi.engine.trainer | epoch 7/60 (58s = 14s train + 44s val) | train_loss=0.7754  val_phase_mae=0.1902  val_dice=0.7919  val_cls_acc=0.4409  val_mass_mape=0.2954
22:26:20 | INFO    | holoqpi.engine.trainer |   epoch 8 step 0/140 loss=0.7420
22:26:22 | INFO    | holoqpi.engine.trainer |   epoch 8 step 20/140 loss=0.7182
22:26:24 | INFO    | holoqpi.engine.trainer |   epoch 8 step 40/140 loss=0.8524
22:26:26 | INFO    | holoqpi.engine.trainer |   epoch 8 step 60/140 loss=0.6664
22:26:28 | INFO    | holoqpi.engine.trainer |   epoch 8 step 80/140 loss=0.7294
22:26:30 | INFO    | holoqpi.engine.trainer |   epoch 8 step 100/140 loss=0.8063
22:26:32 | INFO    | holoqpi.engine.trainer |   epoch 8 step 120/140 loss=0.8019
22:27:18 | INFO    | holoqpi.engine.trainer |   new best composite=0.7786
22:27:18 | INFO    | holoqpi.engine.trainer | epoch 8/60 (58s = 14s train + 44s val) | train_loss=0.7566  val_phase_mae=0.1957  val_dice=0.7955  val_cls_acc=0.3465  val_mass_mape=0.2248
22:27:19 | INFO    | holoqpi.engine.trainer |   epoch 9 step 0/140 loss=0.7626
22:27:20 | INFO    | holoqpi.engine.trainer |   epoch 9 step 20/140 loss=0.5820
22:27:22 | INFO    | holoqpi.engine.trainer |   epoch 9 step 40/140 loss=0.6650
22:27:24 | INFO    | holoqpi.engine.trainer |   epoch 9 step 60/140 loss=0.8582
22:27:26 | INFO    | holoqpi.engine.trainer |   epoch 9 step 80/140 loss=0.8730
22:27:28 | INFO    | holoqpi.engine.trainer |   epoch 9 step 100/140 loss=0.7698
22:27:30 | INFO    | holoqpi.engine.trainer |   epoch 9 step 120/140 loss=0.8334
22:28:16 | INFO    | holoqpi.engine.trainer |   new best composite=0.7804
22:28:16 | INFO    | holoqpi.engine.trainer | epoch 9/60 (58s = 14s train + 44s val) | train_loss=0.7514  val_phase_mae=0.1780  val_dice=0.8027  val_cls_acc=0.4488  val_mass_mape=0.2444
22:28:17 | INFO    | holoqpi.engine.trainer |   epoch 10 step 0/140 loss=0.7472
22:28:19 | INFO    | holoqpi.engine.trainer |   epoch 10 step 20/140 loss=0.7380
22:28:21 | INFO    | holoqpi.engine.trainer |   epoch 10 step 40/140 loss=0.8318
22:28:23 | INFO    | holoqpi.engine.trainer |   epoch 10 step 60/140 loss=0.7787
22:28:25 | INFO    | holoqpi.engine.trainer |   epoch 10 step 80/140 loss=0.8813
22:28:27 | INFO    | holoqpi.engine.trainer |   epoch 10 step 100/140 loss=0.7733
22:28:29 | INFO    | holoqpi.engine.trainer |   epoch 10 step 120/140 loss=0.7925
22:29:14 | INFO    | holoqpi.engine.trainer | epoch 10/60 (58s = 14s train + 44s val) | train_loss=0.7451  val_phase_mae=0.1818  val_dice=0.8032  val_cls_acc=0.4173  val_mass_mape=0.2490
22:29:15 | INFO    | holoqpi.engine.trainer |   epoch 11 step 0/140 loss=0.7206
22:29:17 | INFO    | holoqpi.engine.trainer |   epoch 11 step 20/140 loss=0.7929
22:29:19 | INFO    | holoqpi.engine.trainer |   epoch 11 step 40/140 loss=1.0736
22:29:20 | INFO    | holoqpi.engine.trainer |   epoch 11 step 60/140 loss=0.6965
22:29:22 | INFO    | holoqpi.engine.trainer |   epoch 11 step 80/140 loss=0.6703
22:29:24 | INFO    | holoqpi.engine.trainer |   epoch 11 step 100/140 loss=0.6735
22:29:26 | INFO    | holoqpi.engine.trainer |   epoch 11 step 120/140 loss=0.7627
22:30:12 | INFO    | holoqpi.engine.trainer |   new best composite=0.7818
22:30:12 | INFO    | holoqpi.engine.trainer | epoch 11/60 (58s = 14s train + 44s val) | train_loss=0.7316  val_phase_mae=0.1812  val_dice=0.8021  val_cls_acc=0.3071  val_mass_mape=0.2386
22:30:13 | INFO    | holoqpi.engine.trainer |   epoch 12 step 0/140 loss=0.7340
22:30:15 | INFO    | holoqpi.engine.trainer |   epoch 12 step 20/140 loss=0.8301
22:30:17 | INFO    | holoqpi.engine.trainer |   epoch 12 step 40/140 loss=0.6973
22:30:19 | INFO    | holoqpi.engine.trainer |   epoch 12 step 60/140 loss=0.7511
22:30:21 | INFO    | holoqpi.engine.trainer |   epoch 12 step 80/140 loss=0.6435
22:30:23 | INFO    | holoqpi.engine.trainer |   epoch 12 step 100/140 loss=0.6189
22:30:25 | INFO    | holoqpi.engine.trainer |   epoch 12 step 120/140 loss=0.5707
22:31:11 | INFO    | holoqpi.engine.trainer |   new best composite=0.7970
22:31:11 | INFO    | holoqpi.engine.trainer | epoch 12/60 (59s = 15s train + 44s val) | train_loss=0.7181  val_phase_mae=0.1727  val_dice=0.8104  val_cls_acc=0.2677  val_mass_mape=0.2016
22:31:12 | INFO    | holoqpi.engine.trainer |   epoch 13 step 0/140 loss=0.6349
22:31:14 | INFO    | holoqpi.engine.trainer |   epoch 13 step 20/140 loss=0.8112
22:31:16 | INFO    | holoqpi.engine.trainer |   epoch 13 step 40/140 loss=0.7805
22:31:18 | INFO    | holoqpi.engine.trainer |   epoch 13 step 60/140 loss=0.7512
22:31:20 | INFO    | holoqpi.engine.trainer |   epoch 13 step 80/140 loss=0.6532
22:31:22 | INFO    | holoqpi.engine.trainer |   epoch 13 step 100/140 loss=0.6636
22:31:24 | INFO    | holoqpi.engine.trainer |   epoch 13 step 120/140 loss=0.7019
22:32:09 | INFO    | holoqpi.engine.trainer | epoch 13/60 (58s = 14s train + 43s val) | train_loss=0.7192  val_phase_mae=0.1815  val_dice=0.8014  val_cls_acc=0.5197  val_mass_mape=0.2537
22:32:09 | INFO    | holoqpi.engine.trainer |   epoch 14 step 0/140 loss=0.7238
22:32:11 | INFO    | holoqpi.engine.trainer |   epoch 14 step 20/140 loss=0.6613
22:32:13 | INFO    | holoqpi.engine.trainer |   epoch 14 step 40/140 loss=0.6104
22:32:16 | INFO    | holoqpi.engine.trainer |   epoch 14 step 60/140 loss=0.6014
22:32:18 | INFO    | holoqpi.engine.trainer |   epoch 14 step 80/140 loss=0.8828
22:32:20 | INFO    | holoqpi.engine.trainer |   epoch 14 step 100/140 loss=0.6353
22:32:22 | INFO    | holoqpi.engine.trainer |   epoch 14 step 120/140 loss=0.5611
22:33:08 | INFO    | holoqpi.engine.trainer | epoch 14/60 (59s = 15s train + 44s val) | train_loss=0.6985  val_phase_mae=0.1768  val_dice=0.8082  val_cls_acc=0.3622  val_mass_mape=0.2217
22:33:08 | INFO    | holoqpi.engine.trainer |   epoch 15 step 0/140 loss=0.7247
22:33:10 | INFO    | holoqpi.engine.trainer |   epoch 15 step 20/140 loss=0.6387
22:33:12 | INFO    | holoqpi.engine.trainer |   epoch 15 step 40/140 loss=0.6866
22:33:14 | INFO    | holoqpi.engine.trainer |   epoch 15 step 60/140 loss=0.6801
22:33:16 | INFO    | holoqpi.engine.trainer |   epoch 15 step 80/140 loss=0.7353
22:33:18 | INFO    | holoqpi.engine.trainer |   epoch 15 step 100/140 loss=0.5900
22:33:20 | INFO    | holoqpi.engine.trainer |   epoch 15 step 120/140 loss=0.7485
22:34:06 | INFO    | holoqpi.engine.trainer | epoch 15/60 (58s = 14s train + 44s val) | train_loss=0.6947  val_phase_mae=0.1780  val_dice=0.8103  val_cls_acc=0.5591  val_mass_mape=0.2194
22:34:06 | INFO    | holoqpi.engine.trainer |   epoch 16 step 0/140 loss=0.6015
22:34:08 | INFO    | holoqpi.engine.trainer |   epoch 16 step 20/140 loss=0.7001
22:34:10 | INFO    | holoqpi.engine.trainer |   epoch 16 step 40/140 loss=0.7346
22:34:12 | INFO    | holoqpi.engine.trainer |   epoch 16 step 60/140 loss=0.6914
22:34:14 | INFO    | holoqpi.engine.trainer |   epoch 16 step 80/140 loss=0.7264
22:34:16 | INFO    | holoqpi.engine.trainer |   epoch 16 step 100/140 loss=0.5956
22:34:18 | INFO    | holoqpi.engine.trainer |   epoch 16 step 120/140 loss=0.6662
22:35:04 | INFO    | holoqpi.engine.trainer | epoch 16/60 (58s = 14s train + 44s val) | train_loss=0.6821  val_phase_mae=0.1771  val_dice=0.8071  val_cls_acc=0.3937  val_mass_mape=0.1995
22:35:04 | INFO    | holoqpi.engine.trainer |   epoch 17 step 0/140 loss=0.9203
22:35:06 | INFO    | holoqpi.engine.trainer |   epoch 17 step 20/140 loss=0.9164
22:35:08 | INFO    | holoqpi.engine.trainer |   epoch 17 step 40/140 loss=0.5838
22:35:10 | INFO    | holoqpi.engine.trainer |   epoch 17 step 60/140 loss=0.6732
22:35:12 | INFO    | holoqpi.engine.trainer |   epoch 17 step 80/140 loss=0.6821
22:35:14 | INFO    | holoqpi.engine.trainer |   epoch 17 step 100/140 loss=0.6432
22:35:16 | INFO    | holoqpi.engine.trainer |   epoch 17 step 120/140 loss=0.5114
22:36:02 | INFO    | holoqpi.engine.trainer |   new best composite=0.8007
22:36:02 | INFO    | holoqpi.engine.trainer | epoch 17/60 (58s = 14s train + 44s val) | train_loss=0.6695  val_phase_mae=0.1788  val_dice=0.8126  val_cls_acc=0.3780  val_mass_mape=0.1989
22:36:03 | INFO    | holoqpi.engine.trainer |   epoch 18 step 0/140 loss=0.6274
22:36:05 | INFO    | holoqpi.engine.trainer |   epoch 18 step 20/140 loss=0.5367
22:36:07 | INFO    | holoqpi.engine.trainer |   epoch 18 step 40/140 loss=0.6889
22:36:09 | INFO    | holoqpi.engine.trainer |   epoch 18 step 60/140 loss=0.7272
22:36:11 | INFO    | holoqpi.engine.trainer |   epoch 18 step 80/140 loss=0.7451
22:36:13 | INFO    | holoqpi.engine.trainer |   epoch 18 step 100/140 loss=0.5397
22:36:15 | INFO    | holoqpi.engine.trainer |   epoch 18 step 120/140 loss=0.6098
22:37:00 | INFO    | holoqpi.engine.trainer | epoch 18/60 (58s = 14s train + 43s val) | train_loss=0.6649  val_phase_mae=0.1788  val_dice=0.8111  val_cls_acc=0.4646  val_mass_mape=0.2162
22:37:00 | INFO    | holoqpi.engine.trainer |   epoch 19 step 0/140 loss=0.5906
22:37:02 | INFO    | holoqpi.engine.trainer |   epoch 19 step 20/140 loss=0.6046
22:37:04 | INFO    | holoqpi.engine.trainer |   epoch 19 step 40/140 loss=0.7400
22:37:06 | INFO    | holoqpi.engine.trainer |   epoch 19 step 60/140 loss=0.7920
22:37:08 | INFO    | holoqpi.engine.trainer |   epoch 19 step 80/140 loss=0.7735
22:37:10 | INFO    | holoqpi.engine.trainer |   epoch 19 step 100/140 loss=0.6650
22:37:12 | INFO    | holoqpi.engine.trainer |   epoch 19 step 120/140 loss=0.7283
22:37:58 | INFO    | holoqpi.engine.trainer | epoch 19/60 (58s = 14s train + 44s val) | train_loss=0.6767  val_phase_mae=0.1748  val_dice=0.8073  val_cls_acc=0.4882  val_mass_mape=0.2213
22:37:58 | INFO    | holoqpi.engine.trainer |   epoch 20 step 0/140 loss=0.6611
22:38:00 | INFO    | holoqpi.engine.trainer |   epoch 20 step 20/140 loss=0.8254
22:38:02 | INFO    | holoqpi.engine.trainer |   epoch 20 step 40/140 loss=0.6653
22:38:04 | INFO    | holoqpi.engine.trainer |   epoch 20 step 60/140 loss=0.8227
22:38:06 | INFO    | holoqpi.engine.trainer |   epoch 20 step 80/140 loss=0.5455
22:38:08 | INFO    | holoqpi.engine.trainer |   epoch 20 step 100/140 loss=0.6212
22:38:10 | INFO    | holoqpi.engine.trainer |   epoch 20 step 120/140 loss=0.7286
22:38:55 | INFO    | holoqpi.engine.trainer | epoch 20/60 (58s = 14s train + 43s val) | train_loss=0.6457  val_phase_mae=0.1791  val_dice=0.8039  val_cls_acc=0.5748  val_mass_mape=0.2098
22:38:56 | INFO    | holoqpi.engine.trainer |   epoch 21 step 0/140 loss=0.6337
22:38:58 | INFO    | holoqpi.engine.trainer |   epoch 21 step 20/140 loss=0.6333
22:39:00 | INFO    | holoqpi.engine.trainer |   epoch 21 step 40/140 loss=1.1643
22:39:02 | INFO    | holoqpi.engine.trainer |   epoch 21 step 60/140 loss=0.6640
22:39:04 | INFO    | holoqpi.engine.trainer |   epoch 21 step 80/140 loss=0.7032
22:39:06 | INFO    | holoqpi.engine.trainer |   epoch 21 step 100/140 loss=0.5728
22:39:08 | INFO    | holoqpi.engine.trainer |   epoch 21 step 120/140 loss=0.7092
22:39:53 | INFO    | holoqpi.engine.trainer | epoch 21/60 (58s = 14s train + 44s val) | train_loss=0.6503  val_phase_mae=0.1726  val_dice=0.8144  val_cls_acc=0.5748  val_mass_mape=0.2146
22:39:54 | INFO    | holoqpi.engine.trainer |   epoch 22 step 0/140 loss=0.5723
22:39:56 | INFO    | holoqpi.engine.trainer |   epoch 22 step 20/140 loss=0.6884
22:39:58 | INFO    | holoqpi.engine.trainer |   epoch 22 step 40/140 loss=0.6560
22:40:00 | INFO    | holoqpi.engine.trainer |   epoch 22 step 60/140 loss=0.7327
22:40:02 | INFO    | holoqpi.engine.trainer |   epoch 22 step 80/140 loss=0.5627
22:40:04 | INFO    | holoqpi.engine.trainer |   epoch 22 step 100/140 loss=0.6997
22:40:06 | INFO    | holoqpi.engine.trainer |   epoch 22 step 120/140 loss=0.6192
22:40:51 | INFO    | holoqpi.engine.trainer | epoch 22/60 (58s = 14s train + 43s val) | train_loss=0.6492  val_phase_mae=0.1780  val_dice=0.8056  val_cls_acc=0.3307  val_mass_mape=0.2237
22:40:52 | INFO    | holoqpi.engine.trainer |   epoch 23 step 0/140 loss=0.5248
22:40:54 | INFO    | holoqpi.engine.trainer |   epoch 23 step 20/140 loss=0.5819
22:40:55 | INFO    | holoqpi.engine.trainer |   epoch 23 step 40/140 loss=0.7188
22:40:57 | INFO    | holoqpi.engine.trainer |   epoch 23 step 60/140 loss=0.6425
22:41:00 | INFO    | holoqpi.engine.trainer |   epoch 23 step 80/140 loss=0.6310
22:41:02 | INFO    | holoqpi.engine.trainer |   epoch 23 step 100/140 loss=0.6378
22:41:04 | INFO    | holoqpi.engine.trainer |   epoch 23 step 120/140 loss=0.6688
22:41:49 | INFO    | holoqpi.engine.trainer | epoch 23/60 (58s = 14s train + 43s val) | train_loss=0.6329  val_phase_mae=0.1770  val_dice=0.8170  val_cls_acc=0.5433  val_mass_mape=0.2250
22:41:49 | INFO    | holoqpi.engine.trainer |   epoch 24 step 0/140 loss=0.5598
22:41:51 | INFO    | holoqpi.engine.trainer |   epoch 24 step 20/140 loss=0.6581
22:41:53 | INFO    | holoqpi.engine.trainer |   epoch 24 step 40/140 loss=0.5832
22:41:55 | INFO    | holoqpi.engine.trainer |   epoch 24 step 60/140 loss=0.6565
22:41:57 | INFO    | holoqpi.engine.trainer |   epoch 24 step 80/140 loss=0.5835
22:41:59 | INFO    | holoqpi.engine.trainer |   epoch 24 step 100/140 loss=1.0280
22:42:01 | INFO    | holoqpi.engine.trainer |   epoch 24 step 120/140 loss=0.9084
22:42:47 | INFO    | holoqpi.engine.trainer |   new best composite=0.8014
22:42:47 | INFO    | holoqpi.engine.trainer | epoch 24/60 (58s = 14s train + 44s val) | train_loss=0.6412  val_phase_mae=0.1742  val_dice=0.8134  val_cls_acc=0.4882  val_mass_mape=0.1984
22:42:48 | INFO    | holoqpi.engine.trainer |   epoch 25 step 0/140 loss=0.6963
22:42:50 | INFO    | holoqpi.engine.trainer |   epoch 25 step 20/140 loss=0.6925
22:42:52 | INFO    | holoqpi.engine.trainer |   epoch 25 step 40/140 loss=0.5837
22:42:54 | INFO    | holoqpi.engine.trainer |   epoch 25 step 60/140 loss=0.5460
22:42:56 | INFO    | holoqpi.engine.trainer |   epoch 25 step 80/140 loss=0.6930
22:42:58 | INFO    | holoqpi.engine.trainer |   epoch 25 step 100/140 loss=0.7323
22:42:59 | INFO    | holoqpi.engine.trainer |   epoch 25 step 120/140 loss=0.6508
22:43:45 | INFO    | holoqpi.engine.trainer |   new best composite=0.8030
22:43:45 | INFO    | holoqpi.engine.trainer | epoch 25/60 (58s = 14s train + 44s val) | train_loss=0.6344  val_phase_mae=0.1749  val_dice=0.8177  val_cls_acc=0.5039  val_mass_mape=0.1963
22:43:46 | INFO    | holoqpi.engine.trainer |   epoch 26 step 0/140 loss=0.5933
22:43:48 | INFO    | holoqpi.engine.trainer |   epoch 26 step 20/140 loss=0.7554
22:43:49 | INFO    | holoqpi.engine.trainer |   epoch 26 step 40/140 loss=0.5906
22:43:51 | INFO    | holoqpi.engine.trainer |   epoch 26 step 60/140 loss=0.8485
22:43:53 | INFO    | holoqpi.engine.trainer |   epoch 26 step 80/140 loss=0.4835
22:43:55 | INFO    | holoqpi.engine.trainer |   epoch 26 step 100/140 loss=0.6285
22:43:57 | INFO    | holoqpi.engine.trainer |   epoch 26 step 120/140 loss=0.4753
22:44:42 | INFO    | holoqpi.engine.trainer | epoch 26/60 (57s = 14s train + 43s val) | train_loss=0.6189  val_phase_mae=0.1747  val_dice=0.8173  val_cls_acc=0.4646  val_mass_mape=0.2065
22:44:43 | INFO    | holoqpi.engine.trainer |   epoch 27 step 0/140 loss=0.8229
22:44:45 | INFO    | holoqpi.engine.trainer |   epoch 27 step 20/140 loss=0.5823
22:44:47 | INFO    | holoqpi.engine.trainer |   epoch 27 step 40/140 loss=0.8413
22:44:49 | INFO    | holoqpi.engine.trainer |   epoch 27 step 60/140 loss=0.6019
22:44:51 | INFO    | holoqpi.engine.trainer |   epoch 27 step 80/140 loss=0.6697
22:44:53 | INFO    | holoqpi.engine.trainer |   epoch 27 step 100/140 loss=0.7224
22:44:55 | INFO    | holoqpi.engine.trainer |   epoch 27 step 120/140 loss=0.5243
22:45:40 | INFO    | holoqpi.engine.trainer | epoch 27/60 (58s = 14s train + 43s val) | train_loss=0.6261  val_phase_mae=0.1728  val_dice=0.8147  val_cls_acc=0.5512  val_mass_mape=0.2178
22:45:41 | INFO    | holoqpi.engine.trainer |   epoch 28 step 0/140 loss=0.5449
22:45:43 | INFO    | holoqpi.engine.trainer |   epoch 28 step 20/140 loss=0.5021
22:45:45 | INFO    | holoqpi.engine.trainer |   epoch 28 step 40/140 loss=0.6503
22:45:46 | INFO    | holoqpi.engine.trainer |   epoch 28 step 60/140 loss=0.6081
22:45:48 | INFO    | holoqpi.engine.trainer |   epoch 28 step 80/140 loss=0.5715
22:45:50 | INFO    | holoqpi.engine.trainer |   epoch 28 step 100/140 loss=0.8087
22:45:52 | INFO    | holoqpi.engine.trainer |   epoch 28 step 120/140 loss=0.5569
22:46:37 | INFO    | holoqpi.engine.trainer | epoch 28/60 (57s = 14s train + 43s val) | train_loss=0.6115  val_phase_mae=0.1744  val_dice=0.8117  val_cls_acc=0.6299  val_mass_mape=0.1924
22:46:38 | INFO    | holoqpi.engine.trainer |   epoch 29 step 0/140 loss=0.6195
22:46:40 | INFO    | holoqpi.engine.trainer |   epoch 29 step 20/140 loss=0.4721
22:46:42 | INFO    | holoqpi.engine.trainer |   epoch 29 step 40/140 loss=0.5250
22:46:44 | INFO    | holoqpi.engine.trainer |   epoch 29 step 60/140 loss=0.5504
22:46:46 | INFO    | holoqpi.engine.trainer |   epoch 29 step 80/140 loss=0.5662
22:46:48 | INFO    | holoqpi.engine.trainer |   epoch 29 step 100/140 loss=0.5374
22:46:50 | INFO    | holoqpi.engine.trainer |   epoch 29 step 120/140 loss=0.6448
22:47:35 | INFO    | holoqpi.engine.trainer | epoch 29/60 (57s = 14s train + 43s val) | train_loss=0.6006  val_phase_mae=0.1723  val_dice=0.8195  val_cls_acc=0.5433  val_mass_mape=0.2278
22:47:35 | INFO    | holoqpi.engine.trainer |   epoch 30 step 0/140 loss=0.6074
22:47:37 | INFO    | holoqpi.engine.trainer |   epoch 30 step 20/140 loss=0.6190
22:47:39 | INFO    | holoqpi.engine.trainer |   epoch 30 step 40/140 loss=0.8138
22:47:41 | INFO    | holoqpi.engine.trainer |   epoch 30 step 60/140 loss=0.8098
22:47:43 | INFO    | holoqpi.engine.trainer |   epoch 30 step 80/140 loss=0.6187
22:47:45 | INFO    | holoqpi.engine.trainer |   epoch 30 step 100/140 loss=0.6857
22:47:47 | INFO    | holoqpi.engine.trainer |   epoch 30 step 120/140 loss=0.5474
22:48:32 | INFO    | holoqpi.engine.trainer | epoch 30/60 (57s = 14s train + 44s val) | train_loss=0.6109  val_phase_mae=0.1752  val_dice=0.8210  val_cls_acc=0.6614  val_mass_mape=0.2218
22:48:33 | INFO    | holoqpi.engine.trainer |   epoch 31 step 0/140 loss=0.6462
22:48:34 | INFO    | holoqpi.engine.trainer |   epoch 31 step 20/140 loss=0.6342
22:48:36 | INFO    | holoqpi.engine.trainer |   epoch 31 step 40/140 loss=0.7894
22:48:38 | INFO    | holoqpi.engine.trainer |   epoch 31 step 60/140 loss=0.5163
22:48:40 | INFO    | holoqpi.engine.trainer |   epoch 31 step 80/140 loss=0.7653
22:48:42 | INFO    | holoqpi.engine.trainer |   epoch 31 step 100/140 loss=0.7760
22:48:44 | INFO    | holoqpi.engine.trainer |   epoch 31 step 120/140 loss=0.5436
22:49:29 | INFO    | holoqpi.engine.trainer |   new best composite=0.8059
22:49:29 | INFO    | holoqpi.engine.trainer | epoch 31/60 (57s = 13s train + 44s val) | train_loss=0.6103  val_phase_mae=0.1739  val_dice=0.8162  val_cls_acc=0.5984  val_mass_mape=0.1911
22:49:30 | INFO    | holoqpi.engine.trainer |   epoch 32 step 0/140 loss=0.5510
22:49:32 | INFO    | holoqpi.engine.trainer |   epoch 32 step 20/140 loss=0.6233
22:49:34 | INFO    | holoqpi.engine.trainer |   epoch 32 step 40/140 loss=0.7259
22:49:36 | INFO    | holoqpi.engine.trainer |   epoch 32 step 60/140 loss=0.7537
22:49:37 | INFO    | holoqpi.engine.trainer |   epoch 32 step 80/140 loss=0.5055
22:49:39 | INFO    | holoqpi.engine.trainer |   epoch 32 step 100/140 loss=0.5128
22:49:41 | INFO    | holoqpi.engine.trainer |   epoch 32 step 120/140 loss=0.6400
22:50:27 | INFO    | holoqpi.engine.trainer | epoch 32/60 (58s = 14s train + 44s val) | train_loss=0.5890  val_phase_mae=0.1782  val_dice=0.8207  val_cls_acc=0.5984  val_mass_mape=0.2135
22:50:28 | INFO    | holoqpi.engine.trainer |   epoch 33 step 0/140 loss=0.5352
22:50:29 | INFO    | holoqpi.engine.trainer |   epoch 33 step 20/140 loss=0.4889
22:50:31 | INFO    | holoqpi.engine.trainer |   epoch 33 step 40/140 loss=0.5829
22:50:33 | INFO    | holoqpi.engine.trainer |   epoch 33 step 60/140 loss=0.6853
22:50:35 | INFO    | holoqpi.engine.trainer |   epoch 33 step 80/140 loss=0.7348
22:50:37 | INFO    | holoqpi.engine.trainer |   epoch 33 step 100/140 loss=0.5340
22:50:39 | INFO    | holoqpi.engine.trainer |   epoch 33 step 120/140 loss=0.4909
22:51:25 | INFO    | holoqpi.engine.trainer |   new best composite=0.8080
22:51:25 | INFO    | holoqpi.engine.trainer | epoch 33/60 (58s = 14s train + 44s val) | train_loss=0.5842  val_phase_mae=0.1705  val_dice=0.8218  val_cls_acc=0.6457  val_mass_mape=0.1909
22:51:26 | INFO    | holoqpi.engine.trainer |   epoch 34 step 0/140 loss=0.5679
22:51:27 | INFO    | holoqpi.engine.trainer |   epoch 34 step 20/140 loss=0.6330
22:51:29 | INFO    | holoqpi.engine.trainer |   epoch 34 step 40/140 loss=0.4956
22:51:31 | INFO    | holoqpi.engine.trainer |   epoch 34 step 60/140 loss=0.5171
22:51:33 | INFO    | holoqpi.engine.trainer |   epoch 34 step 80/140 loss=0.6234
22:51:35 | INFO    | holoqpi.engine.trainer |   epoch 34 step 100/140 loss=0.4659
22:51:37 | INFO    | holoqpi.engine.trainer |   epoch 34 step 120/140 loss=0.6211
22:52:22 | INFO    | holoqpi.engine.trainer | epoch 34/60 (57s = 13s train + 44s val) | train_loss=0.5736  val_phase_mae=0.1738  val_dice=0.8197  val_cls_acc=0.6378  val_mass_mape=0.1968
22:52:23 | INFO    | holoqpi.engine.trainer |   epoch 35 step 0/140 loss=0.4463
22:52:24 | INFO    | holoqpi.engine.trainer |   epoch 35 step 20/140 loss=0.5744
22:52:26 | INFO    | holoqpi.engine.trainer |   epoch 35 step 40/140 loss=0.9595
22:52:28 | INFO    | holoqpi.engine.trainer |   epoch 35 step 60/140 loss=0.8857
22:52:30 | INFO    | holoqpi.engine.trainer |   epoch 35 step 80/140 loss=0.6021
22:52:32 | INFO    | holoqpi.engine.trainer |   epoch 35 step 100/140 loss=0.5282
22:52:34 | INFO    | holoqpi.engine.trainer |   epoch 35 step 120/140 loss=0.6778
22:53:19 | INFO    | holoqpi.engine.trainer |   new best composite=0.8089
22:53:19 | INFO    | holoqpi.engine.trainer | epoch 35/60 (57s = 13s train + 44s val) | train_loss=0.5817  val_phase_mae=0.1727  val_dice=0.8220  val_cls_acc=0.5984  val_mass_mape=0.1899
22:53:20 | INFO    | holoqpi.engine.trainer |   epoch 36 step 0/140 loss=0.5169
22:53:22 | INFO    | holoqpi.engine.trainer |   epoch 36 step 20/140 loss=0.7333
22:53:23 | INFO    | holoqpi.engine.trainer |   epoch 36 step 40/140 loss=0.4791
22:53:25 | INFO    | holoqpi.engine.trainer |   epoch 36 step 60/140 loss=0.6020
22:53:27 | INFO    | holoqpi.engine.trainer |   epoch 36 step 80/140 loss=0.4159
22:53:29 | INFO    | holoqpi.engine.trainer |   epoch 36 step 100/140 loss=0.4278
22:53:31 | INFO    | holoqpi.engine.trainer |   epoch 36 step 120/140 loss=0.7343
22:54:17 | INFO    | holoqpi.engine.trainer | epoch 36/60 (57s = 14s train + 43s val) | train_loss=0.5793  val_phase_mae=0.1719  val_dice=0.8200  val_cls_acc=0.5748  val_mass_mape=0.1935
22:54:17 | INFO    | holoqpi.engine.trainer |   epoch 37 step 0/140 loss=0.5562
22:54:19 | INFO    | holoqpi.engine.trainer |   epoch 37 step 20/140 loss=0.5855
22:54:21 | INFO    | holoqpi.engine.trainer |   epoch 37 step 40/140 loss=0.5187
22:54:23 | INFO    | holoqpi.engine.trainer |   epoch 37 step 60/140 loss=0.6380
22:54:25 | INFO    | holoqpi.engine.trainer |   epoch 37 step 80/140 loss=0.7150
22:54:27 | INFO    | holoqpi.engine.trainer |   epoch 37 step 100/140 loss=0.5414
22:54:29 | INFO    | holoqpi.engine.trainer |   epoch 37 step 120/140 loss=0.5300
22:55:14 | INFO    | holoqpi.engine.trainer | epoch 37/60 (57s = 14s train + 43s val) | train_loss=0.5709  val_phase_mae=0.1705  val_dice=0.8180  val_cls_acc=0.6850  val_mass_mape=0.1878
22:55:14 | INFO    | holoqpi.engine.trainer |   epoch 38 step 0/140 loss=0.5835
22:55:16 | INFO    | holoqpi.engine.trainer |   epoch 38 step 20/140 loss=0.6336
22:55:18 | INFO    | holoqpi.engine.trainer |   epoch 38 step 40/140 loss=0.5332
22:55:20 | INFO    | holoqpi.engine.trainer |   epoch 38 step 60/140 loss=0.5107
22:55:22 | INFO    | holoqpi.engine.trainer |   epoch 38 step 80/140 loss=0.4692
22:55:24 | INFO    | holoqpi.engine.trainer |   epoch 38 step 100/140 loss=0.6617
22:55:26 | INFO    | holoqpi.engine.trainer |   epoch 38 step 120/140 loss=0.4917
22:56:11 | INFO    | holoqpi.engine.trainer | epoch 38/60 (57s = 14s train + 43s val) | train_loss=0.5747  val_phase_mae=0.1768  val_dice=0.8175  val_cls_acc=0.7008  val_mass_mape=0.2010
22:56:11 | INFO    | holoqpi.engine.trainer |   epoch 39 step 0/140 loss=0.6252
22:56:13 | INFO    | holoqpi.engine.trainer |   epoch 39 step 20/140 loss=0.5084
22:56:15 | INFO    | holoqpi.engine.trainer |   epoch 39 step 40/140 loss=0.5034
22:56:17 | INFO    | holoqpi.engine.trainer |   epoch 39 step 60/140 loss=0.5356
22:56:19 | INFO    | holoqpi.engine.trainer |   epoch 39 step 80/140 loss=0.5180
22:56:21 | INFO    | holoqpi.engine.trainer |   epoch 39 step 100/140 loss=0.7290
22:56:23 | INFO    | holoqpi.engine.trainer |   epoch 39 step 120/140 loss=0.5131
22:57:09 | INFO    | holoqpi.engine.trainer | epoch 39/60 (58s = 14s train + 44s val) | train_loss=0.5603  val_phase_mae=0.1713  val_dice=0.8209  val_cls_acc=0.7402  val_mass_mape=0.1871
22:57:10 | INFO    | holoqpi.engine.trainer |   epoch 40 step 0/140 loss=0.6293
22:57:12 | INFO    | holoqpi.engine.trainer |   epoch 40 step 20/140 loss=0.4629
22:57:14 | INFO    | holoqpi.engine.trainer |   epoch 40 step 40/140 loss=0.4210
22:57:16 | INFO    | holoqpi.engine.trainer |   epoch 40 step 60/140 loss=0.5181
22:57:18 | INFO    | holoqpi.engine.trainer |   epoch 40 step 80/140 loss=0.4856
22:57:20 | INFO    | holoqpi.engine.trainer |   epoch 40 step 100/140 loss=0.6533
22:57:22 | INFO    | holoqpi.engine.trainer |   epoch 40 step 120/140 loss=0.4826
22:58:07 | INFO    | holoqpi.engine.trainer | epoch 40/60 (59s = 15s train + 44s val) | train_loss=0.5552  val_phase_mae=0.1682  val_dice=0.8216  val_cls_acc=0.5433  val_mass_mape=0.1915
22:58:08 | INFO    | holoqpi.engine.trainer |   epoch 41 step 0/140 loss=0.6483
22:58:10 | INFO    | holoqpi.engine.trainer |   epoch 41 step 20/140 loss=0.4073
22:58:12 | INFO    | holoqpi.engine.trainer |   epoch 41 step 40/140 loss=0.5601
22:58:14 | INFO    | holoqpi.engine.trainer |   epoch 41 step 60/140 loss=0.6978
22:58:16 | INFO    | holoqpi.engine.trainer |   epoch 41 step 80/140 loss=0.4783
22:58:18 | INFO    | holoqpi.engine.trainer |   epoch 41 step 100/140 loss=0.4473
22:58:20 | INFO    | holoqpi.engine.trainer |   epoch 41 step 120/140 loss=0.4710
22:59:05 | INFO    | holoqpi.engine.trainer |   new best composite=0.8106
22:59:05 | INFO    | holoqpi.engine.trainer | epoch 41/60 (58s = 14s train + 44s val) | train_loss=0.5570  val_phase_mae=0.1714  val_dice=0.8220  val_cls_acc=0.7087  val_mass_mape=0.1865
22:59:06 | INFO    | holoqpi.engine.trainer |   epoch 42 step 0/140 loss=0.5267
22:59:08 | INFO    | holoqpi.engine.trainer |   epoch 42 step 20/140 loss=0.5856
22:59:10 | INFO    | holoqpi.engine.trainer |   epoch 42 step 40/140 loss=0.5742
22:59:12 | INFO    | holoqpi.engine.trainer |   epoch 42 step 60/140 loss=0.6229
22:59:14 | INFO    | holoqpi.engine.trainer |   epoch 42 step 80/140 loss=0.6044
22:59:16 | INFO    | holoqpi.engine.trainer |   epoch 42 step 100/140 loss=0.6018
22:59:18 | INFO    | holoqpi.engine.trainer |   epoch 42 step 120/140 loss=0.5791
23:00:03 | INFO    | holoqpi.engine.trainer | epoch 42/60 (58s = 14s train + 44s val) | train_loss=0.5417  val_phase_mae=0.1684  val_dice=0.8221  val_cls_acc=0.6535  val_mass_mape=0.1939
23:00:04 | INFO    | holoqpi.engine.trainer |   epoch 43 step 0/140 loss=0.6370
23:00:06 | INFO    | holoqpi.engine.trainer |   epoch 43 step 20/140 loss=0.6293
23:00:08 | INFO    | holoqpi.engine.trainer |   epoch 43 step 40/140 loss=0.5777
23:00:10 | INFO    | holoqpi.engine.trainer |   epoch 43 step 60/140 loss=0.5207
23:00:12 | INFO    | holoqpi.engine.trainer |   epoch 43 step 80/140 loss=0.6221
23:00:14 | INFO    | holoqpi.engine.trainer |   epoch 43 step 100/140 loss=0.5247
23:00:16 | INFO    | holoqpi.engine.trainer |   epoch 43 step 120/140 loss=0.4241
23:01:01 | INFO    | holoqpi.engine.trainer | epoch 43/60 (58s = 14s train + 44s val) | train_loss=0.5452  val_phase_mae=0.1713  val_dice=0.8223  val_cls_acc=0.7559  val_mass_mape=0.1853
23:01:02 | INFO    | holoqpi.engine.trainer |   epoch 44 step 0/140 loss=0.5214
23:01:04 | INFO    | holoqpi.engine.trainer |   epoch 44 step 20/140 loss=0.5137
23:01:06 | INFO    | holoqpi.engine.trainer |   epoch 44 step 40/140 loss=0.7056
23:01:08 | INFO    | holoqpi.engine.trainer |   epoch 44 step 60/140 loss=0.4422
23:01:10 | INFO    | holoqpi.engine.trainer |   epoch 44 step 80/140 loss=0.4925
23:01:12 | INFO    | holoqpi.engine.trainer |   epoch 44 step 100/140 loss=0.5958
23:01:14 | INFO    | holoqpi.engine.trainer |   epoch 44 step 120/140 loss=0.5452
23:02:00 | INFO    | holoqpi.engine.trainer | epoch 44/60 (59s = 14s train + 44s val) | train_loss=0.5360  val_phase_mae=0.1704  val_dice=0.8229  val_cls_acc=0.8031  val_mass_mape=0.1953
23:02:01 | INFO    | holoqpi.engine.trainer |   epoch 45 step 0/140 loss=0.4791
23:02:03 | INFO    | holoqpi.engine.trainer |   epoch 45 step 20/140 loss=0.3997
23:02:04 | INFO    | holoqpi.engine.trainer |   epoch 45 step 40/140 loss=0.6899
23:02:06 | INFO    | holoqpi.engine.trainer |   epoch 45 step 60/140 loss=0.4678
23:02:08 | INFO    | holoqpi.engine.trainer |   epoch 45 step 80/140 loss=0.5995
23:02:10 | INFO    | holoqpi.engine.trainer |   epoch 45 step 100/140 loss=0.5947
23:02:12 | INFO    | holoqpi.engine.trainer |   epoch 45 step 120/140 loss=0.4911
23:02:58 | INFO    | holoqpi.engine.trainer | epoch 45/60 (58s = 14s train + 44s val) | train_loss=0.5403  val_phase_mae=0.1706  val_dice=0.8206  val_cls_acc=0.6457  val_mass_mape=0.2022
23:02:59 | INFO    | holoqpi.engine.trainer |   epoch 46 step 0/140 loss=0.4675
23:03:00 | INFO    | holoqpi.engine.trainer |   epoch 46 step 20/140 loss=0.4114
23:03:02 | INFO    | holoqpi.engine.trainer |   epoch 46 step 40/140 loss=0.5487
23:03:04 | INFO    | holoqpi.engine.trainer |   epoch 46 step 60/140 loss=0.4116
23:03:06 | INFO    | holoqpi.engine.trainer |   epoch 46 step 80/140 loss=0.4868
23:03:08 | INFO    | holoqpi.engine.trainer |   epoch 46 step 100/140 loss=0.4398
23:03:10 | INFO    | holoqpi.engine.trainer |   epoch 46 step 120/140 loss=0.5260
23:03:56 | INFO    | holoqpi.engine.trainer | epoch 46/60 (58s = 14s train + 44s val) | train_loss=0.5228  val_phase_mae=0.1728  val_dice=0.8213  val_cls_acc=0.7165  val_mass_mape=0.1886
23:03:56 | INFO    | holoqpi.engine.trainer |   epoch 47 step 0/140 loss=0.4653
23:03:58 | INFO    | holoqpi.engine.trainer |   epoch 47 step 20/140 loss=0.5671
23:04:00 | INFO    | holoqpi.engine.trainer |   epoch 47 step 40/140 loss=0.4864
23:04:02 | INFO    | holoqpi.engine.trainer |   epoch 47 step 60/140 loss=0.5970
23:04:04 | INFO    | holoqpi.engine.trainer |   epoch 47 step 80/140 loss=0.6047
23:04:05 | INFO    | holoqpi.engine.trainer |   epoch 47 step 100/140 loss=0.5087
23:04:07 | INFO    | holoqpi.engine.trainer |   epoch 47 step 120/140 loss=0.4216
23:04:53 | INFO    | holoqpi.engine.trainer | epoch 47/60 (57s = 13s train + 44s val) | train_loss=0.5291  val_phase_mae=0.1728  val_dice=0.8224  val_cls_acc=0.6929  val_mass_mape=0.1885
23:04:54 | INFO    | holoqpi.engine.trainer |   epoch 48 step 0/140 loss=0.4211
23:04:55 | INFO    | holoqpi.engine.trainer |   epoch 48 step 20/140 loss=0.5271
23:04:57 | INFO    | holoqpi.engine.trainer |   epoch 48 step 40/140 loss=0.5419
23:04:59 | INFO    | holoqpi.engine.trainer |   epoch 48 step 60/140 loss=0.5247
23:05:01 | INFO    | holoqpi.engine.trainer |   epoch 48 step 80/140 loss=0.5446
23:05:03 | INFO    | holoqpi.engine.trainer |   epoch 48 step 100/140 loss=0.5475
23:05:05 | INFO    | holoqpi.engine.trainer |   epoch 48 step 120/140 loss=0.5193
23:05:50 | INFO    | holoqpi.engine.trainer | epoch 48/60 (57s = 14s train + 43s val) | train_loss=0.5183  val_phase_mae=0.1696  val_dice=0.8229  val_cls_acc=0.6850  val_mass_mape=0.1889
23:05:51 | INFO    | holoqpi.engine.trainer |   epoch 49 step 0/140 loss=0.4308
23:05:53 | INFO    | holoqpi.engine.trainer |   epoch 49 step 20/140 loss=0.5547
23:05:55 | INFO    | holoqpi.engine.trainer |   epoch 49 step 40/140 loss=0.5114
23:05:56 | INFO    | holoqpi.engine.trainer |   epoch 49 step 60/140 loss=0.3918
23:05:58 | INFO    | holoqpi.engine.trainer |   epoch 49 step 80/140 loss=0.4980
23:06:00 | INFO    | holoqpi.engine.trainer |   epoch 49 step 100/140 loss=0.5231
23:06:02 | INFO    | holoqpi.engine.trainer |   epoch 49 step 120/140 loss=0.4732
23:06:48 | INFO    | holoqpi.engine.trainer | epoch 49/60 (57s = 14s train + 44s val) | train_loss=0.5244  val_phase_mae=0.1711  val_dice=0.8231  val_cls_acc=0.6850  val_mass_mape=0.1917
23:06:48 | INFO    | holoqpi.engine.trainer |   epoch 50 step 0/140 loss=0.4351
23:06:50 | INFO    | holoqpi.engine.trainer |   epoch 50 step 20/140 loss=0.4068
23:06:52 | INFO    | holoqpi.engine.trainer |   epoch 50 step 40/140 loss=0.7350
23:06:54 | INFO    | holoqpi.engine.trainer |   epoch 50 step 60/140 loss=0.3505
23:06:56 | INFO    | holoqpi.engine.trainer |   epoch 50 step 80/140 loss=0.4436
23:06:58 | INFO    | holoqpi.engine.trainer |   epoch 50 step 100/140 loss=0.4852
23:07:00 | INFO    | holoqpi.engine.trainer |   epoch 50 step 120/140 loss=0.5002
23:07:45 | INFO    | holoqpi.engine.trainer | epoch 50/60 (57s = 14s train + 43s val) | train_loss=0.5234  val_phase_mae=0.1702  val_dice=0.8227  val_cls_acc=0.6220  val_mass_mape=0.1973
23:07:46 | INFO    | holoqpi.engine.trainer |   epoch 51 step 0/140 loss=0.4606
23:07:48 | INFO    | holoqpi.engine.trainer |   epoch 51 step 20/140 loss=0.7834
23:07:49 | INFO    | holoqpi.engine.trainer |   epoch 51 step 40/140 loss=0.4881
23:07:51 | INFO    | holoqpi.engine.trainer |   epoch 51 step 60/140 loss=0.4860
23:07:53 | INFO    | holoqpi.engine.trainer |   epoch 51 step 80/140 loss=0.4897
23:07:55 | INFO    | holoqpi.engine.trainer |   epoch 51 step 100/140 loss=0.5858
23:07:57 | INFO    | holoqpi.engine.trainer |   epoch 51 step 120/140 loss=0.4669
23:08:43 | INFO    | holoqpi.engine.trainer |   new best composite=0.8107
23:08:43 | INFO    | holoqpi.engine.trainer | epoch 51/60 (57s = 14s train + 43s val) | train_loss=0.5085  val_phase_mae=0.1708  val_dice=0.8223  val_cls_acc=0.6929  val_mass_mape=0.1876
23:08:43 | INFO    | holoqpi.engine.trainer |   epoch 52 step 0/140 loss=0.8608
23:08:45 | INFO    | holoqpi.engine.trainer |   epoch 52 step 20/140 loss=0.4807
23:08:47 | INFO    | holoqpi.engine.trainer |   epoch 52 step 40/140 loss=0.4762
23:08:49 | INFO    | holoqpi.engine.trainer |   epoch 52 step 60/140 loss=0.5865
23:08:51 | INFO    | holoqpi.engine.trainer |   epoch 52 step 80/140 loss=0.5506
23:08:53 | INFO    | holoqpi.engine.trainer |   epoch 52 step 100/140 loss=0.5265
23:08:55 | INFO    | holoqpi.engine.trainer |   epoch 52 step 120/140 loss=0.5371
23:09:41 | INFO    | holoqpi.engine.trainer |   new best composite=0.8118
23:09:41 | INFO    | holoqpi.engine.trainer | epoch 52/60 (58s = 14s train + 44s val) | train_loss=0.5254  val_phase_mae=0.1703  val_dice=0.8232  val_cls_acc=0.6378  val_mass_mape=0.1856
23:09:41 | INFO    | holoqpi.engine.trainer |   epoch 53 step 0/140 loss=0.5665
23:09:43 | INFO    | holoqpi.engine.trainer |   epoch 53 step 20/140 loss=0.5100
23:09:45 | INFO    | holoqpi.engine.trainer |   epoch 53 step 40/140 loss=0.4974
23:09:47 | INFO    | holoqpi.engine.trainer |   epoch 53 step 60/140 loss=0.3973
23:09:49 | INFO    | holoqpi.engine.trainer |   epoch 53 step 80/140 loss=0.5578
23:09:51 | INFO    | holoqpi.engine.trainer |   epoch 53 step 100/140 loss=0.5318
23:09:53 | INFO    | holoqpi.engine.trainer |   epoch 53 step 120/140 loss=0.4464
23:10:38 | INFO    | holoqpi.engine.trainer |   new best composite=0.8129
23:10:38 | INFO    | holoqpi.engine.trainer | epoch 53/60 (57s = 14s train + 43s val) | train_loss=0.5056  val_phase_mae=0.1716  val_dice=0.8231  val_cls_acc=0.6457  val_mass_mape=0.1806
23:10:39 | INFO    | holoqpi.engine.trainer |   epoch 54 step 0/140 loss=0.5379
23:10:41 | INFO    | holoqpi.engine.trainer |   epoch 54 step 20/140 loss=0.5921
23:10:42 | INFO    | holoqpi.engine.trainer |   epoch 54 step 40/140 loss=0.4430
23:10:44 | INFO    | holoqpi.engine.trainer |   epoch 54 step 60/140 loss=0.5169
23:10:46 | INFO    | holoqpi.engine.trainer |   epoch 54 step 80/140 loss=0.5312
23:10:48 | INFO    | holoqpi.engine.trainer |   epoch 54 step 100/140 loss=0.4418
23:10:50 | INFO    | holoqpi.engine.trainer |   epoch 54 step 120/140 loss=0.4671
23:11:35 | INFO    | holoqpi.engine.trainer | epoch 54/60 (57s = 13s train + 43s val) | train_loss=0.5112  val_phase_mae=0.1714  val_dice=0.8239  val_cls_acc=0.5984  val_mass_mape=0.1829
23:11:35 | INFO    | holoqpi.engine.trainer |   epoch 55 step 0/140 loss=0.4026
23:11:37 | INFO    | holoqpi.engine.trainer |   epoch 55 step 20/140 loss=0.5232
23:11:39 | INFO    | holoqpi.engine.trainer |   epoch 55 step 40/140 loss=0.6083
23:11:41 | INFO    | holoqpi.engine.trainer |   epoch 55 step 60/140 loss=0.4801
23:11:43 | INFO    | holoqpi.engine.trainer |   epoch 55 step 80/140 loss=0.3666
23:11:45 | INFO    | holoqpi.engine.trainer |   epoch 55 step 100/140 loss=0.3831
23:11:47 | INFO    | holoqpi.engine.trainer |   epoch 55 step 120/140 loss=0.4407
23:12:32 | INFO    | holoqpi.engine.trainer | epoch 55/60 (57s = 13s train + 43s val) | train_loss=0.5082  val_phase_mae=0.1708  val_dice=0.8232  val_cls_acc=0.5748  val_mass_mape=0.1864
23:12:32 | INFO    | holoqpi.engine.trainer |   epoch 56 step 0/140 loss=0.4857
23:12:34 | INFO    | holoqpi.engine.trainer |   epoch 56 step 20/140 loss=0.6154
23:12:36 | INFO    | holoqpi.engine.trainer |   epoch 56 step 40/140 loss=0.4498
23:12:38 | INFO    | holoqpi.engine.trainer |   epoch 56 step 60/140 loss=0.4661
23:12:39 | INFO    | holoqpi.engine.trainer |   epoch 56 step 80/140 loss=0.4222
23:12:41 | INFO    | holoqpi.engine.trainer |   epoch 56 step 100/140 loss=0.4562
23:12:43 | INFO    | holoqpi.engine.trainer |   epoch 56 step 120/140 loss=0.3970
23:13:28 | INFO    | holoqpi.engine.trainer | epoch 56/60 (57s = 13s train + 43s val) | train_loss=0.5006  val_phase_mae=0.1704  val_dice=0.8239  val_cls_acc=0.6850  val_mass_mape=0.1902
23:13:29 | INFO    | holoqpi.engine.trainer |   epoch 57 step 0/140 loss=0.5204
23:13:31 | INFO    | holoqpi.engine.trainer |   epoch 57 step 20/140 loss=0.4860
23:13:33 | INFO    | holoqpi.engine.trainer |   epoch 57 step 40/140 loss=0.3439
23:13:35 | INFO    | holoqpi.engine.trainer |   epoch 57 step 60/140 loss=0.5119
23:13:36 | INFO    | holoqpi.engine.trainer |   epoch 57 step 80/140 loss=0.5178
23:13:38 | INFO    | holoqpi.engine.trainer |   epoch 57 step 100/140 loss=0.4785
23:13:40 | INFO    | holoqpi.engine.trainer |   epoch 57 step 120/140 loss=0.4801
23:14:26 | INFO    | holoqpi.engine.trainer | epoch 57/60 (57s = 14s train + 43s val) | train_loss=0.5034  val_phase_mae=0.1722  val_dice=0.8233  val_cls_acc=0.6614  val_mass_mape=0.1846
23:14:26 | INFO    | holoqpi.engine.trainer |   epoch 58 step 0/140 loss=0.5962
23:14:28 | INFO    | holoqpi.engine.trainer |   epoch 58 step 20/140 loss=0.5025
23:14:30 | INFO    | holoqpi.engine.trainer |   epoch 58 step 40/140 loss=0.5913
23:14:32 | INFO    | holoqpi.engine.trainer |   epoch 58 step 60/140 loss=0.5848
23:14:34 | INFO    | holoqpi.engine.trainer |   epoch 58 step 80/140 loss=0.6078
23:14:36 | INFO    | holoqpi.engine.trainer |   epoch 58 step 100/140 loss=0.4406
23:14:38 | INFO    | holoqpi.engine.trainer |   epoch 58 step 120/140 loss=0.4108
23:15:23 | INFO    | holoqpi.engine.trainer | epoch 58/60 (58s = 14s train + 44s val) | train_loss=0.5133  val_phase_mae=0.1715  val_dice=0.8235  val_cls_acc=0.7480  val_mass_mape=0.1875
23:15:24 | INFO    | holoqpi.engine.trainer |   epoch 59 step 0/140 loss=0.4227
23:15:26 | INFO    | holoqpi.engine.trainer |   epoch 59 step 20/140 loss=0.4599
23:15:27 | INFO    | holoqpi.engine.trainer |   epoch 59 step 40/140 loss=0.4909
23:15:29 | INFO    | holoqpi.engine.trainer |   epoch 59 step 60/140 loss=0.5424
23:15:31 | INFO    | holoqpi.engine.trainer |   epoch 59 step 80/140 loss=0.5227
23:15:33 | INFO    | holoqpi.engine.trainer |   epoch 59 step 100/140 loss=0.3644
23:15:35 | INFO    | holoqpi.engine.trainer |   epoch 59 step 120/140 loss=0.4288
23:16:21 | INFO    | holoqpi.engine.trainer | epoch 59/60 (57s = 14s train + 44s val) | train_loss=0.4990  val_phase_mae=0.1706  val_dice=0.8239  val_cls_acc=0.6772  val_mass_mape=0.1897
23:16:21 | INFO    | holoqpi.engine.trainer |   epoch 60 step 0/140 loss=0.4033
23:16:23 | INFO    | holoqpi.engine.trainer |   epoch 60 step 20/140 loss=0.4401
23:16:25 | INFO    | holoqpi.engine.trainer |   epoch 60 step 40/140 loss=0.8022
23:16:27 | INFO    | holoqpi.engine.trainer |   epoch 60 step 60/140 loss=0.4983
23:16:28 | INFO    | holoqpi.engine.trainer |   epoch 60 step 80/140 loss=0.4670
23:16:30 | INFO    | holoqpi.engine.trainer |   epoch 60 step 100/140 loss=0.4660
23:16:32 | INFO    | holoqpi.engine.trainer |   epoch 60 step 120/140 loss=0.5778
23:17:18 | INFO    | holoqpi.engine.trainer |   new best composite=0.8132
23:17:18 | INFO    | holoqpi.engine.trainer | epoch 60/60 (57s = 14s train + 43s val) | train_loss=0.5066  val_phase_mae=0.1710  val_dice=0.8238  val_cls_acc=0.6535  val_mass_mape=0.1824
23:17:18 | INFO    | holoqpi.engine.trainer | training finished; best epoch 60 (composite=0.8132)
23:17:18 | INFO    | holoqpi.engine.trainer | checkpoint best_model.pt: 446/446 tensors matched
23:17:57 | INFO    | holoqpi.engine.compare | modality=off_axis test metrics written to runs/base_off_axis
23:17:58 | INFO    | holoqpi.engine.compare | ======================================================================
23:17:58 | INFO    | holoqpi.engine.compare | modality=gabor  device=cuda  run_dir=runs/base_gabor
23:17:58 | INFO    | holoqpi.engine.compare | ======================================================================
23:17:58 | INFO    | holoqpi.data.dataset | train split: 560 samples | modality=gabor | crop=512 | augment=True
23:17:58 | INFO    | holoqpi.data.dataset | val split: 127 samples | modality=gabor | crop=None | augment=False
23:17:58 | INFO    | holoqpi.data.dataset | test split: 113 samples | modality=gabor | crop=None | augment=False
23:17:58 | INFO    | holoqpi.models.encoders | encoder=mobilenet_v2 in_channels=1 pretrained=True stages=[16, 24, 32, 96, 1280]
23:17:58 | INFO    | holoqpi.models.holonet | HoloQPINet built: 9.76M parameters, 9.76M trainable (100.0%)
23:17:58 | INFO    | holoqpi.engine.trainer | trainable 9.76M / 9.76M parameters (100.0%)
23:17:58 | INFO    | holoqpi.engine.trainer | active physics terms: ['phase_mask_contrast', 'boundary_gradient_alignment', 'phase_volume', 'dry_mass_consistency', 'projected_area_consistency']
23:17:59 | INFO    | holoqpi.engine.trainer |   epoch 1 step 0/140 loss=2.5198
23:18:01 | INFO    | holoqpi.engine.trainer |   epoch 1 step 20/140 loss=2.2507
23:18:03 | INFO    | holoqpi.engine.trainer |   epoch 1 step 40/140 loss=1.6565
23:18:04 | INFO    | holoqpi.engine.trainer |   epoch 1 step 60/140 loss=1.5180
23:18:06 | INFO    | holoqpi.engine.trainer |   epoch 1 step 80/140 loss=1.3850
23:18:08 | INFO    | holoqpi.engine.trainer |   epoch 1 step 100/140 loss=1.2084
23:18:10 | INFO    | holoqpi.engine.trainer |   epoch 1 step 120/140 loss=1.3120
23:18:58 | INFO    | holoqpi.engine.trainer |   new best composite=0.6781
23:18:58 | INFO    | holoqpi.engine.trainer | epoch 1/60 (59s = 14s train + 46s val) | train_loss=1.6473  val_phase_mae=0.2257  val_dice=0.6897  val_cls_acc=0.4646  val_mass_mape=0.2906
23:18:58 | INFO    | holoqpi.engine.trainer |   at this rate the full 60-epoch schedule takes about 59 min
23:18:58 | INFO    | holoqpi.engine.trainer |   epoch 2 step 0/140 loss=1.2010
23:19:00 | INFO    | holoqpi.engine.trainer |   epoch 2 step 20/140 loss=1.2912
23:19:02 | INFO    | holoqpi.engine.trainer |   epoch 2 step 40/140 loss=1.0678
23:19:04 | INFO    | holoqpi.engine.trainer |   epoch 2 step 60/140 loss=1.0357
23:19:06 | INFO    | holoqpi.engine.trainer |   epoch 2 step 80/140 loss=1.3818
23:19:07 | INFO    | holoqpi.engine.trainer |   epoch 2 step 100/140 loss=0.9052
23:19:09 | INFO    | holoqpi.engine.trainer |   epoch 2 step 120/140 loss=1.2004
23:19:57 | INFO    | holoqpi.engine.trainer |   new best composite=0.6796
23:19:57 | INFO    | holoqpi.engine.trainer | epoch 2/60 (59s = 14s train + 45s val) | train_loss=1.1605  val_phase_mae=0.2301  val_dice=0.6988  val_cls_acc=0.4803  val_mass_mape=0.3354
23:19:57 | INFO    | holoqpi.engine.trainer |   epoch 3 step 0/140 loss=1.0126
23:19:59 | INFO    | holoqpi.engine.trainer |   epoch 3 step 20/140 loss=0.8905
23:20:01 | INFO    | holoqpi.engine.trainer |   epoch 3 step 40/140 loss=1.2206
23:20:03 | INFO    | holoqpi.engine.trainer |   epoch 3 step 60/140 loss=0.9919
23:20:05 | INFO    | holoqpi.engine.trainer |   epoch 3 step 80/140 loss=0.8630
23:20:06 | INFO    | holoqpi.engine.trainer |   epoch 3 step 100/140 loss=1.2625
23:20:08 | INFO    | holoqpi.engine.trainer |   epoch 3 step 120/140 loss=1.1468
23:20:56 | INFO    | holoqpi.engine.trainer |   new best composite=0.7145
23:20:56 | INFO    | holoqpi.engine.trainer | epoch 3/60 (59s = 13s train + 45s val) | train_loss=1.0068  val_phase_mae=0.2028  val_dice=0.7373  val_cls_acc=0.4488  val_mass_mape=0.3221
23:20:56 | INFO    | holoqpi.engine.trainer |   epoch 4 step 0/140 loss=0.9187
23:20:58 | INFO    | holoqpi.engine.trainer |   epoch 4 step 20/140 loss=1.0746
23:21:00 | INFO    | holoqpi.engine.trainer |   epoch 4 step 40/140 loss=0.9920
23:21:02 | INFO    | holoqpi.engine.trainer |   epoch 4 step 60/140 loss=1.3783
23:21:04 | INFO    | holoqpi.engine.trainer |   epoch 4 step 80/140 loss=0.9821
23:21:05 | INFO    | holoqpi.engine.trainer |   epoch 4 step 100/140 loss=0.9217
23:21:07 | INFO    | holoqpi.engine.trainer |   epoch 4 step 120/140 loss=0.8638
23:21:54 | INFO    | holoqpi.engine.trainer |   new best composite=0.7177
23:21:54 | INFO    | holoqpi.engine.trainer | epoch 4/60 (58s = 13s train + 45s val) | train_loss=0.9905  val_phase_mae=0.2012  val_dice=0.7406  val_cls_acc=0.5354  val_mass_mape=0.3128
23:21:54 | INFO    | holoqpi.engine.trainer |   epoch 5 step 0/140 loss=0.8606
23:21:56 | INFO    | holoqpi.engine.trainer |   epoch 5 step 20/140 loss=0.7949
23:21:58 | INFO    | holoqpi.engine.trainer |   epoch 5 step 40/140 loss=0.8601
23:22:00 | INFO    | holoqpi.engine.trainer |   epoch 5 step 60/140 loss=1.1188
23:22:02 | INFO    | holoqpi.engine.trainer |   epoch 5 step 80/140 loss=1.0041
23:22:04 | INFO    | holoqpi.engine.trainer |   epoch 5 step 100/140 loss=0.9067
23:22:06 | INFO    | holoqpi.engine.trainer |   epoch 5 step 120/140 loss=1.1296
23:22:52 | INFO    | holoqpi.engine.trainer |   new best composite=0.7366
23:22:52 | INFO    | holoqpi.engine.trainer | epoch 5/60 (58s = 14s train + 44s val) | train_loss=0.9527  val_phase_mae=0.1949  val_dice=0.7530  val_cls_acc=0.5591  val_mass_mape=0.2776
23:22:53 | INFO    | holoqpi.engine.trainer |   epoch 6 step 0/140 loss=1.1479
23:22:54 | INFO    | holoqpi.engine.trainer |   epoch 6 step 20/140 loss=1.1361
23:22:56 | INFO    | holoqpi.engine.trainer |   epoch 6 step 40/140 loss=0.8979
23:22:58 | INFO    | holoqpi.engine.trainer |   epoch 6 step 60/140 loss=0.6986
23:23:00 | INFO    | holoqpi.engine.trainer |   epoch 6 step 80/140 loss=0.7621
23:23:02 | INFO    | holoqpi.engine.trainer |   epoch 6 step 100/140 loss=0.7383
23:23:04 | INFO    | holoqpi.engine.trainer |   epoch 6 step 120/140 loss=0.7716
23:23:50 | INFO    | holoqpi.engine.trainer | epoch 6/60 (57s = 13s train + 44s val) | train_loss=0.9300  val_phase_mae=0.1975  val_dice=0.7453  val_cls_acc=0.6457  val_mass_mape=0.2669
23:23:50 | INFO    | holoqpi.engine.trainer |   epoch 7 step 0/140 loss=0.7770
23:23:52 | INFO    | holoqpi.engine.trainer |   epoch 7 step 20/140 loss=1.1387
23:23:54 | INFO    | holoqpi.engine.trainer |   epoch 7 step 40/140 loss=1.0823
23:23:56 | INFO    | holoqpi.engine.trainer |   epoch 7 step 60/140 loss=0.8901
23:23:58 | INFO    | holoqpi.engine.trainer |   epoch 7 step 80/140 loss=0.8025
23:23:59 | INFO    | holoqpi.engine.trainer |   epoch 7 step 100/140 loss=1.0355
23:24:01 | INFO    | holoqpi.engine.trainer |   epoch 7 step 120/140 loss=1.0098
23:24:47 | INFO    | holoqpi.engine.trainer | epoch 7/60 (58s = 13s train + 45s val) | train_loss=0.9082  val_phase_mae=0.2271  val_dice=0.7349  val_cls_acc=0.6063  val_mass_mape=0.6147
23:24:48 | INFO    | holoqpi.engine.trainer |   epoch 8 step 0/140 loss=0.8401
23:24:50 | INFO    | holoqpi.engine.trainer |   epoch 8 step 20/140 loss=0.9997
23:24:51 | INFO    | holoqpi.engine.trainer |   epoch 8 step 40/140 loss=0.8782
23:24:53 | INFO    | holoqpi.engine.trainer |   epoch 8 step 60/140 loss=0.7556
23:24:55 | INFO    | holoqpi.engine.trainer |   epoch 8 step 80/140 loss=1.0915
23:24:57 | INFO    | holoqpi.engine.trainer |   epoch 8 step 100/140 loss=0.9192
23:24:59 | INFO    | holoqpi.engine.trainer |   epoch 8 step 120/140 loss=0.8162
23:25:45 | INFO    | holoqpi.engine.trainer | epoch 8/60 (58s = 14s train + 44s val) | train_loss=0.8989  val_phase_mae=0.2053  val_dice=0.7344  val_cls_acc=0.6220  val_mass_mape=0.2980
23:25:45 | INFO    | holoqpi.engine.trainer |   epoch 9 step 0/140 loss=0.8547
23:25:47 | INFO    | holoqpi.engine.trainer |   epoch 9 step 20/140 loss=0.6436
23:25:49 | INFO    | holoqpi.engine.trainer |   epoch 9 step 40/140 loss=1.0943
23:25:51 | INFO    | holoqpi.engine.trainer |   epoch 9 step 60/140 loss=0.9450
23:25:53 | INFO    | holoqpi.engine.trainer |   epoch 9 step 80/140 loss=0.8808
23:25:55 | INFO    | holoqpi.engine.trainer |   epoch 9 step 100/140 loss=0.7792
23:25:57 | INFO    | holoqpi.engine.trainer |   epoch 9 step 120/140 loss=0.8280
23:26:43 | INFO    | holoqpi.engine.trainer |   new best composite=0.7431
23:26:43 | INFO    | holoqpi.engine.trainer | epoch 9/60 (58s = 14s train + 44s val) | train_loss=0.8950  val_phase_mae=0.1900  val_dice=0.7532  val_cls_acc=0.5669  val_mass_mape=0.2537
23:26:44 | INFO    | holoqpi.engine.trainer |   epoch 10 step 0/140 loss=0.8765
23:26:46 | INFO    | holoqpi.engine.trainer |   epoch 10 step 20/140 loss=0.7288
23:26:47 | INFO    | holoqpi.engine.trainer |   epoch 10 step 40/140 loss=1.0233
23:26:49 | INFO    | holoqpi.engine.trainer |   epoch 10 step 60/140 loss=0.9606
23:26:51 | INFO    | holoqpi.engine.trainer |   epoch 10 step 80/140 loss=1.0748
23:26:53 | INFO    | holoqpi.engine.trainer |   epoch 10 step 100/140 loss=1.0746
23:26:55 | INFO    | holoqpi.engine.trainer |   epoch 10 step 120/140 loss=0.8752
23:27:41 | INFO    | holoqpi.engine.trainer |   new best composite=0.7488
23:27:41 | INFO    | holoqpi.engine.trainer | epoch 10/60 (57s = 13s train + 44s val) | train_loss=0.9006  val_phase_mae=0.1869  val_dice=0.7565  val_cls_acc=0.5433  val_mass_mape=0.2459
23:27:41 | INFO    | holoqpi.engine.trainer |   epoch 11 step 0/140 loss=0.8404
23:27:43 | INFO    | holoqpi.engine.trainer |   epoch 11 step 20/140 loss=0.8590
23:27:45 | INFO    | holoqpi.engine.trainer |   epoch 11 step 40/140 loss=1.0873
23:27:47 | INFO    | holoqpi.engine.trainer |   epoch 11 step 60/140 loss=0.7465
23:27:49 | INFO    | holoqpi.engine.trainer |   epoch 11 step 80/140 loss=0.7009
23:27:51 | INFO    | holoqpi.engine.trainer |   epoch 11 step 100/140 loss=0.7220
23:27:52 | INFO    | holoqpi.engine.trainer |   epoch 11 step 120/140 loss=0.8145
23:28:38 | INFO    | holoqpi.engine.trainer | epoch 11/60 (57s = 13s train + 44s val) | train_loss=0.8821  val_phase_mae=0.2007  val_dice=0.7319  val_cls_acc=0.6693  val_mass_mape=0.2680
23:28:39 | INFO    | holoqpi.engine.trainer |   epoch 12 step 0/140 loss=0.7573
23:28:41 | INFO    | holoqpi.engine.trainer |   epoch 12 step 20/140 loss=1.2401
23:28:42 | INFO    | holoqpi.engine.trainer |   epoch 12 step 40/140 loss=0.7412
23:28:44 | INFO    | holoqpi.engine.trainer |   epoch 12 step 60/140 loss=1.5606
23:28:46 | INFO    | holoqpi.engine.trainer |   epoch 12 step 80/140 loss=1.0911
23:28:48 | INFO    | holoqpi.engine.trainer |   epoch 12 step 100/140 loss=0.7260
23:28:50 | INFO    | holoqpi.engine.trainer |   epoch 12 step 120/140 loss=0.7034
23:29:36 | INFO    | holoqpi.engine.trainer | epoch 12/60 (58s = 13s train + 44s val) | train_loss=0.8675  val_phase_mae=0.1994  val_dice=0.7393  val_cls_acc=0.7087  val_mass_mape=0.2628
23:29:36 | INFO    | holoqpi.engine.trainer |   epoch 13 step 0/140 loss=0.8930
23:29:38 | INFO    | holoqpi.engine.trainer |   epoch 13 step 20/140 loss=0.9066
23:29:40 | INFO    | holoqpi.engine.trainer |   epoch 13 step 40/140 loss=1.1790
23:29:42 | INFO    | holoqpi.engine.trainer |   epoch 13 step 60/140 loss=0.8796
23:29:44 | INFO    | holoqpi.engine.trainer |   epoch 13 step 80/140 loss=1.1405
23:29:46 | INFO    | holoqpi.engine.trainer |   epoch 13 step 100/140 loss=0.8403
23:29:48 | INFO    | holoqpi.engine.trainer |   epoch 13 step 120/140 loss=0.7515
23:30:33 | INFO    | holoqpi.engine.trainer | epoch 13/60 (57s = 13s train + 44s val) | train_loss=0.8756  val_phase_mae=0.1922  val_dice=0.7559  val_cls_acc=0.5118  val_mass_mape=0.2440
23:30:33 | INFO    | holoqpi.engine.trainer |   epoch 14 step 0/140 loss=0.8704
23:30:35 | INFO    | holoqpi.engine.trainer |   epoch 14 step 20/140 loss=1.0220
23:30:37 | INFO    | holoqpi.engine.trainer |   epoch 14 step 40/140 loss=1.0201
23:30:39 | INFO    | holoqpi.engine.trainer |   epoch 14 step 60/140 loss=0.6824
23:30:41 | INFO    | holoqpi.engine.trainer |   epoch 14 step 80/140 loss=0.9999
23:30:43 | INFO    | holoqpi.engine.trainer |   epoch 14 step 100/140 loss=0.7172
23:30:44 | INFO    | holoqpi.engine.trainer |   epoch 14 step 120/140 loss=0.7910
23:31:30 | INFO    | holoqpi.engine.trainer | epoch 14/60 (57s = 13s train + 44s val) | train_loss=0.8603  val_phase_mae=0.1921  val_dice=0.7546  val_cls_acc=0.5433  val_mass_mape=0.2504
23:31:31 | INFO    | holoqpi.engine.trainer |   epoch 15 step 0/140 loss=0.7692
23:31:33 | INFO    | holoqpi.engine.trainer |   epoch 15 step 20/140 loss=0.6568
23:31:34 | INFO    | holoqpi.engine.trainer |   epoch 15 step 40/140 loss=0.6275
23:31:36 | INFO    | holoqpi.engine.trainer |   epoch 15 step 60/140 loss=1.0373
23:31:38 | INFO    | holoqpi.engine.trainer |   epoch 15 step 80/140 loss=1.1392
23:31:40 | INFO    | holoqpi.engine.trainer |   epoch 15 step 100/140 loss=0.6932
23:31:42 | INFO    | holoqpi.engine.trainer |   epoch 15 step 120/140 loss=0.7815
23:32:27 | INFO    | holoqpi.engine.trainer | epoch 15/60 (57s = 13s train + 44s val) | train_loss=0.8474  val_phase_mae=0.1922  val_dice=0.7479  val_cls_acc=0.5591  val_mass_mape=0.2467
23:32:28 | INFO    | holoqpi.engine.trainer |   epoch 16 step 0/140 loss=0.9256
23:32:30 | INFO    | holoqpi.engine.trainer |   epoch 16 step 20/140 loss=0.9887
23:32:32 | INFO    | holoqpi.engine.trainer |   epoch 16 step 40/140 loss=0.8467
23:32:33 | INFO    | holoqpi.engine.trainer |   epoch 16 step 60/140 loss=0.7627
23:32:35 | INFO    | holoqpi.engine.trainer |   epoch 16 step 80/140 loss=0.7733
23:32:37 | INFO    | holoqpi.engine.trainer |   epoch 16 step 100/140 loss=1.0650
23:32:39 | INFO    | holoqpi.engine.trainer |   epoch 16 step 120/140 loss=0.8146
23:33:25 | INFO    | holoqpi.engine.trainer | epoch 16/60 (58s = 13s train + 45s val) | train_loss=0.8471  val_phase_mae=0.1913  val_dice=0.7550  val_cls_acc=0.5827  val_mass_mape=0.2428
23:33:26 | INFO    | holoqpi.engine.trainer |   epoch 17 step 0/140 loss=1.0494
23:33:28 | INFO    | holoqpi.engine.trainer |   epoch 17 step 20/140 loss=1.1637
23:33:30 | INFO    | holoqpi.engine.trainer |   epoch 17 step 40/140 loss=1.3085
23:33:32 | INFO    | holoqpi.engine.trainer |   epoch 17 step 60/140 loss=0.6738
23:33:33 | INFO    | holoqpi.engine.trainer |   epoch 17 step 80/140 loss=0.6973
23:33:35 | INFO    | holoqpi.engine.trainer |   epoch 17 step 100/140 loss=1.1365
23:33:37 | INFO    | holoqpi.engine.trainer |   epoch 17 step 120/140 loss=0.6538
23:34:23 | INFO    | holoqpi.engine.trainer | epoch 17/60 (58s = 13s train + 44s val) | train_loss=0.8358  val_phase_mae=0.1904  val_dice=0.7502  val_cls_acc=0.6693  val_mass_mape=0.2321
23:34:24 | INFO    | holoqpi.engine.trainer |   epoch 18 step 0/140 loss=0.6550
23:34:25 | INFO    | holoqpi.engine.trainer |   epoch 18 step 20/140 loss=0.7788
23:34:27 | INFO    | holoqpi.engine.trainer |   epoch 18 step 40/140 loss=0.6326
23:34:29 | INFO    | holoqpi.engine.trainer |   epoch 18 step 60/140 loss=0.8008
23:34:31 | INFO    | holoqpi.engine.trainer |   epoch 18 step 80/140 loss=1.1447
23:34:33 | INFO    | holoqpi.engine.trainer |   epoch 18 step 100/140 loss=0.7790
23:34:35 | INFO    | holoqpi.engine.trainer |   epoch 18 step 120/140 loss=1.0049
23:35:20 | INFO    | holoqpi.engine.trainer | epoch 18/60 (57s = 13s train + 44s val) | train_loss=0.8216  val_phase_mae=0.1962  val_dice=0.7415  val_cls_acc=0.6693  val_mass_mape=0.2390
23:35:21 | INFO    | holoqpi.engine.trainer |   epoch 19 step 0/140 loss=0.6382
23:35:23 | INFO    | holoqpi.engine.trainer |   epoch 19 step 20/140 loss=0.6331
23:35:25 | INFO    | holoqpi.engine.trainer |   epoch 19 step 40/140 loss=0.6666
23:35:27 | INFO    | holoqpi.engine.trainer |   epoch 19 step 60/140 loss=0.8083
23:35:28 | INFO    | holoqpi.engine.trainer |   epoch 19 step 80/140 loss=0.8326
23:35:30 | INFO    | holoqpi.engine.trainer |   epoch 19 step 100/140 loss=0.6647
23:35:32 | INFO    | holoqpi.engine.trainer |   epoch 19 step 120/140 loss=0.9472
23:36:19 | INFO    | holoqpi.engine.trainer |   new best composite=0.7539
23:36:19 | INFO    | holoqpi.engine.trainer | epoch 19/60 (58s = 13s train + 45s val) | train_loss=0.8292  val_phase_mae=0.1862  val_dice=0.7657  val_cls_acc=0.5906  val_mass_mape=0.2452
23:36:19 | INFO    | holoqpi.engine.trainer |   epoch 20 step 0/140 loss=0.8838
23:36:21 | INFO    | holoqpi.engine.trainer |   epoch 20 step 20/140 loss=0.9201
23:36:23 | INFO    | holoqpi.engine.trainer |   epoch 20 step 40/140 loss=0.8242
23:36:25 | INFO    | holoqpi.engine.trainer |   epoch 20 step 60/140 loss=0.8515
23:36:27 | INFO    | holoqpi.engine.trainer |   epoch 20 step 80/140 loss=0.5798
23:36:29 | INFO    | holoqpi.engine.trainer |   epoch 20 step 100/140 loss=1.0251
23:36:30 | INFO    | holoqpi.engine.trainer |   epoch 20 step 120/140 loss=0.7340
23:37:17 | INFO    | holoqpi.engine.trainer | epoch 20/60 (58s = 13s train + 45s val) | train_loss=0.8185  val_phase_mae=0.1873  val_dice=0.7598  val_cls_acc=0.7165  val_mass_mape=0.2625
23:37:17 | INFO    | holoqpi.engine.trainer |   epoch 21 step 0/140 loss=0.7596
23:37:19 | INFO    | holoqpi.engine.trainer |   epoch 21 step 20/140 loss=1.0046
23:37:21 | INFO    | holoqpi.engine.trainer |   epoch 21 step 40/140 loss=0.9340
23:37:23 | INFO    | holoqpi.engine.trainer |   epoch 21 step 60/140 loss=0.7227
23:37:25 | INFO    | holoqpi.engine.trainer |   epoch 21 step 80/140 loss=0.7647
23:37:27 | INFO    | holoqpi.engine.trainer |   epoch 21 step 100/140 loss=0.6303
23:37:28 | INFO    | holoqpi.engine.trainer |   epoch 21 step 120/140 loss=0.6627
23:38:14 | INFO    | holoqpi.engine.trainer | epoch 21/60 (58s = 13s train + 44s val) | train_loss=0.8164  val_phase_mae=0.1889  val_dice=0.7546  val_cls_acc=0.6220  val_mass_mape=0.2375
23:38:15 | INFO    | holoqpi.engine.trainer |   epoch 22 step 0/140 loss=0.7163
23:38:17 | INFO    | holoqpi.engine.trainer |   epoch 22 step 20/140 loss=0.7334
23:38:19 | INFO    | holoqpi.engine.trainer |   epoch 22 step 40/140 loss=0.6953
23:38:21 | INFO    | holoqpi.engine.trainer |   epoch 22 step 60/140 loss=0.6924
23:38:22 | INFO    | holoqpi.engine.trainer |   epoch 22 step 80/140 loss=0.6790
23:38:24 | INFO    | holoqpi.engine.trainer |   epoch 22 step 100/140 loss=0.7449
23:38:26 | INFO    | holoqpi.engine.trainer |   epoch 22 step 120/140 loss=1.3350
23:39:13 | INFO    | holoqpi.engine.trainer |   new best composite=0.7554
23:39:13 | INFO    | holoqpi.engine.trainer | epoch 22/60 (58s = 13s train + 44s val) | train_loss=0.8099  val_phase_mae=0.1848  val_dice=0.7654  val_cls_acc=0.6614  val_mass_mape=0.2392
23:39:13 | INFO    | holoqpi.engine.trainer |   epoch 23 step 0/140 loss=0.9239
23:39:15 | INFO    | holoqpi.engine.trainer |   epoch 23 step 20/140 loss=0.7600
23:39:17 | INFO    | holoqpi.engine.trainer |   epoch 23 step 40/140 loss=0.7638
23:39:19 | INFO    | holoqpi.engine.trainer |   epoch 23 step 60/140 loss=1.0949
23:39:21 | INFO    | holoqpi.engine.trainer |   epoch 23 step 80/140 loss=1.2357
23:39:22 | INFO    | holoqpi.engine.trainer |   epoch 23 step 100/140 loss=0.6951
23:39:24 | INFO    | holoqpi.engine.trainer |   epoch 23 step 120/140 loss=1.0850
23:40:10 | INFO    | holoqpi.engine.trainer | epoch 23/60 (58s = 13s train + 44s val) | train_loss=0.8015  val_phase_mae=0.1903  val_dice=0.7578  val_cls_acc=0.7087  val_mass_mape=0.2609
23:40:11 | INFO    | holoqpi.engine.trainer |   epoch 24 step 0/140 loss=0.7448
23:40:13 | INFO    | holoqpi.engine.trainer |   epoch 24 step 20/140 loss=0.5871
23:40:15 | INFO    | holoqpi.engine.trainer |   epoch 24 step 40/140 loss=0.7105
23:40:17 | INFO    | holoqpi.engine.trainer |   epoch 24 step 60/140 loss=0.7569
23:40:19 | INFO    | holoqpi.engine.trainer |   epoch 24 step 80/140 loss=0.7525
23:40:20 | INFO    | holoqpi.engine.trainer |   epoch 24 step 100/140 loss=1.0382
23:40:22 | INFO    | holoqpi.engine.trainer |   epoch 24 step 120/140 loss=0.9166
23:41:09 | INFO    | holoqpi.engine.trainer | epoch 24/60 (58s = 13s train + 45s val) | train_loss=0.8084  val_phase_mae=0.1882  val_dice=0.7539  val_cls_acc=0.6535  val_mass_mape=0.2414
23:41:09 | INFO    | holoqpi.engine.trainer |   epoch 25 step 0/140 loss=0.7503
23:41:11 | INFO    | holoqpi.engine.trainer |   epoch 25 step 20/140 loss=0.7096
23:41:13 | INFO    | holoqpi.engine.trainer |   epoch 25 step 40/140 loss=0.6395
23:41:15 | INFO    | holoqpi.engine.trainer |   epoch 25 step 60/140 loss=0.6673
23:41:17 | INFO    | holoqpi.engine.trainer |   epoch 25 step 80/140 loss=0.8501
23:41:18 | INFO    | holoqpi.engine.trainer |   epoch 25 step 100/140 loss=0.8104
23:41:20 | INFO    | holoqpi.engine.trainer |   epoch 25 step 120/140 loss=1.6538
23:42:06 | INFO    | holoqpi.engine.trainer | epoch 25/60 (58s = 13s train + 44s val) | train_loss=0.7967  val_phase_mae=0.1925  val_dice=0.7477  val_cls_acc=0.6063  val_mass_mape=0.2432
23:42:07 | INFO    | holoqpi.engine.trainer |   epoch 26 step 0/140 loss=0.8311
23:42:09 | INFO    | holoqpi.engine.trainer |   epoch 26 step 20/140 loss=0.6123
23:42:11 | INFO    | holoqpi.engine.trainer |   epoch 26 step 40/140 loss=0.7139
23:42:13 | INFO    | holoqpi.engine.trainer |   epoch 26 step 60/140 loss=0.7948
23:42:14 | INFO    | holoqpi.engine.trainer |   epoch 26 step 80/140 loss=0.9343
23:42:16 | INFO    | holoqpi.engine.trainer |   epoch 26 step 100/140 loss=0.7573
23:42:18 | INFO    | holoqpi.engine.trainer |   epoch 26 step 120/140 loss=0.7195
23:43:04 | INFO    | holoqpi.engine.trainer | epoch 26/60 (58s = 14s train + 44s val) | train_loss=0.7915  val_phase_mae=0.1823  val_dice=0.7677  val_cls_acc=0.7402  val_mass_mape=0.2541
23:43:04 | INFO    | holoqpi.engine.trainer |   epoch 27 step 0/140 loss=0.6490
23:43:06 | INFO    | holoqpi.engine.trainer |   epoch 27 step 20/140 loss=0.6221
23:43:08 | INFO    | holoqpi.engine.trainer |   epoch 27 step 40/140 loss=0.9394
23:43:10 | INFO    | holoqpi.engine.trainer |   epoch 27 step 60/140 loss=0.8824
23:43:12 | INFO    | holoqpi.engine.trainer |   epoch 27 step 80/140 loss=0.6179
23:43:14 | INFO    | holoqpi.engine.trainer |   epoch 27 step 100/140 loss=0.8618
23:43:15 | INFO    | holoqpi.engine.trainer |   epoch 27 step 120/140 loss=0.5635
23:44:02 | INFO    | holoqpi.engine.trainer | epoch 27/60 (58s = 13s train + 44s val) | train_loss=0.7766  val_phase_mae=0.1892  val_dice=0.7585  val_cls_acc=0.7008  val_mass_mape=0.2978
23:44:02 | INFO    | holoqpi.engine.trainer |   epoch 28 step 0/140 loss=0.6803
23:44:04 | INFO    | holoqpi.engine.trainer |   epoch 28 step 20/140 loss=0.7002
23:44:06 | INFO    | holoqpi.engine.trainer |   epoch 28 step 40/140 loss=0.6832
23:44:08 | INFO    | holoqpi.engine.trainer |   epoch 28 step 60/140 loss=0.6755
23:44:09 | INFO    | holoqpi.engine.trainer |   epoch 28 step 80/140 loss=0.6683
23:44:11 | INFO    | holoqpi.engine.trainer |   epoch 28 step 100/140 loss=0.7190
23:44:13 | INFO    | holoqpi.engine.trainer |   epoch 28 step 120/140 loss=0.5679
23:44:59 | INFO    | holoqpi.engine.trainer | epoch 28/60 (57s = 13s train + 44s val) | train_loss=0.7732  val_phase_mae=0.1852  val_dice=0.7592  val_cls_acc=0.7165  val_mass_mape=0.2313
23:44:59 | INFO    | holoqpi.engine.trainer |   epoch 29 step 0/140 loss=0.6974
23:45:01 | INFO    | holoqpi.engine.trainer |   epoch 29 step 20/140 loss=0.9599
23:45:03 | INFO    | holoqpi.engine.trainer |   epoch 29 step 40/140 loss=0.8800
23:45:05 | INFO    | holoqpi.engine.trainer |   epoch 29 step 60/140 loss=0.6331
23:45:07 | INFO    | holoqpi.engine.trainer |   epoch 29 step 80/140 loss=1.1135
23:45:08 | INFO    | holoqpi.engine.trainer |   epoch 29 step 100/140 loss=0.6789
23:45:10 | INFO    | holoqpi.engine.trainer |   epoch 29 step 120/140 loss=0.6787
23:45:57 | INFO    | holoqpi.engine.trainer |   new best composite=0.7560
23:45:57 | INFO    | holoqpi.engine.trainer | epoch 29/60 (58s = 14s train + 44s val) | train_loss=0.7584  val_phase_mae=0.1844  val_dice=0.7641  val_cls_acc=0.6220  val_mass_mape=0.2332
23:45:57 | INFO    | holoqpi.engine.trainer |   epoch 30 step 0/140 loss=0.6184
23:45:59 | INFO    | holoqpi.engine.trainer |   epoch 30 step 20/140 loss=0.7381
23:46:01 | INFO    | holoqpi.engine.trainer |   epoch 30 step 40/140 loss=2.0632
23:46:03 | INFO    | holoqpi.engine.trainer |   epoch 30 step 60/140 loss=0.6359
23:46:04 | INFO    | holoqpi.engine.trainer |   epoch 30 step 80/140 loss=0.6868
23:46:06 | INFO    | holoqpi.engine.trainer |   epoch 30 step 100/140 loss=0.8171
23:46:08 | INFO    | holoqpi.engine.trainer |   epoch 30 step 120/140 loss=0.9831
23:46:54 | INFO    | holoqpi.engine.trainer | epoch 30/60 (57s = 13s train + 44s val) | train_loss=0.7653  val_phase_mae=0.1849  val_dice=0.7625  val_cls_acc=0.6929  val_mass_mape=0.2483
23:46:55 | INFO    | holoqpi.engine.trainer |   epoch 31 step 0/140 loss=0.8285
23:46:56 | INFO    | holoqpi.engine.trainer |   epoch 31 step 20/140 loss=0.6634
23:46:58 | INFO    | holoqpi.engine.trainer |   epoch 31 step 40/140 loss=0.8051
23:47:00 | INFO    | holoqpi.engine.trainer |   epoch 31 step 60/140 loss=0.6278
23:47:02 | INFO    | holoqpi.engine.trainer |   epoch 31 step 80/140 loss=0.6904
23:47:04 | INFO    | holoqpi.engine.trainer |   epoch 31 step 100/140 loss=0.8843
23:47:06 | INFO    | holoqpi.engine.trainer |   epoch 31 step 120/140 loss=0.6253
23:47:51 | INFO    | holoqpi.engine.trainer | epoch 31/60 (57s = 13s train + 44s val) | train_loss=0.7675  val_phase_mae=0.1896  val_dice=0.7505  val_cls_acc=0.6772  val_mass_mape=0.2349
23:47:52 | INFO    | holoqpi.engine.trainer |   epoch 32 step 0/140 loss=0.6065
23:47:54 | INFO    | holoqpi.engine.trainer |   epoch 32 step 20/140 loss=1.4151
23:47:56 | INFO    | holoqpi.engine.trainer |   epoch 32 step 40/140 loss=0.7531
23:47:58 | INFO    | holoqpi.engine.trainer |   epoch 32 step 60/140 loss=0.7100
23:47:59 | INFO    | holoqpi.engine.trainer |   epoch 32 step 80/140 loss=0.6682
23:48:01 | INFO    | holoqpi.engine.trainer |   epoch 32 step 100/140 loss=1.0010
23:48:03 | INFO    | holoqpi.engine.trainer |   epoch 32 step 120/140 loss=1.3753
23:48:49 | INFO    | holoqpi.engine.trainer |   new best composite=0.7571
23:48:49 | INFO    | holoqpi.engine.trainer | epoch 32/60 (57s = 13s train + 44s val) | train_loss=0.7636  val_phase_mae=0.1831  val_dice=0.7658  val_cls_acc=0.7244  val_mass_mape=0.2356
23:48:50 | INFO    | holoqpi.engine.trainer |   epoch 33 step 0/140 loss=0.6139
23:48:51 | INFO    | holoqpi.engine.trainer |   epoch 33 step 20/140 loss=0.6177
23:48:53 | INFO    | holoqpi.engine.trainer |   epoch 33 step 40/140 loss=0.7476
23:48:55 | INFO    | holoqpi.engine.trainer |   epoch 33 step 60/140 loss=0.6725
23:48:57 | INFO    | holoqpi.engine.trainer |   epoch 33 step 80/140 loss=0.7225
23:48:59 | INFO    | holoqpi.engine.trainer |   epoch 33 step 100/140 loss=0.7691
23:49:01 | INFO    | holoqpi.engine.trainer |   epoch 33 step 120/140 loss=0.5166
23:49:46 | INFO    | holoqpi.engine.trainer | epoch 33/60 (57s = 13s train + 44s val) | train_loss=0.7566  val_phase_mae=0.1824  val_dice=0.7692  val_cls_acc=0.7165  val_mass_mape=0.2469
23:49:47 | INFO    | holoqpi.engine.trainer |   epoch 34 step 0/140 loss=1.0642
23:49:49 | INFO    | holoqpi.engine.trainer |   epoch 34 step 20/140 loss=0.6514
23:49:51 | INFO    | holoqpi.engine.trainer |   epoch 34 step 40/140 loss=0.5469
23:49:52 | INFO    | holoqpi.engine.trainer |   epoch 34 step 60/140 loss=0.6097
23:49:54 | INFO    | holoqpi.engine.trainer |   epoch 34 step 80/140 loss=0.6963
23:49:56 | INFO    | holoqpi.engine.trainer |   epoch 34 step 100/140 loss=0.9067
23:49:58 | INFO    | holoqpi.engine.trainer |   epoch 34 step 120/140 loss=0.5796
23:50:43 | INFO    | holoqpi.engine.trainer | epoch 34/60 (57s = 13s train + 44s val) | train_loss=0.7408  val_phase_mae=0.1865  val_dice=0.7620  val_cls_acc=0.7638  val_mass_mape=0.2665
23:50:44 | INFO    | holoqpi.engine.trainer |   epoch 35 step 0/140 loss=0.6136
23:50:46 | INFO    | holoqpi.engine.trainer |   epoch 35 step 20/140 loss=0.6499
23:50:48 | INFO    | holoqpi.engine.trainer |   epoch 35 step 40/140 loss=1.2433
23:50:50 | INFO    | holoqpi.engine.trainer |   epoch 35 step 60/140 loss=0.9209
23:50:51 | INFO    | holoqpi.engine.trainer |   epoch 35 step 80/140 loss=0.8030
23:50:53 | INFO    | holoqpi.engine.trainer |   epoch 35 step 100/140 loss=0.7242
23:50:55 | INFO    | holoqpi.engine.trainer |   epoch 35 step 120/140 loss=0.6248
23:51:41 | INFO    | holoqpi.engine.trainer |   new best composite=0.7589
23:51:41 | INFO    | holoqpi.engine.trainer | epoch 35/60 (57s = 13s train + 44s val) | train_loss=0.7408  val_phase_mae=0.1823  val_dice=0.7649  val_cls_acc=0.7402  val_mass_mape=0.2257
23:51:41 | INFO    | holoqpi.engine.trainer |   epoch 36 step 0/140 loss=0.6308
23:51:43 | INFO    | holoqpi.engine.trainer |   epoch 36 step 20/140 loss=0.8550
23:51:45 | INFO    | holoqpi.engine.trainer |   epoch 36 step 40/140 loss=0.5220
23:51:47 | INFO    | holoqpi.engine.trainer |   epoch 36 step 60/140 loss=0.6290
23:51:49 | INFO    | holoqpi.engine.trainer |   epoch 36 step 80/140 loss=1.2003
23:51:50 | INFO    | holoqpi.engine.trainer |   epoch 36 step 100/140 loss=1.2734
23:51:52 | INFO    | holoqpi.engine.trainer |   epoch 36 step 120/140 loss=0.7885
23:52:38 | INFO    | holoqpi.engine.trainer | epoch 36/60 (58s = 13s train + 45s val) | train_loss=0.7467  val_phase_mae=0.1844  val_dice=0.7634  val_cls_acc=0.6772  val_mass_mape=0.2395
23:52:39 | INFO    | holoqpi.engine.trainer |   epoch 37 step 0/140 loss=1.0541
23:52:41 | INFO    | holoqpi.engine.trainer |   epoch 37 step 20/140 loss=0.6752
23:52:43 | INFO    | holoqpi.engine.trainer |   epoch 37 step 40/140 loss=0.5449
23:52:44 | INFO    | holoqpi.engine.trainer |   epoch 37 step 60/140 loss=0.7058
23:52:46 | INFO    | holoqpi.engine.trainer |   epoch 37 step 80/140 loss=0.6608
23:52:48 | INFO    | holoqpi.engine.trainer |   epoch 37 step 100/140 loss=0.6027
23:52:50 | INFO    | holoqpi.engine.trainer |   epoch 37 step 120/140 loss=0.5646
23:53:36 | INFO    | holoqpi.engine.trainer | epoch 37/60 (57s = 13s train + 44s val) | train_loss=0.7334  val_phase_mae=0.1853  val_dice=0.7625  val_cls_acc=0.7165  val_mass_mape=0.2572
23:53:36 | INFO    | holoqpi.engine.trainer |   epoch 38 step 0/140 loss=0.7052
23:53:38 | INFO    | holoqpi.engine.trainer |   epoch 38 step 20/140 loss=0.7676
23:53:40 | INFO    | holoqpi.engine.trainer |   epoch 38 step 40/140 loss=0.6371
23:53:42 | INFO    | holoqpi.engine.trainer |   epoch 38 step 60/140 loss=0.7124
23:53:44 | INFO    | holoqpi.engine.trainer |   epoch 38 step 80/140 loss=0.6545
23:53:45 | INFO    | holoqpi.engine.trainer |   epoch 38 step 100/140 loss=0.6614
23:53:47 | INFO    | holoqpi.engine.trainer |   epoch 38 step 120/140 loss=0.6530
23:54:33 | INFO    | holoqpi.engine.trainer | epoch 38/60 (57s = 13s train + 44s val) | train_loss=0.7377  val_phase_mae=0.1860  val_dice=0.7571  val_cls_acc=0.7165  val_mass_mape=0.2239
23:54:34 | INFO    | holoqpi.engine.trainer |   epoch 39 step 0/140 loss=0.6816
23:54:35 | INFO    | holoqpi.engine.trainer |   epoch 39 step 20/140 loss=0.5322
23:54:37 | INFO    | holoqpi.engine.trainer |   epoch 39 step 40/140 loss=0.7217
23:54:39 | INFO    | holoqpi.engine.trainer |   epoch 39 step 60/140 loss=0.7184
23:54:41 | INFO    | holoqpi.engine.trainer |   epoch 39 step 80/140 loss=0.5157
23:54:43 | INFO    | holoqpi.engine.trainer |   epoch 39 step 100/140 loss=0.6325
23:54:44 | INFO    | holoqpi.engine.trainer |   epoch 39 step 120/140 loss=0.7632
23:55:30 | INFO    | holoqpi.engine.trainer | epoch 39/60 (57s = 13s train + 44s val) | train_loss=0.7277  val_phase_mae=0.1866  val_dice=0.7609  val_cls_acc=0.7480  val_mass_mape=0.2630
23:55:31 | INFO    | holoqpi.engine.trainer |   epoch 40 step 0/140 loss=1.0523
23:55:32 | INFO    | holoqpi.engine.trainer |   epoch 40 step 20/140 loss=0.6211
23:55:34 | INFO    | holoqpi.engine.trainer |   epoch 40 step 40/140 loss=1.4667
23:55:36 | INFO    | holoqpi.engine.trainer |   epoch 40 step 60/140 loss=0.6096
23:55:38 | INFO    | holoqpi.engine.trainer |   epoch 40 step 80/140 loss=0.9433
23:55:40 | INFO    | holoqpi.engine.trainer |   epoch 40 step 100/140 loss=0.9527
23:55:42 | INFO    | holoqpi.engine.trainer |   epoch 40 step 120/140 loss=0.5439
23:56:27 | INFO    | holoqpi.engine.trainer | epoch 40/60 (57s = 13s train + 44s val) | train_loss=0.7219  val_phase_mae=0.1851  val_dice=0.7631  val_cls_acc=0.8110  val_mass_mape=0.2528
23:56:28 | INFO    | holoqpi.engine.trainer |   epoch 41 step 0/140 loss=0.7171
23:56:29 | INFO    | holoqpi.engine.trainer |   epoch 41 step 20/140 loss=0.5445
23:56:31 | INFO    | holoqpi.engine.trainer |   epoch 41 step 40/140 loss=0.6028
23:56:33 | INFO    | holoqpi.engine.trainer |   epoch 41 step 60/140 loss=0.7406
23:56:35 | INFO    | holoqpi.engine.trainer |   epoch 41 step 80/140 loss=0.8630
23:56:37 | INFO    | holoqpi.engine.trainer |   epoch 41 step 100/140 loss=0.8399
23:56:39 | INFO    | holoqpi.engine.trainer |   epoch 41 step 120/140 loss=0.5942
23:57:24 | INFO    | holoqpi.engine.trainer | epoch 41/60 (57s = 13s train + 44s val) | train_loss=0.7229  val_phase_mae=0.1865  val_dice=0.7609  val_cls_acc=0.7323  val_mass_mape=0.2649
23:57:25 | INFO    | holoqpi.engine.trainer |   epoch 42 step 0/140 loss=0.6002
23:57:26 | INFO    | holoqpi.engine.trainer |   epoch 42 step 20/140 loss=0.5757
23:57:28 | INFO    | holoqpi.engine.trainer |   epoch 42 step 40/140 loss=0.5430
23:57:30 | INFO    | holoqpi.engine.trainer |   epoch 42 step 60/140 loss=0.9180
23:57:32 | INFO    | holoqpi.engine.trainer |   epoch 42 step 80/140 loss=1.5992
23:57:34 | INFO    | holoqpi.engine.trainer |   epoch 42 step 100/140 loss=0.9660
23:57:35 | INFO    | holoqpi.engine.trainer |   epoch 42 step 120/140 loss=0.6448
23:58:21 | INFO    | holoqpi.engine.trainer |   new best composite=0.7599
23:58:21 | INFO    | holoqpi.engine.trainer | epoch 42/60 (57s = 13s train + 44s val) | train_loss=0.7040  val_phase_mae=0.1820  val_dice=0.7675  val_cls_acc=0.7874  val_mass_mape=0.2276
23:58:22 | INFO    | holoqpi.engine.trainer |   epoch 43 step 0/140 loss=0.5324
23:58:24 | INFO    | holoqpi.engine.trainer |   epoch 43 step 20/140 loss=0.6413
23:58:26 | INFO    | holoqpi.engine.trainer |   epoch 43 step 40/140 loss=1.6030
23:58:28 | INFO    | holoqpi.engine.trainer |   epoch 43 step 60/140 loss=0.7892
23:58:29 | INFO    | holoqpi.engine.trainer |   epoch 43 step 80/140 loss=0.7060
23:58:31 | INFO    | holoqpi.engine.trainer |   epoch 43 step 100/140 loss=0.5154
23:58:33 | INFO    | holoqpi.engine.trainer |   epoch 43 step 120/140 loss=0.9913
23:59:19 | INFO    | holoqpi.engine.trainer | epoch 43/60 (58s = 13s train + 44s val) | train_loss=0.7235  val_phase_mae=0.1824  val_dice=0.7636  val_cls_acc=0.7559  val_mass_mape=0.2336
23:59:19 | INFO    | holoqpi.engine.trainer |   epoch 44 step 0/140 loss=0.5636
23:59:21 | INFO    | holoqpi.engine.trainer |   epoch 44 step 20/140 loss=0.5712
23:59:23 | INFO    | holoqpi.engine.trainer |   epoch 44 step 40/140 loss=0.7436
23:59:25 | INFO    | holoqpi.engine.trainer |   epoch 44 step 60/140 loss=0.4876
23:59:27 | INFO    | holoqpi.engine.trainer |   epoch 44 step 80/140 loss=0.8834
23:59:29 | INFO    | holoqpi.engine.trainer |   epoch 44 step 100/140 loss=0.7939
23:59:31 | INFO    | holoqpi.engine.trainer |   epoch 44 step 120/140 loss=0.5442
00:00:16 | INFO    | holoqpi.engine.trainer | epoch 44/60 (57s = 13s train + 44s val) | train_loss=0.7085  val_phase_mae=0.1813  val_dice=0.7666  val_cls_acc=0.7717  val_mass_mape=0.2315
00:00:17 | INFO    | holoqpi.engine.trainer |   epoch 45 step 0/140 loss=0.7213
00:00:19 | INFO    | holoqpi.engine.trainer |   epoch 45 step 20/140 loss=0.4826
00:00:21 | INFO    | holoqpi.engine.trainer |   epoch 45 step 40/140 loss=0.7190
00:00:22 | INFO    | holoqpi.engine.trainer |   epoch 45 step 60/140 loss=0.6662
00:00:24 | INFO    | holoqpi.engine.trainer |   epoch 45 step 80/140 loss=0.9622
00:00:26 | INFO    | holoqpi.engine.trainer |   epoch 45 step 100/140 loss=0.7333
00:00:28 | INFO    | holoqpi.engine.trainer |   epoch 45 step 120/140 loss=0.8494
00:01:14 | INFO    | holoqpi.engine.trainer | epoch 45/60 (57s = 13s train + 44s val) | train_loss=0.7101  val_phase_mae=0.1820  val_dice=0.7668  val_cls_acc=0.7559  val_mass_mape=0.2435
00:01:14 | INFO    | holoqpi.engine.trainer |   epoch 46 step 0/140 loss=0.5228
00:01:16 | INFO    | holoqpi.engine.trainer |   epoch 46 step 20/140 loss=0.9276
00:01:18 | INFO    | holoqpi.engine.trainer |   epoch 46 step 40/140 loss=0.5879
00:01:20 | INFO    | holoqpi.engine.trainer |   epoch 46 step 60/140 loss=0.6479
00:01:22 | INFO    | holoqpi.engine.trainer |   epoch 46 step 80/140 loss=0.5752
00:01:23 | INFO    | holoqpi.engine.trainer |   epoch 46 step 100/140 loss=1.3842
00:01:25 | INFO    | holoqpi.engine.trainer |   epoch 46 step 120/140 loss=0.5282
00:02:11 | INFO    | holoqpi.engine.trainer | epoch 46/60 (57s = 13s train + 44s val) | train_loss=0.6882  val_phase_mae=0.1819  val_dice=0.7660  val_cls_acc=0.8031  val_mass_mape=0.2339
00:02:11 | INFO    | holoqpi.engine.trainer |   epoch 47 step 0/140 loss=0.6690
00:02:13 | INFO    | holoqpi.engine.trainer |   epoch 47 step 20/140 loss=0.6858
00:02:15 | INFO    | holoqpi.engine.trainer |   epoch 47 step 40/140 loss=0.4743
00:02:17 | INFO    | holoqpi.engine.trainer |   epoch 47 step 60/140 loss=0.5637
00:02:19 | INFO    | holoqpi.engine.trainer |   epoch 47 step 80/140 loss=0.7355
00:02:20 | INFO    | holoqpi.engine.trainer |   epoch 47 step 100/140 loss=0.6253
00:02:22 | INFO    | holoqpi.engine.trainer |   epoch 47 step 120/140 loss=0.8683
00:03:08 | INFO    | holoqpi.engine.trainer | epoch 47/60 (57s = 13s train + 44s val) | train_loss=0.6960  val_phase_mae=0.1819  val_dice=0.7662  val_cls_acc=0.7244  val_mass_mape=0.2323
00:03:08 | INFO    | holoqpi.engine.trainer |   epoch 48 step 0/140 loss=0.5063
00:03:10 | INFO    | holoqpi.engine.trainer |   epoch 48 step 20/140 loss=0.8025
00:03:12 | INFO    | holoqpi.engine.trainer |   epoch 48 step 40/140 loss=0.6662
00:03:14 | INFO    | holoqpi.engine.trainer |   epoch 48 step 60/140 loss=0.6196
00:03:16 | INFO    | holoqpi.engine.trainer |   epoch 48 step 80/140 loss=0.6063
00:03:18 | INFO    | holoqpi.engine.trainer |   epoch 48 step 100/140 loss=0.6357
00:03:19 | INFO    | holoqpi.engine.trainer |   epoch 48 step 120/140 loss=0.5717
00:04:05 | INFO    | holoqpi.engine.trainer | epoch 48/60 (57s = 13s train + 44s val) | train_loss=0.6839  val_phase_mae=0.1809  val_dice=0.7656  val_cls_acc=0.7087  val_mass_mape=0.2295
00:04:05 | INFO    | holoqpi.engine.trainer |   epoch 49 step 0/140 loss=0.6793
00:04:07 | INFO    | holoqpi.engine.trainer |   epoch 49 step 20/140 loss=0.5372
00:04:09 | INFO    | holoqpi.engine.trainer |   epoch 49 step 40/140 loss=0.5433
00:04:11 | INFO    | holoqpi.engine.trainer |   epoch 49 step 60/140 loss=0.8123
00:04:13 | INFO    | holoqpi.engine.trainer |   epoch 49 step 80/140 loss=0.5227
00:04:15 | INFO    | holoqpi.engine.trainer |   epoch 49 step 100/140 loss=0.6697
00:04:16 | INFO    | holoqpi.engine.trainer |   epoch 49 step 120/140 loss=0.9392
00:05:02 | INFO    | holoqpi.engine.trainer | epoch 49/60 (57s = 13s train + 44s val) | train_loss=0.6904  val_phase_mae=0.1820  val_dice=0.7650  val_cls_acc=0.7638  val_mass_mape=0.2228
00:05:02 | INFO    | holoqpi.engine.trainer |   epoch 50 step 0/140 loss=0.8376
00:05:04 | INFO    | holoqpi.engine.trainer |   epoch 50 step 20/140 loss=0.7700
00:05:06 | INFO    | holoqpi.engine.trainer |   epoch 50 step 40/140 loss=0.6330
00:05:08 | INFO    | holoqpi.engine.trainer |   epoch 50 step 60/140 loss=0.6545
00:05:10 | INFO    | holoqpi.engine.trainer |   epoch 50 step 80/140 loss=0.4892
00:05:12 | INFO    | holoqpi.engine.trainer |   epoch 50 step 100/140 loss=0.9947
00:05:14 | INFO    | holoqpi.engine.trainer |   epoch 50 step 120/140 loss=0.6639
00:05:59 | INFO    | holoqpi.engine.trainer |   new best composite=0.7606
00:05:59 | INFO    | holoqpi.engine.trainer | epoch 50/60 (57s = 13s train + 44s val) | train_loss=0.6951  val_phase_mae=0.1800  val_dice=0.7695  val_cls_acc=0.7874  val_mass_mape=0.2293
00:06:00 | INFO    | holoqpi.engine.trainer |   epoch 51 step 0/140 loss=0.5838
00:06:02 | INFO    | holoqpi.engine.trainer |   epoch 51 step 20/140 loss=0.6017
00:06:03 | INFO    | holoqpi.engine.trainer |   epoch 51 step 40/140 loss=0.5232
00:06:05 | INFO    | holoqpi.engine.trainer |   epoch 51 step 60/140 loss=0.5227
00:06:07 | INFO    | holoqpi.engine.trainer |   epoch 51 step 80/140 loss=0.5785
00:06:09 | INFO    | holoqpi.engine.trainer |   epoch 51 step 100/140 loss=0.5770
00:06:11 | INFO    | holoqpi.engine.trainer |   epoch 51 step 120/140 loss=0.4986
00:06:56 | INFO    | holoqpi.engine.trainer |   new best composite=0.7620
00:06:56 | INFO    | holoqpi.engine.trainer | epoch 51/60 (57s = 13s train + 43s val) | train_loss=0.6751  val_phase_mae=0.1804  val_dice=0.7673  val_cls_acc=0.8031  val_mass_mape=0.2248
00:06:57 | INFO    | holoqpi.engine.trainer |   epoch 52 step 0/140 loss=0.7852
00:06:59 | INFO    | holoqpi.engine.trainer |   epoch 52 step 20/140 loss=0.5991
00:07:00 | INFO    | holoqpi.engine.trainer |   epoch 52 step 40/140 loss=0.6700
00:07:02 | INFO    | holoqpi.engine.trainer |   epoch 52 step 60/140 loss=0.8907
00:07:04 | INFO    | holoqpi.engine.trainer |   epoch 52 step 80/140 loss=0.5150
00:07:06 | INFO    | holoqpi.engine.trainer |   epoch 52 step 100/140 loss=0.6060
00:07:08 | INFO    | holoqpi.engine.trainer |   epoch 52 step 120/140 loss=0.4166
00:07:53 | INFO    | holoqpi.engine.trainer | epoch 52/60 (57s = 13s train + 44s val) | train_loss=0.6838  val_phase_mae=0.1797  val_dice=0.7708  val_cls_acc=0.8110  val_mass_mape=0.2339
00:07:54 | INFO    | holoqpi.engine.trainer |   epoch 53 step 0/140 loss=0.8022
00:07:55 | INFO    | holoqpi.engine.trainer |   epoch 53 step 20/140 loss=0.8980
00:07:57 | INFO    | holoqpi.engine.trainer |   epoch 53 step 40/140 loss=0.8100
00:07:59 | INFO    | holoqpi.engine.trainer |   epoch 53 step 60/140 loss=0.4504
00:08:01 | INFO    | holoqpi.engine.trainer |   epoch 53 step 80/140 loss=0.5249
00:08:03 | INFO    | holoqpi.engine.trainer |   epoch 53 step 100/140 loss=0.6715
00:08:05 | INFO    | holoqpi.engine.trainer |   epoch 53 step 120/140 loss=0.6241
00:08:50 | INFO    | holoqpi.engine.trainer | epoch 53/60 (57s = 13s train + 44s val) | train_loss=0.6776  val_phase_mae=0.1809  val_dice=0.7703  val_cls_acc=0.7874  val_mass_mape=0.2335
00:08:51 | INFO    | holoqpi.engine.trainer |   epoch 54 step 0/140 loss=0.5606
00:08:53 | INFO    | holoqpi.engine.trainer |   epoch 54 step 20/140 loss=1.0687
00:08:55 | INFO    | holoqpi.engine.trainer |   epoch 54 step 40/140 loss=0.8525
00:08:56 | INFO    | holoqpi.engine.trainer |   epoch 54 step 60/140 loss=0.9440
00:08:58 | INFO    | holoqpi.engine.trainer |   epoch 54 step 80/140 loss=0.4808
00:09:00 | INFO    | holoqpi.engine.trainer |   epoch 54 step 100/140 loss=0.8832
00:09:02 | INFO    | holoqpi.engine.trainer |   epoch 54 step 120/140 loss=0.4633
00:09:47 | INFO    | holoqpi.engine.trainer | epoch 54/60 (57s = 13s train + 44s val) | train_loss=0.6862  val_phase_mae=0.1810  val_dice=0.7689  val_cls_acc=0.8031  val_mass_mape=0.2320
00:09:48 | INFO    | holoqpi.engine.trainer |   epoch 55 step 0/140 loss=0.5911
00:09:50 | INFO    | holoqpi.engine.trainer |   epoch 55 step 20/140 loss=0.5693
00:09:51 | INFO    | holoqpi.engine.trainer |   epoch 55 step 40/140 loss=0.5844
00:09:53 | INFO    | holoqpi.engine.trainer |   epoch 55 step 60/140 loss=0.5701
00:09:55 | INFO    | holoqpi.engine.trainer |   epoch 55 step 80/140 loss=0.4693
00:09:57 | INFO    | holoqpi.engine.trainer |   epoch 55 step 100/140 loss=0.5103
00:09:59 | INFO    | holoqpi.engine.trainer |   epoch 55 step 120/140 loss=0.8120
00:10:45 | INFO    | holoqpi.engine.trainer | epoch 55/60 (58s = 13s train + 44s val) | train_loss=0.6716  val_phase_mae=0.1810  val_dice=0.7696  val_cls_acc=0.7795  val_mass_mape=0.2356
00:10:46 | INFO    | holoqpi.engine.trainer |   epoch 56 step 0/140 loss=0.5800
00:10:47 | INFO    | holoqpi.engine.trainer |   epoch 56 step 20/140 loss=0.7091
00:10:49 | INFO    | holoqpi.engine.trainer |   epoch 56 step 40/140 loss=0.5771
00:10:51 | INFO    | holoqpi.engine.trainer |   epoch 56 step 60/140 loss=0.4984
00:10:53 | INFO    | holoqpi.engine.trainer |   epoch 56 step 80/140 loss=0.9923
00:10:55 | INFO    | holoqpi.engine.trainer |   epoch 56 step 100/140 loss=0.5982
00:10:57 | INFO    | holoqpi.engine.trainer |   epoch 56 step 120/140 loss=0.9548
00:11:42 | INFO    | holoqpi.engine.trainer | epoch 56/60 (57s = 13s train + 44s val) | train_loss=0.6719  val_phase_mae=0.1800  val_dice=0.7690  val_cls_acc=0.7717  val_mass_mape=0.2252
00:11:43 | INFO    | holoqpi.engine.trainer |   epoch 57 step 0/140 loss=0.5692
00:11:45 | INFO    | holoqpi.engine.trainer |   epoch 57 step 20/140 loss=0.7990
00:11:47 | INFO    | holoqpi.engine.trainer |   epoch 57 step 40/140 loss=0.7316
00:11:48 | INFO    | holoqpi.engine.trainer |   epoch 57 step 60/140 loss=0.6203
00:11:50 | INFO    | holoqpi.engine.trainer |   epoch 57 step 80/140 loss=0.5727
00:11:52 | INFO    | holoqpi.engine.trainer |   epoch 57 step 100/140 loss=0.5984
00:11:54 | INFO    | holoqpi.engine.trainer |   epoch 57 step 120/140 loss=0.5674
00:12:40 | INFO    | holoqpi.engine.trainer | epoch 57/60 (57s = 13s train + 44s val) | train_loss=0.6630  val_phase_mae=0.1802  val_dice=0.7686  val_cls_acc=0.7559  val_mass_mape=0.2265
00:12:40 | INFO    | holoqpi.engine.trainer |   epoch 58 step 0/140 loss=0.7720
00:12:42 | INFO    | holoqpi.engine.trainer |   epoch 58 step 20/140 loss=0.5668
00:12:44 | INFO    | holoqpi.engine.trainer |   epoch 58 step 40/140 loss=0.7142
00:12:46 | INFO    | holoqpi.engine.trainer |   epoch 58 step 60/140 loss=0.6731
00:12:48 | INFO    | holoqpi.engine.trainer |   epoch 58 step 80/140 loss=0.8674
00:12:50 | INFO    | holoqpi.engine.trainer |   epoch 58 step 100/140 loss=0.4997
00:12:52 | INFO    | holoqpi.engine.trainer |   epoch 58 step 120/140 loss=0.7431
00:13:37 | INFO    | holoqpi.engine.trainer | epoch 58/60 (57s = 13s train + 44s val) | train_loss=0.6759  val_phase_mae=0.1805  val_dice=0.7683  val_cls_acc=0.7953  val_mass_mape=0.2266
00:13:37 | INFO    | holoqpi.engine.trainer |   epoch 59 step 0/140 loss=0.5580
00:13:39 | INFO    | holoqpi.engine.trainer |   epoch 59 step 20/140 loss=0.6864
00:13:41 | INFO    | holoqpi.engine.trainer |   epoch 59 step 40/140 loss=0.5271
00:13:43 | INFO    | holoqpi.engine.trainer |   epoch 59 step 60/140 loss=0.6027
00:13:45 | INFO    | holoqpi.engine.trainer |   epoch 59 step 80/140 loss=0.5164
00:13:46 | INFO    | holoqpi.engine.trainer |   epoch 59 step 100/140 loss=0.4631
00:13:48 | INFO    | holoqpi.engine.trainer |   epoch 59 step 120/140 loss=0.5249
00:14:34 | INFO    | holoqpi.engine.trainer | epoch 59/60 (57s = 13s train + 44s val) | train_loss=0.6580  val_phase_mae=0.1801  val_dice=0.7696  val_cls_acc=0.7480  val_mass_mape=0.2264
00:14:34 | INFO    | holoqpi.engine.trainer |   epoch 60 step 0/140 loss=0.4954
00:14:36 | INFO    | holoqpi.engine.trainer |   epoch 60 step 20/140 loss=1.1376
00:14:38 | INFO    | holoqpi.engine.trainer |   epoch 60 step 40/140 loss=1.6053
00:14:40 | INFO    | holoqpi.engine.trainer |   epoch 60 step 60/140 loss=0.6007
00:14:42 | INFO    | holoqpi.engine.trainer |   epoch 60 step 80/140 loss=0.5272
00:14:44 | INFO    | holoqpi.engine.trainer |   epoch 60 step 100/140 loss=0.6574
00:14:45 | INFO    | holoqpi.engine.trainer |   epoch 60 step 120/140 loss=0.6056
00:15:31 | INFO    | holoqpi.engine.trainer | epoch 60/60 (57s = 13s train + 44s val) | train_loss=0.6632  val_phase_mae=0.1808  val_dice=0.7691  val_cls_acc=0.7717  val_mass_mape=0.2361
00:15:31 | INFO    | holoqpi.engine.trainer | training finished; best epoch 51 (composite=0.7620)
00:15:31 | INFO    | holoqpi.engine.trainer | checkpoint best_model.pt: 446/446 tensors matched
00:16:10 | INFO    | holoqpi.engine.compare | modality=gabor test metrics written to runs/base_gabor
00:16:10 | INFO    | holoqpi.engine.compare | comparison table written to runs/base_modality_comparison.csv
