00:16:15 | INFO    | holoqpi.engine.compare | ======================================================================
00:16:15 | INFO    | holoqpi.engine.compare | modality=off_axis  device=cuda  run_dir=runs/no_physics_off_axis
00:16:15 | INFO    | holoqpi.engine.compare | ======================================================================
00:16:15 | INFO    | holoqpi.data.dataset | train split: 560 samples | modality=off_axis | crop=512 | augment=True
00:16:15 | INFO    | holoqpi.data.dataset | val split: 127 samples | modality=off_axis | crop=None | augment=False
00:16:15 | INFO    | holoqpi.data.dataset | test split: 113 samples | modality=off_axis | crop=None | augment=False
00:16:16 | INFO    | holoqpi.models.encoders | encoder=mobilenet_v2 in_channels=1 pretrained=True stages=[16, 24, 32, 96, 1280]
00:16:16 | INFO    | holoqpi.models.holonet | HoloQPINet built: 9.76M parameters, 9.76M trainable (100.0%)
00:16:17 | INFO    | holoqpi.engine.trainer | trainable 9.76M / 9.76M parameters (100.0%)
00:16:17 | INFO    | holoqpi.engine.trainer | active physics terms: none
00:16:23 | INFO    | holoqpi.engine.trainer |   epoch 1 step 0/140 loss=2.0715
00:16:25 | INFO    | holoqpi.engine.trainer |   epoch 1 step 20/140 loss=1.8829
00:16:27 | INFO    | holoqpi.engine.trainer |   epoch 1 step 40/140 loss=1.6248
00:16:29 | INFO    | holoqpi.engine.trainer |   epoch 1 step 60/140 loss=1.4379
00:16:32 | INFO    | holoqpi.engine.trainer |   epoch 1 step 80/140 loss=1.4026
00:16:34 | INFO    | holoqpi.engine.trainer |   epoch 1 step 100/140 loss=1.3455
00:16:36 | INFO    | holoqpi.engine.trainer |   epoch 1 step 120/140 loss=1.2415
00:17:28 | INFO    | holoqpi.engine.trainer |   new best composite=0.5921
00:17:28 | INFO    | holoqpi.engine.trainer | epoch 1/60 (71s = 20s train + 51s val) | train_loss=1.5145  val_phase_mae=0.2768  val_dice=0.6450  val_cls_acc=0.2677  val_mass_mape=0.4644
00:17:28 | INFO    | holoqpi.engine.trainer |   at this rate the full 60-epoch schedule takes about 71 min
00:17:29 | INFO    | holoqpi.engine.trainer |   epoch 2 step 0/140 loss=1.2084
00:17:31 | INFO    | holoqpi.engine.trainer |   epoch 2 step 20/140 loss=1.1258
00:17:33 | INFO    | holoqpi.engine.trainer |   epoch 2 step 40/140 loss=1.1639
00:17:35 | INFO    | holoqpi.engine.trainer |   epoch 2 step 60/140 loss=0.9901
00:17:37 | INFO    | holoqpi.engine.trainer |   epoch 2 step 80/140 loss=1.0003
00:17:39 | INFO    | holoqpi.engine.trainer |   epoch 2 step 100/140 loss=0.9984
00:17:41 | INFO    | holoqpi.engine.trainer |   epoch 2 step 120/140 loss=1.0689
00:18:27 | INFO    | holoqpi.engine.trainer |   new best composite=0.6483
00:18:27 | INFO    | holoqpi.engine.trainer | epoch 2/60 (59s = 15s train + 44s val) | train_loss=1.0671  val_phase_mae=0.2324  val_dice=0.7421  val_cls_acc=0.2520  val_mass_mape=0.5929
00:18:28 | INFO    | holoqpi.engine.trainer |   epoch 3 step 0/140 loss=0.9224
00:18:30 | INFO    | holoqpi.engine.trainer |   epoch 3 step 20/140 loss=0.7908
00:18:32 | INFO    | holoqpi.engine.trainer |   epoch 3 step 40/140 loss=0.9142
00:18:34 | INFO    | holoqpi.engine.trainer |   epoch 3 step 60/140 loss=0.9692
00:18:36 | INFO    | holoqpi.engine.trainer |   epoch 3 step 80/140 loss=0.8970
00:18:38 | INFO    | holoqpi.engine.trainer |   epoch 3 step 100/140 loss=0.9124
00:18:40 | INFO    | holoqpi.engine.trainer |   epoch 3 step 120/140 loss=0.7850
00:19:25 | INFO    | holoqpi.engine.trainer |   new best composite=0.7409
00:19:25 | INFO    | holoqpi.engine.trainer | epoch 3/60 (58s = 14s train + 44s val) | train_loss=0.8801  val_phase_mae=0.2023  val_dice=0.7697  val_cls_acc=0.3150  val_mass_mape=0.2996
00:19:26 | INFO    | holoqpi.engine.trainer |   epoch 4 step 0/140 loss=0.8607
00:19:28 | INFO    | holoqpi.engine.trainer |   epoch 4 step 20/140 loss=0.7687
00:19:30 | INFO    | holoqpi.engine.trainer |   epoch 4 step 40/140 loss=0.9964
00:19:32 | INFO    | holoqpi.engine.trainer |   epoch 4 step 60/140 loss=0.8396
00:19:34 | INFO    | holoqpi.engine.trainer |   epoch 4 step 80/140 loss=0.8539
00:19:35 | INFO    | holoqpi.engine.trainer |   epoch 4 step 100/140 loss=0.8032
00:19:37 | INFO    | holoqpi.engine.trainer |   epoch 4 step 120/140 loss=0.7274
00:20:23 | INFO    | holoqpi.engine.trainer |   new best composite=0.7739
00:20:23 | INFO    | holoqpi.engine.trainer | epoch 4/60 (57s = 13s train + 44s val) | train_loss=0.8316  val_phase_mae=0.1882  val_dice=0.7834  val_cls_acc=0.3780  val_mass_mape=0.2184
00:20:23 | INFO    | holoqpi.engine.trainer |   epoch 5 step 0/140 loss=0.8419
00:20:25 | INFO    | holoqpi.engine.trainer |   epoch 5 step 20/140 loss=0.7915
00:20:27 | INFO    | holoqpi.engine.trainer |   epoch 5 step 40/140 loss=0.8367
00:20:29 | INFO    | holoqpi.engine.trainer |   epoch 5 step 60/140 loss=0.7445
00:20:31 | INFO    | holoqpi.engine.trainer |   epoch 5 step 80/140 loss=0.8461
00:20:33 | INFO    | holoqpi.engine.trainer |   epoch 5 step 100/140 loss=0.8102
00:20:34 | INFO    | holoqpi.engine.trainer |   epoch 5 step 120/140 loss=0.6758
00:21:20 | INFO    | holoqpi.engine.trainer | epoch 5/60 (58s = 13s train + 44s val) | train_loss=0.7823  val_phase_mae=0.1879  val_dice=0.7747  val_cls_acc=0.2756  val_mass_mape=0.2802
00:21:21 | INFO    | holoqpi.engine.trainer |   epoch 6 step 0/140 loss=0.7507
00:21:23 | INFO    | holoqpi.engine.trainer |   epoch 6 step 20/140 loss=0.8528
00:21:25 | INFO    | holoqpi.engine.trainer |   epoch 6 step 40/140 loss=0.7560
00:21:26 | INFO    | holoqpi.engine.trainer |   epoch 6 step 60/140 loss=0.6360
00:21:28 | INFO    | holoqpi.engine.trainer |   epoch 6 step 80/140 loss=0.6519
00:21:30 | INFO    | holoqpi.engine.trainer |   epoch 6 step 100/140 loss=0.8920
00:21:32 | INFO    | holoqpi.engine.trainer |   epoch 6 step 120/140 loss=0.7065
00:22:17 | INFO    | holoqpi.engine.trainer | epoch 6/60 (57s = 13s train + 44s val) | train_loss=0.7565  val_phase_mae=0.2003  val_dice=0.7819  val_cls_acc=0.2913  val_mass_mape=0.4160
00:22:18 | INFO    | holoqpi.engine.trainer |   epoch 7 step 0/140 loss=0.7030
00:22:20 | INFO    | holoqpi.engine.trainer |   epoch 7 step 20/140 loss=0.6616
00:22:22 | INFO    | holoqpi.engine.trainer |   epoch 7 step 40/140 loss=0.6619
00:22:23 | INFO    | holoqpi.engine.trainer |   epoch 7 step 60/140 loss=0.6757
00:22:25 | INFO    | holoqpi.engine.trainer |   epoch 7 step 80/140 loss=0.7519
00:22:27 | INFO    | holoqpi.engine.trainer |   epoch 7 step 100/140 loss=0.7563
00:22:29 | INFO    | holoqpi.engine.trainer |   epoch 7 step 120/140 loss=0.8703
00:23:15 | INFO    | holoqpi.engine.trainer | epoch 7/60 (57s = 13s train + 44s val) | train_loss=0.7317  val_phase_mae=0.1884  val_dice=0.7977  val_cls_acc=0.4094  val_mass_mape=0.2583
00:23:15 | INFO    | holoqpi.engine.trainer |   epoch 8 step 0/140 loss=0.7121
00:23:17 | INFO    | holoqpi.engine.trainer |   epoch 8 step 20/140 loss=0.6820
00:23:19 | INFO    | holoqpi.engine.trainer |   epoch 8 step 40/140 loss=0.8201
00:23:21 | INFO    | holoqpi.engine.trainer |   epoch 8 step 60/140 loss=0.6719
00:23:22 | INFO    | holoqpi.engine.trainer |   epoch 8 step 80/140 loss=0.7097
00:23:24 | INFO    | holoqpi.engine.trainer |   epoch 8 step 100/140 loss=0.7374
00:23:26 | INFO    | holoqpi.engine.trainer |   epoch 8 step 120/140 loss=0.7888
00:24:12 | INFO    | holoqpi.engine.trainer | epoch 8/60 (57s = 13s train + 44s val) | train_loss=0.7171  val_phase_mae=0.1912  val_dice=0.7921  val_cls_acc=0.2835  val_mass_mape=0.2361
00:24:12 | INFO    | holoqpi.engine.trainer |   epoch 9 step 0/140 loss=0.7334
00:24:14 | INFO    | holoqpi.engine.trainer |   epoch 9 step 20/140 loss=0.5596
00:24:16 | INFO    | holoqpi.engine.trainer |   epoch 9 step 40/140 loss=0.6339
00:24:18 | INFO    | holoqpi.engine.trainer |   epoch 9 step 60/140 loss=0.8228
00:24:19 | INFO    | holoqpi.engine.trainer |   epoch 9 step 80/140 loss=0.7843
00:24:21 | INFO    | holoqpi.engine.trainer |   epoch 9 step 100/140 loss=0.7392
00:24:23 | INFO    | holoqpi.engine.trainer |   epoch 9 step 120/140 loss=0.8016
00:25:09 | INFO    | holoqpi.engine.trainer |   new best composite=0.7931
00:25:09 | INFO    | holoqpi.engine.trainer | epoch 9/60 (57s = 13s train + 44s val) | train_loss=0.7097  val_phase_mae=0.1761  val_dice=0.8054  val_cls_acc=0.4882  val_mass_mape=0.2037
00:25:10 | INFO    | holoqpi.engine.trainer |   epoch 10 step 0/140 loss=0.7202
00:25:11 | INFO    | holoqpi.engine.trainer |   epoch 10 step 20/140 loss=0.6902
00:25:13 | INFO    | holoqpi.engine.trainer |   epoch 10 step 40/140 loss=0.8480
00:25:15 | INFO    | holoqpi.engine.trainer |   epoch 10 step 60/140 loss=0.7256
00:25:17 | INFO    | holoqpi.engine.trainer |   epoch 10 step 80/140 loss=0.8433
00:25:19 | INFO    | holoqpi.engine.trainer |   epoch 10 step 100/140 loss=0.7554
00:25:21 | INFO    | holoqpi.engine.trainer |   epoch 10 step 120/140 loss=0.7357
00:26:06 | INFO    | holoqpi.engine.trainer | epoch 10/60 (57s = 13s train + 44s val) | train_loss=0.7053  val_phase_mae=0.1828  val_dice=0.8007  val_cls_acc=0.4646  val_mass_mape=0.2267
00:26:06 | INFO    | holoqpi.engine.trainer |   epoch 11 step 0/140 loss=0.6475
00:26:08 | INFO    | holoqpi.engine.trainer |   epoch 11 step 20/140 loss=0.7324
00:26:10 | INFO    | holoqpi.engine.trainer |   epoch 11 step 40/140 loss=0.8862
00:26:13 | INFO    | holoqpi.engine.trainer |   epoch 11 step 60/140 loss=0.6556
00:26:15 | INFO    | holoqpi.engine.trainer |   epoch 11 step 80/140 loss=0.6497
00:26:17 | INFO    | holoqpi.engine.trainer |   epoch 11 step 100/140 loss=0.6780
00:26:19 | INFO    | holoqpi.engine.trainer |   epoch 11 step 120/140 loss=0.6976
00:27:04 | INFO    | holoqpi.engine.trainer | epoch 11/60 (58s = 15s train + 43s val) | train_loss=0.6903  val_phase_mae=0.1873  val_dice=0.8030  val_cls_acc=0.2677  val_mass_mape=0.2557
00:27:04 | INFO    | holoqpi.engine.trainer |   epoch 12 step 0/140 loss=0.7652
00:27:06 | INFO    | holoqpi.engine.trainer |   epoch 12 step 20/140 loss=0.8267
00:27:08 | INFO    | holoqpi.engine.trainer |   epoch 12 step 40/140 loss=0.6631
00:27:10 | INFO    | holoqpi.engine.trainer |   epoch 12 step 60/140 loss=0.6803
00:27:12 | INFO    | holoqpi.engine.trainer |   epoch 12 step 80/140 loss=0.6142
00:27:14 | INFO    | holoqpi.engine.trainer |   epoch 12 step 100/140 loss=0.6088
00:27:16 | INFO    | holoqpi.engine.trainer |   epoch 12 step 120/140 loss=0.5548
00:28:02 | INFO    | holoqpi.engine.trainer |   new best composite=0.7954
00:28:02 | INFO    | holoqpi.engine.trainer | epoch 12/60 (58s = 14s train + 44s val) | train_loss=0.6835  val_phase_mae=0.1737  val_dice=0.8096  val_cls_acc=0.3228  val_mass_mape=0.2081
00:28:02 | INFO    | holoqpi.engine.trainer |   epoch 13 step 0/140 loss=0.5906
00:28:04 | INFO    | holoqpi.engine.trainer |   epoch 13 step 20/140 loss=0.7697
00:28:06 | INFO    | holoqpi.engine.trainer |   epoch 13 step 40/140 loss=0.7576
00:28:08 | INFO    | holoqpi.engine.trainer |   epoch 13 step 60/140 loss=0.7510
00:28:10 | INFO    | holoqpi.engine.trainer |   epoch 13 step 80/140 loss=0.6609
00:28:12 | INFO    | holoqpi.engine.trainer |   epoch 13 step 100/140 loss=0.6209
00:28:14 | INFO    | holoqpi.engine.trainer |   epoch 13 step 120/140 loss=0.6324
00:28:59 | INFO    | holoqpi.engine.trainer |   new best composite=0.7963
00:28:59 | INFO    | holoqpi.engine.trainer | epoch 13/60 (57s = 13s train + 43s val) | train_loss=0.6803  val_phase_mae=0.1750  val_dice=0.8094  val_cls_acc=0.4882  val_mass_mape=0.2112
00:28:59 | INFO    | holoqpi.engine.trainer |   epoch 14 step 0/140 loss=0.6626
00:29:01 | INFO    | holoqpi.engine.trainer |   epoch 14 step 20/140 loss=0.5911
00:29:03 | INFO    | holoqpi.engine.trainer |   epoch 14 step 40/140 loss=0.5647
00:29:05 | INFO    | holoqpi.engine.trainer |   epoch 14 step 60/140 loss=0.6224
00:29:07 | INFO    | holoqpi.engine.trainer |   epoch 14 step 80/140 loss=0.8027
00:29:09 | INFO    | holoqpi.engine.trainer |   epoch 14 step 100/140 loss=0.5850
00:29:11 | INFO    | holoqpi.engine.trainer |   epoch 14 step 120/140 loss=0.5432
00:29:56 | INFO    | holoqpi.engine.trainer | epoch 14/60 (57s = 14s train + 43s val) | train_loss=0.6671  val_phase_mae=0.1777  val_dice=0.8044  val_cls_acc=0.4882  val_mass_mape=0.2045
00:29:57 | INFO    | holoqpi.engine.trainer |   epoch 15 step 0/140 loss=0.6739
00:29:59 | INFO    | holoqpi.engine.trainer |   epoch 15 step 20/140 loss=0.6142
00:30:00 | INFO    | holoqpi.engine.trainer |   epoch 15 step 40/140 loss=0.6069
00:30:02 | INFO    | holoqpi.engine.trainer |   epoch 15 step 60/140 loss=0.6457
00:30:04 | INFO    | holoqpi.engine.trainer |   epoch 15 step 80/140 loss=0.6468
00:30:06 | INFO    | holoqpi.engine.trainer |   epoch 15 step 100/140 loss=0.5524
00:30:08 | INFO    | holoqpi.engine.trainer |   epoch 15 step 120/140 loss=0.7402
00:30:54 | INFO    | holoqpi.engine.trainer |   new best composite=0.7994
00:30:54 | INFO    | holoqpi.engine.trainer | epoch 15/60 (58s = 14s train + 44s val) | train_loss=0.6623  val_phase_mae=0.1773  val_dice=0.8119  val_cls_acc=0.5748  val_mass_mape=0.2080
00:30:55 | INFO    | holoqpi.engine.trainer |   epoch 16 step 0/140 loss=0.5338
00:30:57 | INFO    | holoqpi.engine.trainer |   epoch 16 step 20/140 loss=0.6565
00:30:59 | INFO    | holoqpi.engine.trainer |   epoch 16 step 40/140 loss=0.7360
00:31:01 | INFO    | holoqpi.engine.trainer |   epoch 16 step 60/140 loss=0.7142
00:31:03 | INFO    | holoqpi.engine.trainer |   epoch 16 step 80/140 loss=0.6706
00:31:05 | INFO    | holoqpi.engine.trainer |   epoch 16 step 100/140 loss=0.5743
00:31:07 | INFO    | holoqpi.engine.trainer |   epoch 16 step 120/140 loss=0.6237
00:31:52 | INFO    | holoqpi.engine.trainer | epoch 16/60 (58s = 14s train + 44s val) | train_loss=0.6499  val_phase_mae=0.1786  val_dice=0.8091  val_cls_acc=0.3937  val_mass_mape=0.2107
00:31:53 | INFO    | holoqpi.engine.trainer |   epoch 17 step 0/140 loss=0.9401
00:31:55 | INFO    | holoqpi.engine.trainer |   epoch 17 step 20/140 loss=0.8405
00:31:56 | INFO    | holoqpi.engine.trainer |   epoch 17 step 40/140 loss=0.5837
00:31:58 | INFO    | holoqpi.engine.trainer |   epoch 17 step 60/140 loss=0.6734
00:32:00 | INFO    | holoqpi.engine.trainer |   epoch 17 step 80/140 loss=0.6811
00:32:02 | INFO    | holoqpi.engine.trainer |   epoch 17 step 100/140 loss=0.6173
00:32:04 | INFO    | holoqpi.engine.trainer |   epoch 17 step 120/140 loss=0.4693
00:32:50 | INFO    | holoqpi.engine.trainer |   new best composite=0.8022
00:32:50 | INFO    | holoqpi.engine.trainer | epoch 17/60 (58s = 14s train + 44s val) | train_loss=0.6386  val_phase_mae=0.1739  val_dice=0.8136  val_cls_acc=0.3622  val_mass_mape=0.1973
00:32:51 | INFO    | holoqpi.engine.trainer |   epoch 18 step 0/140 loss=0.5953
00:32:53 | INFO    | holoqpi.engine.trainer |   epoch 18 step 20/140 loss=0.5275
00:32:55 | INFO    | holoqpi.engine.trainer |   epoch 18 step 40/140 loss=0.6341
00:32:57 | INFO    | holoqpi.engine.trainer |   epoch 18 step 60/140 loss=0.7155
00:32:59 | INFO    | holoqpi.engine.trainer |   epoch 18 step 80/140 loss=0.6567
00:33:01 | INFO    | holoqpi.engine.trainer |   epoch 18 step 100/140 loss=0.5224
00:33:03 | INFO    | holoqpi.engine.trainer |   epoch 18 step 120/140 loss=0.6190
00:33:48 | INFO    | holoqpi.engine.trainer | epoch 18/60 (58s = 14s train + 44s val) | train_loss=0.6380  val_phase_mae=0.1800  val_dice=0.8107  val_cls_acc=0.4409  val_mass_mape=0.2050
00:33:49 | INFO    | holoqpi.engine.trainer |   epoch 19 step 0/140 loss=0.5629
00:33:50 | INFO    | holoqpi.engine.trainer |   epoch 19 step 20/140 loss=0.5516
00:33:52 | INFO    | holoqpi.engine.trainer |   epoch 19 step 40/140 loss=0.6956
00:33:54 | INFO    | holoqpi.engine.trainer |   epoch 19 step 60/140 loss=0.7548
00:33:56 | INFO    | holoqpi.engine.trainer |   epoch 19 step 80/140 loss=0.7619
00:33:58 | INFO    | holoqpi.engine.trainer |   epoch 19 step 100/140 loss=0.6665
00:34:00 | INFO    | holoqpi.engine.trainer |   epoch 19 step 120/140 loss=0.6955
00:34:45 | INFO    | holoqpi.engine.trainer | epoch 19/60 (57s = 14s train + 44s val) | train_loss=0.6509  val_phase_mae=0.1823  val_dice=0.8063  val_cls_acc=0.4567  val_mass_mape=0.2553
00:34:46 | INFO    | holoqpi.engine.trainer |   epoch 20 step 0/140 loss=0.6563
00:34:48 | INFO    | holoqpi.engine.trainer |   epoch 20 step 20/140 loss=0.7945
00:34:50 | INFO    | holoqpi.engine.trainer |   epoch 20 step 40/140 loss=0.6433
00:34:52 | INFO    | holoqpi.engine.trainer |   epoch 20 step 60/140 loss=0.7872
00:34:54 | INFO    | holoqpi.engine.trainer |   epoch 20 step 80/140 loss=0.5154
00:34:56 | INFO    | holoqpi.engine.trainer |   epoch 20 step 100/140 loss=0.6241
00:34:58 | INFO    | holoqpi.engine.trainer |   epoch 20 step 120/140 loss=0.7438
00:35:43 | INFO    | holoqpi.engine.trainer | epoch 20/60 (57s = 14s train + 43s val) | train_loss=0.6169  val_phase_mae=0.1742  val_dice=0.8071  val_cls_acc=0.5827  val_mass_mape=0.1893
00:35:43 | INFO    | holoqpi.engine.trainer |   epoch 21 step 0/140 loss=0.5711
00:35:45 | INFO    | holoqpi.engine.trainer |   epoch 21 step 20/140 loss=0.6014
00:35:47 | INFO    | holoqpi.engine.trainer |   epoch 21 step 40/140 loss=1.1030
00:35:49 | INFO    | holoqpi.engine.trainer |   epoch 21 step 60/140 loss=0.5983
00:35:51 | INFO    | holoqpi.engine.trainer |   epoch 21 step 80/140 loss=0.6904
00:35:53 | INFO    | holoqpi.engine.trainer |   epoch 21 step 100/140 loss=0.5768
00:35:55 | INFO    | holoqpi.engine.trainer |   epoch 21 step 120/140 loss=0.5930
00:36:41 | INFO    | holoqpi.engine.trainer |   new best composite=0.8033
00:36:41 | INFO    | holoqpi.engine.trainer | epoch 21/60 (58s = 14s train + 44s val) | train_loss=0.6189  val_phase_mae=0.1680  val_dice=0.8157  val_cls_acc=0.5354  val_mass_mape=0.2033
00:36:42 | INFO    | holoqpi.engine.trainer |   epoch 22 step 0/140 loss=0.5823
00:36:44 | INFO    | holoqpi.engine.trainer |   epoch 22 step 20/140 loss=0.7000
00:36:45 | INFO    | holoqpi.engine.trainer |   epoch 22 step 40/140 loss=0.6524
00:36:47 | INFO    | holoqpi.engine.trainer |   epoch 22 step 60/140 loss=0.7233
00:36:49 | INFO    | holoqpi.engine.trainer |   epoch 22 step 80/140 loss=0.5376
00:36:51 | INFO    | holoqpi.engine.trainer |   epoch 22 step 100/140 loss=0.6430
00:36:53 | INFO    | holoqpi.engine.trainer |   epoch 22 step 120/140 loss=0.5368
00:37:38 | INFO    | holoqpi.engine.trainer | epoch 22/60 (57s = 14s train + 43s val) | train_loss=0.6269  val_phase_mae=0.1801  val_dice=0.8106  val_cls_acc=0.4882  val_mass_mape=0.2430
00:37:39 | INFO    | holoqpi.engine.trainer |   epoch 23 step 0/140 loss=0.4940
00:37:41 | INFO    | holoqpi.engine.trainer |   epoch 23 step 20/140 loss=0.6084
00:37:43 | INFO    | holoqpi.engine.trainer |   epoch 23 step 40/140 loss=0.6244
00:37:45 | INFO    | holoqpi.engine.trainer |   epoch 23 step 60/140 loss=0.5961
00:37:47 | INFO    | holoqpi.engine.trainer |   epoch 23 step 80/140 loss=0.5950
00:37:49 | INFO    | holoqpi.engine.trainer |   epoch 23 step 100/140 loss=0.7368
00:37:51 | INFO    | holoqpi.engine.trainer |   epoch 23 step 120/140 loss=0.6565
00:38:36 | INFO    | holoqpi.engine.trainer | epoch 23/60 (57s = 14s train + 43s val) | train_loss=0.6115  val_phase_mae=0.1698  val_dice=0.8164  val_cls_acc=0.5591  val_mass_mape=0.2143
00:38:36 | INFO    | holoqpi.engine.trainer |   epoch 24 step 0/140 loss=0.5348
00:38:38 | INFO    | holoqpi.engine.trainer |   epoch 24 step 20/140 loss=0.6464
00:38:40 | INFO    | holoqpi.engine.trainer |   epoch 24 step 40/140 loss=0.5278
00:38:42 | INFO    | holoqpi.engine.trainer |   epoch 24 step 60/140 loss=0.6386
00:38:44 | INFO    | holoqpi.engine.trainer |   epoch 24 step 80/140 loss=0.5645
00:38:46 | INFO    | holoqpi.engine.trainer |   epoch 24 step 100/140 loss=0.9655
00:38:48 | INFO    | holoqpi.engine.trainer |   epoch 24 step 120/140 loss=0.8790
00:39:33 | INFO    | holoqpi.engine.trainer | epoch 24/60 (58s = 14s train + 43s val) | train_loss=0.6154  val_phase_mae=0.1724  val_dice=0.8070  val_cls_acc=0.5118  val_mass_mape=0.2099
00:39:34 | INFO    | holoqpi.engine.trainer |   epoch 25 step 0/140 loss=0.6977
00:39:36 | INFO    | holoqpi.engine.trainer |   epoch 25 step 20/140 loss=0.6049
00:39:38 | INFO    | holoqpi.engine.trainer |   epoch 25 step 40/140 loss=0.5676
00:39:40 | INFO    | holoqpi.engine.trainer |   epoch 25 step 60/140 loss=0.5243
00:39:42 | INFO    | holoqpi.engine.trainer |   epoch 25 step 80/140 loss=0.6679
00:39:43 | INFO    | holoqpi.engine.trainer |   epoch 25 step 100/140 loss=0.6792
00:39:45 | INFO    | holoqpi.engine.trainer |   epoch 25 step 120/140 loss=0.6217
00:40:31 | INFO    | holoqpi.engine.trainer | epoch 25/60 (57s = 14s train + 44s val) | train_loss=0.6136  val_phase_mae=0.1731  val_dice=0.8183  val_cls_acc=0.4961  val_mass_mape=0.2243
00:40:31 | INFO    | holoqpi.engine.trainer |   epoch 26 step 0/140 loss=0.5922
00:40:33 | INFO    | holoqpi.engine.trainer |   epoch 26 step 20/140 loss=0.7051
00:40:35 | INFO    | holoqpi.engine.trainer |   epoch 26 step 40/140 loss=0.5916
00:40:37 | INFO    | holoqpi.engine.trainer |   epoch 26 step 60/140 loss=0.8232
00:40:39 | INFO    | holoqpi.engine.trainer |   epoch 26 step 80/140 loss=0.4759
00:40:41 | INFO    | holoqpi.engine.trainer |   epoch 26 step 100/140 loss=0.6365
00:40:43 | INFO    | holoqpi.engine.trainer |   epoch 26 step 120/140 loss=0.4646
00:41:29 | INFO    | holoqpi.engine.trainer | epoch 26/60 (58s = 14s train + 44s val) | train_loss=0.5967  val_phase_mae=0.1695  val_dice=0.8190  val_cls_acc=0.5591  val_mass_mape=0.2146
00:41:29 | INFO    | holoqpi.engine.trainer |   epoch 27 step 0/140 loss=0.7803
00:41:31 | INFO    | holoqpi.engine.trainer |   epoch 27 step 20/140 loss=0.5789
00:41:33 | INFO    | holoqpi.engine.trainer |   epoch 27 step 40/140 loss=0.8450
00:41:35 | INFO    | holoqpi.engine.trainer |   epoch 27 step 60/140 loss=0.5869
00:41:37 | INFO    | holoqpi.engine.trainer |   epoch 27 step 80/140 loss=0.6397
00:41:39 | INFO    | holoqpi.engine.trainer |   epoch 27 step 100/140 loss=0.7117
00:41:41 | INFO    | holoqpi.engine.trainer |   epoch 27 step 120/140 loss=0.5136
00:42:27 | INFO    | holoqpi.engine.trainer | epoch 27/60 (58s = 14s train + 44s val) | train_loss=0.6021  val_phase_mae=0.1732  val_dice=0.8134  val_cls_acc=0.6457  val_mass_mape=0.2152
00:42:27 | INFO    | holoqpi.engine.trainer |   epoch 28 step 0/140 loss=0.5325
00:42:29 | INFO    | holoqpi.engine.trainer |   epoch 28 step 20/140 loss=0.4590
00:42:31 | INFO    | holoqpi.engine.trainer |   epoch 28 step 40/140 loss=0.6266
00:42:33 | INFO    | holoqpi.engine.trainer |   epoch 28 step 60/140 loss=0.6071
00:42:35 | INFO    | holoqpi.engine.trainer |   epoch 28 step 80/140 loss=0.5217
00:42:37 | INFO    | holoqpi.engine.trainer |   epoch 28 step 100/140 loss=0.8265
00:42:39 | INFO    | holoqpi.engine.trainer |   epoch 28 step 120/140 loss=0.5268
00:43:25 | INFO    | holoqpi.engine.trainer |   new best composite=0.8048
00:43:25 | INFO    | holoqpi.engine.trainer | epoch 28/60 (58s = 14s train + 44s val) | train_loss=0.5843  val_phase_mae=0.1712  val_dice=0.8180  val_cls_acc=0.6220  val_mass_mape=0.1972
00:43:25 | INFO    | holoqpi.engine.trainer |   epoch 29 step 0/140 loss=0.6182
00:43:27 | INFO    | holoqpi.engine.trainer |   epoch 29 step 20/140 loss=0.4430
00:43:29 | INFO    | holoqpi.engine.trainer |   epoch 29 step 40/140 loss=0.4151
00:43:31 | INFO    | holoqpi.engine.trainer |   epoch 29 step 60/140 loss=0.5248
00:43:33 | INFO    | holoqpi.engine.trainer |   epoch 29 step 80/140 loss=0.5571
00:43:35 | INFO    | holoqpi.engine.trainer |   epoch 29 step 100/140 loss=0.4974
00:43:37 | INFO    | holoqpi.engine.trainer |   epoch 29 step 120/140 loss=0.6005
00:44:23 | INFO    | holoqpi.engine.trainer |   new best composite=0.8049
00:44:23 | INFO    | holoqpi.engine.trainer | epoch 29/60 (58s = 14s train + 44s val) | train_loss=0.5756  val_phase_mae=0.1703  val_dice=0.8196  val_cls_acc=0.5039  val_mass_mape=0.2025
00:44:24 | INFO    | holoqpi.engine.trainer |   epoch 30 step 0/140 loss=0.5476
00:44:26 | INFO    | holoqpi.engine.trainer |   epoch 30 step 20/140 loss=0.5451
00:44:27 | INFO    | holoqpi.engine.trainer |   epoch 30 step 40/140 loss=0.7994
00:44:29 | INFO    | holoqpi.engine.trainer |   epoch 30 step 60/140 loss=0.8419
00:44:31 | INFO    | holoqpi.engine.trainer |   epoch 30 step 80/140 loss=0.5787
00:44:33 | INFO    | holoqpi.engine.trainer |   epoch 30 step 100/140 loss=0.6913
00:44:35 | INFO    | holoqpi.engine.trainer |   epoch 30 step 120/140 loss=0.4707
00:45:21 | INFO    | holoqpi.engine.trainer |   new best composite=0.8066
00:45:21 | INFO    | holoqpi.engine.trainer | epoch 30/60 (58s = 14s train + 44s val) | train_loss=0.5856  val_phase_mae=0.1704  val_dice=0.8215  val_cls_acc=0.5906  val_mass_mape=0.1956
00:45:22 | INFO    | holoqpi.engine.trainer |   epoch 31 step 0/140 loss=0.6192
00:45:24 | INFO    | holoqpi.engine.trainer |   epoch 31 step 20/140 loss=0.6189
00:45:26 | INFO    | holoqpi.engine.trainer |   epoch 31 step 40/140 loss=0.7581
00:45:27 | INFO    | holoqpi.engine.trainer |   epoch 31 step 60/140 loss=0.4981
00:45:30 | INFO    | holoqpi.engine.trainer |   epoch 31 step 80/140 loss=0.6637
00:45:32 | INFO    | holoqpi.engine.trainer |   epoch 31 step 100/140 loss=0.7119
00:45:33 | INFO    | holoqpi.engine.trainer |   epoch 31 step 120/140 loss=0.5924
00:46:19 | INFO    | holoqpi.engine.trainer | epoch 31/60 (58s = 14s train + 43s val) | train_loss=0.5846  val_phase_mae=0.1705  val_dice=0.8179  val_cls_acc=0.5827  val_mass_mape=0.1986
00:46:19 | INFO    | holoqpi.engine.trainer |   epoch 32 step 0/140 loss=0.5230
00:46:21 | INFO    | holoqpi.engine.trainer |   epoch 32 step 20/140 loss=0.5758
00:46:23 | INFO    | holoqpi.engine.trainer |   epoch 32 step 40/140 loss=0.7306
00:46:25 | INFO    | holoqpi.engine.trainer |   epoch 32 step 60/140 loss=0.7532
00:46:27 | INFO    | holoqpi.engine.trainer |   epoch 32 step 80/140 loss=0.4676
00:46:29 | INFO    | holoqpi.engine.trainer |   epoch 32 step 100/140 loss=0.4990
00:46:31 | INFO    | holoqpi.engine.trainer |   epoch 32 step 120/140 loss=0.6183
00:47:16 | INFO    | holoqpi.engine.trainer | epoch 32/60 (58s = 14s train + 44s val) | train_loss=0.5718  val_phase_mae=0.1711  val_dice=0.8219  val_cls_acc=0.6614  val_mass_mape=0.2002
00:47:17 | INFO    | holoqpi.engine.trainer |   epoch 33 step 0/140 loss=0.4907
00:47:19 | INFO    | holoqpi.engine.trainer |   epoch 33 step 20/140 loss=0.4623
00:47:21 | INFO    | holoqpi.engine.trainer |   epoch 33 step 40/140 loss=0.6228
00:47:23 | INFO    | holoqpi.engine.trainer |   epoch 33 step 60/140 loss=0.6466
00:47:25 | INFO    | holoqpi.engine.trainer |   epoch 33 step 80/140 loss=0.6843
00:47:27 | INFO    | holoqpi.engine.trainer |   epoch 33 step 100/140 loss=0.5402
00:47:29 | INFO    | holoqpi.engine.trainer |   epoch 33 step 120/140 loss=0.4567
00:48:14 | INFO    | holoqpi.engine.trainer | epoch 33/60 (58s = 14s train + 44s val) | train_loss=0.5644  val_phase_mae=0.1661  val_dice=0.8203  val_cls_acc=0.6142  val_mass_mape=0.2026
00:48:15 | INFO    | holoqpi.engine.trainer |   epoch 34 step 0/140 loss=0.5534
00:48:17 | INFO    | holoqpi.engine.trainer |   epoch 34 step 20/140 loss=0.5656
00:48:19 | INFO    | holoqpi.engine.trainer |   epoch 34 step 40/140 loss=0.4616
00:48:21 | INFO    | holoqpi.engine.trainer |   epoch 34 step 60/140 loss=0.4732
00:48:23 | INFO    | holoqpi.engine.trainer |   epoch 34 step 80/140 loss=0.5953
00:48:25 | INFO    | holoqpi.engine.trainer |   epoch 34 step 100/140 loss=0.4640
00:48:27 | INFO    | holoqpi.engine.trainer |   epoch 34 step 120/140 loss=0.6242
00:49:12 | INFO    | holoqpi.engine.trainer |   new best composite=0.8068
00:49:12 | INFO    | holoqpi.engine.trainer | epoch 34/60 (57s = 14s train + 43s val) | train_loss=0.5535  val_phase_mae=0.1693  val_dice=0.8189  val_cls_acc=0.6220  val_mass_mape=0.1941
00:49:12 | INFO    | holoqpi.engine.trainer |   epoch 35 step 0/140 loss=0.4252
00:49:14 | INFO    | holoqpi.engine.trainer |   epoch 35 step 20/140 loss=0.5659
00:49:16 | INFO    | holoqpi.engine.trainer |   epoch 35 step 40/140 loss=0.9260
00:49:18 | INFO    | holoqpi.engine.trainer |   epoch 35 step 60/140 loss=0.8425
00:49:20 | INFO    | holoqpi.engine.trainer |   epoch 35 step 80/140 loss=0.5763
00:49:22 | INFO    | holoqpi.engine.trainer |   epoch 35 step 100/140 loss=0.5204
00:49:24 | INFO    | holoqpi.engine.trainer |   epoch 35 step 120/140 loss=0.6332
00:50:10 | INFO    | holoqpi.engine.trainer | epoch 35/60 (58s = 14s train + 44s val) | train_loss=0.5556  val_phase_mae=0.1683  val_dice=0.8210  val_cls_acc=0.5433  val_mass_mape=0.2022
00:50:10 | INFO    | holoqpi.engine.trainer |   epoch 36 step 0/140 loss=0.4918
00:50:12 | INFO    | holoqpi.engine.trainer |   epoch 36 step 20/140 loss=0.7333
00:50:14 | INFO    | holoqpi.engine.trainer |   epoch 36 step 40/140 loss=0.5069
00:50:16 | INFO    | holoqpi.engine.trainer |   epoch 36 step 60/140 loss=0.5845
00:50:18 | INFO    | holoqpi.engine.trainer |   epoch 36 step 80/140 loss=0.4474
00:50:20 | INFO    | holoqpi.engine.trainer |   epoch 36 step 100/140 loss=0.3979
00:50:22 | INFO    | holoqpi.engine.trainer |   epoch 36 step 120/140 loss=0.6964
00:51:08 | INFO    | holoqpi.engine.trainer |   new best composite=0.8074
00:51:08 | INFO    | holoqpi.engine.trainer | epoch 36/60 (58s = 14s train + 44s val) | train_loss=0.5586  val_phase_mae=0.1704  val_dice=0.8199  val_cls_acc=0.5984  val_mass_mape=0.1913
00:51:08 | INFO    | holoqpi.engine.trainer |   epoch 37 step 0/140 loss=0.5266
00:51:10 | INFO    | holoqpi.engine.trainer |   epoch 37 step 20/140 loss=0.5966
00:51:12 | INFO    | holoqpi.engine.trainer |   epoch 37 step 40/140 loss=0.4946
00:51:14 | INFO    | holoqpi.engine.trainer |   epoch 37 step 60/140 loss=0.6458
00:51:16 | INFO    | holoqpi.engine.trainer |   epoch 37 step 80/140 loss=0.6628
00:51:18 | INFO    | holoqpi.engine.trainer |   epoch 37 step 100/140 loss=0.5393
00:51:20 | INFO    | holoqpi.engine.trainer |   epoch 37 step 120/140 loss=0.4923
00:52:05 | INFO    | holoqpi.engine.trainer | epoch 37/60 (57s = 14s train + 43s val) | train_loss=0.5486  val_phase_mae=0.1671  val_dice=0.8179  val_cls_acc=0.7008  val_mass_mape=0.1984
00:52:06 | INFO    | holoqpi.engine.trainer |   epoch 38 step 0/140 loss=0.5207
00:52:08 | INFO    | holoqpi.engine.trainer |   epoch 38 step 20/140 loss=0.6173
00:52:10 | INFO    | holoqpi.engine.trainer |   epoch 38 step 40/140 loss=0.5188
00:52:12 | INFO    | holoqpi.engine.trainer |   epoch 38 step 60/140 loss=0.5102
00:52:14 | INFO    | holoqpi.engine.trainer |   epoch 38 step 80/140 loss=0.4485
00:52:16 | INFO    | holoqpi.engine.trainer |   epoch 38 step 100/140 loss=0.6394
00:52:18 | INFO    | holoqpi.engine.trainer |   epoch 38 step 120/140 loss=0.5343
00:53:03 | INFO    | holoqpi.engine.trainer | epoch 38/60 (58s = 14s train + 44s val) | train_loss=0.5463  val_phase_mae=0.1733  val_dice=0.8179  val_cls_acc=0.7402  val_mass_mape=0.2035
00:53:03 | INFO    | holoqpi.engine.trainer |   epoch 39 step 0/140 loss=0.6034
00:53:05 | INFO    | holoqpi.engine.trainer |   epoch 39 step 20/140 loss=0.4773
00:53:07 | INFO    | holoqpi.engine.trainer |   epoch 39 step 40/140 loss=0.4860
00:53:09 | INFO    | holoqpi.engine.trainer |   epoch 39 step 60/140 loss=0.5408
00:53:11 | INFO    | holoqpi.engine.trainer |   epoch 39 step 80/140 loss=0.4969
00:53:13 | INFO    | holoqpi.engine.trainer |   epoch 39 step 100/140 loss=0.7833
00:53:15 | INFO    | holoqpi.engine.trainer |   epoch 39 step 120/140 loss=0.5548
00:54:01 | INFO    | holoqpi.engine.trainer | epoch 39/60 (58s = 14s train + 44s val) | train_loss=0.5399  val_phase_mae=0.1695  val_dice=0.8194  val_cls_acc=0.7165  val_mass_mape=0.2019
00:54:01 | INFO    | holoqpi.engine.trainer |   epoch 40 step 0/140 loss=0.6002
00:54:03 | INFO    | holoqpi.engine.trainer |   epoch 40 step 20/140 loss=0.4625
00:54:05 | INFO    | holoqpi.engine.trainer |   epoch 40 step 40/140 loss=0.4708
00:54:07 | INFO    | holoqpi.engine.trainer |   epoch 40 step 60/140 loss=0.5099
00:54:09 | INFO    | holoqpi.engine.trainer |   epoch 40 step 80/140 loss=0.4382
00:54:11 | INFO    | holoqpi.engine.trainer |   epoch 40 step 100/140 loss=0.5650
00:54:14 | INFO    | holoqpi.engine.trainer |   epoch 40 step 120/140 loss=0.4338
00:54:58 | INFO    | holoqpi.engine.trainer | epoch 40/60 (58s = 14s train + 43s val) | train_loss=0.5293  val_phase_mae=0.1655  val_dice=0.8207  val_cls_acc=0.6614  val_mass_mape=0.2027
00:54:59 | INFO    | holoqpi.engine.trainer |   epoch 41 step 0/140 loss=0.5497
00:55:01 | INFO    | holoqpi.engine.trainer |   epoch 41 step 20/140 loss=0.4402
00:55:03 | INFO    | holoqpi.engine.trainer |   epoch 41 step 40/140 loss=0.4710
00:55:05 | INFO    | holoqpi.engine.trainer |   epoch 41 step 60/140 loss=0.6300
00:55:07 | INFO    | holoqpi.engine.trainer |   epoch 41 step 80/140 loss=0.4402
00:55:09 | INFO    | holoqpi.engine.trainer |   epoch 41 step 100/140 loss=0.4596
00:55:11 | INFO    | holoqpi.engine.trainer |   epoch 41 step 120/140 loss=0.4653
00:55:56 | INFO    | holoqpi.engine.trainer |   new best composite=0.8102
00:55:56 | INFO    | holoqpi.engine.trainer | epoch 41/60 (57s = 14s train + 43s val) | train_loss=0.5276  val_phase_mae=0.1670  val_dice=0.8223  val_cls_acc=0.7087  val_mass_mape=0.1922
00:55:57 | INFO    | holoqpi.engine.trainer |   epoch 42 step 0/140 loss=0.5013
00:55:59 | INFO    | holoqpi.engine.trainer |   epoch 42 step 20/140 loss=0.5754
00:56:01 | INFO    | holoqpi.engine.trainer |   epoch 42 step 40/140 loss=0.5516
00:56:03 | INFO    | holoqpi.engine.trainer |   epoch 42 step 60/140 loss=0.5656
00:56:05 | INFO    | holoqpi.engine.trainer |   epoch 42 step 80/140 loss=0.5578
00:56:07 | INFO    | holoqpi.engine.trainer |   epoch 42 step 100/140 loss=0.5753
00:56:09 | INFO    | holoqpi.engine.trainer |   epoch 42 step 120/140 loss=0.5619
00:56:54 | INFO    | holoqpi.engine.trainer | epoch 42/60 (57s = 14s train + 43s val) | train_loss=0.5179  val_phase_mae=0.1670  val_dice=0.8225  val_cls_acc=0.7008  val_mass_mape=0.2093
00:56:54 | INFO    | holoqpi.engine.trainer |   epoch 43 step 0/140 loss=0.6300
00:56:56 | INFO    | holoqpi.engine.trainer |   epoch 43 step 20/140 loss=0.6029
00:56:58 | INFO    | holoqpi.engine.trainer |   epoch 43 step 40/140 loss=0.5079
00:57:00 | INFO    | holoqpi.engine.trainer |   epoch 43 step 60/140 loss=0.5124
00:57:02 | INFO    | holoqpi.engine.trainer |   epoch 43 step 80/140 loss=0.5229
00:57:04 | INFO    | holoqpi.engine.trainer |   epoch 43 step 100/140 loss=0.5337
00:57:05 | INFO    | holoqpi.engine.trainer |   epoch 43 step 120/140 loss=0.4321
00:57:51 | INFO    | holoqpi.engine.trainer | epoch 43/60 (57s = 13s train + 44s val) | train_loss=0.5219  val_phase_mae=0.1701  val_dice=0.8216  val_cls_acc=0.8031  val_mass_mape=0.1949
00:57:51 | INFO    | holoqpi.engine.trainer |   epoch 44 step 0/140 loss=0.4964
00:57:53 | INFO    | holoqpi.engine.trainer |   epoch 44 step 20/140 loss=0.4065
00:57:55 | INFO    | holoqpi.engine.trainer |   epoch 44 step 40/140 loss=0.6506
00:57:57 | INFO    | holoqpi.engine.trainer |   epoch 44 step 60/140 loss=0.4157
00:57:59 | INFO    | holoqpi.engine.trainer |   epoch 44 step 80/140 loss=0.4771
00:58:01 | INFO    | holoqpi.engine.trainer |   epoch 44 step 100/140 loss=0.5636
00:58:03 | INFO    | holoqpi.engine.trainer |   epoch 44 step 120/140 loss=0.5053
00:58:48 | INFO    | holoqpi.engine.trainer | epoch 44/60 (58s = 14s train + 44s val) | train_loss=0.5109  val_phase_mae=0.1693  val_dice=0.8235  val_cls_acc=0.7874  val_mass_mape=0.1983
00:58:49 | INFO    | holoqpi.engine.trainer |   epoch 45 step 0/140 loss=0.4938
00:58:51 | INFO    | holoqpi.engine.trainer |   epoch 45 step 20/140 loss=0.3636
00:58:53 | INFO    | holoqpi.engine.trainer |   epoch 45 step 40/140 loss=0.6786
00:58:55 | INFO    | holoqpi.engine.trainer |   epoch 45 step 60/140 loss=0.4791
00:58:57 | INFO    | holoqpi.engine.trainer |   epoch 45 step 80/140 loss=0.6064
00:58:59 | INFO    | holoqpi.engine.trainer |   epoch 45 step 100/140 loss=0.5610
00:59:01 | INFO    | holoqpi.engine.trainer |   epoch 45 step 120/140 loss=0.5318
00:59:46 | INFO    | holoqpi.engine.trainer | epoch 45/60 (58s = 14s train + 44s val) | train_loss=0.5170  val_phase_mae=0.1684  val_dice=0.8215  val_cls_acc=0.6614  val_mass_mape=0.2008
00:59:47 | INFO    | holoqpi.engine.trainer |   epoch 46 step 0/140 loss=0.4204
00:59:49 | INFO    | holoqpi.engine.trainer |   epoch 46 step 20/140 loss=0.3933
00:59:51 | INFO    | holoqpi.engine.trainer |   epoch 46 step 40/140 loss=0.5862
00:59:53 | INFO    | holoqpi.engine.trainer |   epoch 46 step 60/140 loss=0.3800
00:59:55 | INFO    | holoqpi.engine.trainer |   epoch 46 step 80/140 loss=0.4664
00:59:57 | INFO    | holoqpi.engine.trainer |   epoch 46 step 100/140 loss=0.4240
00:59:58 | INFO    | holoqpi.engine.trainer |   epoch 46 step 120/140 loss=0.4739
01:00:44 | INFO    | holoqpi.engine.trainer | epoch 46/60 (58s = 14s train + 44s val) | train_loss=0.5006  val_phase_mae=0.1709  val_dice=0.8221  val_cls_acc=0.7165  val_mass_mape=0.1984
01:00:45 | INFO    | holoqpi.engine.trainer |   epoch 47 step 0/140 loss=0.4443
01:00:46 | INFO    | holoqpi.engine.trainer |   epoch 47 step 20/140 loss=0.5207
01:00:48 | INFO    | holoqpi.engine.trainer |   epoch 47 step 40/140 loss=0.5264
01:00:50 | INFO    | holoqpi.engine.trainer |   epoch 47 step 60/140 loss=0.5701
01:00:52 | INFO    | holoqpi.engine.trainer |   epoch 47 step 80/140 loss=0.5767
01:00:54 | INFO    | holoqpi.engine.trainer |   epoch 47 step 100/140 loss=0.4888
01:00:56 | INFO    | holoqpi.engine.trainer |   epoch 47 step 120/140 loss=0.4007
01:01:42 | INFO    | holoqpi.engine.trainer | epoch 47/60 (58s = 14s train + 44s val) | train_loss=0.5079  val_phase_mae=0.1696  val_dice=0.8231  val_cls_acc=0.6299  val_mass_mape=0.1958
01:01:42 | INFO    | holoqpi.engine.trainer |   epoch 48 step 0/140 loss=0.4165
01:01:44 | INFO    | holoqpi.engine.trainer |   epoch 48 step 20/140 loss=0.5364
01:01:46 | INFO    | holoqpi.engine.trainer |   epoch 48 step 40/140 loss=0.5131
01:01:48 | INFO    | holoqpi.engine.trainer |   epoch 48 step 60/140 loss=0.4813
01:01:50 | INFO    | holoqpi.engine.trainer |   epoch 48 step 80/140 loss=0.4695
01:01:52 | INFO    | holoqpi.engine.trainer |   epoch 48 step 100/140 loss=0.5504
01:01:53 | INFO    | holoqpi.engine.trainer |   epoch 48 step 120/140 loss=0.5628
01:02:39 | INFO    | holoqpi.engine.trainer | epoch 48/60 (57s = 13s train + 44s val) | train_loss=0.4966  val_phase_mae=0.1698  val_dice=0.8234  val_cls_acc=0.6535  val_mass_mape=0.2019
01:02:39 | INFO    | holoqpi.engine.trainer |   epoch 49 step 0/140 loss=0.3845
01:02:41 | INFO    | holoqpi.engine.trainer |   epoch 49 step 20/140 loss=0.5123
01:02:43 | INFO    | holoqpi.engine.trainer |   epoch 49 step 40/140 loss=0.4903
01:02:45 | INFO    | holoqpi.engine.trainer |   epoch 49 step 60/140 loss=0.3714
01:02:47 | INFO    | holoqpi.engine.trainer |   epoch 49 step 80/140 loss=0.4490
01:02:49 | INFO    | holoqpi.engine.trainer |   epoch 49 step 100/140 loss=0.5118
01:02:51 | INFO    | holoqpi.engine.trainer |   epoch 49 step 120/140 loss=0.4668
01:03:37 | INFO    | holoqpi.engine.trainer | epoch 49/60 (58s = 14s train + 44s val) | train_loss=0.5011  val_phase_mae=0.1699  val_dice=0.8235  val_cls_acc=0.7244  val_mass_mape=0.2102
01:03:37 | INFO    | holoqpi.engine.trainer |   epoch 50 step 0/140 loss=0.4284
01:03:39 | INFO    | holoqpi.engine.trainer |   epoch 50 step 20/140 loss=0.4029
01:03:41 | INFO    | holoqpi.engine.trainer |   epoch 50 step 40/140 loss=0.7311
01:03:43 | INFO    | holoqpi.engine.trainer |   epoch 50 step 60/140 loss=0.3433
01:03:45 | INFO    | holoqpi.engine.trainer |   epoch 50 step 80/140 loss=0.4255
01:03:47 | INFO    | holoqpi.engine.trainer |   epoch 50 step 100/140 loss=0.4480
01:03:49 | INFO    | holoqpi.engine.trainer |   epoch 50 step 120/140 loss=0.4555
01:04:34 | INFO    | holoqpi.engine.trainer | epoch 50/60 (57s = 14s train + 43s val) | train_loss=0.5084  val_phase_mae=0.1684  val_dice=0.8233  val_cls_acc=0.6535  val_mass_mape=0.1981
01:04:35 | INFO    | holoqpi.engine.trainer |   epoch 51 step 0/140 loss=0.4384
01:04:37 | INFO    | holoqpi.engine.trainer |   epoch 51 step 20/140 loss=0.8058
01:04:39 | INFO    | holoqpi.engine.trainer |   epoch 51 step 40/140 loss=0.4232
01:04:41 | INFO    | holoqpi.engine.trainer |   epoch 51 step 60/140 loss=0.4497
01:04:43 | INFO    | holoqpi.engine.trainer |   epoch 51 step 80/140 loss=0.4253
01:04:44 | INFO    | holoqpi.engine.trainer |   epoch 51 step 100/140 loss=0.5590
01:04:46 | INFO    | holoqpi.engine.trainer |   epoch 51 step 120/140 loss=0.4891
01:05:32 | INFO    | holoqpi.engine.trainer | epoch 51/60 (58s = 14s train + 44s val) | train_loss=0.4912  val_phase_mae=0.1690  val_dice=0.8225  val_cls_acc=0.6850  val_mass_mape=0.2019
01:05:33 | INFO    | holoqpi.engine.trainer |   epoch 52 step 0/140 loss=0.8101
01:05:35 | INFO    | holoqpi.engine.trainer |   epoch 52 step 20/140 loss=0.4701
01:05:36 | INFO    | holoqpi.engine.trainer |   epoch 52 step 40/140 loss=0.4985
01:05:38 | INFO    | holoqpi.engine.trainer |   epoch 52 step 60/140 loss=0.4809
01:05:41 | INFO    | holoqpi.engine.trainer |   epoch 52 step 80/140 loss=0.4725
01:05:42 | INFO    | holoqpi.engine.trainer |   epoch 52 step 100/140 loss=0.5001
01:05:44 | INFO    | holoqpi.engine.trainer |   epoch 52 step 120/140 loss=0.5005
01:06:30 | INFO    | holoqpi.engine.trainer | epoch 52/60 (58s = 14s train + 44s val) | train_loss=0.5058  val_phase_mae=0.1690  val_dice=0.8239  val_cls_acc=0.6378  val_mass_mape=0.1969
01:06:30 | INFO    | holoqpi.engine.trainer |   epoch 53 step 0/140 loss=0.5595
01:06:32 | INFO    | holoqpi.engine.trainer |   epoch 53 step 20/140 loss=0.5577
01:06:34 | INFO    | holoqpi.engine.trainer |   epoch 53 step 40/140 loss=0.5510
01:06:36 | INFO    | holoqpi.engine.trainer |   epoch 53 step 60/140 loss=0.3495
01:06:38 | INFO    | holoqpi.engine.trainer |   epoch 53 step 80/140 loss=0.5418
01:06:40 | INFO    | holoqpi.engine.trainer |   epoch 53 step 100/140 loss=0.4683
01:06:42 | INFO    | holoqpi.engine.trainer |   epoch 53 step 120/140 loss=0.4195
01:07:28 | INFO    | holoqpi.engine.trainer | epoch 53/60 (58s = 14s train + 44s val) | train_loss=0.4888  val_phase_mae=0.1683  val_dice=0.8235  val_cls_acc=0.6614  val_mass_mape=0.1932
01:07:28 | INFO    | holoqpi.engine.trainer |   epoch 54 step 0/140 loss=0.4778
01:07:30 | INFO    | holoqpi.engine.trainer |   epoch 54 step 20/140 loss=0.5987
01:07:32 | INFO    | holoqpi.engine.trainer |   epoch 54 step 40/140 loss=0.4182
01:07:34 | INFO    | holoqpi.engine.trainer |   epoch 54 step 60/140 loss=0.4691
01:07:36 | INFO    | holoqpi.engine.trainer |   epoch 54 step 80/140 loss=0.4229
01:07:38 | INFO    | holoqpi.engine.trainer |   epoch 54 step 100/140 loss=0.4521
01:07:40 | INFO    | holoqpi.engine.trainer |   epoch 54 step 120/140 loss=0.4663
01:08:26 | INFO    | holoqpi.engine.trainer | epoch 54/60 (58s = 14s train + 44s val) | train_loss=0.4917  val_phase_mae=0.1691  val_dice=0.8236  val_cls_acc=0.6535  val_mass_mape=0.1964
01:08:26 | INFO    | holoqpi.engine.trainer |   epoch 55 step 0/140 loss=0.3850
01:08:28 | INFO    | holoqpi.engine.trainer |   epoch 55 step 20/140 loss=0.4918
01:08:30 | INFO    | holoqpi.engine.trainer |   epoch 55 step 40/140 loss=0.5655
01:08:32 | INFO    | holoqpi.engine.trainer |   epoch 55 step 60/140 loss=0.4758
01:08:34 | INFO    | holoqpi.engine.trainer |   epoch 55 step 80/140 loss=0.3525
01:08:36 | INFO    | holoqpi.engine.trainer |   epoch 55 step 100/140 loss=0.3669
01:08:38 | INFO    | holoqpi.engine.trainer |   epoch 55 step 120/140 loss=0.4175
01:09:24 | INFO    | holoqpi.engine.trainer | epoch 55/60 (58s = 14s train + 44s val) | train_loss=0.4894  val_phase_mae=0.1674  val_dice=0.8240  val_cls_acc=0.6299  val_mass_mape=0.1947
01:09:24 | INFO    | holoqpi.engine.trainer |   epoch 56 step 0/140 loss=0.4500
01:09:26 | INFO    | holoqpi.engine.trainer |   epoch 56 step 20/140 loss=0.6262
01:09:28 | INFO    | holoqpi.engine.trainer |   epoch 56 step 40/140 loss=0.4248
01:09:30 | INFO    | holoqpi.engine.trainer |   epoch 56 step 60/140 loss=0.4384
01:09:32 | INFO    | holoqpi.engine.trainer |   epoch 56 step 80/140 loss=0.4163
01:09:34 | INFO    | holoqpi.engine.trainer |   epoch 56 step 100/140 loss=0.4951
01:09:36 | INFO    | holoqpi.engine.trainer |   epoch 56 step 120/140 loss=0.3795
01:10:21 | INFO    | holoqpi.engine.trainer | epoch 56/60 (58s = 14s train + 44s val) | train_loss=0.4803  val_phase_mae=0.1682  val_dice=0.8241  val_cls_acc=0.6850  val_mass_mape=0.2005
01:10:22 | INFO    | holoqpi.engine.trainer |   epoch 57 step 0/140 loss=0.4747
01:10:24 | INFO    | holoqpi.engine.trainer |   epoch 57 step 20/140 loss=0.3925
01:10:26 | INFO    | holoqpi.engine.trainer |   epoch 57 step 40/140 loss=0.3256
01:10:28 | INFO    | holoqpi.engine.trainer |   epoch 57 step 60/140 loss=0.5310
01:10:30 | INFO    | holoqpi.engine.trainer |   epoch 57 step 80/140 loss=0.4935
01:10:32 | INFO    | holoqpi.engine.trainer |   epoch 57 step 100/140 loss=0.4733
01:10:34 | INFO    | holoqpi.engine.trainer |   epoch 57 step 120/140 loss=0.4481
01:11:19 | INFO    | holoqpi.engine.trainer | epoch 57/60 (58s = 14s train + 44s val) | train_loss=0.4824  val_phase_mae=0.1694  val_dice=0.8241  val_cls_acc=0.6378  val_mass_mape=0.1981
01:11:20 | INFO    | holoqpi.engine.trainer |   epoch 58 step 0/140 loss=0.5478
01:11:22 | INFO    | holoqpi.engine.trainer |   epoch 58 step 20/140 loss=0.4606
01:11:23 | INFO    | holoqpi.engine.trainer |   epoch 58 step 40/140 loss=0.5398
01:11:25 | INFO    | holoqpi.engine.trainer |   epoch 58 step 60/140 loss=0.6103
01:11:27 | INFO    | holoqpi.engine.trainer |   epoch 58 step 80/140 loss=0.5967
01:11:29 | INFO    | holoqpi.engine.trainer |   epoch 58 step 100/140 loss=0.4905
01:11:31 | INFO    | holoqpi.engine.trainer |   epoch 58 step 120/140 loss=0.4046
01:12:17 | INFO    | holoqpi.engine.trainer | epoch 58/60 (58s = 14s train + 44s val) | train_loss=0.4933  val_phase_mae=0.1680  val_dice=0.8241  val_cls_acc=0.7165  val_mass_mape=0.2021
01:12:17 | INFO    | holoqpi.engine.trainer |   epoch 59 step 0/140 loss=0.3961
01:12:19 | INFO    | holoqpi.engine.trainer |   epoch 59 step 20/140 loss=0.4108
01:12:21 | INFO    | holoqpi.engine.trainer |   epoch 59 step 40/140 loss=0.4381
01:12:23 | INFO    | holoqpi.engine.trainer |   epoch 59 step 60/140 loss=0.6096
01:12:25 | INFO    | holoqpi.engine.trainer |   epoch 59 step 80/140 loss=0.5366
01:12:27 | INFO    | holoqpi.engine.trainer |   epoch 59 step 100/140 loss=0.3608
01:12:29 | INFO    | holoqpi.engine.trainer |   epoch 59 step 120/140 loss=0.4074
01:13:15 | INFO    | holoqpi.engine.trainer | epoch 59/60 (58s = 14s train + 44s val) | train_loss=0.4802  val_phase_mae=0.1681  val_dice=0.8241  val_cls_acc=0.7008  val_mass_mape=0.1992
01:13:16 | INFO    | holoqpi.engine.trainer |   epoch 60 step 0/140 loss=0.3821
01:13:18 | INFO    | holoqpi.engine.trainer |   epoch 60 step 20/140 loss=0.4266
01:13:20 | INFO    | holoqpi.engine.trainer |   epoch 60 step 40/140 loss=0.7430
01:13:22 | INFO    | holoqpi.engine.trainer |   epoch 60 step 60/140 loss=0.5046
01:13:24 | INFO    | holoqpi.engine.trainer |   epoch 60 step 80/140 loss=0.4692
01:13:26 | INFO    | holoqpi.engine.trainer |   epoch 60 step 100/140 loss=0.4290
01:13:28 | INFO    | holoqpi.engine.trainer |   epoch 60 step 120/140 loss=0.5469
01:14:13 | INFO    | holoqpi.engine.trainer |   new best composite=0.8104
01:14:13 | INFO    | holoqpi.engine.trainer | epoch 60/60 (58s = 14s train + 43s val) | train_loss=0.4832  val_phase_mae=0.1677  val_dice=0.8244  val_cls_acc=0.6299  val_mass_mape=0.1977
01:14:14 | INFO    | holoqpi.engine.trainer | training finished; best epoch 60 (composite=0.8104)
01:14:14 | INFO    | holoqpi.engine.trainer | checkpoint best_model.pt: 446/446 tensors matched
01:14:53 | INFO    | holoqpi.engine.compare | modality=off_axis test metrics written to runs/no_physics_off_axis
01:14:53 | INFO    | holoqpi.engine.compare | ======================================================================
01:14:53 | INFO    | holoqpi.engine.compare | modality=gabor  device=cuda  run_dir=runs/no_physics_gabor
01:14:53 | INFO    | holoqpi.engine.compare | ======================================================================
01:14:53 | INFO    | holoqpi.data.dataset | train split: 560 samples | modality=gabor | crop=512 | augment=True
01:14:53 | INFO    | holoqpi.data.dataset | val split: 127 samples | modality=gabor | crop=None | augment=False
01:14:53 | INFO    | holoqpi.data.dataset | test split: 113 samples | modality=gabor | crop=None | augment=False
01:14:53 | INFO    | holoqpi.models.encoders | encoder=mobilenet_v2 in_channels=1 pretrained=True stages=[16, 24, 32, 96, 1280]
01:14:53 | INFO    | holoqpi.models.holonet | HoloQPINet built: 9.76M parameters, 9.76M trainable (100.0%)
01:14:53 | INFO    | holoqpi.engine.trainer | trainable 9.76M / 9.76M parameters (100.0%)
01:14:53 | INFO    | holoqpi.engine.trainer | active physics terms: none
01:14:55 | INFO    | holoqpi.engine.trainer |   epoch 1 step 0/140 loss=2.0809
01:14:56 | INFO    | holoqpi.engine.trainer |   epoch 1 step 20/140 loss=1.8732
01:14:58 | INFO    | holoqpi.engine.trainer |   epoch 1 step 40/140 loss=1.4276
01:15:00 | INFO    | holoqpi.engine.trainer |   epoch 1 step 60/140 loss=1.3234
01:15:02 | INFO    | holoqpi.engine.trainer |   epoch 1 step 80/140 loss=1.2630
01:15:04 | INFO    | holoqpi.engine.trainer |   epoch 1 step 100/140 loss=1.1272
01:15:05 | INFO    | holoqpi.engine.trainer |   epoch 1 step 120/140 loss=1.2050
01:15:53 | INFO    | holoqpi.engine.trainer |   new best composite=0.6725
01:15:53 | INFO    | holoqpi.engine.trainer | epoch 1/60 (59s = 14s train + 46s val) | train_loss=1.4181  val_phase_mae=0.2275  val_dice=0.6897  val_cls_acc=0.3937  val_mass_mape=0.3081
01:15:53 | INFO    | holoqpi.engine.trainer |   at this rate the full 60-epoch schedule takes about 59 min
01:15:54 | INFO    | holoqpi.engine.trainer |   epoch 2 step 0/140 loss=1.0919
01:15:55 | INFO    | holoqpi.engine.trainer |   epoch 2 step 20/140 loss=1.1803
01:15:57 | INFO    | holoqpi.engine.trainer |   epoch 2 step 40/140 loss=0.9835
01:15:59 | INFO    | holoqpi.engine.trainer |   epoch 2 step 60/140 loss=0.9277
01:16:01 | INFO    | holoqpi.engine.trainer |   epoch 2 step 80/140 loss=1.2429
01:16:03 | INFO    | holoqpi.engine.trainer |   epoch 2 step 100/140 loss=0.8458
01:16:05 | INFO    | holoqpi.engine.trainer |   epoch 2 step 120/140 loss=1.0582
01:16:51 | INFO    | holoqpi.engine.trainer |   new best composite=0.7025
01:16:51 | INFO    | holoqpi.engine.trainer | epoch 2/60 (58s = 13s train + 45s val) | train_loss=1.0739  val_phase_mae=0.2191  val_dice=0.7081  val_cls_acc=0.4094  val_mass_mape=0.2717
01:16:52 | INFO    | holoqpi.engine.trainer |   epoch 3 step 0/140 loss=0.9384
01:16:54 | INFO    | holoqpi.engine.trainer |   epoch 3 step 20/140 loss=0.8179
01:16:55 | INFO    | holoqpi.engine.trainer |   epoch 3 step 40/140 loss=1.1788
01:16:57 | INFO    | holoqpi.engine.trainer |   epoch 3 step 60/140 loss=0.8768
01:16:59 | INFO    | holoqpi.engine.trainer |   epoch 3 step 80/140 loss=0.7904
01:17:01 | INFO    | holoqpi.engine.trainer |   epoch 3 step 100/140 loss=1.1933
01:17:03 | INFO    | holoqpi.engine.trainer |   epoch 3 step 120/140 loss=1.0879
01:17:49 | INFO    | holoqpi.engine.trainer |   new best composite=0.7211
01:17:49 | INFO    | holoqpi.engine.trainer | epoch 3/60 (58s = 13s train + 44s val) | train_loss=0.9454  val_phase_mae=0.1999  val_dice=0.7296  val_cls_acc=0.5591  val_mass_mape=0.2774
01:17:50 | INFO    | holoqpi.engine.trainer |   epoch 4 step 0/140 loss=0.9176
01:17:51 | INFO    | holoqpi.engine.trainer |   epoch 4 step 20/140 loss=1.0227
01:17:53 | INFO    | holoqpi.engine.trainer |   epoch 4 step 40/140 loss=0.9483
01:17:55 | INFO    | holoqpi.engine.trainer |   epoch 4 step 60/140 loss=1.3140
01:17:57 | INFO    | holoqpi.engine.trainer |   epoch 4 step 80/140 loss=0.8971
01:17:59 | INFO    | holoqpi.engine.trainer |   epoch 4 step 100/140 loss=0.9142
01:18:01 | INFO    | holoqpi.engine.trainer |   epoch 4 step 120/140 loss=0.7854
01:18:47 | INFO    | holoqpi.engine.trainer | epoch 4/60 (57s = 13s train + 44s val) | train_loss=0.9295  val_phase_mae=0.2006  val_dice=0.7402  val_cls_acc=0.5748  val_mass_mape=0.3445
01:18:47 | INFO    | holoqpi.engine.trainer |   epoch 5 step 0/140 loss=0.7884
01:18:49 | INFO    | holoqpi.engine.trainer |   epoch 5 step 20/140 loss=0.7473
01:18:51 | INFO    | holoqpi.engine.trainer |   epoch 5 step 40/140 loss=0.8197
01:18:53 | INFO    | holoqpi.engine.trainer |   epoch 5 step 60/140 loss=1.0543
01:18:54 | INFO    | holoqpi.engine.trainer |   epoch 5 step 80/140 loss=0.9451
01:18:56 | INFO    | holoqpi.engine.trainer |   epoch 5 step 100/140 loss=0.8226
01:18:58 | INFO    | holoqpi.engine.trainer |   epoch 5 step 120/140 loss=0.9854
01:19:43 | INFO    | holoqpi.engine.trainer |   new best composite=0.7397
01:19:43 | INFO    | holoqpi.engine.trainer | epoch 5/60 (56s = 13s train + 43s val) | train_loss=0.8980  val_phase_mae=0.1932  val_dice=0.7543  val_cls_acc=0.6457  val_mass_mape=0.2657
01:19:44 | INFO    | holoqpi.engine.trainer |   epoch 6 step 0/140 loss=1.1074
01:19:46 | INFO    | holoqpi.engine.trainer |   epoch 6 step 20/140 loss=0.9649
01:19:47 | INFO    | holoqpi.engine.trainer |   epoch 6 step 40/140 loss=0.8534
01:19:49 | INFO    | holoqpi.engine.trainer |   epoch 6 step 60/140 loss=0.6441
01:19:51 | INFO    | holoqpi.engine.trainer |   epoch 6 step 80/140 loss=0.7321
01:19:53 | INFO    | holoqpi.engine.trainer |   epoch 6 step 100/140 loss=0.7384
01:19:55 | INFO    | holoqpi.engine.trainer |   epoch 6 step 120/140 loss=0.7790
01:20:40 | INFO    | holoqpi.engine.trainer | epoch 6/60 (57s = 13s train + 44s val) | train_loss=0.8812  val_phase_mae=0.1950  val_dice=0.7480  val_cls_acc=0.6142  val_mass_mape=0.2705
01:20:41 | INFO    | holoqpi.engine.trainer |   epoch 7 step 0/140 loss=0.7058
01:20:42 | INFO    | holoqpi.engine.trainer |   epoch 7 step 20/140 loss=0.9077
01:20:44 | INFO    | holoqpi.engine.trainer |   epoch 7 step 40/140 loss=1.0018
01:20:46 | INFO    | holoqpi.engine.trainer |   epoch 7 step 60/140 loss=0.8847
01:20:48 | INFO    | holoqpi.engine.trainer |   epoch 7 step 80/140 loss=0.7363
01:20:50 | INFO    | holoqpi.engine.trainer |   epoch 7 step 100/140 loss=0.9782
01:20:51 | INFO    | holoqpi.engine.trainer |   epoch 7 step 120/140 loss=0.9582
01:21:37 | INFO    | holoqpi.engine.trainer | epoch 7/60 (57s = 13s train + 44s val) | train_loss=0.8622  val_phase_mae=0.2152  val_dice=0.7335  val_cls_acc=0.5748  val_mass_mape=0.5011
01:21:38 | INFO    | holoqpi.engine.trainer |   epoch 8 step 0/140 loss=0.7932
01:21:40 | INFO    | holoqpi.engine.trainer |   epoch 8 step 20/140 loss=1.0066
01:21:41 | INFO    | holoqpi.engine.trainer |   epoch 8 step 40/140 loss=0.8607
01:21:43 | INFO    | holoqpi.engine.trainer |   epoch 8 step 60/140 loss=0.6713
01:21:45 | INFO    | holoqpi.engine.trainer |   epoch 8 step 80/140 loss=1.0625
01:21:47 | INFO    | holoqpi.engine.trainer |   epoch 8 step 100/140 loss=0.8379
01:21:49 | INFO    | holoqpi.engine.trainer |   epoch 8 step 120/140 loss=0.7889
01:22:34 | INFO    | holoqpi.engine.trainer | epoch 8/60 (56s = 13s train + 43s val) | train_loss=0.8566  val_phase_mae=0.2007  val_dice=0.7398  val_cls_acc=0.6772  val_mass_mape=0.2464
01:22:34 | INFO    | holoqpi.engine.trainer |   epoch 9 step 0/140 loss=0.7932
01:22:36 | INFO    | holoqpi.engine.trainer |   epoch 9 step 20/140 loss=0.6146
01:22:38 | INFO    | holoqpi.engine.trainer |   epoch 9 step 40/140 loss=0.9627
01:22:39 | INFO    | holoqpi.engine.trainer |   epoch 9 step 60/140 loss=0.9060
01:22:41 | INFO    | holoqpi.engine.trainer |   epoch 9 step 80/140 loss=0.8191
01:22:43 | INFO    | holoqpi.engine.trainer |   epoch 9 step 100/140 loss=0.7119
01:22:45 | INFO    | holoqpi.engine.trainer |   epoch 9 step 120/140 loss=0.8119
01:23:30 | INFO    | holoqpi.engine.trainer |   new best composite=0.7408
01:23:30 | INFO    | holoqpi.engine.trainer | epoch 9/60 (57s = 13s train + 44s val) | train_loss=0.8522  val_phase_mae=0.1903  val_dice=0.7466  val_cls_acc=0.5433  val_mass_mape=0.2445
01:23:31 | INFO    | holoqpi.engine.trainer |   epoch 10 step 0/140 loss=0.8400
01:23:33 | INFO    | holoqpi.engine.trainer |   epoch 10 step 20/140 loss=0.6968
01:23:35 | INFO    | holoqpi.engine.trainer |   epoch 10 step 40/140 loss=1.0182
01:23:36 | INFO    | holoqpi.engine.trainer |   epoch 10 step 60/140 loss=0.8757
01:23:38 | INFO    | holoqpi.engine.trainer |   epoch 10 step 80/140 loss=1.0582
01:23:40 | INFO    | holoqpi.engine.trainer |   epoch 10 step 100/140 loss=1.0341
01:23:42 | INFO    | holoqpi.engine.trainer |   epoch 10 step 120/140 loss=0.8473
01:24:27 | INFO    | holoqpi.engine.trainer |   new best composite=0.7497
01:24:27 | INFO    | holoqpi.engine.trainer | epoch 10/60 (56s = 13s train + 43s val) | train_loss=0.8589  val_phase_mae=0.1863  val_dice=0.7594  val_cls_acc=0.5433  val_mass_mape=0.2484
01:24:27 | INFO    | holoqpi.engine.trainer |   epoch 11 step 0/140 loss=0.8052
01:24:29 | INFO    | holoqpi.engine.trainer |   epoch 11 step 20/140 loss=0.8195
01:24:31 | INFO    | holoqpi.engine.trainer |   epoch 11 step 40/140 loss=0.9303
01:24:33 | INFO    | holoqpi.engine.trainer |   epoch 11 step 60/140 loss=0.6635
01:24:34 | INFO    | holoqpi.engine.trainer |   epoch 11 step 80/140 loss=0.6981
01:24:36 | INFO    | holoqpi.engine.trainer |   epoch 11 step 100/140 loss=0.6819
01:24:38 | INFO    | holoqpi.engine.trainer |   epoch 11 step 120/140 loss=0.7520
01:25:23 | INFO    | holoqpi.engine.trainer | epoch 11/60 (56s = 13s train + 43s val) | train_loss=0.8373  val_phase_mae=0.2039  val_dice=0.7482  val_cls_acc=0.6142  val_mass_mape=0.3032
01:25:23 | INFO    | holoqpi.engine.trainer |   epoch 12 step 0/140 loss=0.6963
01:25:25 | INFO    | holoqpi.engine.trainer |   epoch 12 step 20/140 loss=1.1563
01:25:27 | INFO    | holoqpi.engine.trainer |   epoch 12 step 40/140 loss=0.7319
01:25:28 | INFO    | holoqpi.engine.trainer |   epoch 12 step 60/140 loss=1.4683
01:25:30 | INFO    | holoqpi.engine.trainer |   epoch 12 step 80/140 loss=1.0136
01:25:32 | INFO    | holoqpi.engine.trainer |   epoch 12 step 100/140 loss=0.6575
01:25:34 | INFO    | holoqpi.engine.trainer |   epoch 12 step 120/140 loss=0.6485
01:26:19 | INFO    | holoqpi.engine.trainer | epoch 12/60 (56s = 13s train + 43s val) | train_loss=0.8284  val_phase_mae=0.1983  val_dice=0.7405  val_cls_acc=0.5748  val_mass_mape=0.2749
01:26:19 | INFO    | holoqpi.engine.trainer |   epoch 13 step 0/140 loss=0.8428
01:26:21 | INFO    | holoqpi.engine.trainer |   epoch 13 step 20/140 loss=0.8633
01:26:23 | INFO    | holoqpi.engine.trainer |   epoch 13 step 40/140 loss=1.1618
01:26:25 | INFO    | holoqpi.engine.trainer |   epoch 13 step 60/140 loss=0.8322
01:26:27 | INFO    | holoqpi.engine.trainer |   epoch 13 step 80/140 loss=1.1076
01:26:28 | INFO    | holoqpi.engine.trainer |   epoch 13 step 100/140 loss=0.7967
01:26:30 | INFO    | holoqpi.engine.trainer |   epoch 13 step 120/140 loss=0.7859
01:27:15 | INFO    | holoqpi.engine.trainer | epoch 13/60 (56s = 13s train + 43s val) | train_loss=0.8379  val_phase_mae=0.1902  val_dice=0.7579  val_cls_acc=0.5118  val_mass_mape=0.2679
01:27:15 | INFO    | holoqpi.engine.trainer |   epoch 14 step 0/140 loss=0.8658
01:27:17 | INFO    | holoqpi.engine.trainer |   epoch 14 step 20/140 loss=1.0105
01:27:19 | INFO    | holoqpi.engine.trainer |   epoch 14 step 40/140 loss=0.8870
01:27:21 | INFO    | holoqpi.engine.trainer |   epoch 14 step 60/140 loss=0.6466
01:27:22 | INFO    | holoqpi.engine.trainer |   epoch 14 step 80/140 loss=0.9251
01:27:24 | INFO    | holoqpi.engine.trainer |   epoch 14 step 100/140 loss=0.6755
01:27:26 | INFO    | holoqpi.engine.trainer |   epoch 14 step 120/140 loss=0.7360
01:28:11 | INFO    | holoqpi.engine.trainer | epoch 14/60 (56s = 13s train + 43s val) | train_loss=0.8233  val_phase_mae=0.1880  val_dice=0.7562  val_cls_acc=0.5433  val_mass_mape=0.2440
01:28:12 | INFO    | holoqpi.engine.trainer |   epoch 15 step 0/140 loss=0.7411
01:28:13 | INFO    | holoqpi.engine.trainer |   epoch 15 step 20/140 loss=0.6401
01:28:15 | INFO    | holoqpi.engine.trainer |   epoch 15 step 40/140 loss=0.5925
01:28:17 | INFO    | holoqpi.engine.trainer |   epoch 15 step 60/140 loss=1.0011
01:28:19 | INFO    | holoqpi.engine.trainer |   epoch 15 step 80/140 loss=1.0613
01:28:21 | INFO    | holoqpi.engine.trainer |   epoch 15 step 100/140 loss=0.6809
01:28:22 | INFO    | holoqpi.engine.trainer |   epoch 15 step 120/140 loss=0.7737
01:29:07 | INFO    | holoqpi.engine.trainer | epoch 15/60 (56s = 13s train + 43s val) | train_loss=0.8140  val_phase_mae=0.1931  val_dice=0.7488  val_cls_acc=0.5669  val_mass_mape=0.2841
01:29:08 | INFO    | holoqpi.engine.trainer |   epoch 16 step 0/140 loss=0.8946
01:29:10 | INFO    | holoqpi.engine.trainer |   epoch 16 step 20/140 loss=0.9745
01:29:11 | INFO    | holoqpi.engine.trainer |   epoch 16 step 40/140 loss=0.6558
01:29:13 | INFO    | holoqpi.engine.trainer |   epoch 16 step 60/140 loss=0.7604
01:29:15 | INFO    | holoqpi.engine.trainer |   epoch 16 step 80/140 loss=0.7329
01:29:17 | INFO    | holoqpi.engine.trainer |   epoch 16 step 100/140 loss=1.0539
01:29:19 | INFO    | holoqpi.engine.trainer |   epoch 16 step 120/140 loss=0.8060
01:30:04 | INFO    | holoqpi.engine.trainer | epoch 16/60 (57s = 13s train + 44s val) | train_loss=0.8076  val_phase_mae=0.1904  val_dice=0.7562  val_cls_acc=0.6457  val_mass_mape=0.2496
01:30:04 | INFO    | holoqpi.engine.trainer |   epoch 17 step 0/140 loss=1.0406
01:30:06 | INFO    | holoqpi.engine.trainer |   epoch 17 step 20/140 loss=1.1124
01:30:08 | INFO    | holoqpi.engine.trainer |   epoch 17 step 40/140 loss=1.2419
01:30:10 | INFO    | holoqpi.engine.trainer |   epoch 17 step 60/140 loss=0.6828
01:30:12 | INFO    | holoqpi.engine.trainer |   epoch 17 step 80/140 loss=0.6934
01:30:13 | INFO    | holoqpi.engine.trainer |   epoch 17 step 100/140 loss=1.0725
01:30:15 | INFO    | holoqpi.engine.trainer |   epoch 17 step 120/140 loss=0.6520
01:31:00 | INFO    | holoqpi.engine.trainer | epoch 17/60 (56s = 13s train + 43s val) | train_loss=0.7962  val_phase_mae=0.1892  val_dice=0.7511  val_cls_acc=0.6614  val_mass_mape=0.2443
01:31:01 | INFO    | holoqpi.engine.trainer |   epoch 18 step 0/140 loss=0.6001
01:31:03 | INFO    | holoqpi.engine.trainer |   epoch 18 step 20/140 loss=0.7563
01:31:04 | INFO    | holoqpi.engine.trainer |   epoch 18 step 40/140 loss=0.6338
01:31:06 | INFO    | holoqpi.engine.trainer |   epoch 18 step 60/140 loss=0.7609
01:31:08 | INFO    | holoqpi.engine.trainer |   epoch 18 step 80/140 loss=1.0853
01:31:10 | INFO    | holoqpi.engine.trainer |   epoch 18 step 100/140 loss=0.7684
01:31:12 | INFO    | holoqpi.engine.trainer |   epoch 18 step 120/140 loss=0.9454
01:31:57 | INFO    | holoqpi.engine.trainer | epoch 18/60 (56s = 13s train + 43s val) | train_loss=0.7904  val_phase_mae=0.1917  val_dice=0.7484  val_cls_acc=0.6693  val_mass_mape=0.2660
01:31:57 | INFO    | holoqpi.engine.trainer |   epoch 19 step 0/140 loss=0.6200
01:31:59 | INFO    | holoqpi.engine.trainer |   epoch 19 step 20/140 loss=0.6141
01:32:01 | INFO    | holoqpi.engine.trainer |   epoch 19 step 40/140 loss=0.6247
01:32:03 | INFO    | holoqpi.engine.trainer |   epoch 19 step 60/140 loss=0.7462
01:32:04 | INFO    | holoqpi.engine.trainer |   epoch 19 step 80/140 loss=0.8968
01:32:06 | INFO    | holoqpi.engine.trainer |   epoch 19 step 100/140 loss=0.6512
01:32:08 | INFO    | holoqpi.engine.trainer |   epoch 19 step 120/140 loss=0.9479
01:32:53 | INFO    | holoqpi.engine.trainer | epoch 19/60 (56s = 13s train + 43s val) | train_loss=0.7989  val_phase_mae=0.1875  val_dice=0.7655  val_cls_acc=0.6142  val_mass_mape=0.2647
01:32:54 | INFO    | holoqpi.engine.trainer |   epoch 20 step 0/140 loss=0.8170
01:32:55 | INFO    | holoqpi.engine.trainer |   epoch 20 step 20/140 loss=0.9522
01:32:57 | INFO    | holoqpi.engine.trainer |   epoch 20 step 40/140 loss=0.8005
01:32:59 | INFO    | holoqpi.engine.trainer |   epoch 20 step 60/140 loss=0.8755
01:33:01 | INFO    | holoqpi.engine.trainer |   epoch 20 step 80/140 loss=0.5369
01:33:03 | INFO    | holoqpi.engine.trainer |   epoch 20 step 100/140 loss=1.0339
01:33:04 | INFO    | holoqpi.engine.trainer |   epoch 20 step 120/140 loss=0.7498
01:33:50 | INFO    | holoqpi.engine.trainer | epoch 20/60 (57s = 13s train + 44s val) | train_loss=0.7841  val_phase_mae=0.1885  val_dice=0.7621  val_cls_acc=0.7008  val_mass_mape=0.2938
01:33:51 | INFO    | holoqpi.engine.trainer |   epoch 21 step 0/140 loss=0.7570
01:33:53 | INFO    | holoqpi.engine.trainer |   epoch 21 step 20/140 loss=0.8333
01:33:54 | INFO    | holoqpi.engine.trainer |   epoch 21 step 40/140 loss=0.8923
01:33:56 | INFO    | holoqpi.engine.trainer |   epoch 21 step 60/140 loss=0.6628
01:33:58 | INFO    | holoqpi.engine.trainer |   epoch 21 step 80/140 loss=0.7251
01:34:00 | INFO    | holoqpi.engine.trainer |   epoch 21 step 100/140 loss=0.5976
01:34:02 | INFO    | holoqpi.engine.trainer |   epoch 21 step 120/140 loss=0.6378
01:34:47 | INFO    | holoqpi.engine.trainer | epoch 21/60 (56s = 13s train + 43s val) | train_loss=0.7827  val_phase_mae=0.1870  val_dice=0.7559  val_cls_acc=0.6693  val_mass_mape=0.2473
01:34:47 | INFO    | holoqpi.engine.trainer |   epoch 22 step 0/140 loss=0.6418
01:34:49 | INFO    | holoqpi.engine.trainer |   epoch 22 step 20/140 loss=0.7118
01:34:51 | INFO    | holoqpi.engine.trainer |   epoch 22 step 40/140 loss=0.6532
01:34:53 | INFO    | holoqpi.engine.trainer |   epoch 22 step 60/140 loss=0.6747
01:34:54 | INFO    | holoqpi.engine.trainer |   epoch 22 step 80/140 loss=0.6378
01:34:56 | INFO    | holoqpi.engine.trainer |   epoch 22 step 100/140 loss=0.7496
01:34:58 | INFO    | holoqpi.engine.trainer |   epoch 22 step 120/140 loss=1.3160
01:35:44 | INFO    | holoqpi.engine.trainer |   new best composite=0.7567
01:35:44 | INFO    | holoqpi.engine.trainer | epoch 22/60 (57s = 13s train + 44s val) | train_loss=0.7744  val_phase_mae=0.1827  val_dice=0.7674  val_cls_acc=0.5984  val_mass_mape=0.2407
01:35:44 | INFO    | holoqpi.engine.trainer |   epoch 23 step 0/140 loss=0.8932
01:35:46 | INFO    | holoqpi.engine.trainer |   epoch 23 step 20/140 loss=0.7048
01:35:48 | INFO    | holoqpi.engine.trainer |   epoch 23 step 40/140 loss=0.7366
01:35:50 | INFO    | holoqpi.engine.trainer |   epoch 23 step 60/140 loss=1.0004
01:35:51 | INFO    | holoqpi.engine.trainer |   epoch 23 step 80/140 loss=1.1409
01:35:53 | INFO    | holoqpi.engine.trainer |   epoch 23 step 100/140 loss=0.6601
01:35:55 | INFO    | holoqpi.engine.trainer |   epoch 23 step 120/140 loss=1.0648
01:36:40 | INFO    | holoqpi.engine.trainer | epoch 23/60 (57s = 13s train + 44s val) | train_loss=0.7718  val_phase_mae=0.1887  val_dice=0.7597  val_cls_acc=0.7323  val_mass_mape=0.2569
01:36:41 | INFO    | holoqpi.engine.trainer |   epoch 24 step 0/140 loss=0.6836
01:36:43 | INFO    | holoqpi.engine.trainer |   epoch 24 step 20/140 loss=0.6008
01:36:44 | INFO    | holoqpi.engine.trainer |   epoch 24 step 40/140 loss=0.6781
01:36:46 | INFO    | holoqpi.engine.trainer |   epoch 24 step 60/140 loss=0.7526
01:36:48 | INFO    | holoqpi.engine.trainer |   epoch 24 step 80/140 loss=0.7042
01:36:50 | INFO    | holoqpi.engine.trainer |   epoch 24 step 100/140 loss=0.9606
01:36:52 | INFO    | holoqpi.engine.trainer |   epoch 24 step 120/140 loss=0.9056
01:37:37 | INFO    | holoqpi.engine.trainer | epoch 24/60 (57s = 13s train + 44s val) | train_loss=0.7730  val_phase_mae=0.1895  val_dice=0.7516  val_cls_acc=0.5827  val_mass_mape=0.2435
01:37:38 | INFO    | holoqpi.engine.trainer |   epoch 25 step 0/140 loss=0.7862
01:37:39 | INFO    | holoqpi.engine.trainer |   epoch 25 step 20/140 loss=0.6698
01:37:41 | INFO    | holoqpi.engine.trainer |   epoch 25 step 40/140 loss=0.6382
01:37:43 | INFO    | holoqpi.engine.trainer |   epoch 25 step 60/140 loss=0.6494
01:37:45 | INFO    | holoqpi.engine.trainer |   epoch 25 step 80/140 loss=0.8386
01:37:47 | INFO    | holoqpi.engine.trainer |   epoch 25 step 100/140 loss=0.8134
01:37:48 | INFO    | holoqpi.engine.trainer |   epoch 25 step 120/140 loss=1.6017
01:38:34 | INFO    | holoqpi.engine.trainer | epoch 25/60 (57s = 13s train + 44s val) | train_loss=0.7697  val_phase_mae=0.1924  val_dice=0.7497  val_cls_acc=0.6693  val_mass_mape=0.2622
01:38:35 | INFO    | holoqpi.engine.trainer |   epoch 26 step 0/140 loss=0.7734
01:38:36 | INFO    | holoqpi.engine.trainer |   epoch 26 step 20/140 loss=0.6028
01:38:38 | INFO    | holoqpi.engine.trainer |   epoch 26 step 40/140 loss=0.6395
01:38:40 | INFO    | holoqpi.engine.trainer |   epoch 26 step 60/140 loss=0.6939
01:38:42 | INFO    | holoqpi.engine.trainer |   epoch 26 step 80/140 loss=0.8633
01:38:44 | INFO    | holoqpi.engine.trainer |   epoch 26 step 100/140 loss=0.8057
01:38:45 | INFO    | holoqpi.engine.trainer |   epoch 26 step 120/140 loss=0.6322
01:39:31 | INFO    | holoqpi.engine.trainer |   new best composite=0.7599
01:39:31 | INFO    | holoqpi.engine.trainer | epoch 26/60 (57s = 13s train + 44s val) | train_loss=0.7550  val_phase_mae=0.1807  val_dice=0.7704  val_cls_acc=0.7087  val_mass_mape=0.2357
01:39:32 | INFO    | holoqpi.engine.trainer |   epoch 27 step 0/140 loss=0.6297
01:39:34 | INFO    | holoqpi.engine.trainer |   epoch 27 step 20/140 loss=0.7152
01:39:35 | INFO    | holoqpi.engine.trainer |   epoch 27 step 40/140 loss=0.8735
01:39:37 | INFO    | holoqpi.engine.trainer |   epoch 27 step 60/140 loss=0.9012
01:39:39 | INFO    | holoqpi.engine.trainer |   epoch 27 step 80/140 loss=0.6363
01:39:41 | INFO    | holoqpi.engine.trainer |   epoch 27 step 100/140 loss=0.8261
01:39:43 | INFO    | holoqpi.engine.trainer |   epoch 27 step 120/140 loss=0.5509
01:40:28 | INFO    | holoqpi.engine.trainer | epoch 27/60 (56s = 13s train + 44s val) | train_loss=0.7496  val_phase_mae=0.1869  val_dice=0.7564  val_cls_acc=0.6850  val_mass_mape=0.2563
01:40:28 | INFO    | holoqpi.engine.trainer |   epoch 28 step 0/140 loss=0.6783
01:40:30 | INFO    | holoqpi.engine.trainer |   epoch 28 step 20/140 loss=0.7005
01:40:32 | INFO    | holoqpi.engine.trainer |   epoch 28 step 40/140 loss=0.6783
01:40:34 | INFO    | holoqpi.engine.trainer |   epoch 28 step 60/140 loss=0.6618
01:40:36 | INFO    | holoqpi.engine.trainer |   epoch 28 step 80/140 loss=0.6709
01:40:37 | INFO    | holoqpi.engine.trainer |   epoch 28 step 100/140 loss=0.7709
01:40:39 | INFO    | holoqpi.engine.trainer |   epoch 28 step 120/140 loss=0.5463
01:41:24 | INFO    | holoqpi.engine.trainer | epoch 28/60 (56s = 13s train + 43s val) | train_loss=0.7464  val_phase_mae=0.1865  val_dice=0.7629  val_cls_acc=0.7087  val_mass_mape=0.2453
01:41:24 | INFO    | holoqpi.engine.trainer |   epoch 29 step 0/140 loss=0.6868
01:41:26 | INFO    | holoqpi.engine.trainer |   epoch 29 step 20/140 loss=0.9234
01:41:28 | INFO    | holoqpi.engine.trainer |   epoch 29 step 40/140 loss=0.7795
01:41:30 | INFO    | holoqpi.engine.trainer |   epoch 29 step 60/140 loss=0.6152
01:41:32 | INFO    | holoqpi.engine.trainer |   epoch 29 step 80/140 loss=1.0923
01:41:33 | INFO    | holoqpi.engine.trainer |   epoch 29 step 100/140 loss=0.6706
01:41:35 | INFO    | holoqpi.engine.trainer |   epoch 29 step 120/140 loss=0.6630
01:42:20 | INFO    | holoqpi.engine.trainer | epoch 29/60 (56s = 13s train + 44s val) | train_loss=0.7308  val_phase_mae=0.1841  val_dice=0.7622  val_cls_acc=0.6535  val_mass_mape=0.2328
01:42:21 | INFO    | holoqpi.engine.trainer |   epoch 30 step 0/140 loss=0.5397
01:42:23 | INFO    | holoqpi.engine.trainer |   epoch 30 step 20/140 loss=0.6837
01:42:24 | INFO    | holoqpi.engine.trainer |   epoch 30 step 40/140 loss=2.0832
01:42:26 | INFO    | holoqpi.engine.trainer |   epoch 30 step 60/140 loss=0.6523
01:42:28 | INFO    | holoqpi.engine.trainer |   epoch 30 step 80/140 loss=0.6350
01:42:30 | INFO    | holoqpi.engine.trainer |   epoch 30 step 100/140 loss=0.7963
01:42:32 | INFO    | holoqpi.engine.trainer |   epoch 30 step 120/140 loss=0.9412
01:43:17 | INFO    | holoqpi.engine.trainer | epoch 30/60 (57s = 13s train + 44s val) | train_loss=0.7385  val_phase_mae=0.1840  val_dice=0.7650  val_cls_acc=0.7008  val_mass_mape=0.2566
01:43:18 | INFO    | holoqpi.engine.trainer |   epoch 31 step 0/140 loss=0.8543
01:43:19 | INFO    | holoqpi.engine.trainer |   epoch 31 step 20/140 loss=0.6525
01:43:21 | INFO    | holoqpi.engine.trainer |   epoch 31 step 40/140 loss=0.7555
01:43:23 | INFO    | holoqpi.engine.trainer |   epoch 31 step 60/140 loss=0.6189
01:43:25 | INFO    | holoqpi.engine.trainer |   epoch 31 step 80/140 loss=0.6093
01:43:27 | INFO    | holoqpi.engine.trainer |   epoch 31 step 100/140 loss=0.7649
01:43:29 | INFO    | holoqpi.engine.trainer |   epoch 31 step 120/140 loss=0.5810
01:44:14 | INFO    | holoqpi.engine.trainer | epoch 31/60 (57s = 13s train + 43s val) | train_loss=0.7391  val_phase_mae=0.1890  val_dice=0.7549  val_cls_acc=0.7244  val_mass_mape=0.2577
01:44:14 | INFO    | holoqpi.engine.trainer |   epoch 32 step 0/140 loss=0.5037
01:44:16 | INFO    | holoqpi.engine.trainer |   epoch 32 step 20/140 loss=1.0158
01:44:18 | INFO    | holoqpi.engine.trainer |   epoch 32 step 40/140 loss=0.7142
01:44:20 | INFO    | holoqpi.engine.trainer |   epoch 32 step 60/140 loss=0.6673
01:44:22 | INFO    | holoqpi.engine.trainer |   epoch 32 step 80/140 loss=0.6358
01:44:23 | INFO    | holoqpi.engine.trainer |   epoch 32 step 100/140 loss=0.9888
01:44:25 | INFO    | holoqpi.engine.trainer |   epoch 32 step 120/140 loss=1.3507
01:45:11 | INFO    | holoqpi.engine.trainer |   new best composite=0.7603
01:45:11 | INFO    | holoqpi.engine.trainer | epoch 32/60 (57s = 13s train + 44s val) | train_loss=0.7337  val_phase_mae=0.1822  val_dice=0.7672  val_cls_acc=0.7165  val_mass_mape=0.2333
01:45:11 | INFO    | holoqpi.engine.trainer |   epoch 33 step 0/140 loss=0.5968
01:45:13 | INFO    | holoqpi.engine.trainer |   epoch 33 step 20/140 loss=0.6468
01:45:15 | INFO    | holoqpi.engine.trainer |   epoch 33 step 40/140 loss=0.7290
01:45:17 | INFO    | holoqpi.engine.trainer |   epoch 33 step 60/140 loss=0.6655
01:45:18 | INFO    | holoqpi.engine.trainer |   epoch 33 step 80/140 loss=0.7095
01:45:20 | INFO    | holoqpi.engine.trainer |   epoch 33 step 100/140 loss=0.6535
01:45:22 | INFO    | holoqpi.engine.trainer |   epoch 33 step 120/140 loss=0.5142
01:46:07 | INFO    | holoqpi.engine.trainer | epoch 33/60 (56s = 13s train + 43s val) | train_loss=0.7251  val_phase_mae=0.1813  val_dice=0.7697  val_cls_acc=0.7480  val_mass_mape=0.2525
01:46:08 | INFO    | holoqpi.engine.trainer |   epoch 34 step 0/140 loss=1.0467
01:46:09 | INFO    | holoqpi.engine.trainer |   epoch 34 step 20/140 loss=0.6504
01:46:11 | INFO    | holoqpi.engine.trainer |   epoch 34 step 40/140 loss=0.4975
01:46:13 | INFO    | holoqpi.engine.trainer |   epoch 34 step 60/140 loss=0.5892
01:46:15 | INFO    | holoqpi.engine.trainer |   epoch 34 step 80/140 loss=0.6699
01:46:17 | INFO    | holoqpi.engine.trainer |   epoch 34 step 100/140 loss=0.8859
01:46:19 | INFO    | holoqpi.engine.trainer |   epoch 34 step 120/140 loss=0.5334
01:47:04 | INFO    | holoqpi.engine.trainer | epoch 34/60 (57s = 13s train + 44s val) | train_loss=0.7123  val_phase_mae=0.1851  val_dice=0.7620  val_cls_acc=0.7480  val_mass_mape=0.2413
01:47:04 | INFO    | holoqpi.engine.trainer |   epoch 35 step 0/140 loss=0.5339
01:47:06 | INFO    | holoqpi.engine.trainer |   epoch 35 step 20/140 loss=0.6209
01:47:08 | INFO    | holoqpi.engine.trainer |   epoch 35 step 40/140 loss=1.2146
01:47:10 | INFO    | holoqpi.engine.trainer |   epoch 35 step 60/140 loss=0.8997
01:47:11 | INFO    | holoqpi.engine.trainer |   epoch 35 step 80/140 loss=0.7655
01:47:13 | INFO    | holoqpi.engine.trainer |   epoch 35 step 100/140 loss=0.6884
01:47:15 | INFO    | holoqpi.engine.trainer |   epoch 35 step 120/140 loss=0.5870
01:48:00 | INFO    | holoqpi.engine.trainer | epoch 35/60 (56s = 13s train + 44s val) | train_loss=0.7076  val_phase_mae=0.1822  val_dice=0.7632  val_cls_acc=0.7087  val_mass_mape=0.2341
01:48:01 | INFO    | holoqpi.engine.trainer |   epoch 36 step 0/140 loss=0.5950
01:48:02 | INFO    | holoqpi.engine.trainer |   epoch 36 step 20/140 loss=0.7677
01:48:04 | INFO    | holoqpi.engine.trainer |   epoch 36 step 40/140 loss=0.5015
01:48:06 | INFO    | holoqpi.engine.trainer |   epoch 36 step 60/140 loss=0.6541
01:48:08 | INFO    | holoqpi.engine.trainer |   epoch 36 step 80/140 loss=1.1491
01:48:10 | INFO    | holoqpi.engine.trainer |   epoch 36 step 100/140 loss=1.1695
01:48:11 | INFO    | holoqpi.engine.trainer |   epoch 36 step 120/140 loss=0.8060
01:48:57 | INFO    | holoqpi.engine.trainer | epoch 36/60 (57s = 13s train + 44s val) | train_loss=0.7104  val_phase_mae=0.1831  val_dice=0.7642  val_cls_acc=0.6535  val_mass_mape=0.2415
01:48:57 | INFO    | holoqpi.engine.trainer |   epoch 37 step 0/140 loss=1.0084
01:48:59 | INFO    | holoqpi.engine.trainer |   epoch 37 step 20/140 loss=0.6274
01:49:01 | INFO    | holoqpi.engine.trainer |   epoch 37 step 40/140 loss=0.5406
01:49:03 | INFO    | holoqpi.engine.trainer |   epoch 37 step 60/140 loss=0.7084
01:49:04 | INFO    | holoqpi.engine.trainer |   epoch 37 step 80/140 loss=0.6558
01:49:06 | INFO    | holoqpi.engine.trainer |   epoch 37 step 100/140 loss=0.5643
01:49:08 | INFO    | holoqpi.engine.trainer |   epoch 37 step 120/140 loss=0.5166
01:49:53 | INFO    | holoqpi.engine.trainer | epoch 37/60 (57s = 13s train + 44s val) | train_loss=0.7022  val_phase_mae=0.1831  val_dice=0.7621  val_cls_acc=0.7244  val_mass_mape=0.2305
01:49:54 | INFO    | holoqpi.engine.trainer |   epoch 38 step 0/140 loss=0.6648
01:49:56 | INFO    | holoqpi.engine.trainer |   epoch 38 step 20/140 loss=0.7632
01:49:58 | INFO    | holoqpi.engine.trainer |   epoch 38 step 40/140 loss=0.6332
01:49:59 | INFO    | holoqpi.engine.trainer |   epoch 38 step 60/140 loss=0.6084
01:50:01 | INFO    | holoqpi.engine.trainer |   epoch 38 step 80/140 loss=0.5809
01:50:03 | INFO    | holoqpi.engine.trainer |   epoch 38 step 100/140 loss=0.6817
01:50:05 | INFO    | holoqpi.engine.trainer |   epoch 38 step 120/140 loss=0.5469
01:50:50 | INFO    | holoqpi.engine.trainer | epoch 38/60 (56s = 13s train + 43s val) | train_loss=0.7023  val_phase_mae=0.1855  val_dice=0.7578  val_cls_acc=0.7402  val_mass_mape=0.2325
01:50:50 | INFO    | holoqpi.engine.trainer |   epoch 39 step 0/140 loss=0.6993
01:50:52 | INFO    | holoqpi.engine.trainer |   epoch 39 step 20/140 loss=0.4910
01:50:54 | INFO    | holoqpi.engine.trainer |   epoch 39 step 40/140 loss=0.8465
01:50:56 | INFO    | holoqpi.engine.trainer |   epoch 39 step 60/140 loss=0.6805
01:50:58 | INFO    | holoqpi.engine.trainer |   epoch 39 step 80/140 loss=0.4824
01:50:59 | INFO    | holoqpi.engine.trainer |   epoch 39 step 100/140 loss=0.5481
01:51:01 | INFO    | holoqpi.engine.trainer |   epoch 39 step 120/140 loss=0.7173
01:51:46 | INFO    | holoqpi.engine.trainer | epoch 39/60 (57s = 13s train + 44s val) | train_loss=0.6959  val_phase_mae=0.1848  val_dice=0.7605  val_cls_acc=0.7559  val_mass_mape=0.2351
01:51:47 | INFO    | holoqpi.engine.trainer |   epoch 40 step 0/140 loss=1.0028
01:51:49 | INFO    | holoqpi.engine.trainer |   epoch 40 step 20/140 loss=0.6388
01:51:51 | INFO    | holoqpi.engine.trainer |   epoch 40 step 40/140 loss=1.3134
01:51:52 | INFO    | holoqpi.engine.trainer |   epoch 40 step 60/140 loss=0.5545
01:51:54 | INFO    | holoqpi.engine.trainer |   epoch 40 step 80/140 loss=0.8825
01:51:56 | INFO    | holoqpi.engine.trainer |   epoch 40 step 100/140 loss=0.8472
01:51:58 | INFO    | holoqpi.engine.trainer |   epoch 40 step 120/140 loss=0.5118
01:52:43 | INFO    | holoqpi.engine.trainer | epoch 40/60 (56s = 13s train + 43s val) | train_loss=0.6944  val_phase_mae=0.1839  val_dice=0.7634  val_cls_acc=0.7953  val_mass_mape=0.2469
01:52:43 | INFO    | holoqpi.engine.trainer |   epoch 41 step 0/140 loss=0.7142
01:52:45 | INFO    | holoqpi.engine.trainer |   epoch 41 step 20/140 loss=0.4525
01:52:47 | INFO    | holoqpi.engine.trainer |   epoch 41 step 40/140 loss=0.5771
01:52:49 | INFO    | holoqpi.engine.trainer |   epoch 41 step 60/140 loss=0.7080
01:52:51 | INFO    | holoqpi.engine.trainer |   epoch 41 step 80/140 loss=0.8264
01:52:53 | INFO    | holoqpi.engine.trainer |   epoch 41 step 100/140 loss=0.7942
01:52:54 | INFO    | holoqpi.engine.trainer |   epoch 41 step 120/140 loss=0.5604
01:53:40 | INFO    | holoqpi.engine.trainer | epoch 41/60 (57s = 13s train + 43s val) | train_loss=0.6919  val_phase_mae=0.1849  val_dice=0.7622  val_cls_acc=0.7165  val_mass_mape=0.2495
01:53:40 | INFO    | holoqpi.engine.trainer |   epoch 42 step 0/140 loss=0.5734
01:53:42 | INFO    | holoqpi.engine.trainer |   epoch 42 step 20/140 loss=0.5286
01:53:44 | INFO    | holoqpi.engine.trainer |   epoch 42 step 40/140 loss=0.5268
01:53:46 | INFO    | holoqpi.engine.trainer |   epoch 42 step 60/140 loss=0.8963
01:53:48 | INFO    | holoqpi.engine.trainer |   epoch 42 step 80/140 loss=1.5100
01:53:49 | INFO    | holoqpi.engine.trainer |   epoch 42 step 100/140 loss=0.9195
01:53:51 | INFO    | holoqpi.engine.trainer |   epoch 42 step 120/140 loss=0.5985
01:54:37 | INFO    | holoqpi.engine.trainer | epoch 42/60 (57s = 13s train + 44s val) | train_loss=0.6721  val_phase_mae=0.1825  val_dice=0.7690  val_cls_acc=0.7953  val_mass_mape=0.2397
01:54:37 | INFO    | holoqpi.engine.trainer |   epoch 43 step 0/140 loss=0.5256
01:54:39 | INFO    | holoqpi.engine.trainer |   epoch 43 step 20/140 loss=0.6334
01:54:41 | INFO    | holoqpi.engine.trainer |   epoch 43 step 40/140 loss=1.4686
01:54:43 | INFO    | holoqpi.engine.trainer |   epoch 43 step 60/140 loss=0.6727
01:54:44 | INFO    | holoqpi.engine.trainer |   epoch 43 step 80/140 loss=0.6954
01:54:46 | INFO    | holoqpi.engine.trainer |   epoch 43 step 100/140 loss=0.4633
01:54:48 | INFO    | holoqpi.engine.trainer |   epoch 43 step 120/140 loss=0.9632
01:55:33 | INFO    | holoqpi.engine.trainer | epoch 43/60 (56s = 13s train + 43s val) | train_loss=0.6922  val_phase_mae=0.1818  val_dice=0.7655  val_cls_acc=0.7165  val_mass_mape=0.2330
01:55:33 | INFO    | holoqpi.engine.trainer |   epoch 44 step 0/140 loss=0.5373
01:55:35 | INFO    | holoqpi.engine.trainer |   epoch 44 step 20/140 loss=0.5090
01:55:37 | INFO    | holoqpi.engine.trainer |   epoch 44 step 40/140 loss=0.6689
01:55:39 | INFO    | holoqpi.engine.trainer |   epoch 44 step 60/140 loss=0.4623
01:55:41 | INFO    | holoqpi.engine.trainer |   epoch 44 step 80/140 loss=0.8369
01:55:43 | INFO    | holoqpi.engine.trainer |   epoch 44 step 100/140 loss=0.7690
01:55:44 | INFO    | holoqpi.engine.trainer |   epoch 44 step 120/140 loss=0.5752
01:56:30 | INFO    | holoqpi.engine.trainer |   new best composite=0.7605
01:56:30 | INFO    | holoqpi.engine.trainer | epoch 44/60 (56s = 13s train + 43s val) | train_loss=0.6739  val_phase_mae=0.1811  val_dice=0.7676  val_cls_acc=0.7638  val_mass_mape=0.2266
01:56:30 | INFO    | holoqpi.engine.trainer |   epoch 45 step 0/140 loss=0.6963
01:56:32 | INFO    | holoqpi.engine.trainer |   epoch 45 step 20/140 loss=0.4679
01:56:34 | INFO    | holoqpi.engine.trainer |   epoch 45 step 40/140 loss=0.7842
01:56:36 | INFO    | holoqpi.engine.trainer |   epoch 45 step 60/140 loss=0.6687
01:56:37 | INFO    | holoqpi.engine.trainer |   epoch 45 step 80/140 loss=0.8316
01:56:39 | INFO    | holoqpi.engine.trainer |   epoch 45 step 100/140 loss=0.6548
01:56:41 | INFO    | holoqpi.engine.trainer |   epoch 45 step 120/140 loss=0.7922
01:57:26 | INFO    | holoqpi.engine.trainer | epoch 45/60 (56s = 13s train + 43s val) | train_loss=0.6799  val_phase_mae=0.1805  val_dice=0.7684  val_cls_acc=0.7559  val_mass_mape=0.2318
01:57:27 | INFO    | holoqpi.engine.trainer |   epoch 46 step 0/140 loss=0.5684
01:57:29 | INFO    | holoqpi.engine.trainer |   epoch 46 step 20/140 loss=0.8759
01:57:30 | INFO    | holoqpi.engine.trainer |   epoch 46 step 40/140 loss=0.5613
01:57:32 | INFO    | holoqpi.engine.trainer |   epoch 46 step 60/140 loss=0.4832
01:57:34 | INFO    | holoqpi.engine.trainer |   epoch 46 step 80/140 loss=0.5428
01:57:36 | INFO    | holoqpi.engine.trainer |   epoch 46 step 100/140 loss=1.2973
01:57:37 | INFO    | holoqpi.engine.trainer |   epoch 46 step 120/140 loss=0.5687
01:58:22 | INFO    | holoqpi.engine.trainer | epoch 46/60 (56s = 13s train + 43s val) | train_loss=0.6621  val_phase_mae=0.1816  val_dice=0.7653  val_cls_acc=0.7717  val_mass_mape=0.2281
01:58:23 | INFO    | holoqpi.engine.trainer |   epoch 47 step 0/140 loss=0.6328
01:58:24 | INFO    | holoqpi.engine.trainer |   epoch 47 step 20/140 loss=0.6112
01:58:26 | INFO    | holoqpi.engine.trainer |   epoch 47 step 40/140 loss=0.4708
01:58:28 | INFO    | holoqpi.engine.trainer |   epoch 47 step 60/140 loss=0.5624
01:58:30 | INFO    | holoqpi.engine.trainer |   epoch 47 step 80/140 loss=0.7420
01:58:32 | INFO    | holoqpi.engine.trainer |   epoch 47 step 100/140 loss=0.6337
01:58:33 | INFO    | holoqpi.engine.trainer |   epoch 47 step 120/140 loss=0.8501
01:59:19 | INFO    | holoqpi.engine.trainer | epoch 47/60 (56s = 13s train + 43s val) | train_loss=0.6639  val_phase_mae=0.1811  val_dice=0.7681  val_cls_acc=0.7402  val_mass_mape=0.2333
01:59:19 | INFO    | holoqpi.engine.trainer |   epoch 48 step 0/140 loss=0.4808
01:59:21 | INFO    | holoqpi.engine.trainer |   epoch 48 step 20/140 loss=0.7741
01:59:23 | INFO    | holoqpi.engine.trainer |   epoch 48 step 40/140 loss=0.6228
01:59:24 | INFO    | holoqpi.engine.trainer |   epoch 48 step 60/140 loss=0.5758
01:59:26 | INFO    | holoqpi.engine.trainer |   epoch 48 step 80/140 loss=0.5452
01:59:28 | INFO    | holoqpi.engine.trainer |   epoch 48 step 100/140 loss=0.5987
01:59:30 | INFO    | holoqpi.engine.trainer |   epoch 48 step 120/140 loss=0.5170
02:00:16 | INFO    | holoqpi.engine.trainer |   new best composite=0.7608
02:00:16 | INFO    | holoqpi.engine.trainer | epoch 48/60 (57s = 13s train + 44s val) | train_loss=0.6505  val_phase_mae=0.1802  val_dice=0.7680  val_cls_acc=0.7717  val_mass_mape=0.2309
02:00:16 | INFO    | holoqpi.engine.trainer |   epoch 49 step 0/140 loss=0.6153
02:00:18 | INFO    | holoqpi.engine.trainer |   epoch 49 step 20/140 loss=0.5383
02:00:20 | INFO    | holoqpi.engine.trainer |   epoch 49 step 40/140 loss=0.4956
02:00:21 | INFO    | holoqpi.engine.trainer |   epoch 49 step 60/140 loss=0.7866
02:00:23 | INFO    | holoqpi.engine.trainer |   epoch 49 step 80/140 loss=0.5016
02:00:25 | INFO    | holoqpi.engine.trainer |   epoch 49 step 100/140 loss=0.6945
02:00:27 | INFO    | holoqpi.engine.trainer |   epoch 49 step 120/140 loss=0.8631
02:01:12 | INFO    | holoqpi.engine.trainer | epoch 49/60 (57s = 13s train + 44s val) | train_loss=0.6567  val_phase_mae=0.1816  val_dice=0.7664  val_cls_acc=0.7717  val_mass_mape=0.2306
02:01:13 | INFO    | holoqpi.engine.trainer |   epoch 50 step 0/140 loss=0.7811
02:01:14 | INFO    | holoqpi.engine.trainer |   epoch 50 step 20/140 loss=0.6848
02:01:16 | INFO    | holoqpi.engine.trainer |   epoch 50 step 40/140 loss=0.6793
02:01:18 | INFO    | holoqpi.engine.trainer |   epoch 50 step 60/140 loss=0.6163
02:01:20 | INFO    | holoqpi.engine.trainer |   epoch 50 step 80/140 loss=0.5026
02:01:21 | INFO    | holoqpi.engine.trainer |   epoch 50 step 100/140 loss=0.9252
02:01:23 | INFO    | holoqpi.engine.trainer |   epoch 50 step 120/140 loss=0.5920
02:02:08 | INFO    | holoqpi.engine.trainer | epoch 50/60 (56s = 13s train + 43s val) | train_loss=0.6620  val_phase_mae=0.1801  val_dice=0.7693  val_cls_acc=0.7795  val_mass_mape=0.2349
02:02:09 | INFO    | holoqpi.engine.trainer |   epoch 51 step 0/140 loss=0.5494
02:02:11 | INFO    | holoqpi.engine.trainer |   epoch 51 step 20/140 loss=0.5376
02:02:13 | INFO    | holoqpi.engine.trainer |   epoch 51 step 40/140 loss=0.4847
02:02:14 | INFO    | holoqpi.engine.trainer |   epoch 51 step 60/140 loss=0.5009
02:02:16 | INFO    | holoqpi.engine.trainer |   epoch 51 step 80/140 loss=0.5841
02:02:18 | INFO    | holoqpi.engine.trainer |   epoch 51 step 100/140 loss=0.5053
02:02:20 | INFO    | holoqpi.engine.trainer |   epoch 51 step 120/140 loss=0.4921
02:03:05 | INFO    | holoqpi.engine.trainer |   new best composite=0.7609
02:03:05 | INFO    | holoqpi.engine.trainer | epoch 51/60 (57s = 13s train + 44s val) | train_loss=0.6482  val_phase_mae=0.1800  val_dice=0.7685  val_cls_acc=0.7638  val_mass_mape=0.2301
02:03:06 | INFO    | holoqpi.engine.trainer |   epoch 52 step 0/140 loss=0.7871
02:03:08 | INFO    | holoqpi.engine.trainer |   epoch 52 step 20/140 loss=0.5563
02:03:09 | INFO    | holoqpi.engine.trainer |   epoch 52 step 40/140 loss=0.6275
02:03:11 | INFO    | holoqpi.engine.trainer |   epoch 52 step 60/140 loss=0.8154
02:03:13 | INFO    | holoqpi.engine.trainer |   epoch 52 step 80/140 loss=0.4656
02:03:15 | INFO    | holoqpi.engine.trainer |   epoch 52 step 100/140 loss=0.5178
02:03:17 | INFO    | holoqpi.engine.trainer |   epoch 52 step 120/140 loss=0.4153
02:04:02 | INFO    | holoqpi.engine.trainer | epoch 52/60 (56s = 13s train + 43s val) | train_loss=0.6492  val_phase_mae=0.1793  val_dice=0.7713  val_cls_acc=0.8031  val_mass_mape=0.2372
02:04:02 | INFO    | holoqpi.engine.trainer |   epoch 53 step 0/140 loss=0.7302
02:04:04 | INFO    | holoqpi.engine.trainer |   epoch 53 step 20/140 loss=0.8850
02:04:06 | INFO    | holoqpi.engine.trainer |   epoch 53 step 40/140 loss=0.7806
02:04:08 | INFO    | holoqpi.engine.trainer |   epoch 53 step 60/140 loss=0.4293
02:04:09 | INFO    | holoqpi.engine.trainer |   epoch 53 step 80/140 loss=0.5199
02:04:11 | INFO    | holoqpi.engine.trainer |   epoch 53 step 100/140 loss=0.6373
02:04:13 | INFO    | holoqpi.engine.trainer |   epoch 53 step 120/140 loss=0.5726
02:04:58 | INFO    | holoqpi.engine.trainer | epoch 53/60 (57s = 13s train + 44s val) | train_loss=0.6429  val_phase_mae=0.1804  val_dice=0.7703  val_cls_acc=0.7874  val_mass_mape=0.2374
02:04:59 | INFO    | holoqpi.engine.trainer |   epoch 54 step 0/140 loss=0.5183
02:05:01 | INFO    | holoqpi.engine.trainer |   epoch 54 step 20/140 loss=1.0452
02:05:03 | INFO    | holoqpi.engine.trainer |   epoch 54 step 40/140 loss=0.7969
02:05:04 | INFO    | holoqpi.engine.trainer |   epoch 54 step 60/140 loss=0.9378
02:05:06 | INFO    | holoqpi.engine.trainer |   epoch 54 step 80/140 loss=0.4658
02:05:08 | INFO    | holoqpi.engine.trainer |   epoch 54 step 100/140 loss=0.8036
02:05:10 | INFO    | holoqpi.engine.trainer |   epoch 54 step 120/140 loss=0.4320
02:05:55 | INFO    | holoqpi.engine.trainer | epoch 54/60 (56s = 13s train + 44s val) | train_loss=0.6619  val_phase_mae=0.1803  val_dice=0.7689  val_cls_acc=0.7638  val_mass_mape=0.2342
02:05:55 | INFO    | holoqpi.engine.trainer |   epoch 55 step 0/140 loss=0.5627
02:05:57 | INFO    | holoqpi.engine.trainer |   epoch 55 step 20/140 loss=0.5595
02:05:59 | INFO    | holoqpi.engine.trainer |   epoch 55 step 40/140 loss=0.5816
02:06:01 | INFO    | holoqpi.engine.trainer |   epoch 55 step 60/140 loss=0.5471
02:06:03 | INFO    | holoqpi.engine.trainer |   epoch 55 step 80/140 loss=0.4374
02:06:04 | INFO    | holoqpi.engine.trainer |   epoch 55 step 100/140 loss=0.4860
02:06:06 | INFO    | holoqpi.engine.trainer |   epoch 55 step 120/140 loss=0.7686
02:06:52 | INFO    | holoqpi.engine.trainer |   new best composite=0.7613
02:06:52 | INFO    | holoqpi.engine.trainer | epoch 55/60 (56s = 13s train + 43s val) | train_loss=0.6457  val_phase_mae=0.1801  val_dice=0.7700  val_cls_acc=0.7795  val_mass_mape=0.2327
02:06:52 | INFO    | holoqpi.engine.trainer |   epoch 56 step 0/140 loss=0.5459
02:06:54 | INFO    | holoqpi.engine.trainer |   epoch 56 step 20/140 loss=0.6523
02:06:56 | INFO    | holoqpi.engine.trainer |   epoch 56 step 40/140 loss=0.5621
02:06:57 | INFO    | holoqpi.engine.trainer |   epoch 56 step 60/140 loss=0.4842
02:06:59 | INFO    | holoqpi.engine.trainer |   epoch 56 step 80/140 loss=0.9110
02:07:01 | INFO    | holoqpi.engine.trainer |   epoch 56 step 100/140 loss=0.6201
02:07:03 | INFO    | holoqpi.engine.trainer |   epoch 56 step 120/140 loss=0.9413
02:07:48 | INFO    | holoqpi.engine.trainer |   new best composite=0.7618
02:07:48 | INFO    | holoqpi.engine.trainer | epoch 56/60 (56s = 13s train + 44s val) | train_loss=0.6398  val_phase_mae=0.1799  val_dice=0.7688  val_cls_acc=0.8346  val_mass_mape=0.2284
02:07:49 | INFO    | holoqpi.engine.trainer |   epoch 57 step 0/140 loss=0.5597
02:07:51 | INFO    | holoqpi.engine.trainer |   epoch 57 step 20/140 loss=0.7356
02:07:53 | INFO    | holoqpi.engine.trainer |   epoch 57 step 40/140 loss=0.7214
02:07:54 | INFO    | holoqpi.engine.trainer |   epoch 57 step 60/140 loss=0.5773
02:07:56 | INFO    | holoqpi.engine.trainer |   epoch 57 step 80/140 loss=0.5253
02:07:58 | INFO    | holoqpi.engine.trainer |   epoch 57 step 100/140 loss=0.5899
02:08:00 | INFO    | holoqpi.engine.trainer |   epoch 57 step 120/140 loss=0.5258
02:08:45 | INFO    | holoqpi.engine.trainer | epoch 57/60 (57s = 13s train + 44s val) | train_loss=0.6333  val_phase_mae=0.1799  val_dice=0.7691  val_cls_acc=0.7795  val_mass_mape=0.2287
02:08:46 | INFO    | holoqpi.engine.trainer |   epoch 58 step 0/140 loss=0.7026
02:08:48 | INFO    | holoqpi.engine.trainer |   epoch 58 step 20/140 loss=0.5118
02:08:49 | INFO    | holoqpi.engine.trainer |   epoch 58 step 40/140 loss=0.6557
02:08:51 | INFO    | holoqpi.engine.trainer |   epoch 58 step 60/140 loss=0.6120
02:08:53 | INFO    | holoqpi.engine.trainer |   epoch 58 step 80/140 loss=0.8057
02:08:55 | INFO    | holoqpi.engine.trainer |   epoch 58 step 100/140 loss=0.5386
02:08:57 | INFO    | holoqpi.engine.trainer |   epoch 58 step 120/140 loss=0.6968
02:09:42 | INFO    | holoqpi.engine.trainer | epoch 58/60 (56s = 13s train + 44s val) | train_loss=0.6467  val_phase_mae=0.1802  val_dice=0.7692  val_cls_acc=0.8031  val_mass_mape=0.2301
02:09:42 | INFO    | holoqpi.engine.trainer |   epoch 59 step 0/140 loss=0.5525
02:09:44 | INFO    | holoqpi.engine.trainer |   epoch 59 step 20/140 loss=0.5787
02:09:46 | INFO    | holoqpi.engine.trainer |   epoch 59 step 40/140 loss=0.5027
02:09:48 | INFO    | holoqpi.engine.trainer |   epoch 59 step 60/140 loss=0.6016
02:09:49 | INFO    | holoqpi.engine.trainer |   epoch 59 step 80/140 loss=0.5274
02:09:51 | INFO    | holoqpi.engine.trainer |   epoch 59 step 100/140 loss=0.4532
02:09:53 | INFO    | holoqpi.engine.trainer |   epoch 59 step 120/140 loss=0.5308
02:10:38 | INFO    | holoqpi.engine.trainer |   new best composite=0.7633
02:10:38 | INFO    | holoqpi.engine.trainer | epoch 59/60 (56s = 13s train + 43s val) | train_loss=0.6297  val_phase_mae=0.1797  val_dice=0.7701  val_cls_acc=0.7638  val_mass_mape=0.2250
02:10:39 | INFO    | holoqpi.engine.trainer |   epoch 60 step 0/140 loss=0.4748
02:10:41 | INFO    | holoqpi.engine.trainer |   epoch 60 step 20/140 loss=1.0950
02:10:42 | INFO    | holoqpi.engine.trainer |   epoch 60 step 40/140 loss=1.5709
02:10:44 | INFO    | holoqpi.engine.trainer |   epoch 60 step 60/140 loss=0.5580
02:10:46 | INFO    | holoqpi.engine.trainer |   epoch 60 step 80/140 loss=0.5002
02:10:48 | INFO    | holoqpi.engine.trainer |   epoch 60 step 100/140 loss=0.6929
02:10:50 | INFO    | holoqpi.engine.trainer |   epoch 60 step 120/140 loss=0.5610
02:11:35 | INFO    | holoqpi.engine.trainer | epoch 60/60 (56s = 13s train + 43s val) | train_loss=0.6323  val_phase_mae=0.1799  val_dice=0.7697  val_cls_acc=0.7874  val_mass_mape=0.2341
02:11:35 | INFO    | holoqpi.engine.trainer | training finished; best epoch 59 (composite=0.7633)
02:11:35 | INFO    | holoqpi.engine.trainer | checkpoint best_model.pt: 446/446 tensors matched
02:12:14 | INFO    | holoqpi.engine.compare | modality=gabor test metrics written to runs/no_physics_gabor
02:12:15 | INFO    | holoqpi.engine.compare | comparison table written to runs/no_physics_modality_comparison.csv
