02:12:19 | INFO    | holoqpi.engine.compare | ======================================================================
02:12:19 | INFO    | holoqpi.engine.compare | modality=off_axis  device=cuda  run_dir=runs/physics_coupling_only_off_axis
02:12:19 | INFO    | holoqpi.engine.compare | ======================================================================
02:12:19 | INFO    | holoqpi.data.dataset | train split: 560 samples | modality=off_axis | crop=512 | augment=True
02:12:19 | INFO    | holoqpi.data.dataset | val split: 127 samples | modality=off_axis | crop=None | augment=False
02:12:19 | INFO    | holoqpi.data.dataset | test split: 113 samples | modality=off_axis | crop=None | augment=False
02:12:20 | INFO    | holoqpi.models.encoders | encoder=mobilenet_v2 in_channels=1 pretrained=True stages=[16, 24, 32, 96, 1280]
02:12:20 | INFO    | holoqpi.models.holonet | HoloQPINet built: 9.76M parameters, 9.76M trainable (100.0%)
02:12:21 | INFO    | holoqpi.engine.trainer | trainable 9.76M / 9.76M parameters (100.0%)
02:12:21 | INFO    | holoqpi.engine.trainer | active physics terms: ['phase_mask_contrast', 'boundary_gradient_alignment', 'phase_volume', 'dry_mass_consistency', 'projected_area_consistency']
02:12:27 | INFO    | holoqpi.engine.trainer |   epoch 1 step 0/140 loss=2.5160
02:12:29 | INFO    | holoqpi.engine.trainer |   epoch 1 step 20/140 loss=2.3181
02:12:31 | INFO    | holoqpi.engine.trainer |   epoch 1 step 40/140 loss=1.9153
02:12:33 | INFO    | holoqpi.engine.trainer |   epoch 1 step 60/140 loss=1.6546
02:12:35 | INFO    | holoqpi.engine.trainer |   epoch 1 step 80/140 loss=1.5434
02:12:37 | INFO    | holoqpi.engine.trainer |   epoch 1 step 100/140 loss=1.4821
02:12:40 | INFO    | holoqpi.engine.trainer |   epoch 1 step 120/140 loss=1.3579
02:13:30 | INFO    | holoqpi.engine.trainer |   new best composite=0.6200
02:13:30 | INFO    | holoqpi.engine.trainer | epoch 1/60 (69s = 20s train + 49s val) | train_loss=1.7841  val_phase_mae=0.2623  val_dice=0.6366  val_cls_acc=0.2677  val_mass_mape=0.3137
02:13:30 | INFO    | holoqpi.engine.trainer |   at this rate the full 60-epoch schedule takes about 69 min
02:13:31 | INFO    | holoqpi.engine.trainer |   epoch 2 step 0/140 loss=1.3990
02:13:33 | INFO    | holoqpi.engine.trainer |   epoch 2 step 20/140 loss=1.2986
02:13:35 | INFO    | holoqpi.engine.trainer |   epoch 2 step 40/140 loss=1.3187
02:13:37 | INFO    | holoqpi.engine.trainer |   epoch 2 step 60/140 loss=1.1642
02:13:39 | INFO    | holoqpi.engine.trainer |   epoch 2 step 80/140 loss=1.1199
02:13:41 | INFO    | holoqpi.engine.trainer |   epoch 2 step 100/140 loss=1.0797
02:13:43 | INFO    | holoqpi.engine.trainer |   epoch 2 step 120/140 loss=1.1699
02:14:29 | INFO    | holoqpi.engine.trainer |   new best composite=0.7266
02:14:29 | INFO    | holoqpi.engine.trainer | epoch 2/60 (58s = 15s train + 43s val) | train_loss=1.1718  val_phase_mae=0.2082  val_dice=0.7362  val_cls_acc=0.2520  val_mass_mape=0.2654
02:14:29 | INFO    | holoqpi.engine.trainer |   epoch 3 step 0/140 loss=1.0133
02:14:31 | INFO    | holoqpi.engine.trainer |   epoch 3 step 20/140 loss=0.8639
02:14:33 | INFO    | holoqpi.engine.trainer |   epoch 3 step 40/140 loss=1.0162
02:14:35 | INFO    | holoqpi.engine.trainer |   epoch 3 step 60/140 loss=1.0309
02:14:37 | INFO    | holoqpi.engine.trainer |   epoch 3 step 80/140 loss=0.9617
02:14:39 | INFO    | holoqpi.engine.trainer |   epoch 3 step 100/140 loss=0.9838
02:14:42 | INFO    | holoqpi.engine.trainer |   epoch 3 step 120/140 loss=0.8612
02:15:28 | INFO    | holoqpi.engine.trainer |   new best composite=0.7431
02:15:28 | INFO    | holoqpi.engine.trainer | epoch 3/60 (59s = 15s train + 44s val) | train_loss=0.9472  val_phase_mae=0.2025  val_dice=0.7553  val_cls_acc=0.2756  val_mass_mape=0.2474
02:15:28 | INFO    | holoqpi.engine.trainer |   epoch 4 step 0/140 loss=0.9650
02:15:30 | INFO    | holoqpi.engine.trainer |   epoch 4 step 20/140 loss=0.8313
02:15:32 | INFO    | holoqpi.engine.trainer |   epoch 4 step 40/140 loss=1.0586
02:15:34 | INFO    | holoqpi.engine.trainer |   epoch 4 step 60/140 loss=0.9092
02:15:36 | INFO    | holoqpi.engine.trainer |   epoch 4 step 80/140 loss=0.8664
02:15:38 | INFO    | holoqpi.engine.trainer |   epoch 4 step 100/140 loss=0.8788
02:15:40 | INFO    | holoqpi.engine.trainer |   epoch 4 step 120/140 loss=0.7949
02:16:26 | INFO    | holoqpi.engine.trainer |   new best composite=0.7651
02:16:26 | INFO    | holoqpi.engine.trainer | epoch 4/60 (58s = 14s train + 43s val) | train_loss=0.8847  val_phase_mae=0.1902  val_dice=0.7755  val_cls_acc=0.3386  val_mass_mape=0.2299
02:16:26 | INFO    | holoqpi.engine.trainer |   epoch 5 step 0/140 loss=0.9180
02:16:28 | INFO    | holoqpi.engine.trainer |   epoch 5 step 20/140 loss=0.8725
02:16:30 | INFO    | holoqpi.engine.trainer |   epoch 5 step 40/140 loss=0.8397
02:16:32 | INFO    | holoqpi.engine.trainer |   epoch 5 step 60/140 loss=0.7897
02:16:34 | INFO    | holoqpi.engine.trainer |   epoch 5 step 80/140 loss=0.8684
02:16:36 | INFO    | holoqpi.engine.trainer |   epoch 5 step 100/140 loss=0.9016
02:16:38 | INFO    | holoqpi.engine.trainer |   epoch 5 step 120/140 loss=0.7236
02:17:24 | INFO    | holoqpi.engine.trainer | epoch 5/60 (58s = 15s train + 43s val) | train_loss=0.8330  val_phase_mae=0.1905  val_dice=0.7753  val_cls_acc=0.2598  val_mass_mape=0.2244
02:17:24 | INFO    | holoqpi.engine.trainer |   epoch 6 step 0/140 loss=0.7986
02:17:26 | INFO    | holoqpi.engine.trainer |   epoch 6 step 20/140 loss=0.9223
02:17:28 | INFO    | holoqpi.engine.trainer |   epoch 6 step 40/140 loss=0.7988
02:17:30 | INFO    | holoqpi.engine.trainer |   epoch 6 step 60/140 loss=0.7037
02:17:32 | INFO    | holoqpi.engine.trainer |   epoch 6 step 80/140 loss=0.6841
02:17:34 | INFO    | holoqpi.engine.trainer |   epoch 6 step 100/140 loss=0.8083
02:17:36 | INFO    | holoqpi.engine.trainer |   epoch 6 step 120/140 loss=0.7205
02:18:21 | INFO    | holoqpi.engine.trainer | epoch 6/60 (57s = 14s train + 43s val) | train_loss=0.7982  val_phase_mae=0.1894  val_dice=0.7856  val_cls_acc=0.2441  val_mass_mape=0.2810
02:18:22 | INFO    | holoqpi.engine.trainer |   epoch 7 step 0/140 loss=0.7707
02:18:24 | INFO    | holoqpi.engine.trainer |   epoch 7 step 20/140 loss=0.7358
02:18:26 | INFO    | holoqpi.engine.trainer |   epoch 7 step 40/140 loss=0.7653
02:18:28 | INFO    | holoqpi.engine.trainer |   epoch 7 step 60/140 loss=0.6856
02:18:29 | INFO    | holoqpi.engine.trainer |   epoch 7 step 80/140 loss=0.7778
02:18:32 | INFO    | holoqpi.engine.trainer |   epoch 7 step 100/140 loss=0.7920
02:18:34 | INFO    | holoqpi.engine.trainer |   epoch 7 step 120/140 loss=0.8830
02:19:19 | INFO    | holoqpi.engine.trainer |   new best composite=0.7732
02:19:19 | INFO    | holoqpi.engine.trainer | epoch 7/60 (58s = 14s train + 43s val) | train_loss=0.7730  val_phase_mae=0.1841  val_dice=0.7935  val_cls_acc=0.3937  val_mass_mape=0.2407
02:19:20 | INFO    | holoqpi.engine.trainer |   epoch 8 step 0/140 loss=0.7473
02:19:22 | INFO    | holoqpi.engine.trainer |   epoch 8 step 20/140 loss=0.6868
02:19:23 | INFO    | holoqpi.engine.trainer |   epoch 8 step 40/140 loss=0.8482
02:19:25 | INFO    | holoqpi.engine.trainer |   epoch 8 step 60/140 loss=0.6679
02:19:27 | INFO    | holoqpi.engine.trainer |   epoch 8 step 80/140 loss=0.7182
02:19:29 | INFO    | holoqpi.engine.trainer |   epoch 8 step 100/140 loss=0.8044
02:19:31 | INFO    | holoqpi.engine.trainer |   epoch 8 step 120/140 loss=0.8185
02:20:17 | INFO    | holoqpi.engine.trainer |   new best composite=0.7808
02:20:17 | INFO    | holoqpi.engine.trainer | epoch 8/60 (58s = 14s train + 44s val) | train_loss=0.7564  val_phase_mae=0.1913  val_dice=0.7969  val_cls_acc=0.3780  val_mass_mape=0.2165
02:20:18 | INFO    | holoqpi.engine.trainer |   epoch 9 step 0/140 loss=0.7855
02:20:20 | INFO    | holoqpi.engine.trainer |   epoch 9 step 20/140 loss=0.5863
02:20:22 | INFO    | holoqpi.engine.trainer |   epoch 9 step 40/140 loss=0.6570
02:20:24 | INFO    | holoqpi.engine.trainer |   epoch 9 step 60/140 loss=0.8344
02:20:26 | INFO    | holoqpi.engine.trainer |   epoch 9 step 80/140 loss=0.8440
02:20:28 | INFO    | holoqpi.engine.trainer |   epoch 9 step 100/140 loss=0.7290
02:20:30 | INFO    | holoqpi.engine.trainer |   epoch 9 step 120/140 loss=0.8085
02:21:15 | INFO    | holoqpi.engine.trainer |   new best composite=0.7837
02:21:15 | INFO    | holoqpi.engine.trainer | epoch 9/60 (58s = 14s train + 44s val) | train_loss=0.7489  val_phase_mae=0.1810  val_dice=0.8015  val_cls_acc=0.4488  val_mass_mape=0.2240
02:21:16 | INFO    | holoqpi.engine.trainer |   epoch 10 step 0/140 loss=0.7313
02:21:18 | INFO    | holoqpi.engine.trainer |   epoch 10 step 20/140 loss=0.7260
02:21:20 | INFO    | holoqpi.engine.trainer |   epoch 10 step 40/140 loss=0.8212
02:21:22 | INFO    | holoqpi.engine.trainer |   epoch 10 step 60/140 loss=0.7917
02:21:24 | INFO    | holoqpi.engine.trainer |   epoch 10 step 80/140 loss=0.8419
02:21:25 | INFO    | holoqpi.engine.trainer |   epoch 10 step 100/140 loss=0.7847
02:21:27 | INFO    | holoqpi.engine.trainer |   epoch 10 step 120/140 loss=0.7866
02:22:13 | INFO    | holoqpi.engine.trainer |   new best composite=0.7845
02:22:13 | INFO    | holoqpi.engine.trainer | epoch 10/60 (57s = 13s train + 44s val) | train_loss=0.7414  val_phase_mae=0.1814  val_dice=0.7996  val_cls_acc=0.3858  val_mass_mape=0.2229
02:22:14 | INFO    | holoqpi.engine.trainer |   epoch 11 step 0/140 loss=0.7117
02:22:15 | INFO    | holoqpi.engine.trainer |   epoch 11 step 20/140 loss=0.7960
02:22:17 | INFO    | holoqpi.engine.trainer |   epoch 11 step 40/140 loss=1.0152
02:22:19 | INFO    | holoqpi.engine.trainer |   epoch 11 step 60/140 loss=0.6838
02:22:21 | INFO    | holoqpi.engine.trainer |   epoch 11 step 80/140 loss=0.6774
02:22:23 | INFO    | holoqpi.engine.trainer |   epoch 11 step 100/140 loss=0.7129
02:22:25 | INFO    | holoqpi.engine.trainer |   epoch 11 step 120/140 loss=0.7504
02:23:10 | INFO    | holoqpi.engine.trainer | epoch 11/60 (57s = 13s train + 43s val) | train_loss=0.7294  val_phase_mae=0.1884  val_dice=0.8020  val_cls_acc=0.2756  val_mass_mape=0.2412
02:23:10 | INFO    | holoqpi.engine.trainer |   epoch 12 step 0/140 loss=0.8377
02:23:12 | INFO    | holoqpi.engine.trainer |   epoch 12 step 20/140 loss=0.8834
02:23:14 | INFO    | holoqpi.engine.trainer |   epoch 12 step 40/140 loss=0.7083
02:23:16 | INFO    | holoqpi.engine.trainer |   epoch 12 step 60/140 loss=0.7618
02:23:18 | INFO    | holoqpi.engine.trainer |   epoch 12 step 80/140 loss=0.6404
02:23:20 | INFO    | holoqpi.engine.trainer |   epoch 12 step 100/140 loss=0.6190
02:23:22 | INFO    | holoqpi.engine.trainer |   epoch 12 step 120/140 loss=0.5893
02:24:07 | INFO    | holoqpi.engine.trainer |   new best composite=0.7939
02:24:07 | INFO    | holoqpi.engine.trainer | epoch 12/60 (57s = 14s train + 43s val) | train_loss=0.7177  val_phase_mae=0.1758  val_dice=0.8092  val_cls_acc=0.3071  val_mass_mape=0.2107
02:24:07 | INFO    | holoqpi.engine.trainer |   epoch 13 step 0/140 loss=0.6249
02:24:09 | INFO    | holoqpi.engine.trainer |   epoch 13 step 20/140 loss=0.8539
02:24:11 | INFO    | holoqpi.engine.trainer |   epoch 13 step 40/140 loss=0.8011
02:24:13 | INFO    | holoqpi.engine.trainer |   epoch 13 step 60/140 loss=0.7472
02:24:15 | INFO    | holoqpi.engine.trainer |   epoch 13 step 80/140 loss=0.6857
02:24:17 | INFO    | holoqpi.engine.trainer |   epoch 13 step 100/140 loss=0.6782
02:24:19 | INFO    | holoqpi.engine.trainer |   epoch 13 step 120/140 loss=0.6822
02:25:03 | INFO    | holoqpi.engine.trainer | epoch 13/60 (56s = 14s train + 43s val) | train_loss=0.7144  val_phase_mae=0.1786  val_dice=0.8032  val_cls_acc=0.5039  val_mass_mape=0.2368
02:25:04 | INFO    | holoqpi.engine.trainer |   epoch 14 step 0/140 loss=0.7294
02:25:06 | INFO    | holoqpi.engine.trainer |   epoch 14 step 20/140 loss=0.6372
02:25:08 | INFO    | holoqpi.engine.trainer |   epoch 14 step 40/140 loss=0.5943
02:25:10 | INFO    | holoqpi.engine.trainer |   epoch 14 step 60/140 loss=0.6172
02:25:12 | INFO    | holoqpi.engine.trainer |   epoch 14 step 80/140 loss=0.8687
02:25:14 | INFO    | holoqpi.engine.trainer |   epoch 14 step 100/140 loss=0.6367
02:25:16 | INFO    | holoqpi.engine.trainer |   epoch 14 step 120/140 loss=0.5691
02:26:01 | INFO    | holoqpi.engine.trainer | epoch 14/60 (57s = 14s train + 43s val) | train_loss=0.6981  val_phase_mae=0.1795  val_dice=0.8045  val_cls_acc=0.4252  val_mass_mape=0.2192
02:26:01 | INFO    | holoqpi.engine.trainer |   epoch 15 step 0/140 loss=0.7356
02:26:03 | INFO    | holoqpi.engine.trainer |   epoch 15 step 20/140 loss=0.6167
02:26:05 | INFO    | holoqpi.engine.trainer |   epoch 15 step 40/140 loss=0.6854
02:26:07 | INFO    | holoqpi.engine.trainer |   epoch 15 step 60/140 loss=0.6530
02:26:09 | INFO    | holoqpi.engine.trainer |   epoch 15 step 80/140 loss=0.7331
02:26:11 | INFO    | holoqpi.engine.trainer |   epoch 15 step 100/140 loss=0.5932
02:26:13 | INFO    | holoqpi.engine.trainer |   epoch 15 step 120/140 loss=0.7814
02:26:58 | INFO    | holoqpi.engine.trainer | epoch 15/60 (57s = 14s train + 43s val) | train_loss=0.6963  val_phase_mae=0.1790  val_dice=0.8000  val_cls_acc=0.5433  val_mass_mape=0.2171
02:26:58 | INFO    | holoqpi.engine.trainer |   epoch 16 step 0/140 loss=0.5830
02:27:00 | INFO    | holoqpi.engine.trainer |   epoch 16 step 20/140 loss=0.6959
02:27:02 | INFO    | holoqpi.engine.trainer |   epoch 16 step 40/140 loss=0.7479
02:27:04 | INFO    | holoqpi.engine.trainer |   epoch 16 step 60/140 loss=0.7383
02:27:06 | INFO    | holoqpi.engine.trainer |   epoch 16 step 80/140 loss=0.7379
02:27:08 | INFO    | holoqpi.engine.trainer |   epoch 16 step 100/140 loss=0.6315
02:27:10 | INFO    | holoqpi.engine.trainer |   epoch 16 step 120/140 loss=0.6398
02:27:55 | INFO    | holoqpi.engine.trainer |   new best composite=0.7955
02:27:55 | INFO    | holoqpi.engine.trainer | epoch 16/60 (58s = 14s train + 44s val) | train_loss=0.6830  val_phase_mae=0.1808  val_dice=0.8059  val_cls_acc=0.4016  val_mass_mape=0.2022
02:27:56 | INFO    | holoqpi.engine.trainer |   epoch 17 step 0/140 loss=0.9314
02:27:58 | INFO    | holoqpi.engine.trainer |   epoch 17 step 20/140 loss=0.8727
02:28:00 | INFO    | holoqpi.engine.trainer |   epoch 17 step 40/140 loss=0.6057
02:28:02 | INFO    | holoqpi.engine.trainer |   epoch 17 step 60/140 loss=0.6615
02:28:04 | INFO    | holoqpi.engine.trainer |   epoch 17 step 80/140 loss=0.7362
02:28:06 | INFO    | holoqpi.engine.trainer |   epoch 17 step 100/140 loss=0.5768
02:28:08 | INFO    | holoqpi.engine.trainer |   epoch 17 step 120/140 loss=0.4887
02:28:54 | INFO    | holoqpi.engine.trainer |   new best composite=0.8012
02:28:54 | INFO    | holoqpi.engine.trainer | epoch 17/60 (58s = 14s train + 44s val) | train_loss=0.6680  val_phase_mae=0.1772  val_dice=0.8130  val_cls_acc=0.4567  val_mass_mape=0.1971
02:28:54 | INFO    | holoqpi.engine.trainer |   epoch 18 step 0/140 loss=0.5949
02:28:56 | INFO    | holoqpi.engine.trainer |   epoch 18 step 20/140 loss=0.5631
02:28:58 | INFO    | holoqpi.engine.trainer |   epoch 18 step 40/140 loss=0.6928
02:29:00 | INFO    | holoqpi.engine.trainer |   epoch 18 step 60/140 loss=0.7709
02:29:02 | INFO    | holoqpi.engine.trainer |   epoch 18 step 80/140 loss=0.7673
02:29:04 | INFO    | holoqpi.engine.trainer |   epoch 18 step 100/140 loss=0.5478
02:29:06 | INFO    | holoqpi.engine.trainer |   epoch 18 step 120/140 loss=0.6188
02:29:51 | INFO    | holoqpi.engine.trainer | epoch 18/60 (57s = 14s train + 43s val) | train_loss=0.6651  val_phase_mae=0.1834  val_dice=0.8005  val_cls_acc=0.4567  val_mass_mape=0.2254
02:29:51 | INFO    | holoqpi.engine.trainer |   epoch 19 step 0/140 loss=0.6090
02:29:53 | INFO    | holoqpi.engine.trainer |   epoch 19 step 20/140 loss=0.5838
02:29:55 | INFO    | holoqpi.engine.trainer |   epoch 19 step 40/140 loss=0.7375
02:29:57 | INFO    | holoqpi.engine.trainer |   epoch 19 step 60/140 loss=0.7718
02:29:59 | INFO    | holoqpi.engine.trainer |   epoch 19 step 80/140 loss=0.7697
02:30:01 | INFO    | holoqpi.engine.trainer |   epoch 19 step 100/140 loss=0.6852
02:30:03 | INFO    | holoqpi.engine.trainer |   epoch 19 step 120/140 loss=0.7109
02:30:49 | INFO    | holoqpi.engine.trainer | epoch 19/60 (58s = 14s train + 44s val) | train_loss=0.6786  val_phase_mae=0.1772  val_dice=0.8026  val_cls_acc=0.4252  val_mass_mape=0.2264
02:30:50 | INFO    | holoqpi.engine.trainer |   epoch 20 step 0/140 loss=0.6674
02:30:52 | INFO    | holoqpi.engine.trainer |   epoch 20 step 20/140 loss=0.7817
02:30:53 | INFO    | holoqpi.engine.trainer |   epoch 20 step 40/140 loss=0.6594
02:30:55 | INFO    | holoqpi.engine.trainer |   epoch 20 step 60/140 loss=0.7809
02:30:57 | INFO    | holoqpi.engine.trainer |   epoch 20 step 80/140 loss=0.5565
02:30:59 | INFO    | holoqpi.engine.trainer |   epoch 20 step 100/140 loss=0.6231
02:31:01 | INFO    | holoqpi.engine.trainer |   epoch 20 step 120/140 loss=0.7441
02:31:46 | INFO    | holoqpi.engine.trainer | epoch 20/60 (57s = 14s train + 43s val) | train_loss=0.6455  val_phase_mae=0.1705  val_dice=0.8004  val_cls_acc=0.5512  val_mass_mape=0.2033
02:31:47 | INFO    | holoqpi.engine.trainer |   epoch 21 step 0/140 loss=0.6804
02:31:49 | INFO    | holoqpi.engine.trainer |   epoch 21 step 20/140 loss=0.6610
02:31:50 | INFO    | holoqpi.engine.trainer |   epoch 21 step 40/140 loss=1.1581
02:31:52 | INFO    | holoqpi.engine.trainer |   epoch 21 step 60/140 loss=0.6542
02:31:54 | INFO    | holoqpi.engine.trainer |   epoch 21 step 80/140 loss=0.7456
02:31:56 | INFO    | holoqpi.engine.trainer |   epoch 21 step 100/140 loss=0.6213
02:31:58 | INFO    | holoqpi.engine.trainer |   epoch 21 step 120/140 loss=0.6457
02:32:44 | INFO    | holoqpi.engine.trainer | epoch 21/60 (58s = 14s train + 44s val) | train_loss=0.6508  val_phase_mae=0.1703  val_dice=0.8128  val_cls_acc=0.5984  val_mass_mape=0.2141
02:32:45 | INFO    | holoqpi.engine.trainer |   epoch 22 step 0/140 loss=0.6113
02:32:46 | INFO    | holoqpi.engine.trainer |   epoch 22 step 20/140 loss=0.7493
02:32:48 | INFO    | holoqpi.engine.trainer |   epoch 22 step 40/140 loss=0.6734
02:32:50 | INFO    | holoqpi.engine.trainer |   epoch 22 step 60/140 loss=0.7383
02:32:52 | INFO    | holoqpi.engine.trainer |   epoch 22 step 80/140 loss=0.5720
02:32:54 | INFO    | holoqpi.engine.trainer |   epoch 22 step 100/140 loss=0.6082
02:32:56 | INFO    | holoqpi.engine.trainer |   epoch 22 step 120/140 loss=0.5852
02:33:41 | INFO    | holoqpi.engine.trainer | epoch 22/60 (57s = 14s train + 44s val) | train_loss=0.6495  val_phase_mae=0.1778  val_dice=0.8107  val_cls_acc=0.2992  val_mass_mape=0.2375
02:33:42 | INFO    | holoqpi.engine.trainer |   epoch 23 step 0/140 loss=0.5198
02:33:44 | INFO    | holoqpi.engine.trainer |   epoch 23 step 20/140 loss=0.5983
02:33:46 | INFO    | holoqpi.engine.trainer |   epoch 23 step 40/140 loss=0.6664
02:33:48 | INFO    | holoqpi.engine.trainer |   epoch 23 step 60/140 loss=0.6443
02:33:50 | INFO    | holoqpi.engine.trainer |   epoch 23 step 80/140 loss=0.5934
02:33:52 | INFO    | holoqpi.engine.trainer |   epoch 23 step 100/140 loss=0.7394
02:33:54 | INFO    | holoqpi.engine.trainer |   epoch 23 step 120/140 loss=0.6637
02:34:39 | INFO    | holoqpi.engine.trainer | epoch 23/60 (58s = 14s train + 44s val) | train_loss=0.6348  val_phase_mae=0.1682  val_dice=0.8161  val_cls_acc=0.5669  val_mass_mape=0.2106
02:34:40 | INFO    | holoqpi.engine.trainer |   epoch 24 step 0/140 loss=0.5702
02:34:42 | INFO    | holoqpi.engine.trainer |   epoch 24 step 20/140 loss=0.6582
02:34:43 | INFO    | holoqpi.engine.trainer |   epoch 24 step 40/140 loss=0.6053
02:34:45 | INFO    | holoqpi.engine.trainer |   epoch 24 step 60/140 loss=0.6377
02:34:47 | INFO    | holoqpi.engine.trainer |   epoch 24 step 80/140 loss=0.5857
02:34:49 | INFO    | holoqpi.engine.trainer |   epoch 24 step 100/140 loss=1.0187
02:34:51 | INFO    | holoqpi.engine.trainer |   epoch 24 step 120/140 loss=0.9157
02:35:37 | INFO    | holoqpi.engine.trainer | epoch 24/60 (57s = 14s train + 44s val) | train_loss=0.6421  val_phase_mae=0.1715  val_dice=0.8138  val_cls_acc=0.5197  val_mass_mape=0.2168
02:35:37 | INFO    | holoqpi.engine.trainer |   epoch 25 step 0/140 loss=0.6953
02:35:39 | INFO    | holoqpi.engine.trainer |   epoch 25 step 20/140 loss=0.6406
02:35:41 | INFO    | holoqpi.engine.trainer |   epoch 25 step 40/140 loss=0.5674
02:35:43 | INFO    | holoqpi.engine.trainer |   epoch 25 step 60/140 loss=0.5429
02:35:45 | INFO    | holoqpi.engine.trainer |   epoch 25 step 80/140 loss=0.6752
02:35:47 | INFO    | holoqpi.engine.trainer |   epoch 25 step 100/140 loss=0.7048
02:35:49 | INFO    | holoqpi.engine.trainer |   epoch 25 step 120/140 loss=0.6653
02:36:34 | INFO    | holoqpi.engine.trainer | epoch 25/60 (57s = 14s train + 43s val) | train_loss=0.6333  val_phase_mae=0.1780  val_dice=0.8163  val_cls_acc=0.4646  val_mass_mape=0.2167
02:36:35 | INFO    | holoqpi.engine.trainer |   epoch 26 step 0/140 loss=0.5949
02:36:37 | INFO    | holoqpi.engine.trainer |   epoch 26 step 20/140 loss=0.7040
02:36:38 | INFO    | holoqpi.engine.trainer |   epoch 26 step 40/140 loss=0.6143
02:36:40 | INFO    | holoqpi.engine.trainer |   epoch 26 step 60/140 loss=0.8790
02:36:42 | INFO    | holoqpi.engine.trainer |   epoch 26 step 80/140 loss=0.4943
02:36:44 | INFO    | holoqpi.engine.trainer |   epoch 26 step 100/140 loss=0.6930
02:36:46 | INFO    | holoqpi.engine.trainer |   epoch 26 step 120/140 loss=0.4707
02:37:31 | INFO    | holoqpi.engine.trainer | epoch 26/60 (57s = 14s train + 44s val) | train_loss=0.6198  val_phase_mae=0.1693  val_dice=0.8178  val_cls_acc=0.4567  val_mass_mape=0.2140
02:37:32 | INFO    | holoqpi.engine.trainer |   epoch 27 step 0/140 loss=0.7834
02:37:34 | INFO    | holoqpi.engine.trainer |   epoch 27 step 20/140 loss=0.5631
02:37:35 | INFO    | holoqpi.engine.trainer |   epoch 27 step 40/140 loss=0.8434
02:37:37 | INFO    | holoqpi.engine.trainer |   epoch 27 step 60/140 loss=0.5969
02:37:39 | INFO    | holoqpi.engine.trainer |   epoch 27 step 80/140 loss=0.6676
02:37:41 | INFO    | holoqpi.engine.trainer |   epoch 27 step 100/140 loss=0.7439
02:37:43 | INFO    | holoqpi.engine.trainer |   epoch 27 step 120/140 loss=0.5277
02:38:28 | INFO    | holoqpi.engine.trainer | epoch 27/60 (57s = 13s train + 43s val) | train_loss=0.6290  val_phase_mae=0.1719  val_dice=0.8162  val_cls_acc=0.5984  val_mass_mape=0.2161
02:38:28 | INFO    | holoqpi.engine.trainer |   epoch 28 step 0/140 loss=0.5744
02:38:30 | INFO    | holoqpi.engine.trainer |   epoch 28 step 20/140 loss=0.5019
02:38:32 | INFO    | holoqpi.engine.trainer |   epoch 28 step 40/140 loss=0.6650
02:38:34 | INFO    | holoqpi.engine.trainer |   epoch 28 step 60/140 loss=0.6259
02:38:36 | INFO    | holoqpi.engine.trainer |   epoch 28 step 80/140 loss=0.5952
02:38:38 | INFO    | holoqpi.engine.trainer |   epoch 28 step 100/140 loss=0.8426
02:38:39 | INFO    | holoqpi.engine.trainer |   epoch 28 step 120/140 loss=0.5294
02:39:24 | INFO    | holoqpi.engine.trainer | epoch 28/60 (56s = 13s train + 43s val) | train_loss=0.6078  val_phase_mae=0.1702  val_dice=0.8134  val_cls_acc=0.5906  val_mass_mape=0.2047
02:39:25 | INFO    | holoqpi.engine.trainer |   epoch 29 step 0/140 loss=0.6328
02:39:27 | INFO    | holoqpi.engine.trainer |   epoch 29 step 20/140 loss=0.4573
02:39:28 | INFO    | holoqpi.engine.trainer |   epoch 29 step 40/140 loss=0.4705
02:39:30 | INFO    | holoqpi.engine.trainer |   epoch 29 step 60/140 loss=0.5723
02:39:32 | INFO    | holoqpi.engine.trainer |   epoch 29 step 80/140 loss=0.5515
02:39:34 | INFO    | holoqpi.engine.trainer |   epoch 29 step 100/140 loss=0.5564
02:39:36 | INFO    | holoqpi.engine.trainer |   epoch 29 step 120/140 loss=0.6171
02:40:21 | INFO    | holoqpi.engine.trainer | epoch 29/60 (56s = 13s train + 43s val) | train_loss=0.5995  val_phase_mae=0.1784  val_dice=0.8185  val_cls_acc=0.5433  val_mass_mape=0.2327
02:40:21 | INFO    | holoqpi.engine.trainer |   epoch 30 step 0/140 loss=0.5759
02:40:23 | INFO    | holoqpi.engine.trainer |   epoch 30 step 20/140 loss=0.6030
02:40:25 | INFO    | holoqpi.engine.trainer |   epoch 30 step 40/140 loss=0.7468
02:40:27 | INFO    | holoqpi.engine.trainer |   epoch 30 step 60/140 loss=0.8565
02:40:29 | INFO    | holoqpi.engine.trainer |   epoch 30 step 80/140 loss=0.5839
02:40:30 | INFO    | holoqpi.engine.trainer |   epoch 30 step 100/140 loss=0.7064
02:40:32 | INFO    | holoqpi.engine.trainer |   epoch 30 step 120/140 loss=0.5138
02:41:18 | INFO    | holoqpi.engine.trainer |   new best composite=0.8026
02:41:18 | INFO    | holoqpi.engine.trainer | epoch 30/60 (57s = 13s train + 44s val) | train_loss=0.6113  val_phase_mae=0.1755  val_dice=0.8213  val_cls_acc=0.5906  val_mass_mape=0.2168
02:41:19 | INFO    | holoqpi.engine.trainer |   epoch 31 step 0/140 loss=0.6287
02:41:20 | INFO    | holoqpi.engine.trainer |   epoch 31 step 20/140 loss=0.6304
02:41:23 | INFO    | holoqpi.engine.trainer |   epoch 31 step 40/140 loss=0.7760
02:41:25 | INFO    | holoqpi.engine.trainer |   epoch 31 step 60/140 loss=0.5011
02:41:27 | INFO    | holoqpi.engine.trainer |   epoch 31 step 80/140 loss=0.7832
02:41:28 | INFO    | holoqpi.engine.trainer |   epoch 31 step 100/140 loss=0.7595
02:41:30 | INFO    | holoqpi.engine.trainer |   epoch 31 step 120/140 loss=0.5429
02:42:16 | INFO    | holoqpi.engine.trainer |   new best composite=0.8064
02:42:16 | INFO    | holoqpi.engine.trainer | epoch 31/60 (57s = 14s train + 43s val) | train_loss=0.6075  val_phase_mae=0.1721  val_dice=0.8174  val_cls_acc=0.5669  val_mass_mape=0.1942
02:42:16 | INFO    | holoqpi.engine.trainer |   epoch 32 step 0/140 loss=0.5323
02:42:18 | INFO    | holoqpi.engine.trainer |   epoch 32 step 20/140 loss=0.6072
02:42:20 | INFO    | holoqpi.engine.trainer |   epoch 32 step 40/140 loss=0.7347
02:42:22 | INFO    | holoqpi.engine.trainer |   epoch 32 step 60/140 loss=0.7383
02:42:24 | INFO    | holoqpi.engine.trainer |   epoch 32 step 80/140 loss=0.5274
02:42:26 | INFO    | holoqpi.engine.trainer |   epoch 32 step 100/140 loss=0.5201
02:42:28 | INFO    | holoqpi.engine.trainer |   epoch 32 step 120/140 loss=0.6885
02:43:13 | INFO    | holoqpi.engine.trainer | epoch 32/60 (57s = 14s train + 43s val) | train_loss=0.5921  val_phase_mae=0.1742  val_dice=0.8199  val_cls_acc=0.5827  val_mass_mape=0.2164
02:43:13 | INFO    | holoqpi.engine.trainer |   epoch 33 step 0/140 loss=0.5469
02:43:15 | INFO    | holoqpi.engine.trainer |   epoch 33 step 20/140 loss=0.4915
02:43:17 | INFO    | holoqpi.engine.trainer |   epoch 33 step 40/140 loss=0.6089
02:43:19 | INFO    | holoqpi.engine.trainer |   epoch 33 step 60/140 loss=0.6624
02:43:21 | INFO    | holoqpi.engine.trainer |   epoch 33 step 80/140 loss=0.7021
02:43:23 | INFO    | holoqpi.engine.trainer |   epoch 33 step 100/140 loss=0.5491
02:43:25 | INFO    | holoqpi.engine.trainer |   epoch 33 step 120/140 loss=0.5136
02:44:10 | INFO    | holoqpi.engine.trainer | epoch 33/60 (57s = 14s train + 44s val) | train_loss=0.5843  val_phase_mae=0.1686  val_dice=0.8212  val_cls_acc=0.6614  val_mass_mape=0.2070
02:44:11 | INFO    | holoqpi.engine.trainer |   epoch 34 step 0/140 loss=0.5482
02:44:13 | INFO    | holoqpi.engine.trainer |   epoch 34 step 20/140 loss=0.5861
02:44:14 | INFO    | holoqpi.engine.trainer |   epoch 34 step 40/140 loss=0.4702
02:44:16 | INFO    | holoqpi.engine.trainer |   epoch 34 step 60/140 loss=0.5249
02:44:18 | INFO    | holoqpi.engine.trainer |   epoch 34 step 80/140 loss=0.6450
02:44:20 | INFO    | holoqpi.engine.trainer |   epoch 34 step 100/140 loss=0.4918
02:44:22 | INFO    | holoqpi.engine.trainer |   epoch 34 step 120/140 loss=0.5637
02:45:08 | INFO    | holoqpi.engine.trainer | epoch 34/60 (58s = 14s train + 44s val) | train_loss=0.5730  val_phase_mae=0.1699  val_dice=0.8201  val_cls_acc=0.6299  val_mass_mape=0.2021
02:45:08 | INFO    | holoqpi.engine.trainer |   epoch 35 step 0/140 loss=0.4123
02:45:10 | INFO    | holoqpi.engine.trainer |   epoch 35 step 20/140 loss=0.5612
02:45:12 | INFO    | holoqpi.engine.trainer |   epoch 35 step 40/140 loss=0.9466
02:45:14 | INFO    | holoqpi.engine.trainer |   epoch 35 step 60/140 loss=0.8932
02:45:16 | INFO    | holoqpi.engine.trainer |   epoch 35 step 80/140 loss=0.5717
02:45:18 | INFO    | holoqpi.engine.trainer |   epoch 35 step 100/140 loss=0.5453
02:45:20 | INFO    | holoqpi.engine.trainer |   epoch 35 step 120/140 loss=0.6427
02:46:06 | INFO    | holoqpi.engine.trainer |   new best composite=0.8096
02:46:06 | INFO    | holoqpi.engine.trainer | epoch 35/60 (57s = 14s train + 44s val) | train_loss=0.5755  val_phase_mae=0.1692  val_dice=0.8222  val_cls_acc=0.4409  val_mass_mape=0.1893
02:46:06 | INFO    | holoqpi.engine.trainer |   epoch 36 step 0/140 loss=0.5416
02:46:08 | INFO    | holoqpi.engine.trainer |   epoch 36 step 20/140 loss=0.7734
02:46:10 | INFO    | holoqpi.engine.trainer |   epoch 36 step 40/140 loss=0.4760
02:46:12 | INFO    | holoqpi.engine.trainer |   epoch 36 step 60/140 loss=0.6014
02:46:14 | INFO    | holoqpi.engine.trainer |   epoch 36 step 80/140 loss=0.4047
02:46:16 | INFO    | holoqpi.engine.trainer |   epoch 36 step 100/140 loss=0.4238
02:46:17 | INFO    | holoqpi.engine.trainer |   epoch 36 step 120/140 loss=0.7477
02:47:03 | INFO    | holoqpi.engine.trainer | epoch 36/60 (57s = 14s train + 43s val) | train_loss=0.5786  val_phase_mae=0.1726  val_dice=0.8192  val_cls_acc=0.5591  val_mass_mape=0.1969
02:47:03 | INFO    | holoqpi.engine.trainer |   epoch 37 step 0/140 loss=0.5964
02:47:05 | INFO    | holoqpi.engine.trainer |   epoch 37 step 20/140 loss=0.6062
02:47:07 | INFO    | holoqpi.engine.trainer |   epoch 37 step 40/140 loss=0.5288
02:47:09 | INFO    | holoqpi.engine.trainer |   epoch 37 step 60/140 loss=0.7071
02:47:11 | INFO    | holoqpi.engine.trainer |   epoch 37 step 80/140 loss=0.6778
02:47:13 | INFO    | holoqpi.engine.trainer |   epoch 37 step 100/140 loss=0.5436
02:47:15 | INFO    | holoqpi.engine.trainer |   epoch 37 step 120/140 loss=0.5464
02:48:00 | INFO    | holoqpi.engine.trainer | epoch 37/60 (58s = 14s train + 44s val) | train_loss=0.5728  val_phase_mae=0.1700  val_dice=0.8196  val_cls_acc=0.6614  val_mass_mape=0.1971
02:48:01 | INFO    | holoqpi.engine.trainer |   epoch 38 step 0/140 loss=0.5738
02:48:03 | INFO    | holoqpi.engine.trainer |   epoch 38 step 20/140 loss=0.6222
02:48:05 | INFO    | holoqpi.engine.trainer |   epoch 38 step 40/140 loss=0.5088
02:48:06 | INFO    | holoqpi.engine.trainer |   epoch 38 step 60/140 loss=0.4950
02:48:08 | INFO    | holoqpi.engine.trainer |   epoch 38 step 80/140 loss=0.4648
02:48:10 | INFO    | holoqpi.engine.trainer |   epoch 38 step 100/140 loss=0.6636
02:48:12 | INFO    | holoqpi.engine.trainer |   epoch 38 step 120/140 loss=0.4840
02:48:58 | INFO    | holoqpi.engine.trainer | epoch 38/60 (58s = 14s train + 44s val) | train_loss=0.5694  val_phase_mae=0.1727  val_dice=0.8154  val_cls_acc=0.6772  val_mass_mape=0.2039
02:48:59 | INFO    | holoqpi.engine.trainer |   epoch 39 step 0/140 loss=0.6214
02:49:01 | INFO    | holoqpi.engine.trainer |   epoch 39 step 20/140 loss=0.5052
02:49:02 | INFO    | holoqpi.engine.trainer |   epoch 39 step 40/140 loss=0.5027
02:49:04 | INFO    | holoqpi.engine.trainer |   epoch 39 step 60/140 loss=0.5664
02:49:06 | INFO    | holoqpi.engine.trainer |   epoch 39 step 80/140 loss=0.4814
02:49:08 | INFO    | holoqpi.engine.trainer |   epoch 39 step 100/140 loss=0.7299
02:49:10 | INFO    | holoqpi.engine.trainer |   epoch 39 step 120/140 loss=0.5226
02:49:56 | INFO    | holoqpi.engine.trainer | epoch 39/60 (58s = 14s train + 44s val) | train_loss=0.5624  val_phase_mae=0.1688  val_dice=0.8196  val_cls_acc=0.6614  val_mass_mape=0.1971
02:49:57 | INFO    | holoqpi.engine.trainer |   epoch 40 step 0/140 loss=0.6418
02:49:58 | INFO    | holoqpi.engine.trainer |   epoch 40 step 20/140 loss=0.4600
02:50:00 | INFO    | holoqpi.engine.trainer |   epoch 40 step 40/140 loss=0.4914
02:50:02 | INFO    | holoqpi.engine.trainer |   epoch 40 step 60/140 loss=0.5221
02:50:04 | INFO    | holoqpi.engine.trainer |   epoch 40 step 80/140 loss=0.5162
02:50:06 | INFO    | holoqpi.engine.trainer |   epoch 40 step 100/140 loss=0.6556
02:50:08 | INFO    | holoqpi.engine.trainer |   epoch 40 step 120/140 loss=0.4587
02:50:54 | INFO    | holoqpi.engine.trainer | epoch 40/60 (58s = 14s train + 44s val) | train_loss=0.5575  val_phase_mae=0.1685  val_dice=0.8200  val_cls_acc=0.6457  val_mass_mape=0.1999
02:50:54 | INFO    | holoqpi.engine.trainer |   epoch 41 step 0/140 loss=0.6045
02:50:56 | INFO    | holoqpi.engine.trainer |   epoch 41 step 20/140 loss=0.4154
02:50:58 | INFO    | holoqpi.engine.trainer |   epoch 41 step 40/140 loss=0.5150
02:51:00 | INFO    | holoqpi.engine.trainer |   epoch 41 step 60/140 loss=0.6531
02:51:02 | INFO    | holoqpi.engine.trainer |   epoch 41 step 80/140 loss=0.5057
02:51:04 | INFO    | holoqpi.engine.trainer |   epoch 41 step 100/140 loss=0.5228
02:51:06 | INFO    | holoqpi.engine.trainer |   epoch 41 step 120/140 loss=0.4944
02:51:51 | INFO    | holoqpi.engine.trainer |   new best composite=0.8104
02:51:51 | INFO    | holoqpi.engine.trainer | epoch 41/60 (58s = 14s train + 43s val) | train_loss=0.5562  val_phase_mae=0.1698  val_dice=0.8228  val_cls_acc=0.6929  val_mass_mape=0.1860
02:51:52 | INFO    | holoqpi.engine.trainer |   epoch 42 step 0/140 loss=0.4938
02:51:54 | INFO    | holoqpi.engine.trainer |   epoch 42 step 20/140 loss=0.5601
02:51:56 | INFO    | holoqpi.engine.trainer |   epoch 42 step 40/140 loss=0.5794
02:51:57 | INFO    | holoqpi.engine.trainer |   epoch 42 step 60/140 loss=0.6144
02:51:59 | INFO    | holoqpi.engine.trainer |   epoch 42 step 80/140 loss=0.6033
02:52:01 | INFO    | holoqpi.engine.trainer |   epoch 42 step 100/140 loss=0.5941
02:52:03 | INFO    | holoqpi.engine.trainer |   epoch 42 step 120/140 loss=0.6518
02:52:49 | INFO    | holoqpi.engine.trainer | epoch 42/60 (58s = 14s train + 44s val) | train_loss=0.5382  val_phase_mae=0.1679  val_dice=0.8222  val_cls_acc=0.5984  val_mass_mape=0.1989
02:52:50 | INFO    | holoqpi.engine.trainer |   epoch 43 step 0/140 loss=0.6429
02:52:51 | INFO    | holoqpi.engine.trainer |   epoch 43 step 20/140 loss=0.6379
02:52:53 | INFO    | holoqpi.engine.trainer |   epoch 43 step 40/140 loss=0.5543
02:52:55 | INFO    | holoqpi.engine.trainer |   epoch 43 step 60/140 loss=0.5203
02:52:57 | INFO    | holoqpi.engine.trainer |   epoch 43 step 80/140 loss=0.5831
02:52:59 | INFO    | holoqpi.engine.trainer |   epoch 43 step 100/140 loss=0.4966
02:53:01 | INFO    | holoqpi.engine.trainer |   epoch 43 step 120/140 loss=0.4286
02:53:47 | INFO    | holoqpi.engine.trainer | epoch 43/60 (58s = 14s train + 44s val) | train_loss=0.5457  val_phase_mae=0.1690  val_dice=0.8228  val_cls_acc=0.7402  val_mass_mape=0.1902
02:53:47 | INFO    | holoqpi.engine.trainer |   epoch 44 step 0/140 loss=0.5320
02:53:49 | INFO    | holoqpi.engine.trainer |   epoch 44 step 20/140 loss=0.4913
02:53:51 | INFO    | holoqpi.engine.trainer |   epoch 44 step 40/140 loss=0.6230
02:53:53 | INFO    | holoqpi.engine.trainer |   epoch 44 step 60/140 loss=0.4266
02:53:55 | INFO    | holoqpi.engine.trainer |   epoch 44 step 80/140 loss=0.4912
02:53:57 | INFO    | holoqpi.engine.trainer |   epoch 44 step 100/140 loss=0.6278
02:53:59 | INFO    | holoqpi.engine.trainer |   epoch 44 step 120/140 loss=0.5689
02:54:45 | INFO    | holoqpi.engine.trainer | epoch 44/60 (58s = 14s train + 44s val) | train_loss=0.5364  val_phase_mae=0.1683  val_dice=0.8236  val_cls_acc=0.7795  val_mass_mape=0.1963
02:54:45 | INFO    | holoqpi.engine.trainer |   epoch 45 step 0/140 loss=0.4873
02:54:47 | INFO    | holoqpi.engine.trainer |   epoch 45 step 20/140 loss=0.4115
02:54:49 | INFO    | holoqpi.engine.trainer |   epoch 45 step 40/140 loss=0.6860
02:54:51 | INFO    | holoqpi.engine.trainer |   epoch 45 step 60/140 loss=0.4914
02:54:53 | INFO    | holoqpi.engine.trainer |   epoch 45 step 80/140 loss=0.5833
02:54:55 | INFO    | holoqpi.engine.trainer |   epoch 45 step 100/140 loss=0.5844
02:54:57 | INFO    | holoqpi.engine.trainer |   epoch 45 step 120/140 loss=0.5340
02:55:43 | INFO    | holoqpi.engine.trainer | epoch 45/60 (58s = 14s train + 44s val) | train_loss=0.5377  val_phase_mae=0.1690  val_dice=0.8219  val_cls_acc=0.5827  val_mass_mape=0.1998
02:55:43 | INFO    | holoqpi.engine.trainer |   epoch 46 step 0/140 loss=0.4451
02:55:45 | INFO    | holoqpi.engine.trainer |   epoch 46 step 20/140 loss=0.4039
02:55:47 | INFO    | holoqpi.engine.trainer |   epoch 46 step 40/140 loss=0.5612
02:55:49 | INFO    | holoqpi.engine.trainer |   epoch 46 step 60/140 loss=0.4122
02:55:51 | INFO    | holoqpi.engine.trainer |   epoch 46 step 80/140 loss=0.4806
02:55:52 | INFO    | holoqpi.engine.trainer |   epoch 46 step 100/140 loss=0.4291
02:55:54 | INFO    | holoqpi.engine.trainer |   epoch 46 step 120/140 loss=0.6380
02:56:39 | INFO    | holoqpi.engine.trainer | epoch 46/60 (57s = 13s train + 43s val) | train_loss=0.5266  val_phase_mae=0.1728  val_dice=0.8208  val_cls_acc=0.6693  val_mass_mape=0.1926
02:56:40 | INFO    | holoqpi.engine.trainer |   epoch 47 step 0/140 loss=0.4724
02:56:42 | INFO    | holoqpi.engine.trainer |   epoch 47 step 20/140 loss=0.5613
02:56:44 | INFO    | holoqpi.engine.trainer |   epoch 47 step 40/140 loss=0.5399
02:56:46 | INFO    | holoqpi.engine.trainer |   epoch 47 step 60/140 loss=0.6210
02:56:48 | INFO    | holoqpi.engine.trainer |   epoch 47 step 80/140 loss=0.5792
02:56:50 | INFO    | holoqpi.engine.trainer |   epoch 47 step 100/140 loss=0.4872
02:56:52 | INFO    | holoqpi.engine.trainer |   epoch 47 step 120/140 loss=0.4086
02:57:37 | INFO    | holoqpi.engine.trainer | epoch 47/60 (58s = 14s train + 43s val) | train_loss=0.5301  val_phase_mae=0.1721  val_dice=0.8223  val_cls_acc=0.6693  val_mass_mape=0.1940
02:57:38 | INFO    | holoqpi.engine.trainer |   epoch 48 step 0/140 loss=0.4124
02:57:40 | INFO    | holoqpi.engine.trainer |   epoch 48 step 20/140 loss=0.5301
02:57:41 | INFO    | holoqpi.engine.trainer |   epoch 48 step 40/140 loss=0.5602
02:57:43 | INFO    | holoqpi.engine.trainer |   epoch 48 step 60/140 loss=0.5452
02:57:45 | INFO    | holoqpi.engine.trainer |   epoch 48 step 80/140 loss=0.5759
02:57:47 | INFO    | holoqpi.engine.trainer |   epoch 48 step 100/140 loss=0.5536
02:57:49 | INFO    | holoqpi.engine.trainer |   epoch 48 step 120/140 loss=0.5239
02:58:34 | INFO    | holoqpi.engine.trainer | epoch 48/60 (57s = 14s train + 43s val) | train_loss=0.5217  val_phase_mae=0.1685  val_dice=0.8216  val_cls_acc=0.6772  val_mass_mape=0.1945
02:58:35 | INFO    | holoqpi.engine.trainer |   epoch 49 step 0/140 loss=0.4193
02:58:37 | INFO    | holoqpi.engine.trainer |   epoch 49 step 20/140 loss=0.5079
02:58:39 | INFO    | holoqpi.engine.trainer |   epoch 49 step 40/140 loss=0.5393
02:58:41 | INFO    | holoqpi.engine.trainer |   epoch 49 step 60/140 loss=0.3954
02:58:43 | INFO    | holoqpi.engine.trainer |   epoch 49 step 80/140 loss=0.4776
02:58:45 | INFO    | holoqpi.engine.trainer |   epoch 49 step 100/140 loss=0.5647
02:58:47 | INFO    | holoqpi.engine.trainer |   epoch 49 step 120/140 loss=0.5052
02:59:32 | INFO    | holoqpi.engine.trainer | epoch 49/60 (58s = 14s train + 44s val) | train_loss=0.5261  val_phase_mae=0.1718  val_dice=0.8227  val_cls_acc=0.6693  val_mass_mape=0.2052
02:59:33 | INFO    | holoqpi.engine.trainer |   epoch 50 step 0/140 loss=0.4406
02:59:35 | INFO    | holoqpi.engine.trainer |   epoch 50 step 20/140 loss=0.4108
02:59:37 | INFO    | holoqpi.engine.trainer |   epoch 50 step 40/140 loss=0.7013
02:59:39 | INFO    | holoqpi.engine.trainer |   epoch 50 step 60/140 loss=0.3745
02:59:41 | INFO    | holoqpi.engine.trainer |   epoch 50 step 80/140 loss=0.4302
02:59:43 | INFO    | holoqpi.engine.trainer |   epoch 50 step 100/140 loss=0.4682
02:59:45 | INFO    | holoqpi.engine.trainer |   epoch 50 step 120/140 loss=0.5032
03:00:30 | INFO    | holoqpi.engine.trainer | epoch 50/60 (57s = 14s train + 43s val) | train_loss=0.5268  val_phase_mae=0.1703  val_dice=0.8230  val_cls_acc=0.6063  val_mass_mape=0.1964
03:00:31 | INFO    | holoqpi.engine.trainer |   epoch 51 step 0/140 loss=0.4650
03:00:33 | INFO    | holoqpi.engine.trainer |   epoch 51 step 20/140 loss=0.7752
03:00:34 | INFO    | holoqpi.engine.trainer |   epoch 51 step 40/140 loss=0.4800
03:00:36 | INFO    | holoqpi.engine.trainer |   epoch 51 step 60/140 loss=0.4506
03:00:38 | INFO    | holoqpi.engine.trainer |   epoch 51 step 80/140 loss=0.4651
03:00:40 | INFO    | holoqpi.engine.trainer |   epoch 51 step 100/140 loss=0.5852
03:00:42 | INFO    | holoqpi.engine.trainer |   epoch 51 step 120/140 loss=0.4600
03:01:27 | INFO    | holoqpi.engine.trainer | epoch 51/60 (57s = 14s train + 43s val) | train_loss=0.5130  val_phase_mae=0.1690  val_dice=0.8224  val_cls_acc=0.6614  val_mass_mape=0.1942
03:01:28 | INFO    | holoqpi.engine.trainer |   epoch 52 step 0/140 loss=0.8314
03:01:29 | INFO    | holoqpi.engine.trainer |   epoch 52 step 20/140 loss=0.4258
03:01:31 | INFO    | holoqpi.engine.trainer |   epoch 52 step 40/140 loss=0.5092
03:01:33 | INFO    | holoqpi.engine.trainer |   epoch 52 step 60/140 loss=0.5603
03:01:35 | INFO    | holoqpi.engine.trainer |   epoch 52 step 80/140 loss=0.5613
03:01:37 | INFO    | holoqpi.engine.trainer |   epoch 52 step 100/140 loss=0.5099
03:01:39 | INFO    | holoqpi.engine.trainer |   epoch 52 step 120/140 loss=0.5218
03:02:24 | INFO    | holoqpi.engine.trainer |   new best composite=0.8114
03:02:24 | INFO    | holoqpi.engine.trainer | epoch 52/60 (57s = 13s train + 43s val) | train_loss=0.5275  val_phase_mae=0.1703  val_dice=0.8234  val_cls_acc=0.5433  val_mass_mape=0.1866
03:02:24 | INFO    | holoqpi.engine.trainer |   epoch 53 step 0/140 loss=0.5918
03:02:26 | INFO    | holoqpi.engine.trainer |   epoch 53 step 20/140 loss=0.5318
03:02:28 | INFO    | holoqpi.engine.trainer |   epoch 53 step 40/140 loss=0.4709
03:02:30 | INFO    | holoqpi.engine.trainer |   epoch 53 step 60/140 loss=0.4023
03:02:32 | INFO    | holoqpi.engine.trainer |   epoch 53 step 80/140 loss=0.5269
03:02:34 | INFO    | holoqpi.engine.trainer |   epoch 53 step 100/140 loss=0.6040
03:02:35 | INFO    | holoqpi.engine.trainer |   epoch 53 step 120/140 loss=0.4237
03:03:21 | INFO    | holoqpi.engine.trainer | epoch 53/60 (57s = 13s train + 43s val) | train_loss=0.5087  val_phase_mae=0.1702  val_dice=0.8229  val_cls_acc=0.6220  val_mass_mape=0.1868
03:03:21 | INFO    | holoqpi.engine.trainer |   epoch 54 step 0/140 loss=0.5067
03:03:23 | INFO    | holoqpi.engine.trainer |   epoch 54 step 20/140 loss=0.6203
03:03:25 | INFO    | holoqpi.engine.trainer |   epoch 54 step 40/140 loss=0.5141
03:03:27 | INFO    | holoqpi.engine.trainer |   epoch 54 step 60/140 loss=0.5241
03:03:29 | INFO    | holoqpi.engine.trainer |   epoch 54 step 80/140 loss=0.4820
03:03:31 | INFO    | holoqpi.engine.trainer |   epoch 54 step 100/140 loss=0.4435
03:03:33 | INFO    | holoqpi.engine.trainer |   epoch 54 step 120/140 loss=0.4551
03:04:18 | INFO    | holoqpi.engine.trainer | epoch 54/60 (57s = 14s train + 44s val) | train_loss=0.5166  val_phase_mae=0.1703  val_dice=0.8233  val_cls_acc=0.5512  val_mass_mape=0.1863
03:04:19 | INFO    | holoqpi.engine.trainer |   epoch 55 step 0/140 loss=0.4170
03:04:21 | INFO    | holoqpi.engine.trainer |   epoch 55 step 20/140 loss=0.5381
03:04:22 | INFO    | holoqpi.engine.trainer |   epoch 55 step 40/140 loss=0.5832
03:04:24 | INFO    | holoqpi.engine.trainer |   epoch 55 step 60/140 loss=0.4992
03:04:26 | INFO    | holoqpi.engine.trainer |   epoch 55 step 80/140 loss=0.3681
03:04:28 | INFO    | holoqpi.engine.trainer |   epoch 55 step 100/140 loss=0.3914
03:04:30 | INFO    | holoqpi.engine.trainer |   epoch 55 step 120/140 loss=0.4200
03:05:15 | INFO    | holoqpi.engine.trainer | epoch 55/60 (57s = 14s train + 43s val) | train_loss=0.5083  val_phase_mae=0.1688  val_dice=0.8235  val_cls_acc=0.5276  val_mass_mape=0.1919
03:05:16 | INFO    | holoqpi.engine.trainer |   epoch 56 step 0/140 loss=0.4721
03:05:17 | INFO    | holoqpi.engine.trainer |   epoch 56 step 20/140 loss=0.6020
03:05:19 | INFO    | holoqpi.engine.trainer |   epoch 56 step 40/140 loss=0.4576
03:05:21 | INFO    | holoqpi.engine.trainer |   epoch 56 step 60/140 loss=0.5163
03:05:23 | INFO    | holoqpi.engine.trainer |   epoch 56 step 80/140 loss=0.4307
03:05:25 | INFO    | holoqpi.engine.trainer |   epoch 56 step 100/140 loss=0.5595
03:05:27 | INFO    | holoqpi.engine.trainer |   epoch 56 step 120/140 loss=0.4232
03:06:13 | INFO    | holoqpi.engine.trainer | epoch 56/60 (58s = 14s train + 44s val) | train_loss=0.5047  val_phase_mae=0.1702  val_dice=0.8237  val_cls_acc=0.6063  val_mass_mape=0.1958
03:06:14 | INFO    | holoqpi.engine.trainer |   epoch 57 step 0/140 loss=0.5222
03:06:15 | INFO    | holoqpi.engine.trainer |   epoch 57 step 20/140 loss=0.4673
03:06:17 | INFO    | holoqpi.engine.trainer |   epoch 57 step 40/140 loss=0.3712
03:06:19 | INFO    | holoqpi.engine.trainer |   epoch 57 step 60/140 loss=0.5433
03:06:21 | INFO    | holoqpi.engine.trainer |   epoch 57 step 80/140 loss=0.5097
03:06:23 | INFO    | holoqpi.engine.trainer |   epoch 57 step 100/140 loss=0.4603
03:06:24 | INFO    | holoqpi.engine.trainer |   epoch 57 step 120/140 loss=0.4709
03:07:10 | INFO    | holoqpi.engine.trainer | epoch 57/60 (57s = 13s train + 44s val) | train_loss=0.5029  val_phase_mae=0.1707  val_dice=0.8234  val_cls_acc=0.6063  val_mass_mape=0.1907
03:07:10 | INFO    | holoqpi.engine.trainer |   epoch 58 step 0/140 loss=0.6008
03:07:12 | INFO    | holoqpi.engine.trainer |   epoch 58 step 20/140 loss=0.5061
03:07:14 | INFO    | holoqpi.engine.trainer |   epoch 58 step 40/140 loss=0.6140
03:07:16 | INFO    | holoqpi.engine.trainer |   epoch 58 step 60/140 loss=0.5746
03:07:18 | INFO    | holoqpi.engine.trainer |   epoch 58 step 80/140 loss=0.5827
03:07:20 | INFO    | holoqpi.engine.trainer |   epoch 58 step 100/140 loss=0.5130
03:07:22 | INFO    | holoqpi.engine.trainer |   epoch 58 step 120/140 loss=0.4468
03:08:07 | INFO    | holoqpi.engine.trainer | epoch 58/60 (57s = 14s train + 44s val) | train_loss=0.5171  val_phase_mae=0.1696  val_dice=0.8240  val_cls_acc=0.6850  val_mass_mape=0.1924
03:08:08 | INFO    | holoqpi.engine.trainer |   epoch 59 step 0/140 loss=0.4171
03:08:10 | INFO    | holoqpi.engine.trainer |   epoch 59 step 20/140 loss=0.4309
03:08:12 | INFO    | holoqpi.engine.trainer |   epoch 59 step 40/140 loss=0.4854
03:08:14 | INFO    | holoqpi.engine.trainer |   epoch 59 step 60/140 loss=0.6165
03:08:16 | INFO    | holoqpi.engine.trainer |   epoch 59 step 80/140 loss=0.5186
03:08:18 | INFO    | holoqpi.engine.trainer |   epoch 59 step 100/140 loss=0.3741
03:08:20 | INFO    | holoqpi.engine.trainer |   epoch 59 step 120/140 loss=0.4351
03:09:05 | INFO    | holoqpi.engine.trainer | epoch 59/60 (58s = 14s train + 43s val) | train_loss=0.5015  val_phase_mae=0.1697  val_dice=0.8237  val_cls_acc=0.6614  val_mass_mape=0.1940
03:09:06 | INFO    | holoqpi.engine.trainer |   epoch 60 step 0/140 loss=0.4106
03:09:08 | INFO    | holoqpi.engine.trainer |   epoch 60 step 20/140 loss=0.4447
03:09:10 | INFO    | holoqpi.engine.trainer |   epoch 60 step 40/140 loss=0.7715
03:09:12 | INFO    | holoqpi.engine.trainer |   epoch 60 step 60/140 loss=0.4795
03:09:14 | INFO    | holoqpi.engine.trainer |   epoch 60 step 80/140 loss=0.4966
03:09:16 | INFO    | holoqpi.engine.trainer |   epoch 60 step 100/140 loss=0.4624
03:09:18 | INFO    | holoqpi.engine.trainer |   epoch 60 step 120/140 loss=0.5588
03:10:03 | INFO    | holoqpi.engine.trainer | epoch 60/60 (58s = 14s train + 44s val) | train_loss=0.5037  val_phase_mae=0.1703  val_dice=0.8239  val_cls_acc=0.5906  val_mass_mape=0.1900
03:10:04 | INFO    | holoqpi.engine.trainer | training finished; best epoch 52 (composite=0.8114)
03:10:04 | INFO    | holoqpi.engine.trainer | checkpoint best_model.pt: 446/446 tensors matched
03:10:43 | INFO    | holoqpi.engine.compare | modality=off_axis test metrics written to runs/physics_coupling_only_off_axis
03:10:44 | INFO    | holoqpi.engine.compare | ======================================================================
03:10:44 | INFO    | holoqpi.engine.compare | modality=gabor  device=cuda  run_dir=runs/physics_coupling_only_gabor
03:10:44 | INFO    | holoqpi.engine.compare | ======================================================================
03:10:44 | INFO    | holoqpi.data.dataset | train split: 560 samples | modality=gabor | crop=512 | augment=True
03:10:44 | INFO    | holoqpi.data.dataset | val split: 127 samples | modality=gabor | crop=None | augment=False
03:10:44 | INFO    | holoqpi.data.dataset | test split: 113 samples | modality=gabor | crop=None | augment=False
03:10:44 | INFO    | holoqpi.models.encoders | encoder=mobilenet_v2 in_channels=1 pretrained=True stages=[16, 24, 32, 96, 1280]
03:10:44 | INFO    | holoqpi.models.holonet | HoloQPINet built: 9.76M parameters, 9.76M trainable (100.0%)
03:10:44 | INFO    | holoqpi.engine.trainer | trainable 9.76M / 9.76M parameters (100.0%)
03:10:44 | INFO    | holoqpi.engine.trainer | active physics terms: ['phase_mask_contrast', 'boundary_gradient_alignment', 'phase_volume', 'dry_mass_consistency', 'projected_area_consistency']
03:10:45 | INFO    | holoqpi.engine.trainer |   epoch 1 step 0/140 loss=2.5198
03:10:47 | INFO    | holoqpi.engine.trainer |   epoch 1 step 20/140 loss=2.2511
03:10:49 | INFO    | holoqpi.engine.trainer |   epoch 1 step 40/140 loss=1.6419
03:10:51 | INFO    | holoqpi.engine.trainer |   epoch 1 step 60/140 loss=1.5174
03:10:53 | INFO    | holoqpi.engine.trainer |   epoch 1 step 80/140 loss=1.4002
03:10:55 | INFO    | holoqpi.engine.trainer |   epoch 1 step 100/140 loss=1.2088
03:10:56 | INFO    | holoqpi.engine.trainer |   epoch 1 step 120/140 loss=1.3169
03:11:44 | INFO    | holoqpi.engine.trainer |   new best composite=0.6699
03:11:44 | INFO    | holoqpi.engine.trainer | epoch 1/60 (60s = 14s train + 46s val) | train_loss=1.6463  val_phase_mae=0.2272  val_dice=0.6895  val_cls_acc=0.4331  val_mass_mape=0.3237
03:11:44 | INFO    | holoqpi.engine.trainer |   at this rate the full 60-epoch schedule takes about 60 min
03:11:45 | INFO    | holoqpi.engine.trainer |   epoch 2 step 0/140 loss=1.2459
03:11:46 | INFO    | holoqpi.engine.trainer |   epoch 2 step 20/140 loss=1.3078
03:11:48 | INFO    | holoqpi.engine.trainer |   epoch 2 step 40/140 loss=1.0834
03:11:50 | INFO    | holoqpi.engine.trainer |   epoch 2 step 60/140 loss=1.0583
03:11:52 | INFO    | holoqpi.engine.trainer |   epoch 2 step 80/140 loss=1.4181
03:11:54 | INFO    | holoqpi.engine.trainer |   epoch 2 step 100/140 loss=0.9013
03:11:56 | INFO    | holoqpi.engine.trainer |   epoch 2 step 120/140 loss=1.2256
03:12:42 | INFO    | holoqpi.engine.trainer |   new best composite=0.6907
03:12:42 | INFO    | holoqpi.engine.trainer | epoch 2/60 (58s = 14s train + 44s val) | train_loss=1.1691  val_phase_mae=0.2256  val_dice=0.7063  val_cls_acc=0.4724  val_mass_mape=0.3057
03:12:43 | INFO    | holoqpi.engine.trainer |   epoch 3 step 0/140 loss=0.9907
03:12:44 | INFO    | holoqpi.engine.trainer |   epoch 3 step 20/140 loss=0.8616
03:12:46 | INFO    | holoqpi.engine.trainer |   epoch 3 step 40/140 loss=1.2398
03:12:48 | INFO    | holoqpi.engine.trainer |   epoch 3 step 60/140 loss=0.9510
03:12:50 | INFO    | holoqpi.engine.trainer |   epoch 3 step 80/140 loss=0.8468
03:12:52 | INFO    | holoqpi.engine.trainer |   epoch 3 step 100/140 loss=1.2352
03:12:53 | INFO    | holoqpi.engine.trainer |   epoch 3 step 120/140 loss=1.1584
03:13:39 | INFO    | holoqpi.engine.trainer |   new best composite=0.7087
03:13:39 | INFO    | holoqpi.engine.trainer | epoch 3/60 (57s = 13s train + 44s val) | train_loss=1.0067  val_phase_mae=0.2054  val_dice=0.7330  val_cls_acc=0.4252  val_mass_mape=0.3274
03:13:40 | INFO    | holoqpi.engine.trainer |   epoch 4 step 0/140 loss=0.8919
03:13:42 | INFO    | holoqpi.engine.trainer |   epoch 4 step 20/140 loss=1.0472
03:13:43 | INFO    | holoqpi.engine.trainer |   epoch 4 step 40/140 loss=0.9873
03:13:45 | INFO    | holoqpi.engine.trainer |   epoch 4 step 60/140 loss=1.3977
03:13:47 | INFO    | holoqpi.engine.trainer |   epoch 4 step 80/140 loss=0.9656
03:13:49 | INFO    | holoqpi.engine.trainer |   epoch 4 step 100/140 loss=0.9256
03:13:51 | INFO    | holoqpi.engine.trainer |   epoch 4 step 120/140 loss=0.8532
03:14:37 | INFO    | holoqpi.engine.trainer |   new best composite=0.7156
03:14:37 | INFO    | holoqpi.engine.trainer | epoch 4/60 (57s = 13s train + 44s val) | train_loss=0.9873  val_phase_mae=0.2014  val_dice=0.7397  val_cls_acc=0.5827  val_mass_mape=0.3184
03:14:37 | INFO    | holoqpi.engine.trainer |   epoch 5 step 0/140 loss=0.8364
03:14:39 | INFO    | holoqpi.engine.trainer |   epoch 5 step 20/140 loss=0.7906
03:14:41 | INFO    | holoqpi.engine.trainer |   epoch 5 step 40/140 loss=0.8595
03:14:43 | INFO    | holoqpi.engine.trainer |   epoch 5 step 60/140 loss=1.1275
03:14:44 | INFO    | holoqpi.engine.trainer |   epoch 5 step 80/140 loss=0.9727
03:14:46 | INFO    | holoqpi.engine.trainer |   epoch 5 step 100/140 loss=0.8723
03:14:48 | INFO    | holoqpi.engine.trainer |   epoch 5 step 120/140 loss=1.1410
03:15:33 | INFO    | holoqpi.engine.trainer |   new best composite=0.7294
03:15:33 | INFO    | holoqpi.engine.trainer | epoch 5/60 (57s = 13s train + 43s val) | train_loss=0.9510  val_phase_mae=0.1972  val_dice=0.7532  val_cls_acc=0.4803  val_mass_mape=0.3002
03:15:34 | INFO    | holoqpi.engine.trainer |   epoch 6 step 0/140 loss=1.2232
03:15:36 | INFO    | holoqpi.engine.trainer |   epoch 6 step 20/140 loss=1.1545
03:15:38 | INFO    | holoqpi.engine.trainer |   epoch 6 step 40/140 loss=0.9305
03:15:40 | INFO    | holoqpi.engine.trainer |   epoch 6 step 60/140 loss=0.6799
03:15:41 | INFO    | holoqpi.engine.trainer |   epoch 6 step 80/140 loss=0.7691
03:15:43 | INFO    | holoqpi.engine.trainer |   epoch 6 step 100/140 loss=0.7362
03:15:45 | INFO    | holoqpi.engine.trainer |   epoch 6 step 120/140 loss=0.7845
03:16:31 | INFO    | holoqpi.engine.trainer |   new best composite=0.7338
03:16:31 | INFO    | holoqpi.engine.trainer | epoch 6/60 (57s = 13s train + 44s val) | train_loss=0.9323  val_phase_mae=0.1993  val_dice=0.7475  val_cls_acc=0.5354  val_mass_mape=0.2730
03:16:31 | INFO    | holoqpi.engine.trainer |   epoch 7 step 0/140 loss=0.7614
03:16:33 | INFO    | holoqpi.engine.trainer |   epoch 7 step 20/140 loss=1.1648
03:16:35 | INFO    | holoqpi.engine.trainer |   epoch 7 step 40/140 loss=1.0802
03:16:37 | INFO    | holoqpi.engine.trainer |   epoch 7 step 60/140 loss=0.8663
03:16:39 | INFO    | holoqpi.engine.trainer |   epoch 7 step 80/140 loss=0.7942
03:16:40 | INFO    | holoqpi.engine.trainer |   epoch 7 step 100/140 loss=1.0431
03:16:42 | INFO    | holoqpi.engine.trainer |   epoch 7 step 120/140 loss=0.9592
03:17:28 | INFO    | holoqpi.engine.trainer | epoch 7/60 (57s = 13s train + 44s val) | train_loss=0.9088  val_phase_mae=0.2272  val_dice=0.7383  val_cls_acc=0.5906  val_mass_mape=0.6278
03:17:28 | INFO    | holoqpi.engine.trainer |   epoch 8 step 0/140 loss=0.8265
03:17:30 | INFO    | holoqpi.engine.trainer |   epoch 8 step 20/140 loss=0.9939
03:17:32 | INFO    | holoqpi.engine.trainer |   epoch 8 step 40/140 loss=0.8788
03:17:34 | INFO    | holoqpi.engine.trainer |   epoch 8 step 60/140 loss=0.7491
03:17:36 | INFO    | holoqpi.engine.trainer |   epoch 8 step 80/140 loss=1.1056
03:17:38 | INFO    | holoqpi.engine.trainer |   epoch 8 step 100/140 loss=0.9130
03:17:40 | INFO    | holoqpi.engine.trainer |   epoch 8 step 120/140 loss=0.8293
03:18:25 | INFO    | holoqpi.engine.trainer | epoch 8/60 (57s = 13s train + 44s val) | train_loss=0.9002  val_phase_mae=0.2074  val_dice=0.7338  val_cls_acc=0.6693  val_mass_mape=0.3183
03:18:25 | INFO    | holoqpi.engine.trainer |   epoch 9 step 0/140 loss=0.8257
03:18:27 | INFO    | holoqpi.engine.trainer |   epoch 9 step 20/140 loss=0.6369
03:18:29 | INFO    | holoqpi.engine.trainer |   epoch 9 step 40/140 loss=1.0376
03:18:31 | INFO    | holoqpi.engine.trainer |   epoch 9 step 60/140 loss=0.9658
03:18:33 | INFO    | holoqpi.engine.trainer |   epoch 9 step 80/140 loss=0.8515
03:18:34 | INFO    | holoqpi.engine.trainer |   epoch 9 step 100/140 loss=0.7748
03:18:36 | INFO    | holoqpi.engine.trainer |   epoch 9 step 120/140 loss=0.8466
03:19:22 | INFO    | holoqpi.engine.trainer |   new best composite=0.7408
03:19:22 | INFO    | holoqpi.engine.trainer | epoch 9/60 (57s = 13s train + 44s val) | train_loss=0.8960  val_phase_mae=0.1911  val_dice=0.7534  val_cls_acc=0.5669  val_mass_mape=0.2548
03:19:23 | INFO    | holoqpi.engine.trainer |   epoch 10 step 0/140 loss=0.8708
03:19:24 | INFO    | holoqpi.engine.trainer |   epoch 10 step 20/140 loss=0.7189
03:19:26 | INFO    | holoqpi.engine.trainer |   epoch 10 step 40/140 loss=1.0017
03:19:28 | INFO    | holoqpi.engine.trainer |   epoch 10 step 60/140 loss=0.9222
03:19:30 | INFO    | holoqpi.engine.trainer |   epoch 10 step 80/140 loss=1.0508
03:19:32 | INFO    | holoqpi.engine.trainer |   epoch 10 step 100/140 loss=1.0956
03:19:34 | INFO    | holoqpi.engine.trainer |   epoch 10 step 120/140 loss=0.8591
03:20:19 | INFO    | holoqpi.engine.trainer |   new best composite=0.7512
03:20:19 | INFO    | holoqpi.engine.trainer | epoch 10/60 (57s = 13s train + 44s val) | train_loss=0.8983  val_phase_mae=0.1874  val_dice=0.7597  val_cls_acc=0.4803  val_mass_mape=0.2424
03:20:20 | INFO    | holoqpi.engine.trainer |   epoch 11 step 0/140 loss=0.8549
03:20:22 | INFO    | holoqpi.engine.trainer |   epoch 11 step 20/140 loss=0.8571
03:20:23 | INFO    | holoqpi.engine.trainer |   epoch 11 step 40/140 loss=1.0739
03:20:25 | INFO    | holoqpi.engine.trainer |   epoch 11 step 60/140 loss=0.7202
03:20:27 | INFO    | holoqpi.engine.trainer |   epoch 11 step 80/140 loss=0.6955
03:20:29 | INFO    | holoqpi.engine.trainer |   epoch 11 step 100/140 loss=0.7020
03:20:31 | INFO    | holoqpi.engine.trainer |   epoch 11 step 120/140 loss=0.7821
03:21:16 | INFO    | holoqpi.engine.trainer | epoch 11/60 (57s = 13s train + 44s val) | train_loss=0.8835  val_phase_mae=0.2025  val_dice=0.7381  val_cls_acc=0.6693  val_mass_mape=0.2904
03:21:16 | INFO    | holoqpi.engine.trainer |   epoch 12 step 0/140 loss=0.7184
03:21:18 | INFO    | holoqpi.engine.trainer |   epoch 12 step 20/140 loss=1.2783
03:21:20 | INFO    | holoqpi.engine.trainer |   epoch 12 step 40/140 loss=0.7512
03:21:22 | INFO    | holoqpi.engine.trainer |   epoch 12 step 60/140 loss=1.5414
03:21:24 | INFO    | holoqpi.engine.trainer |   epoch 12 step 80/140 loss=1.0580
03:21:26 | INFO    | holoqpi.engine.trainer |   epoch 12 step 100/140 loss=0.6642
03:21:28 | INFO    | holoqpi.engine.trainer |   epoch 12 step 120/140 loss=0.7200
03:22:14 | INFO    | holoqpi.engine.trainer | epoch 12/60 (58s = 13s train + 45s val) | train_loss=0.8671  val_phase_mae=0.2011  val_dice=0.7356  val_cls_acc=0.6142  val_mass_mape=0.2705
03:22:14 | INFO    | holoqpi.engine.trainer |   epoch 13 step 0/140 loss=0.9116
03:22:16 | INFO    | holoqpi.engine.trainer |   epoch 13 step 20/140 loss=0.8986
03:22:18 | INFO    | holoqpi.engine.trainer |   epoch 13 step 40/140 loss=1.2195
03:22:20 | INFO    | holoqpi.engine.trainer |   epoch 13 step 60/140 loss=0.8602
03:22:22 | INFO    | holoqpi.engine.trainer |   epoch 13 step 80/140 loss=1.1149
03:22:23 | INFO    | holoqpi.engine.trainer |   epoch 13 step 100/140 loss=0.8359
03:22:25 | INFO    | holoqpi.engine.trainer |   epoch 13 step 120/140 loss=0.7460
03:23:11 | INFO    | holoqpi.engine.trainer | epoch 13/60 (57s = 13s train + 44s val) | train_loss=0.8786  val_phase_mae=0.1894  val_dice=0.7569  val_cls_acc=0.5354  val_mass_mape=0.2389
03:23:12 | INFO    | holoqpi.engine.trainer |   epoch 14 step 0/140 loss=0.9122
03:23:13 | INFO    | holoqpi.engine.trainer |   epoch 14 step 20/140 loss=1.0354
03:23:15 | INFO    | holoqpi.engine.trainer |   epoch 14 step 40/140 loss=1.0109
03:23:17 | INFO    | holoqpi.engine.trainer |   epoch 14 step 60/140 loss=0.7235
03:23:19 | INFO    | holoqpi.engine.trainer |   epoch 14 step 80/140 loss=0.9945
03:23:21 | INFO    | holoqpi.engine.trainer |   epoch 14 step 100/140 loss=0.6908
03:23:23 | INFO    | holoqpi.engine.trainer |   epoch 14 step 120/140 loss=0.8123
03:24:08 | INFO    | holoqpi.engine.trainer | epoch 14/60 (57s = 13s train + 44s val) | train_loss=0.8605  val_phase_mae=0.1898  val_dice=0.7571  val_cls_acc=0.4803  val_mass_mape=0.2354
03:24:08 | INFO    | holoqpi.engine.trainer |   epoch 15 step 0/140 loss=0.7651
03:24:10 | INFO    | holoqpi.engine.trainer |   epoch 15 step 20/140 loss=0.6569
03:24:12 | INFO    | holoqpi.engine.trainer |   epoch 15 step 40/140 loss=0.6085
03:24:14 | INFO    | holoqpi.engine.trainer |   epoch 15 step 60/140 loss=1.0510
03:24:16 | INFO    | holoqpi.engine.trainer |   epoch 15 step 80/140 loss=1.1476
03:24:17 | INFO    | holoqpi.engine.trainer |   epoch 15 step 100/140 loss=0.6947
03:24:19 | INFO    | holoqpi.engine.trainer |   epoch 15 step 120/140 loss=0.8138
03:25:04 | INFO    | holoqpi.engine.trainer | epoch 15/60 (56s = 13s train + 43s val) | train_loss=0.8475  val_phase_mae=0.1910  val_dice=0.7484  val_cls_acc=0.6063  val_mass_mape=0.2412
03:25:05 | INFO    | holoqpi.engine.trainer |   epoch 16 step 0/140 loss=0.9495
03:25:06 | INFO    | holoqpi.engine.trainer |   epoch 16 step 20/140 loss=1.0125
03:25:08 | INFO    | holoqpi.engine.trainer |   epoch 16 step 40/140 loss=0.7389
03:25:10 | INFO    | holoqpi.engine.trainer |   epoch 16 step 60/140 loss=0.7945
03:25:12 | INFO    | holoqpi.engine.trainer |   epoch 16 step 80/140 loss=0.7764
03:25:14 | INFO    | holoqpi.engine.trainer |   epoch 16 step 100/140 loss=1.0503
03:25:16 | INFO    | holoqpi.engine.trainer |   epoch 16 step 120/140 loss=0.8356
03:26:01 | INFO    | holoqpi.engine.trainer | epoch 16/60 (57s = 13s train + 44s val) | train_loss=0.8493  val_phase_mae=0.1902  val_dice=0.7562  val_cls_acc=0.6220  val_mass_mape=0.2491
03:26:02 | INFO    | holoqpi.engine.trainer |   epoch 17 step 0/140 loss=1.0590
03:26:03 | INFO    | holoqpi.engine.trainer |   epoch 17 step 20/140 loss=1.2420
03:26:05 | INFO    | holoqpi.engine.trainer |   epoch 17 step 40/140 loss=1.2992
03:26:07 | INFO    | holoqpi.engine.trainer |   epoch 17 step 60/140 loss=0.6960
03:26:09 | INFO    | holoqpi.engine.trainer |   epoch 17 step 80/140 loss=0.6951
03:26:11 | INFO    | holoqpi.engine.trainer |   epoch 17 step 100/140 loss=1.1493
03:26:13 | INFO    | holoqpi.engine.trainer |   epoch 17 step 120/140 loss=0.6618
03:26:58 | INFO    | holoqpi.engine.trainer | epoch 17/60 (57s = 13s train + 43s val) | train_loss=0.8327  val_phase_mae=0.1913  val_dice=0.7485  val_cls_acc=0.6535  val_mass_mape=0.2384
03:26:58 | INFO    | holoqpi.engine.trainer |   epoch 18 step 0/140 loss=0.6570
03:27:00 | INFO    | holoqpi.engine.trainer |   epoch 18 step 20/140 loss=0.7949
03:27:02 | INFO    | holoqpi.engine.trainer |   epoch 18 step 40/140 loss=0.6580
03:27:04 | INFO    | holoqpi.engine.trainer |   epoch 18 step 60/140 loss=0.7972
03:27:06 | INFO    | holoqpi.engine.trainer |   epoch 18 step 80/140 loss=1.1454
03:27:07 | INFO    | holoqpi.engine.trainer |   epoch 18 step 100/140 loss=0.7495
03:27:09 | INFO    | holoqpi.engine.trainer |   epoch 18 step 120/140 loss=1.0144
03:27:54 | INFO    | holoqpi.engine.trainer | epoch 18/60 (57s = 13s train + 44s val) | train_loss=0.8257  val_phase_mae=0.1957  val_dice=0.7402  val_cls_acc=0.6614  val_mass_mape=0.2428
03:27:55 | INFO    | holoqpi.engine.trainer |   epoch 19 step 0/140 loss=0.6590
03:27:57 | INFO    | holoqpi.engine.trainer |   epoch 19 step 20/140 loss=0.6621
03:27:59 | INFO    | holoqpi.engine.trainer |   epoch 19 step 40/140 loss=0.6765
03:28:00 | INFO    | holoqpi.engine.trainer |   epoch 19 step 60/140 loss=0.7880
03:28:02 | INFO    | holoqpi.engine.trainer |   epoch 19 step 80/140 loss=0.8873
03:28:04 | INFO    | holoqpi.engine.trainer |   epoch 19 step 100/140 loss=0.7052
03:28:06 | INFO    | holoqpi.engine.trainer |   epoch 19 step 120/140 loss=0.9858
03:28:51 | INFO    | holoqpi.engine.trainer |   new best composite=0.7552
03:28:51 | INFO    | holoqpi.engine.trainer | epoch 19/60 (56s = 13s train + 43s val) | train_loss=0.8306  val_phase_mae=0.1853  val_dice=0.7660  val_cls_acc=0.6457  val_mass_mape=0.2417
03:28:52 | INFO    | holoqpi.engine.trainer |   epoch 20 step 0/140 loss=0.8972
03:28:53 | INFO    | holoqpi.engine.trainer |   epoch 20 step 20/140 loss=0.8783
03:28:55 | INFO    | holoqpi.engine.trainer |   epoch 20 step 40/140 loss=0.8039
03:28:57 | INFO    | holoqpi.engine.trainer |   epoch 20 step 60/140 loss=0.8848
03:28:59 | INFO    | holoqpi.engine.trainer |   epoch 20 step 80/140 loss=0.6043
03:29:01 | INFO    | holoqpi.engine.trainer |   epoch 20 step 100/140 loss=1.0183
03:29:03 | INFO    | holoqpi.engine.trainer |   epoch 20 step 120/140 loss=0.7499
03:29:48 | INFO    | holoqpi.engine.trainer | epoch 20/60 (57s = 13s train + 44s val) | train_loss=0.8185  val_phase_mae=0.1855  val_dice=0.7627  val_cls_acc=0.6850  val_mass_mape=0.2537
03:29:48 | INFO    | holoqpi.engine.trainer |   epoch 21 step 0/140 loss=0.8156
03:29:50 | INFO    | holoqpi.engine.trainer |   epoch 21 step 20/140 loss=1.0264
03:29:52 | INFO    | holoqpi.engine.trainer |   epoch 21 step 40/140 loss=0.8905
03:29:54 | INFO    | holoqpi.engine.trainer |   epoch 21 step 60/140 loss=0.6948
03:29:56 | INFO    | holoqpi.engine.trainer |   epoch 21 step 80/140 loss=0.7408
03:29:57 | INFO    | holoqpi.engine.trainer |   epoch 21 step 100/140 loss=0.6414
03:29:59 | INFO    | holoqpi.engine.trainer |   epoch 21 step 120/140 loss=0.6627
03:30:45 | INFO    | holoqpi.engine.trainer | epoch 21/60 (57s = 13s train + 44s val) | train_loss=0.8192  val_phase_mae=0.1894  val_dice=0.7531  val_cls_acc=0.6378  val_mass_mape=0.2396
03:30:45 | INFO    | holoqpi.engine.trainer |   epoch 22 step 0/140 loss=0.6844
03:30:47 | INFO    | holoqpi.engine.trainer |   epoch 22 step 20/140 loss=0.7592
03:30:49 | INFO    | holoqpi.engine.trainer |   epoch 22 step 40/140 loss=0.6725
03:30:51 | INFO    | holoqpi.engine.trainer |   epoch 22 step 60/140 loss=0.6636
03:30:53 | INFO    | holoqpi.engine.trainer |   epoch 22 step 80/140 loss=0.6701
03:30:54 | INFO    | holoqpi.engine.trainer |   epoch 22 step 100/140 loss=0.7560
03:30:56 | INFO    | holoqpi.engine.trainer |   epoch 22 step 120/140 loss=1.3726
03:31:42 | INFO    | holoqpi.engine.trainer |   new best composite=0.7574
03:31:42 | INFO    | holoqpi.engine.trainer | epoch 22/60 (57s = 13s train + 43s val) | train_loss=0.8105  val_phase_mae=0.1871  val_dice=0.7669  val_cls_acc=0.5906  val_mass_mape=0.2377
03:31:42 | INFO    | holoqpi.engine.trainer |   epoch 23 step 0/140 loss=0.9412
03:31:44 | INFO    | holoqpi.engine.trainer |   epoch 23 step 20/140 loss=0.7306
03:31:46 | INFO    | holoqpi.engine.trainer |   epoch 23 step 40/140 loss=0.7109
03:31:48 | INFO    | holoqpi.engine.trainer |   epoch 23 step 60/140 loss=1.1103
03:31:49 | INFO    | holoqpi.engine.trainer |   epoch 23 step 80/140 loss=1.2491
03:31:51 | INFO    | holoqpi.engine.trainer |   epoch 23 step 100/140 loss=0.7030
03:31:53 | INFO    | holoqpi.engine.trainer |   epoch 23 step 120/140 loss=1.0777
03:32:38 | INFO    | holoqpi.engine.trainer | epoch 23/60 (57s = 13s train + 44s val) | train_loss=0.8071  val_phase_mae=0.1929  val_dice=0.7560  val_cls_acc=0.7244  val_mass_mape=0.2887
03:32:39 | INFO    | holoqpi.engine.trainer |   epoch 24 step 0/140 loss=0.7576
03:32:41 | INFO    | holoqpi.engine.trainer |   epoch 24 step 20/140 loss=0.5766
03:32:43 | INFO    | holoqpi.engine.trainer |   epoch 24 step 40/140 loss=0.7090
03:32:44 | INFO    | holoqpi.engine.trainer |   epoch 24 step 60/140 loss=0.8139
03:32:46 | INFO    | holoqpi.engine.trainer |   epoch 24 step 80/140 loss=0.7257
03:32:48 | INFO    | holoqpi.engine.trainer |   epoch 24 step 100/140 loss=0.9905
03:32:50 | INFO    | holoqpi.engine.trainer |   epoch 24 step 120/140 loss=0.8862
03:33:36 | INFO    | holoqpi.engine.trainer | epoch 24/60 (57s = 13s train + 44s val) | train_loss=0.8091  val_phase_mae=0.1880  val_dice=0.7530  val_cls_acc=0.6220  val_mass_mape=0.2365
03:33:36 | INFO    | holoqpi.engine.trainer |   epoch 25 step 0/140 loss=0.7302
03:33:38 | INFO    | holoqpi.engine.trainer |   epoch 25 step 20/140 loss=0.7122
03:33:40 | INFO    | holoqpi.engine.trainer |   epoch 25 step 40/140 loss=0.6585
03:33:41 | INFO    | holoqpi.engine.trainer |   epoch 25 step 60/140 loss=0.6670
03:33:43 | INFO    | holoqpi.engine.trainer |   epoch 25 step 80/140 loss=0.8561
03:33:45 | INFO    | holoqpi.engine.trainer |   epoch 25 step 100/140 loss=0.8500
03:33:47 | INFO    | holoqpi.engine.trainer |   epoch 25 step 120/140 loss=1.6728
03:34:33 | INFO    | holoqpi.engine.trainer | epoch 25/60 (57s = 13s train + 44s val) | train_loss=0.7996  val_phase_mae=0.1933  val_dice=0.7485  val_cls_acc=0.6220  val_mass_mape=0.2514
03:34:33 | INFO    | holoqpi.engine.trainer |   epoch 26 step 0/140 loss=0.8226
03:34:35 | INFO    | holoqpi.engine.trainer |   epoch 26 step 20/140 loss=0.6303
03:34:37 | INFO    | holoqpi.engine.trainer |   epoch 26 step 40/140 loss=0.6496
03:34:39 | INFO    | holoqpi.engine.trainer |   epoch 26 step 60/140 loss=0.7946
03:34:41 | INFO    | holoqpi.engine.trainer |   epoch 26 step 80/140 loss=0.9455
03:34:42 | INFO    | holoqpi.engine.trainer |   epoch 26 step 100/140 loss=0.7505
03:34:44 | INFO    | holoqpi.engine.trainer |   epoch 26 step 120/140 loss=0.6160
03:35:30 | INFO    | holoqpi.engine.trainer |   new best composite=0.7577
03:35:30 | INFO    | holoqpi.engine.trainer | epoch 26/60 (57s = 13s train + 44s val) | train_loss=0.7940  val_phase_mae=0.1820  val_dice=0.7701  val_cls_acc=0.6614  val_mass_mape=0.2430
03:35:31 | INFO    | holoqpi.engine.trainer |   epoch 27 step 0/140 loss=0.6227
03:35:32 | INFO    | holoqpi.engine.trainer |   epoch 27 step 20/140 loss=0.6111
03:35:34 | INFO    | holoqpi.engine.trainer |   epoch 27 step 40/140 loss=0.9877
03:35:36 | INFO    | holoqpi.engine.trainer |   epoch 27 step 60/140 loss=0.8871
03:35:38 | INFO    | holoqpi.engine.trainer |   epoch 27 step 80/140 loss=0.6571
03:35:40 | INFO    | holoqpi.engine.trainer |   epoch 27 step 100/140 loss=0.9003
03:35:41 | INFO    | holoqpi.engine.trainer |   epoch 27 step 120/140 loss=0.5638
03:36:27 | INFO    | holoqpi.engine.trainer | epoch 27/60 (57s = 13s train + 44s val) | train_loss=0.7802  val_phase_mae=0.1881  val_dice=0.7583  val_cls_acc=0.7165  val_mass_mape=0.2697
03:36:28 | INFO    | holoqpi.engine.trainer |   epoch 28 step 0/140 loss=0.6501
03:36:29 | INFO    | holoqpi.engine.trainer |   epoch 28 step 20/140 loss=0.7257
03:36:31 | INFO    | holoqpi.engine.trainer |   epoch 28 step 40/140 loss=0.6862
03:36:33 | INFO    | holoqpi.engine.trainer |   epoch 28 step 60/140 loss=0.6986
03:36:35 | INFO    | holoqpi.engine.trainer |   epoch 28 step 80/140 loss=0.6831
03:36:37 | INFO    | holoqpi.engine.trainer |   epoch 28 step 100/140 loss=0.7829
03:36:39 | INFO    | holoqpi.engine.trainer |   epoch 28 step 120/140 loss=0.5510
03:37:24 | INFO    | holoqpi.engine.trainer | epoch 28/60 (57s = 13s train + 44s val) | train_loss=0.7771  val_phase_mae=0.1854  val_dice=0.7595  val_cls_acc=0.7165  val_mass_mape=0.2297
03:37:24 | INFO    | holoqpi.engine.trainer |   epoch 29 step 0/140 loss=0.6911
03:37:26 | INFO    | holoqpi.engine.trainer |   epoch 29 step 20/140 loss=0.9720
03:37:28 | INFO    | holoqpi.engine.trainer |   epoch 29 step 40/140 loss=0.8989
03:37:30 | INFO    | holoqpi.engine.trainer |   epoch 29 step 60/140 loss=0.6180
03:37:32 | INFO    | holoqpi.engine.trainer |   epoch 29 step 80/140 loss=1.2217
03:37:33 | INFO    | holoqpi.engine.trainer |   epoch 29 step 100/140 loss=0.6901
03:37:35 | INFO    | holoqpi.engine.trainer |   epoch 29 step 120/140 loss=0.6930
03:38:21 | INFO    | holoqpi.engine.trainer | epoch 29/60 (57s = 13s train + 44s val) | train_loss=0.7557  val_phase_mae=0.1847  val_dice=0.7637  val_cls_acc=0.7559  val_mass_mape=0.2305
03:38:21 | INFO    | holoqpi.engine.trainer |   epoch 30 step 0/140 loss=0.5830
03:38:23 | INFO    | holoqpi.engine.trainer |   epoch 30 step 20/140 loss=0.8015
03:38:25 | INFO    | holoqpi.engine.trainer |   epoch 30 step 40/140 loss=2.0744
03:38:27 | INFO    | holoqpi.engine.trainer |   epoch 30 step 60/140 loss=0.6861
03:38:28 | INFO    | holoqpi.engine.trainer |   epoch 30 step 80/140 loss=0.7073
03:38:30 | INFO    | holoqpi.engine.trainer |   epoch 30 step 100/140 loss=0.8107
03:38:32 | INFO    | holoqpi.engine.trainer |   epoch 30 step 120/140 loss=0.9730
03:39:18 | INFO    | holoqpi.engine.trainer | epoch 30/60 (57s = 13s train + 44s val) | train_loss=0.7683  val_phase_mae=0.1847  val_dice=0.7627  val_cls_acc=0.6929  val_mass_mape=0.2447
03:39:18 | INFO    | holoqpi.engine.trainer |   epoch 31 step 0/140 loss=0.8432
03:39:20 | INFO    | holoqpi.engine.trainer |   epoch 31 step 20/140 loss=0.6996
03:39:22 | INFO    | holoqpi.engine.trainer |   epoch 31 step 40/140 loss=0.8216
03:39:24 | INFO    | holoqpi.engine.trainer |   epoch 31 step 60/140 loss=0.6108
03:39:25 | INFO    | holoqpi.engine.trainer |   epoch 31 step 80/140 loss=0.6214
03:39:27 | INFO    | holoqpi.engine.trainer |   epoch 31 step 100/140 loss=0.9100
03:39:29 | INFO    | holoqpi.engine.trainer |   epoch 31 step 120/140 loss=0.6339
03:40:14 | INFO    | holoqpi.engine.trainer | epoch 31/60 (57s = 13s train + 44s val) | train_loss=0.7749  val_phase_mae=0.1922  val_dice=0.7490  val_cls_acc=0.7244  val_mass_mape=0.2543
03:40:15 | INFO    | holoqpi.engine.trainer |   epoch 32 step 0/140 loss=0.5562
03:40:17 | INFO    | holoqpi.engine.trainer |   epoch 32 step 20/140 loss=1.4203
03:40:18 | INFO    | holoqpi.engine.trainer |   epoch 32 step 40/140 loss=0.7494
03:40:20 | INFO    | holoqpi.engine.trainer |   epoch 32 step 60/140 loss=0.7419
03:40:22 | INFO    | holoqpi.engine.trainer |   epoch 32 step 80/140 loss=0.6739
03:40:24 | INFO    | holoqpi.engine.trainer |   epoch 32 step 100/140 loss=1.0198
03:40:26 | INFO    | holoqpi.engine.trainer |   epoch 32 step 120/140 loss=1.3868
03:41:12 | INFO    | holoqpi.engine.trainer |   new best composite=0.7601
03:41:12 | INFO    | holoqpi.engine.trainer | epoch 32/60 (57s = 13s train + 44s val) | train_loss=0.7664  val_phase_mae=0.1823  val_dice=0.7684  val_cls_acc=0.7244  val_mass_mape=0.2322
03:41:12 | INFO    | holoqpi.engine.trainer |   epoch 33 step 0/140 loss=0.5904
03:41:14 | INFO    | holoqpi.engine.trainer |   epoch 33 step 20/140 loss=0.6176
03:41:16 | INFO    | holoqpi.engine.trainer |   epoch 33 step 40/140 loss=0.7525
03:41:17 | INFO    | holoqpi.engine.trainer |   epoch 33 step 60/140 loss=0.6896
03:41:19 | INFO    | holoqpi.engine.trainer |   epoch 33 step 80/140 loss=0.7450
03:41:21 | INFO    | holoqpi.engine.trainer |   epoch 33 step 100/140 loss=0.7146
03:41:23 | INFO    | holoqpi.engine.trainer |   epoch 33 step 120/140 loss=0.5088
03:42:08 | INFO    | holoqpi.engine.trainer | epoch 33/60 (57s = 13s train + 44s val) | train_loss=0.7586  val_phase_mae=0.1815  val_dice=0.7700  val_cls_acc=0.7480  val_mass_mape=0.2432
03:42:09 | INFO    | holoqpi.engine.trainer |   epoch 34 step 0/140 loss=1.0658
03:42:11 | INFO    | holoqpi.engine.trainer |   epoch 34 step 20/140 loss=0.6968
03:42:13 | INFO    | holoqpi.engine.trainer |   epoch 34 step 40/140 loss=0.5077
03:42:14 | INFO    | holoqpi.engine.trainer |   epoch 34 step 60/140 loss=0.6759
03:42:16 | INFO    | holoqpi.engine.trainer |   epoch 34 step 80/140 loss=0.7213
03:42:18 | INFO    | holoqpi.engine.trainer |   epoch 34 step 100/140 loss=0.8980
03:42:20 | INFO    | holoqpi.engine.trainer |   epoch 34 step 120/140 loss=0.5510
03:43:06 | INFO    | holoqpi.engine.trainer | epoch 34/60 (57s = 13s train + 44s val) | train_loss=0.7462  val_phase_mae=0.1883  val_dice=0.7621  val_cls_acc=0.7480  val_mass_mape=0.2945
03:43:06 | INFO    | holoqpi.engine.trainer |   epoch 35 step 0/140 loss=0.5738
03:43:08 | INFO    | holoqpi.engine.trainer |   epoch 35 step 20/140 loss=0.6418
03:43:10 | INFO    | holoqpi.engine.trainer |   epoch 35 step 40/140 loss=1.2740
03:43:11 | INFO    | holoqpi.engine.trainer |   epoch 35 step 60/140 loss=0.9097
03:43:13 | INFO    | holoqpi.engine.trainer |   epoch 35 step 80/140 loss=0.8710
03:43:15 | INFO    | holoqpi.engine.trainer |   epoch 35 step 100/140 loss=0.7069
03:43:17 | INFO    | holoqpi.engine.trainer |   epoch 35 step 120/140 loss=0.6397
03:44:02 | INFO    | holoqpi.engine.trainer | epoch 35/60 (57s = 13s train + 44s val) | train_loss=0.7439  val_phase_mae=0.1823  val_dice=0.7668  val_cls_acc=0.7480  val_mass_mape=0.2359
03:44:03 | INFO    | holoqpi.engine.trainer |   epoch 36 step 0/140 loss=0.5780
03:44:05 | INFO    | holoqpi.engine.trainer |   epoch 36 step 20/140 loss=0.8596
03:44:06 | INFO    | holoqpi.engine.trainer |   epoch 36 step 40/140 loss=0.5299
03:44:08 | INFO    | holoqpi.engine.trainer |   epoch 36 step 60/140 loss=0.6229
03:44:10 | INFO    | holoqpi.engine.trainer |   epoch 36 step 80/140 loss=1.1823
03:44:12 | INFO    | holoqpi.engine.trainer |   epoch 36 step 100/140 loss=1.2394
03:44:14 | INFO    | holoqpi.engine.trainer |   epoch 36 step 120/140 loss=0.7611
03:44:59 | INFO    | holoqpi.engine.trainer | epoch 36/60 (57s = 13s train + 44s val) | train_loss=0.7473  val_phase_mae=0.1840  val_dice=0.7634  val_cls_acc=0.6614  val_mass_mape=0.2412
03:45:00 | INFO    | holoqpi.engine.trainer |   epoch 37 step 0/140 loss=1.0729
03:45:01 | INFO    | holoqpi.engine.trainer |   epoch 37 step 20/140 loss=0.6507
03:45:03 | INFO    | holoqpi.engine.trainer |   epoch 37 step 40/140 loss=0.5526
03:45:05 | INFO    | holoqpi.engine.trainer |   epoch 37 step 60/140 loss=0.7297
03:45:07 | INFO    | holoqpi.engine.trainer |   epoch 37 step 80/140 loss=0.7137
03:45:09 | INFO    | holoqpi.engine.trainer |   epoch 37 step 100/140 loss=0.6036
03:45:10 | INFO    | holoqpi.engine.trainer |   epoch 37 step 120/140 loss=0.5540
03:45:56 | INFO    | holoqpi.engine.trainer | epoch 37/60 (57s = 13s train + 44s val) | train_loss=0.7375  val_phase_mae=0.1841  val_dice=0.7631  val_cls_acc=0.7323  val_mass_mape=0.2448
03:45:57 | INFO    | holoqpi.engine.trainer |   epoch 38 step 0/140 loss=0.7293
03:45:58 | INFO    | holoqpi.engine.trainer |   epoch 38 step 20/140 loss=0.7303
03:46:00 | INFO    | holoqpi.engine.trainer |   epoch 38 step 40/140 loss=0.6700
03:46:02 | INFO    | holoqpi.engine.trainer |   epoch 38 step 60/140 loss=0.7166
03:46:04 | INFO    | holoqpi.engine.trainer |   epoch 38 step 80/140 loss=0.6313
03:46:06 | INFO    | holoqpi.engine.trainer |   epoch 38 step 100/140 loss=0.7210
03:46:08 | INFO    | holoqpi.engine.trainer |   epoch 38 step 120/140 loss=0.6071
03:46:53 | INFO    | holoqpi.engine.trainer | epoch 38/60 (57s = 13s train + 44s val) | train_loss=0.7413  val_phase_mae=0.1858  val_dice=0.7573  val_cls_acc=0.7402  val_mass_mape=0.2300
03:46:54 | INFO    | holoqpi.engine.trainer |   epoch 39 step 0/140 loss=0.6960
03:46:55 | INFO    | holoqpi.engine.trainer |   epoch 39 step 20/140 loss=0.5473
03:46:57 | INFO    | holoqpi.engine.trainer |   epoch 39 step 40/140 loss=0.9493
03:46:59 | INFO    | holoqpi.engine.trainer |   epoch 39 step 60/140 loss=0.7002
03:47:01 | INFO    | holoqpi.engine.trainer |   epoch 39 step 80/140 loss=0.5319
03:47:03 | INFO    | holoqpi.engine.trainer |   epoch 39 step 100/140 loss=0.6567
03:47:04 | INFO    | holoqpi.engine.trainer |   epoch 39 step 120/140 loss=0.7190
03:47:50 | INFO    | holoqpi.engine.trainer | epoch 39/60 (57s = 13s train + 44s val) | train_loss=0.7342  val_phase_mae=0.1867  val_dice=0.7620  val_cls_acc=0.7717  val_mass_mape=0.2632
03:47:50 | INFO    | holoqpi.engine.trainer |   epoch 40 step 0/140 loss=1.0732
03:47:52 | INFO    | holoqpi.engine.trainer |   epoch 40 step 20/140 loss=0.6495
03:47:54 | INFO    | holoqpi.engine.trainer |   epoch 40 step 40/140 loss=1.4226
03:47:56 | INFO    | holoqpi.engine.trainer |   epoch 40 step 60/140 loss=0.6382
03:47:58 | INFO    | holoqpi.engine.trainer |   epoch 40 step 80/140 loss=0.9516
03:48:00 | INFO    | holoqpi.engine.trainer |   epoch 40 step 100/140 loss=0.8346
03:48:01 | INFO    | holoqpi.engine.trainer |   epoch 40 step 120/140 loss=0.5326
03:48:47 | INFO    | holoqpi.engine.trainer | epoch 40/60 (57s = 13s train + 44s val) | train_loss=0.7276  val_phase_mae=0.1870  val_dice=0.7610  val_cls_acc=0.7717  val_mass_mape=0.2628
03:48:47 | INFO    | holoqpi.engine.trainer |   epoch 41 step 0/140 loss=0.7218
03:48:49 | INFO    | holoqpi.engine.trainer |   epoch 41 step 20/140 loss=0.4958
03:48:50 | INFO    | holoqpi.engine.trainer |   epoch 41 step 40/140 loss=0.5757
03:48:52 | INFO    | holoqpi.engine.trainer |   epoch 41 step 60/140 loss=0.7182
03:48:54 | INFO    | holoqpi.engine.trainer |   epoch 41 step 80/140 loss=0.8391
03:48:56 | INFO    | holoqpi.engine.trainer |   epoch 41 step 100/140 loss=0.8283
03:48:58 | INFO    | holoqpi.engine.trainer |   epoch 41 step 120/140 loss=0.6049
03:49:43 | INFO    | holoqpi.engine.trainer | epoch 41/60 (57s = 13s train + 44s val) | train_loss=0.7293  val_phase_mae=0.1866  val_dice=0.7596  val_cls_acc=0.7244  val_mass_mape=0.2584
03:49:44 | INFO    | holoqpi.engine.trainer |   epoch 42 step 0/140 loss=0.6010
03:49:45 | INFO    | holoqpi.engine.trainer |   epoch 42 step 20/140 loss=0.5709
03:49:47 | INFO    | holoqpi.engine.trainer |   epoch 42 step 40/140 loss=0.5759
03:49:49 | INFO    | holoqpi.engine.trainer |   epoch 42 step 60/140 loss=0.9853
03:49:51 | INFO    | holoqpi.engine.trainer |   epoch 42 step 80/140 loss=1.6115
03:49:53 | INFO    | holoqpi.engine.trainer |   epoch 42 step 100/140 loss=0.9548
03:49:55 | INFO    | holoqpi.engine.trainer |   epoch 42 step 120/140 loss=0.6391
03:50:41 | INFO    | holoqpi.engine.trainer | epoch 42/60 (58s = 13s train + 44s val) | train_loss=0.7062  val_phase_mae=0.1824  val_dice=0.7679  val_cls_acc=0.7953  val_mass_mape=0.2330
03:50:41 | INFO    | holoqpi.engine.trainer |   epoch 43 step 0/140 loss=0.5144
03:50:43 | INFO    | holoqpi.engine.trainer |   epoch 43 step 20/140 loss=0.6126
03:50:45 | INFO    | holoqpi.engine.trainer |   epoch 43 step 40/140 loss=1.5767
03:50:47 | INFO    | holoqpi.engine.trainer |   epoch 43 step 60/140 loss=0.7006
03:50:49 | INFO    | holoqpi.engine.trainer |   epoch 43 step 80/140 loss=0.7320
03:50:50 | INFO    | holoqpi.engine.trainer |   epoch 43 step 100/140 loss=0.5030
03:50:52 | INFO    | holoqpi.engine.trainer |   epoch 43 step 120/140 loss=0.9997
03:51:38 | INFO    | holoqpi.engine.trainer | epoch 43/60 (57s = 13s train + 44s val) | train_loss=0.7241  val_phase_mae=0.1831  val_dice=0.7634  val_cls_acc=0.7480  val_mass_mape=0.2329
03:51:38 | INFO    | holoqpi.engine.trainer |   epoch 44 step 0/140 loss=0.6567
03:51:40 | INFO    | holoqpi.engine.trainer |   epoch 44 step 20/140 loss=0.5391
03:51:42 | INFO    | holoqpi.engine.trainer |   epoch 44 step 40/140 loss=0.6846
03:51:43 | INFO    | holoqpi.engine.trainer |   epoch 44 step 60/140 loss=0.4872
03:51:45 | INFO    | holoqpi.engine.trainer |   epoch 44 step 80/140 loss=0.9195
03:51:47 | INFO    | holoqpi.engine.trainer |   epoch 44 step 100/140 loss=0.7403
03:51:49 | INFO    | holoqpi.engine.trainer |   epoch 44 step 120/140 loss=0.6172
03:52:35 | INFO    | holoqpi.engine.trainer | epoch 44/60 (57s = 13s train + 44s val) | train_loss=0.7096  val_phase_mae=0.1821  val_dice=0.7662  val_cls_acc=0.7795  val_mass_mape=0.2348
03:52:35 | INFO    | holoqpi.engine.trainer |   epoch 45 step 0/140 loss=0.6860
03:52:37 | INFO    | holoqpi.engine.trainer |   epoch 45 step 20/140 loss=0.4969
03:52:39 | INFO    | holoqpi.engine.trainer |   epoch 45 step 40/140 loss=0.7285
03:52:41 | INFO    | holoqpi.engine.trainer |   epoch 45 step 60/140 loss=0.6587
03:52:43 | INFO    | holoqpi.engine.trainer |   epoch 45 step 80/140 loss=0.9710
03:52:44 | INFO    | holoqpi.engine.trainer |   epoch 45 step 100/140 loss=0.7178
03:52:46 | INFO    | holoqpi.engine.trainer |   epoch 45 step 120/140 loss=0.8478
03:53:32 | INFO    | holoqpi.engine.trainer | epoch 45/60 (57s = 13s train + 44s val) | train_loss=0.7153  val_phase_mae=0.1825  val_dice=0.7670  val_cls_acc=0.7480  val_mass_mape=0.2429
03:53:32 | INFO    | holoqpi.engine.trainer |   epoch 46 step 0/140 loss=0.6001
03:53:34 | INFO    | holoqpi.engine.trainer |   epoch 46 step 20/140 loss=0.9319
03:53:36 | INFO    | holoqpi.engine.trainer |   epoch 46 step 40/140 loss=0.5786
03:53:38 | INFO    | holoqpi.engine.trainer |   epoch 46 step 60/140 loss=0.6075
03:53:39 | INFO    | holoqpi.engine.trainer |   epoch 46 step 80/140 loss=0.5410
03:53:41 | INFO    | holoqpi.engine.trainer |   epoch 46 step 100/140 loss=1.3718
03:53:43 | INFO    | holoqpi.engine.trainer |   epoch 46 step 120/140 loss=0.5390
03:54:28 | INFO    | holoqpi.engine.trainer | epoch 46/60 (57s = 13s train + 44s val) | train_loss=0.6945  val_phase_mae=0.1830  val_dice=0.7655  val_cls_acc=0.7559  val_mass_mape=0.2388
03:54:29 | INFO    | holoqpi.engine.trainer |   epoch 47 step 0/140 loss=0.6427
03:54:30 | INFO    | holoqpi.engine.trainer |   epoch 47 step 20/140 loss=0.7208
03:54:32 | INFO    | holoqpi.engine.trainer |   epoch 47 step 40/140 loss=0.4769
03:54:34 | INFO    | holoqpi.engine.trainer |   epoch 47 step 60/140 loss=0.5631
03:54:36 | INFO    | holoqpi.engine.trainer |   epoch 47 step 80/140 loss=0.8183
03:54:38 | INFO    | holoqpi.engine.trainer |   epoch 47 step 100/140 loss=0.5885
03:54:40 | INFO    | holoqpi.engine.trainer |   epoch 47 step 120/140 loss=0.8679
03:55:25 | INFO    | holoqpi.engine.trainer | epoch 47/60 (57s = 13s train + 44s val) | train_loss=0.6977  val_phase_mae=0.1824  val_dice=0.7667  val_cls_acc=0.7480  val_mass_mape=0.2321
03:55:26 | INFO    | holoqpi.engine.trainer |   epoch 48 step 0/140 loss=0.5180
03:55:27 | INFO    | holoqpi.engine.trainer |   epoch 48 step 20/140 loss=0.8046
03:55:29 | INFO    | holoqpi.engine.trainer |   epoch 48 step 40/140 loss=0.7011
03:55:31 | INFO    | holoqpi.engine.trainer |   epoch 48 step 60/140 loss=0.6161
03:55:33 | INFO    | holoqpi.engine.trainer |   epoch 48 step 80/140 loss=0.6006
03:55:35 | INFO    | holoqpi.engine.trainer |   epoch 48 step 100/140 loss=0.6192
03:55:36 | INFO    | holoqpi.engine.trainer |   epoch 48 step 120/140 loss=0.5818
03:56:22 | INFO    | holoqpi.engine.trainer | epoch 48/60 (57s = 13s train + 44s val) | train_loss=0.6891  val_phase_mae=0.1814  val_dice=0.7663  val_cls_acc=0.7323  val_mass_mape=0.2292
03:56:22 | INFO    | holoqpi.engine.trainer |   epoch 49 step 0/140 loss=0.6792
03:56:24 | INFO    | holoqpi.engine.trainer |   epoch 49 step 20/140 loss=0.5869
03:56:26 | INFO    | holoqpi.engine.trainer |   epoch 49 step 40/140 loss=0.5212
03:56:28 | INFO    | holoqpi.engine.trainer |   epoch 49 step 60/140 loss=0.8217
03:56:30 | INFO    | holoqpi.engine.trainer |   epoch 49 step 80/140 loss=0.5317
03:56:31 | INFO    | holoqpi.engine.trainer |   epoch 49 step 100/140 loss=0.6942
03:56:33 | INFO    | holoqpi.engine.trainer |   epoch 49 step 120/140 loss=0.9602
03:57:19 | INFO    | holoqpi.engine.trainer | epoch 49/60 (57s = 13s train + 44s val) | train_loss=0.6954  val_phase_mae=0.1824  val_dice=0.7650  val_cls_acc=0.7717  val_mass_mape=0.2288
03:57:19 | INFO    | holoqpi.engine.trainer |   epoch 50 step 0/140 loss=0.8514
03:57:21 | INFO    | holoqpi.engine.trainer |   epoch 50 step 20/140 loss=0.7422
03:57:23 | INFO    | holoqpi.engine.trainer |   epoch 50 step 40/140 loss=0.6606
03:57:25 | INFO    | holoqpi.engine.trainer |   epoch 50 step 60/140 loss=0.6534
03:57:26 | INFO    | holoqpi.engine.trainer |   epoch 50 step 80/140 loss=0.5149
03:57:28 | INFO    | holoqpi.engine.trainer |   epoch 50 step 100/140 loss=1.0194
03:57:30 | INFO    | holoqpi.engine.trainer |   epoch 50 step 120/140 loss=0.6260
03:58:15 | INFO    | holoqpi.engine.trainer | epoch 50/60 (57s = 13s train + 44s val) | train_loss=0.6988  val_phase_mae=0.1806  val_dice=0.7693  val_cls_acc=0.7953  val_mass_mape=0.2351
03:58:16 | INFO    | holoqpi.engine.trainer |   epoch 51 step 0/140 loss=0.5938
03:58:17 | INFO    | holoqpi.engine.trainer |   epoch 51 step 20/140 loss=0.6682
03:58:19 | INFO    | holoqpi.engine.trainer |   epoch 51 step 40/140 loss=0.5475
03:58:21 | INFO    | holoqpi.engine.trainer |   epoch 51 step 60/140 loss=0.5364
03:58:23 | INFO    | holoqpi.engine.trainer |   epoch 51 step 80/140 loss=0.6191
03:58:25 | INFO    | holoqpi.engine.trainer |   epoch 51 step 100/140 loss=0.5331
03:58:26 | INFO    | holoqpi.engine.trainer |   epoch 51 step 120/140 loss=0.5886
03:59:12 | INFO    | holoqpi.engine.trainer | epoch 51/60 (57s = 13s train + 44s val) | train_loss=0.6850  val_phase_mae=0.1806  val_dice=0.7674  val_cls_acc=0.8031  val_mass_mape=0.2290
03:59:13 | INFO    | holoqpi.engine.trainer |   epoch 52 step 0/140 loss=0.7941
03:59:15 | INFO    | holoqpi.engine.trainer |   epoch 52 step 20/140 loss=0.5903
03:59:16 | INFO    | holoqpi.engine.trainer |   epoch 52 step 40/140 loss=0.6873
03:59:18 | INFO    | holoqpi.engine.trainer |   epoch 52 step 60/140 loss=0.9194
03:59:20 | INFO    | holoqpi.engine.trainer |   epoch 52 step 80/140 loss=0.5230
03:59:22 | INFO    | holoqpi.engine.trainer |   epoch 52 step 100/140 loss=0.5374
03:59:24 | INFO    | holoqpi.engine.trainer |   epoch 52 step 120/140 loss=0.4397
04:00:10 | INFO    | holoqpi.engine.trainer | epoch 52/60 (57s = 13s train + 44s val) | train_loss=0.6868  val_phase_mae=0.1804  val_dice=0.7701  val_cls_acc=0.8425  val_mass_mape=0.2378
04:00:10 | INFO    | holoqpi.engine.trainer |   epoch 53 step 0/140 loss=0.7943
04:00:12 | INFO    | holoqpi.engine.trainer |   epoch 53 step 20/140 loss=0.9202
04:00:14 | INFO    | holoqpi.engine.trainer |   epoch 53 step 40/140 loss=0.8222
04:00:15 | INFO    | holoqpi.engine.trainer |   epoch 53 step 60/140 loss=0.4467
04:00:17 | INFO    | holoqpi.engine.trainer |   epoch 53 step 80/140 loss=0.5741
04:00:19 | INFO    | holoqpi.engine.trainer |   epoch 53 step 100/140 loss=0.6797
04:00:21 | INFO    | holoqpi.engine.trainer |   epoch 53 step 120/140 loss=0.6083
04:01:07 | INFO    | holoqpi.engine.trainer | epoch 53/60 (58s = 13s train + 44s val) | train_loss=0.6842  val_phase_mae=0.1816  val_dice=0.7701  val_cls_acc=0.7559  val_mass_mape=0.2400
04:01:08 | INFO    | holoqpi.engine.trainer |   epoch 54 step 0/140 loss=0.5160
04:01:09 | INFO    | holoqpi.engine.trainer |   epoch 54 step 20/140 loss=1.0620
04:01:11 | INFO    | holoqpi.engine.trainer |   epoch 54 step 40/140 loss=0.8868
04:01:13 | INFO    | holoqpi.engine.trainer |   epoch 54 step 60/140 loss=0.9413
04:01:15 | INFO    | holoqpi.engine.trainer |   epoch 54 step 80/140 loss=0.4668
04:01:17 | INFO    | holoqpi.engine.trainer |   epoch 54 step 100/140 loss=0.8565
04:01:19 | INFO    | holoqpi.engine.trainer |   epoch 54 step 120/140 loss=0.4573
04:02:04 | INFO    | holoqpi.engine.trainer | epoch 54/60 (57s = 13s train + 44s val) | train_loss=0.6921  val_phase_mae=0.1814  val_dice=0.7679  val_cls_acc=0.7717  val_mass_mape=0.2347
04:02:05 | INFO    | holoqpi.engine.trainer |   epoch 55 step 0/140 loss=0.5681
04:02:07 | INFO    | holoqpi.engine.trainer |   epoch 55 step 20/140 loss=0.5877
04:02:08 | INFO    | holoqpi.engine.trainer |   epoch 55 step 40/140 loss=0.6089
04:02:10 | INFO    | holoqpi.engine.trainer |   epoch 55 step 60/140 loss=0.5903
04:02:12 | INFO    | holoqpi.engine.trainer |   epoch 55 step 80/140 loss=0.4759
04:02:14 | INFO    | holoqpi.engine.trainer |   epoch 55 step 100/140 loss=0.5381
04:02:16 | INFO    | holoqpi.engine.trainer |   epoch 55 step 120/140 loss=0.8448
04:03:01 | INFO    | holoqpi.engine.trainer | epoch 55/60 (57s = 13s train + 44s val) | train_loss=0.6787  val_phase_mae=0.1813  val_dice=0.7692  val_cls_acc=0.7402  val_mass_mape=0.2374
04:03:02 | INFO    | holoqpi.engine.trainer |   epoch 56 step 0/140 loss=0.5728
04:03:04 | INFO    | holoqpi.engine.trainer |   epoch 56 step 20/140 loss=0.7282
04:03:06 | INFO    | holoqpi.engine.trainer |   epoch 56 step 40/140 loss=0.5889
04:03:07 | INFO    | holoqpi.engine.trainer |   epoch 56 step 60/140 loss=0.5063
04:03:09 | INFO    | holoqpi.engine.trainer |   epoch 56 step 80/140 loss=0.9636
04:03:11 | INFO    | holoqpi.engine.trainer |   epoch 56 step 100/140 loss=0.6331
04:03:13 | INFO    | holoqpi.engine.trainer |   epoch 56 step 120/140 loss=0.9144
04:03:58 | INFO    | holoqpi.engine.trainer |   new best composite=0.7611
04:03:58 | INFO    | holoqpi.engine.trainer | epoch 56/60 (56s = 13s train + 44s val) | train_loss=0.6743  val_phase_mae=0.1805  val_dice=0.7689  val_cls_acc=0.7559  val_mass_mape=0.2309
04:03:59 | INFO    | holoqpi.engine.trainer |   epoch 57 step 0/140 loss=0.5704
04:04:01 | INFO    | holoqpi.engine.trainer |   epoch 57 step 20/140 loss=0.8075
04:04:02 | INFO    | holoqpi.engine.trainer |   epoch 57 step 40/140 loss=0.7389
04:04:04 | INFO    | holoqpi.engine.trainer |   epoch 57 step 60/140 loss=0.6352
04:04:06 | INFO    | holoqpi.engine.trainer |   epoch 57 step 80/140 loss=0.5470
04:04:08 | INFO    | holoqpi.engine.trainer |   epoch 57 step 100/140 loss=0.5904
04:04:10 | INFO    | holoqpi.engine.trainer |   epoch 57 step 120/140 loss=0.5428
04:04:55 | INFO    | holoqpi.engine.trainer | epoch 57/60 (56s = 13s train + 43s val) | train_loss=0.6688  val_phase_mae=0.1805  val_dice=0.7687  val_cls_acc=0.7480  val_mass_mape=0.2322
04:04:55 | INFO    | holoqpi.engine.trainer |   epoch 58 step 0/140 loss=0.7459
04:04:57 | INFO    | holoqpi.engine.trainer |   epoch 58 step 20/140 loss=0.7112
04:04:59 | INFO    | holoqpi.engine.trainer |   epoch 58 step 40/140 loss=0.6969
04:05:01 | INFO    | holoqpi.engine.trainer |   epoch 58 step 60/140 loss=0.7016
04:05:02 | INFO    | holoqpi.engine.trainer |   epoch 58 step 80/140 loss=0.9321
04:05:04 | INFO    | holoqpi.engine.trainer |   epoch 58 step 100/140 loss=0.5239
04:05:06 | INFO    | holoqpi.engine.trainer |   epoch 58 step 120/140 loss=0.7553
04:05:51 | INFO    | holoqpi.engine.trainer | epoch 58/60 (56s = 13s train + 43s val) | train_loss=0.6869  val_phase_mae=0.1809  val_dice=0.7686  val_cls_acc=0.7717  val_mass_mape=0.2350
04:05:52 | INFO    | holoqpi.engine.trainer |   epoch 59 step 0/140 loss=0.5629
04:05:53 | INFO    | holoqpi.engine.trainer |   epoch 59 step 20/140 loss=0.6961
04:05:55 | INFO    | holoqpi.engine.trainer |   epoch 59 step 40/140 loss=0.5375
04:05:57 | INFO    | holoqpi.engine.trainer |   epoch 59 step 60/140 loss=0.6317
04:05:59 | INFO    | holoqpi.engine.trainer |   epoch 59 step 80/140 loss=0.5567
04:06:01 | INFO    | holoqpi.engine.trainer |   epoch 59 step 100/140 loss=0.4748
04:06:02 | INFO    | holoqpi.engine.trainer |   epoch 59 step 120/140 loss=0.5359
04:06:48 | INFO    | holoqpi.engine.trainer |   new best composite=0.7613
04:06:48 | INFO    | holoqpi.engine.trainer | epoch 59/60 (56s = 13s train + 43s val) | train_loss=0.6638  val_phase_mae=0.1806  val_dice=0.7697  val_cls_acc=0.7323  val_mass_mape=0.2298
04:06:48 | INFO    | holoqpi.engine.trainer |   epoch 60 step 0/140 loss=0.4903
04:06:50 | INFO    | holoqpi.engine.trainer |   epoch 60 step 20/140 loss=1.1770
04:06:52 | INFO    | holoqpi.engine.trainer |   epoch 60 step 40/140 loss=1.6025
04:06:54 | INFO    | holoqpi.engine.trainer |   epoch 60 step 60/140 loss=0.5991
04:06:55 | INFO    | holoqpi.engine.trainer |   epoch 60 step 80/140 loss=0.5550
04:06:57 | INFO    | holoqpi.engine.trainer |   epoch 60 step 100/140 loss=0.6493
04:06:59 | INFO    | holoqpi.engine.trainer |   epoch 60 step 120/140 loss=0.6160
04:07:44 | INFO    | holoqpi.engine.trainer | epoch 60/60 (56s = 13s train + 43s val) | train_loss=0.6734  val_phase_mae=0.1814  val_dice=0.7690  val_cls_acc=0.7480  val_mass_mape=0.2410
04:07:44 | INFO    | holoqpi.engine.trainer | training finished; best epoch 59 (composite=0.7613)
04:07:44 | INFO    | holoqpi.engine.trainer | checkpoint best_model.pt: 446/446 tensors matched
04:08:23 | INFO    | holoqpi.engine.compare | modality=gabor test metrics written to runs/physics_coupling_only_gabor
04:08:23 | INFO    | holoqpi.engine.compare | comparison table written to runs/physics_coupling_only_modality_comparison.csv
