08:30:05 | INFO    | holoqpi.models.encoders | encoder=mobilenet_v2 in_channels=1 pretrained=True stages=[16, 24, 32, 96, 1280]
08:30:05 | INFO    | holoqpi.models.holonet | HoloQPINet built: 9.76M parameters, 9.76M trainable (100.0%)
08:30:07 | INFO    | holoqpi.engine.trainer | checkpoint best_model.pt: 446/446 tensors matched
08:30:07 | INFO    | holoqpi.data.dataset | test split: 113 samples | modality=off_axis | crop=None | augment=False
08:30:13 | INFO    | holoqpi.models.encoders | encoder=mobilenet_v2 in_channels=1 pretrained=True stages=[16, 24, 32, 96, 1280]
08:30:13 | INFO    | holoqpi.models.holonet | HoloQPINet built: 9.76M parameters, 9.76M trainable (100.0%)
08:30:14 | INFO    | holoqpi.engine.trainer | checkpoint best_model.pt: 446/446 tensors matched
08:30:14 | INFO    | holoqpi.data.dataset | test split: 113 samples | modality=gabor | crop=None | augment=False

=== off_axis  (113 images) ===
  mass ratio  pred/ref        +0.8275   (-17.2% mass error)
    from the DOMAIN (boundary) +0.8906   (-10.9%)
    from the PHASE  (recon)    +0.9291   (-7.1%)
    domain x phase             +0.8275   (equals the mass ratio by construction)
  median mass ratio            +0.8360   (outlier-resistant cross-check)
  predicted / reference area   +0.8846   (-11.5% area error)
  phase bias inside cells      -0.1970 rad
  phase bias in background     +0.0277 rad

  -> both contribute comparably; neither head alone explains the error.
  per-image detail -> runs/base_off_axis/bias_diagnosis_test.csv

=== gabor  (109 images) ===
  4 images excluded: non-positive phase integral
  mass ratio  pred/ref        +0.8439   (-15.6% mass error)
    from the DOMAIN (boundary) +0.8083   (-19.2%)
    from the PHASE  (recon)    +1.0440   (+4.4%)
    domain x phase             +0.8439   (equals the mass ratio by construction)
  median mass ratio            +0.8495   (outlier-resistant cross-check)
  predicted / reference area   +0.8621   (-13.8% area error)
  phase bias inside cells      -0.1984 rad
  phase bias in background     +0.0241 rad

  -> the BOUNDARY dominates. Work on the segmentation side: raise
     loss.weights.projected_area_consistency or boundary_gradient_alignment.
  per-image detail -> runs/base_gabor/bias_diagnosis_test.csv
