05:30:58 | INFO    | holoqpi.models.encoders | encoder=mobilenet_v2 in_channels=1 pretrained=True stages=[16, 24, 32, 96, 1280]
05:30:58 | INFO    | holoqpi.models.holonet | HoloQPINet built: 9.76M parameters, 9.76M trainable (100.0%)
05:30:59 | INFO    | holoqpi.engine.trainer | checkpoint best_model.pt: 446/446 tensors matched
05:30:59 | INFO    | holoqpi.data.dataset | test split: 113 samples | modality=off_axis | crop=None | augment=False
05:31:06 | INFO    | holoqpi.models.encoders | encoder=mobilenet_v2 in_channels=1 pretrained=True stages=[16, 24, 32, 96, 1280]
05:31:06 | INFO    | holoqpi.models.holonet | HoloQPINet built: 9.76M parameters, 9.76M trainable (100.0%)
05:31:06 | INFO    | holoqpi.engine.trainer | checkpoint best_model.pt: 446/446 tensors matched
05:31:06 | INFO    | holoqpi.data.dataset | test split: 113 samples | modality=gabor | crop=None | augment=False

=== off_axis  (113 images) ===
  mass ratio  pred/ref        +0.8584   (-14.2% mass error)
    from the DOMAIN (boundary) +0.8924   (-10.8%)
    from the PHASE  (recon)    +0.9618   (-3.8%)
    domain x phase             +0.8584   (equals the mass ratio by construction)
  median mass ratio            +0.8612   (outlier-resistant cross-check)
  predicted / reference area   +0.8952   (-10.5% area error)
  phase bias inside cells      -0.1752 rad
  phase bias in background     +0.0183 rad

  -> the BOUNDARY dominates. Work on the segmentation side: raise
     loss.weights.projected_area_consistency or boundary_gradient_alignment.
  per-image detail -> runs/base_off_axis/bias_diagnosis_test.csv

=== gabor  (110 images) ===
  3 images excluded: non-positive phase integral
  mass ratio  pred/ref        +0.8491   (-15.1% mass error)
    from the DOMAIN (boundary) +0.7891   (-21.1%)
    from the PHASE  (recon)    +1.0760   (+7.6%)
    domain x phase             +0.8491   (equals the mass ratio by construction)
  median mass ratio            +0.8560   (outlier-resistant cross-check)
  predicted / reference area   +0.8872   (-11.3% area error)
  phase bias inside cells      -0.1980 rad
  phase bias in background     +0.0134 rad

  -> the BOUNDARY dominates. Work on the segmentation side: raise
     loss.weights.projected_area_consistency or boundary_gradient_alignment.
  per-image detail -> runs/base_gabor/bias_diagnosis_test.csv
