05:33:16 | INFO    | __main__ | --- figure 01 (qualitative_panel, ESSENTIAL) ---
05:33:19 | INFO    | holoqpi.models.encoders | encoder=mobilenet_v2 in_channels=1 pretrained=True stages=[16, 24, 32, 96, 1280]
05:33:19 | INFO    | holoqpi.models.holonet | HoloQPINet built: 9.76M parameters, 9.76M trainable (100.0%)
05:33:20 | INFO    | holoqpi.engine.trainer | checkpoint best_model.pt: 446/446 tensors matched
05:33:20 | INFO    | holoqpi.data.dataset | test split: 113 samples | modality=off_axis | crop=None | augment=False
05:33:23 | INFO    | holoqpi.models.encoders | encoder=mobilenet_v2 in_channels=1 pretrained=True stages=[16, 24, 32, 96, 1280]
05:33:24 | INFO    | holoqpi.models.holonet | HoloQPINet built: 9.76M parameters, 9.76M trainable (100.0%)
05:33:24 | INFO    | holoqpi.engine.trainer | checkpoint best_model.pt: 446/446 tensors matched
05:33:24 | INFO    | holoqpi.data.dataset | test split: 113 samples | modality=gabor | crop=None | augment=False
05:33:30 | INFO    | __main__ | wrote figures/fig01_qualitative_panel.png / .pdf
05:33:30 | INFO    | __main__ | --- figure 02 (bland_altman, ESSENTIAL) ---
05:33:31 | INFO    | __main__ | wrote figures/fig02_bland_altman.png / .pdf
05:33:31 | INFO    | __main__ | --- figure 03 (error_decomposition, ESSENTIAL) ---
05:33:32 | INFO    | __main__ | wrote figures/fig03_error_decomposition.png / .pdf
05:33:32 | INFO    | __main__ | --- figure 04 (detection_gap, ESSENTIAL) ---
05:33:33 | INFO    | __main__ | wrote figures/fig04_detection_gap.png / .pdf
05:33:33 | INFO    | __main__ | --- figure 05 (modality_comparison, ESSENTIAL) ---
05:33:34 | INFO    | __main__ | wrote figures/fig05_modality_comparison.png / .pdf
05:33:34 | INFO    | __main__ | --- figure 06 (loss_composition, ESSENTIAL) ---
05:33:36 | INFO    | __main__ | wrote figures/fig06_loss_composition.png / .pdf
05:33:36 | INFO    | __main__ | --- figure 07 (ablation_deltas, ESSENTIAL) ---
05:33:37 | INFO    | __main__ | wrote figures/fig07_ablation_deltas.png / .pdf
05:33:37 | INFO    | __main__ | --- figure 08 (efficiency_tradeoff, ESSENTIAL) ---
05:33:38 | INFO    | __main__ | wrote figures/fig08_efficiency_tradeoff.png / .pdf
05:33:38 | INFO    | __main__ | --- figure 09 (phase_error_structure, OPTIONAL) ---
05:33:38 | INFO    | holoqpi.models.encoders | encoder=mobilenet_v2 in_channels=1 pretrained=True stages=[16, 24, 32, 96, 1280]
05:33:38 | INFO    | holoqpi.models.holonet | HoloQPINet built: 9.76M parameters, 9.76M trainable (100.0%)
05:33:38 | INFO    | holoqpi.engine.trainer | checkpoint best_model.pt: 446/446 tensors matched
05:33:38 | INFO    | holoqpi.data.dataset | test split: 113 samples | modality=off_axis | crop=None | augment=False
05:33:39 | INFO    | holoqpi.models.encoders | encoder=mobilenet_v2 in_channels=1 pretrained=True stages=[16, 24, 32, 96, 1280]
05:33:39 | INFO    | holoqpi.models.holonet | HoloQPINet built: 9.76M parameters, 9.76M trainable (100.0%)
05:33:39 | INFO    | holoqpi.engine.trainer | checkpoint best_model.pt: 446/446 tensors matched
05:33:39 | INFO    | holoqpi.data.dataset | test split: 113 samples | modality=gabor | crop=None | augment=False
05:33:41 | INFO    | __main__ | wrote figures/fig09_phase_error_structure.png / .pdf
05:33:41 | INFO    | __main__ | --- figure 10 (label_audit, IMPORTANT) ---
05:33:42 | INFO    | __main__ | wrote figures/fig10_label_audit.png / .pdf
05:33:42 | INFO    | __main__ | --- figure 11 (confusion_matrices, IMPORTANT) ---
05:33:43 | INFO    | __main__ | wrote figures/fig11_confusion_matrices.png / .pdf
05:33:43 | INFO    | __main__ | --- figure 12 (convergence, IMPORTANT) ---
05:34:04 | INFO    | __main__ | wrote figures/fig12_convergence.png / .pdf

figures written to /sda/usama/QPI_Extended/figures
  fig01_qualitative_panel.png
  fig02_bland_altman.png
  fig03_error_decomposition.png
  fig04_detection_gap.png
  fig05_modality_comparison.png
  fig06_loss_composition.png
  fig07_ablation_deltas.png
  fig08_efficiency_tradeoff.png
  fig09_phase_error_structure.png
  fig10_label_audit.png
  fig11_confusion_matrices.png
  fig12_convergence.png
