06:48:48 | INFO    | __main__ | writing amplitude references for 800 fields to data/amplitude_reference
06:49:13 | INFO    | __main__ |   50/800
06:49:37 | INFO    | __main__ |   100/800
06:50:01 | INFO    | __main__ |   150/800
06:50:26 | INFO    | __main__ |   200/800
06:50:50 | INFO    | __main__ |   250/800
06:51:15 | INFO    | __main__ |   300/800
06:51:39 | INFO    | __main__ |   350/800
06:52:03 | INFO    | __main__ |   400/800
06:52:28 | INFO    | __main__ |   450/800
06:52:52 | INFO    | __main__ |   500/800
06:53:17 | INFO    | __main__ |   550/800
06:53:42 | INFO    | __main__ |   600/800
06:54:07 | INFO    | __main__ |   650/800
06:54:31 | INFO    | __main__ |   700/800
06:54:56 | INFO    | __main__ |   750/800
06:55:21 | INFO    | __main__ |   800/800

=== amplitude reference ===
  fields written        800 / 800   (0 already present)
  background from mask  800 / 800 fields
  background median     median 1.0055   min 0.9885   max 1.0456
  1st percentile        median 0.5617   min 0.3604
  clipped above 1.50    median 0.323%   max 10.127%

  -> the reference behaves like a transmittance: background at 1 and
     little ringing. Set data.provide_amplitude: true and
     loss.weights.amplitude > 0 to use it -- as a regulariser towards a
     plausible modulus, NOT as a fidelity term against a truth.

  arrays -> data/amplitude_reference/<stem>_amp.npy
  per-field statistics -> runs/amplitude_reference.csv

  REMINDER: this is a classical reconstruction, not a measurement. Report it as a reference.
